Archive member included to satisfy reference by file (symbol)

C:/devkitPro/libnds/lib\libfat.a(fat_wrappers.o)
                              template.o (fatInitDefault)
C:/devkitPro/libnds/lib\libfat.a(dvm_calico.o)
                              C:/devkitPro/libnds/lib\libfat.a(fat_wrappers.o) (dvmInit)
C:/devkitPro/libnds/lib\libfat.a(dvm_disc.o)
                              C:/devkitPro/libnds/lib\libfat.a(fat_wrappers.o) (dvmDiscCreate)
C:/devkitPro/libnds/lib\libfat.a(dvm_cache.o)
                              C:/devkitPro/libnds/lib\libfat.a(fat_wrappers.o) (dvmDiscCacheCreate)
C:/devkitPro/libnds/lib\libfat.a(dvm_volume.o)
                              C:/devkitPro/libnds/lib\libfat.a(fat_wrappers.o) (dvmMountVolume)
C:/devkitPro/libnds/lib\libfat.a(dvm_prober.o)
                              C:/devkitPro/libnds/lib\libfat.a(dvm_calico.o) (dvmProbeMountDisc)
C:/devkitPro/libnds/lib\libfat.a(fat_driver.o)
                              C:/devkitPro/libnds/lib\libfat.a(dvm_volume.o) (g_vfatFsDriver)
C:/devkitPro/libnds/lib\libfat.a(ff.o)
                              C:/devkitPro/libnds/lib\libfat.a(fat_driver.o) (f_mount)
C:/devkitPro/libnds/lib\libfat.a(ffunicode.o)
                              C:/devkitPro/libnds/lib\libfat.a(ff.o) (ff_uni2oem)
C:/devkitPro/libnds/lib\libnds9.a(background.o)
                              template.o (bgInit_call)
C:/devkitPro/libnds/lib\libnds9.a(console.o)
                              template.o (consoleDemoInit)
C:/devkitPro/libnds/lib\libnds9.a(decompress.o)
                              template.o (decompress)
C:/devkitPro/libnds/lib\libnds9.a(keys.o)
                              template.o (scanKeys)
C:/devkitPro/libnds/lib\libnds9.a(trig.o)
                              C:/devkitPro/libnds/lib\libnds9.a(background.o) (sinLerp)
C:/devkitPro/libnds/lib\libnds9.a(default_font.bin.o)
                              C:/devkitPro/libnds/lib\libnds9.a(console.o) (default_font_bin)
C:/devkitPro/calico/lib\libcalico_ds9.a(thread_cold.o)
                              template.o (threadIrqWait)
C:/devkitPro/calico/lib\libcalico_ds9.a(thread_hot.32.o)
                              C:/devkitPro/calico/lib\libcalico_ds9.a(thread_cold.o) (__sched_state)
C:/devkitPro/calico/lib\libcalico_ds9.a(newlib_syscalls.o)
                              C:/devkitPro/libnds/lib\libfat.a(fat_driver.o) (__errno)
C:/devkitPro/calico/lib\libcalico_ds9.a(arm-copy-fill.32.o)
                              C:/devkitPro/libnds/lib\libfat.a(dvm_calico.o) (armCopyMem32)
C:/devkitPro/calico/lib\libcalico_ds9.a(arm-context.32.o)
                              C:/devkitPro/calico/lib\libcalico_ds9.a(thread_cold.o) (armContextSave)
C:/devkitPro/calico/lib\libcalico_ds9.a(arm-shims.32.o)
                              C:/devkitPro/calico/lib\libcalico_ds9.a(thread_cold.o) (armWaitForIrq)
C:/devkitPro/calico/lib\libcalico_ds9.a(startup.crt0.o)
                              C:/devkitPro/libnds/lib\libfat.a(dvm_calico.o) (g_isTwlMode)
C:/devkitPro/calico/lib\libcalico_ds9.a(utils.crt0.o)
                              C:/devkitPro/calico/lib\libcalico_ds9.a(startup.crt0.o) (crt0CopyMem32)
C:/devkitPro/calico/lib\libcalico_ds9.a(bios.o)
                              C:/devkitPro/libnds/lib\libnds9.a(decompress.o) (svcLZ77UncompWram)
C:/devkitPro/calico/lib\libcalico_ds9.a(pxi.o)
                              C:/devkitPro/calico/lib\libcalico_ds9.a(startup.crt0.o) (_pxiInit)
C:/devkitPro/calico/lib\libcalico_ds9.a(keypad.o)
                              C:/devkitPro/libnds/lib\libnds9.a(keys.o) (keypadGetState)
C:/devkitPro/calico/lib\libcalico_ds9.a(pm.o)
                              template.o (pmMainLoop)
C:/devkitPro/calico/lib\libcalico_ds9.a(bootstub_arm9.o)
                              (__ds9_bootstub)
C:/devkitPro/calico/lib\libcalico_ds9.a(mpu_setup.crt0.o)
                              C:/devkitPro/calico/lib\libcalico_ds9.a(startup.crt0.o) (crt0SetupMPU)
C:/devkitPro/calico/lib\libcalico_ds9.a(sys_startup.o)
                              C:/devkitPro/calico/lib\libcalico_ds9.a(startup.crt0.o) (systemStartup)
C:/devkitPro/calico/lib\libcalico_ds9.a(excpt_handler.32.o)
                              C:/devkitPro/calico/lib\libcalico_ds9.a(bootstub_arm9.o) (__arm_excpt_rst)
C:/devkitPro/calico/lib\libcalico_ds9.a(touch.o)
                              template.o (touchRead)
C:/devkitPro/calico/lib\libcalico_ds9.a(blk.o)
                              C:/devkitPro/libnds/lib\libfat.a(dvm_calico.o) (blkInit)
C:/devkitPro/calico/lib\libcalico_ds9.a(irq.o)
                              C:/devkitPro/calico/lib\libcalico_ds9.a(pxi.o) (irqSet)
C:/devkitPro/calico/lib\libcalico_ds9.a(tick.o)
                              C:/devkitPro/calico/lib\libcalico_ds9.a(thread_cold.o) (tickTaskStart)
C:/devkitPro/calico/lib\libcalico_ds9.a(mutex.o)
                              C:/devkitPro/calico/lib\libcalico_ds9.a(newlib_syscalls.o) (mutexLock)
C:/devkitPro/calico/lib\libcalico_ds9.a(mailbox.o)
[...]
Memory Configuration

Name             Origin             Length             Attributes
lma9             0x02004000         0x0027c000
lma9i            0x02400000         0x00280000
vectors          0x00000000         0x00000020
itcm             0x01ff8020         0x00007fe0
main             0x02001000         0x00f7f000
dtcm             0x02ff0000         0x00003e80
dldi             0x0380b000         0x00004000
stub             0x0e000000         0x00004000
tls              0x00000000         0x00000400
*default*        0x00000000         0xffffffff

Linker script and memory map

                0x00000000                        __sync_synchronize = __sync_synchronize_none
LOAD C:/devkitPro/devkitARM/bin/../lib/gcc/arm-none-eabi/15.1.0/thumb/crti.o
LOAD C:/devkitPro/devkitARM/bin/../lib/gcc/arm-none-eabi/15.1.0/thumb/crtbegin.o
LOAD drunkenlogo.o
LOAD template.o
LOAD C:/devkitPro/libnds/lib\libfat.a
LOAD C:/devkitPro/libnds/lib\libnds9.a
LOAD C:/devkitPro/calico/lib\libcalico_ds9.a
LOAD C:/devkitPro/devkitARM/bin/../lib/gcc/arm-none-eabi/15.1.0/../../../../arm-none-eabi/lib/thumb\libstdc++.a
LOAD C:/devkitPro/devkitARM/bin/../lib/gcc/arm-none-eabi/15.1.0/../../../../arm-none-eabi/lib/thumb\libm.a
START GROUP
LOAD C:/devkitPro/devkitARM/bin/../lib/gcc/arm-none-eabi/15.1.0/thumb\libgcc.a
LOAD C:/devkitPro/devkitARM/bin/../lib/gcc/arm-none-eabi/15.1.0/../../../../arm-none-eabi/lib/thumb\libg.a
LOAD C:/devkitPro/devkitARM/bin/../lib/gcc/arm-none-eabi/15.1.0/../../../../arm-none-eabi/lib/thumb\libc.a
LOAD C:/devkitPro/devkitARM/bin/../lib/gcc/arm-none-eabi/15.1.0/../../../../arm-none-eabi/lib/thumb\libsysbase.a
END GROUP
LOAD C:/devkitPro/devkitARM/bin/../lib/gcc/arm-none-eabi/15.1.0/thumb/crtend.o
LOAD C:/devkitPro/devkitARM/bin/../lib/gcc/arm-none-eabi/15.1.0/thumb/crtn.o
                0x02ff3e80                        PROVIDE (__sp_usr = (ORIGIN (dtcm) + LENGTH (dtcm)))
                0x02ff3f80                        PROVIDE (__sp_irq = (__sp_usr + 0x100))
                0x02ff3fc0                        PROVIDE (__sp_svc = (__sp_irq + 0x40))
                0x02ff3ff8                        PROVIDE (__irq_flags = (__sp_svc + 0x38))
                [!provide]                        PROVIDE (__irq_vector = (__sp_svc + 0x3c))
                [!provide]                        PROVIDE (__arm_excpt_rst = 0xffff0000)
                [!provide]                        PROVIDE (__arm_excpt_und = 0xffff0004)
                0xffff0008                        PROVIDE (__arm_excpt_svc = 0xffff0008)
                [!provide]                        PROVIDE (__arm_excpt_pabt = 0xffff000c)
                [!provide]                        PROVIDE (__arm_excpt_dabt = 0xffff0010)
                [!provide]                        PROVIDE (__arm_excpt_irq = 0xffff0018)
                [!provide]                        PROVIDE (__arm_excpt_fiq = 0xffff001c)
                0x00000000                        PROVIDE (__end__ = 0x0)

.secure         0x0e000000      0x800 load address 0x02004000
                0x0e0007fc                        . = (. + 0x7fc)
 *fill*         0x0e000000      0x7fc 00000000
                0x0e0007fc        0x4 LONG 0x0

.bootstub       0x0e000800      0x198 load address 0x02004800
 *(.bootstub .bootstub.*)
 .bootstub.__ds9_bootstub
                0x0e000800      0x198 C:/devkitPro/calico/lib\libcalico_ds9.a(bootstub_arm9.o)
                0x0e000800                __ds9_bootstub
                0x0e000998                        . = ALIGN (0x4)

.crt0           0x02001000      0x3c0 load address 0x02004998
 *(.crt0 .crt0.*)
 .crt0.__ds9_bootstub_trampoline
                0x02001000       0x60 C:/devkitPro/calico/lib\libcalico_ds9.a(bootstub_arm9.o)
 *.crt0.*(.text .stub .text.* .gnu.linkonce.t.*)
 .text.crt0ProcessLoadList
                0x02001060       0x74 C:/devkitPro/calico/lib\libcalico_ds9.a(startup.crt0.o)
                0x02001060                crt0ProcessLoadList
 .text.crt0Startup
                0x020010d4      0x180 C:/devkitPro/calico/lib\libcalico_ds9.a(startup.crt0.o)
                0x020010d4                crt0Startup
 .text.crt0CopyMem32
                0x02001254       0x4c C:/devkitPro/calico/lib\libcalico_ds9.a(utils.crt0.o)
                0x02001254                crt0CopyMem32
 .text.crt0FillMem32
                0x020012a0       0x58 C:/devkitPro/calico/lib\libcalico_ds9.a(utils.crt0.o)
                0x020012a0                crt0FillMem32
 .text.crt0SetupMPU
                0x020012f8       0xb4 C:/devkitPro/calico/lib\libcalico_ds9.a(mpu_setup.crt0.o)
                0x020012f8                crt0SetupMPU
 *.crt0.*(.glue_7t .glue_7 .vfp11_veneer .v4_bx)
 *.crt0.*(.rodata .rodata.* .gnu.linkonce.r.*)
 *.crt0.*(.rodata1)
                0x020013c0                        . = ALIGN (0x20)
 *fill*         0x020013ac       0x14 ff
                0x02004998                        PROVIDE (__crt0_lma = LOADADDR (.crt0))
                0x02001000                        PROVIDE (__crt0_start = ADDR (.crt0))
                0x020013c0                        PROVIDE (__crt0_end = (ADDR (.crt0) + SIZEOF (.crt0)))
                0x00000001                        ASSERT (((__crt0_end <= LOADADDR (.bootstub)) || (__crt0_start >= (LOADADDR (.bootstub) + SIZEOF (.bootstub)))), Error: crt0 section overlaps initial bootstrap)

.dldi           0x0380b000     0x4000 load address 0x02004d58
 *(.dldi)
 .dldi          0x0380b000     0x4000 C:/devkitPro/calico/lib\libcalico_ds9.a(dldi_stub.o)
                0x0380b000                __dldi_start
                0x02004d58                        PROVIDE (__dldi_lma = SIZEOF (.dldi)?LOADADDR (.dldi):0x0)

.vectors        0x00000000       0x20 load address 0x02008d58
 *(.vectors)
 .vectors       0x00000000       0x20 C:/devkitPro/calico/lib\libcalico_ds9.a(bootstub_arm9.o)

.itcm           0x01ff8020      0x700 load address 0x02008d78
 *(.itcm .itcm.*)
 .itcm          0x01ff8020       0x30 C:/devkitPro/calico/lib\libcalico_ds9.a(bootstub_arm9.o)
                0x01ff8038                __excpt_vectors
 *.itcm.*(.text .stub .text.* .gnu.linkonce.t.*)
 *.32.o(.text .stub .text.* .gnu.linkonce.t.*)
 .text.threadReschedule
                0x01ff8050       0x88 C:/devkitPro/calico/lib\libcalico_ds9.a(thread_hot.32.o)
 .text.threadBlock
                0x01ff80d8       0xd8 C:/devkitPro/calico/lib\libcalico_ds9.a(thread_hot.32.o)
                0x01ff80d8                threadBlock
 .text.threadUnblockOneByValue
                0x01ff81b0       0xc0 C:/devkitPro/calico/lib\libcalico_ds9.a(thread_hot.32.o)
                0x01ff81b0                threadUnblockOneByValue
 .text.threadUnblockAllByValue
                0x01ff8270      0x130 C:/devkitPro/calico/lib\libcalico_ds9.a(thread_hot.32.o)
                0x01ff8270                threadUnblockAllByValue
 .text.threadUnblockAllByMask
                0x01ff83a0      0x134 C:/devkitPro/calico/lib\libcalico_ds9.a(thread_hot.32.o)
                0x01ff83a0                threadUnblockAllByMask
 .text.armCopyMem32
                0x01ff84d4       0x4c C:/devkitPro/calico/lib\libcalico_ds9.a(arm-copy-fill.32.o)
                0x01ff84d4                armCopyMem32
 .text.armContextSave
                0x01ff8520       0x2c C:/devkitPro/calico/lib\libcalico_ds9.a(arm-context.32.o)
                0x01ff8520                armContextSave
 .text.armContextLoad
                0x01ff854c       0x20 C:/devkitPro/calico/lib\libcalico_ds9.a(arm-context.32.o)
                0x01ff854c                armContextLoad
                0x01ff8550                armContextLoadFromSvc
 .text.armWaitForIrq
                0x01ff856c        0x8 C:/devkitPro/calico/lib\libcalico_ds9.a(arm-shims.32.o)
                0x01ff856c                armWaitForIrq
 .text.__excpt_entry
                0x01ff8574       0x50 C:/devkitPro/calico/lib\libcalico_ds9.a(excpt_handler.32.o)
                0x01ff8574                __arm_excpt_rst
                0x01ff8578                __arm_excpt_pabt
                0x01ff857c                __arm_excpt_und
                0x01ff8588                __arm_excpt_dabt
 .text.armDrainWriteBuffer
                0x01ff85c4        0xc C:/devkitPro/calico/lib\libcalico_ds9.a(arm-cache.32.o)
                0x01ff85c4                armDrainWriteBuffer
 .text.armDCacheFlushAll
                0x01ff85d0       0x28 C:/devkitPro/calico/lib\libcalico_ds9.a(arm-cache.32.o)
                0x01ff85d0                armDCacheFlushAll
 .text.armDCacheFlush
                0x01ff85f8       0x1c C:/devkitPro/calico/lib\libcalico_ds9.a(arm-cache.32.o)
                0x01ff85f8                armDCacheFlush
 .text.armDCacheInvalidate
                0x01ff8614       0x1c C:/devkitPro/calico/lib\libcalico_ds9.a(arm-cache.32.o)
                0x01ff8614                armDCacheInvalidate
 .text.armICacheInvalidateAll
                0x01ff8630        0xc C:/devkitPro/calico/lib\libcalico_ds9.a(arm-cache.32.o)
                0x01ff8630                armICacheInvalidateAll
 .text.__arm_excpt_irq
                0x01ff863c       0xe4 C:/devkitPro/calico/lib\libcalico_ds9.a(irq_handler.32.o)
                0x01ff863c                __arm_excpt_irq
 *.itcm.*(.glue_7t .glue_7 .vfp11_veneer .v4_bx)
 *.32.o(.glue_7t .glue_7 .vfp11_veneer .v4_bx)
 *.itcm.*(.rodata .rodata.* .gnu.linkonce.r.*)
 *.32.o(.rodata .rodata.* .gnu.linkonce.r.*)
 *.itcm.*(.rodata1)
 *.32.o(.rodata1)
                0x01ff8720                        . = ALIGN (0x4)
                0x02008d58                        PROVIDE (__itcm_lma = LOADADDR (.vectors))
                0x01ff8000                        PROVIDE (__itcm_start = (ADDR (.itcm) - SIZEOF (.vectors)))
                0x01ff8720                        PROVIDE (__itcm_end = (ADDR (.itcm) + SIZEOF (.itcm)))
                0x00000001                        ASSERT (((__itcm_lma + SIZEOF (.vectors)) == LOADADDR (.itcm)), Error: gap between vectors and itcm)

.dtcm           0x02ff0000        0x0 load address 0x02009478
 *(.dtcm .dtcm.*)
 *.32.o(.data .data.* .gnu.linkonce.d.*)
 *.32.o(.data1)
                0x02ff0000                        . = ALIGN (0x4)
                [!provide]                        PROVIDE (__dtcm_lma = LOADADDR (.dtcm))
                0x02ff0000                        PROVIDE (__dtcm_start = ADDR (.dtcm))
                0x02ff0000                        PROVIDE (__dtcm_end = (ADDR (.dtcm) + SIZEOF (.dtcm)))

.dtcm.bss       0x02ff0000       0x98 load address 0x02009478
 *(.sbss .sbss.*)
 *.32.o(.dynbss)
 *.32.o(.bss .bss.* .gnu.linkonce.b.*)
 .bss.__irq_table
                0x02ff0000       0x80 C:/devkitPro/calico/lib\libcalico_ds9.a(thread_hot.32.o)
                0x02ff0000                __irq_table
 .bss.__sched_state
                0x02ff0080       0x18 C:/devkitPro/calico/lib\libcalico_ds9.a(thread_hot.32.o)
                0x02ff0080                __sched_state
 *.32.o(COMMON)
                0x02ff0098                        . = ALIGN (0x4)
                [!provide]                        PROVIDE (__dtcm_bss_start = ADDR (.dtcm.bss))
                0x02ff0098                        PROVIDE (__dtcm_bss_end = (ADDR (.dtcm.bss) + SIZEOF (.dtcm.bss)))

.main           0x020013c0    0x1a2f4 load address 0x02009478
 *(SORT_NONE(.init))
 .init          0x020013c0        0x4 C:/devkitPro/devkitARM/bin/../lib/gcc/arm-none-eabi/15.1.0/thumb/crti.o
                0x020013c0                _init
 .init          0x020013c4        0x8 C:/devkitPro/devkitARM/bin/../lib/gcc/arm-none-eabi/15.1.0/thumb/crtn.o
 EXCLUDE_FILE(*.twl.*) *(.text.unlikely .text.*_unlikely .text.unlikely.*)
 EXCLUDE_FILE(*.twl.*) *(.text.exit .text.exit.*)
 .text.exit     0x020013cc       0x24 C:/devkitPro/devkitARM/bin/../lib/gcc/arm-none-eabi/15.1.0/../../../../arm-none-eabi/lib/thumb\libg.a(libc_a-exit.o)
                0x020013cc                exit
 EXCLUDE_FILE(*.twl.*) *(.text.startup .text.startup.*)
 .text.startup.main
                0x020013f0      0x580 template.o
                0x020013f0                main
 EXCLUDE_FILE(*.twl.*) *(.text.hot .text.hot.*)
 EXCLUDE_FILE(*.twl.*) *(.text .iplt .stub .text.* .gnu.linkonce.t.*)
 .text.__do_global_dtors_aux
                0x02001970       0x2c C:/devkitPro/devkitARM/bin/../lib/gcc/arm-none-eabi/15.1.0/thumb/crtbegin.o
 .text.frame_dummy
                0x0200199c       0x24 C:/devkitPro/devkitARM/bin/../lib/gcc/arm-none-eabi/15.1.0/thumb/crtbegin.o
 .iplt          0x020019c0        0x0 C:/devkitPro/devkitARM/bin/../lib/gcc/arm-none-eabi/15.1.0/thumb/crtbegin.o
 .text.bgInitSub.constprop.0.isra.0
                0x020019c0       0x1c template.o
 .text._Z13drawRectangleiiiit
                0x020019dc       0x44 template.o
                0x020019dc                drawRectangle(int, int, int, int, unsigned short)
 .text._Z19drawRectangleHollowiiiit
                0x02001a20       0x98 template.o
                0x02001a20                drawRectangleHollow(int, int, int, int, unsigned short)
 .text._Z9updatePaliPi
                0x02001ab8      0x260 template.o
                0x02001ab8                updatePal(int, int*)
 .text._Z15drawSurfaceMainiii
                0x02001d18       0x98 template.o
                0x02001d18                drawSurfaceMain(int, int, int)
 .text._Z17drawSurfaceBottomii
                0x02001db0      0x1d4 template.o
                0x02001db0                drawSurfaceBottom(int, int)
 .text._Z14clearTopBitmapv
                0x02001f84       0xac template.o
                0x02001f84                clearTopBitmap()
 .text._Z19getActionsFromTouchi
                0x02002030       0xa0 template.o
                0x02002030                getActionsFromTouch(int)
 .text._Z12applyActionsi
                0x020020d0       0x9c template.o
                0x020020d0                applyActions(int)
 .text._Z9applyTooliib
                0x0200216c      0x30c template.o
                0x0200216c                applyTool(int, int, bool)
 .text.fatInitDefault
                0x02002478       0x20 C:/devkitPro/libnds/lib\libfat.a(fat_wrappers.o)
                0x02002478                fatInitDefault
 .text._dvmDiscCalicoDummy
                0x02002498        0x4 C:/devkitPro/libnds/lib\libfat.a(dvm_calico.o)
 .text._dvmDiscCalicoWriteSectors
                0x0200249c        0x8 C:/devkitPro/libnds/lib\libfat.a(dvm_calico.o)
 .text._dvmDiscCalicoReadSectors
                0x020024a4        0x8 C:/devkitPro/libnds/lib\libfat.a(dvm_calico.o)
 .text._dvmIsAlignedAccess
                0x020024ac       0x30 C:/devkitPro/libnds/lib\libfat.a(dvm_calico.o)
                0x020024ac                _dvmIsAlignedAccess
 .text._dvmCacheCopy
                0x020024dc       0x14 C:/devkitPro/libnds/lib\libfat.a(dvm_calico.o)
                0x020024dc                _dvmCacheCopy
 .text.dvmInit  0x020024f0      0x268 C:/devkitPro/libnds/lib\libfat.a(dvm_calico.o)
                0x020024f0                dvmInit
 .text.dvmDiscAddUser
                0x02002758       0x10 C:/devkitPro/libnds/lib\libfat.a(dvm_disc.o)
                0x02002758                dvmDiscAddUser
 .text.dvmDiscRemoveUser
                0x02002768       0x28 C:/devkitPro/libnds/lib\libfat.a(dvm_disc.o)
                0x02002768                dvmDiscRemoveUser
 .text._dvmDiscCacheReadWrite
                0x02002790      0x3ec C:/devkitPro/libnds/lib\libfat.a(dvm_cache.o)
 .text._dvmDiscCacheWriteSectors
                0x02002b7c       0x58 C:/devkitPro/libnds/lib\libfat.a(dvm_cache.o)
 .text._dvmDiscCacheReadSectors
                0x02002bd4       0x58 C:/devkitPro/libnds/lib\libfat.a(dvm_cache.o)
 .text._dvmDiscCacheFlush
                0x02002c2c       0xac C:/devkitPro/libnds/lib\libfat.a(dvm_cache.o)
 .text._dvmDiscCacheDestroy
                0x02002cd8       0x28 C:/devkitPro/libnds/lib\libfat.a(dvm_cache.o)
 .text.dvmDiscCacheCreate
                0x02002d00      0x1a0 C:/devkitPro/libnds/lib\libfat.a(dvm_cache.o)
                0x02002d00                dvmDiscCacheCreate
 .text.dvmMountVolume
                0x02002ea0      0x188 C:/devkitPro/libnds/lib\libfat.a(dvm_volume.o)
                0x02002ea0                dvmMountVolume
 .text._dvmSetAppWorkingDir
                0x02003028       0x74 C:/devkitPro/libnds/lib\libfat.a(dvm_volume.o)
                0x02003028                _dvmSetAppWorkingDir
 .text._dvmIdentMbrVbr
                0x0200309c      0x1d8 C:/devkitPro/libnds/lib\libfat.a(dvm_prober.o)
 .text._dvmReadPartitionTable
                0x02003274      0x204 C:/devkitPro/libnds/lib\libfat.a(dvm_prober.o)
 .text.dvmProbeMountDisc
                0x02003478       0xf0 C:/devkitPro/libnds/lib\libfat.a(dvm_prober.o)
                0x02003478                dvmProbeMountDisc
 .text._FAT_fstat_r
                0x02003568       0xac C:/devkitPro/libnds/lib\libfat.a(fat_driver.o)
 .text._FAT_umount
                0x02003614       0x1c C:/devkitPro/libnds/lib\libfat.a(fat_driver.o)
 .text._FAT_mount
                0x02003630       0x44 C:/devkitPro/libnds/lib\libfat.a(fat_driver.o)
 .text._FAT_seek_r
                0x02003674      0x13c C:/devkitPro/libnds/lib\libfat.a(fat_driver.o)
 .text._FAT_set_stat.isra.0
                0x020037b0      0x10c C:/devkitPro/libnds/lib\libfat.a(fat_driver.o)
 .text._FAT_mkdir_r
                0x020038bc       0x64 C:/devkitPro/libnds/lib\libfat.a(fat_driver.o)
 .text._FAT_chdir_r
                0x02003920       0x64 C:/devkitPro/libnds/lib\libfat.a(fat_driver.o)
 .text._FAT_unlink_r
                0x02003984       0x70 C:/devkitPro/libnds/lib\libfat.a(fat_driver.o)
 .text._FAT_rmdir_r
                0x020039f4       0x6c C:/devkitPro/libnds/lib\libfat.a(fat_driver.o)
 .text._FAT_diropen_r
                0x02003a60       0x7c C:/devkitPro/libnds/lib\libfat.a(fat_driver.o)
 .text._FAT_fsync_r
                0x02003adc       0x64 C:/devkitPro/libnds/lib\libfat.a(fat_driver.o)
 .text._FAT_close_r
                0x02003b40       0x64 C:/devkitPro/libnds/lib\libfat.a(fat_driver.o)
 .text._FAT_dirclose_r
                0x02003ba4       0x64 C:/devkitPro/libnds/lib\libfat.a(fat_driver.o)
 .text._FAT_dirreset_r
                0x02003c08       0x6c C:/devkitPro/libnds/lib\libfat.a(fat_driver.o)
 .text._FAT_rename_r
                0x02003c74       0x80 C:/devkitPro/libnds/lib\libfat.a(fat_driver.o)
 .text._FAT_stat_r
                0x02003cf4       0x98 C:/devkitPro/libnds/lib\libfat.a(fat_driver.o)
 .text._FAT_read_r
                0x02003d8c       0x7c C:/devkitPro/libnds/lib\libfat.a(fat_driver.o)
 .text._FAT_write_r
                0x02003e08       0x7c C:/devkitPro/libnds/lib\libfat.a(fat_driver.o)
 .text._FAT_statvfs_r
                0x02003e84       0xf0 C:/devkitPro/libnds/lib\libfat.a(fat_driver.o)
 .text._FAT_ftruncate_r
                0x02003f74      0x190 C:/devkitPro/libnds/lib\libfat.a(fat_driver.o)
 .text._FAT_dirnext_r
                0x02004104      0x124 C:/devkitPro/libnds/lib\libfat.a(fat_driver.o)
 .text._FAT_open_r
                0x02004228      0x124 C:/devkitPro/libnds/lib\libfat.a(fat_driver.o)
 .text.get_fattime
                0x0200434c       0x64 C:/devkitPro/libnds/lib\libfat.a(fat_driver.o)
                0x0200434c                get_fattime
 .text.ff_mutex_create
                0x020043b0       0x18 C:/devkitPro/libnds/lib\libfat.a(fat_driver.o)
                0x020043b0                ff_mutex_create
 .text.ff_mutex_delete
                0x020043c8        0x4 C:/devkitPro/libnds/lib\libfat.a(fat_driver.o)
                0x020043c8                ff_mutex_delete
 .text.ff_mutex_take
                0x020043cc       0x14 C:/devkitPro/libnds/lib\libfat.a(fat_driver.o)
                0x020043cc                ff_mutex_take
 .text.ff_mutex_give
                0x020043e0        0x8 C:/devkitPro/libnds/lib\libfat.a(fat_driver.o)
                0x020043e0                ff_mutex_give
 .text.disk_initialize
                0x020043e8       0x24 C:/devkitPro/libnds/lib\libfat.a(fat_driver.o)
                0x020043e8                disk_initialize
 .text.disk_status
                0x0200440c       0x24 C:/devkitPro/libnds/lib\libfat.a(fat_driver.o)
                0x0200440c                disk_status
 .text.disk_read
                0x02004430       0x2c C:/devkitPro/libnds/lib\libfat.a(fat_driver.o)
                0x02004430                disk_read
 .text.disk_write
                0x0200445c       0x2c C:/devkitPro/libnds/lib\libfat.a(fat_driver.o)
                0x0200445c                disk_write
 .text.disk_ioctl
                0x02004488       0x38 C:/devkitPro/libnds/lib\libfat.a(fat_driver.o)
                0x02004488                disk_ioctl
 .text.tchar2uni
                0x020044c0       0xfc C:/devkitPro/libnds/lib\libfat.a(ff.o)
 .text.sync_window
                0x020045bc       0x90 C:/devkitPro/libnds/lib\libfat.a(ff.o)
 .text.put_utf  0x0200464c      0x130 C:/devkitPro/libnds/lib\libfat.a(ff.o)
 .text.dir_clear
                0x0200477c       0x9c C:/devkitPro/libnds/lib\libfat.a(ff.o)
 .text.get_fileinfo
                0x02004818      0x28c C:/devkitPro/libnds/lib\libfat.a(ff.o)
 .text.sync_fs  0x02004aa4      0x180 C:/devkitPro/libnds/lib\libfat.a(ff.o)
 .text.move_window
                0x02004c24       0xc4 C:/devkitPro/libnds/lib\libfat.a(ff.o)
 .text.put_fat.part.0
                0x02004ce8      0x1dc C:/devkitPro/libnds/lib\libfat.a(ff.o)
 .text.get_fat.isra.0
                0x02004ec4      0x160 C:/devkitPro/libnds/lib\libfat.a(ff.o)
 .text.remove_chain
                0x02005024       0xf4 C:/devkitPro/libnds/lib\libfat.a(ff.o)
 .text.create_chain
                0x02005118      0x21c C:/devkitPro/libnds/lib\libfat.a(ff.o)
 .text.dir_next
                0x02005334      0x170 C:/devkitPro/libnds/lib\libfat.a(ff.o)
 .text.dir_read
                0x020054a4      0x248 C:/devkitPro/libnds/lib\libfat.a(ff.o)
 .text.dir_sdi  0x020056ec      0x128 C:/devkitPro/libnds/lib\libfat.a(ff.o)
 .text.dir_alloc
                0x02005814       0xcc C:/devkitPro/libnds/lib\libfat.a(ff.o)
 .text.dir_remove
                0x020058e0       0xc4 C:/devkitPro/libnds/lib\libfat.a(ff.o)
 .text.dir_find
                0x020059a4      0x2f8 C:/devkitPro/libnds/lib\libfat.a(ff.o)
 .text.follow_path
                0x02005c9c      0x588 C:/devkitPro/libnds/lib\libfat.a(ff.o)
 .text.dir_register
                0x02006224      0x3f0 C:/devkitPro/libnds/lib\libfat.a(ff.o)
 .text.check_fs
                0x02006614      0x1ec C:/devkitPro/libnds/lib\libfat.a(ff.o)
 .text.mount_volume.part.0
                0x02006800      0x504 C:/devkitPro/libnds/lib\libfat.a(ff.o)
 .text.validate
                0x02006d04       0xbc C:/devkitPro/libnds/lib\libfat.a(ff.o)
 .text.f_mount  0x02006dc0       0x6c C:/devkitPro/libnds/lib\libfat.a(ff.o)
                0x02006dc0                f_mount
 .text.f_umount
                0x02006e2c       0x38 C:/devkitPro/libnds/lib\libfat.a(ff.o)
                0x02006e2c                f_umount
 .text.f_open   0x02006e64      0x400 C:/devkitPro/libnds/lib\libfat.a(ff.o)
                0x02006e64                f_open
 .text.f_read   0x02007264      0x2a4 C:/devkitPro/libnds/lib\libfat.a(ff.o)
                0x02007264                f_read
 .text.f_write  0x02007508      0x350 C:/devkitPro/libnds/lib\libfat.a(ff.o)
                0x02007508                f_write
 .text.f_sync   0x02007858      0x1a0 C:/devkitPro/libnds/lib\libfat.a(ff.o)
                0x02007858                f_sync
 .text.f_close  0x020079f8       0x58 C:/devkitPro/libnds/lib\libfat.a(ff.o)
                0x020079f8                f_close
 .text.f_chdir  0x02007a50       0xf0 C:/devkitPro/libnds/lib\libfat.a(ff.o)
                0x02007a50                f_chdir
 .text.f_lseek  0x02007b40      0x298 C:/devkitPro/libnds/lib\libfat.a(ff.o)
                0x02007b40                f_lseek
 .text.f_opendir
                0x02007dd8      0x12c C:/devkitPro/libnds/lib\libfat.a(ff.o)
                0x02007dd8                f_opendir
 .text.f_closedir
                0x02007f04       0xb0 C:/devkitPro/libnds/lib\libfat.a(ff.o)
                0x02007f04                f_closedir
 .text.f_readdir
                0x02007fb4       0xd0 C:/devkitPro/libnds/lib\libfat.a(ff.o)
                0x02007fb4                f_readdir
 .text.f_stat   0x02008084      0x104 C:/devkitPro/libnds/lib\libfat.a(ff.o)
                0x02008084                f_stat
 .text.f_getfree
                0x02008188      0x184 C:/devkitPro/libnds/lib\libfat.a(ff.o)
                0x02008188                f_getfree
 .text.f_truncate
                0x0200830c      0x228 C:/devkitPro/libnds/lib\libfat.a(ff.o)
                0x0200830c                f_truncate
 .text.f_unlink
                0x02008534      0x1a4 C:/devkitPro/libnds/lib\libfat.a(ff.o)
                0x02008534                f_unlink
 .text.f_mkdir  0x020086d8      0x294 C:/devkitPro/libnds/lib\libfat.a(ff.o)
                0x020086d8                f_mkdir
 .text.f_rename
                0x0200896c      0x248 C:/devkitPro/libnds/lib\libfat.a(ff.o)
                0x0200896c                f_rename
 .text.ff_uni2oem
                0x02008bb4       0x78 C:/devkitPro/libnds/lib\libfat.a(ffunicode.o)
                0x02008bb4                ff_uni2oem
 .text.ff_oem2uni
                0x02008c2c       0x40 C:/devkitPro/libnds/lib\libfat.a(ffunicode.o)
                0x02008c2c                ff_oem2uni
 .text.ff_wtoupper
                0x02008c6c      0x128 C:/devkitPro/libnds/lib\libfat.a(ffunicode.o)
                0x02008c6c                ff_wtoupper
 .text.checkIfText
                0x02008d94       0x6c C:/devkitPro/libnds/lib\libnds9.a(background.o)
                0x02008d94                checkIfText
 .text.bgUpdate
                0x02008e00       0xe8 C:/devkitPro/libnds/lib\libnds9.a(background.o)
                0x02008e00                bgUpdate
 .text.bgInit_call
                0x02008ee8       0xa8 C:/devkitPro/libnds/lib\libnds9.a(background.o)
                0x02008ee8                bgInit_call
 .text.bgInitSub_call
                0x02008f90       0xb0 C:/devkitPro/libnds/lib\libnds9.a(background.o)
                0x02008f90                bgInitSub_call
 .text.newRow   0x02009040       0xe0 C:/devkitPro/libnds/lib\libnds9.a(console.o)
 .text.consolePrintChar
                0x02009120       0xe0 C:/devkitPro/libnds/lib\libnds9.a(console.o)
                0x02009120                consolePrintChar
 .text.con_write
                0x02009200      0x344 C:/devkitPro/libnds/lib\libnds9.a(console.o)
                0x02009200                con_write
 .text.consoleLoadFont
                0x02009544      0x2e8 C:/devkitPro/libnds/lib\libnds9.a(console.o)
                0x02009544                consoleLoadFont
 .text.consoleInit
                0x0200982c      0x170 C:/devkitPro/libnds/lib\libnds9.a(console.o)
                0x0200982c                consoleInit
 .text.consoleDemoInit
                0x0200999c       0x40 C:/devkitPro/libnds/lib\libnds9.a(console.o)
                0x0200999c                consoleDemoInit
 .text.getHeader
                0x020099dc        0x4 C:/devkitPro/libnds/lib\libnds9.a(decompress.o)
 .text.readByte
                0x020099e0        0x4 C:/devkitPro/libnds/lib\libnds9.a(decompress.o)
 .text.decompress
                0x020099e4       0x40 C:/devkitPro/libnds/lib\libnds9.a(decompress.o)
                0x020099e4                decompress
 .text.scanKeys
                0x02009a24       0x6c C:/devkitPro/libnds/lib\libnds9.a(keys.o)
                0x02009a24                scanKeys
 .text.keysHeld
                0x02009a90        0xc C:/devkitPro/libnds/lib\libnds9.a(keys.o)
                0x02009a90                keysHeld
 .text.keysDown
                0x02009a9c       0x10 C:/devkitPro/libnds/lib\libnds9.a(keys.o)
                0x02009a9c                keysDown
 .text.sinLutLookup
                0x02009aac       0x4c C:/devkitPro/libnds/lib\libnds9.a(trig.o)
                0x02009aac                sinLutLookup
 .text.sinLerp  0x02009af8       0x38 C:/devkitPro/libnds/lib\libnds9.a(trig.o)
                0x02009af8                sinLerp
 .text.cosLerp  0x02009b30       0x44 C:/devkitPro/libnds/lib\libnds9.a(trig.o)
                0x02009b30                cosLerp
 .text.threadExit
                0x02009b74       0x9c C:/devkitPro/calico/lib\libcalico_ds9.a(thread_cold.o)
                0x02009b74                threadExit
 .text._threadTickTask
                0x02009c10       0x10 C:/devkitPro/calico/lib\libcalico_ds9.a(thread_cold.o)
 .text._threadInit
                0x02009c20       0x98 C:/devkitPro/calico/lib\libcalico_ds9.a(thread_cold.o)
                0x02009c20                _threadInit
 .text.threadPrepare
                0x02009cb8       0xa4 C:/devkitPro/calico/lib\libcalico_ds9.a(thread_cold.o)
                0x02009cb8                threadPrepare
 .text.threadStart
                0x02009d5c       0xc8 C:/devkitPro/calico/lib\libcalico_ds9.a(thread_cold.o)
                0x02009d5c                threadStart
 .text.threadIrqWait
                0x02009e24       0xa0 C:/devkitPro/calico/lib\libcalico_ds9.a(thread_cold.o)
                0x02009e24                threadIrqWait
 .text.threadSleepTicks
                0x02009ec4       0x58 C:/devkitPro/calico/lib\libcalico_ds9.a(thread_cold.o)
                0x02009ec4                threadSleepTicks
 .text.__syscall_getreent
                0x02009f1c       0x14 C:/devkitPro/calico/lib\libcalico_ds9.a(newlib_syscalls.o)
                0x02009f1c                __syscall_getreent
 .text.__errno  0x02009f30       0x24 C:/devkitPro/calico/lib\libcalico_ds9.a(newlib_syscalls.o)
                0x02009f30                __errno
 .text.__syscall_gettod_r
                0x02009f54       0x30 C:/devkitPro/calico/lib\libcalico_ds9.a(newlib_syscalls.o)
                0x02009f54                __syscall_gettod_r
 .text.__syscall_lock_acquire
                0x02009f84        0x4 C:/devkitPro/calico/lib\libcalico_ds9.a(newlib_syscalls.o)
                0x02009f84                __syscall_lock_acquire
 .text.__syscall_lock_release
                0x02009f88        0x4 C:/devkitPro/calico/lib\libcalico_ds9.a(newlib_syscalls.o)
                0x02009f88                __syscall_lock_release
 .text.__syscall_lock_acquire_recursive
                0x02009f8c       0x4c C:/devkitPro/calico/lib\libcalico_ds9.a(newlib_syscalls.o)
                0x02009f8c                __syscall_lock_acquire_recursive
 .text.__syscall_lock_release_recursive
                0x02009fd8       0x18 C:/devkitPro/calico/lib\libcalico_ds9.a(newlib_syscalls.o)
                0x02009fd8                __syscall_lock_release_recursive
 .text.svcLZ77UncompWram
                0x02009ff0        0x4 C:/devkitPro/calico/lib\libcalico_ds9.a(bios.o)
                0x02009ff0                svcLZ77UncompWram
 .text.svcHuffUncompCallback
                0x02009ff4        0x4 C:/devkitPro/calico/lib\libcalico_ds9.a(bios.o)
                0x02009ff4                svcHuffUncompCallback
 .text.svcRLUncompWram
                0x02009ff8        0x4 C:/devkitPro/calico/lib\libcalico_ds9.a(bios.o)
                0x02009ff8                svcRLUncompWram
 .text.svcRLUncompVramCallback
                0x02009ffc        0x4 C:/devkitPro/calico/lib\libcalico_ds9.a(bios.o)
                0x02009ffc                svcRLUncompVramCallback
 .text.svcLZ77UncompVramCallback
                0x0200a000       0x18 C:/devkitPro/calico/lib\libcalico_ds9.a(bios.o)
                0x0200a000                svcLZ77UncompVramCallback
 .text._pxiMailboxHandler
                0x0200a018        0x4 C:/devkitPro/calico/lib\libcalico_ds9.a(pxi.o)
 .text._pxiRecvUnhandled
                0x0200a01c        0x4 C:/devkitPro/calico/lib\libcalico_ds9.a(pxi.o)
                0x0200a01c                _pxiRecvUnhandled
 .text._pxiRecvIrqHandler
                0x0200a020      0x154 C:/devkitPro/calico/lib\libcalico_ds9.a(pxi.o)
 .text._pxiInit
                0x0200a174       0x58 C:/devkitPro/calico/lib\libcalico_ds9.a(pxi.o)
                0x0200a174                _pxiInit
 .text.pxiSetHandler
                0x0200a1cc       0x74 C:/devkitPro/calico/lib\libcalico_ds9.a(pxi.o)
                0x0200a1cc                pxiSetHandler
 .text.pxiSetMailbox
                0x0200a240       0x68 C:/devkitPro/calico/lib\libcalico_ds9.a(pxi.o)
                0x0200a240                pxiSetMailbox
 .text.pxiWaitRemote
                0x0200a2a8       0x38 C:/devkitPro/calico/lib\libcalico_ds9.a(pxi.o)
                0x0200a2a8                pxiWaitRemote
 .text.pxiSendPacket
                0x0200a2e0       0x50 C:/devkitPro/calico/lib\libcalico_ds9.a(pxi.o)
                0x0200a2e0                pxiSendPacket
 .text.pxiSendExtPacket
                0x0200a330       0x98 C:/devkitPro/calico/lib\libcalico_ds9.a(pxi.o)
                0x0200a330                pxiSendExtPacket
 .text.pxiBeginReceive
                0x0200a3c8       0x2c C:/devkitPro/calico/lib\libcalico_ds9.a(pxi.o)
                0x0200a3c8                pxiBeginReceive
 .text.pxiEndReceive
                0x0200a3f4       0xac C:/devkitPro/calico/lib\libcalico_ds9.a(pxi.o)
                0x0200a3f4                pxiEndReceive
 .text.keypadGetState
                0x0200a4a0       0x28 C:/devkitPro/calico/lib\libcalico_ds9.a(keypad.o)
                0x0200a4a0                keypadGetState
 .text._pmCallEventHandlers
                0x0200a4c8       0x40 C:/devkitPro/calico/lib\libcalico_ds9.a(pm.o)
 .text._pmPxiThreadMain
                0x0200a508       0xa0 C:/devkitPro/calico/lib\libcalico_ds9.a(pm.o)
 .text._pmResetPxiHandler
                0x0200a5a8       0x28 C:/devkitPro/calico/lib\libcalico_ds9.a(pm.o)
 .text.systemUserExit
                0x0200a5d0        0x4 C:/devkitPro/calico/lib\libcalico_ds9.a(pm.o)
                0x0200a5d0                systemUserExit
 .text.systemErrorExit
                0x0200a5d4        0x4 C:/devkitPro/calico/lib\libcalico_ds9.a(pm.o)
                0x0200a5d4                systemErrorExit
 .text.__syscall_exit
                0x0200a5d8      0x138 C:/devkitPro/calico/lib\libcalico_ds9.a(pm.o)
                0x0200a5d8                __syscall_exit
 .text.pmInit   0x0200a710       0x58 C:/devkitPro/calico/lib\libcalico_ds9.a(pm.o)
                0x0200a710                pmInit
 .text.pmEnterSleep
                0x0200a768       0xcc C:/devkitPro/calico/lib\libcalico_ds9.a(pm.o)
                0x0200a768                pmEnterSleep
 .text.pmMainLoop
                0x0200a834       0x74 C:/devkitPro/calico/lib\libcalico_ds9.a(pm.o)
                0x0200a834                pmMainLoop
 .text.systemUserStartup
                0x0200a8a8        0x4 C:/devkitPro/calico/lib\libcalico_ds9.a(sys_startup.o)
                0x0200a8a8                systemUserStartup
 .text.systemStartup
                0x0200a8ac      0x104 C:/devkitPro/calico/lib\libcalico_ds9.a(sys_startup.o)
                0x0200a8ac                systemStartup
 .text.touchRead
                0x0200a9b0       0x58 C:/devkitPro/calico/lib\libcalico_ds9.a(touch.o)
                0x0200a9b0                touchRead
 .text._blkDevReadWriteSectors
                0x0200aa08       0x44 C:/devkitPro/calico/lib\libcalico_ds9.a(blk.o)
 .text.blkInit  0x0200aa4c        0x8 C:/devkitPro/calico/lib\libcalico_ds9.a(blk.o)
                0x0200aa4c                blkInit
 .text.blkDevIsPresent
                0x0200aa54       0x30 C:/devkitPro/calico/lib\libcalico_ds9.a(blk.o)
                0x0200aa54                blkDevIsPresent
 .text.blkDevInit
                0x0200aa84       0x30 C:/devkitPro/calico/lib\libcalico_ds9.a(blk.o)
                0x0200aa84                blkDevInit
 .text.blkDevGetSectorCount
                0x0200aab4       0x34 C:/devkitPro/calico/lib\libcalico_ds9.a(blk.o)
                0x0200aab4                blkDevGetSectorCount
 .text.blkDevReadSectors
                0x0200aae8       0x5c C:/devkitPro/calico/lib\libcalico_ds9.a(blk.o)
                0x0200aae8                blkDevReadSectors
 .text.blkDevWriteSectors
                0x0200ab44       0x5c C:/devkitPro/calico/lib\libcalico_ds9.a(blk.o)
                0x0200ab44                blkDevWriteSectors
 .text.irqSet   0x0200aba0       0x64 C:/devkitPro/calico/lib\libcalico_ds9.a(irq.o)
                0x0200aba0                irqSet
 .text._tickCountIsr
                0x0200ac04       0x1c C:/devkitPro/calico/lib\libcalico_ds9.a(tick.o)
 .text._tickTaskSchedule.part.0.isra.0
                0x0200ac20       0x84 C:/devkitPro/calico/lib\libcalico_ds9.a(tick.o)
 .text.tickInit
                0x0200aca4       0xa0 C:/devkitPro/calico/lib\libcalico_ds9.a(tick.o)
                0x0200aca4                tickInit
 .text.tickGetCount
                0x0200ad44       0x5c C:/devkitPro/calico/lib\libcalico_ds9.a(tick.o)
                0x0200ad44                tickGetCount
 .text._tickTaskIsr
                0x0200ada0      0x110 C:/devkitPro/calico/lib\libcalico_ds9.a(tick.o)
 .text.tickTaskStart
                0x0200aeb0      0x144 C:/devkitPro/calico/lib\libcalico_ds9.a(tick.o)
                0x0200aeb0                tickTaskStart
 .text.threadUpdateDynamicPrio
                0x0200aff4      0x1cc C:/devkitPro/calico/lib\libcalico_ds9.a(mutex.o)
 .text.threadRemoveWaiter
                0x0200b1c0      0x1c8 C:/devkitPro/calico/lib\libcalico_ds9.a(mutex.o)
 .text.mutexLock
                0x0200b388      0x150 C:/devkitPro/calico/lib\libcalico_ds9.a(mutex.o)
                0x0200b388                mutexLock
 .text.mutexUnlock
                0x0200b4d8       0xd0 C:/devkitPro/calico/lib\libcalico_ds9.a(mutex.o)
                0x0200b4d8                mutexUnlock
 .text.mailboxTrySend
                0x0200b5a8       0x98 C:/devkitPro/calico/lib\libcalico_ds9.a(mailbox.o)
                0x0200b5a8                mailboxTrySend
 .text.mailboxRecv
                0x0200b640       0x98 C:/devkitPro/calico/lib\libcalico_ds9.a(mailbox.o)
                0x0200b640                mailboxRecv
 .text          0x0200b6d8      0x11c C:/devkitPro/devkitARM/bin/../lib/gcc/arm-none-eabi/15.1.0/thumb\libgcc.a(_udivsi3.o)
                0x0200b6d8                __aeabi_uidiv
                0x0200b6d8                __udivsi3
                0x0200b7d4                __aeabi_uidivmod
 .text          0x0200b7f4      0x150 C:/devkitPro/devkitARM/bin/../lib/gcc/arm-none-eabi/15.1.0/thumb\libgcc.a(_divsi3.o)
                0x0200b7f4                __divsi3
                0x0200b7f4                __aeabi_idiv
                0x0200b924                __aeabi_idivmod
 .text          0x0200b944        0x4 C:/devkitPro/devkitARM/bin/../lib/gcc/arm-none-eabi/15.1.0/thumb\libgcc.a(_dvmd_tls.o)
                0x0200b944                __aeabi_idiv0
                0x0200b944                __aeabi_ldiv0
 .text          0x0200b948       0x3c C:/devkitPro/devkitARM/bin/../lib/gcc/arm-none-eabi/15.1.0/thumb\libgcc.a(_aeabi_uldivmod.o)
                0x0200b948                __aeabi_uldivmod
 .text.__udivmoddi4
                0x0200b984      0x194 C:/devkitPro/devkitARM/bin/../lib/gcc/arm-none-eabi/15.1.0/thumb\libgcc.a(_udivmoddi4.o)
                0x0200b984                __udivmoddi4
 .text          0x0200bb18       0x28 C:/devkitPro/devkitARM/bin/../lib/gcc/arm-none-eabi/15.1.0/thumb\libgcc.a(_clzdi2.o)
                0x0200bb18                __clzdi2
 .text          0x0200bb40       0x48 C:/devkitPro/devkitARM/bin/../lib/gcc/arm-none-eabi/15.1.0/thumb\libgcc.a(_clzsi2.o)
                0x0200bb40                __clzsi2
 .text.strchr   0x0200bb88       0xbc C:/devkitPro/devkitARM/bin/../lib/gcc/arm-none-eabi/15.1.0/../../../../arm-none-eabi/lib/thumb\libg.a(libc_a-strchr.o)
                0x0200bb88                strchr
 .text.memcmp   0x0200bc44       0x48 C:/devkitPro/devkitARM/bin/../lib/gcc/arm-none-eabi/15.1.0/../../../../arm-none-eabi/lib/thumb\libg.a(libc_a-memcmp.o)
                0x0200bc44                memcmp
 .text.__libc_init_array
                0x0200bc8c       0x54 C:/devkitPro/devkitARM/bin/../lib/gcc/arm-none-eabi/15.1.0/../../../../arm-none-eabi/lib/thumb\libg.a(libc_a-init.o)
                0x0200bc8c                __libc_init_array
 .text.calloc   0x0200bce0       0x18 C:/devkitPro/devkitARM/bin/../lib/gcc/arm-none-eabi/15.1.0/../../../../arm-none-eabi/lib/thumb\libg.a(libc_a-calloc.o)
                0x0200bce0                calloc
 .text.siscanf  0x0200bcf8       0x50 C:/devkitPro/devkitARM/bin/../lib/gcc/arm-none-eabi/15.1.0/../../../../arm-none-eabi/lib/thumb\libg.a(libc_a-siscanf.o)
                0x0200bcf8                siscanf
 .text.strrchr  0x0200bd48       0x30 C:/devkitPro/devkitARM/bin/../lib/gcc/arm-none-eabi/15.1.0/../../../../arm-none-eabi/lib/thumb\libg.a(libc_a-strrchr.o)
                0x0200bd48                strrchr
 .text.aligned_alloc
                0x0200bd78       0x18 C:/devkitPro/devkitARM/bin/../lib/gcc/arm-none-eabi/15.1.0/../../../../arm-none-eabi/lib/thumb\libg.a(libc_a-aligned_alloc.o)
                0x0200bd78                aligned_alloc
 .text._calloc_r
                0x0200bd90       0xcc C:/devkitPro/devkitARM/bin/../lib/gcc/arm-none-eabi/15.1.0/../../../../arm-none-eabi/lib/thumb\libg.a(libc_a-callocr.o)
                0x0200bd90                _calloc_r
 .text.validate_structure
                0x0200be5c      0x1e8 C:/devkitPro/devkitARM/bin/../lib/gcc/arm-none-eabi/15.1.0/../../../../arm-none-eabi/lib/thumb\libg.a(libc_a-mktime.o)
 .text.mktime   0x0200c044      0x434 C:/devkitPro/devkitARM/bin/../lib/gcc/arm-none-eabi/15.1.0/../../../../arm-none-eabi/lib/thumb\libg.a(libc_a-mktime.o)
                0x0200c044                mktime
 .text.__tz_lock
                0x0200c478       0x14 C:/devkitPro/devkitARM/bin/../lib/gcc/arm-none-eabi/15.1.0/../../../../arm-none-eabi/lib/thumb\libg.a(libc_a-tzlock.o)
                0x0200c478                __tz_lock
 .text.__tz_unlock
                0x0200c48c       0x14 C:/devkitPro/devkitARM/bin/../lib/gcc/arm-none-eabi/15.1.0/../../../../arm-none-eabi/lib/thumb\libg.a(libc_a-tzlock.o)
                0x0200c48c                __tz_unlock
 .text._malloc_r
                0x0200c4a0      0x550 C:/devkitPro/devkitARM/bin/../lib/gcc/arm-none-eabi/15.1.0/../../../../arm-none-eabi/lib/thumb\libg.a(libc_a-mallocr.o)
                0x0200c4a0                _malloc_r
 .text._malloc_trim_r
                0x0200c9f0       0xac C:/devkitPro/devkitARM/bin/../lib/gcc/arm-none-eabi/15.1.0/../../../../arm-none-eabi/lib/thumb\libg.a(libc_a-freer.o)
                0x0200c9f0                _malloc_trim_r
 .text._free_r  0x0200ca9c      0x1d8 C:/devkitPro/devkitARM/bin/../lib/gcc/arm-none-eabi/15.1.0/../../../../arm-none-eabi/lib/thumb\libg.a(libc_a-freer.o)
                0x0200ca9c                _free_r
 .text.strnlen  0x0200cc74       0x20 C:/devkitPro/devkitARM/bin/../lib/gcc/arm-none-eabi/15.1.0/../../../../arm-none-eabi/lib/thumb\libg.a(libc_a-strnlen.o)
                0x0200cc74                strnlen
 .text.malloc   0x0200cc94       0x28 C:/devkitPro/devkitARM/bin/../lib/gcc/arm-none-eabi/15.1.0/../../../../arm-none-eabi/lib/thumb\libg.a(libc_a-malloc.o)
                0x0200cc94                malloc
 .text.free     0x0200ccbc       0x14 C:/devkitPro/devkitARM/bin/../lib/gcc/arm-none-eabi/15.1.0/../../../../arm-none-eabi/lib/thumb\libg.a(libc_a-malloc.o)
                0x0200ccbc                free
 .text.time     0x0200ccd0       0x38 C:/devkitPro/devkitARM/bin/../lib/gcc/arm-none-eabi/15.1.0/../../../../arm-none-eabi/lib/thumb\libg.a(libc_a-time.o)
                0x0200ccd0                time
 .text.memset   0x0200cd08       0x8c C:/devkitPro/devkitARM/bin/../lib/gcc/arm-none-eabi/15.1.0/../../../../arm-none-eabi/lib/thumb\libg.a(libc_a-memset.o)
                0x0200cd08                memset
 .text.localtime_r
                0x0200cd94      0x228 C:/devkitPro/devkitARM/bin/../lib/gcc/arm-none-eabi/15.1.0/../../../../arm-none-eabi/lib/thumb\libg.a(libc_a-lcltime_r.o)
                0x0200cd94                localtime_r
 .text.__malloc_lock
                0x0200cfbc       0x14 C:/devkitPro/devkitARM/bin/../lib/gcc/arm-none-eabi/15.1.0/../../../../arm-none-eabi/lib/thumb\libg.a(libc_a-mlock.o)
                0x0200cfbc                __malloc_lock
 .text.__malloc_unlock
                0x0200cfd0       0x14 C:/devkitPro/devkitARM/bin/../lib/gcc/arm-none-eabi/15.1.0/../../../../arm-none-eabi/lib/thumb\libg.a(libc_a-mlock.o)
                0x0200cfd0                __malloc_unlock
 .text.__tzcalc_limits
                0x0200cfe4      0x1ac C:/devkitPro/devkitARM/bin/../lib/gcc/arm-none-eabi/15.1.0/../../../../arm-none-eabi/lib/thumb\libg.a(libc_a-tzcalc_limits.o)
                0x0200cfe4                __tzcalc_limits
 .text          0x0200d190      0x224 C:/devkitPro/devkitARM/bin/../lib/gcc/arm-none-eabi/15.1.0/../../../../arm-none-eabi/lib/thumb\libg.a(libc_a-strcmp.o)
                0x0200d190                strcmp
 .text.__call_exitprocs
                0x0200d3b4        0xc C:/devkitPro/devkitARM/bin/../lib/gcc/arm-none-eabi/15.1.0/../../../../arm-none-eabi/lib/thumb\libg.a(libc_a-exit.o)
                0x0200d3b4                __call_exitprocs
 .text.setvbuf  0x0200d3c0      0x1ac C:/devkitPro/devkitARM/bin/../lib/gcc/arm-none-eabi/15.1.0/../../../../arm-none-eabi/lib/thumb\libg.a(libc_a-setvbuf.o)
                0x0200d3c0                setvbuf
 .text.memcpy   0x0200d56c       0xb0 C:/devkitPro/devkitARM/bin/../lib/gcc/arm-none-eabi/15.1.0/../../../../arm-none-eabi/lib/thumb\libg.a(libc_a-memcpy-stub.o)
                0x0200d56c                memcpy
 .text.iprintf  0x0200d61c       0x28 C:/devkitPro/devkitARM/bin/../lib/gcc/arm-none-eabi/15.1.0/../../../../arm-none-eabi/lib/thumb\libg.a(libc_a-iprintf.o)
                0x0200d61c                iprintf
 .text.__sread  0x0200d644       0x34 C:/devkitPro/devkitARM/bin/../lib/gcc/arm-none-eabi/15.1.0/../../../../arm-none-eabi/lib/thumb\libg.a(libc_a-stdio.o)
                0x0200d644                __sread
 .text.__seofread
                0x0200d678        0x4 C:/devkitPro/devkitARM/bin/../lib/gcc/arm-none-eabi/15.1.0/../../../../arm-none-eabi/lib/thumb\libg.a(libc_a-stdio.o)
                0x0200d678                __seofread
 .text.__swrite
                0x0200d67c       0x4c C:/devkitPro/devkitARM/bin/../lib/gcc/arm-none-eabi/15.1.0/../../../../arm-none-eabi/lib/thumb\libg.a(libc_a-stdio.o)
                0x0200d67c                __swrite
 .text.__sseek  0x0200d6c8       0x3c C:/devkitPro/devkitARM/bin/../lib/gcc/arm-none-eabi/15.1.0/../../../../arm-none-eabi/lib/thumb\libg.a(libc_a-stdio.o)
                0x0200d6c8                __sseek
 .text.__sclose
                0x0200d704       0x10 C:/devkitPro/devkitARM/bin/../lib/gcc/arm-none-eabi/15.1.0/../../../../arm-none-eabi/lib/thumb\libg.a(libc_a-stdio.o)
                0x0200d704                __sclose
 .text.gmtime_r
                0x0200d714      0x1b4 C:/devkitPro/devkitARM/bin/../lib/gcc/arm-none-eabi/15.1.0/../../../../arm-none-eabi/lib/thumb\libg.a(libc_a-gmtime_r.o)
                0x0200d714                gmtime_r
 .text.get_arg  0x0200d8c8      0x404 C:/devkitPro/devkitARM/bin/../lib/gcc/arm-none-eabi/15.1.0/../../../../arm-none-eabi/lib/thumb\libg.a(libc_a-vfiprintf.o)
 .text._vfiprintf_r
                0x0200dccc     0x16d0 C:/devkitPro/devkitARM/bin/../lib/gcc/arm-none-eabi/15.1.0/../../../../arm-none-eabi/lib/thumb\libg.a(libc_a-vfiprintf.o)
                0x0200dccc                _vfiprintf_r
 .text.__sbprintf
                0x0200f39c       0x7c C:/devkitPro/devkitARM/bin/../lib/gcc/arm-none-eabi/15.1.0/../../../../arm-none-eabi/lib/thumb\libg.a(libc_a-vfiprintf.o)
 .text.strlen   0x0200f418       0x60 C:/devkitPro/devkitARM/bin/../lib/gcc/arm-none-eabi/15.1.0/../../../../arm-none-eabi/lib/thumb\libg.a(libc_a-strlen.o)
                0x0200f418                strlen
 .text._memalign_r
                0x0200f478      0x118 C:/devkitPro/devkitARM/bin/../lib/gcc/arm-none-eabi/15.1.0/../../../../arm-none-eabi/lib/thumb\libg.a(libc_a-malignr.o)
                0x0200f478                _memalign_r
 .text.div      0x0200f590       0x18 C:/devkitPro/devkitARM/bin/../lib/gcc/arm-none-eabi/15.1.0/../../../../arm-none-eabi/lib/thumb\libg.a(libc_a-div.o)
                0x0200f590                div
 .text.get_arg  0x0200f5a8       0x3e C:/devkitPro/devkitARM/bin/../lib/gcc/arm-none-eabi/15.1.0/../../../../arm-none-eabi/lib/thumb\libg.a(libc_a-svfiscanf.o)
 .text._sungetc_r
                0x0200f5e6       0x7e C:/devkitPro/devkitARM/bin/../lib/gcc/arm-none-eabi/15.1.0/../../../../arm-none-eabi/lib/thumb\libg.a(libc_a-svfiscanf.o)
                0x0200f5e6                _sungetc_r
 .text.__ssrefill_r
                0x0200f664       0x42 C:/devkitPro/devkitARM/bin/../lib/gcc/arm-none-eabi/15.1.0/../../../../arm-none-eabi/lib/thumb\libg.a(libc_a-svfiscanf.o)
                0x0200f664                __ssrefill_r
 .text._sfread_r
                0x0200f6a6       0x88 C:/devkitPro/devkitARM/bin/../lib/gcc/arm-none-eabi/15.1.0/../../../../arm-none-eabi/lib/thumb\libg.a(libc_a-svfiscanf.o)
                0x0200f6a6                _sfread_r
 *fill*         0x0200f72e        0x2 ff
 .text.__ssvfiscanf_r
                0x0200f730     0x1984 C:/devkitPro/devkitARM/bin/../lib/gcc/arm-none-eabi/15.1.0/../../../../arm-none-eabi/lib/thumb\libg.a(libc_a-svfiscanf.o)
                0x0200f730                __ssvfiscanf_r
 .text.stdio_exit_handler
                0x020110b4       0x20 C:/devkitPro/devkitARM/bin/../lib/gcc/arm-none-eabi/15.1.0/../../../../arm-none-eabi/lib/thumb\libg.a(libc_a-findfp.o)
 .text.cleanup_stdio
                0x020110d4       0x40 C:/devkitPro/devkitARM/bin/../lib/gcc/arm-none-eabi/15.1.0/../../../../arm-none-eabi/lib/thumb\libg.a(libc_a-findfp.o)
 .text.global_stdio_init.part.0
                0x02011114      0x120 C:/devkitPro/devkitARM/bin/../lib/gcc/arm-none-eabi/15.1.0/../../../../arm-none-eabi/lib/thumb\libg.a(libc_a-findfp.o)
 .text.__sinit  0x02011234       0x3c C:/devkitPro/devkitARM/bin/../lib/gcc/arm-none-eabi/15.1.0/../../../../arm-none-eabi/lib/thumb\libg.a(libc_a-findfp.o)
                0x02011234                __sinit
 .text.__sfp_lock_acquire
                0x02011270       0x14 C:/devkitPro/devkitARM/bin/../lib/gcc/arm-none-eabi/15.1.0/../../../../arm-none-eabi/lib/thumb\libg.a(libc_a-findfp.o)
                0x02011270                __sfp_lock_acquire
 .text.__sfp_lock_release
                0x02011284       0x14 C:/devkitPro/devkitARM/bin/../lib/gcc/arm-none-eabi/15.1.0/../../../../arm-none-eabi/lib/thumb\libg.a(libc_a-findfp.o)
                0x02011284                __sfp_lock_release
 .text._strtoul_l.isra.0
                0x02011298      0x150 C:/devkitPro/devkitARM/bin/../lib/gcc/arm-none-eabi/15.1.0/../../../../arm-none-eabi/lib/thumb\libg.a(libc_a-strtoul.o)
 .text._strtoul_r
                0x020113e8       0x20 C:/devkitPro/devkitARM/bin/../lib/gcc/arm-none-eabi/15.1.0/../../../../arm-none-eabi/lib/thumb\libg.a(libc_a-strtoul.o)
                0x020113e8                _strtoul_r
 .text.strtoul  0x02011408       0x24 C:/devkitPro/devkitARM/bin/../lib/gcc/arm-none-eabi/15.1.0/../../../../arm-none-eabi/lib/thumb\libg.a(libc_a-strtoul.o)
                0x02011408                strtoul
 .text._fwalk_sglue
                0x0201142c       0x4c C:/devkitPro/devkitARM/bin/../lib/gcc/arm-none-eabi/15.1.0/../../../../arm-none-eabi/lib/thumb\libg.a(libc_a-fwalk.o)
                0x0201142c                _fwalk_sglue
 .text._tzset_unlocked
                0x02011478       0x10 C:/devkitPro/devkitARM/bin/../lib/gcc/arm-none-eabi/15.1.0/../../../../arm-none-eabi/lib/thumb\libg.a(libc_a-tzset.o)
                0x02011478                _tzset_unlocked
 .text.__sprint_r
                0x02011488       0x24 C:/devkitPro/devkitARM/bin/../lib/gcc/arm-none-eabi/15.1.0/../../../../arm-none-eabi/lib/thumb\libg.a(libc_a-sprint_r.o)
                0x02011488                __sprint_r
 .text.iswspace
                0x020114ac       0x10 C:/devkitPro/devkitARM/bin/../lib/gcc/arm-none-eabi/15.1.0/../../../../arm-none-eabi/lib/thumb\libg.a(libc_a-iswspace.o)
                0x020114ac                iswspace
 .text.__gettzinfo
                0x020114bc        0x8 C:/devkitPro/devkitARM/bin/../lib/gcc/arm-none-eabi/15.1.0/../../../../arm-none-eabi/lib/thumb\libg.a(libc_a-gettzinfo.o)
                0x020114bc                __gettzinfo
 .text._localeconv_r
                0x020114c4       0x1c C:/devkitPro/devkitARM/bin/../lib/gcc/arm-none-eabi/15.1.0/../../../../arm-none-eabi/lib/thumb\libg.a(libc_a-localeconv.o)
                0x020114c4                _localeconv_r
 .text.realloc  0x020114e0       0x18 C:/devkitPro/devkitARM/bin/../lib/gcc/arm-none-eabi/15.1.0/../../../../arm-none-eabi/lib/thumb\libg.a(libc_a-realloc.o)
                0x020114e0                realloc
 .text.memchr   0x020114f8       0x74 C:/devkitPro/devkitARM/bin/../lib/gcc/arm-none-eabi/15.1.0/../../../../arm-none-eabi/lib/thumb\libg.a(libc_a-memchr-stub.o)
                0x020114f8                memchr
 .text._wcrtomb_r
                0x0201156c       0x84 C:/devkitPro/devkitARM/bin/../lib/gcc/arm-none-eabi/15.1.0/../../../../arm-none-eabi/lib/thumb\libg.a(libc_a-wcrtomb.o)
                0x0201156c                _wcrtomb_r
 .text._strtol_l.part.0
                0x020115f0      0x25c C:/devkitPro/devkitARM/bin/../lib/gcc/arm-none-eabi/15.1.0/../../../../arm-none-eabi/lib/thumb\libg.a(libc_a-strtol.o)
 .text._strtol_r
                0x0201184c       0x34 C:/devkitPro/devkitARM/bin/../lib/gcc/arm-none-eabi/15.1.0/../../../../arm-none-eabi/lib/thumb\libg.a(libc_a-strtol.o)
                0x0201184c                _strtol_r
 .text.__libc_fini_array
                0x02011880       0x30 C:/devkitPro/devkitARM/bin/../lib/gcc/arm-none-eabi/15.1.0/../../../../arm-none-eabi/lib/thumb\libg.a(libc_a-fini.o)
                0x02011880                __libc_fini_array
 .text._tzset_unlocked_r
                0x020118b0      0x490 C:/devkitPro/devkitARM/bin/../lib/gcc/arm-none-eabi/15.1.0/../../../../arm-none-eabi/lib/thumb\libg.a(libc_a-tzset_r.o)
                0x020118b0                _tzset_unlocked_r
 .text.__sccl   0x02011d40       0xb0 C:/devkitPro/devkitARM/bin/../lib/gcc/arm-none-eabi/15.1.0/../../../../arm-none-eabi/lib/thumb\libg.a(libc_a-sccl.o)
                0x02011d40                __sccl
 .text.__sflush_r
                0x02011df0      0x180 C:/devkitPro/devkitARM/bin/../lib/gcc/arm-none-eabi/15.1.0/../../../../arm-none-eabi/lib/thumb\libg.a(libc_a-fflush.o)
                0x02011df0                __sflush_r
 .text._fflush_r
                0x02011f70       0x70 C:/devkitPro/devkitARM/bin/../lib/gcc/arm-none-eabi/15.1.0/../../../../arm-none-eabi/lib/thumb\libg.a(libc_a-fflush.o)
                0x02011f70                _fflush_r
 .text.__smakebuf_r
                0x02011fe0       0xe0 C:/devkitPro/devkitARM/bin/../lib/gcc/arm-none-eabi/15.1.0/../../../../arm-none-eabi/lib/thumb\libg.a(libc_a-makebuf.o)
                0x02011fe0                __smakebuf_r
 .text.__swhatbuf_r
                0x020120c0       0x5c C:/devkitPro/devkitARM/bin/../lib/gcc/arm-none-eabi/15.1.0/../../../../arm-none-eabi/lib/thumb\libg.a(libc_a-makebuf.o)
                0x020120c0                __swhatbuf_r
 .text._findenv_r
                0x0201211c       0x94 C:/devkitPro/devkitARM/bin/../lib/gcc/arm-none-eabi/15.1.0/../../../../arm-none-eabi/lib/thumb\libg.a(libc_a-getenv_r.o)
                0x0201211c                _findenv_r
 .text._getenv_r
                0x020121b0       0x10 C:/devkitPro/devkitARM/bin/../lib/gcc/arm-none-eabi/15.1.0/../../../../arm-none-eabi/lib/thumb\libg.a(libc_a-getenv_r.o)
                0x020121b0                _getenv_r
 .text._realloc_r
                0x020121c0      0x344 C:/devkitPro/devkitARM/bin/../lib/gcc/arm-none-eabi/15.1.0/../../../../arm-none-eabi/lib/thumb\libg.a(libc_a-reallocr.o)
                0x020121c0                _realloc_r
 .text.strncpy  0x02012504       0x68 C:/devkitPro/devkitARM/bin/../lib/gcc/arm-none-eabi/15.1.0/../../../../arm-none-eabi/lib/thumb\libg.a(libc_a-strncpy.o)
                0x02012504                strncpy
 .text._strtoull_l.isra.0
                0x0201256c      0x1c0 C:/devkitPro/devkitARM/bin/../lib/gcc/arm-none-eabi/15.1.0/../../../../arm-none-eabi/lib/thumb\libg.a(libc_a-strtoull.o)
 .text._strtoull_r
                0x0201272c       0x20 C:/devkitPro/devkitARM/bin/../lib/gcc/arm-none-eabi/15.1.0/../../../../arm-none-eabi/lib/thumb\libg.a(libc_a-strtoull.o)
                0x0201272c                _strtoull_r
 .text._wcsrtombs_r
                0x0201274c       0x20 C:/devkitPro/devkitARM/bin/../lib/gcc/arm-none-eabi/15.1.0/../../../../arm-none-eabi/lib/thumb\libg.a(libc_a-wcsrtombs.o)
                0x0201274c                _wcsrtombs_r
 .text._mbrtowc_r
                0x0201276c       0x98 C:/devkitPro/devkitARM/bin/../lib/gcc/arm-none-eabi/15.1.0/../../../../arm-none-eabi/lib/thumb\libg.a(libc_a-mbrtowc.o)
                0x0201276c                _mbrtowc_r
 .text.__swsetup_r
                0x02012804       0xd4 C:/devkitPro/devkitARM/bin/../lib/gcc/arm-none-eabi/15.1.0/../../../../arm-none-eabi/lib/thumb\libg.a(libc_a-wsetup.o)
                0x02012804                __swsetup_r
 .text.strncmp  0x020128d8       0x70 C:/devkitPro/devkitARM/bin/../lib/gcc/arm-none-eabi/15.1.0/../../../../arm-none-eabi/lib/thumb\libg.a(libc_a-strncmp.o)
                0x020128d8                strncmp
 .text.__sfvwrite_r
                0x02012948      0x31c C:/devkitPro/devkitARM/bin/../lib/gcc/arm-none-eabi/15.1.0/../../../../arm-none-eabi/lib/thumb\libg.a(libc_a-fvwrite.o)
                0x02012948                __sfvwrite_r
 .text.memmove  0x02012c64       0xcc C:/devkitPro/devkitARM/bin/../lib/gcc/arm-none-eabi/15.1.0/../../../../arm-none-eabi/lib/thumb\libg.a(libc_a-memmove.o)
                0x02012c64                memmove
 .text.__env_lock
                0x02012d30       0x14 C:/devkitPro/devkitARM/bin/../lib/gcc/arm-none-eabi/15.1.0/../../../../arm-none-eabi/lib/thumb\libg.a(libc_a-envlock.o)
                0x02012d30                __env_lock
 .text.__env_unlock
                0x02012d44       0x14 C:/devkitPro/devkitARM/bin/../lib/gcc/arm-none-eabi/15.1.0/../../../../arm-none-eabi/lib/thumb\libg.a(libc_a-envlock.o)
                0x02012d44                __env_unlock
 .text.iswspace_l
                0x02012d58       0x28 C:/devkitPro/devkitARM/bin/../lib/gcc/arm-none-eabi/15.1.0/../../../../arm-none-eabi/lib/thumb\libg.a(libc_a-iswspace_l.o)
                0x02012d58                iswspace_l
 .text._fclose_r
                0x02012d80       0xdc C:/devkitPro/devkitARM/bin/../lib/gcc/arm-none-eabi/15.1.0/../../../../arm-none-eabi/lib/thumb\libg.a(libc_a-fclose.o)
                0x02012d80                _fclose_r
 .text._strtoll_l.isra.0
                0x02012e5c      0x300 C:/devkitPro/devkitARM/bin/../lib/gcc/arm-none-eabi/15.1.0/../../../../arm-none-eabi/lib/thumb\libg.a(libc_a-strtoll.o)
 .text._strtoll_r
                0x0201315c       0x20 C:/devkitPro/devkitARM/bin/../lib/gcc/arm-none-eabi/15.1.0/../../../../arm-none-eabi/lib/thumb\libg.a(libc_a-strtoll.o)
                0x0201315c                _strtoll_r
 .text.__locale_mb_cur_max
                0x0201317c       0x20 C:/devkitPro/devkitARM/bin/../lib/gcc/arm-none-eabi/15.1.0/../../../../arm-none-eabi/lib/thumb\libg.a(libc_a-locale.o)
                0x0201317c                __locale_mb_cur_max
 .text.__submore
                0x0201319c       0x7c C:/devkitPro/devkitARM/bin/../lib/gcc/arm-none-eabi/15.1.0/../../../../arm-none-eabi/lib/thumb\libg.a(libc_a-ungetc.o)
                0x0201319c                __submore
 .text._wcsnrtombs_l
                0x02013218      0x11c C:/devkitPro/devkitARM/bin/../lib/gcc/arm-none-eabi/15.1.0/../../../../arm-none-eabi/lib/thumb\libg.a(libc_a-wcsnrtombs.o)
                0x02013218                _wcsnrtombs_l
 .text._wcsnrtombs_r
                0x02013334       0x40 C:/devkitPro/devkitARM/bin/../lib/gcc/arm-none-eabi/15.1.0/../../../../arm-none-eabi/lib/thumb\libg.a(libc_a-wcsnrtombs.o)
                0x02013334                _wcsnrtombs_r
 .text.__utf8_mbtowc
                0x02013374      0x24c C:/devkitPro/devkitARM/bin/../lib/gcc/arm-none-eabi/15.1.0/../../../../arm-none-eabi/lib/thumb\libg.a(libc_a-mbtowc_r.o)
                0x02013374                __utf8_mbtowc
 .text.strcpy   0x020135c0       0x10 C:/devkitPro/devkitARM/bin/../lib/gcc/arm-none-eabi/15.1.0/../../../../arm-none-eabi/lib/thumb\libg.a(libc_a-strcpy.o)
                0x020135c0                strcpy
 .text.category
                0x020135d0       0x5c C:/devkitPro/devkitARM/bin/../lib/gcc/arm-none-eabi/15.1.0/../../../../arm-none-eabi/lib/thumb\libg.a(libc_a-categories.o)
                0x020135d0                category
 .text.__utf8_wctomb
                0x0201362c       0xbc C:/devkitPro/devkitARM/bin/../lib/gcc/arm-none-eabi/15.1.0/../../../../arm-none-eabi/lib/thumb\libg.a(libc_a-wctomb_r.o)
                0x0201362c                __utf8_wctomb
 .text._exit    0x020136e8       0x14 C:/devkitPro/devkitARM/bin/../lib/gcc/arm-none-eabi/15.1.0/../../../../arm-none-eabi/lib/thumb\libsysbase.a(libsysbase_libsysbase_a-_exit.o)
                0x020136e8                _exit
 .text.chdir    0x020136fc       0xe4 C:/devkitPro/devkitARM/bin/../lib/gcc/arm-none-eabi/15.1.0/../../../../arm-none-eabi/lib/thumb\libsysbase.a(libsysbase_libsysbase_a-chdir.o)
                0x020136fc                chdir
 .text._concatenate_path
                0x020137e0      0x134 C:/devkitPro/devkitARM/bin/../lib/gcc/arm-none-eabi/15.1.0/../../../../arm-none-eabi/lib/thumb\libsysbase.a(libsysbase_libsysbase_a-concatenate.o)
                0x020137e0                _concatenate_path
 .text._fstat_r
                0x02013914       0x5c C:/devkitPro/devkitARM/bin/../lib/gcc/arm-none-eabi/15.1.0/../../../../arm-none-eabi/lib/thumb\libsysbase.a(libsysbase_libsysbase_a-fstat.o)
                0x02013914                _fstat_r
 .text.__getreent
                0x02013970       0x20 C:/devkitPro/devkitARM/bin/../lib/gcc/arm-none-eabi/15.1.0/../../../../arm-none-eabi/lib/thumb\libsysbase.a(libsysbase_libsysbase_a-getreent.o)
                0x02013970                __getreent
 .text._gettimeofday_r
                0x02013990       0x20 C:/devkitPro/devkitARM/bin/../lib/gcc/arm-none-eabi/15.1.0/../../../../arm-none-eabi/lib/thumb\libsysbase.a(libsysbase_libsysbase_a-gettod.o)
                0x02013990                _gettimeofday_r
 .text.__get_handle
                0x020139b0       0x34 C:/devkitPro/devkitARM/bin/../lib/gcc/arm-none-eabi/15.1.0/../../../../arm-none-eabi/lib/thumb\libsysbase.a(libsysbase_libsysbase_a-handle_manager.o)
                0x020139b0                __get_handle
 .text._close_r
                0x020139e4       0xb0 C:/devkitPro/devkitARM/bin/../lib/gcc/arm-none-eabi/15.1.0/../../../../arm-none-eabi/lib/thumb\libsysbase.a(libsysbase_libsysbase_a-handle_manager.o)
                0x020139e4                _close_r
 .text.null_write
                0x02013a94        0x4 C:/devkitPro/devkitARM/bin/../lib/gcc/arm-none-eabi/15.1.0/../../../../arm-none-eabi/lib/thumb\libsysbase.a(libsysbase_libsysbase_a-iosupport.o)
 .text.setDefaultDevice
                0x02013a98       0x10 C:/devkitPro/devkitARM/bin/../lib/gcc/arm-none-eabi/15.1.0/../../../../arm-none-eabi/lib/thumb\libsysbase.a(libsysbase_libsysbase_a-iosupport.o)
                0x02013a98                setDefaultDevice
 .text.FindDevice
                0x02013aa8       0x90 C:/devkitPro/devkitARM/bin/../lib/gcc/arm-none-eabi/15.1.0/../../../../arm-none-eabi/lib/thumb\libsysbase.a(libsysbase_libsysbase_a-iosupport.o)
                0x02013aa8                FindDevice
 .text.AddDevice
                0x02013b38       0x7c C:/devkitPro/devkitARM/bin/../lib/gcc/arm-none-eabi/15.1.0/../../../../arm-none-eabi/lib/thumb\libsysbase.a(libsysbase_libsysbase_a-iosupport.o)
                0x02013b38                AddDevice
 .text.GetDeviceOpTab
                0x02013bb4       0x20 C:/devkitPro/devkitARM/bin/../lib/gcc/arm-none-eabi/15.1.0/../../../../arm-none-eabi/lib/thumb\libsysbase.a(libsysbase_libsysbase_a-iosupport.o)
                0x02013bb4                GetDeviceOpTab
 .text._isatty_r
                0x02013bd4        0x4 C:/devkitPro/devkitARM/bin/../lib/gcc/arm-none-eabi/15.1.0/../../../../arm-none-eabi/lib/thumb\libsysbase.a(libsysbase_libsysbase_a-isatty.o)
                0x02013bd4                _isatty_r
 .text._lseek_r
                0x02013bd8       0x64 C:/devkitPro/devkitARM/bin/../lib/gcc/arm-none-eabi/15.1.0/../../../../arm-none-eabi/lib/thumb\libsysbase.a(libsysbase_libsysbase_a-lseek.o)
                0x02013bd8                _lseek_r
 .text._read_r  0x02013c3c       0x5c C:/devkitPro/devkitARM/bin/../lib/gcc/arm-none-eabi/15.1.0/../../../../arm-none-eabi/lib/thumb\libsysbase.a(libsysbase_libsysbase_a-read.o)
                0x02013c3c                _read_r
 .text._sbrk_r  0x02013c98       0x50 C:/devkitPro/devkitARM/bin/../lib/gcc/arm-none-eabi/15.1.0/../../../../arm-none-eabi/lib/thumb\libsysbase.a(libsysbase_libsysbase_a-sbrk.o)
                0x02013c98                _sbrk_r
 .text.__libc_lock_acquire
                0x02013ce8       0x18 C:/devkitPro/devkitARM/bin/../lib/gcc/arm-none-eabi/15.1.0/../../../../arm-none-eabi/lib/thumb\libsysbase.a(libsysbase_libsysbase_a-syscall_support.o)
                0x02013ce8                __libc_lock_acquire
 .text.__libc_lock_release
                0x02013d00       0x18 C:/devkitPro/devkitARM/bin/../lib/gcc/arm-none-eabi/15.1.0/../../../../arm-none-eabi/lib/thumb\libsysbase.a(libsysbase_libsysbase_a-syscall_support.o)
                0x02013d00                __libc_lock_release
 .text.__libc_lock_acquire_recursive
                0x02013d18       0x18 C:/devkitPro/devkitARM/bin/../lib/gcc/arm-none-eabi/15.1.0/../../../../arm-none-eabi/lib/thumb\libsysbase.a(libsysbase_libsysbase_a-syscall_support.o)
                0x02013d18                __libc_lock_acquire_recursive
 .text.__libc_lock_release_recursive
                0x02013d30       0x18 C:/devkitPro/devkitARM/bin/../lib/gcc/arm-none-eabi/15.1.0/../../../../arm-none-eabi/lib/thumb\libsysbase.a(libsysbase_libsysbase_a-syscall_support.o)
                0x02013d30                __libc_lock_release_recursive
 .text._write_r
                0x02013d48       0x5c C:/devkitPro/devkitARM/bin/../lib/gcc/arm-none-eabi/15.1.0/../../../../arm-none-eabi/lib/thumb\libsysbase.a(libsysbase_libsysbase_a-write.o)
                0x02013d48                _write_r
 .text          0x02013da4       0x14 C:/devkitPro/devkitARM/bin/../lib/gcc/arm-none-eabi/15.1.0/thumb\libgcc.a(_thumb1_case_uqi.o)
                0x02013da4                __gnu_thumb1_case_uqi
 .text          0x02013db8       0x14 C:/devkitPro/devkitARM/bin/../lib/gcc/arm-none-eabi/15.1.0/thumb\libgcc.a(_thumb1_case_uhi.o)
                0x02013db8                __gnu_thumb1_case_uhi
 .text          0x02013dcc       0xd4 C:/devkitPro/devkitARM/bin/../lib/gcc/arm-none-eabi/15.1.0/thumb\libgcc.a(_aeabi_ldivmod.o)
                0x02013dcc                __aeabi_ldivmod
 .text.__muldi3
                0x02013ea0       0x58 C:/devkitPro/devkitARM/bin/../lib/gcc/arm-none-eabi/15.1.0/thumb\libgcc.a(_muldi3.o)
                0x02013ea0                __muldi3
                0x02013ea0                __aeabi_lmul
 EXCLUDE_FILE(*.twl.*) *(.glue_7t .glue_7 .vfp11_veneer .v4_bx)
 .glue_7        0x02013ef8        0x0 linker stubs
 .glue_7t       0x02013ef8        0x0 linker stubs
 .vfp11_veneer  0x02013ef8        0x0 linker stubs
 .v4_bx         0x02013ef8        0x0 linker stubs
 *(SORT_NONE(.fini))
 .fini          0x02013ef8        0x4 C:/devkitPro/devkitARM/bin/../lib/gcc/arm-none-eabi/15.1.0/thumb/crti.o
                0x02013ef8                _fini
 .fini          0x02013efc        0x8 C:/devkitPro/devkitARM/bin/../lib/gcc/arm-none-eabi/15.1.0/thumb/crtn.o
 *fill*         0x02013f04        0x4 ff
 .fini.__stub   0x02013f08       0x28 linker stubs
 EXCLUDE_FILE(*.twl.*) *(.rodata .rodata.* .gnu.linkonce.r.*)
 .rodata        0x02013f30     0x2b7c drunkenlogo.o
                0x02013f30                drunkenlogoBitmap
 .rodata._Z19getActionsFromTouchi.str1.4
                0x02016aac      0x200 template.o
                                 0x39 (size before relaxing)
 .rodata._Z19getActionsFromTouchi
                0x02016cac       0x20 template.o
 .rodata.main.str1.4
                0x02016ccc       0x68 template.o
 .rodata.dvmInit.str1.4
                0x02016ccc        0xd C:/devkitPro/libnds/lib\libfat.a(dvm_calico.o)
 .rodata.s_dvmDiscCalicoIface
                0x02016ccc       0x10 C:/devkitPro/libnds/lib\libfat.a(dvm_calico.o)
 .rodata.s_dvmDiscCacheIface
                0x02016cdc       0x10 C:/devkitPro/libnds/lib\libfat.a(dvm_cache.o)
 .rodata.dvmMountVolume.str1.4
                0x02016cec        0xc C:/devkitPro/libnds/lib\libfat.a(dvm_volume.o)
 .rodata._dvmIdentMbrVbr.str1.4
                0x02016cec       0x3d C:/devkitPro/libnds/lib\libfat.a(dvm_prober.o)
 .rodata.fr_to_errno.0
                0x02016cec       0x14 C:/devkitPro/libnds/lib\libfat.a(fat_driver.o)
 .rodata.str1.4
                0x02016d00        0x5 C:/devkitPro/libnds/lib\libfat.a(fat_driver.o)
 .rodata.g_vfatFsDriver
                0x02016d00       0x14 C:/devkitPro/libnds/lib\libfat.a(fat_driver.o)
                0x02016d00                g_vfatFsDriver
 .rodata._FAT_devoptab
                0x02016d14       0x80 C:/devkitPro/libnds/lib\libfat.a(fat_driver.o)
 .rodata.follow_path.str1.4
                0x02016d94       0x13 C:/devkitPro/libnds/lib\libfat.a(ff.o)
 .rodata.check_fs.str1.4
                0x02016d94        0x9 C:/devkitPro/libnds/lib\libfat.a(ff.o)
 .rodata.ExCvt  0x02016d94       0x80 C:/devkitPro/libnds/lib\libfat.a(ff.o)
 .rodata.LfnOfs
                0x02016e14        0xd C:/devkitPro/libnds/lib\libfat.a(ff.o)
 .rodata.ff_wtoupper
                0x02016e21        0x9 C:/devkitPro/libnds/lib\libfat.a(ffunicode.o)
 *fill*         0x02016e2a        0x2 ff
 .rodata.cvt2.0
                0x02016e2c       0xbc C:/devkitPro/libnds/lib\libfat.a(ffunicode.o)
 .rodata.cvt1.1
                0x02016ee8      0x1f2 C:/devkitPro/libnds/lib\libfat.a(ffunicode.o)
 *fill*         0x020170da        0x6 ff
 .rodata.uc437  0x020170e0      0x100 C:/devkitPro/libnds/lib\libfat.a(ffunicode.o)
 .rodata.con_write.str1.4
                0x020171e0       0x30 C:/devkitPro/libnds/lib\libnds9.a(console.o)
 .rodata.con_write
                0x020171e0       0xd4 C:/devkitPro/libnds/lib\libnds9.a(console.o)
 .rodata.str1.4
                0x020172b4       0x14 C:/devkitPro/libnds/lib\libnds9.a(console.o)
 .rodata.dotab_stdout
                0x020172b4       0x80 C:/devkitPro/libnds/lib\libnds9.a(console.o)
 .rodata.decompress
                0x02017334       0x14 C:/devkitPro/libnds/lib\libnds9.a(decompress.o)
 .rodata.SIN_LUT
                0x02017348      0x102 C:/devkitPro/libnds/lib\libnds9.a(trig.o)
                0x02017348                SIN_LUT
 *fill*         0x0201744a        0x2 ff
 .rodata.default_font_bin
                0x0201744c      0x800 C:/devkitPro/libnds/lib\libnds9.a(default_font.bin.o)
                0x0201744c                default_font_bin
                0x02017c4c                default_font_bin_end
 .rodata._DAYS_BEFORE_MONTH
                0x02017c4c       0x30 C:/devkitPro/devkitARM/bin/../lib/gcc/arm-none-eabi/15.1.0/../../../../arm-none-eabi/lib/thumb\libg.a(libc_a-mktime.o)
 .rodata.DAYS_IN_MONTH
                0x02017c7c       0x30 C:/devkitPro/devkitARM/bin/../lib/gcc/arm-none-eabi/15.1.0/../../../../arm-none-eabi/lib/thumb\libg.a(libc_a-mktime.o)
 .rodata.str1.4
                0x02017cac        0x4 C:/devkitPro/devkitARM/bin/../lib/gcc/arm-none-eabi/15.1.0/../../../../arm-none-eabi/lib/thumb\libg.a(libc_a-tzvars.o)
 .rodata._vfiprintf_r.str1.1
                0x02017cac       0x29 C:/devkitPro/devkitARM/bin/../lib/gcc/arm-none-eabi/15.1.0/../../../../arm-none-eabi/lib/thumb\libg.a(libc_a-vfiprintf.o)
 *fill*         0x02017cd5        0x3 ff
 .rodata.zeroes.0
                0x02017cd8       0x10 C:/devkitPro/devkitARM/bin/../lib/gcc/arm-none-eabi/15.1.0/../../../../arm-none-eabi/lib/thumb\libg.a(libc_a-vfiprintf.o)
 .rodata.blanks.1
                0x02017ce8       0x10 C:/devkitPro/devkitARM/bin/../lib/gcc/arm-none-eabi/15.1.0/../../../../arm-none-eabi/lib/thumb\libg.a(libc_a-vfiprintf.o)
 .rodata.basefix.0
                0x02017cf8       0x22 C:/devkitPro/devkitARM/bin/../lib/gcc/arm-none-eabi/15.1.0/../../../../arm-none-eabi/lib/thumb\libg.a(libc_a-svfiscanf.o)
 *fill*         0x02017d1a        0x2 ff
 .rodata.__month_lengths
                0x02017d1c       0x60 C:/devkitPro/devkitARM/bin/../lib/gcc/arm-none-eabi/15.1.0/../../../../arm-none-eabi/lib/thumb\libg.a(libc_a-month_lengths.o)
                0x02017d1c                __month_lengths
 .rodata._tzset_unlocked_r.str1.4
                0x02017d7c       0x6b C:/devkitPro/devkitARM/bin/../lib/gcc/arm-none-eabi/15.1.0/../../../../arm-none-eabi/lib/thumb\libg.a(libc_a-tzset_r.o)
 .rodata._ctype_
                0x02017d7c      0x101 C:/devkitPro/devkitARM/bin/../lib/gcc/arm-none-eabi/15.1.0/../../../../arm-none-eabi/lib/thumb\libg.a(libc_a-ctype_.o)
                0x02017d7c                _ctype_
 *fill*         0x02017e7d        0x3 ff
 .rodata.__action_table
                0x02017e80       0x6c C:/devkitPro/devkitARM/bin/../lib/gcc/arm-none-eabi/15.1.0/../../../../arm-none-eabi/lib/thumb\libg.a(libc_a-svfiprintf.o)
                0x02017e80                __action_table
 .rodata.__state_table
                0x02017eec       0x6c C:/devkitPro/devkitARM/bin/../lib/gcc/arm-none-eabi/15.1.0/../../../../arm-none-eabi/lib/thumb\libg.a(libc_a-svfiprintf.o)
                0x02017eec                __state_table
 .rodata.__chclass
                0x02017f58      0x100 C:/devkitPro/devkitARM/bin/../lib/gcc/arm-none-eabi/15.1.0/../../../../arm-none-eabi/lib/thumb\libg.a(libc_a-svfiprintf.o)
                0x02017f58                __chclass
 .rodata._mbrtowc_r.str1.4
                0x02018058        0x1 C:/devkitPro/devkitARM/bin/../lib/gcc/arm-none-eabi/15.1.0/../../../../arm-none-eabi/lib/thumb\libg.a(libc_a-mbrtowc.o)
 .rodata.str1.4
                0x02018058       0x4c C:/devkitPro/devkitARM/bin/../lib/gcc/arm-none-eabi/15.1.0/../../../../arm-none-eabi/lib/thumb\libg.a(libc_a-locale.o)
 .rodata.categories
                0x02018058     0x35dc C:/devkitPro/devkitARM/bin/../lib/gcc/arm-none-eabi/15.1.0/../../../../arm-none-eabi/lib/thumb\libg.a(libc_a-categories.o)
 .rodata.AddDevice.str1.4
                0x0201b634        0x8 C:/devkitPro/devkitARM/bin/../lib/gcc/arm-none-eabi/15.1.0/../../../../arm-none-eabi/lib/thumb\libsysbase.a(libsysbase_libsysbase_a-iosupport.o)
 .rodata.dotab_stdnull
                0x0201b634       0x80 C:/devkitPro/devkitARM/bin/../lib/gcc/arm-none-eabi/15.1.0/../../../../arm-none-eabi/lib/thumb\libsysbase.a(libsysbase_libsysbase_a-iosupport.o)
                0x0201b634                dotab_stdnull
 EXCLUDE_FILE(*.twl.*) *(.rodata1)
                0x0201b6b4                        . = ALIGN (0x4)

.main.rw        0x0201b6b8     0x1d2c load address 0x02023770
 EXCLUDE_FILE(*.twl.*) *(.data .data.* .gnu.linkonce.d.*)
 .data.currentSubMode
                0x0201b6b8        0x1 template.o
                0x0201b6b8                currentSubMode
 .data.surfaceYres
                0x0201b6b9        0x1 template.o
                0x0201b6b9                surfaceYres
 .data.surfaceXres
                0x0201b6ba        0x1 template.o
                0x0201b6ba                surfaceXres
 .data.subSurfaceZoom
                0x0201b6bb        0x1 template.o
                0x0201b6bb                subSurfaceZoom
 .data.palleteSize
                0x0201b6bc        0x4 template.o
                0x0201b6bc                palleteSize
 .data.pixels   0x0201b6c0        0x4 template.o
                0x0201b6c0                pixels
 .data.pixelsTop
                0x0201b6c4        0x4 template.o
                0x0201b6c4                pixelsTop
 .data.s_dvmDiscNand
                0x0201b6c8       0x10 C:/devkitPro/libnds/lib\libfat.a(dvm_calico.o)
 .data.s_dvmDiscSd
                0x0201b6d8       0x10 C:/devkitPro/libnds/lib\libfat.a(dvm_calico.o)
 .data.s_dvmDiscDldi
                0x0201b6e8       0x10 C:/devkitPro/libnds/lib\libfat.a(dvm_calico.o)
 .data.g_dvmDefaultSectorsPerPage
                0x0201b6f8        0x4 C:/devkitPro/libnds/lib\libfat.a(dvm_calico.o)
                0x0201b6f8                g_dvmDefaultSectorsPerPage
 .data.g_dvmDefaultCachePages
                0x0201b6fc        0x4 C:/devkitPro/libnds/lib\libfat.a(dvm_calico.o)
                0x0201b6fc                g_dvmDefaultCachePages
 .data.s_dvmFsDrvTable
                0x0201b700       0x20 C:/devkitPro/libnds/lib\libfat.a(dvm_volume.o)
 .data.bgTransform
                0x0201b720       0x20 C:/devkitPro/libnds/lib\libnds9.a(background.o)
                0x0201b720                bgTransform
 .data.bgScrollTable
                0x0201b740       0x20 C:/devkitPro/libnds/lib\libnds9.a(background.o)
                0x0201b740                bgScrollTable
 .data.bgControl
                0x0201b760       0x20 C:/devkitPro/libnds/lib\libnds9.a(background.o)
                0x0201b760                bgControl
 .data.firstConsoleInit.0
                0x0201b780        0x1 C:/devkitPro/libnds/lib\libnds9.a(console.o)
 *fill*         0x0201b781        0x3 ff
 .data.currentConsole
                0x0201b784        0x4 C:/devkitPro/libnds/lib\libnds9.a(console.o)
                0x0201b784                currentConsole
 .data.defaultConsole
                0x0201b788       0x5c C:/devkitPro/libnds/lib\libnds9.a(console.o)
                0x0201b788                defaultConsole
 .data.decomStream
                0x0201b7e4        0xc C:/devkitPro/libnds/lib\libnds9.a(decompress.o)
                0x0201b7e4                decomStream
 .data.count    0x0201b7f0        0x1 C:/devkitPro/libnds/lib\libnds9.a(keys.o)
 .data.repeat   0x0201b7f1        0x1 C:/devkitPro/libnds/lib\libnds9.a(keys.o)
 .data.delay    0x0201b7f2        0x1 C:/devkitPro/libnds/lib\libnds9.a(keys.o)
 *fill*         0x0201b7f3        0x1 ff
 .data.__malloc_sbrk_base
                0x0201b7f4        0x4 C:/devkitPro/devkitARM/bin/../lib/gcc/arm-none-eabi/15.1.0/../../../../arm-none-eabi/lib/thumb\libg.a(libc_a-mallocr.o)
                0x0201b7f4                __malloc_sbrk_base
 .data.__malloc_trim_threshold
                0x0201b7f8        0x4 C:/devkitPro/devkitARM/bin/../lib/gcc/arm-none-eabi/15.1.0/../../../../arm-none-eabi/lib/thumb\libg.a(libc_a-mallocr.o)
                0x0201b7f8                __malloc_trim_threshold
 *fill*         0x0201b7fc        0x4 ff
 .data.__malloc_av_
                0x0201b800      0x408 C:/devkitPro/devkitARM/bin/../lib/gcc/arm-none-eabi/15.1.0/../../../../arm-none-eabi/lib/thumb\libg.a(libc_a-mallocr.o)
                0x0201b800                __malloc_av_
 .data._tzname  0x0201bc08        0x8 C:/devkitPro/devkitARM/bin/../lib/gcc/arm-none-eabi/15.1.0/../../../../arm-none-eabi/lib/thumb\libg.a(libc_a-tzvars.o)
                0x0201bc08                _tzname
 .data.__sglue  0x0201bc10        0xc C:/devkitPro/devkitARM/bin/../lib/gcc/arm-none-eabi/15.1.0/../../../../arm-none-eabi/lib/thumb\libg.a(libc_a-findfp.o)
                0x0201bc10                __sglue
 *fill*         0x0201bc1c        0x4 ff
 .data.tzinfo   0x0201bc20       0x58 C:/devkitPro/devkitARM/bin/../lib/gcc/arm-none-eabi/15.1.0/../../../../arm-none-eabi/lib/thumb\libg.a(libc_a-gettzinfo.o)
 .data._impure_ptr
                0x0201bc78        0x4 C:/devkitPro/devkitARM/bin/../lib/gcc/arm-none-eabi/15.1.0/../../../../arm-none-eabi/lib/thumb\libg.a(libc_a-impure.o)
                0x0201bc78                _impure_ptr
 *fill*         0x0201bc7c        0x4 ff
 .data._impure_data
                0x0201bc80      0x140 C:/devkitPro/devkitARM/bin/../lib/gcc/arm-none-eabi/15.1.0/../../../../arm-none-eabi/lib/thumb\libg.a(libc_a-impure.o)
                0x0201bc80                _impure_data
 .data.__global_locale
                0x0201bdc0      0x16c C:/devkitPro/devkitARM/bin/../lib/gcc/arm-none-eabi/15.1.0/../../../../arm-none-eabi/lib/thumb\libg.a(libc_a-locale.o)
                0x0201bdc0                __global_locale
 .data.environ  0x0201bf2c        0x4 C:/devkitPro/devkitARM/bin/../lib/gcc/arm-none-eabi/15.1.0/../../../../arm-none-eabi/lib/thumb\libg.a(libc_a-environ.o)
                0x0201bf2c                environ
 .data._current_working_directory
                0x0201bf30      0x400 C:/devkitPro/devkitARM/bin/../lib/gcc/arm-none-eabi/15.1.0/../../../../arm-none-eabi/lib/thumb\libsysbase.a(libsysbase_libsysbase_a-chdir.o)
 .data.handles  0x0201c330     0x1000 C:/devkitPro/devkitARM/bin/../lib/gcc/arm-none-eabi/15.1.0/../../../../arm-none-eabi/lib/thumb\libsysbase.a(libsysbase_libsysbase_a-handle_manager.o)
 .data.__stderr_handle
                0x0201d330        0xc C:/devkitPro/devkitARM/bin/../lib/gcc/arm-none-eabi/15.1.0/../../../../arm-none-eabi/lib/thumb\libsysbase.a(libsysbase_libsysbase_a-handle_manager.o)
 .data.__stdout_handle
                0x0201d33c        0xc C:/devkitPro/devkitARM/bin/../lib/gcc/arm-none-eabi/15.1.0/../../../../arm-none-eabi/lib/thumb\libsysbase.a(libsysbase_libsysbase_a-handle_manager.o)
 .data.__stdin_handle
                0x0201d348        0xc C:/devkitPro/devkitARM/bin/../lib/gcc/arm-none-eabi/15.1.0/../../../../arm-none-eabi/lib/thumb\libsysbase.a(libsysbase_libsysbase_a-handle_manager.o)
 .data.devoptab_list
                0x0201d354       0x8c C:/devkitPro/devkitARM/bin/../lib/gcc/arm-none-eabi/15.1.0/../../../../arm-none-eabi/lib/thumb\libsysbase.a(libsysbase_libsysbase_a-iosupport.o)
                0x0201d354                devoptab_list
 .data.defaultDevice
                0x0201d3e0        0x4 C:/devkitPro/devkitARM/bin/../lib/gcc/arm-none-eabi/15.1.0/../../../../arm-none-eabi/lib/thumb\libsysbase.a(libsysbase_libsysbase_a-iosupport.o)
 EXCLUDE_FILE(*.twl.*) *(.data1)
 EXCLUDE_FILE(*.twl.*) *(.igot.plt)
 .igot.plt      0x0201d3e4        0x0 C:/devkitPro/devkitARM/bin/../lib/gcc/arm-none-eabi/15.1.0/thumb/crtbegin.o
                0x0201d3e4                        . = ALIGN (0x4)

.ARM.extab
 *(.ARM.extab* .gnu.linkonce.armextab.*)

.ARM.exidx      0x0201d3e4        0x0 load address 0x0202549c
 *(.ARM.exidx* .gnu.linkonce.armexidx.*)
                [!provide]                        PROVIDE (__exidx_start = ADDR (.ARM.exidx))
                [!provide]                        PROVIDE (__exidx_end = (ADDR (.ARM.exidx) + SIZEOF (.ARM.exidx)))

.eh_frame_hdr
 *(.eh_frame_hdr)
 *(.eh_frame_entry .eh_frame_entry.*)

.eh_frame       0x0201d3e4        0x4 load address 0x0202549c
 *(.eh_frame)
 .eh_frame      0x0201d3e4        0x0 C:/devkitPro/devkitARM/bin/../lib/gcc/arm-none-eabi/15.1.0/thumb/crtbegin.o
 .eh_frame      0x0201d3e4        0x4 C:/devkitPro/devkitARM/bin/../lib/gcc/arm-none-eabi/15.1.0/thumb/crtend.o
 *(.eh_frame.*)

.gcc_except_table
 *(.gcc_except_table .gcc_except_table.*)

.gnu_extab
 *(.gnu_extab*)

.tinfo          0x0201d3e8        0xc load address 0x020254a0
                0x0201d3e8        0x4 LONG 0x201d400 __tls_start
                0x0201d3ec        0x4 LONG 0x0 SIZEOF (.main.tls)
                0x0201d3f0        0x4 LONG 0x0 SIZEOF (.tdata)
                0x0201d3e8                        PROVIDE (__tls_info = ADDR (.tinfo))

.preinit_array  0x0201d3f4        0x0 load address 0x020254ac
                0x0201d3f4                        PROVIDE (__preinit_array_start = .)
 *(.preinit_array)
                0x0201d3f4                        PROVIDE (__preinit_array_end = .)

.init_array     0x0201d3f4        0x4 load address 0x020254ac
                0x0201d3f4                        PROVIDE (__init_array_start = .)
 *(SORT_BY_INIT_PRIORITY(.init_array.*) SORT_BY_INIT_PRIORITY(.ctors.*))
 *(.init_array .ctors)
 .init_array    0x0201d3f4        0x4 C:/devkitPro/devkitARM/bin/../lib/gcc/arm-none-eabi/15.1.0/thumb/crtbegin.o
                0x0201d3f8                        PROVIDE (__init_array_end = .)

.fini_array     0x0201d3f8        0x4 load address 0x020254b0
                0x0201d3f8                        PROVIDE (__fini_array_start = .)
 *(SORT_BY_INIT_PRIORITY(.fini_array.*) SORT_BY_INIT_PRIORITY(.dtors.*))
 *(.fini_array .dtors)
 .fini_array    0x0201d3f8        0x4 C:/devkitPro/devkitARM/bin/../lib/gcc/arm-none-eabi/15.1.0/thumb/crtbegin.o
                0x0201d3fc                        PROVIDE (__fini_array_end = .)
                [!provide]                        PROVIDE (__main_lma = LOADADDR (.main))
                0x020013c0                        PROVIDE (__main_start = ADDR (.main))
                0x0201d3fc                        PROVIDE (__main_end = (ADDR (.fini_array) + SIZEOF (.fini_array)))

.tdata          0x00000000        0x0 load address 0x020254b4
 *(.tdata .tdata.* .gnu.linkonce.td.*)
                0x00000000                        . = ALIGN (0x4)

.tbss           0x00000000        0x0 load address 0x020254b4
 *(.tbss .tbss.* .gnu.linkonce.tb.*)
 *(.tcommon)
                0x00000000                        . = ALIGN (0x4)
                0x00000001                        ASSERT (((ALIGNOF (.tdata) <= 0x8) || (ALIGNOF (.tbss) <= 0x8)), Error: TLS is overaligned (up to 8-byte alignment is supported))
                0x00000001                        ASSERT (((ADDR (.tbss) + SIZEOF (.tbss)) <= (ORIGIN (tls) + LENGTH (tls))), Error: TLS section too large)

.main.tls       0x0201d400        0x0
                0x0201d400                        . = (. + ((ADDR (.tbss) + SIZEOF (.tbss)) - ADDR (.tdata)))
                [!provide]                        PROVIDE (__tls_lma = LOADADDR (.tdata))
                0x0201d400                        PROVIDE (__tls_start = ADDR (.main.tls))
                0x0201d400                        PROVIDE (__tls_end = (ADDR (.main.tls) + SIZEOF (.tdata)))

.main.bss       0x0201d400    0x12488
 EXCLUDE_FILE(*.twl.*) *(.dynbss)
 EXCLUDE_FILE(*.twl.*) *(.bss .bss.* .gnu.linkonce.b.*)
 .bss.completed.1
                0x0201d400        0x1 C:/devkitPro/devkitARM/bin/../lib/gcc/arm-none-eabi/15.1.0/thumb/crtbegin.o
 *fill*         0x0201d401        0x3 
 .bss.object.0  0x0201d404       0x18 C:/devkitPro/devkitARM/bin/../lib/gcc/arm-none-eabi/15.1.0/thumb/crtbegin.o
 .bss.currentTool
                0x0201d41c        0x1 template.o
                0x0201d41c                currentTool
 .bss.stylusPressed
                0x0201d41d        0x1 template.o
                0x0201d41d                stylusPressed
 *fill*         0x0201d41e        0x2 
 .bss._ZZ17drawSurfaceBottomiiE4temp
                0x0201d420      0x100 template.o
                0x0201d420                drawSurfaceBottom(int, int)::temp
 .bss.subSurfaceYoffset
                0x0201d520        0x1 template.o
                0x0201d520                subSurfaceYoffset
 .bss.subSurfaceXoffset
                0x0201d521        0x1 template.o
                0x0201d521                subSurfaceXoffset
 *fill*         0x0201d522        0x2 
 .bss.mainSurfaceYoffset
                0x0201d524        0x4 template.o
                0x0201d524                mainSurfaceYoffset
 .bss.mainSurfaceXoffset
                0x0201d528        0x4 template.o
                0x0201d528                mainSurfaceXoffset
 .bss.prevtpy   0x0201d52c        0x4 template.o
                0x0201d52c                prevtpy
 .bss.prevtpx   0x0201d530        0x4 template.o
                0x0201d530                prevtpx
 .bss.palEdit   0x0201d534        0x3 template.o
                0x0201d534                palEdit
 *fill*         0x0201d537        0x1 
 .bss.pallete   0x0201d538      0x200 template.o
                0x0201d538                pallete
 .bss.palletePos
                0x0201d738        0x4 template.o
                0x0201d738                palletePos
 .bss._ZZ16drawRectangleDMAiiiitE8fillLine
                0x0201d73c      0x200 template.o
                0x0201d73c                drawRectangleDMA(int, int, int, int, unsigned short)::fillLine
 .bss.toolsImg  0x0201d93c     0x1200 template.o
                0x0201d93c                toolsImg
 .bss.stack     0x0201eb3c     0x8000 template.o
                0x0201eb3c                stack
 .bss.surface   0x02026b3c     0x8000 template.o
                0x02026b3c                surface
 .bss.g_dvmCalicoNandMount
                0x0202eb3c        0x4 C:/devkitPro/libnds/lib\libfat.a(dvm_calico.o)
                0x0202eb3c                g_dvmCalicoNandMount
 .bss.Fsid      0x0202eb40        0x2 C:/devkitPro/libnds/lib\libfat.a(ff.o)
 *fill*         0x0202eb42        0x2 
 .bss.bgIsTextLut
                0x0202eb44        0x8 C:/devkitPro/libnds/lib\libnds9.a(background.o)
                0x0202eb44                bgIsTextLut
 .bss.bgState   0x0202eb4c      0x140 C:/devkitPro/libnds/lib\libnds9.a(background.o)
                0x0202eb4c                bgState
 .bss.currentCopy
                0x0202ec8c       0x5c C:/devkitPro/libnds/lib\libnds9.a(console.o)
                0x0202ec8c                currentCopy
 .bss.keysrepeat
                0x0202ece8        0x2 C:/devkitPro/libnds/lib\libnds9.a(keys.o)
 *fill*         0x0202ecea        0x2 
 .bss.s_keypad  0x0202ecec        0x4 C:/devkitPro/libnds/lib\libnds9.a(keys.o)
 .bss.s_sleepThreads
                0x0202ecf0        0x8 C:/devkitPro/calico/lib\libcalico_ds9.a(thread_cold.o)
 .bss.s_joinThreads
                0x0202ecf8        0x8 C:/devkitPro/calico/lib\libcalico_ds9.a(thread_cold.o)
 .bss.s_idleThread
                0x0202ed00       0x70 C:/devkitPro/calico/lib\libcalico_ds9.a(thread_cold.o)
 .bss.s_mainThread
                0x0202ed70       0x70 C:/devkitPro/calico/lib\libcalico_ds9.a(thread_cold.o)
 .bss.s_defaultErrno.0
                0x0202ede0        0x4 C:/devkitPro/calico/lib\libcalico_ds9.a(newlib_syscalls.o)
 .bss.__stacksize__
                0x0202ede4        0x4 C:/devkitPro/calico/lib\libcalico_ds9.a(startup.crt0.o)
                0x0202ede4                __stacksize__
 .bss.g_isTwlMode
                0x0202ede8        0x1 C:/devkitPro/calico/lib\libcalico_ds9.a(startup.crt0.o)
                0x0202ede8                g_isTwlMode
 *fill*         0x0202ede9        0x3 
 .bss.s_pxiChannels
                0x0202edec      0x1f0 C:/devkitPro/calico/lib\libcalico_ds9.a(pxi.o)
 .bss.s_pxiRecvState
                0x0202efdc        0x4 C:/devkitPro/calico/lib\libcalico_ds9.a(pxi.o)
 .bss.s_pxiRecvQueue
                0x0202efe0        0x8 C:/devkitPro/calico/lib\libcalico_ds9.a(pxi.o)
 .bss.s_pxiSendMutex
                0x0202efe8        0x4 C:/devkitPro/calico/lib\libcalico_ds9.a(pxi.o)
 *fill*         0x0202efec        0x4 
 .bss.s_pmPxiThreadStack
                0x0202eff0      0x200 C:/devkitPro/calico/lib\libcalico_ds9.a(pm.o)
 .bss.s_pmPxiThread
                0x0202f1f0       0x70 C:/devkitPro/calico/lib\libcalico_ds9.a(pm.o)
 .bss.s_pmState
                0x0202f260        0x8 C:/devkitPro/calico/lib\libcalico_ds9.a(pm.o)
 .bss.s_firstTask
                0x0202f268        0x4 C:/devkitPro/calico/lib\libcalico_ds9.a(tick.o)
 *fill*         0x0202f26c        0x4 
 .bss.s_highTickCount
                0x0202f270        0x8 C:/devkitPro/calico/lib\libcalico_ds9.a(tick.o)
 .bss.s_tickInit
                0x0202f278        0x1 C:/devkitPro/calico/lib\libcalico_ds9.a(tick.o)
 *fill*         0x0202f279        0x3 
 .bss.s_mailboxRecvQueue
                0x0202f27c        0x8 C:/devkitPro/calico/lib\libcalico_ds9.a(mailbox.o)
 .bss.__tz_mutex
                0x0202f284        0x4 C:/devkitPro/devkitARM/bin/../lib/gcc/arm-none-eabi/15.1.0/../../../../arm-none-eabi/lib/thumb\libg.a(libc_a-tzlock.o)
 .bss.__malloc_current_mallinfo
                0x0202f288       0x28 C:/devkitPro/devkitARM/bin/../lib/gcc/arm-none-eabi/15.1.0/../../../../arm-none-eabi/lib/thumb\libg.a(libc_a-mallocr.o)
                0x0202f288                __malloc_current_mallinfo
 .bss.__malloc_max_total_mem
                0x0202f2b0        0x4 C:/devkitPro/devkitARM/bin/../lib/gcc/arm-none-eabi/15.1.0/../../../../arm-none-eabi/lib/thumb\libg.a(libc_a-mallocr.o)
                0x0202f2b0                __malloc_max_total_mem
 .bss.__malloc_max_sbrked_mem
                0x0202f2b4        0x4 C:/devkitPro/devkitARM/bin/../lib/gcc/arm-none-eabi/15.1.0/../../../../arm-none-eabi/lib/thumb\libg.a(libc_a-mallocr.o)
                0x0202f2b4                __malloc_max_sbrked_mem
 .bss.__malloc_top_pad
                0x0202f2b8        0x4 C:/devkitPro/devkitARM/bin/../lib/gcc/arm-none-eabi/15.1.0/../../../../arm-none-eabi/lib/thumb\libg.a(libc_a-mallocr.o)
                0x0202f2b8                __malloc_top_pad
 .bss.__malloc_recursive_mutex
                0x0202f2bc        0xc C:/devkitPro/devkitARM/bin/../lib/gcc/arm-none-eabi/15.1.0/../../../../arm-none-eabi/lib/thumb\libg.a(libc_a-mlock.o)
 .bss._timezone
                0x0202f2c8        0x4 C:/devkitPro/devkitARM/bin/../lib/gcc/arm-none-eabi/15.1.0/../../../../arm-none-eabi/lib/thumb\libg.a(libc_a-tzvars.o)
                0x0202f2c8                _timezone
 .bss._daylight
                0x0202f2cc        0x4 C:/devkitPro/devkitARM/bin/../lib/gcc/arm-none-eabi/15.1.0/../../../../arm-none-eabi/lib/thumb\libg.a(libc_a-tzvars.o)
                0x0202f2cc                _daylight
 .bss.__sfp_recursive_mutex
                0x0202f2d0        0xc C:/devkitPro/devkitARM/bin/../lib/gcc/arm-none-eabi/15.1.0/../../../../arm-none-eabi/lib/thumb\libg.a(libc_a-findfp.o)
 *fill*         0x0202f2dc        0x4 
 .bss.__sf      0x0202f2e0      0x168 C:/devkitPro/devkitARM/bin/../lib/gcc/arm-none-eabi/15.1.0/../../../../arm-none-eabi/lib/thumb\libg.a(libc_a-findfp.o)
                0x0202f2e0                __sf
 .bss.__stdio_exit_handler
                0x0202f448        0x4 C:/devkitPro/devkitARM/bin/../lib/gcc/arm-none-eabi/15.1.0/../../../../arm-none-eabi/lib/thumb\libg.a(libc_a-findfp.o)
                0x0202f448                __stdio_exit_handler