Archive member included to satisfy reference by file (symbol)

C:/msys64/opt/wonderful/thirdparty/blocksds/core/libs/libnds/lib\libnds9.a(cp15.s.o)
                              C:/msys64/opt/wonderful/thirdparty/blocksds/core/sys/crts/ds_arm9_crt0.o (CP15_FlushICache)
C:/msys64/opt/wonderful/thirdparty/blocksds/core/libs/libnds/lib\libnds9.a(mpu_setup.s.o)
                              C:/msys64/opt/wonderful/thirdparty/blocksds/core/sys/crts/ds_arm9_crt0.o (__libnds_mpu_setup)
C:/msys64/opt/wonderful/thirdparty/blocksds/core/libs/libnds/lib\libnds9.a(dma.s.o)
                              build/A-Pix/source/avdslib.cpp.o (dmaSetParams)
C:/msys64/opt/wonderful/thirdparty/blocksds/core/libs/libnds/lib\libnds9.a(memcpy.s.o)
                              build/A-Pix/source/avdslib.cpp.o (memcpy)
C:/msys64/opt/wonderful/thirdparty/blocksds/core/libs/libnds/lib\libnds9.a(memset.s.o)
                              build/A-Pix/source/formats.cpp.o (memset)
C:/msys64/opt/wonderful/thirdparty/blocksds/core/libs/libnds/lib\libnds9.a(console.c.o)
                              build/A-Pix/source/main.cpp.o (consoleInit)
C:/msys64/opt/wonderful/thirdparty/blocksds/core/libs/libnds/lib\libnds9.a(chdir.c.o)
                              build/A-Pix/source/main.cpp.o (chdir)
C:/msys64/opt/wonderful/thirdparty/blocksds/core/libs/libnds/lib\libnds9.a(crt0_argv.c.o)
                              C:/msys64/opt/wonderful/thirdparty/blocksds/core/sys/crts/ds_arm9_crt0.o (build_argv)
C:/msys64/opt/wonderful/thirdparty/blocksds/core/libs/libnds/lib\libnds9.a(dirent.c.o)
                              build/A-Pix/source/main.cpp.o (opendir)
C:/msys64/opt/wonderful/thirdparty/blocksds/core/libs/libnds/lib\libnds9.a(fatfs.c.o)
                              C:/msys64/opt/wonderful/thirdparty/blocksds/core/libs/libnds/lib\libnds9.a(chdir.c.o) (fatfs_error_to_posix)
C:/msys64/opt/wonderful/thirdparty/blocksds/core/libs/libnds/lib\libnds9.a(filesystem.c.o)
                              C:/msys64/opt/wonderful/thirdparty/blocksds/core/libs/libnds/lib\libnds9.a(chdir.c.o) (current_drive_is_nitrofs)
C:/msys64/opt/wonderful/thirdparty/blocksds/core/libs/libnds/lib\libnds9.a(iob.c.o)
                              C:/msys64/opt/wonderful/thirdparty/blocksds/core/libs/libnds/lib\libnds9.a(console.c.o) (stderr)
C:/msys64/opt/wonderful/thirdparty/blocksds/core/libs/libnds/lib\libnds9.a(nitrofs.c.o)
                              C:/msys64/opt/wonderful/thirdparty/blocksds/core/libs/libnds/lib\libnds9.a(dirent.c.o) (nitrofs_use_for_path)
C:/msys64/opt/wonderful/thirdparty/blocksds/core/libs/libnds/lib\libnds9.a(sassert.c.o)
                              build/A-Pix/source/intro.cpp.o (__sassert)
C:/msys64/opt/wonderful/thirdparty/blocksds/core/libs/libnds/lib\libnds9.a(card.c.o)
                              C:/msys64/opt/wonderful/thirdparty/blocksds/core/libs/libnds/lib\libnds9.a(nitrofs.c.o) (cardReadArm7)
C:/msys64/opt/wonderful/thirdparty/blocksds/core/libs/libnds/lib\libnds9.a(dldi.c.o)
                              C:/msys64/opt/wonderful/thirdparty/blocksds/core/libs/libnds/lib\libnds9.a(nitrofs.c.o) (dldiGetMode)
C:/msys64/opt/wonderful/thirdparty/blocksds/core/libs/libnds/lib\libnds9.a(nandfs.c.o)
                              C:/msys64/opt/wonderful/thirdparty/blocksds/core/libs/libnds/lib\libnds9.a(fatfs.c.o) (nand_WriteProtect)
C:/msys64/opt/wonderful/thirdparty/blocksds/core/libs/libnds/lib\libnds9.a(sdmmc.c.o)
                              C:/msys64/opt/wonderful/thirdparty/blocksds/core/libs/libnds/lib\libnds9.a(nandfs.c.o) (nand_Startup)
C:/msys64/opt/wonderful/thirdparty/blocksds/core/libs/libnds/lib\libnds9.a(cache.c.o)
                              build/A-Pix/source/intro.cpp.o (CP15_CleanAndFlushDCacheRange)
C:/msys64/opt/wonderful/thirdparty/blocksds/core/libs/libnds/lib\libnds9.a(exceptions.c.o)
                              build/A-Pix/source/main.cpp.o (defaultExceptionHandler)
C:/msys64/opt/wonderful/thirdparty/blocksds/core/libs/libnds/lib\libnds9.a(initSystem.c.o)
                              C:/msys64/opt/wonderful/thirdparty/blocksds/core/sys/crts/ds_arm9_crt0.o (__debugger_unit)
C:/msys64/opt/wonderful/thirdparty/blocksds/core/libs/libnds/lib\libnds9.a(keys.c.o)
                              build/A-Pix/source/intro.cpp.o (scanKeys)
C:/msys64/opt/wonderful/thirdparty/blocksds/core/libs/libnds/lib\libnds9.a(securearea.c.o)
                              C:/msys64/opt/wonderful/thirdparty/blocksds/core/sys/crts/ds_arm9_crt0.o (__secure_area__)
C:/msys64/opt/wonderful/thirdparty/blocksds/core/libs/libnds/lib\libnds9.a(system.c.o)
                              C:/msys64/opt/wonderful/thirdparty/blocksds/core/libs/libnds/lib\libnds9.a(initSystem.c.o) (systemValueHandler)
C:/msys64/opt/wonderful/thirdparty/blocksds/core/libs/libnds/lib\libnds9.a(background.c.o)
                              build/A-Pix/source/intro.cpp.o (bgUpdate)
C:/msys64/opt/wonderful/thirdparty/blocksds/core/libs/libnds/lib\libnds9.a(sprite.c.o)
[...]
Memory Configuration

Name             Origin             Length             Attributes
ewram            0x02000000         0x00380000
dtcm             0x02ff0000         0x00004000
itcm             0x01000000         0x00008000
*default*        0x00000000         0xffffffff

Linker script and memory map

                0x00000000                        PROVIDE (__dtcm_data_size = 0x0)
                0x00000001                        ASSERT (((__dtcm_data_size & 0x3) == 0x0), __dtcm_data_size must be a multiple of 4)
                0x00004000                        PROVIDE (__dldi_size = 0x4000)
                0x00000040                        PROVIDE (__dtcm_reserved_size = 0x40)
                0x00000001                        ASSERT (((__dtcm_reserved_size & 0x3) == 0x0), __dtcm_reserved_size must be a multiple of 4)
                0x00000100                        PROVIDE (__svc_stack_size = 0x100)
                0x00000001                        ASSERT (((__svc_stack_size & 0x3) == 0x0), __svc_stack_size must be a multiple of 4)
                0x00000100                        PROVIDE (__irq_stack_size = 0x100)
                0x00000001                        ASSERT (((__irq_stack_size & 0x3) == 0x0), __irq_stack_size must be a multiple of 4)
                0x00000000                        PROVIDE (__usr_stack_size = 0x0)
                0x00000001                        ASSERT (((__usr_stack_size & 0x3) == 0x0), __usr_stack_size must be a multiple of 4)
                0x02380000                        __ewram_end = (ORIGIN (ewram) + LENGTH (ewram))
                0x02380000                        __eheap_end = (ORIGIN (ewram) + LENGTH (ewram))
                0x02ff0000                        __dtcm_start = ORIGIN (dtcm)
                0x02ff4000                        __dtcm_top = (ORIGIN (dtcm) + LENGTH (dtcm))
                0x02ff3ff8                        __irq_flags = (__dtcm_top - 0x8)
                0x02ff3ffc                        __irq_vector = (__dtcm_top - 0x4)
                0x02ff3fc0                        __sp_svc = (__dtcm_top - __dtcm_reserved_size)
                0x02ff3ec0                        __sp_irq = (__sp_svc - __svc_stack_size)
                0x02ff3dc0                        __sp_usr = ((__sp_irq - __irq_stack_size) - __dtcm_data_size)
                0x02ff0000                        __dtcm_data_start = (__dtcm_data_size > 0x0)?__sp_usr:ORIGIN (dtcm)
                0x02ff3dc0                        __dtcm_data_top = (__dtcm_data_size > 0x0)?(__sp_irq - __irq_stack_size):(__sp_usr - __usr_stack_size)
                0x0000000e                        __dldi_log2_size = (LOG2CEIL ((__dldi_size + 0x1)) - 0x1)

.secure         0x02000000      0x800
 *(.secure)
 .secure        0x02000000      0x800 C:/msys64/opt/wonderful/thirdparty/blocksds/core/libs/libnds/lib\libnds9.a(securearea.c.o)
                0x02000000                __secure_area__

.crt0           0x02000800      0x2f0
                0x02000800                        __text_start = .
 *(.crt0)
 .crt0          0x02000800      0x2f0 C:/msys64/opt/wonderful/thirdparty/blocksds/core/sys/crts/ds_arm9_crt0.o
                0x02000800                _start
                0x02000af0                        . = ALIGN (0x4)

.dldi           0x02000b00     0x4000
                0x02000b00                        __dldi_start = .
 *(.dldi)
 .dldi          0x02000b00       0x88 C:/msys64/opt/wonderful/thirdparty/blocksds/core/libs/libnds/lib\libnds9.a(dldi_stub.s.o)
                0x02000b00                _io_dldi_stub
                0x02000b88                        . = ALIGN (0x4)
                0x02000b88                        __dldi_data_end = .
                0x02004b00                        __dldi_end = (__dldi_data_end > __dldi_start)?(__dldi_start + __dldi_size):__dldi_start
                0x02004b00                        . = __dldi_end
 *fill*         0x02000b88     0x3f78 00
                0x02004b00                        . = ALIGN (0x4)

.plt
 *(.plt)

.init           0x02004b00        0x8
 *(SORT_NONE(.init))
 .init          0x02004b00        0x8 C:/msys64/opt/wonderful/toolchain/gcc-arm-none-eabi/lib/gcc/arm-none-eabi/15.2.1/thumb/arm946e-s/crtn.o

.text           0x02004b08    0x13dc0
 *(EXCLUDE_FILE(*.twl* *.itcm*) .text)
 .text          0x02004b08       0xa8 build/A-Pix/source/drawSurfaceBottom16x.s.o
                0x02004b08                drawSurfaceBottom16x
 .text          0x02004bb0       0x60 build/A-Pix/source/drawSurfaceBottom2x.s.o
                0x02004bb0                drawSurfaceBottom2x
 .text          0x02004c10       0xe8 build/A-Pix/source/drawSurfaceBottom32x.s.o
                0x02004c10                drawSurfaceBottom32x
 .text          0x02004cf8       0x78 build/A-Pix/source/drawSurfaceBottom4x.s.o
                0x02004cf8                drawSurfaceBottom4x
 .text          0x02004d70       0x88 build/A-Pix/source/drawSurfaceBottom8x.s.o
                0x02004d70                drawSurfaceBottom8x
 .text          0x02004df8       0x60 build/A-Pix/source/memcpy_fast_arm9.s.o
                0x02004df8                memcpy_fast_arm9
 .text          0x02004e58       0x10 C:/msys64/opt/wonderful/toolchain/gcc-arm-none-eabi/lib/gcc/arm-none-eabi/15.2.1/../../../../arm-none-eabi/lib/thumb/arm946e-s\libc.a(strcpy.S.o)
                0x02004e58                strcpy
 .text          0x02004e68        0xe C:/msys64/opt/wonderful/toolchain/gcc-arm-none-eabi/lib/gcc/arm-none-eabi/15.2.1/../../../../arm-none-eabi/lib/thumb/arm946e-s\libc.a(strlen.S.o)
                0x02004e68                strlen
 *fill*         0x02004e76        0x2 ff
 .text          0x02004e78       0x14 C:/msys64/opt/wonderful/toolchain/gcc-arm-none-eabi/lib/gcc/arm-none-eabi/15.2.1/thumb/arm946e-s\libgcc.a(_thumb1_case_uqi.o)
                0x02004e78                __gnu_thumb1_case_uqi
 .text          0x02004e8c       0x14 C:/msys64/opt/wonderful/toolchain/gcc-arm-none-eabi/lib/gcc/arm-none-eabi/15.2.1/thumb/arm946e-s\libgcc.a(_thumb1_case_uhi.o)
                0x02004e8c                __gnu_thumb1_case_uhi
 .text          0x02004ea0      0x214 C:/msys64/opt/wonderful/toolchain/gcc-arm-none-eabi/lib/gcc/arm-none-eabi/15.2.1/thumb/arm946e-s\libgcc.a(_udivsi3.o)
                0x02004ea0                __aeabi_uidiv
                0x02004ea0                __udivsi3
                0x02005094                __aeabi_uidivmod
 .text          0x020050b4      0x248 C:/msys64/opt/wonderful/toolchain/gcc-arm-none-eabi/lib/gcc/arm-none-eabi/15.2.1/thumb/arm946e-s\libgcc.a(_divsi3.o)
                0x020050b4                __divsi3
                0x020050b4                __aeabi_idiv
                0x020052dc                __aeabi_idivmod
 .text          0x020052fc        0x4 C:/msys64/opt/wonderful/toolchain/gcc-arm-none-eabi/lib/gcc/arm-none-eabi/15.2.1/thumb/arm946e-s\libgcc.a(_dvmd_tls.o)
                0x020052fc                __aeabi_idiv0
                0x020052fc                __aeabi_ldiv0
 .text          0x02005300       0x18 C:/msys64/opt/wonderful/toolchain/gcc-arm-none-eabi/lib/gcc/arm-none-eabi/15.2.1/thumb/arm946e-s\libgcc.a(_lshrdi3.o)
                0x02005300                __lshrdi3
                0x02005300                __aeabi_llsr
 .text          0x02005318       0x1c C:/msys64/opt/wonderful/toolchain/gcc-arm-none-eabi/lib/gcc/arm-none-eabi/15.2.1/thumb/arm946e-s\libgcc.a(_ashrdi3.o)
                0x02005318                __aeabi_lasr
                0x02005318                __ashrdi3
 .text          0x02005334       0x18 C:/msys64/opt/wonderful/toolchain/gcc-arm-none-eabi/lib/gcc/arm-none-eabi/15.2.1/thumb/arm946e-s\libgcc.a(_ashldi3.o)
                0x02005334                __aeabi_llsl
                0x02005334                __ashldi3
 .text          0x0200534c      0x3c0 C:/msys64/opt/wonderful/toolchain/gcc-arm-none-eabi/lib/gcc/arm-none-eabi/15.2.1/thumb/arm946e-s\libgcc.a(_arm_addsubdf3.o)
                0x0200534c                __aeabi_drsub
                0x02005354                __aeabi_dsub
                0x02005354                __subdf3
                0x02005358                __aeabi_dadd
                0x02005358                __adddf3
                0x02005604                __floatunsidf
                0x02005604                __aeabi_ui2d
                0x02005628                __floatsidf
                0x02005628                __aeabi_i2d
                0x02005650                __aeabi_f2d
                0x02005650                __extendsfdf2
                0x02005698                __floatundidf
                0x02005698                __aeabi_ul2d
                0x020056ac                __floatdidf
                0x020056ac                __aeabi_l2d
 .text          0x0200570c       0xa0 C:/msys64/opt/wonderful/toolchain/gcc-arm-none-eabi/lib/gcc/arm-none-eabi/15.2.1/thumb/arm946e-s\libgcc.a(_arm_truncdfsf2.o)
                0x0200570c                __truncdfsf2
                0x0200570c                __aeabi_d2f
 .text          0x020057ac        0x8 C:/msys64/opt/wonderful/toolchain/gcc-arm-none-eabi/lib/gcc/arm-none-eabi/15.2.1/thumb/arm946e-s\libgcc.a(_clzsi2.o)
                0x020057ac                __clzsi2
 .text          0x020057b4       0x14 C:/msys64/opt/wonderful/toolchain/gcc-arm-none-eabi/lib/gcc/arm-none-eabi/15.2.1/thumb/arm946e-s\libgcc.a(_clzdi2.o)
                0x020057b4                __clzdi2
 .text          0x020057c8       0xd4 C:/msys64/opt/wonderful/toolchain/gcc-arm-none-eabi/lib/gcc/arm-none-eabi/15.2.1/thumb/arm946e-s\libgcc.a(_aeabi_ldivmod.o)
                0x020057c8                __aeabi_ldivmod
 .text          0x0200589c       0x3c C:/msys64/opt/wonderful/toolchain/gcc-arm-none-eabi/lib/gcc/arm-none-eabi/15.2.1/thumb/arm946e-s\libgcc.a(_aeabi_uldivmod.o)
                0x0200589c                __aeabi_uldivmod
 .text          0x020058d8      0x190 C:/msys64/opt/wonderful/toolchain/gcc-arm-none-eabi/lib/gcc/arm-none-eabi/15.2.1/thumb/arm946e-s\libgcc.a(_udivmoddi4.o)
                0x020058d8                __udivmoddi4
 .text          0x02005a68       0x14 C:/msys64/opt/wonderful/toolchain/gcc-arm-none-eabi/lib/gcc/arm-none-eabi/15.2.1/thumb/arm946e-s\libgcc.a(muldi3.o)
                0x02005a68                __muldi3
                0x02005a68                __aeabi_lmul
 *(EXCLUDE_FILE(*.twl* *.itcm*) .stub)
 *(EXCLUDE_FILE(*.twl* *.itcm*) .text.*)
 .text._Z6AVARGBiiii
                0x02005a7c       0x24 build/A-Pix/source/avdslib.cpp.o
                0x02005a7c                AVARGB(int, int, int, int)
 .text._Z13AVinvertColort
                0x02005aa0       0x10 build/A-Pix/source/avdslib.cpp.o
                0x02005aa0                AVinvertColor(unsigned short)
 .text._Z9AVfillDMAPtiit
                0x02005ab0       0x2c build/A-Pix/source/avdslib.cpp.o
                0x02005ab0                AVfillDMA(unsigned short*, int, int, unsigned short)
 .text._Z15AVdrawRectanglePtiiiit
                0x02005adc       0x9c build/A-Pix/source/avdslib.cpp.o
                0x02005adc                AVdrawRectangle(unsigned short*, int, int, int, int, unsigned short)
 .text._Z18AVdrawRectangleDMAPtiiiiti
                0x02005b78       0x70 build/A-Pix/source/avdslib.cpp.o
                0x02005b78                AVdrawRectangleDMA(unsigned short*, int, int, int, int, unsigned short, int)
 .text._Z21AVdrawRectangleHollowPtiiiit
                0x02005be8       0x9c build/A-Pix/source/avdslib.cpp.o
                0x02005be8                AVdrawRectangleHollow(unsigned short*, int, int, int, int, unsigned short)
 .text._Z11AVdrawVlinePtiiit
                0x02005c84       0x24 build/A-Pix/source/avdslib.cpp.o
                0x02005c84                AVdrawVline(unsigned short*, int, int, int, unsigned short)
 .text._Z11AVdrawHlinePtiiit
                0x02005ca8       0x24 build/A-Pix/source/avdslib.cpp.o
                0x02005ca8                AVdrawHline(unsigned short*, int, int, int, unsigned short)
 .text._Z9importNESPKcPt
                0x02005ccc      0x108 build/A-Pix/source/formats.cpp.o
                0x02005ccc                importNES(char const*, unsigned short*)
 .text._Z9exportNESPKcPti
                0x02005dd4       0xf8 build/A-Pix/source/formats.cpp.o
                0x02005dd4                exportNES(char const*, unsigned short*, int)
 .text._Z9importGBCPKcPt
                0x02005ecc       0xd8 build/A-Pix/source/formats.cpp.o
                0x02005ecc                importGBC(char const*, unsigned short*)
 .text._Z9exportGBCPKcPti
                0x02005fa4       0xcc build/A-Pix/source/formats.cpp.o
                0x02005fa4                exportGBC(char const*, unsigned short*, int)
 .text._Z10importSNESPKcPt
                0x02006070      0x15c build/A-Pix/source/formats.cpp.o
                0x02006070                importSNES(char const*, unsigned short*)
 .text._Z10exportSNESPKcPti
                0x020061cc      0x15c build/A-Pix/source/formats.cpp.o
                0x020061cc                exportSNES(char const*, unsigned short*, int)
 .text._Z9importGBAPKcPt
                0x02006328       0xcc build/A-Pix/source/formats.cpp.o
                0x02006328                importGBA(char const*, unsigned short*)
 .text._Z9exportGBAPKcPti
                0x020063f4       0xa8 build/A-Pix/source/formats.cpp.o
                0x020063f4                exportGBA(char const*, unsigned short*, int)
 .text._Z9importPalPKc
                0x0200649c       0xbc build/A-Pix/source/formats.cpp.o
                0x0200649c                importPal(char const*)
 .text._Z9exportPalPKc
                0x02006558       0x94 build/A-Pix/source/formats.cpp.o
                0x02006558                exportPal(char const*)
 .text._Z9importPCXPKcPt
                0x020065ec      0x1cc build/A-Pix/source/formats.cpp.o
                0x020065ec                importPCX(char const*, unsigned short*)
 .text._Z9exportPCXPKcPtii
                0x020067b8      0x190 build/A-Pix/source/formats.cpp.o
                0x020067b8                exportPCX(char const*, unsigned short*, int, int)
 .text._Z14writeBmpHeaderP6__file
                0x02006948       0x8c build/A-Pix/source/formats.cpp.o
                0x02006948                writeBmpHeader(__file*)
 .text._Z7saveBMPPKcPtS1_
                0x020069d4       0x78 build/A-Pix/source/formats.cpp.o
                0x020069d4                saveBMP(char const*, unsigned short*, unsigned short*)
 .text._Z14loadBMP_directPKcPt
                0x02006a4c      0x1fc build/A-Pix/source/formats.cpp.o
                0x02006a4c                loadBMP_direct(char const*, unsigned short*)
 .text._Z15saveBMP_indexedPKcPtS1_
                0x02006c48      0x154 build/A-Pix/source/formats.cpp.o
                0x02006c48                saveBMP_indexed(char const*, unsigned short*, unsigned short*)
 .text._Z15loadBMP_indexedPKcPtS1_
                0x02006d9c      0x218 build/A-Pix/source/formats.cpp.o
                0x02006d9c                loadBMP_indexed(char const*, unsigned short*, unsigned short*)
 .text._Z12saveBMP_4bppPKcPtS1_
                0x02006fb4      0x1a8 build/A-Pix/source/formats.cpp.o
                0x02006fb4                saveBMP_4bpp(char const*, unsigned short*, unsigned short*)
 .text._Z12loadBMP_4bppPKcPtS1_
                0x0200715c      0x238 build/A-Pix/source/formats.cpp.o
                0x0200715c                loadBMP_4bpp(char const*, unsigned short*, unsigned short*)
 .text._Z9importTGAPKcPt
                0x02007394      0x130 build/A-Pix/source/formats.cpp.o
                0x02007394                importTGA(char const*, unsigned short*)
 .text._Z9exportTGAPKcPtii
                0x020074c4      0x110 build/A-Pix/source/formats.cpp.o
                0x020074c4                exportTGA(char const*, unsigned short*, int, int)
 .text._Z9importACSPKcPt
                0x020075d4      0xa08 build/A-Pix/source/formats.cpp.o
                0x020075d4                importACS(char const*, unsigned short*)
 .text._Z9exportACSPKcPt
                0x02007fdc      0x47c build/A-Pix/source/formats.cpp.o
                0x02007fdc                exportACS(char const*, unsigned short*)
 .text._ZL9doNothingv
                0x02008458        0x4 build/A-Pix/source/intro.cpp.o
 .text._ZL14vblank_handlerv
                0x0200845c       0x80 build/A-Pix/source/intro.cpp.o
 .text._Z11updateStarsi
                0x020084dc       0xc4 build/A-Pix/source/intro.cpp.o
                0x020084dc                updateStars(int)
 .text._Z5introv
                0x020085a0      0x55c build/A-Pix/source/intro.cpp.o
                0x020085a0                intro()
 .text._Z9listFilesv.part.0
                0x02008afc      0x230 build/A-Pix/source/main.cpp.o
 .text._Z8textModev.part.0
                0x02008d2c       0x6c build/A-Pix/source/main.cpp.o
 .text._Z11enterFolderi
                0x02008d98       0x8c build/A-Pix/source/main.cpp.o
                0x02008d98                enterFolder(int)
 .text._Z6goBackv
                0x02008e24       0x58 build/A-Pix/source/main.cpp.o
                0x02008e24                goBack()
 .text._Z10submitVRAMbbb
                0x02008e7c      0x148 build/A-Pix/source/main.cpp.o
                0x02008e7c                submitVRAM(bool, bool, bool)
 .text._Z15drawSurfaceMainb
                0x02008fc4      0x140 build/A-Pix/source/main.cpp.o
                0x02008fc4                drawSurfaceMain(bool)
 .text._Z17drawSurfaceBottomv
                0x02009104      0x208 build/A-Pix/source/main.cpp.o
                0x02009104                drawSurfaceBottom()
 .text._Z16drawColorPalettev
                0x0200930c       0x74 build/A-Pix/source/main.cpp.o
                0x0200930c                drawColorPalette()
 .text._Z14drawNesPalettev
                0x02009380       0x74 build/A-Pix/source/main.cpp.o
                0x02009380                drawNesPalette()
 .text._Z9updatePaliPi
                0x020093f4      0x170 build/A-Pix/source/main.cpp.o
                0x020093f4                updatePal(int, int*)
 .text._Z14clearTopBitmapv
                0x02009564       0xb8 build/A-Pix/source/main.cpp.o
                0x02009564                clearTopBitmap()
 .text._Z10initBitmapv
                0x0200961c      0x1dc build/A-Pix/source/main.cpp.o
                0x0200961c                initBitmap()
 .text._Z16setEditorSpritesv
                0x020097f8       0xa0 build/A-Pix/source/main.cpp.o
                0x020097f8                setEditorSprites()
 .text._Z8setOamBGv
                0x02009898       0x90 build/A-Pix/source/main.cpp.o
                0x02009898                setOamBG()
 .text._Z10bitmapModev
                0x02009928       0xa4 build/A-Pix/source/main.cpp.o
                0x02009928                bitmapMode()
 .text._Z19getActionsFromTouchi
                0x020099cc       0x40 build/A-Pix/source/main.cpp.o
                0x020099cc                getActionsFromTouch(int)
 .text._Z12applyActionsi
                0x02009a0c      0x138 build/A-Pix/source/main.cpp.o
                0x02009a0c                applyActions(int)
 .text._Z9handleKeyc
                0x02009b44       0x78 build/A-Pix/source/main.cpp.o
                0x02009b44                handleKey(char)
 .text._Z9floodFillPtiittii
                0x02009bbc      0x154 build/A-Pix/source/main.cpp.o
                0x02009bbc                floodFill(unsigned short*, int, int, unsigned short, unsigned short, int, int)
 .text._Z9applyTooliib
                0x02009d10      0x5bc build/A-Pix/source/main.cpp.o
                0x02009d10                applyTool(int, int, bool)
 .text._Z22copyFromSurfaceToStackv
                0x0200a2cc       0x98 build/A-Pix/source/main.cpp.o
                0x0200a2cc                copyFromSurfaceToStack()
 .text._Z21cutFromSurfaceToStackv
                0x0200a364       0x44 build/A-Pix/source/main.cpp.o
                0x0200a364                cutFromSurfaceToStack()
 .text._Z23pasteFromStackToSurfacev
                0x0200a3a8       0x94 build/A-Pix/source/main.cpp.o
                0x0200a3a8                pasteFromStackToSurface()
 .text._Z5flipHv
                0x0200a43c       0x9c build/A-Pix/source/main.cpp.o
                0x0200a43c                flipH()
 .text._Z5flipVv
                0x0200a4d8       0x9c build/A-Pix/source/main.cpp.o
                0x0200a4d8                flipV()
 .text._Z7scaleUpv
                0x0200a574       0xfc build/A-Pix/source/main.cpp.o
                0x0200a574                scaleUp()
 .text._Z9scaleDownv
                0x0200a670       0xc4 build/A-Pix/source/main.cpp.o
                0x0200a670                scaleDown()
 .text._Z14rotatePositivev
                0x0200a734       0x80 build/A-Pix/source/main.cpp.o
                0x0200a734                rotatePositive()
 .text._Z14rotateNegativev
                0x0200a7b4       0x8c build/A-Pix/source/main.cpp.o
                0x0200a7b4                rotateNegative()
 .text._Z18setBackupVariablesv
                0x0200a840       0x4c build/A-Pix/source/main.cpp.o
                0x0200a840                setBackupVariables()
 .text._Z11backupWritev
                0x0200a88c       0x54 build/A-Pix/source/main.cpp.o
                0x0200a88c                backupWrite()
 .text._Z10backupReadv
                0x0200a8e0       0x40 build/A-Pix/source/main.cpp.o
                0x0200a8e0                backupRead()
 .text._Z7initFPSv
                0x0200a920       0x24 build/A-Pix/source/main.cpp.o
                0x0200a920                initFPS()
 .text.startup.main
                0x0200a944      0xfb0 build/A-Pix/source/main.cpp.o
                0x0200a944                main
 .text.CP15_FlushICache
                0x0200b8f4        0xc C:/msys64/opt/wonderful/thirdparty/blocksds/core/libs/libnds/lib\libnds9.a(cp15.s.o)
                0x0200b8f4                CP15_FlushICache
 .text.CP15_FlushDCache
                0x0200b900        0xc C:/msys64/opt/wonderful/thirdparty/blocksds/core/libs/libnds/lib\libnds9.a(cp15.s.o)
                0x0200b900                CP15_FlushDCache
 .text.CP15_CleanAndFlushDCache
                0x0200b90c       0x34 C:/msys64/opt/wonderful/thirdparty/blocksds/core/libs/libnds/lib\libnds9.a(cp15.s.o)
                0x0200b90c                CP15_CleanAndFlushDCache
 .text.__libnds_mpu_setup
                0x0200b940      0x1c4 C:/msys64/opt/wonderful/thirdparty/blocksds/core/libs/libnds/lib\libnds9.a(mpu_setup.s.o)
                0x0200b940                __libnds_mpu_setup
 .text.CP15_MPUDisable
                0x0200bb04       0x3c C:/msys64/opt/wonderful/thirdparty/blocksds/core/libs/libnds/lib\libnds9.a(mpu_setup.s.o)
                0x0200bb04                CP15_MPUDisable
 .text.memUncached
                0x0200bb40       0x20 C:/msys64/opt/wonderful/thirdparty/blocksds/core/libs/libnds/lib\libnds9.a(mpu_setup.s.o)
                0x0200bb40                memUncached
 .text.dmaSetParams
                0x0200bb60       0x1c C:/msys64/opt/wonderful/thirdparty/blocksds/core/libs/libnds/lib\libnds9.a(dma.s.o)
                0x0200bb60                dmaSetParams
 .text.dmaStopSafe
                0x0200bb7c       0x44 C:/msys64/opt/wonderful/thirdparty/blocksds/core/libs/libnds/lib\libnds9.a(dma.s.o)
                0x0200bb7c                dmaStopSafe
 .text.__aeabi_memcpy
                0x0200bbc0       0xc8 C:/msys64/opt/wonderful/thirdparty/blocksds/core/libs/libnds/lib\libnds9.a(memcpy.s.o)
                0x0200bbc0                __aeabi_memcpy
                0x0200bbf8                __aeabi_memcpy4
                0x0200bbf8                __aeabi_memcpy8
                0x0200bc64                __ndsabi_memcpy2
 .text.__ndsabi_memcpy1
                0x0200bc88       0x14 C:/msys64/opt/wonderful/thirdparty/blocksds/core/libs/libnds/lib\libnds9.a(memcpy.s.o)
                0x0200bc88                __ndsabi_memcpy1
 .text.memcpy   0x0200bc9c       0x10 C:/msys64/opt/wonderful/thirdparty/blocksds/core/libs/libnds/lib\libnds9.a(memcpy.s.o)
                0x0200bc9c                memcpy
 .text.__aeabi_memset
                0x0200bcac       0x9c C:/msys64/opt/wonderful/thirdparty/blocksds/core/libs/libnds/lib\libnds9.a(memset.s.o)
                0x0200bcac                __aeabi_memset
                0x0200bcd0                __aeabi_memset8
                0x0200bcd0                __aeabi_memset4
                0x0200bcdc                __ndsabi_wordset4
                0x0200bce0                __ndsabi_lwordset4
 .text.__ndsabi_memset1
                0x0200bd48       0x10 C:/msys64/opt/wonderful/thirdparty/blocksds/core/libs/libnds/lib\libnds9.a(memset.s.o)
                0x0200bd48                __ndsabi_memset1
 .text.memset   0x0200bd58       0x1c C:/msys64/opt/wonderful/thirdparty/blocksds/core/libs/libnds/lib\libnds9.a(memset.s.o)
                0x0200bd58                memset
 .text.newRow   0x0200bd74       0x88 C:/msys64/opt/wonderful/thirdparty/blocksds/core/libs/libnds/lib\libnds9.a(console.c.o)
 .text.consolePrintChar.part.0
                0x0200bdfc      0x100 C:/msys64/opt/wonderful/thirdparty/blocksds/core/libs/libnds/lib\libnds9.a(console.c.o)
 .text.consolePrintChar
                0x0200befc       0x2c C:/msys64/opt/wonderful/thirdparty/blocksds/core/libs/libnds/lib\libnds9.a(console.c.o)
                0x0200befc                consolePrintChar
 .text.con_write
                0x0200bf28      0x330 C:/msys64/opt/wonderful/thirdparty/blocksds/core/libs/libnds/lib\libnds9.a(console.c.o)
 .text.consoleLoadFont
                0x0200c258      0x24c C:/msys64/opt/wonderful/thirdparty/blocksds/core/libs/libnds/lib\libnds9.a(console.c.o)
                0x0200c258                consoleLoadFont
 .text.consoleInitEx
                0x0200c4a4      0x19c C:/msys64/opt/wonderful/thirdparty/blocksds/core/libs/libnds/lib\libnds9.a(console.c.o)
                0x0200c4a4                consoleInitEx
 .text.consoleInit
                0x0200c640       0x2c C:/msys64/opt/wonderful/thirdparty/blocksds/core/libs/libnds/lib\libnds9.a(console.c.o)
                0x0200c640                consoleInit
 .text.consoleDemoInit
                0x0200c66c       0x48 C:/msys64/opt/wonderful/thirdparty/blocksds/core/libs/libnds/lib\libnds9.a(console.c.o)
                0x0200c66c                consoleDemoInit
 .text.consoleClear
                0x0200c6b4       0x48 C:/msys64/opt/wonderful/thirdparty/blocksds/core/libs/libnds/lib\libnds9.a(console.c.o)
                0x0200c6b4                consoleClear
 .text.consoleSetCursor
                0x0200c6fc       0x24 C:/msys64/opt/wonderful/thirdparty/blocksds/core/libs/libnds/lib\libnds9.a(console.c.o)
                0x0200c6fc                consoleSetCursor
 .text.consoleSetColor
                0x0200c720       0x18 C:/msys64/opt/wonderful/thirdparty/blocksds/core/libs/libnds/lib\libnds9.a(console.c.o)
                0x0200c720                consoleSetColor
 .text.consoleArm7Flush
                0x0200c738       0x90 C:/msys64/opt/wonderful/thirdparty/blocksds/core/libs/libnds/lib\libnds9.a(console.c.o)
                0x0200c738                consoleArm7Flush
 .text.chdir    0x0200c7c8      0x11c C:/msys64/opt/wonderful/thirdparty/blocksds/core/libs/libnds/lib\libnds9.a(chdir.c.o)
                0x0200c7c8                chdir
 .text.build_argv
                0x0200c8e4       0x58 C:/msys64/opt/wonderful/thirdparty/blocksds/core/libs/libnds/lib\libnds9.a(crt0_argv.c.o)
                0x0200c8e4                build_argv
 .text.opendir  0x0200c93c       0xd0 C:/msys64/opt/wonderful/thirdparty/blocksds/core/libs/libnds/lib\libnds9.a(dirent.c.o)
                0x0200c93c                opendir
 .text.closedir
                0x0200ca0c       0x6c C:/msys64/opt/wonderful/thirdparty/blocksds/core/libs/libnds/lib\libnds9.a(dirent.c.o)
                0x0200ca0c                closedir
 .text.readdir  0x0200ca78      0x10c C:/msys64/opt/wonderful/thirdparty/blocksds/core/libs/libnds/lib\libnds9.a(dirent.c.o)
                0x0200ca78                readdir
 .text.rewinddir
                0x0200cb84       0x2c C:/msys64/opt/wonderful/thirdparty/blocksds/core/libs/libnds/lib\libnds9.a(dirent.c.o)
                0x0200cb84                rewinddir
 .text.fatfs_error_to_posix
                0x0200cbb0       0x24 C:/msys64/opt/wonderful/thirdparty/blocksds/core/libs/libnds/lib\libnds9.a(fatfs.c.o)
                0x0200cbb0                fatfs_error_to_posix
 .text.fatfs_timestamp_to_fattime
                0x0200cbd4       0x28 C:/msys64/opt/wonderful/thirdparty/blocksds/core/libs/libnds/lib\libnds9.a(fatfs.c.o)
                0x0200cbd4                fatfs_timestamp_to_fattime
 .text.get_dirname
                0x0200cbfc       0x98 C:/msys64/opt/wonderful/thirdparty/blocksds/core/libs/libnds/lib\libnds9.a(fatfs.c.o)
                0x0200cbfc                get_dirname
 .text.fatGetDefaultCwd
                0x0200cc94       0x70 C:/msys64/opt/wonderful/thirdparty/blocksds/core/libs/libnds/lib\libnds9.a(fatfs.c.o)
                0x0200cc94                fatGetDefaultCwd
 .text.nandInit
                0x0200cd04       0xe0 C:/msys64/opt/wonderful/thirdparty/blocksds/core/libs/libnds/lib\libnds9.a(fatfs.c.o)
                0x0200cd04                nandInit
 .text.fatInit.part.0
                0x0200cde4      0x1d0 C:/msys64/opt/wonderful/thirdparty/blocksds/core/libs/libnds/lib\libnds9.a(fatfs.c.o)
 .text.fatInitDefault
                0x0200cfb4       0x24 C:/msys64/opt/wonderful/thirdparty/blocksds/core/libs/libnds/lib\libnds9.a(fatfs.c.o)
                0x0200cfb4                fatInitDefault
 .text.open     0x0200cfd8       0xfc C:/msys64/opt/wonderful/thirdparty/blocksds/core/libs/libnds/lib\libnds9.a(filesystem.c.o)
                0x0200cfd8                open
 .text.read     0x0200d0d4       0x70 C:/msys64/opt/wonderful/thirdparty/blocksds/core/libs/libnds/lib\libnds9.a(filesystem.c.o)
                0x0200d0d4                read
 .text.write    0x0200d144       0xa0 C:/msys64/opt/wonderful/thirdparty/blocksds/core/libs/libnds/lib\libnds9.a(filesystem.c.o)
                0x0200d144                write
 .text.close    0x0200d1e4       0x7c C:/msys64/opt/wonderful/thirdparty/blocksds/core/libs/libnds/lib\libnds9.a(filesystem.c.o)
                0x0200d1e4                close
 .text.lseek    0x0200d260       0x74 C:/msys64/opt/wonderful/thirdparty/blocksds/core/libs/libnds/lib\libnds9.a(filesystem.c.o)
                0x0200d260                lseek
 .text.putc_buffered
                0x0200d2d4       0x94 C:/msys64/opt/wonderful/thirdparty/blocksds/core/libs/libnds/lib\libnds9.a(iob.c.o)
 .text.stderr_putc_buffered
                0x0200d368       0x20 C:/msys64/opt/wonderful/thirdparty/blocksds/core/libs/libnds/lib\libnds9.a(iob.c.o)
 .text.stdin_getc_keyboard
                0x0200d388       0xf0 C:/msys64/opt/wonderful/thirdparty/blocksds/core/libs/libnds/lib\libnds9.a(iob.c.o)
 .text.stdout_putc_buffered
                0x0200d478       0x40 C:/msys64/opt/wonderful/thirdparty/blocksds/core/libs/libnds/lib\libnds9.a(iob.c.o)
 .text.nitrofs_read_internal_cart
                0x0200d4b8       0xa4 C:/msys64/opt/wonderful/thirdparty/blocksds/core/libs/libnds/lib\libnds9.a(nitrofs.c.o)
 .text.nitrofs_read_internal
                0x0200d55c       0x54 C:/msys64/opt/wonderful/thirdparty/blocksds/core/libs/libnds/lib\libnds9.a(nitrofs.c.o)
 .text.nitrofs_dir_state_init
                0x0200d5b0       0x9c C:/msys64/opt/wonderful/thirdparty/blocksds/core/libs/libnds/lib\libnds9.a(nitrofs.c.o)
 .text.nitrofs_dir_state_next
                0x0200d64c       0xb0 C:/msys64/opt/wonderful/thirdparty/blocksds/core/libs/libnds/lib\libnds9.a(nitrofs.c.o)
 .text.nitrofs_dir_step
                0x0200d6fc       0xf0 C:/msys64/opt/wonderful/thirdparty/blocksds/core/libs/libnds/lib\libnds9.a(nitrofs.c.o)
 .text.nitrofs_use_for_path
                0x0200d7ec       0x30 C:/msys64/opt/wonderful/thirdparty/blocksds/core/libs/libnds/lib\libnds9.a(nitrofs.c.o)
                0x0200d7ec                nitrofs_use_for_path
 .text.nitrofs_rewinddir
                0x0200d81c       0x14 C:/msys64/opt/wonderful/thirdparty/blocksds/core/libs/libnds/lib\libnds9.a(nitrofs.c.o)
                0x0200d81c                nitrofs_rewinddir
 .text.nitrofs_readdir
                0x0200d830       0xb8 C:/msys64/opt/wonderful/thirdparty/blocksds/core/libs/libnds/lib\libnds9.a(nitrofs.c.o)
                0x0200d830                nitrofs_readdir
 .text.nitrofs_path_resolve
                0x0200d8e8       0x68 C:/msys64/opt/wonderful/thirdparty/blocksds/core/libs/libnds/lib\libnds9.a(nitrofs.c.o)
                0x0200d8e8                nitrofs_path_resolve
 .text.nitrofs_opendir
                0x0200d950       0x54 C:/msys64/opt/wonderful/thirdparty/blocksds/core/libs/libnds/lib\libnds9.a(nitrofs.c.o)
                0x0200d950                nitrofs_opendir
 .text.nitrofs_chdir
                0x0200d9a4       0x24 C:/msys64/opt/wonderful/thirdparty/blocksds/core/libs/libnds/lib\libnds9.a(nitrofs.c.o)
                0x0200d9a4                nitrofs_chdir
 .text.nitrofs_read
                0x0200d9c8       0x30 C:/msys64/opt/wonderful/thirdparty/blocksds/core/libs/libnds/lib\libnds9.a(nitrofs.c.o)
                0x0200d9c8                nitrofs_read
 .text.nitrofs_lseek
                0x0200d9f8       0x58 C:/msys64/opt/wonderful/thirdparty/blocksds/core/libs/libnds/lib\libnds9.a(nitrofs.c.o)
                0x0200d9f8                nitrofs_lseek
 .text.nitrofs_close
                0x0200da50       0x10 C:/msys64/opt/wonderful/thirdparty/blocksds/core/libs/libnds/lib\libnds9.a(nitrofs.c.o)
                0x0200da50                nitrofs_close
 .text.nitroFSOpenById
                0x0200da60       0x6c C:/msys64/opt/wonderful/thirdparty/blocksds/core/libs/libnds/lib\libnds9.a(nitrofs.c.o)
                0x0200da60                nitroFSOpenById
 .text.nitrofs_open
                0x0200dacc       0x4c C:/msys64/opt/wonderful/thirdparty/blocksds/core/libs/libnds/lib\libnds9.a(nitrofs.c.o)
                0x0200dacc                nitrofs_open
 .text.__sassert
                0x0200db18       0x90 C:/msys64/opt/wonderful/thirdparty/blocksds/core/libs/libnds/lib\libnds9.a(sassert.c.o)
                0x0200db18                __sassert
 .text.cardReadArm7
                0x0200dba8       0x6c C:/msys64/opt/wonderful/thirdparty/blocksds/core/libs/libnds/lib\libnds9.a(card.c.o)
                0x0200dba8                cardReadArm7
 .text.dldi_arm7_read_sectors
                0x0200dc14       0x5c C:/msys64/opt/wonderful/thirdparty/blocksds/core/libs/libnds/lib\libnds9.a(dldi.c.o)
 .text.dldi_arm7_shutdown
                0x0200dc70       0x3c C:/msys64/opt/wonderful/thirdparty/blocksds/core/libs/libnds/lib\libnds9.a(dldi.c.o)
 .text.dldi_arm7_clear_status
                0x0200dcac       0x3c C:/msys64/opt/wonderful/thirdparty/blocksds/core/libs/libnds/lib\libnds9.a(dldi.c.o)
 .text.dldi_arm7_is_inserted
                0x0200dce8       0x3c C:/msys64/opt/wonderful/thirdparty/blocksds/core/libs/libnds/lib\libnds9.a(dldi.c.o)
 .text.dldi_arm7_startup
                0x0200dd24       0x50 C:/msys64/opt/wonderful/thirdparty/blocksds/core/libs/libnds/lib\libnds9.a(dldi.c.o)
 .text.dldi_arm7_write_sectors
                0x0200dd74       0x5c C:/msys64/opt/wonderful/thirdparty/blocksds/core/libs/libnds/lib\libnds9.a(dldi.c.o)
 .text.dldiGetMode
                0x0200ddd0        0xc C:/msys64/opt/wonderful/thirdparty/blocksds/core/libs/libnds/lib\libnds9.a(dldi.c.o)
                0x0200ddd0                dldiGetMode
 .text.dldiGetInternal
                0x0200dddc       0xac C:/msys64/opt/wonderful/thirdparty/blocksds/core/libs/libnds/lib\libnds9.a(dldi.c.o)
                0x0200dddc                dldiGetInternal
 .text.dldiGetStubDataEnd
                0x0200de88       0x1c C:/msys64/opt/wonderful/thirdparty/blocksds/core/libs/libnds/lib\libnds9.a(dldi.c.o)
                0x0200de88                dldiGetStubDataEnd
 .text.dldiGetStubEnd
                0x0200dea4        0x8 C:/msys64/opt/wonderful/thirdparty/blocksds/core/libs/libnds/lib\libnds9.a(dldi.c.o)
                0x0200dea4                dldiGetStubEnd
 .text.get_io_dsinand
                0x0200deac       0x18 C:/msys64/opt/wonderful/thirdparty/blocksds/core/libs/libnds/lib\libnds9.a(nandfs.c.o)
                0x0200deac                get_io_dsinand
 .text.get_io_dsisd
                0x0200dec4       0x24 C:/msys64/opt/wonderful/thirdparty/blocksds/core/libs/libnds/lib\libnds9.a(sdmmc.c.o)
                0x0200dec4                get_io_dsisd
 .text.releaseCrashHandler
                0x0200dee8       0x7c C:/msys64/opt/wonderful/thirdparty/blocksds/core/libs/libnds/lib\libnds9.a(exceptions.c.o)
 .text.exceptionStatePrint
                0x0200df64       0xf4 C:/msys64/opt/wonderful/thirdparty/blocksds/core/libs/libnds/lib\libnds9.a(exceptions.c.o)
                0x0200df64                exceptionStatePrint
 .text.guruMeditationDump
                0x0200e058      0x15c C:/msys64/opt/wonderful/thirdparty/blocksds/core/libs/libnds/lib\libnds9.a(exceptions.c.o)
                0x0200e058                guruMeditationDump
 .text.defaultHandler
                0x0200e1b4        0x8 C:/msys64/opt/wonderful/thirdparty/blocksds/core/libs/libnds/lib\libnds9.a(exceptions.c.o)
 .text.defaultExceptionHandler
                0x0200e1bc       0x10 C:/msys64/opt/wonderful/thirdparty/blocksds/core/libs/libnds/lib\libnds9.a(exceptions.c.o)
                0x0200e1bc                defaultExceptionHandler
 .text.releaseExceptionHandler
                0x0200e1cc       0x10 C:/msys64/opt/wonderful/thirdparty/blocksds/core/libs/libnds/lib\libnds9.a(exceptions.c.o)
                0x0200e1cc                releaseExceptionHandler
 .text.initSystem
                0x0200e1dc      0x128 C:/msys64/opt/wonderful/thirdparty/blocksds/core/libs/libnds/lib\libnds9.a(initSystem.c.o)
                0x0200e1dc                initSystem
 .text.scanKeys
                0x0200e304       0xcc C:/msys64/opt/wonderful/thirdparty/blocksds/core/libs/libnds/lib\libnds9.a(keys.c.o)
                0x0200e304                scanKeys
 .text.keysHeld
                0x0200e3d0        0xc C:/msys64/opt/wonderful/thirdparty/blocksds/core/libs/libnds/lib\libnds9.a(keys.c.o)
                0x0200e3d0                keysHeld
 .text.keysDown
                0x0200e3dc        0xc C:/msys64/opt/wonderful/thirdparty/blocksds/core/libs/libnds/lib\libnds9.a(keys.c.o)
                0x0200e3dc                keysDown
 .text.keysUp   0x0200e3e8        0xc C:/msys64/opt/wonderful/thirdparty/blocksds/core/libs/libnds/lib\libnds9.a(keys.c.o)
                0x0200e3e8                keysUp
 .text.touchRead
                0x0200e3f4       0x24 C:/msys64/opt/wonderful/thirdparty/blocksds/core/libs/libnds/lib\libnds9.a(keys.c.o)
                0x0200e3f4                touchRead
 .text.setTransferInputData
                0x0200e418       0x1c C:/msys64/opt/wonderful/thirdparty/blocksds/core/libs/libnds/lib\libnds9.a(keys.c.o)
                0x0200e418                setTransferInputData
 .text.systemValueHandler
                0x0200e434       0xc4 C:/msys64/opt/wonderful/thirdparty/blocksds/core/libs/libnds/lib\libnds9.a(system.c.o)
                0x0200e434                systemValueHandler
 .text.systemMsgHandler
                0x0200e4f8       0x2c C:/msys64/opt/wonderful/thirdparty/blocksds/core/libs/libnds/lib\libnds9.a(system.c.o)
                0x0200e4f8                systemMsgHandler
 .text.memBufferIsInMainRam
                0x0200e524       0x1c C:/msys64/opt/wonderful/thirdparty/blocksds/core/libs/libnds/lib\libnds9.a(system.c.o)
                0x0200e524                memBufferIsInMainRam
 .text.checkIfText
                0x0200e540       0x6c C:/msys64/opt/wonderful/thirdparty/blocksds/core/libs/libnds/lib\libnds9.a(background.c.o)
                0x0200e540                checkIfText
 .text.bgUpdate
                0x0200e5ac       0xe8 C:/msys64/opt/wonderful/thirdparty/blocksds/core/libs/libnds/lib\libnds9.a(background.c.o)
                0x0200e5ac                bgUpdate
 .text.bgInit_call
                0x0200e694       0xa8 C:/msys64/opt/wonderful/thirdparty/blocksds/core/libs/libnds/lib\libnds9.a(background.c.o)
                0x0200e694                bgInit_call
 .text.bgInitSub_call
                0x0200e73c       0xb0 C:/msys64/opt/wonderful/thirdparty/blocksds/core/libs/libnds/lib\libnds9.a(background.c.o)
                0x0200e73c                bgInitSub_call
 .text.oamInit  0x0200e7ec      0x100 C:/msys64/opt/wonderful/thirdparty/blocksds/core/libs/libnds/lib\libnds9.a(sprite.c.o)
                0x0200e7ec                oamInit
 .text.oamGetGfxPtr
                0x0200e8ec       0x34 C:/msys64/opt/wonderful/thirdparty/blocksds/core/libs/libnds/lib\libnds9.a(sprite.c.o)
                0x0200e8ec                oamGetGfxPtr
 .text.oamClear
                0x0200e920       0x24 C:/msys64/opt/wonderful/thirdparty/blocksds/core/libs/libnds/lib\libnds9.a(sprite.c.o)
                0x0200e920                oamClear
 .text.oamGfxPtrToOffset
                0x0200e944       0x34 C:/msys64/opt/wonderful/thirdparty/blocksds/core/libs/libnds/lib\libnds9.a(sprite.c.o)
                0x0200e944                oamGfxPtrToOffset
 .text.oamSet   0x0200e978      0x10c C:/msys64/opt/wonderful/thirdparty/blocksds/core/libs/libnds/lib\libnds9.a(sprite.c.o)
                0x0200e978                oamSet
 .text.oamUpdate
                0x0200ea84       0x50 C:/msys64/opt/wonderful/thirdparty/blocksds/core/libs/libnds/lib\libnds9.a(sprite.c.o)
                0x0200ea84                oamUpdate
 .text.oamAllocReset
                0x0200ead4       0x1c C:/msys64/opt/wonderful/thirdparty/blocksds/core/libs/libnds/lib\libnds9.a(sprite_alloc.c.o)
                0x0200ead4                oamAllocReset
 .text.oamAllocateGfx
                0x0200eaf0      0x578 C:/msys64/opt/wonderful/thirdparty/blocksds/core/libs/libnds/lib\libnds9.a(sprite_alloc.c.o)
                0x0200eaf0                oamAllocateGfx
 .text.setBrightness
                0x0200f068       0x40 C:/msys64/opt/wonderful/thirdparty/blocksds/core/libs/libnds/lib\libnds9.a(video.c.o)
                0x0200f068                setBrightness
 .text.vramDefault
                0x0200f0a8       0xe4 C:/msys64/opt/wonderful/thirdparty/blocksds/core/libs/libnds/lib\libnds9.a(video.c.o)
                0x0200f0a8                vramDefault
 .text.cardPolledTransfer
                0x0200f18c       0x5c C:/msys64/opt/wonderful/thirdparty/blocksds/core/libs/libnds/lib\libnds9.a(card.c.o)
                0x0200f18c                cardPolledTransfer
 .text.cardRead
                0x0200f1e8      0x190 C:/msys64/opt/wonderful/thirdparty/blocksds/core/libs/libnds/lib\libnds9.a(card.c.o)
                0x0200f1e8                cardRead
 .text.cothread_delete_internal
                0x0200f378       0xa0 C:/msys64/opt/wonderful/thirdparty/blocksds/core/libs/libnds/lib\libnds9.a(threads.c.o)
 .text.cothread_main
                0x0200f418       0x1c C:/msys64/opt/wonderful/thirdparty/blocksds/core/libs/libnds/lib\libnds9.a(threads.c.o)
                0x0200f418                cothread_main
 .text.cothread_yield
                0x0200f434       0x20 C:/msys64/opt/wonderful/thirdparty/blocksds/core/libs/libnds/lib\libnds9.a(threads.c.o)
                0x0200f434                cothread_yield
 .text.cothread_yield_irq
                0x0200f454       0xa8 C:/msys64/opt/wonderful/thirdparty/blocksds/core/libs/libnds/lib\libnds9.a(threads.c.o)
                0x0200f454                cothread_yield_irq
 .text.cothread_start
                0x0200f4fc      0x114 C:/msys64/opt/wonderful/thirdparty/blocksds/core/libs/libnds/lib\libnds9.a(threads.c.o)
                0x0200f4fc                cothread_start
 .text.decompress_get_header
                0x0200f610        0x4 C:/msys64/opt/wonderful/thirdparty/blocksds/core/libs/libnds/lib\libnds9.a(decompress.c.o)
 .text.decompress_read_8
                0x0200f614        0x4 C:/msys64/opt/wonderful/thirdparty/blocksds/core/libs/libnds/lib\libnds9.a(decompress.c.o)
 .text.decompress_read_16
                0x0200f618        0x4 C:/msys64/opt/wonderful/thirdparty/blocksds/core/libs/libnds/lib\libnds9.a(decompress.c.o)
 .text.decompress_read_32
                0x0200f61c        0x4 C:/msys64/opt/wonderful/thirdparty/blocksds/core/libs/libnds/lib\libnds9.a(decompress.c.o)
 .text.decompress
                0x0200f620       0x3c C:/msys64/opt/wonderful/thirdparty/blocksds/core/libs/libnds/lib\libnds9.a(decompress.c.o)
                0x0200f620                decompress
 .text.setExceptionHandler
                0x0200f65c       0x18 C:/msys64/opt/wonderful/thirdparty/blocksds/core/libs/libnds/lib\libnds9.a(exceptions.c.o)
                0x0200f65c                setExceptionHandler
 .text.libndsCrash
                0x0200f674        0xc C:/msys64/opt/wonderful/thirdparty/blocksds/core/libs/libnds/lib\libnds9.a(exceptions.c.o)
                0x0200f674                libndsCrash
 .text.ARMShift
                0x0200f680       0x5c C:/msys64/opt/wonderful/thirdparty/blocksds/core/libs/libnds/lib\libnds9.a(exceptions.c.o)
                0x0200f680                ARMShift
 .text.getExceptionAddress
                0x0200f6dc      0x1b4 C:/msys64/opt/wonderful/thirdparty/blocksds/core/libs/libnds/lib\libnds9.a(exceptions.c.o)
                0x0200f6dc                getExceptionAddress
 .text.fifo_buffer_wait_block
                0x0200f890       0x74 C:/msys64/opt/wonderful/thirdparty/blocksds/core/libs/libnds/lib\libnds9.a(fifosystem.c.o)
 .text.fifoFillTxFifoFromBuffer
                0x0200f904       0xa0 C:/msys64/opt/wonderful/thirdparty/blocksds/core/libs/libnds/lib\libnds9.a(fifosystem.c.o)
 .text.fifoInternalSendInterrupt
                0x0200f9a4        0x8 C:/msys64/opt/wonderful/thirdparty/blocksds/core/libs/libnds/lib\libnds9.a(fifosystem.c.o)
 .text.fifoInternalSend
                0x0200f9ac       0xd8 C:/msys64/opt/wonderful/thirdparty/blocksds/core/libs/libnds/lib\libnds9.a(fifosystem.c.o)
 .text.fifoSendValue32
                0x0200fa84       0x3c C:/msys64/opt/wonderful/thirdparty/blocksds/core/libs/libnds/lib\libnds9.a(fifosystem.c.o)
                0x0200fa84                fifoSendValue32
 .text.fifoSendDatamsg
                0x0200fac0       0x84 C:/msys64/opt/wonderful/thirdparty/blocksds/core/libs/libnds/lib\libnds9.a(fifosystem.c.o)
                0x0200fac0                fifoSendDatamsg
 .text.fifoGetDatamsg
                0x0200fb44       0xe0 C:/msys64/opt/wonderful/thirdparty/blocksds/core/libs/libnds/lib\libnds9.a(fifosystem.c.o)
                0x0200fb44                fifoGetDatamsg
 .text.fifoReadRxFifoAndProcessBuffer
                0x0200fc24      0x344 C:/msys64/opt/wonderful/thirdparty/blocksds/core/libs/libnds/lib\libnds9.a(fifosystem.c.o)
 .text.fifoGetValue32
                0x0200ff68       0x7c C:/msys64/opt/wonderful/thirdparty/blocksds/core/libs/libnds/lib\libnds9.a(fifosystem.c.o)
                0x0200ff68                fifoGetValue32
 .text.fifoInternalRecvInterrupt
                0x0200ffe4        0x8 C:/msys64/opt/wonderful/thirdparty/blocksds/core/libs/libnds/lib\libnds9.a(fifosystem.c.o)
 .text.fifoSetValue32Handler
                0x0200ffec       0x80 C:/msys64/opt/wonderful/thirdparty/blocksds/core/libs/libnds/lib\libnds9.a(fifosystem.c.o)
                0x0200ffec                fifoSetValue32Handler
 .text.fifoSetDatamsgHandler
                0x0201006c       0xa8 C:/msys64/opt/wonderful/thirdparty/blocksds/core/libs/libnds/lib\libnds9.a(fifosystem.c.o)
                0x0201006c                fifoSetDatamsgHandler
 .text.fifoCheckValue32
                0x02010114       0x34 C:/msys64/opt/wonderful/thirdparty/blocksds/core/libs/libnds/lib\libnds9.a(fifosystem.c.o)
                0x02010114                fifoCheckValue32
 .text.fifoInit
                0x02010148      0x138 C:/msys64/opt/wonderful/thirdparty/blocksds/core/libs/libnds/lib\libnds9.a(fifosystem.c.o)
                0x02010148                fifoInit
 .text.fifoMutexAcquire
                0x02010280       0x34 C:/msys64/opt/wonderful/thirdparty/blocksds/core/libs/libnds/lib\libnds9.a(fifosystem.c.o)
                0x02010280                fifoMutexAcquire
 .text.fifoMutexRelease
                0x020102b4       0x20 C:/msys64/opt/wonderful/thirdparty/blocksds/core/libs/libnds/lib\libnds9.a(fifosystem.c.o)
                0x020102b4                fifoMutexRelease
 .text.irqSet   0x020102d4       0x90 C:/msys64/opt/wonderful/thirdparty/blocksds/core/libs/libnds/lib\libnds9.a(interrupts.c.o)
                0x020102d4                irqSet
 .text.irqInit  0x02010364       0x44 C:/msys64/opt/wonderful/thirdparty/blocksds/core/libs/libnds/lib\libnds9.a(interrupts.c.o)
                0x02010364                irqInit
 .text.irqEnable
                0x020103a8       0x64 C:/msys64/opt/wonderful/thirdparty/blocksds/core/libs/libnds/lib\libnds9.a(interrupts.c.o)
                0x020103a8                irqEnable
 .text.systemErrorExit
                0x0201040c        0x4 C:/msys64/opt/wonderful/thirdparty/blocksds/core/libs/libnds/lib\libnds9.a(exit.c.o)
                0x0201040c                systemErrorExit
 .text.__libnds_exit
                0x02010410        0x8 C:/msys64/opt/wonderful/thirdparty/blocksds/core/libs/libnds/lib\libnds9.a(exit.c.o)
                0x02010410                __libnds_exit
 .text._exit    0x02010418       0xb8 C:/msys64/opt/wonderful/thirdparty/blocksds/core/libs/libnds/lib\libnds9.a(exit.c.o)
                0x02010418                _exit
 .text.reduceHeapSize
                0x020104d0       0x2c C:/msys64/opt/wonderful/thirdparty/blocksds/core/libs/libnds/lib\libnds9.a(heapfuncs.c.o)
                0x020104d0                reduceHeapSize
 .text.__retarget_lock_init_recursive
                0x020104fc       0x44 C:/msys64/opt/wonderful/thirdparty/blocksds/core/libs/libnds/lib\libnds9.a(locks.c.o)
                0x020104fc                __retarget_lock_init_recursive
 .text.__retarget_lock_acquire_recursive
                0x02010540       0x70 C:/msys64/opt/wonderful/thirdparty/blocksds/core/libs/libnds/lib\libnds9.a(locks.c.o)
                0x02010540                __retarget_lock_acquire_recursive
 .text.__retarget_lock_release_recursive
                0x020105b0       0x58 C:/msys64/opt/wonderful/thirdparty/blocksds/core/libs/libnds/lib\libnds9.a(locks.c.o)
                0x020105b0                __retarget_lock_release_recursive
 .text.__retarget_lock_init
                0x02010608        0x8 C:/msys64/opt/wonderful/thirdparty/blocksds/core/libs/libnds/lib\libnds9.a(locks.c.o)
                0x02010608                __retarget_lock_init
 .text.__retarget_lock_close
                0x02010610       0x30 C:/msys64/opt/wonderful/thirdparty/blocksds/core/libs/libnds/lib\libnds9.a(locks.c.o)
                0x02010610                __retarget_lock_close
 .text.__retarget_lock_acquire
                0x02010640        0x8 C:/msys64/opt/wonderful/thirdparty/blocksds/core/libs/libnds/lib\libnds9.a(locks.c.o)
                0x02010640                __retarget_lock_acquire
 .text.__retarget_lock_release
                0x02010648        0x8 C:/msys64/opt/wonderful/thirdparty/blocksds/core/libs/libnds/lib\libnds9.a(locks.c.o)
                0x02010648                __retarget_lock_release
 .text.sbrk     0x02010650       0x44 C:/msys64/opt/wonderful/thirdparty/blocksds/core/libs/libnds/lib\libnds9.a(sbrk.c.o)
                0x02010650                sbrk
 .text.__ndsabi_coro_make_noctx
                0x02010694       0x28 C:/msys64/opt/wonderful/thirdparty/blocksds/core/libs/libnds/lib\libnds9.a(coroutine.c.o)
                0x02010694                __ndsabi_coro_make_noctx
 .text.swiDecompressLZSSVram
                0x020106bc       0x18 C:/msys64/opt/wonderful/thirdparty/blocksds/core/libs/libnds/lib\libnds9.a(syscalls.c.o)
                0x020106bc                swiDecompressLZSSVram
 .text.tchar2uni
                0x020106d4       0xb4 C:/msys64/opt/wonderful/thirdparty/blocksds/core/libs/libnds/lib\libnds9.a(ff.c.o)
 .text.get_ldnumber
                0x02010788       0xdc C:/msys64/opt/wonderful/thirdparty/blocksds/core/libs/libnds/lib\libnds9.a(ff.c.o)
 .text.put_utf  0x02010864       0xfc C:/msys64/opt/wonderful/thirdparty/blocksds/core/libs/libnds/lib\libnds9.a(ff.c.o)
 .text.get_fileinfo
                0x02010960      0x190 C:/msys64/opt/wonderful/thirdparty/blocksds/core/libs/libnds/lib\libnds9.a(ff.c.o)
 .text.dir_clear
                0x02010af0      0x10c C:/msys64/opt/wonderful/thirdparty/blocksds/core/libs/libnds/lib\libnds9.a(ff.c.o)
 .text.unlock_volume.part.0.isra.0
                0x02010bfc        0x8 C:/msys64/opt/wonderful/thirdparty/blocksds/core/libs/libnds/lib\libnds9.a(ff.c.o)
 .text.sync_fs  0x02010c04       0xb8 C:/msys64/opt/wonderful/thirdparty/blocksds/core/libs/libnds/lib\libnds9.a(ff.c.o)
 .text.move_window
                0x02010cbc       0x78 C:/msys64/opt/wonderful/thirdparty/blocksds/core/libs/libnds/lib\libnds9.a(ff.c.o)
 .text.put_fat.part.0
                0x02010d34      0x10c C:/msys64/opt/wonderful/thirdparty/blocksds/core/libs/libnds/lib\libnds9.a(ff.c.o)
 .text.get_fat.isra.0
                0x02010e40       0xb8 C:/msys64/opt/wonderful/thirdparty/blocksds/core/libs/libnds/lib\libnds9.a(ff.c.o)
 .text.remove_chain
                0x02010ef8       0x84 C:/msys64/opt/wonderful/thirdparty/blocksds/core/libs/libnds/lib\libnds9.a(ff.c.o)
 .text.create_chain
                0x02010f7c      0x124 C:/msys64/opt/wonderful/thirdparty/blocksds/core/libs/libnds/lib\libnds9.a(ff.c.o)
 .text.dir_next
                0x020110a0       0xd4 C:/msys64/opt/wonderful/thirdparty/blocksds/core/libs/libnds/lib\libnds9.a(ff.c.o)
 .text.dir_read
                0x02011174      0x1a0 C:/msys64/opt/wonderful/thirdparty/blocksds/core/libs/libnds/lib\libnds9.a(ff.c.o)
 .text.dir_sdi  0x02011314       0x9c C:/msys64/opt/wonderful/thirdparty/blocksds/core/libs/libnds/lib\libnds9.a(ff.c.o)
 .text.dir_alloc
                0x020113b0       0x4c C:/msys64/opt/wonderful/thirdparty/blocksds/core/libs/libnds/lib\libnds9.a(ff.c.o)
 .text.dir_find
                0x020113fc      0x1d0 C:/msys64/opt/wonderful/thirdparty/blocksds/core/libs/libnds/lib\libnds9.a(ff.c.o)
 .text.follow_path
                0x020115cc      0x41c C:/msys64/opt/wonderful/thirdparty/blocksds/core/libs/libnds/lib\libnds9.a(ff.c.o)
 .text.dir_register
                0x020119e8      0x304 C:/msys64/opt/wonderful/thirdparty/blocksds/core/libs/libnds/lib\libnds9.a(ff.c.o)
 .text.validate
                0x02011cec       0x58 C:/msys64/opt/wonderful/thirdparty/blocksds/core/libs/libnds/lib\libnds9.a(ff.c.o)
 .text.check_fs
                0x02011d44      0x150 C:/msys64/opt/wonderful/thirdparty/blocksds/core/libs/libnds/lib\libnds9.a(ff.c.o)
 .text.mount_volume
                0x02011e94      0x354 C:/msys64/opt/wonderful/thirdparty/blocksds/core/libs/libnds/lib\libnds9.a(ff.c.o)
 .text.f_mount  0x020121e8       0x9c C:/msys64/opt/wonderful/thirdparty/blocksds/core/libs/libnds/lib\libnds9.a(ff.c.o)
                0x020121e8                libnds_f_mount
 .text.f_open   0x02012284      0x2c0 C:/msys64/opt/wonderful/thirdparty/blocksds/core/libs/libnds/lib\libnds9.a(ff.c.o)
                0x02012284                libnds_f_open
 .text.f_read   0x02012544      0x298 C:/msys64/opt/wonderful/thirdparty/blocksds/core/libs/libnds/lib\libnds9.a(ff.c.o)
                0x02012544                libnds_f_read
 .text.f_write  0x020127dc      0x2ec C:/msys64/opt/wonderful/thirdparty/blocksds/core/libs/libnds/lib\libnds9.a(ff.c.o)
                0x020127dc                libnds_f_write
 .text.f_sync   0x02012ac8       0xd8 C:/msys64/opt/wonderful/thirdparty/blocksds/core/libs/libnds/lib\libnds9.a(ff.c.o)
                0x02012ac8                libnds_f_sync
 .text.f_close  0x02012ba0       0x30 C:/msys64/opt/wonderful/thirdparty/blocksds/core/libs/libnds/lib\libnds9.a(ff.c.o)
                0x02012ba0                libnds_f_close
 .text.f_chdrive
                0x02012bd0       0x24 C:/msys64/opt/wonderful/thirdparty/blocksds/core/libs/libnds/lib\libnds9.a(ff.c.o)
                0x02012bd0                libnds_f_chdrive
 .text.f_chdir  0x02012bf4       0xb0 C:/msys64/opt/wonderful/thirdparty/blocksds/core/libs/libnds/lib\libnds9.a(ff.c.o)
                0x02012bf4                libnds_f_chdir
 .text.f_lseek  0x02012ca4      0x310 C:/msys64/opt/wonderful/thirdparty/blocksds/core/libs/libnds/lib\libnds9.a(ff.c.o)
                0x02012ca4                libnds_f_lseek
 .text.f_opendir
                0x02012fb4       0xd8 C:/msys64/opt/wonderful/thirdparty/blocksds/core/libs/libnds/lib\libnds9.a(ff.c.o)
                0x02012fb4                libnds_f_opendir
 .text.f_closedir
                0x0201308c       0x60 C:/msys64/opt/wonderful/thirdparty/blocksds/core/libs/libnds/lib\libnds9.a(ff.c.o)
                0x0201308c                libnds_f_closedir
 .text.f_readdir
                0x020130ec       0xd8 C:/msys64/opt/wonderful/thirdparty/blocksds/core/libs/libnds/lib\libnds9.a(ff.c.o)
                0x020130ec                libnds_f_readdir
 .text.ff_uni2oem
                0x020131c4       0x40 C:/msys64/opt/wonderful/thirdparty/blocksds/core/libs/libnds/lib\libnds9.a(ffunicode.c.o)
                0x020131c4                libnds_ff_uni2oem
 .text.ff_oem2uni
                0x02013204       0x2c C:/msys64/opt/wonderful/thirdparty/blocksds/core/libs/libnds/lib\libnds9.a(ffunicode.c.o)
                0x02013204                libnds_ff_oem2uni
 .text.ff_wtoupper
                0x02013230       0xcc C:/msys64/opt/wonderful/thirdparty/blocksds/core/libs/libnds/lib\libnds9.a(ffunicode.c.o)
                0x02013230                libnds_ff_wtoupper
 .text.__aeabi_read_tp
                0x020132fc        0xc C:/msys64/opt/wonderful/thirdparty/blocksds/core/libs/libnds/lib\libnds9.a(aeabi_read_tp.s.o)
                0x020132fc                __aeabi_read_tp
 .text.getCPSR  0x02013308        0x8 C:/msys64/opt/wonderful/thirdparty/blocksds/core/libs/libnds/lib\libnds9.a(cpu.s.o)
                0x02013308                getCPSR
 .text.enterException
                0x02013310       0xd4 C:/msys64/opt/wonderful/thirdparty/blocksds/core/libs/libnds/lib\libnds9.a(exceptionHandler.s.o)
                0x02013310                enterException
                0x02013384                exceptionC
                0x02013388                exceptionStack
                0x0201338c                exceptionRegisters
 .text.__ndsabi_coro_resume
                0x020133e4       0x18 C:/msys64/opt/wonderful/thirdparty/blocksds/core/libs/libnds/lib\libnds9.a(coroutine.s.o)
                0x020133e4                __ndsabi_coro_resume
 .text.__ndsabi_coro_yield
                0x020133fc       0x1c C:/msys64/opt/wonderful/thirdparty/blocksds/core/libs/libnds/lib\libnds9.a(coroutine.s.o)
                0x020133fc                __ndsabi_coro_yield
 .text.__ndsabi_coro_pop_noctx
                0x02013418       0x34 C:/msys64/opt/wonderful/thirdparty/blocksds/core/libs/libnds/lib\libnds9.a(coroutine.s.o)
                0x02013418                __ndsabi_coro_pop_noctx
 .text.keyboardShiftState.part.0
                0x0201344c       0x78 C:/msys64/opt/wonderful/thirdparty/blocksds/core/libs/libnds/lib\libnds9.a(keyboard.c.o)
 .text.swapKeyGfx.part.0
                0x020134c4      0x134 C:/msys64/opt/wonderful/thirdparty/blocksds/core/libs/libnds/lib\libnds9.a(keyboard.c.o)
 .text.keyboardGetKey
                0x020135f8       0x64 C:/msys64/opt/wonderful/thirdparty/blocksds/core/libs/libnds/lib\libnds9.a(keyboard.c.o)
                0x020135f8                keyboardGetKey
 .text.keyboardUpdate
                0x0201365c      0x11c C:/msys64/opt/wonderful/thirdparty/blocksds/core/libs/libnds/lib\libnds9.a(keyboard.c.o)
                0x0201365c                keyboardUpdate
 .text.keyboardShow
                0x02013778      0x140 C:/msys64/opt/wonderful/thirdparty/blocksds/core/libs/libnds/lib\libnds9.a(keyboard.c.o)
                0x02013778                keyboardShow
 .text.keyboardHide
                0x020138b8       0x90 C:/msys64/opt/wonderful/thirdparty/blocksds/core/libs/libnds/lib\libnds9.a(keyboard.c.o)
                0x020138b8                keyboardHide
 .text.cache_init
                0x02013948       0xac C:/msys64/opt/wonderful/thirdparty/blocksds/core/libs/libnds/lib\libnds9.a(cache.c.o)
                0x02013948                cache_init
 .text.cache_sector_get
                0x020139f4       0x70 C:/msys64/opt/wonderful/thirdparty/blocksds/core/libs/libnds/lib\libnds9.a(cache.c.o)
                0x020139f4                cache_sector_get
 .text.cache_sector_add
                0x02013a64       0xb0 C:/msys64/opt/wonderful/thirdparty/blocksds/core/libs/libnds/lib\libnds9.a(cache.c.o)
                0x02013a64                cache_sector_add
 .text.cache_sector_invalidate
                0x02013b14       0x4c C:/msys64/opt/wonderful/thirdparty/blocksds/core/libs/libnds/lib\libnds9.a(cache.c.o)
                0x02013b14                cache_sector_invalidate
 .text.disk_status
                0x02013b60       0x6c C:/msys64/opt/wonderful/thirdparty/blocksds/core/libs/libnds/lib\libnds9.a(diskio.c.o)
                0x02013b60                libnds_disk_status
 .text.disk_initialize
                0x02013bcc       0x74 C:/msys64/opt/wonderful/thirdparty/blocksds/core/libs/libnds/lib\libnds9.a(diskio.c.o)
                0x02013bcc                libnds_disk_initialize
 .text.disk_read
                0x02013c40      0x104 C:/msys64/opt/wonderful/thirdparty/blocksds/core/libs/libnds/lib\libnds9.a(diskio.c.o)
                0x02013c40                libnds_disk_read
 .text.disk_write
                0x02013d44       0xbc C:/msys64/opt/wonderful/thirdparty/blocksds/core/libs/libnds/lib\libnds9.a(diskio.c.o)
                0x02013d44                libnds_disk_write
 .text.disk_ioctl
                0x02013e00       0x48 C:/msys64/opt/wonderful/thirdparty/blocksds/core/libs/libnds/lib\libnds9.a(diskio.c.o)
                0x02013e00                libnds_disk_ioctl
 .text.get_fattime
                0x02013e48       0x1c C:/msys64/opt/wonderful/thirdparty/blocksds/core/libs/libnds/lib\libnds9.a(diskio.c.o)
                0x02013e48                libnds_ff_get_fattime
 .text.ff_mutex_create
                0x02013e64       0x10 C:/msys64/opt/wonderful/thirdparty/blocksds/core/libs/libnds/lib\libnds9.a(ffsystem.c.o)
                0x02013e64                libnds_ff_mutex_create
 .text.ff_mutex_delete
                0x02013e74        0x4 C:/msys64/opt/wonderful/thirdparty/blocksds/core/libs/libnds/lib\libnds9.a(ffsystem.c.o)
                0x02013e74                libnds_ff_mutex_delete
 .text.ff_mutex_take
                0x02013e78       0x18 C:/msys64/opt/wonderful/thirdparty/blocksds/core/libs/libnds/lib\libnds9.a(ffsystem.c.o)
                0x02013e78                libnds_ff_mutex_take
 .text.ff_mutex_give
                0x02013e90       0x1c C:/msys64/opt/wonderful/thirdparty/blocksds/core/libs/libnds/lib\libnds9.a(ffsystem.c.o)
                0x02013e90                libnds_ff_mutex_give
 .text.sinLutLookup
                0x02013eac       0x4c C:/msys64/opt/wonderful/thirdparty/blocksds/core/libs/libnds/lib\libnds9.a(trig.c.o)
                0x02013eac                sinLutLookup
 .text.sinLerp  0x02013ef8       0x38 C:/msys64/opt/wonderful/thirdparty/blocksds/core/libs/libnds/lib\libnds9.a(trig.c.o)
                0x02013ef8                sinLerp
 .text.cosLerp  0x02013f30       0x44 C:/msys64/opt/wonderful/thirdparty/blocksds/core/libs/libnds/lib\libnds9.a(trig.c.o)
                0x02013f30                cosLerp
 .text.mmReceiveMessageValue32
                0x02013f74       0x4c C:/msys64/opt/wonderful/thirdparty/blocksds/core/libs/maxmod/lib\libmm9.a(comms_ds9.c.o)
 .text.SendString
                0x02013fc0       0x24 C:/msys64/opt/wonderful/thirdparty/blocksds/core/libs/maxmod/lib\libmm9.a(comms_ds9.c.o)
 .text.SendCommandByte
                0x02013fe4       0x18 C:/msys64/opt/wonderful/thirdparty/blocksds/core/libs/maxmod/lib\libmm9.a(comms_ds9.c.o)
 .text.mmSendBank
                0x02013ffc       0x1a C:/msys64/opt/wonderful/thirdparty/blocksds/core/libs/maxmod/lib\libmm9.a(comms_ds9.c.o)
                0x02013ffc                mmSendBank
 *fill*         0x02014016        0x2 ff
 .text.mmStart  0x02014018       0x1c C:/msys64/opt/wonderful/thirdparty/blocksds/core/libs/maxmod/lib\libmm9.a(comms_ds9.c.o)
                0x02014018                mmStart
 .text.mmStop   0x02014034        0xc C:/msys64/opt/wonderful/thirdparty/blocksds/core/libs/maxmod/lib\libmm9.a(comms_ds9.c.o)
                0x02014034                mmStop
 .text.mmSetupComms
                0x02014040       0x18 C:/msys64/opt/wonderful/thirdparty/blocksds/core/libs/maxmod/lib\libmm9.a(comms_ds9.c.o)
                0x02014040                mmSetupComms
 .text.mmInit   0x02014058       0x78 C:/msys64/opt/wonderful/thirdparty/blocksds/core/libs/maxmod/lib\libmm9.a(main_ds9.c.o)
                0x02014058                mmInit
 .text.mmTryToInitializeDefault
                0x020140d0       0x34 C:/msys64/opt/wonderful/thirdparty/blocksds/core/libs/maxmod/lib\libmm9.a(main_ds9.c.o)
 .text.mmInitDefaultMem
                0x02014104       0x1c C:/msys64/opt/wonderful/thirdparty/blocksds/core/libs/maxmod/lib\libmm9.a(main_ds9.c.o)
                0x02014104                mmInitDefaultMem
 .text.mmFlushMemoryBank
                0x02014120       0x24 C:/msys64/opt/wonderful/thirdparty/blocksds/core/libs/maxmod/lib\libmm9.a(memory.c.o)
 .text.mmLoadEffect
                0x02014144       0x54 C:/msys64/opt/wonderful/thirdparty/blocksds/core/libs/maxmod/lib\libmm9.a(memory.c.o)
                0x02014144                mmLoadEffect
 .text.mmUnloadEffect
                0x02014198       0x50 C:/msys64/opt/wonderful/thirdparty/blocksds/core/libs/maxmod/lib\libmm9.a(memory.c.o)
                0x02014198                mmUnloadEffect
 .text.mmUnload
                0x020141e8       0x6c C:/msys64/opt/wonderful/thirdparty/blocksds/core/libs/maxmod/lib\libmm9.a(memory.c.o)
                0x020141e8                mmUnload
 .text.mmLoad   0x02014254       0x80 C:/msys64/opt/wonderful/thirdparty/blocksds/core/libs/maxmod/lib\libmm9.a(memory.c.o)
                0x02014254                mmLoad
 .text.mmsHandleMemoryOp
                0x020142d4       0x44 C:/msys64/opt/wonderful/thirdparty/blocksds/core/libs/maxmod/lib\libmm9.a(soundbank.c.o)
 .text.mmSoundBankInMemory
                0x02014318       0x18 C:/msys64/opt/wonderful/thirdparty/blocksds/core/libs/maxmod/lib\libmm9.a(soundbank.c.o)
                0x02014318                mmSoundBankInMemory
 .text.calloc   0x02014330       0xb4 C:/msys64/opt/wonderful/toolchain/gcc-arm-none-eabi/lib/gcc/arm-none-eabi/15.2.1/../../../../arm-none-eabi/lib/thumb/arm946e-s\libc.a(malloc-calloc.c.o)
                0x02014330                calloc
 .text.malloc_trim
                0x020143e4       0x9c C:/msys64/opt/wonderful/toolchain/gcc-arm-none-eabi/lib/gcc/arm-none-eabi/15.2.1/../../../../arm-none-eabi/lib/thumb/arm946e-s\libc.a(malloc-free.c.o)
                0x020143e4                malloc_trim
 .text.free     0x02014480      0x164 C:/msys64/opt/wonderful/toolchain/gcc-arm-none-eabi/lib/gcc/arm-none-eabi/15.2.1/../../../../arm-none-eabi/lib/thumb/arm946e-s\libc.a(malloc-free.c.o)
                0x02014480                free
                0x02014480                __malloc_free
 .text.malloc   0x020145e4      0x434 C:/msys64/opt/wonderful/toolchain/gcc-arm-none-eabi/lib/gcc/arm-none-eabi/15.2.1/../../../../arm-none-eabi/lib/thumb/arm946e-s\libc.a(malloc-malloc.c.o)
                0x020145e4                malloc
 .text.realloc  0x02014a18      0x32c C:/msys64/opt/wonderful/toolchain/gcc-arm-none-eabi/lib/gcc/arm-none-eabi/15.2.1/../../../../arm-none-eabi/lib/thumb/arm946e-s\libc.a(malloc-realloc.c.o)
                0x02014a18                realloc
 .text.__libc_init_array
                0x02014d44       0x1c C:/msys64/opt/wonderful/toolchain/gcc-arm-none-eabi/lib/gcc/arm-none-eabi/15.2.1/../../../../arm-none-eabi/lib/thumb/arm946e-s\libc.a(libc_misc_init.c.o)
                0x02014d44                __libc_init_array
 .text.rand     0x02014d60        0xc C:/msys64/opt/wonderful/toolchain/gcc-arm-none-eabi/lib/gcc/arm-none-eabi/15.2.1/../../../../arm-none-eabi/lib/thumb/arm946e-s\libc.a(libc_stdlib_rand.c.o)
                0x02014d60                rand
 .text.random   0x02014d6c       0x34 C:/msys64/opt/wonderful/toolchain/gcc-arm-none-eabi/lib/gcc/arm-none-eabi/15.2.1/../../../../arm-none-eabi/lib/thumb/arm946e-s\libc.a(libc_stdlib_random.c.o)
                0x02014d6c                random
 .text.exit     0x02014da0        0xe C:/msys64/opt/wonderful/toolchain/gcc-arm-none-eabi/lib/gcc/arm-none-eabi/15.2.1/../../../../arm-none-eabi/lib/thumb/arm946e-s\libc.a(libc_stdlib_pico-exit.c.o)
                0x02014da0                exit
 .text.memcmp   0x02014dae       0x1c C:/msys64/opt/wonderful/toolchain/gcc-arm-none-eabi/lib/gcc/arm-none-eabi/15.2.1/../../../../arm-none-eabi/lib/thumb/arm946e-s\libc.a(libc_string_memcmp.c.o)
                0x02014dae                memcmp
 .text.stpcpy   0x02014dca       0x12 C:/msys64/opt/wonderful/toolchain/gcc-arm-none-eabi/lib/gcc/arm-none-eabi/15.2.1/../../../../arm-none-eabi/lib/thumb/arm946e-s\libc.a(libc_string_stpcpy.c.o)
                0x02014dca                stpcpy
 .text.strcasecmp
                0x02014ddc       0x2e C:/msys64/opt/wonderful/toolchain/gcc-arm-none-eabi/lib/gcc/arm-none-eabi/15.2.1/../../../../arm-none-eabi/lib/thumb/arm946e-s\libc.a(libc_string_strcasecmp.c.o)
                0x02014ddc                strcasecmp
 .text.strchr   0x02014e0a       0x1e C:/msys64/opt/wonderful/toolchain/gcc-arm-none-eabi/lib/gcc/arm-none-eabi/15.2.1/../../../../arm-none-eabi/lib/thumb/arm946e-s\libc.a(libc_string_strchr.c.o)
                0x02014e0a                strchr
 .text.strdup   0x02014e28       0x20 C:/msys64/opt/wonderful/toolchain/gcc-arm-none-eabi/lib/gcc/arm-none-eabi/15.2.1/../../../../arm-none-eabi/lib/thumb/arm946e-s\libc.a(libc_string_strdup.c.o)
                0x02014e28                strdup
 .text.strncmp  0x02014e48       0x24 C:/msys64/opt/wonderful/toolchain/gcc-arm-none-eabi/lib/gcc/arm-none-eabi/15.2.1/../../../../arm-none-eabi/lib/thumb/arm946e-s\libc.a(libc_string_strncmp.c.o)
                0x02014e48                strncmp
 .text.strncpy  0x02014e6c       0x28 C:/msys64/opt/wonderful/toolchain/gcc-arm-none-eabi/lib/gcc/arm-none-eabi/15.2.1/../../../../arm-none-eabi/lib/thumb/arm946e-s\libc.a(libc_string_strncpy.c.o)
                0x02014e6c                strncpy
 .text.strrchr  0x02014e94       0x28 C:/msys64/opt/wonderful/toolchain/gcc-arm-none-eabi/lib/gcc/arm-none-eabi/15.2.1/../../../../arm-none-eabi/lib/thumb/arm946e-s\libc.a(libc_string_strrchr.c.o)
                0x02014e94                strrchr
 .text.strstr   0x02014ebc       0x2c C:/msys64/opt/wonderful/toolchain/gcc-arm-none-eabi/lib/gcc/arm-none-eabi/15.2.1/../../../../arm-none-eabi/lib/thumb/arm946e-s\libc.a(libc_string_strstr.c.o)
                0x02014ebc                strstr
 .text.localtime
                0x02014ee8       0x18 C:/msys64/opt/wonderful/toolchain/gcc-arm-none-eabi/lib/gcc/arm-none-eabi/15.2.1/../../../../arm-none-eabi/lib/thumb/arm946e-s\libc.a(libc_time_lcltime.c.o)
                0x02014ee8                localtime
 .text.localtime_r
                0x02014f00      0x1f8 C:/msys64/opt/wonderful/toolchain/gcc-arm-none-eabi/lib/gcc/arm-none-eabi/15.2.1/../../../../arm-none-eabi/lib/thumb/arm946e-s\libc.a(libc_time_lcltime_r.c.o)
                0x02014f00                localtime_r
 .text.time     0x020150f8       0x28 C:/msys64/opt/wonderful/toolchain/gcc-arm-none-eabi/lib/gcc/arm-none-eabi/15.2.1/../../../../arm-none-eabi/lib/thumb/arm946e-s\libc.a(libc_time_time.c.o)
                0x020150f8                time
 .text.__tzcalc_limits
                0x02015120      0x178 C:/msys64/opt/wonderful/toolchain/gcc-arm-none-eabi/lib/gcc/arm-none-eabi/15.2.1/../../../../arm-none-eabi/lib/thumb/arm946e-s\libc.a(libc_time_tzcalc_limits.c.o)
                0x02015120                __tzcalc_limits
 .text._tzset_unlocked
                0x02015298      0x3e0 C:/msys64/opt/wonderful/toolchain/gcc-arm-none-eabi/lib/gcc/arm-none-eabi/15.2.1/../../../../arm-none-eabi/lib/thumb/arm946e-s\libc.a(libc_time_tzset.c.o)
                0x02015298                _tzset_unlocked
 .text.fclose   0x02015678       0x18 C:/msys64/opt/wonderful/toolchain/gcc-arm-none-eabi/lib/gcc/arm-none-eabi/15.2.1/../../../../arm-none-eabi/lib/thumb/arm946e-s\libc.a(libc_tinystdio_fclose.c.o)
                0x02015678                fclose
 .text.fdopen   0x02015690       0xa4 C:/msys64/opt/wonderful/toolchain/gcc-arm-none-eabi/lib/gcc/arm-none-eabi/15.2.1/../../../../arm-none-eabi/lib/thumb/arm946e-s\libc.a(libc_tinystdio_fdopen.c.o)
                0x02015690                fdopen
 .text.fflush   0x02015734       0x10 C:/msys64/opt/wonderful/toolchain/gcc-arm-none-eabi/lib/gcc/arm-none-eabi/15.2.1/../../../../arm-none-eabi/lib/thumb/arm946e-s\libc.a(libc_tinystdio_fflush.c.o)
                0x02015734                fflush
 .text.getc     0x02015744       0x44 C:/msys64/opt/wonderful/toolchain/gcc-arm-none-eabi/lib/gcc/arm-none-eabi/15.2.1/../../../../arm-none-eabi/lib/thumb/arm946e-s\libc.a(libc_tinystdio_fgetc.c.o)
                0x02015744                getc
                0x02015744                fgetc
                0x02015744                getc_unlocked
 .text.fopen    0x02015788       0x2e C:/msys64/opt/wonderful/toolchain/gcc-arm-none-eabi/lib/gcc/arm-none-eabi/15.2.1/../../../../arm-none-eabi/lib/thumb/arm946e-s\libc.a(libc_tinystdio_fopen.c.o)
                0x02015788                fopen
 .text.putc     0x020157b6       0x2c C:/msys64/opt/wonderful/toolchain/gcc-arm-none-eabi/lib/gcc/arm-none-eabi/15.2.1/../../../../arm-none-eabi/lib/thumb/arm946e-s\libc.a(libc_tinystdio_fputc.c.o)
                0x020157b6                putc
                0x020157b6                fputc
                0x020157b6                putc_unlocked
 *fill*         0x020157e2        0x2 ff
 .text.fread    0x020157e4      0x1b8 C:/msys64/opt/wonderful/toolchain/gcc-arm-none-eabi/lib/gcc/arm-none-eabi/15.2.1/../../../../arm-none-eabi/lib/thumb/arm946e-s\libc.a(libc_tinystdio_fread.c.o)
                0x020157e4                fread
 .text.fseek    0x0201599c       0x40 C:/msys64/opt/wonderful/toolchain/gcc-arm-none-eabi/lib/gcc/arm-none-eabi/15.2.1/../../../../arm-none-eabi/lib/thumb/arm946e-s\libc.a(libc_tinystdio_fseek.c.o)
                0x0201599c                fseek
 .text.fseeko   0x020159dc       0x40 C:/msys64/opt/wonderful/toolchain/gcc-arm-none-eabi/lib/gcc/arm-none-eabi/15.2.1/../../../../arm-none-eabi/lib/thumb/arm946e-s\libc.a(libc_tinystdio_fseeko.c.o)
                0x020159dc                fseeko
 .text.ftell    0x02015a1c       0x3c C:/msys64/opt/wonderful/toolchain/gcc-arm-none-eabi/lib/gcc/arm-none-eabi/15.2.1/../../../../arm-none-eabi/lib/thumb/arm946e-s\libc.a(libc_tinystdio_ftell.c.o)
                0x02015a1c                ftell
 .text.fwrite   0x02015a58      0x16e C:/msys64/opt/wonderful/toolchain/gcc-arm-none-eabi/lib/gcc/arm-none-eabi/15.2.1/../../../../arm-none-eabi/lib/thumb/arm946e-s\libc.a(libc_tinystdio_fwrite.c.o)
                0x02015a58                fwrite
 *fill*         0x02015bc6        0x2 ff
 .text.printf   0x02015bc8       0x20 C:/msys64/opt/wonderful/toolchain/gcc-arm-none-eabi/lib/gcc/arm-none-eabi/15.2.1/../../../../arm-none-eabi/lib/thumb/arm946e-s\libc.a(libc_tinystdio_printf.c.o)
                0x02015bc8                printf
 .text.putchar  0x02015be8       0x10 C:/msys64/opt/wonderful/toolchain/gcc-arm-none-eabi/lib/gcc/arm-none-eabi/15.2.1/../../../../arm-none-eabi/lib/thumb/arm946e-s\libc.a(libc_tinystdio_putchar.c.o)
                0x02015be8                putchar_unlocked
                0x02015be8                putchar
 .text.puts     0x02015bf8       0x44 C:/msys64/opt/wonderful/toolchain/gcc-arm-none-eabi/lib/gcc/arm-none-eabi/15.2.1/../../../../arm-none-eabi/lib/thumb/arm946e-s\libc.a(libc_tinystdio_puts.c.o)
                0x02015bf8                puts
 .text.setvbuf  0x02015c3c       0x18 C:/msys64/opt/wonderful/toolchain/gcc-arm-none-eabi/lib/gcc/arm-none-eabi/15.2.1/../../../../arm-none-eabi/lib/thumb/arm946e-s\libc.a(libc_tinystdio_setvbuf.c.o)
                0x02015c3c                setvbuf
 .text.__stdio_flags
                0x02015c54       0x58 C:/msys64/opt/wonderful/toolchain/gcc-arm-none-eabi/lib/gcc/arm-none-eabi/15.2.1/../../../../arm-none-eabi/lib/thumb/arm946e-s\libc.a(libc_tinystdio_sflags.c.o)
                0x02015c54                __stdio_flags
 .text.snprintf
                0x02015cac       0x54 C:/msys64/opt/wonderful/toolchain/gcc-arm-none-eabi/lib/gcc/arm-none-eabi/15.2.1/../../../../arm-none-eabi/lib/thumb/arm946e-s\libc.a(libc_tinystdio_snprintf.c.o)
                0x02015cac                snprintf
 .text.sscanf   0x02015d00       0x3c C:/msys64/opt/wonderful/toolchain/gcc-arm-none-eabi/lib/gcc/arm-none-eabi/15.2.1/../../../../arm-none-eabi/lib/thumb/arm946e-s\libc.a(libc_tinystdio_sscanf.c.o)
                0x02015d00                sscanf
 .text.strtoul  0x02015d3c      0x12c C:/msys64/opt/wonderful/toolchain/gcc-arm-none-eabi/lib/gcc/arm-none-eabi/15.2.1/../../../../arm-none-eabi/lib/thumb/arm946e-s\libc.a(libc_tinystdio_strtoul.c.o)
                0x02015d3c                strtoul
 .text.__ultoa_invert
                0x02015e68       0x52 C:/msys64/opt/wonderful/toolchain/gcc-arm-none-eabi/lib/gcc/arm-none-eabi/15.2.1/../../../../arm-none-eabi/lib/thumb/arm946e-s\libc.a(libc_tinystdio_vfprintf.c.o)
 *fill*         0x02015eba        0x2 ff
 .text.skip_to_arg
                0x02015ebc      0x13c C:/msys64/opt/wonderful/toolchain/gcc-arm-none-eabi/lib/gcc/arm-none-eabi/15.2.1/../../../../arm-none-eabi/lib/thumb/arm946e-s\libc.a(libc_tinystdio_vfprintf.c.o)
 .text.vfprintf
                0x02015ff8      0x9c4 C:/msys64/opt/wonderful/toolchain/gcc-arm-none-eabi/lib/gcc/arm-none-eabi/15.2.1/../../../../arm-none-eabi/lib/thumb/arm946e-s\libc.a(libc_tinystdio_vfprintf.c.o)
                0x02015ff8                vfprintf
                0x02015ff8                __d_vfprintf
 .text.scanf_getc
                0x020169bc       0x14 C:/msys64/opt/wonderful/toolchain/gcc-arm-none-eabi/lib/gcc/arm-none-eabi/15.2.1/../../../../arm-none-eabi/lib/thumb/arm946e-s\libc.a(libc_tinystdio_vfscanf.c.o)
 .text.scanf_ungetc
                0x020169d0       0x12 C:/msys64/opt/wonderful/toolchain/gcc-arm-none-eabi/lib/gcc/arm-none-eabi/15.2.1/../../../../arm-none-eabi/lib/thumb/arm946e-s\libc.a(libc_tinystdio_vfscanf.c.o)
 .text.skip_spaces
                0x020169e2       0x2a C:/msys64/opt/wonderful/toolchain/gcc-arm-none-eabi/lib/gcc/arm-none-eabi/15.2.1/../../../../arm-none-eabi/lib/thumb/arm946e-s\libc.a(libc_tinystdio_vfscanf.c.o)
 .text.putval   0x02016a0c       0x2a C:/msys64/opt/wonderful/toolchain/gcc-arm-none-eabi/lib/gcc/arm-none-eabi/15.2.1/../../../../arm-none-eabi/lib/thumb/arm946e-s\libc.a(libc_tinystdio_vfscanf.c.o)
 *fill*         0x02016a36        0x2 ff
 .text.vfscanf  0x02016a38      0x990 C:/msys64/opt/wonderful/toolchain/gcc-arm-none-eabi/lib/gcc/arm-none-eabi/15.2.1/../../../../arm-none-eabi/lib/thumb/arm946e-s\libc.a(libc_tinystdio_vfscanf.c.o)
                0x02016a38                vfscanf
                0x02016a38                __d_vfscanf
 .text.vprintf  0x020173c8       0x14 C:/msys64/opt/wonderful/toolchain/gcc-arm-none-eabi/lib/gcc/arm-none-eabi/15.2.1/../../../../arm-none-eabi/lib/thumb/arm946e-s\libc.a(libc_tinystdio_vprintf.c.o)
                0x020173c8                vprintf
 .text.mulShift64
                0x020173dc       0x62 C:/msys64/opt/wonderful/toolchain/gcc-arm-none-eabi/lib/gcc/arm-none-eabi/15.2.1/../../../../arm-none-eabi/lib/thumb/arm946e-s\libc.a(libc_tinystdio_atod_ryu.c.o)
 *fill*         0x0201743e        0x2 ff
 .text.__atod_engine
                0x02017440      0x158 C:/msys64/opt/wonderful/toolchain/gcc-arm-none-eabi/lib/gcc/arm-none-eabi/15.2.1/../../../../arm-none-eabi/lib/thumb/arm946e-s\libc.a(libc_tinystdio_atod_ryu.c.o)
                0x02017440                __atod_engine
 .text.__atof_engine
                0x02017598      0x120 C:/msys64/opt/wonderful/toolchain/gcc-arm-none-eabi/lib/gcc/arm-none-eabi/15.2.1/../../../../arm-none-eabi/lib/thumb/arm946e-s\libc.a(libc_tinystdio_atof_ryu.c.o)
                0x02017598                __atof_engine
 .text.mulShiftAll64
                0x020176b8      0x202 C:/msys64/opt/wonderful/toolchain/gcc-arm-none-eabi/lib/gcc/arm-none-eabi/15.2.1/../../../../arm-none-eabi/lib/thumb/arm946e-s\libc.a(libc_tinystdio_dtoa_ryu.c.o)
 *fill*         0x020178ba        0x2 ff
 .text.div10    0x020178bc       0x28 C:/msys64/opt/wonderful/toolchain/gcc-arm-none-eabi/lib/gcc/arm-none-eabi/15.2.1/../../../../arm-none-eabi/lib/thumb/arm946e-s\libc.a(libc_tinystdio_dtoa_ryu.c.o)
 .text.__dtoa_engine
                0x020178e4      0x4b8 C:/msys64/opt/wonderful/toolchain/gcc-arm-none-eabi/lib/gcc/arm-none-eabi/15.2.1/../../../../arm-none-eabi/lib/thumb/arm946e-s\libc.a(libc_tinystdio_dtoa_ryu.c.o)
                0x020178e4                __dtoa_engine
 .text.mulShift32
                0x02017d9c       0x44 C:/msys64/opt/wonderful/toolchain/gcc-arm-none-eabi/lib/gcc/arm-none-eabi/15.2.1/../../../../arm-none-eabi/lib/thumb/arm946e-s\libc.a(libc_tinystdio_ryu_divpow2.c.o)
 .text.__mulPow5InvDivPow2
                0x02017de0       0x28 C:/msys64/opt/wonderful/toolchain/gcc-arm-none-eabi/lib/gcc/arm-none-eabi/15.2.1/../../../../arm-none-eabi/lib/thumb/arm946e-s\libc.a(libc_tinystdio_ryu_divpow2.c.o)
                0x02017de0                __mulPow5InvDivPow2
 .text.__mulPow5divPow2
                0x02017e08       0x20 C:/msys64/opt/wonderful/toolchain/gcc-arm-none-eabi/lib/gcc/arm-none-eabi/15.2.1/../../../../arm-none-eabi/lib/thumb/arm946e-s\libc.a(libc_tinystdio_ryu_divpow2.c.o)
                0x02017e08                __mulPow5divPow2
 .text.__log10Pow2
                0x02017e28        0xc C:/msys64/opt/wonderful/toolchain/gcc-arm-none-eabi/lib/gcc/arm-none-eabi/15.2.1/../../../../arm-none-eabi/lib/thumb/arm946e-s\libc.a(libc_tinystdio_ryu_log10.c.o)
                0x02017e28                __log10Pow2
 .text.__log10Pow5
                0x02017e34        0xc C:/msys64/opt/wonderful/toolchain/gcc-arm-none-eabi/lib/gcc/arm-none-eabi/15.2.1/../../../../arm-none-eabi/lib/thumb/arm946e-s\libc.a(libc_tinystdio_ryu_log10.c.o)
                0x02017e34                __log10Pow5
 .text.__log2pow5
                0x02017e40        0xc C:/msys64/opt/wonderful/toolchain/gcc-arm-none-eabi/lib/gcc/arm-none-eabi/15.2.1/../../../../arm-none-eabi/lib/thumb/arm946e-s\libc.a(libc_tinystdio_ryu_log2pow5.c.o)
                0x02017e40                __log2pow5
 .text.__ceil_log2pow5
                0x02017e4c       0x10 C:/msys64/opt/wonderful/toolchain/gcc-arm-none-eabi/lib/gcc/arm-none-eabi/15.2.1/../../../../arm-none-eabi/lib/thumb/arm946e-s\libc.a(libc_tinystdio_ryu_log2pow5.c.o)
                0x02017e4c                __ceil_log2pow5
 .text.__pow5bits
                0x02017e5c       0x10 C:/msys64/opt/wonderful/toolchain/gcc-arm-none-eabi/lib/gcc/arm-none-eabi/15.2.1/../../../../arm-none-eabi/lib/thumb/arm946e-s\libc.a(libc_tinystdio_ryu_pow5bits.c.o)
                0x02017e5c                __pow5bits
 .text.__pow5Factor
                0x02017e6c       0x2c C:/msys64/opt/wonderful/toolchain/gcc-arm-none-eabi/lib/gcc/arm-none-eabi/15.2.1/../../../../arm-none-eabi/lib/thumb/arm946e-s\libc.a(libc_tinystdio_ryu_table.c.o)
                0x02017e6c                __pow5Factor
 .text.__double_computePow5
                0x02017e98      0x100 C:/msys64/opt/wonderful/toolchain/gcc-arm-none-eabi/lib/gcc/arm-none-eabi/15.2.1/../../../../arm-none-eabi/lib/thumb/arm946e-s\libc.a(libc_tinystdio_ryu_table.c.o)
                0x02017e98                __double_computePow5
 .text.__double_computeInvPow5
                0x02017f98       0xfc C:/msys64/opt/wonderful/toolchain/gcc-arm-none-eabi/lib/gcc/arm-none-eabi/15.2.1/../../../../arm-none-eabi/lib/thumb/arm946e-s\libc.a(libc_tinystdio_ryu_table.c.o)
                0x02017f98                __double_computeInvPow5
 .text.__umul128
                0x02018094       0x6c C:/msys64/opt/wonderful/toolchain/gcc-arm-none-eabi/lib/gcc/arm-none-eabi/15.2.1/../../../../arm-none-eabi/lib/thumb/arm946e-s\libc.a(libc_tinystdio_ryu_umul128.c.o)
                0x02018094                __umul128
 .text.__shiftright128
                0x02018100       0x28 C:/msys64/opt/wonderful/toolchain/gcc-arm-none-eabi/lib/gcc/arm-none-eabi/15.2.1/../../../../arm-none-eabi/lib/thumb/arm946e-s\libc.a(libc_tinystdio_ryu_umul128.c.o)
                0x02018100                __shiftright128
 .text.isnan    0x02018128       0x18 C:/msys64/opt/wonderful/toolchain/gcc-arm-none-eabi/lib/gcc/arm-none-eabi/15.2.1/../../../../arm-none-eabi/lib/thumb/arm946e-s\libc.a(libm_common_s_isnan.c.o)
                0x02018128                isnan
                0x02018128                isnanl
                0x02018128                __isnand
                0x02018128                __isnanl
 .text.memmove  0x02018140       0x26 C:/msys64/opt/wonderful/toolchain/gcc-arm-none-eabi/lib/gcc/arm-none-eabi/15.2.1/../../../../arm-none-eabi/lib/thumb/arm946e-s\libc.a(memmove.c.o)
                0x02018140                __aeabi_memmove8
                0x02018140                __aeabi_memmove
                0x02018140                __aeabi_memmove4
                0x02018140                memmove
 *fill*         0x02018166        0x2 ff
 .text.__libc_fini_array
                0x02018168       0x1c C:/msys64/opt/wonderful/toolchain/gcc-arm-none-eabi/lib/gcc/arm-none-eabi/15.2.1/../../../../arm-none-eabi/lib/thumb/arm946e-s\libc.a(libc_misc_fini.c.o)
                0x02018168                __libc_fini_array
 .text.getenv   0x02018184        0xa C:/msys64/opt/wonderful/toolchain/gcc-arm-none-eabi/lib/gcc/arm-none-eabi/15.2.1/../../../../arm-none-eabi/lib/thumb/arm946e-s\libc.a(libc_stdlib_getenv.c.o)
                0x02018184                getenv
 *fill*         0x0201818e        0x2 ff
 .text._findenv
                0x02018190       0x7c C:/msys64/opt/wonderful/toolchain/gcc-arm-none-eabi/lib/gcc/arm-none-eabi/15.2.1/../../../../arm-none-eabi/lib/thumb/arm946e-s\libc.a(libc_stdlib_getenv_r.c.o)
                0x02018190                _findenv
 .text.strnlen  0x0201820c       0x16 C:/msys64/opt/wonderful/toolchain/gcc-arm-none-eabi/lib/gcc/arm-none-eabi/15.2.1/../../../../arm-none-eabi/lib/thumb/arm946e-s\libc.a(libc_string_strnlen.c.o)
                0x0201820c                strnlen
 *fill*         0x02018222        0x2 ff
 .text.__gettzinfo
                0x02018224        0x8 C:/msys64/opt/wonderful/toolchain/gcc-arm-none-eabi/lib/gcc/arm-none-eabi/15.2.1/../../../../arm-none-eabi/lib/thumb/arm946e-s\libc.a(libc_time_gettzinfo.c.o)
                0x02018224                __gettzinfo
 .text.gmtime_r
                0x0201822c      0x1bc C:/msys64/opt/wonderful/toolchain/gcc-arm-none-eabi/lib/gcc/arm-none-eabi/15.2.1/../../../../arm-none-eabi/lib/thumb/arm946e-s\libc.a(libc_time_gmtime_r.c.o)
                0x0201822c                gmtime_r
 .text.__picolibc_non_atomic_load_ungetc
                0x020183e8        0x4 C:/msys64/opt/wonderful/toolchain/gcc-arm-none-eabi/lib/gcc/arm-none-eabi/15.2.1/../../../../arm-none-eabi/lib/thumb/arm946e-s\libc.a(libc_tinystdio_atomic_load.c.o)
                0x020183e8                __picolibc_non_atomic_load_ungetc
                0x020183e8                __atomic_load_ungetc
 .text.__bufio_lock
                0x020183ec       0x18 C:/msys64/opt/wonderful/toolchain/gcc-arm-none-eabi/lib/gcc/arm-none-eabi/15.2.1/../../../../arm-none-eabi/lib/thumb/arm946e-s\libc.a(libc_tinystdio_bufio.c.o)
 .text.__bufio_flush_locked
                0x02018404       0x66 C:/msys64/opt/wonderful/toolchain/gcc-arm-none-eabi/lib/gcc/arm-none-eabi/15.2.1/../../../../arm-none-eabi/lib/thumb/arm946e-s\libc.a(libc_tinystdio_bufio.c.o)
                0x02018404                __bufio_flush_locked
 .text.__bufio_fill_locked
                0x0201846a       0x2c C:/msys64/opt/wonderful/toolchain/gcc-arm-none-eabi/lib/gcc/arm-none-eabi/15.2.1/../../../../arm-none-eabi/lib/thumb/arm946e-s\libc.a(libc_tinystdio_bufio.c.o)
                0x0201846a                __bufio_fill_locked
 .text.__bufio_flush
                0x02018496       0x1a C:/msys64/opt/wonderful/toolchain/gcc-arm-none-eabi/lib/gcc/arm-none-eabi/15.2.1/../../../../arm-none-eabi/lib/thumb/arm946e-s\libc.a(libc_tinystdio_bufio.c.o)
                0x02018496                __bufio_flush
 .text.__bufio_setdir_locked
                0x020184b0       0x1a C:/msys64/opt/wonderful/toolchain/gcc-arm-none-eabi/lib/gcc/arm-none-eabi/15.2.1/../../../../arm-none-eabi/lib/thumb/arm946e-s\libc.a(libc_tinystdio_bufio.c.o)
                0x020184b0                __bufio_setdir_locked
 .text.__bufio_put
                0x020184ca       0x50 C:/msys64/opt/wonderful/toolchain/gcc-arm-none-eabi/lib/gcc/arm-none-eabi/15.2.1/../../../../arm-none-eabi/lib/thumb/arm946e-s\libc.a(libc_tinystdio_bufio.c.o)
                0x020184ca                __bufio_put
 *fill*         0x0201851a        0x2 ff
 .text.__bufio_get
                0x0201851c       0x70 C:/msys64/opt/wonderful/toolchain/gcc-arm-none-eabi/lib/gcc/arm-none-eabi/15.2.1/../../../../arm-none-eabi/lib/thumb/arm946e-s\libc.a(libc_tinystdio_bufio.c.o)
                0x0201851c                __bufio_get
 .text.__bufio_seek
                0x0201858c       0x6a C:/msys64/opt/wonderful/toolchain/gcc-arm-none-eabi/lib/gcc/arm-none-eabi/15.2.1/../../../../arm-none-eabi/lib/thumb/arm946e-s\libc.a(libc_tinystdio_bufio.c.o)
                0x0201858c                __bufio_seek
 .text.__bufio_setvbuf
                0x020185f6       0x88 C:/msys64/opt/wonderful/toolchain/gcc-arm-none-eabi/lib/gcc/arm-none-eabi/15.2.1/../../../../arm-none-eabi/lib/thumb/arm946e-s\libc.a(libc_tinystdio_bufio.c.o)
                0x020185f6                __bufio_setvbuf
 .text.__bufio_close
                0x0201867e       0x4a C:/msys64/opt/wonderful/toolchain/gcc-arm-none-eabi/lib/gcc/arm-none-eabi/15.2.1/../../../../arm-none-eabi/lib/thumb/arm946e-s\libc.a(libc_tinystdio_bufio.c.o)
                0x0201867e                __bufio_close
 .text.__dtox_engine
                0x020186c8      0x128 C:/msys64/opt/wonderful/toolchain/gcc-arm-none-eabi/lib/gcc/arm-none-eabi/15.2.1/../../../../arm-none-eabi/lib/thumb/arm946e-s\libc.a(libc_tinystdio_dtox_engine.c.o)
                0x020186c8                __dtox_engine
 .text.__picolibc_non_atomic_exchange_ungetc
                0x020187f0        0x8 C:/msys64/opt/wonderful/toolchain/gcc-arm-none-eabi/lib/gcc/arm-none-eabi/15.2.1/../../../../arm-none-eabi/lib/thumb/arm946e-s\libc.a(libc_tinystdio_exchange.c.o)
                0x020187f0                __picolibc_non_atomic_exchange_ungetc
                0x020187f0                __atomic_exchange_ungetc
 .text.__file_str_get
                0x020187f8       0x16 C:/msys64/opt/wonderful/toolchain/gcc-arm-none-eabi/lib/gcc/arm-none-eabi/15.2.1/../../../../arm-none-eabi/lib/thumb/arm946e-s\libc.a(libc_tinystdio_filestrget.c.o)
                0x020187f8                __file_str_get
 .text.__file_str_put
                0x0201880e       0x10 C:/msys64/opt/wonderful/toolchain/gcc-arm-none-eabi/lib/gcc/arm-none-eabi/15.2.1/../../../../arm-none-eabi/lib/thumb/arm946e-s\libc.a(libc_tinystdio_filestrput.c.o)
                0x0201880e                __file_str_put
 .text.ungetc   0x0201881e       0x36 C:/msys64/opt/wonderful/toolchain/gcc-arm-none-eabi/lib/gcc/arm-none-eabi/15.2.1/../../../../arm-none-eabi/lib/thumb/arm946e-s\libc.a(libc_tinystdio_ungetc.c.o)
                0x0201881e                ungetc
 .text.__picolibc_non_atomic_compare_exchange_ungetc
                0x02018854       0x12 C:/msys64/opt/wonderful/toolchain/gcc-arm-none-eabi/lib/gcc/arm-none-eabi/15.2.1/../../../../arm-none-eabi/lib/thumb/arm946e-s\libc.a(libc_tinystdio_compare_exchange.c.o)
                0x02018854                __atomic_compare_exchange_ungetc
                0x02018854                __picolibc_non_atomic_compare_exchange_ungetc
 *fill*         0x02018866        0x2 ff
 .text.gettimeofday
                0x02018868       0x1c C:/msys64/opt/wonderful/thirdparty/blocksds/core/libs/libnds/lib\libnds9.a(syscalls.c.o)
                0x02018868                gettimeofday
 *fill*         0x02018884        0x4 ff
 .text.gettimeofday.__stub
                0x02018888       0x40 linker stubs
 *(EXCLUDE_FILE(*.twl*) .gnu.warning)
 *(EXCLUDE_FILE(*.twl*) .gnu.linkonce.t*)
 *(.glue_7)
 .glue_7        0x020188c8        0x0 linker stubs
 *(.glue_7t)
 .glue_7t       0x020188c8        0x0 linker stubs
                0x020188c8                        . = ALIGN (0x4)

.vfp11_veneer   0x020188c8        0x0
 .vfp11_veneer  0x020188c8        0x0 linker stubs

.v4_bx          0x020188c8        0x0
 .v4_bx         0x020188c8        0x0 linker stubs

.iplt           0x020188c8        0x0
 .iplt          0x020188c8        0x0 C:/msys64/opt/wonderful/thirdparty/blocksds/core/sys/crts/ds_arm9_crt0.o

.fini           0x020188c8        0x8
 *(.fini)
 .fini          0x020188c8        0x8 C:/msys64/opt/wonderful/toolchain/gcc-arm-none-eabi/lib/gcc/arm-none-eabi/15.2.1/thumb/arm946e-s/crtn.o
                0x020188d0                        __text_end = .

.rodata         0x020188d0    0x152d4
 *(EXCLUDE_FILE(*.twl*) .rodata)
 .rodata        0x020188d0       0x78 build/A-Pix/source/formats.cpp.o
 .rodata        0x02018948      0x1dc build/A-Pix/source/main.cpp.o