Archive member included to satisfy reference by file (symbol)

C:/msys64/opt/wonderful/thirdparty/blocksds/core/libs/libnds/lib\libnds9.a(cp15.s.o)
                              C:/msys64/opt/wonderful/thirdparty/blocksds/core/sys/crts/ds_arm9_crt0.o (CP15_FlushICache)
C:/msys64/opt/wonderful/thirdparty/blocksds/core/libs/libnds/lib\libnds9.a(mpu_setup.s.o)
                              C:/msys64/opt/wonderful/thirdparty/blocksds/core/sys/crts/ds_arm9_crt0.o (__libnds_mpu_setup)
C:/msys64/opt/wonderful/thirdparty/blocksds/core/libs/libnds/lib\libnds9.a(dma.s.o)
                              build/A-Pix/source/avdslib.cpp.o (dmaSetParams)
C:/msys64/opt/wonderful/thirdparty/blocksds/core/libs/libnds/lib\libnds9.a(memcpy.s.o)
                              build/A-Pix/source/avdslib.cpp.o (memcpy)
C:/msys64/opt/wonderful/thirdparty/blocksds/core/libs/libnds/lib\libnds9.a(memset.s.o)
                              build/A-Pix/source/formats.cpp.o (memset)
C:/msys64/opt/wonderful/thirdparty/blocksds/core/libs/libnds/lib\libnds9.a(console.c.o)
                              build/A-Pix/source/main.cpp.o (consoleInit)
C:/msys64/opt/wonderful/thirdparty/blocksds/core/libs/libnds/lib\libnds9.a(chdir.c.o)
                              build/A-Pix/source/main.cpp.o (chdir)
C:/msys64/opt/wonderful/thirdparty/blocksds/core/libs/libnds/lib\libnds9.a(crt0_argv.c.o)
                              C:/msys64/opt/wonderful/thirdparty/blocksds/core/sys/crts/ds_arm9_crt0.o (build_argv)
C:/msys64/opt/wonderful/thirdparty/blocksds/core/libs/libnds/lib\libnds9.a(dirent.c.o)
                              build/A-Pix/source/main.cpp.o (opendir)
C:/msys64/opt/wonderful/thirdparty/blocksds/core/libs/libnds/lib\libnds9.a(fatfs.c.o)
                              C:/msys64/opt/wonderful/thirdparty/blocksds/core/libs/libnds/lib\libnds9.a(chdir.c.o) (fatfs_error_to_posix)
C:/msys64/opt/wonderful/thirdparty/blocksds/core/libs/libnds/lib\libnds9.a(filesystem.c.o)
                              C:/msys64/opt/wonderful/thirdparty/blocksds/core/libs/libnds/lib\libnds9.a(chdir.c.o) (current_drive_is_nitrofs)
C:/msys64/opt/wonderful/thirdparty/blocksds/core/libs/libnds/lib\libnds9.a(iob.c.o)
                              C:/msys64/opt/wonderful/thirdparty/blocksds/core/libs/libnds/lib\libnds9.a(console.c.o) (stderr)
C:/msys64/opt/wonderful/thirdparty/blocksds/core/libs/libnds/lib\libnds9.a(nitrofs.c.o)
                              C:/msys64/opt/wonderful/thirdparty/blocksds/core/libs/libnds/lib\libnds9.a(dirent.c.o) (nitrofs_use_for_path)
C:/msys64/opt/wonderful/thirdparty/blocksds/core/libs/libnds/lib\libnds9.a(sassert.c.o)
                              build/A-Pix/source/intro.cpp.o (__sassert)
C:/msys64/opt/wonderful/thirdparty/blocksds/core/libs/libnds/lib\libnds9.a(card.c.o)
                              C:/msys64/opt/wonderful/thirdparty/blocksds/core/libs/libnds/lib\libnds9.a(nitrofs.c.o) (cardReadArm7)
C:/msys64/opt/wonderful/thirdparty/blocksds/core/libs/libnds/lib\libnds9.a(dldi.c.o)
                              C:/msys64/opt/wonderful/thirdparty/blocksds/core/libs/libnds/lib\libnds9.a(nitrofs.c.o) (dldiGetMode)
C:/msys64/opt/wonderful/thirdparty/blocksds/core/libs/libnds/lib\libnds9.a(nandfs.c.o)
                              C:/msys64/opt/wonderful/thirdparty/blocksds/core/libs/libnds/lib\libnds9.a(fatfs.c.o) (nand_WriteProtect)
C:/msys64/opt/wonderful/thirdparty/blocksds/core/libs/libnds/lib\libnds9.a(sdmmc.c.o)
                              C:/msys64/opt/wonderful/thirdparty/blocksds/core/libs/libnds/lib\libnds9.a(nandfs.c.o) (nand_Startup)
C:/msys64/opt/wonderful/thirdparty/blocksds/core/libs/libnds/lib\libnds9.a(cache.c.o)
                              build/A-Pix/source/intro.cpp.o (CP15_CleanAndFlushDCacheRange)
C:/msys64/opt/wonderful/thirdparty/blocksds/core/libs/libnds/lib\libnds9.a(exceptions.c.o)
                              build/A-Pix/source/main.cpp.o (defaultExceptionHandler)
C:/msys64/opt/wonderful/thirdparty/blocksds/core/libs/libnds/lib\libnds9.a(initSystem.c.o)
                              C:/msys64/opt/wonderful/thirdparty/blocksds/core/sys/crts/ds_arm9_crt0.o (__debugger_unit)
C:/msys64/opt/wonderful/thirdparty/blocksds/core/libs/libnds/lib\libnds9.a(keys.c.o)
                              build/A-Pix/source/intro.cpp.o (scanKeys)
C:/msys64/opt/wonderful/thirdparty/blocksds/core/libs/libnds/lib\libnds9.a(securearea.c.o)
                              C:/msys64/opt/wonderful/thirdparty/blocksds/core/sys/crts/ds_arm9_crt0.o (__secure_area__)
C:/msys64/opt/wonderful/thirdparty/blocksds/core/libs/libnds/lib\libnds9.a(system.c.o)
                              C:/msys64/opt/wonderful/thirdparty/blocksds/core/libs/libnds/lib\libnds9.a(initSystem.c.o) (systemValueHandler)
C:/msys64/opt/wonderful/thirdparty/blocksds/core/libs/libnds/lib\libnds9.a(background.c.o)
                              build/A-Pix/source/intro.cpp.o (bgUpdate)
C:/msys64/opt/wonderful/thirdparty/blocksds/core/libs/libnds/lib\libnds9.a(sprite.c.o)
[...]
Memory Configuration

Name             Origin             Length             Attributes
ewram            0x02000000         0x00380000
dtcm             0x02ff0000         0x00004000
itcm             0x01000000         0x00008000
*default*        0x00000000         0xffffffff

Linker script and memory map

                0x00000000                        PROVIDE (__dtcm_data_size = 0x0)
                0x00000001                        ASSERT (((__dtcm_data_size & 0x3) == 0x0), __dtcm_data_size must be a multiple of 4)
                0x00004000                        PROVIDE (__dldi_size = 0x4000)
                0x00000040                        PROVIDE (__dtcm_reserved_size = 0x40)
                0x00000001                        ASSERT (((__dtcm_reserved_size & 0x3) == 0x0), __dtcm_reserved_size must be a multiple of 4)
                0x00000100                        PROVIDE (__svc_stack_size = 0x100)
                0x00000001                        ASSERT (((__svc_stack_size & 0x3) == 0x0), __svc_stack_size must be a multiple of 4)
                0x00000100                        PROVIDE (__irq_stack_size = 0x100)
                0x00000001                        ASSERT (((__irq_stack_size & 0x3) == 0x0), __irq_stack_size must be a multiple of 4)
                0x00000000                        PROVIDE (__usr_stack_size = 0x0)
                0x00000001                        ASSERT (((__usr_stack_size & 0x3) == 0x0), __usr_stack_size must be a multiple of 4)
                0x02380000                        __ewram_end = (ORIGIN (ewram) + LENGTH (ewram))
                0x02380000                        __eheap_end = (ORIGIN (ewram) + LENGTH (ewram))
                0x02ff0000                        __dtcm_start = ORIGIN (dtcm)
                0x02ff4000                        __dtcm_top = (ORIGIN (dtcm) + LENGTH (dtcm))
                0x02ff3ff8                        __irq_flags = (__dtcm_top - 0x8)
                0x02ff3ffc                        __irq_vector = (__dtcm_top - 0x4)
                0x02ff3fc0                        __sp_svc = (__dtcm_top - __dtcm_reserved_size)
                0x02ff3ec0                        __sp_irq = (__sp_svc - __svc_stack_size)
                0x02ff3dc0                        __sp_usr = ((__sp_irq - __irq_stack_size) - __dtcm_data_size)
                0x02ff0000                        __dtcm_data_start = (__dtcm_data_size > 0x0)?__sp_usr:ORIGIN (dtcm)
                0x02ff3dc0                        __dtcm_data_top = (__dtcm_data_size > 0x0)?(__sp_irq - __irq_stack_size):(__sp_usr - __usr_stack_size)
                0x0000000e                        __dldi_log2_size = (LOG2CEIL ((__dldi_size + 0x1)) - 0x1)

.secure         0x02000000      0x800
 *(.secure)
 .secure        0x02000000      0x800 C:/msys64/opt/wonderful/thirdparty/blocksds/core/libs/libnds/lib\libnds9.a(securearea.c.o)
                0x02000000                __secure_area__

.crt0           0x02000800      0x2f0
                0x02000800                        __text_start = .
 *(.crt0)
 .crt0          0x02000800      0x2f0 C:/msys64/opt/wonderful/thirdparty/blocksds/core/sys/crts/ds_arm9_crt0.o
                0x02000800                _start
                0x02000af0                        . = ALIGN (0x4)

.dldi           0x02000b00     0x4000
                0x02000b00                        __dldi_start = .
 *(.dldi)
 .dldi          0x02000b00       0x88 C:/msys64/opt/wonderful/thirdparty/blocksds/core/libs/libnds/lib\libnds9.a(dldi_stub.s.o)
                0x02000b00                _io_dldi_stub
                0x02000b88                        . = ALIGN (0x4)
                0x02000b88                        __dldi_data_end = .
                0x02004b00                        __dldi_end = (__dldi_data_end > __dldi_start)?(__dldi_start + __dldi_size):__dldi_start
                0x02004b00                        . = __dldi_end
 *fill*         0x02000b88     0x3f78 00
                0x02004b00                        . = ALIGN (0x4)

.plt
 *(.plt)

.init           0x02004b00        0x8
 *(SORT_NONE(.init))
 .init          0x02004b00        0x8 C:/msys64/opt/wonderful/toolchain/gcc-arm-none-eabi/lib/gcc/arm-none-eabi/15.2.1/thumb/arm946e-s/crtn.o

.text           0x02004b08    0x13db8
 *(EXCLUDE_FILE(*.twl* *.itcm*) .text)
 .text          0x02004b08       0xa8 build/A-Pix/source/drawSurfaceBottom16x.s.o
                0x02004b08                drawSurfaceBottom16x
 .text          0x02004bb0       0x60 build/A-Pix/source/drawSurfaceBottom2x.s.o
                0x02004bb0                drawSurfaceBottom2x
 .text          0x02004c10       0xe8 build/A-Pix/source/drawSurfaceBottom32x.s.o
                0x02004c10                drawSurfaceBottom32x
 .text          0x02004cf8       0x78 build/A-Pix/source/drawSurfaceBottom4x.s.o
                0x02004cf8                drawSurfaceBottom4x
 .text          0x02004d70       0x88 build/A-Pix/source/drawSurfaceBottom8x.s.o
                0x02004d70                drawSurfaceBottom8x
 .text          0x02004df8       0x60 build/A-Pix/source/memcpy_fast_arm9.s.o
                0x02004df8                memcpy_fast_arm9
 .text          0x02004e58       0x10 C:/msys64/opt/wonderful/toolchain/gcc-arm-none-eabi/lib/gcc/arm-none-eabi/15.2.1/../../../../arm-none-eabi/lib/thumb/arm946e-s\libc.a(strcpy.S.o)
                0x02004e58                strcpy
 .text          0x02004e68        0xe C:/msys64/opt/wonderful/toolchain/gcc-arm-none-eabi/lib/gcc/arm-none-eabi/15.2.1/../../../../arm-none-eabi/lib/thumb/arm946e-s\libc.a(strlen.S.o)
                0x02004e68                strlen
 *fill*         0x02004e76        0x2 ff
 .text          0x02004e78       0x14 C:/msys64/opt/wonderful/toolchain/gcc-arm-none-eabi/lib/gcc/arm-none-eabi/15.2.1/thumb/arm946e-s\libgcc.a(_thumb1_case_uqi.o)
                0x02004e78                __gnu_thumb1_case_uqi
 .text          0x02004e8c       0x14 C:/msys64/opt/wonderful/toolchain/gcc-arm-none-eabi/lib/gcc/arm-none-eabi/15.2.1/thumb/arm946e-s\libgcc.a(_thumb1_case_uhi.o)
                0x02004e8c                __gnu_thumb1_case_uhi
 .text          0x02004ea0      0x214 C:/msys64/opt/wonderful/toolchain/gcc-arm-none-eabi/lib/gcc/arm-none-eabi/15.2.1/thumb/arm946e-s\libgcc.a(_udivsi3.o)
                0x02004ea0                __aeabi_uidiv
                0x02004ea0                __udivsi3
                0x02005094                __aeabi_uidivmod
 .text          0x020050b4      0x248 C:/msys64/opt/wonderful/toolchain/gcc-arm-none-eabi/lib/gcc/arm-none-eabi/15.2.1/thumb/arm946e-s\libgcc.a(_divsi3.o)
                0x020050b4                __divsi3
                0x020050b4                __aeabi_idiv
                0x020052dc                __aeabi_idivmod
 .text          0x020052fc        0x4 C:/msys64/opt/wonderful/toolchain/gcc-arm-none-eabi/lib/gcc/arm-none-eabi/15.2.1/thumb/arm946e-s\libgcc.a(_dvmd_tls.o)
                0x020052fc                __aeabi_idiv0
                0x020052fc                __aeabi_ldiv0
 .text          0x02005300       0x18 C:/msys64/opt/wonderful/toolchain/gcc-arm-none-eabi/lib/gcc/arm-none-eabi/15.2.1/thumb/arm946e-s\libgcc.a(_lshrdi3.o)
                0x02005300                __lshrdi3
                0x02005300                __aeabi_llsr
 .text          0x02005318       0x1c C:/msys64/opt/wonderful/toolchain/gcc-arm-none-eabi/lib/gcc/arm-none-eabi/15.2.1/thumb/arm946e-s\libgcc.a(_ashrdi3.o)
                0x02005318                __aeabi_lasr
                0x02005318                __ashrdi3
 .text          0x02005334       0x18 C:/msys64/opt/wonderful/toolchain/gcc-arm-none-eabi/lib/gcc/arm-none-eabi/15.2.1/thumb/arm946e-s\libgcc.a(_ashldi3.o)
                0x02005334                __aeabi_llsl
                0x02005334                __ashldi3
 .text          0x0200534c      0x3c0 C:/msys64/opt/wonderful/toolchain/gcc-arm-none-eabi/lib/gcc/arm-none-eabi/15.2.1/thumb/arm946e-s\libgcc.a(_arm_addsubdf3.o)
                0x0200534c                __aeabi_drsub
                0x02005354                __aeabi_dsub
                0x02005354                __subdf3
                0x02005358                __aeabi_dadd
                0x02005358                __adddf3
                0x02005604                __floatunsidf
                0x02005604                __aeabi_ui2d
                0x02005628                __floatsidf
                0x02005628                __aeabi_i2d
                0x02005650                __aeabi_f2d
                0x02005650                __extendsfdf2
                0x02005698                __floatundidf
                0x02005698                __aeabi_ul2d
                0x020056ac                __floatdidf
                0x020056ac                __aeabi_l2d
 .text          0x0200570c       0xa0 C:/msys64/opt/wonderful/toolchain/gcc-arm-none-eabi/lib/gcc/arm-none-eabi/15.2.1/thumb/arm946e-s\libgcc.a(_arm_truncdfsf2.o)
                0x0200570c                __truncdfsf2
                0x0200570c                __aeabi_d2f
 .text          0x020057ac        0x8 C:/msys64/opt/wonderful/toolchain/gcc-arm-none-eabi/lib/gcc/arm-none-eabi/15.2.1/thumb/arm946e-s\libgcc.a(_clzsi2.o)
                0x020057ac                __clzsi2
 .text          0x020057b4       0x14 C:/msys64/opt/wonderful/toolchain/gcc-arm-none-eabi/lib/gcc/arm-none-eabi/15.2.1/thumb/arm946e-s\libgcc.a(_clzdi2.o)
                0x020057b4                __clzdi2
 .text          0x020057c8       0xd4 C:/msys64/opt/wonderful/toolchain/gcc-arm-none-eabi/lib/gcc/arm-none-eabi/15.2.1/thumb/arm946e-s\libgcc.a(_aeabi_ldivmod.o)
                0x020057c8                __aeabi_ldivmod
 .text          0x0200589c       0x3c C:/msys64/opt/wonderful/toolchain/gcc-arm-none-eabi/lib/gcc/arm-none-eabi/15.2.1/thumb/arm946e-s\libgcc.a(_aeabi_uldivmod.o)
                0x0200589c                __aeabi_uldivmod
 .text          0x020058d8      0x190 C:/msys64/opt/wonderful/toolchain/gcc-arm-none-eabi/lib/gcc/arm-none-eabi/15.2.1/thumb/arm946e-s\libgcc.a(_udivmoddi4.o)
                0x020058d8                __udivmoddi4
 .text          0x02005a68       0x14 C:/msys64/opt/wonderful/toolchain/gcc-arm-none-eabi/lib/gcc/arm-none-eabi/15.2.1/thumb/arm946e-s\libgcc.a(muldi3.o)
                0x02005a68                __muldi3
                0x02005a68                __aeabi_lmul
 *(EXCLUDE_FILE(*.twl* *.itcm*) .stub)
 *(EXCLUDE_FILE(*.twl* *.itcm*) .text.*)
 .text._Z6AVARGBiiii
                0x02005a7c       0x24 build/A-Pix/source/avdslib.cpp.o
                0x02005a7c                AVARGB(int, int, int, int)
 .text._Z13AVinvertColort
                0x02005aa0       0x10 build/A-Pix/source/avdslib.cpp.o
                0x02005aa0                AVinvertColor(unsigned short)
 .text._Z9AVfillDMAPtiit
                0x02005ab0       0x2c build/A-Pix/source/avdslib.cpp.o
                0x02005ab0                AVfillDMA(unsigned short*, int, int, unsigned short)
 .text._Z15AVdrawRectanglePtiiiit
                0x02005adc       0x9c build/A-Pix/source/avdslib.cpp.o
                0x02005adc                AVdrawRectangle(unsigned short*, int, int, int, int, unsigned short)
 .text._Z18AVdrawRectangleDMAPtiiiiti
                0x02005b78       0x70 build/A-Pix/source/avdslib.cpp.o
                0x02005b78                AVdrawRectangleDMA(unsigned short*, int, int, int, int, unsigned short, int)
 .text._Z21AVdrawRectangleHollowPtiiiit
                0x02005be8       0x9c build/A-Pix/source/avdslib.cpp.o
                0x02005be8                AVdrawRectangleHollow(unsigned short*, int, int, int, int, unsigned short)
 .text._Z11AVdrawVlinePtiiit
                0x02005c84       0x24 build/A-Pix/source/avdslib.cpp.o
                0x02005c84                AVdrawVline(unsigned short*, int, int, int, unsigned short)
 .text._Z11AVdrawHlinePtiiit
                0x02005ca8       0x24 build/A-Pix/source/avdslib.cpp.o
                0x02005ca8                AVdrawHline(unsigned short*, int, int, int, unsigned short)
 .text._Z9importNESPKcPt
                0x02005ccc      0x108 build/A-Pix/source/formats.cpp.o
                0x02005ccc                importNES(char const*, unsigned short*)
 .text._Z9exportNESPKcPti
                0x02005dd4       0xf8 build/A-Pix/source/formats.cpp.o
                0x02005dd4                exportNES(char const*, unsigned short*, int)
 .text._Z9importGBCPKcPt
                0x02005ecc       0xd8 build/A-Pix/source/formats.cpp.o
                0x02005ecc                importGBC(char const*, unsigned short*)
 .text._Z9exportGBCPKcPti
                0x02005fa4       0xcc build/A-Pix/source/formats.cpp.o
                0x02005fa4                exportGBC(char const*, unsigned short*, int)
 .text._Z10importSNESPKcPt
                0x02006070      0x15c build/A-Pix/source/formats.cpp.o
                0x02006070                importSNES(char const*, unsigned short*)
 .text._Z10exportSNESPKcPti
                0x020061cc      0x15c build/A-Pix/source/formats.cpp.o
                0x020061cc                exportSNES(char const*, unsigned short*, int)
 .text._Z9importGBAPKcPt
                0x02006328       0xcc build/A-Pix/source/formats.cpp.o
                0x02006328                importGBA(char const*, unsigned short*)
 .text._Z9exportGBAPKcPti
                0x020063f4       0xa8 build/A-Pix/source/formats.cpp.o
                0x020063f4                exportGBA(char const*, unsigned short*, int)
 .text._Z9importPalPKc
                0x0200649c       0xbc build/A-Pix/source/formats.cpp.o
                0x0200649c                importPal(char const*)
 .text._Z9exportPalPKc
                0x02006558       0x94 build/A-Pix/source/formats.cpp.o
                0x02006558                exportPal(char const*)
 .text._Z9importPCXPKcPt
                0x020065ec      0x1cc build/A-Pix/source/formats.cpp.o
                0x020065ec                importPCX(char const*, unsigned short*)
 .text._Z9exportPCXPKcPtii
                0x020067b8      0x190 build/A-Pix/source/formats.cpp.o
                0x020067b8                exportPCX(char const*, unsigned short*, int, int)
 .text._Z14writeBmpHeaderP6__file
                0x02006948       0x94 build/A-Pix/source/formats.cpp.o
                0x02006948                writeBmpHeader(__file*)
 .text._Z7saveBMPPKcPtS1_
                0x020069dc       0x8c build/A-Pix/source/formats.cpp.o
                0x020069dc                saveBMP(char const*, unsigned short*, unsigned short*)
 .text._Z14loadBMP_directPKcPt
                0x02006a68      0x1fc build/A-Pix/source/formats.cpp.o
                0x02006a68                loadBMP_direct(char const*, unsigned short*)
 .text._Z15saveBMP_indexedPKcPtS1_
                0x02006c64      0x154 build/A-Pix/source/formats.cpp.o
                0x02006c64                saveBMP_indexed(char const*, unsigned short*, unsigned short*)
 .text._Z15loadBMP_indexedPKcPtS1_
                0x02006db8      0x218 build/A-Pix/source/formats.cpp.o
                0x02006db8                loadBMP_indexed(char const*, unsigned short*, unsigned short*)
 .text._Z12saveBMP_4bppPKcPtS1_
                0x02006fd0      0x1a8 build/A-Pix/source/formats.cpp.o
                0x02006fd0                saveBMP_4bpp(char const*, unsigned short*, unsigned short*)
 .text._Z12loadBMP_4bppPKcPtS1_
                0x02007178      0x238 build/A-Pix/source/formats.cpp.o
                0x02007178                loadBMP_4bpp(char const*, unsigned short*, unsigned short*)
 .text._Z9importTGAPKcPt
                0x020073b0      0x130 build/A-Pix/source/formats.cpp.o
                0x020073b0                importTGA(char const*, unsigned short*)
 .text._Z9exportTGAPKcPtii
                0x020074e0      0x110 build/A-Pix/source/formats.cpp.o
                0x020074e0                exportTGA(char const*, unsigned short*, int, int)
 .text._Z9importACSPKcPt
                0x020075f0      0xa08 build/A-Pix/source/formats.cpp.o
                0x020075f0                importACS(char const*, unsigned short*)
 .text._Z9exportACSPKcPt
                0x02007ff8      0x47c build/A-Pix/source/formats.cpp.o
                0x02007ff8                exportACS(char const*, unsigned short*)
 .text._ZL9doNothingv
                0x02008474        0x4 build/A-Pix/source/intro.cpp.o
 .text._ZL14vblank_handlerv
                0x02008478       0x80 build/A-Pix/source/intro.cpp.o
 .text._Z11updateStarsi
                0x020084f8       0xc4 build/A-Pix/source/intro.cpp.o
                0x020084f8                updateStars(int)
 .text._Z5introv
                0x020085bc      0x55c build/A-Pix/source/intro.cpp.o
                0x020085bc                intro()
 .text._Z9listFilesv.part.0
                0x02008b18      0x230 build/A-Pix/source/main.cpp.o
 .text._Z8textModev.part.0
                0x02008d48       0x6c build/A-Pix/source/main.cpp.o
 .text._Z11enterFolderi
                0x02008db4       0x8c build/A-Pix/source/main.cpp.o
                0x02008db4                enterFolder(int)
 .text._Z6goBackv
                0x02008e40       0x58 build/A-Pix/source/main.cpp.o
                0x02008e40                goBack()
 .text._Z10submitVRAMbbb
                0x02008e98      0x148 build/A-Pix/source/main.cpp.o
                0x02008e98                submitVRAM(bool, bool, bool)
 .text._Z15drawSurfaceMainb
                0x02008fe0      0x140 build/A-Pix/source/main.cpp.o
                0x02008fe0                drawSurfaceMain(bool)
 .text._Z17drawSurfaceBottomv
                0x02009120      0x208 build/A-Pix/source/main.cpp.o
                0x02009120                drawSurfaceBottom()
 .text._Z16drawColorPalettev
                0x02009328       0x74 build/A-Pix/source/main.cpp.o
                0x02009328                drawColorPalette()
 .text._Z14drawNesPalettev
                0x0200939c       0x74 build/A-Pix/source/main.cpp.o
                0x0200939c                drawNesPalette()
 .text._Z9updatePaliPi
                0x02009410      0x170 build/A-Pix/source/main.cpp.o
                0x02009410                updatePal(int, int*)
 .text._Z14clearTopBitmapv
                0x02009580       0xb8 build/A-Pix/source/main.cpp.o
                0x02009580                clearTopBitmap()
 .text._Z10initBitmapv
                0x02009638      0x1dc build/A-Pix/source/main.cpp.o
                0x02009638                initBitmap()
 .text._Z16setEditorSpritesv
                0x02009814       0xa0 build/A-Pix/source/main.cpp.o
                0x02009814                setEditorSprites()
 .text._Z8setOamBGv
                0x020098b4       0x90 build/A-Pix/source/main.cpp.o
                0x020098b4                setOamBG()
 .text._Z10bitmapModev
                0x02009944       0x98 build/A-Pix/source/main.cpp.o
                0x02009944                bitmapMode()
 .text._Z19getActionsFromTouchi
                0x020099dc       0x40 build/A-Pix/source/main.cpp.o
                0x020099dc                getActionsFromTouch(int)
 .text._Z12applyActionsi
                0x02009a1c      0x138 build/A-Pix/source/main.cpp.o
                0x02009a1c                applyActions(int)
 .text._Z9handleKeyc
                0x02009b54       0x78 build/A-Pix/source/main.cpp.o
                0x02009b54                handleKey(char)
 .text._Z9floodFillPtiittii
                0x02009bcc      0x154 build/A-Pix/source/main.cpp.o
                0x02009bcc                floodFill(unsigned short*, int, int, unsigned short, unsigned short, int, int)
 .text._Z9applyTooliib
                0x02009d20      0x5a8 build/A-Pix/source/main.cpp.o
                0x02009d20                applyTool(int, int, bool)
 .text._Z22copyFromSurfaceToStackv
                0x0200a2c8       0x98 build/A-Pix/source/main.cpp.o
                0x0200a2c8                copyFromSurfaceToStack()
 .text._Z21cutFromSurfaceToStackv
                0x0200a360       0x44 build/A-Pix/source/main.cpp.o
                0x0200a360                cutFromSurfaceToStack()
 .text._Z23pasteFromStackToSurfacev
                0x0200a3a4       0x94 build/A-Pix/source/main.cpp.o
                0x0200a3a4                pasteFromStackToSurface()
 .text._Z5flipHv
                0x0200a438       0x9c build/A-Pix/source/main.cpp.o
                0x0200a438                flipH()
 .text._Z5flipVv
                0x0200a4d4       0x9c build/A-Pix/source/main.cpp.o
                0x0200a4d4                flipV()
 .text._Z7scaleUpv
                0x0200a570       0xfc build/A-Pix/source/main.cpp.o
                0x0200a570                scaleUp()
 .text._Z9scaleDownv
                0x0200a66c       0xc4 build/A-Pix/source/main.cpp.o
                0x0200a66c                scaleDown()
 .text._Z14rotatePositivev
                0x0200a730       0x80 build/A-Pix/source/main.cpp.o
                0x0200a730                rotatePositive()
 .text._Z14rotateNegativev
                0x0200a7b0       0x8c build/A-Pix/source/main.cpp.o
                0x0200a7b0                rotateNegative()
 .text._Z18setBackupVariablesv
                0x0200a83c       0x4c build/A-Pix/source/main.cpp.o
                0x0200a83c                setBackupVariables()
 .text._Z11backupWritev
                0x0200a888       0x54 build/A-Pix/source/main.cpp.o
                0x0200a888                backupWrite()
 .text._Z10backupReadv
                0x0200a8dc       0x40 build/A-Pix/source/main.cpp.o
                0x0200a8dc                backupRead()
 .text._Z7initFPSv
                0x0200a91c       0x24 build/A-Pix/source/main.cpp.o
                0x0200a91c                initFPS()
 .text.startup.main
                0x0200a940      0xfb0 build/A-Pix/source/main.cpp.o
                0x0200a940                main
 .text.CP15_FlushICache
                0x0200b8f0        0xc C:/msys64/opt/wonderful/thirdparty/blocksds/core/libs/libnds/lib\libnds9.a(cp15.s.o)
                0x0200b8f0                CP15_FlushICache
 .text.CP15_FlushDCache
                0x0200b8fc        0xc C:/msys64/opt/wonderful/thirdparty/blocksds/core/libs/libnds/lib\libnds9.a(cp15.s.o)
                0x0200b8fc                CP15_FlushDCache
 .text.CP15_CleanAndFlushDCache
                0x0200b908       0x34 C:/msys64/opt/wonderful/thirdparty/blocksds/core/libs/libnds/lib\libnds9.a(cp15.s.o)
                0x0200b908                CP15_CleanAndFlushDCache
 .text.__libnds_mpu_setup
                0x0200b93c      0x1c4 C:/msys64/opt/wonderful/thirdparty/blocksds/core/libs/libnds/lib\libnds9.a(mpu_setup.s.o)
                0x0200b93c                __libnds_mpu_setup
 .text.CP15_MPUDisable
                0x0200bb00       0x3c C:/msys64/opt/wonderful/thirdparty/blocksds/core/libs/libnds/lib\libnds9.a(mpu_setup.s.o)
                0x0200bb00                CP15_MPUDisable
 .text.memUncached
                0x0200bb3c       0x20 C:/msys64/opt/wonderful/thirdparty/blocksds/core/libs/libnds/lib\libnds9.a(mpu_setup.s.o)
                0x0200bb3c                memUncached
 .text.dmaSetParams
                0x0200bb5c       0x1c C:/msys64/opt/wonderful/thirdparty/blocksds/core/libs/libnds/lib\libnds9.a(dma.s.o)
                0x0200bb5c                dmaSetParams
 .text.dmaStopSafe
                0x0200bb78       0x44 C:/msys64/opt/wonderful/thirdparty/blocksds/core/libs/libnds/lib\libnds9.a(dma.s.o)
                0x0200bb78                dmaStopSafe
 .text.__aeabi_memcpy
                0x0200bbbc       0xc8 C:/msys64/opt/wonderful/thirdparty/blocksds/core/libs/libnds/lib\libnds9.a(memcpy.s.o)
                0x0200bbbc                __aeabi_memcpy
                0x0200bbf4                __aeabi_memcpy4
                0x0200bbf4                __aeabi_memcpy8
                0x0200bc60                __ndsabi_memcpy2
 .text.__ndsabi_memcpy1
                0x0200bc84       0x14 C:/msys64/opt/wonderful/thirdparty/blocksds/core/libs/libnds/lib\libnds9.a(memcpy.s.o)
                0x0200bc84                __ndsabi_memcpy1
 .text.memcpy   0x0200bc98       0x10 C:/msys64/opt/wonderful/thirdparty/blocksds/core/libs/libnds/lib\libnds9.a(memcpy.s.o)
                0x0200bc98                memcpy
 .text.__aeabi_memset
                0x0200bca8       0x9c C:/msys64/opt/wonderful/thirdparty/blocksds/core/libs/libnds/lib\libnds9.a(memset.s.o)
                0x0200bca8                __aeabi_memset
                0x0200bccc                __aeabi_memset8
                0x0200bccc                __aeabi_memset4
                0x0200bcd8                __ndsabi_wordset4
                0x0200bcdc                __ndsabi_lwordset4
 .text.__ndsabi_memset1
                0x0200bd44       0x10 C:/msys64/opt/wonderful/thirdparty/blocksds/core/libs/libnds/lib\libnds9.a(memset.s.o)
                0x0200bd44                __ndsabi_memset1
 .text.memset   0x0200bd54       0x1c C:/msys64/opt/wonderful/thirdparty/blocksds/core/libs/libnds/lib\libnds9.a(memset.s.o)
                0x0200bd54                memset
 .text.newRow   0x0200bd70       0x88 C:/msys64/opt/wonderful/thirdparty/blocksds/core/libs/libnds/lib\libnds9.a(console.c.o)
 .text.consolePrintChar.part.0
                0x0200bdf8      0x100 C:/msys64/opt/wonderful/thirdparty/blocksds/core/libs/libnds/lib\libnds9.a(console.c.o)
 .text.consolePrintChar
                0x0200bef8       0x2c C:/msys64/opt/wonderful/thirdparty/blocksds/core/libs/libnds/lib\libnds9.a(console.c.o)
                0x0200bef8                consolePrintChar
 .text.con_write
                0x0200bf24      0x330 C:/msys64/opt/wonderful/thirdparty/blocksds/core/libs/libnds/lib\libnds9.a(console.c.o)
 .text.consoleLoadFont
                0x0200c254      0x24c C:/msys64/opt/wonderful/thirdparty/blocksds/core/libs/libnds/lib\libnds9.a(console.c.o)
                0x0200c254                consoleLoadFont
 .text.consoleInitEx
                0x0200c4a0      0x19c C:/msys64/opt/wonderful/thirdparty/blocksds/core/libs/libnds/lib\libnds9.a(console.c.o)
                0x0200c4a0                consoleInitEx
 .text.consoleInit
                0x0200c63c       0x2c C:/msys64/opt/wonderful/thirdparty/blocksds/core/libs/libnds/lib\libnds9.a(console.c.o)
                0x0200c63c                consoleInit
 .text.consoleDemoInit
                0x0200c668       0x48 C:/msys64/opt/wonderful/thirdparty/blocksds/core/libs/libnds/lib\libnds9.a(console.c.o)
                0x0200c668                consoleDemoInit
 .text.consoleClear
                0x0200c6b0       0x48 C:/msys64/opt/wonderful/thirdparty/blocksds/core/libs/libnds/lib\libnds9.a(console.c.o)
                0x0200c6b0                consoleClear
 .text.consoleSetCursor
                0x0200c6f8       0x24 C:/msys64/opt/wonderful/thirdparty/blocksds/core/libs/libnds/lib\libnds9.a(console.c.o)
                0x0200c6f8                consoleSetCursor
 .text.consoleSetColor
                0x0200c71c       0x18 C:/msys64/opt/wonderful/thirdparty/blocksds/core/libs/libnds/lib\libnds9.a(console.c.o)
                0x0200c71c                consoleSetColor
 .text.consoleArm7Flush
                0x0200c734       0x90 C:/msys64/opt/wonderful/thirdparty/blocksds/core/libs/libnds/lib\libnds9.a(console.c.o)
                0x0200c734                consoleArm7Flush
 .text.chdir    0x0200c7c4      0x11c C:/msys64/opt/wonderful/thirdparty/blocksds/core/libs/libnds/lib\libnds9.a(chdir.c.o)
                0x0200c7c4                chdir
 .text.build_argv
                0x0200c8e0       0x58 C:/msys64/opt/wonderful/thirdparty/blocksds/core/libs/libnds/lib\libnds9.a(crt0_argv.c.o)
                0x0200c8e0                build_argv
 .text.opendir  0x0200c938       0xd0 C:/msys64/opt/wonderful/thirdparty/blocksds/core/libs/libnds/lib\libnds9.a(dirent.c.o)
                0x0200c938                opendir
 .text.closedir
                0x0200ca08       0x6c C:/msys64/opt/wonderful/thirdparty/blocksds/core/libs/libnds/lib\libnds9.a(dirent.c.o)
                0x0200ca08                closedir
 .text.readdir  0x0200ca74      0x10c C:/msys64/opt/wonderful/thirdparty/blocksds/core/libs/libnds/lib\libnds9.a(dirent.c.o)
                0x0200ca74                readdir
 .text.rewinddir
                0x0200cb80       0x2c C:/msys64/opt/wonderful/thirdparty/blocksds/core/libs/libnds/lib\libnds9.a(dirent.c.o)
                0x0200cb80                rewinddir
 .text.fatfs_error_to_posix
                0x0200cbac       0x24 C:/msys64/opt/wonderful/thirdparty/blocksds/core/libs/libnds/lib\libnds9.a(fatfs.c.o)
                0x0200cbac                fatfs_error_to_posix
 .text.fatfs_timestamp_to_fattime
                0x0200cbd0       0x28 C:/msys64/opt/wonderful/thirdparty/blocksds/core/libs/libnds/lib\libnds9.a(fatfs.c.o)
                0x0200cbd0                fatfs_timestamp_to_fattime
 .text.get_dirname
                0x0200cbf8       0x98 C:/msys64/opt/wonderful/thirdparty/blocksds/core/libs/libnds/lib\libnds9.a(fatfs.c.o)
                0x0200cbf8                get_dirname
 .text.fatGetDefaultCwd
                0x0200cc90       0x70 C:/msys64/opt/wonderful/thirdparty/blocksds/core/libs/libnds/lib\libnds9.a(fatfs.c.o)
                0x0200cc90                fatGetDefaultCwd
 .text.nandInit
                0x0200cd00       0xe0 C:/msys64/opt/wonderful/thirdparty/blocksds/core/libs/libnds/lib\libnds9.a(fatfs.c.o)
                0x0200cd00                nandInit
 .text.fatInit.part.0
                0x0200cde0      0x1d0 C:/msys64/opt/wonderful/thirdparty/blocksds/core/libs/libnds/lib\libnds9.a(fatfs.c.o)
 .text.fatInitDefault
                0x0200cfb0       0x24 C:/msys64/opt/wonderful/thirdparty/blocksds/core/libs/libnds/lib\libnds9.a(fatfs.c.o)
                0x0200cfb0                fatInitDefault
 .text.open     0x0200cfd4       0xfc C:/msys64/opt/wonderful/thirdparty/blocksds/core/libs/libnds/lib\libnds9.a(filesystem.c.o)
                0x0200cfd4                open
 .text.read     0x0200d0d0       0x70 C:/msys64/opt/wonderful/thirdparty/blocksds/core/libs/libnds/lib\libnds9.a(filesystem.c.o)
                0x0200d0d0                read
 .text.write    0x0200d140       0xa0 C:/msys64/opt/wonderful/thirdparty/blocksds/core/libs/libnds/lib\libnds9.a(filesystem.c.o)
                0x0200d140                write
 .text.close    0x0200d1e0       0x7c C:/msys64/opt/wonderful/thirdparty/blocksds/core/libs/libnds/lib\libnds9.a(filesystem.c.o)
                0x0200d1e0                close
 .text.lseek    0x0200d25c       0x74 C:/msys64/opt/wonderful/thirdparty/blocksds/core/libs/libnds/lib\libnds9.a(filesystem.c.o)
                0x0200d25c                lseek
 .text.putc_buffered
                0x0200d2d0       0x94 C:/msys64/opt/wonderful/thirdparty/blocksds/core/libs/libnds/lib\libnds9.a(iob.c.o)
 .text.stderr_putc_buffered
                0x0200d364       0x20 C:/msys64/opt/wonderful/thirdparty/blocksds/core/libs/libnds/lib\libnds9.a(iob.c.o)
 .text.stdin_getc_keyboard
                0x0200d384       0xf0 C:/msys64/opt/wonderful/thirdparty/blocksds/core/libs/libnds/lib\libnds9.a(iob.c.o)
 .text.stdout_putc_buffered
                0x0200d474       0x40 C:/msys64/opt/wonderful/thirdparty/blocksds/core/libs/libnds/lib\libnds9.a(iob.c.o)
 .text.nitrofs_read_internal_cart
                0x0200d4b4       0xa4 C:/msys64/opt/wonderful/thirdparty/blocksds/core/libs/libnds/lib\libnds9.a(nitrofs.c.o)
 .text.nitrofs_read_internal
                0x0200d558       0x54 C:/msys64/opt/wonderful/thirdparty/blocksds/core/libs/libnds/lib\libnds9.a(nitrofs.c.o)
 .text.nitrofs_dir_state_init
                0x0200d5ac       0x9c C:/msys64/opt/wonderful/thirdparty/blocksds/core/libs/libnds/lib\libnds9.a(nitrofs.c.o)
 .text.nitrofs_dir_state_next
                0x0200d648       0xb0 C:/msys64/opt/wonderful/thirdparty/blocksds/core/libs/libnds/lib\libnds9.a(nitrofs.c.o)
 .text.nitrofs_dir_step
                0x0200d6f8       0xf0 C:/msys64/opt/wonderful/thirdparty/blocksds/core/libs/libnds/lib\libnds9.a(nitrofs.c.o)
 .text.nitrofs_use_for_path
                0x0200d7e8       0x30 C:/msys64/opt/wonderful/thirdparty/blocksds/core/libs/libnds/lib\libnds9.a(nitrofs.c.o)
                0x0200d7e8                nitrofs_use_for_path
 .text.nitrofs_rewinddir
                0x0200d818       0x14 C:/msys64/opt/wonderful/thirdparty/blocksds/core/libs/libnds/lib\libnds9.a(nitrofs.c.o)
                0x0200d818                nitrofs_rewinddir
 .text.nitrofs_readdir
                0x0200d82c       0xb8 C:/msys64/opt/wonderful/thirdparty/blocksds/core/libs/libnds/lib\libnds9.a(nitrofs.c.o)
                0x0200d82c                nitrofs_readdir
 .text.nitrofs_path_resolve
                0x0200d8e4       0x68 C:/msys64/opt/wonderful/thirdparty/blocksds/core/libs/libnds/lib\libnds9.a(nitrofs.c.o)
                0x0200d8e4                nitrofs_path_resolve
 .text.nitrofs_opendir
                0x0200d94c       0x54 C:/msys64/opt/wonderful/thirdparty/blocksds/core/libs/libnds/lib\libnds9.a(nitrofs.c.o)
                0x0200d94c                nitrofs_opendir
 .text.nitrofs_chdir
                0x0200d9a0       0x24 C:/msys64/opt/wonderful/thirdparty/blocksds/core/libs/libnds/lib\libnds9.a(nitrofs.c.o)
                0x0200d9a0                nitrofs_chdir
 .text.nitrofs_read
                0x0200d9c4       0x30 C:/msys64/opt/wonderful/thirdparty/blocksds/core/libs/libnds/lib\libnds9.a(nitrofs.c.o)
                0x0200d9c4                nitrofs_read
 .text.nitrofs_lseek
                0x0200d9f4       0x58 C:/msys64/opt/wonderful/thirdparty/blocksds/core/libs/libnds/lib\libnds9.a(nitrofs.c.o)
                0x0200d9f4                nitrofs_lseek
 .text.nitrofs_close
                0x0200da4c       0x10 C:/msys64/opt/wonderful/thirdparty/blocksds/core/libs/libnds/lib\libnds9.a(nitrofs.c.o)
                0x0200da4c                nitrofs_close
 .text.nitroFSOpenById
                0x0200da5c       0x6c C:/msys64/opt/wonderful/thirdparty/blocksds/core/libs/libnds/lib\libnds9.a(nitrofs.c.o)
                0x0200da5c                nitroFSOpenById
 .text.nitrofs_open
                0x0200dac8       0x4c C:/msys64/opt/wonderful/thirdparty/blocksds/core/libs/libnds/lib\libnds9.a(nitrofs.c.o)
                0x0200dac8                nitrofs_open
 .text.__sassert
                0x0200db14       0x90 C:/msys64/opt/wonderful/thirdparty/blocksds/core/libs/libnds/lib\libnds9.a(sassert.c.o)
                0x0200db14                __sassert
 .text.cardReadArm7
                0x0200dba4       0x6c C:/msys64/opt/wonderful/thirdparty/blocksds/core/libs/libnds/lib\libnds9.a(card.c.o)
                0x0200dba4                cardReadArm7
 .text.dldi_arm7_read_sectors
                0x0200dc10       0x5c C:/msys64/opt/wonderful/thirdparty/blocksds/core/libs/libnds/lib\libnds9.a(dldi.c.o)
 .text.dldi_arm7_shutdown
                0x0200dc6c       0x3c C:/msys64/opt/wonderful/thirdparty/blocksds/core/libs/libnds/lib\libnds9.a(dldi.c.o)
 .text.dldi_arm7_clear_status
                0x0200dca8       0x3c C:/msys64/opt/wonderful/thirdparty/blocksds/core/libs/libnds/lib\libnds9.a(dldi.c.o)
 .text.dldi_arm7_is_inserted
                0x0200dce4       0x3c C:/msys64/opt/wonderful/thirdparty/blocksds/core/libs/libnds/lib\libnds9.a(dldi.c.o)
 .text.dldi_arm7_startup
                0x0200dd20       0x50 C:/msys64/opt/wonderful/thirdparty/blocksds/core/libs/libnds/lib\libnds9.a(dldi.c.o)
 .text.dldi_arm7_write_sectors
                0x0200dd70       0x5c C:/msys64/opt/wonderful/thirdparty/blocksds/core/libs/libnds/lib\libnds9.a(dldi.c.o)
 .text.dldiGetMode
                0x0200ddcc        0xc C:/msys64/opt/wonderful/thirdparty/blocksds/core/libs/libnds/lib\libnds9.a(dldi.c.o)
                0x0200ddcc                dldiGetMode
 .text.dldiGetInternal
                0x0200ddd8       0xac C:/msys64/opt/wonderful/thirdparty/blocksds/core/libs/libnds/lib\libnds9.a(dldi.c.o)
                0x0200ddd8                dldiGetInternal
 .text.dldiGetStubDataEnd
                0x0200de84       0x1c C:/msys64/opt/wonderful/thirdparty/blocksds/core/libs/libnds/lib\libnds9.a(dldi.c.o)
                0x0200de84                dldiGetStubDataEnd
 .text.dldiGetStubEnd
                0x0200dea0        0x8 C:/msys64/opt/wonderful/thirdparty/blocksds/core/libs/libnds/lib\libnds9.a(dldi.c.o)
                0x0200dea0                dldiGetStubEnd
 .text.get_io_dsinand
                0x0200dea8       0x18 C:/msys64/opt/wonderful/thirdparty/blocksds/core/libs/libnds/lib\libnds9.a(nandfs.c.o)
                0x0200dea8                get_io_dsinand
 .text.get_io_dsisd
                0x0200dec0       0x24 C:/msys64/opt/wonderful/thirdparty/blocksds/core/libs/libnds/lib\libnds9.a(sdmmc.c.o)
                0x0200dec0                get_io_dsisd
 .text.releaseCrashHandler
                0x0200dee4       0x7c C:/msys64/opt/wonderful/thirdparty/blocksds/core/libs/libnds/lib\libnds9.a(exceptions.c.o)
 .text.exceptionStatePrint
                0x0200df60       0xf4 C:/msys64/opt/wonderful/thirdparty/blocksds/core/libs/libnds/lib\libnds9.a(exceptions.c.o)
                0x0200df60                exceptionStatePrint
 .text.guruMeditationDump
                0x0200e054      0x15c C:/msys64/opt/wonderful/thirdparty/blocksds/core/libs/libnds/lib\libnds9.a(exceptions.c.o)
                0x0200e054                guruMeditationDump
 .text.defaultHandler
                0x0200e1b0        0x8 C:/msys64/opt/wonderful/thirdparty/blocksds/core/libs/libnds/lib\libnds9.a(exceptions.c.o)
 .text.defaultExceptionHandler
                0x0200e1b8       0x10 C:/msys64/opt/wonderful/thirdparty/blocksds/core/libs/libnds/lib\libnds9.a(exceptions.c.o)
                0x0200e1b8                defaultExceptionHandler
 .text.releaseExceptionHandler
                0x0200e1c8       0x10 C:/msys64/opt/wonderful/thirdparty/blocksds/core/libs/libnds/lib\libnds9.a(exceptions.c.o)
                0x0200e1c8                releaseExceptionHandler
 .text.initSystem
                0x0200e1d8      0x128 C:/msys64/opt/wonderful/thirdparty/blocksds/core/libs/libnds/lib\libnds9.a(initSystem.c.o)
                0x0200e1d8                initSystem
 .text.scanKeys
                0x0200e300       0xcc C:/msys64/opt/wonderful/thirdparty/blocksds/core/libs/libnds/lib\libnds9.a(keys.c.o)
                0x0200e300                scanKeys
 .text.keysHeld
                0x0200e3cc        0xc C:/msys64/opt/wonderful/thirdparty/blocksds/core/libs/libnds/lib\libnds9.a(keys.c.o)
                0x0200e3cc                keysHeld
 .text.keysDown
                0x0200e3d8        0xc C:/msys64/opt/wonderful/thirdparty/blocksds/core/libs/libnds/lib\libnds9.a(keys.c.o)
                0x0200e3d8                keysDown
 .text.keysUp   0x0200e3e4        0xc C:/msys64/opt/wonderful/thirdparty/blocksds/core/libs/libnds/lib\libnds9.a(keys.c.o)
                0x0200e3e4                keysUp
 .text.touchRead
                0x0200e3f0       0x24 C:/msys64/opt/wonderful/thirdparty/blocksds/core/libs/libnds/lib\libnds9.a(keys.c.o)
                0x0200e3f0                touchRead
 .text.setTransferInputData
                0x0200e414       0x1c C:/msys64/opt/wonderful/thirdparty/blocksds/core/libs/libnds/lib\libnds9.a(keys.c.o)
                0x0200e414                setTransferInputData
 .text.systemValueHandler
                0x0200e430       0xc4 C:/msys64/opt/wonderful/thirdparty/blocksds/core/libs/libnds/lib\libnds9.a(system.c.o)
                0x0200e430                systemValueHandler
 .text.systemMsgHandler
                0x0200e4f4       0x2c C:/msys64/opt/wonderful/thirdparty/blocksds/core/libs/libnds/lib\libnds9.a(system.c.o)
                0x0200e4f4                systemMsgHandler
 .text.memBufferIsInMainRam
                0x0200e520       0x1c C:/msys64/opt/wonderful/thirdparty/blocksds/core/libs/libnds/lib\libnds9.a(system.c.o)
                0x0200e520                memBufferIsInMainRam
 .text.checkIfText
                0x0200e53c       0x6c C:/msys64/opt/wonderful/thirdparty/blocksds/core/libs/libnds/lib\libnds9.a(background.c.o)
                0x0200e53c                checkIfText
 .text.bgUpdate
                0x0200e5a8       0xe8 C:/msys64/opt/wonderful/thirdparty/blocksds/core/libs/libnds/lib\libnds9.a(background.c.o)
                0x0200e5a8                bgUpdate
 .text.bgInit_call
                0x0200e690       0xa8 C:/msys64/opt/wonderful/thirdparty/blocksds/core/libs/libnds/lib\libnds9.a(background.c.o)
                0x0200e690                bgInit_call
 .text.bgInitSub_call
                0x0200e738       0xb0 C:/msys64/opt/wonderful/thirdparty/blocksds/core/libs/libnds/lib\libnds9.a(background.c.o)
                0x0200e738                bgInitSub_call
 .text.oamInit  0x0200e7e8      0x100 C:/msys64/opt/wonderful/thirdparty/blocksds/core/libs/libnds/lib\libnds9.a(sprite.c.o)
                0x0200e7e8                oamInit
 .text.oamGetGfxPtr
                0x0200e8e8       0x34 C:/msys64/opt/wonderful/thirdparty/blocksds/core/libs/libnds/lib\libnds9.a(sprite.c.o)
                0x0200e8e8                oamGetGfxPtr
 .text.oamClear
                0x0200e91c       0x24 C:/msys64/opt/wonderful/thirdparty/blocksds/core/libs/libnds/lib\libnds9.a(sprite.c.o)
                0x0200e91c                oamClear
 .text.oamGfxPtrToOffset
                0x0200e940       0x34 C:/msys64/opt/wonderful/thirdparty/blocksds/core/libs/libnds/lib\libnds9.a(sprite.c.o)
                0x0200e940                oamGfxPtrToOffset
 .text.oamSet   0x0200e974      0x10c C:/msys64/opt/wonderful/thirdparty/blocksds/core/libs/libnds/lib\libnds9.a(sprite.c.o)
                0x0200e974                oamSet
 .text.oamUpdate
                0x0200ea80       0x50 C:/msys64/opt/wonderful/thirdparty/blocksds/core/libs/libnds/lib\libnds9.a(sprite.c.o)
                0x0200ea80                oamUpdate
 .text.oamAllocReset
                0x0200ead0       0x1c C:/msys64/opt/wonderful/thirdparty/blocksds/core/libs/libnds/lib\libnds9.a(sprite_alloc.c.o)
                0x0200ead0                oamAllocReset
 .text.oamAllocateGfx
                0x0200eaec      0x578 C:/msys64/opt/wonderful/thirdparty/blocksds/core/libs/libnds/lib\libnds9.a(sprite_alloc.c.o)
                0x0200eaec                oamAllocateGfx
 .text.setBrightness
                0x0200f064       0x40 C:/msys64/opt/wonderful/thirdparty/blocksds/core/libs/libnds/lib\libnds9.a(video.c.o)
                0x0200f064                setBrightness
 .text.vramDefault
                0x0200f0a4       0xe4 C:/msys64/opt/wonderful/thirdparty/blocksds/core/libs/libnds/lib\libnds9.a(video.c.o)
                0x0200f0a4                vramDefault
 .text.cardPolledTransfer
                0x0200f188       0x5c C:/msys64/opt/wonderful/thirdparty/blocksds/core/libs/libnds/lib\libnds9.a(card.c.o)
                0x0200f188                cardPolledTransfer
 .text.cardRead
                0x0200f1e4      0x190 C:/msys64/opt/wonderful/thirdparty/blocksds/core/libs/libnds/lib\libnds9.a(card.c.o)
                0x0200f1e4                cardRead
 .text.cothread_delete_internal
                0x0200f374       0xa0 C:/msys64/opt/wonderful/thirdparty/blocksds/core/libs/libnds/lib\libnds9.a(threads.c.o)
 .text.cothread_main
                0x0200f414       0x1c C:/msys64/opt/wonderful/thirdparty/blocksds/core/libs/libnds/lib\libnds9.a(threads.c.o)
                0x0200f414                cothread_main
 .text.cothread_yield
                0x0200f430       0x20 C:/msys64/opt/wonderful/thirdparty/blocksds/core/libs/libnds/lib\libnds9.a(threads.c.o)
                0x0200f430                cothread_yield
 .text.cothread_yield_irq
                0x0200f450       0xa8 C:/msys64/opt/wonderful/thirdparty/blocksds/core/libs/libnds/lib\libnds9.a(threads.c.o)
                0x0200f450                cothread_yield_irq
 .text.cothread_start
                0x0200f4f8      0x114 C:/msys64/opt/wonderful/thirdparty/blocksds/core/libs/libnds/lib\libnds9.a(threads.c.o)
                0x0200f4f8                cothread_start
 .text.decompress_get_header
                0x0200f60c        0x4 C:/msys64/opt/wonderful/thirdparty/blocksds/core/libs/libnds/lib\libnds9.a(decompress.c.o)
 .text.decompress_read_8
                0x0200f610        0x4 C:/msys64/opt/wonderful/thirdparty/blocksds/core/libs/libnds/lib\libnds9.a(decompress.c.o)
 .text.decompress_read_16
                0x0200f614        0x4 C:/msys64/opt/wonderful/thirdparty/blocksds/core/libs/libnds/lib\libnds9.a(decompress.c.o)
 .text.decompress_read_32
                0x0200f618        0x4 C:/msys64/opt/wonderful/thirdparty/blocksds/core/libs/libnds/lib\libnds9.a(decompress.c.o)
 .text.decompress
                0x0200f61c       0x3c C:/msys64/opt/wonderful/thirdparty/blocksds/core/libs/libnds/lib\libnds9.a(decompress.c.o)
                0x0200f61c                decompress
 .text.setExceptionHandler
                0x0200f658       0x18 C:/msys64/opt/wonderful/thirdparty/blocksds/core/libs/libnds/lib\libnds9.a(exceptions.c.o)
                0x0200f658                setExceptionHandler
 .text.libndsCrash
                0x0200f670        0xc C:/msys64/opt/wonderful/thirdparty/blocksds/core/libs/libnds/lib\libnds9.a(exceptions.c.o)
                0x0200f670                libndsCrash
 .text.ARMShift
                0x0200f67c       0x5c C:/msys64/opt/wonderful/thirdparty/blocksds/core/libs/libnds/lib\libnds9.a(exceptions.c.o)
                0x0200f67c                ARMShift
 .text.getExceptionAddress
                0x0200f6d8      0x1b4 C:/msys64/opt/wonderful/thirdparty/blocksds/core/libs/libnds/lib\libnds9.a(exceptions.c.o)
                0x0200f6d8                getExceptionAddress
 .text.fifo_buffer_wait_block
                0x0200f88c       0x74 C:/msys64/opt/wonderful/thirdparty/blocksds/core/libs/libnds/lib\libnds9.a(fifosystem.c.o)
 .text.fifoFillTxFifoFromBuffer
                0x0200f900       0xa0 C:/msys64/opt/wonderful/thirdparty/blocksds/core/libs/libnds/lib\libnds9.a(fifosystem.c.o)
 .text.fifoInternalSendInterrupt
                0x0200f9a0        0x8 C:/msys64/opt/wonderful/thirdparty/blocksds/core/libs/libnds/lib\libnds9.a(fifosystem.c.o)
 .text.fifoInternalSend
                0x0200f9a8       0xd8 C:/msys64/opt/wonderful/thirdparty/blocksds/core/libs/libnds/lib\libnds9.a(fifosystem.c.o)
 .text.fifoSendValue32
                0x0200fa80       0x3c C:/msys64/opt/wonderful/thirdparty/blocksds/core/libs/libnds/lib\libnds9.a(fifosystem.c.o)
                0x0200fa80                fifoSendValue32
 .text.fifoSendDatamsg
                0x0200fabc       0x84 C:/msys64/opt/wonderful/thirdparty/blocksds/core/libs/libnds/lib\libnds9.a(fifosystem.c.o)
                0x0200fabc                fifoSendDatamsg
 .text.fifoGetDatamsg
                0x0200fb40       0xe0 C:/msys64/opt/wonderful/thirdparty/blocksds/core/libs/libnds/lib\libnds9.a(fifosystem.c.o)
                0x0200fb40                fifoGetDatamsg
 .text.fifoReadRxFifoAndProcessBuffer
                0x0200fc20      0x344 C:/msys64/opt/wonderful/thirdparty/blocksds/core/libs/libnds/lib\libnds9.a(fifosystem.c.o)
 .text.fifoGetValue32
                0x0200ff64       0x7c C:/msys64/opt/wonderful/thirdparty/blocksds/core/libs/libnds/lib\libnds9.a(fifosystem.c.o)
                0x0200ff64                fifoGetValue32
 .text.fifoInternalRecvInterrupt
                0x0200ffe0        0x8 C:/msys64/opt/wonderful/thirdparty/blocksds/core/libs/libnds/lib\libnds9.a(fifosystem.c.o)
 .text.fifoSetValue32Handler
                0x0200ffe8       0x80 C:/msys64/opt/wonderful/thirdparty/blocksds/core/libs/libnds/lib\libnds9.a(fifosystem.c.o)
                0x0200ffe8                fifoSetValue32Handler
 .text.fifoSetDatamsgHandler
                0x02010068       0xa8 C:/msys64/opt/wonderful/thirdparty/blocksds/core/libs/libnds/lib\libnds9.a(fifosystem.c.o)
                0x02010068                fifoSetDatamsgHandler
 .text.fifoCheckValue32
                0x02010110       0x34 C:/msys64/opt/wonderful/thirdparty/blocksds/core/libs/libnds/lib\libnds9.a(fifosystem.c.o)
                0x02010110                fifoCheckValue32
 .text.fifoInit
                0x02010144      0x138 C:/msys64/opt/wonderful/thirdparty/blocksds/core/libs/libnds/lib\libnds9.a(fifosystem.c.o)
                0x02010144                fifoInit
 .text.fifoMutexAcquire
                0x0201027c       0x34 C:/msys64/opt/wonderful/thirdparty/blocksds/core/libs/libnds/lib\libnds9.a(fifosystem.c.o)
                0x0201027c                fifoMutexAcquire
 .text.fifoMutexRelease
                0x020102b0       0x20 C:/msys64/opt/wonderful/thirdparty/blocksds/core/libs/libnds/lib\libnds9.a(fifosystem.c.o)
                0x020102b0                fifoMutexRelease
 .text.irqSet   0x020102d0       0x90 C:/msys64/opt/wonderful/thirdparty/blocksds/core/libs/libnds/lib\libnds9.a(interrupts.c.o)
                0x020102d0                irqSet
 .text.irqInit  0x02010360       0x44 C:/msys64/opt/wonderful/thirdparty/blocksds/core/libs/libnds/lib\libnds9.a(interrupts.c.o)
                0x02010360                irqInit
 .text.irqEnable
                0x020103a4       0x64 C:/msys64/opt/wonderful/thirdparty/blocksds/core/libs/libnds/lib\libnds9.a(interrupts.c.o)
                0x020103a4                irqEnable
 .text.systemErrorExit
                0x02010408        0x4 C:/msys64/opt/wonderful/thirdparty/blocksds/core/libs/libnds/lib\libnds9.a(exit.c.o)
                0x02010408                systemErrorExit
 .text.__libnds_exit
                0x0201040c        0x8 C:/msys64/opt/wonderful/thirdparty/blocksds/core/libs/libnds/lib\libnds9.a(exit.c.o)
                0x0201040c                __libnds_exit
 .text._exit    0x02010414       0xb8 C:/msys64/opt/wonderful/thirdparty/blocksds/core/libs/libnds/lib\libnds9.a(exit.c.o)
                0x02010414                _exit
 .text.reduceHeapSize
                0x020104cc       0x2c C:/msys64/opt/wonderful/thirdparty/blocksds/core/libs/libnds/lib\libnds9.a(heapfuncs.c.o)
                0x020104cc                reduceHeapSize
 .text.__retarget_lock_init_recursive
                0x020104f8       0x44 C:/msys64/opt/wonderful/thirdparty/blocksds/core/libs/libnds/lib\libnds9.a(locks.c.o)
                0x020104f8                __retarget_lock_init_recursive
 .text.__retarget_lock_acquire_recursive
                0x0201053c       0x70 C:/msys64/opt/wonderful/thirdparty/blocksds/core/libs/libnds/lib\libnds9.a(locks.c.o)
                0x0201053c                __retarget_lock_acquire_recursive
 .text.__retarget_lock_release_recursive
                0x020105ac       0x58 C:/msys64/opt/wonderful/thirdparty/blocksds/core/libs/libnds/lib\libnds9.a(locks.c.o)
                0x020105ac                __retarget_lock_release_recursive
 .text.__retarget_lock_init
                0x02010604        0x8 C:/msys64/opt/wonderful/thirdparty/blocksds/core/libs/libnds/lib\libnds9.a(locks.c.o)
                0x02010604                __retarget_lock_init
 .text.__retarget_lock_close
                0x0201060c       0x30 C:/msys64/opt/wonderful/thirdparty/blocksds/core/libs/libnds/lib\libnds9.a(locks.c.o)
                0x0201060c                __retarget_lock_close
 .text.__retarget_lock_acquire
                0x0201063c        0x8 C:/msys64/opt/wonderful/thirdparty/blocksds/core/libs/libnds/lib\libnds9.a(locks.c.o)
                0x0201063c                __retarget_lock_acquire
 .text.__retarget_lock_release
                0x02010644        0x8 C:/msys64/opt/wonderful/thirdparty/blocksds/core/libs/libnds/lib\libnds9.a(locks.c.o)
                0x02010644                __retarget_lock_release
 .text.sbrk     0x0201064c       0x44 C:/msys64/opt/wonderful/thirdparty/blocksds/core/libs/libnds/lib\libnds9.a(sbrk.c.o)
                0x0201064c                sbrk
 .text.__ndsabi_coro_make_noctx
                0x02010690       0x28 C:/msys64/opt/wonderful/thirdparty/blocksds/core/libs/libnds/lib\libnds9.a(coroutine.c.o)
                0x02010690                __ndsabi_coro_make_noctx
 .text.swiDecompressLZSSVram
                0x020106b8       0x18 C:/msys64/opt/wonderful/thirdparty/blocksds/core/libs/libnds/lib\libnds9.a(syscalls.c.o)
                0x020106b8                swiDecompressLZSSVram
 .text.tchar2uni
                0x020106d0       0xb4 C:/msys64/opt/wonderful/thirdparty/blocksds/core/libs/libnds/lib\libnds9.a(ff.c.o)
 .text.get_ldnumber
                0x02010784       0xdc C:/msys64/opt/wonderful/thirdparty/blocksds/core/libs/libnds/lib\libnds9.a(ff.c.o)
 .text.put_utf  0x02010860       0xfc C:/msys64/opt/wonderful/thirdparty/blocksds/core/libs/libnds/lib\libnds9.a(ff.c.o)
 .text.get_fileinfo
                0x0201095c      0x190 C:/msys64/opt/wonderful/thirdparty/blocksds/core/libs/libnds/lib\libnds9.a(ff.c.o)
 .text.dir_clear
                0x02010aec      0x10c C:/msys64/opt/wonderful/thirdparty/blocksds/core/libs/libnds/lib\libnds9.a(ff.c.o)
 .text.unlock_volume.part.0.isra.0
                0x02010bf8        0x8 C:/msys64/opt/wonderful/thirdparty/blocksds/core/libs/libnds/lib\libnds9.a(ff.c.o)
 .text.sync_fs  0x02010c00       0xb8 C:/msys64/opt/wonderful/thirdparty/blocksds/core/libs/libnds/lib\libnds9.a(ff.c.o)
 .text.move_window
                0x02010cb8       0x78 C:/msys64/opt/wonderful/thirdparty/blocksds/core/libs/libnds/lib\libnds9.a(ff.c.o)
 .text.put_fat.part.0
                0x02010d30      0x10c C:/msys64/opt/wonderful/thirdparty/blocksds/core/libs/libnds/lib\libnds9.a(ff.c.o)
 .text.get_fat.isra.0
                0x02010e3c       0xb8 C:/msys64/opt/wonderful/thirdparty/blocksds/core/libs/libnds/lib\libnds9.a(ff.c.o)
 .text.remove_chain
                0x02010ef4       0x84 C:/msys64/opt/wonderful/thirdparty/blocksds/core/libs/libnds/lib\libnds9.a(ff.c.o)
 .text.create_chain
                0x02010f78      0x124 C:/msys64/opt/wonderful/thirdparty/blocksds/core/libs/libnds/lib\libnds9.a(ff.c.o)
 .text.dir_next
                0x0201109c       0xd4 C:/msys64/opt/wonderful/thirdparty/blocksds/core/libs/libnds/lib\libnds9.a(ff.c.o)
 .text.dir_read
                0x02011170      0x1a0 C:/msys64/opt/wonderful/thirdparty/blocksds/core/libs/libnds/lib\libnds9.a(ff.c.o)
 .text.dir_sdi  0x02011310       0x9c C:/msys64/opt/wonderful/thirdparty/blocksds/core/libs/libnds/lib\libnds9.a(ff.c.o)
 .text.dir_alloc
                0x020113ac       0x4c C:/msys64/opt/wonderful/thirdparty/blocksds/core/libs/libnds/lib\libnds9.a(ff.c.o)
 .text.dir_find
                0x020113f8      0x1d0 C:/msys64/opt/wonderful/thirdparty/blocksds/core/libs/libnds/lib\libnds9.a(ff.c.o)
 .text.follow_path
                0x020115c8      0x41c C:/msys64/opt/wonderful/thirdparty/blocksds/core/libs/libnds/lib\libnds9.a(ff.c.o)
 .text.dir_register
                0x020119e4      0x304 C:/msys64/opt/wonderful/thirdparty/blocksds/core/libs/libnds/lib\libnds9.a(ff.c.o)
 .text.validate
                0x02011ce8       0x58 C:/msys64/opt/wonderful/thirdparty/blocksds/core/libs/libnds/lib\libnds9.a(ff.c.o)
 .text.check_fs
                0x02011d40      0x150 C:/msys64/opt/wonderful/thirdparty/blocksds/core/libs/libnds/lib\libnds9.a(ff.c.o)
 .text.mount_volume
                0x02011e90      0x354 C:/msys64/opt/wonderful/thirdparty/blocksds/core/libs/libnds/lib\libnds9.a(ff.c.o)
 .text.f_mount  0x020121e4       0x9c C:/msys64/opt/wonderful/thirdparty/blocksds/core/libs/libnds/lib\libnds9.a(ff.c.o)
                0x020121e4                libnds_f_mount
 .text.f_open   0x02012280      0x2c0 C:/msys64/opt/wonderful/thirdparty/blocksds/core/libs/libnds/lib\libnds9.a(ff.c.o)
                0x02012280                libnds_f_open
 .text.f_read   0x02012540      0x298 C:/msys64/opt/wonderful/thirdparty/blocksds/core/libs/libnds/lib\libnds9.a(ff.c.o)
                0x02012540                libnds_f_read
 .text.f_write  0x020127d8      0x2ec C:/msys64/opt/wonderful/thirdparty/blocksds/core/libs/libnds/lib\libnds9.a(ff.c.o)
                0x020127d8                libnds_f_write
 .text.f_sync   0x02012ac4       0xd8 C:/msys64/opt/wonderful/thirdparty/blocksds/core/libs/libnds/lib\libnds9.a(ff.c.o)
                0x02012ac4                libnds_f_sync
 .text.f_close  0x02012b9c       0x30 C:/msys64/opt/wonderful/thirdparty/blocksds/core/libs/libnds/lib\libnds9.a(ff.c.o)
                0x02012b9c                libnds_f_close
 .text.f_chdrive
                0x02012bcc       0x24 C:/msys64/opt/wonderful/thirdparty/blocksds/core/libs/libnds/lib\libnds9.a(ff.c.o)
                0x02012bcc                libnds_f_chdrive
 .text.f_chdir  0x02012bf0       0xb0 C:/msys64/opt/wonderful/thirdparty/blocksds/core/libs/libnds/lib\libnds9.a(ff.c.o)
                0x02012bf0                libnds_f_chdir
 .text.f_lseek  0x02012ca0      0x310 C:/msys64/opt/wonderful/thirdparty/blocksds/core/libs/libnds/lib\libnds9.a(ff.c.o)
                0x02012ca0                libnds_f_lseek
 .text.f_opendir
                0x02012fb0       0xd8 C:/msys64/opt/wonderful/thirdparty/blocksds/core/libs/libnds/lib\libnds9.a(ff.c.o)
                0x02012fb0                libnds_f_opendir
 .text.f_closedir
                0x02013088       0x60 C:/msys64/opt/wonderful/thirdparty/blocksds/core/libs/libnds/lib\libnds9.a(ff.c.o)
                0x02013088                libnds_f_closedir
 .text.f_readdir
                0x020130e8       0xd8 C:/msys64/opt/wonderful/thirdparty/blocksds/core/libs/libnds/lib\libnds9.a(ff.c.o)
                0x020130e8                libnds_f_readdir
 .text.ff_uni2oem
                0x020131c0       0x40 C:/msys64/opt/wonderful/thirdparty/blocksds/core/libs/libnds/lib\libnds9.a(ffunicode.c.o)
                0x020131c0                libnds_ff_uni2oem
 .text.ff_oem2uni
                0x02013200       0x2c C:/msys64/opt/wonderful/thirdparty/blocksds/core/libs/libnds/lib\libnds9.a(ffunicode.c.o)
                0x02013200                libnds_ff_oem2uni
 .text.ff_wtoupper
                0x0201322c       0xcc C:/msys64/opt/wonderful/thirdparty/blocksds/core/libs/libnds/lib\libnds9.a(ffunicode.c.o)
                0x0201322c                libnds_ff_wtoupper
 .text.__aeabi_read_tp
                0x020132f8        0xc C:/msys64/opt/wonderful/thirdparty/blocksds/core/libs/libnds/lib\libnds9.a(aeabi_read_tp.s.o)
                0x020132f8                __aeabi_read_tp
 .text.getCPSR  0x02013304        0x8 C:/msys64/opt/wonderful/thirdparty/blocksds/core/libs/libnds/lib\libnds9.a(cpu.s.o)
                0x02013304                getCPSR
 .text.enterException
                0x0201330c       0xd4 C:/msys64/opt/wonderful/thirdparty/blocksds/core/libs/libnds/lib\libnds9.a(exceptionHandler.s.o)
                0x0201330c                enterException
                0x02013380                exceptionC
                0x02013384                exceptionStack
                0x02013388                exceptionRegisters
 .text.__ndsabi_coro_resume
                0x020133e0       0x18 C:/msys64/opt/wonderful/thirdparty/blocksds/core/libs/libnds/lib\libnds9.a(coroutine.s.o)
                0x020133e0                __ndsabi_coro_resume
 .text.__ndsabi_coro_yield
                0x020133f8       0x1c C:/msys64/opt/wonderful/thirdparty/blocksds/core/libs/libnds/lib\libnds9.a(coroutine.s.o)
                0x020133f8                __ndsabi_coro_yield
 .text.__ndsabi_coro_pop_noctx
                0x02013414       0x34 C:/msys64/opt/wonderful/thirdparty/blocksds/core/libs/libnds/lib\libnds9.a(coroutine.s.o)
                0x02013414                __ndsabi_coro_pop_noctx
 .text.keyboardShiftState.part.0
                0x02013448       0x78 C:/msys64/opt/wonderful/thirdparty/blocksds/core/libs/libnds/lib\libnds9.a(keyboard.c.o)
 .text.swapKeyGfx.part.0
                0x020134c0      0x134 C:/msys64/opt/wonderful/thirdparty/blocksds/core/libs/libnds/lib\libnds9.a(keyboard.c.o)
 .text.keyboardGetKey
                0x020135f4       0x64 C:/msys64/opt/wonderful/thirdparty/blocksds/core/libs/libnds/lib\libnds9.a(keyboard.c.o)
                0x020135f4                keyboardGetKey
 .text.keyboardUpdate
                0x02013658      0x11c C:/msys64/opt/wonderful/thirdparty/blocksds/core/libs/libnds/lib\libnds9.a(keyboard.c.o)
                0x02013658                keyboardUpdate
 .text.keyboardShow
                0x02013774      0x140 C:/msys64/opt/wonderful/thirdparty/blocksds/core/libs/libnds/lib\libnds9.a(keyboard.c.o)
                0x02013774                keyboardShow
 .text.keyboardHide
                0x020138b4       0x90 C:/msys64/opt/wonderful/thirdparty/blocksds/core/libs/libnds/lib\libnds9.a(keyboard.c.o)
                0x020138b4                keyboardHide
 .text.cache_init
                0x02013944       0xac C:/msys64/opt/wonderful/thirdparty/blocksds/core/libs/libnds/lib\libnds9.a(cache.c.o)
                0x02013944                cache_init
 .text.cache_sector_get
                0x020139f0       0x70 C:/msys64/opt/wonderful/thirdparty/blocksds/core/libs/libnds/lib\libnds9.a(cache.c.o)
                0x020139f0                cache_sector_get
 .text.cache_sector_add
                0x02013a60       0xb0 C:/msys64/opt/wonderful/thirdparty/blocksds/core/libs/libnds/lib\libnds9.a(cache.c.o)
                0x02013a60                cache_sector_add
 .text.cache_sector_invalidate
                0x02013b10       0x4c C:/msys64/opt/wonderful/thirdparty/blocksds/core/libs/libnds/lib\libnds9.a(cache.c.o)
                0x02013b10                cache_sector_invalidate
 .text.disk_status
                0x02013b5c       0x6c C:/msys64/opt/wonderful/thirdparty/blocksds/core/libs/libnds/lib\libnds9.a(diskio.c.o)
                0x02013b5c                libnds_disk_status
 .text.disk_initialize
                0x02013bc8       0x74 C:/msys64/opt/wonderful/thirdparty/blocksds/core/libs/libnds/lib\libnds9.a(diskio.c.o)
                0x02013bc8                libnds_disk_initialize
 .text.disk_read
                0x02013c3c      0x104 C:/msys64/opt/wonderful/thirdparty/blocksds/core/libs/libnds/lib\libnds9.a(diskio.c.o)
                0x02013c3c                libnds_disk_read
 .text.disk_write
                0x02013d40       0xbc C:/msys64/opt/wonderful/thirdparty/blocksds/core/libs/libnds/lib\libnds9.a(diskio.c.o)
                0x02013d40                libnds_disk_write
 .text.disk_ioctl
                0x02013dfc       0x48 C:/msys64/opt/wonderful/thirdparty/blocksds/core/libs/libnds/lib\libnds9.a(diskio.c.o)
                0x02013dfc                libnds_disk_ioctl
 .text.get_fattime
                0x02013e44       0x1c C:/msys64/opt/wonderful/thirdparty/blocksds/core/libs/libnds/lib\libnds9.a(diskio.c.o)
                0x02013e44                libnds_ff_get_fattime
 .text.ff_mutex_create
                0x02013e60       0x10 C:/msys64/opt/wonderful/thirdparty/blocksds/core/libs/libnds/lib\libnds9.a(ffsystem.c.o)
                0x02013e60                libnds_ff_mutex_create
 .text.ff_mutex_delete
                0x02013e70        0x4 C:/msys64/opt/wonderful/thirdparty/blocksds/core/libs/libnds/lib\libnds9.a(ffsystem.c.o)
                0x02013e70                libnds_ff_mutex_delete
 .text.ff_mutex_take
                0x02013e74       0x18 C:/msys64/opt/wonderful/thirdparty/blocksds/core/libs/libnds/lib\libnds9.a(ffsystem.c.o)
                0x02013e74                libnds_ff_mutex_take
 .text.ff_mutex_give
                0x02013e8c       0x1c C:/msys64/opt/wonderful/thirdparty/blocksds/core/libs/libnds/lib\libnds9.a(ffsystem.c.o)
                0x02013e8c                libnds_ff_mutex_give
 .text.sinLutLookup
                0x02013ea8       0x4c C:/msys64/opt/wonderful/thirdparty/blocksds/core/libs/libnds/lib\libnds9.a(trig.c.o)
                0x02013ea8                sinLutLookup
 .text.sinLerp  0x02013ef4       0x38 C:/msys64/opt/wonderful/thirdparty/blocksds/core/libs/libnds/lib\libnds9.a(trig.c.o)
                0x02013ef4                sinLerp
 .text.cosLerp  0x02013f2c       0x44 C:/msys64/opt/wonderful/thirdparty/blocksds/core/libs/libnds/lib\libnds9.a(trig.c.o)
                0x02013f2c                cosLerp
 .text.mmReceiveMessageValue32
                0x02013f70       0x4c C:/msys64/opt/wonderful/thirdparty/blocksds/core/libs/maxmod/lib\libmm9.a(comms_ds9.c.o)
 .text.SendString
                0x02013fbc       0x24 C:/msys64/opt/wonderful/thirdparty/blocksds/core/libs/maxmod/lib\libmm9.a(comms_ds9.c.o)
 .text.SendCommandByte
                0x02013fe0       0x18 C:/msys64/opt/wonderful/thirdparty/blocksds/core/libs/maxmod/lib\libmm9.a(comms_ds9.c.o)
 .text.mmSendBank
                0x02013ff8       0x1a C:/msys64/opt/wonderful/thirdparty/blocksds/core/libs/maxmod/lib\libmm9.a(comms_ds9.c.o)
                0x02013ff8                mmSendBank
 *fill*         0x02014012        0x2 ff
 .text.mmStart  0x02014014       0x1c C:/msys64/opt/wonderful/thirdparty/blocksds/core/libs/maxmod/lib\libmm9.a(comms_ds9.c.o)
                0x02014014                mmStart
 .text.mmStop   0x02014030        0xc C:/msys64/opt/wonderful/thirdparty/blocksds/core/libs/maxmod/lib\libmm9.a(comms_ds9.c.o)
                0x02014030                mmStop
 .text.mmSetupComms
                0x0201403c       0x18 C:/msys64/opt/wonderful/thirdparty/blocksds/core/libs/maxmod/lib\libmm9.a(comms_ds9.c.o)
                0x0201403c                mmSetupComms
 .text.mmInit   0x02014054       0x78 C:/msys64/opt/wonderful/thirdparty/blocksds/core/libs/maxmod/lib\libmm9.a(main_ds9.c.o)
                0x02014054                mmInit
 .text.mmTryToInitializeDefault
                0x020140cc       0x34 C:/msys64/opt/wonderful/thirdparty/blocksds/core/libs/maxmod/lib\libmm9.a(main_ds9.c.o)
 .text.mmInitDefaultMem
                0x02014100       0x1c C:/msys64/opt/wonderful/thirdparty/blocksds/core/libs/maxmod/lib\libmm9.a(main_ds9.c.o)
                0x02014100                mmInitDefaultMem
 .text.mmFlushMemoryBank
                0x0201411c       0x24 C:/msys64/opt/wonderful/thirdparty/blocksds/core/libs/maxmod/lib\libmm9.a(memory.c.o)
 .text.mmLoadEffect
                0x02014140       0x54 C:/msys64/opt/wonderful/thirdparty/blocksds/core/libs/maxmod/lib\libmm9.a(memory.c.o)
                0x02014140                mmLoadEffect
 .text.mmUnloadEffect
                0x02014194       0x50 C:/msys64/opt/wonderful/thirdparty/blocksds/core/libs/maxmod/lib\libmm9.a(memory.c.o)
                0x02014194                mmUnloadEffect
 .text.mmUnload
                0x020141e4       0x6c C:/msys64/opt/wonderful/thirdparty/blocksds/core/libs/maxmod/lib\libmm9.a(memory.c.o)
                0x020141e4                mmUnload
 .text.mmLoad   0x02014250       0x80 C:/msys64/opt/wonderful/thirdparty/blocksds/core/libs/maxmod/lib\libmm9.a(memory.c.o)
                0x02014250                mmLoad
 .text.mmsHandleMemoryOp
                0x020142d0       0x44 C:/msys64/opt/wonderful/thirdparty/blocksds/core/libs/maxmod/lib\libmm9.a(soundbank.c.o)
 .text.mmSoundBankInMemory
                0x02014314       0x18 C:/msys64/opt/wonderful/thirdparty/blocksds/core/libs/maxmod/lib\libmm9.a(soundbank.c.o)
                0x02014314                mmSoundBankInMemory
 .text.calloc   0x0201432c       0xb4 C:/msys64/opt/wonderful/toolchain/gcc-arm-none-eabi/lib/gcc/arm-none-eabi/15.2.1/../../../../arm-none-eabi/lib/thumb/arm946e-s\libc.a(malloc-calloc.c.o)
                0x0201432c                calloc
 .text.malloc_trim
                0x020143e0       0x9c C:/msys64/opt/wonderful/toolchain/gcc-arm-none-eabi/lib/gcc/arm-none-eabi/15.2.1/../../../../arm-none-eabi/lib/thumb/arm946e-s\libc.a(malloc-free.c.o)
                0x020143e0                malloc_trim
 .text.free     0x0201447c      0x164 C:/msys64/opt/wonderful/toolchain/gcc-arm-none-eabi/lib/gcc/arm-none-eabi/15.2.1/../../../../arm-none-eabi/lib/thumb/arm946e-s\libc.a(malloc-free.c.o)
                0x0201447c                free
                0x0201447c                __malloc_free
 .text.malloc   0x020145e0      0x434 C:/msys64/opt/wonderful/toolchain/gcc-arm-none-eabi/lib/gcc/arm-none-eabi/15.2.1/../../../../arm-none-eabi/lib/thumb/arm946e-s\libc.a(malloc-malloc.c.o)
                0x020145e0                malloc
 .text.realloc  0x02014a14      0x32c C:/msys64/opt/wonderful/toolchain/gcc-arm-none-eabi/lib/gcc/arm-none-eabi/15.2.1/../../../../arm-none-eabi/lib/thumb/arm946e-s\libc.a(malloc-realloc.c.o)
                0x02014a14                realloc
 .text.__libc_init_array
                0x02014d40       0x1c C:/msys64/opt/wonderful/toolchain/gcc-arm-none-eabi/lib/gcc/arm-none-eabi/15.2.1/../../../../arm-none-eabi/lib/thumb/arm946e-s\libc.a(libc_misc_init.c.o)
                0x02014d40                __libc_init_array
 .text.rand     0x02014d5c        0xc C:/msys64/opt/wonderful/toolchain/gcc-arm-none-eabi/lib/gcc/arm-none-eabi/15.2.1/../../../../arm-none-eabi/lib/thumb/arm946e-s\libc.a(libc_stdlib_rand.c.o)
                0x02014d5c                rand
 .text.random   0x02014d68       0x34 C:/msys64/opt/wonderful/toolchain/gcc-arm-none-eabi/lib/gcc/arm-none-eabi/15.2.1/../../../../arm-none-eabi/lib/thumb/arm946e-s\libc.a(libc_stdlib_random.c.o)
                0x02014d68                random
 .text.exit     0x02014d9c        0xe C:/msys64/opt/wonderful/toolchain/gcc-arm-none-eabi/lib/gcc/arm-none-eabi/15.2.1/../../../../arm-none-eabi/lib/thumb/arm946e-s\libc.a(libc_stdlib_pico-exit.c.o)
                0x02014d9c                exit
 .text.memcmp   0x02014daa       0x1c C:/msys64/opt/wonderful/toolchain/gcc-arm-none-eabi/lib/gcc/arm-none-eabi/15.2.1/../../../../arm-none-eabi/lib/thumb/arm946e-s\libc.a(libc_string_memcmp.c.o)
                0x02014daa                memcmp
 .text.stpcpy   0x02014dc6       0x12 C:/msys64/opt/wonderful/toolchain/gcc-arm-none-eabi/lib/gcc/arm-none-eabi/15.2.1/../../../../arm-none-eabi/lib/thumb/arm946e-s\libc.a(libc_string_stpcpy.c.o)
                0x02014dc6                stpcpy
 .text.strcasecmp
                0x02014dd8       0x2e C:/msys64/opt/wonderful/toolchain/gcc-arm-none-eabi/lib/gcc/arm-none-eabi/15.2.1/../../../../arm-none-eabi/lib/thumb/arm946e-s\libc.a(libc_string_strcasecmp.c.o)
                0x02014dd8                strcasecmp
 .text.strchr   0x02014e06       0x1e C:/msys64/opt/wonderful/toolchain/gcc-arm-none-eabi/lib/gcc/arm-none-eabi/15.2.1/../../../../arm-none-eabi/lib/thumb/arm946e-s\libc.a(libc_string_strchr.c.o)
                0x02014e06                strchr
 .text.strdup   0x02014e24       0x20 C:/msys64/opt/wonderful/toolchain/gcc-arm-none-eabi/lib/gcc/arm-none-eabi/15.2.1/../../../../arm-none-eabi/lib/thumb/arm946e-s\libc.a(libc_string_strdup.c.o)
                0x02014e24                strdup
 .text.strncmp  0x02014e44       0x24 C:/msys64/opt/wonderful/toolchain/gcc-arm-none-eabi/lib/gcc/arm-none-eabi/15.2.1/../../../../arm-none-eabi/lib/thumb/arm946e-s\libc.a(libc_string_strncmp.c.o)
                0x02014e44                strncmp
 .text.strncpy  0x02014e68       0x28 C:/msys64/opt/wonderful/toolchain/gcc-arm-none-eabi/lib/gcc/arm-none-eabi/15.2.1/../../../../arm-none-eabi/lib/thumb/arm946e-s\libc.a(libc_string_strncpy.c.o)
                0x02014e68                strncpy
 .text.strrchr  0x02014e90       0x28 C:/msys64/opt/wonderful/toolchain/gcc-arm-none-eabi/lib/gcc/arm-none-eabi/15.2.1/../../../../arm-none-eabi/lib/thumb/arm946e-s\libc.a(libc_string_strrchr.c.o)
                0x02014e90                strrchr
 .text.strstr   0x02014eb8       0x2c C:/msys64/opt/wonderful/toolchain/gcc-arm-none-eabi/lib/gcc/arm-none-eabi/15.2.1/../../../../arm-none-eabi/lib/thumb/arm946e-s\libc.a(libc_string_strstr.c.o)
                0x02014eb8                strstr
 .text.localtime
                0x02014ee4       0x18 C:/msys64/opt/wonderful/toolchain/gcc-arm-none-eabi/lib/gcc/arm-none-eabi/15.2.1/../../../../arm-none-eabi/lib/thumb/arm946e-s\libc.a(libc_time_lcltime.c.o)
                0x02014ee4                localtime
 .text.localtime_r
                0x02014efc      0x1f8 C:/msys64/opt/wonderful/toolchain/gcc-arm-none-eabi/lib/gcc/arm-none-eabi/15.2.1/../../../../arm-none-eabi/lib/thumb/arm946e-s\libc.a(libc_time_lcltime_r.c.o)
                0x02014efc                localtime_r
 .text.time     0x020150f4       0x28 C:/msys64/opt/wonderful/toolchain/gcc-arm-none-eabi/lib/gcc/arm-none-eabi/15.2.1/../../../../arm-none-eabi/lib/thumb/arm946e-s\libc.a(libc_time_time.c.o)
                0x020150f4                time
 .text.__tzcalc_limits
                0x0201511c      0x178 C:/msys64/opt/wonderful/toolchain/gcc-arm-none-eabi/lib/gcc/arm-none-eabi/15.2.1/../../../../arm-none-eabi/lib/thumb/arm946e-s\libc.a(libc_time_tzcalc_limits.c.o)
                0x0201511c                __tzcalc_limits
 .text._tzset_unlocked
                0x02015294      0x3e0 C:/msys64/opt/wonderful/toolchain/gcc-arm-none-eabi/lib/gcc/arm-none-eabi/15.2.1/../../../../arm-none-eabi/lib/thumb/arm946e-s\libc.a(libc_time_tzset.c.o)
                0x02015294                _tzset_unlocked
 .text.fclose   0x02015674       0x18 C:/msys64/opt/wonderful/toolchain/gcc-arm-none-eabi/lib/gcc/arm-none-eabi/15.2.1/../../../../arm-none-eabi/lib/thumb/arm946e-s\libc.a(libc_tinystdio_fclose.c.o)
                0x02015674                fclose
 .text.fdopen   0x0201568c       0xa4 C:/msys64/opt/wonderful/toolchain/gcc-arm-none-eabi/lib/gcc/arm-none-eabi/15.2.1/../../../../arm-none-eabi/lib/thumb/arm946e-s\libc.a(libc_tinystdio_fdopen.c.o)
                0x0201568c                fdopen
 .text.fflush   0x02015730       0x10 C:/msys64/opt/wonderful/toolchain/gcc-arm-none-eabi/lib/gcc/arm-none-eabi/15.2.1/../../../../arm-none-eabi/lib/thumb/arm946e-s\libc.a(libc_tinystdio_fflush.c.o)
                0x02015730                fflush
 .text.getc     0x02015740       0x44 C:/msys64/opt/wonderful/toolchain/gcc-arm-none-eabi/lib/gcc/arm-none-eabi/15.2.1/../../../../arm-none-eabi/lib/thumb/arm946e-s\libc.a(libc_tinystdio_fgetc.c.o)
                0x02015740                getc
                0x02015740                fgetc
                0x02015740                getc_unlocked
 .text.fopen    0x02015784       0x2e C:/msys64/opt/wonderful/toolchain/gcc-arm-none-eabi/lib/gcc/arm-none-eabi/15.2.1/../../../../arm-none-eabi/lib/thumb/arm946e-s\libc.a(libc_tinystdio_fopen.c.o)
                0x02015784                fopen
 .text.putc     0x020157b2       0x2c C:/msys64/opt/wonderful/toolchain/gcc-arm-none-eabi/lib/gcc/arm-none-eabi/15.2.1/../../../../arm-none-eabi/lib/thumb/arm946e-s\libc.a(libc_tinystdio_fputc.c.o)
                0x020157b2                putc
                0x020157b2                fputc
                0x020157b2                putc_unlocked
 *fill*         0x020157de        0x2 ff
 .text.fread    0x020157e0      0x1b8 C:/msys64/opt/wonderful/toolchain/gcc-arm-none-eabi/lib/gcc/arm-none-eabi/15.2.1/../../../../arm-none-eabi/lib/thumb/arm946e-s\libc.a(libc_tinystdio_fread.c.o)
                0x020157e0                fread
 .text.fseek    0x02015998       0x40 C:/msys64/opt/wonderful/toolchain/gcc-arm-none-eabi/lib/gcc/arm-none-eabi/15.2.1/../../../../arm-none-eabi/lib/thumb/arm946e-s\libc.a(libc_tinystdio_fseek.c.o)
                0x02015998                fseek
 .text.fseeko   0x020159d8       0x40 C:/msys64/opt/wonderful/toolchain/gcc-arm-none-eabi/lib/gcc/arm-none-eabi/15.2.1/../../../../arm-none-eabi/lib/thumb/arm946e-s\libc.a(libc_tinystdio_fseeko.c.o)
                0x020159d8                fseeko
 .text.ftell    0x02015a18       0x3c C:/msys64/opt/wonderful/toolchain/gcc-arm-none-eabi/lib/gcc/arm-none-eabi/15.2.1/../../../../arm-none-eabi/lib/thumb/arm946e-s\libc.a(libc_tinystdio_ftell.c.o)
                0x02015a18                ftell
 .text.fwrite   0x02015a54      0x16e C:/msys64/opt/wonderful/toolchain/gcc-arm-none-eabi/lib/gcc/arm-none-eabi/15.2.1/../../../../arm-none-eabi/lib/thumb/arm946e-s\libc.a(libc_tinystdio_fwrite.c.o)
                0x02015a54                fwrite
 *fill*         0x02015bc2        0x2 ff
 .text.printf   0x02015bc4       0x20 C:/msys64/opt/wonderful/toolchain/gcc-arm-none-eabi/lib/gcc/arm-none-eabi/15.2.1/../../../../arm-none-eabi/lib/thumb/arm946e-s\libc.a(libc_tinystdio_printf.c.o)
                0x02015bc4                printf
 .text.putchar  0x02015be4       0x10 C:/msys64/opt/wonderful/toolchain/gcc-arm-none-eabi/lib/gcc/arm-none-eabi/15.2.1/../../../../arm-none-eabi/lib/thumb/arm946e-s\libc.a(libc_tinystdio_putchar.c.o)
                0x02015be4                putchar_unlocked
                0x02015be4                putchar
 .text.puts     0x02015bf4       0x44 C:/msys64/opt/wonderful/toolchain/gcc-arm-none-eabi/lib/gcc/arm-none-eabi/15.2.1/../../../../arm-none-eabi/lib/thumb/arm946e-s\libc.a(libc_tinystdio_puts.c.o)
                0x02015bf4                puts
 .text.setvbuf  0x02015c38       0x18 C:/msys64/opt/wonderful/toolchain/gcc-arm-none-eabi/lib/gcc/arm-none-eabi/15.2.1/../../../../arm-none-eabi/lib/thumb/arm946e-s\libc.a(libc_tinystdio_setvbuf.c.o)
                0x02015c38                setvbuf
 .text.__stdio_flags
                0x02015c50       0x58 C:/msys64/opt/wonderful/toolchain/gcc-arm-none-eabi/lib/gcc/arm-none-eabi/15.2.1/../../../../arm-none-eabi/lib/thumb/arm946e-s\libc.a(libc_tinystdio_sflags.c.o)
                0x02015c50                __stdio_flags
 .text.snprintf
                0x02015ca8       0x54 C:/msys64/opt/wonderful/toolchain/gcc-arm-none-eabi/lib/gcc/arm-none-eabi/15.2.1/../../../../arm-none-eabi/lib/thumb/arm946e-s\libc.a(libc_tinystdio_snprintf.c.o)
                0x02015ca8                snprintf
 .text.sscanf   0x02015cfc       0x3c C:/msys64/opt/wonderful/toolchain/gcc-arm-none-eabi/lib/gcc/arm-none-eabi/15.2.1/../../../../arm-none-eabi/lib/thumb/arm946e-s\libc.a(libc_tinystdio_sscanf.c.o)
                0x02015cfc                sscanf
 .text.strtoul  0x02015d38      0x12c C:/msys64/opt/wonderful/toolchain/gcc-arm-none-eabi/lib/gcc/arm-none-eabi/15.2.1/../../../../arm-none-eabi/lib/thumb/arm946e-s\libc.a(libc_tinystdio_strtoul.c.o)
                0x02015d38                strtoul
 .text.__ultoa_invert
                0x02015e64       0x52 C:/msys64/opt/wonderful/toolchain/gcc-arm-none-eabi/lib/gcc/arm-none-eabi/15.2.1/../../../../arm-none-eabi/lib/thumb/arm946e-s\libc.a(libc_tinystdio_vfprintf.c.o)
 *fill*         0x02015eb6        0x2 ff
 .text.skip_to_arg
                0x02015eb8      0x13c C:/msys64/opt/wonderful/toolchain/gcc-arm-none-eabi/lib/gcc/arm-none-eabi/15.2.1/../../../../arm-none-eabi/lib/thumb/arm946e-s\libc.a(libc_tinystdio_vfprintf.c.o)
 .text.vfprintf
                0x02015ff4      0x9c4 C:/msys64/opt/wonderful/toolchain/gcc-arm-none-eabi/lib/gcc/arm-none-eabi/15.2.1/../../../../arm-none-eabi/lib/thumb/arm946e-s\libc.a(libc_tinystdio_vfprintf.c.o)
                0x02015ff4                vfprintf
                0x02015ff4                __d_vfprintf
 .text.scanf_getc
                0x020169b8       0x14 C:/msys64/opt/wonderful/toolchain/gcc-arm-none-eabi/lib/gcc/arm-none-eabi/15.2.1/../../../../arm-none-eabi/lib/thumb/arm946e-s\libc.a(libc_tinystdio_vfscanf.c.o)
 .text.scanf_ungetc
                0x020169cc       0x12 C:/msys64/opt/wonderful/toolchain/gcc-arm-none-eabi/lib/gcc/arm-none-eabi/15.2.1/../../../../arm-none-eabi/lib/thumb/arm946e-s\libc.a(libc_tinystdio_vfscanf.c.o)
 .text.skip_spaces
                0x020169de       0x2a C:/msys64/opt/wonderful/toolchain/gcc-arm-none-eabi/lib/gcc/arm-none-eabi/15.2.1/../../../../arm-none-eabi/lib/thumb/arm946e-s\libc.a(libc_tinystdio_vfscanf.c.o)
 .text.putval   0x02016a08       0x2a C:/msys64/opt/wonderful/toolchain/gcc-arm-none-eabi/lib/gcc/arm-none-eabi/15.2.1/../../../../arm-none-eabi/lib/thumb/arm946e-s\libc.a(libc_tinystdio_vfscanf.c.o)
 *fill*         0x02016a32        0x2 ff
 .text.vfscanf  0x02016a34      0x990 C:/msys64/opt/wonderful/toolchain/gcc-arm-none-eabi/lib/gcc/arm-none-eabi/15.2.1/../../../../arm-none-eabi/lib/thumb/arm946e-s\libc.a(libc_tinystdio_vfscanf.c.o)
                0x02016a34                vfscanf
                0x02016a34                __d_vfscanf
 .text.vprintf  0x020173c4       0x14 C:/msys64/opt/wonderful/toolchain/gcc-arm-none-eabi/lib/gcc/arm-none-eabi/15.2.1/../../../../arm-none-eabi/lib/thumb/arm946e-s\libc.a(libc_tinystdio_vprintf.c.o)
                0x020173c4                vprintf
 .text.mulShift64
                0x020173d8       0x62 C:/msys64/opt/wonderful/toolchain/gcc-arm-none-eabi/lib/gcc/arm-none-eabi/15.2.1/../../../../arm-none-eabi/lib/thumb/arm946e-s\libc.a(libc_tinystdio_atod_ryu.c.o)
 *fill*         0x0201743a        0x2 ff
 .text.__atod_engine
                0x0201743c      0x158 C:/msys64/opt/wonderful/toolchain/gcc-arm-none-eabi/lib/gcc/arm-none-eabi/15.2.1/../../../../arm-none-eabi/lib/thumb/arm946e-s\libc.a(libc_tinystdio_atod_ryu.c.o)
                0x0201743c                __atod_engine
 .text.__atof_engine
                0x02017594      0x120 C:/msys64/opt/wonderful/toolchain/gcc-arm-none-eabi/lib/gcc/arm-none-eabi/15.2.1/../../../../arm-none-eabi/lib/thumb/arm946e-s\libc.a(libc_tinystdio_atof_ryu.c.o)
                0x02017594                __atof_engine
 .text.mulShiftAll64
                0x020176b4      0x202 C:/msys64/opt/wonderful/toolchain/gcc-arm-none-eabi/lib/gcc/arm-none-eabi/15.2.1/../../../../arm-none-eabi/lib/thumb/arm946e-s\libc.a(libc_tinystdio_dtoa_ryu.c.o)
 *fill*         0x020178b6        0x2 ff
 .text.div10    0x020178b8       0x28 C:/msys64/opt/wonderful/toolchain/gcc-arm-none-eabi/lib/gcc/arm-none-eabi/15.2.1/../../../../arm-none-eabi/lib/thumb/arm946e-s\libc.a(libc_tinystdio_dtoa_ryu.c.o)
 .text.__dtoa_engine
                0x020178e0      0x4b8 C:/msys64/opt/wonderful/toolchain/gcc-arm-none-eabi/lib/gcc/arm-none-eabi/15.2.1/../../../../arm-none-eabi/lib/thumb/arm946e-s\libc.a(libc_tinystdio_dtoa_ryu.c.o)
                0x020178e0                __dtoa_engine
 .text.mulShift32
                0x02017d98       0x44 C:/msys64/opt/wonderful/toolchain/gcc-arm-none-eabi/lib/gcc/arm-none-eabi/15.2.1/../../../../arm-none-eabi/lib/thumb/arm946e-s\libc.a(libc_tinystdio_ryu_divpow2.c.o)
 .text.__mulPow5InvDivPow2
                0x02017ddc       0x28 C:/msys64/opt/wonderful/toolchain/gcc-arm-none-eabi/lib/gcc/arm-none-eabi/15.2.1/../../../../arm-none-eabi/lib/thumb/arm946e-s\libc.a(libc_tinystdio_ryu_divpow2.c.o)
                0x02017ddc                __mulPow5InvDivPow2
 .text.__mulPow5divPow2
                0x02017e04       0x20 C:/msys64/opt/wonderful/toolchain/gcc-arm-none-eabi/lib/gcc/arm-none-eabi/15.2.1/../../../../arm-none-eabi/lib/thumb/arm946e-s\libc.a(libc_tinystdio_ryu_divpow2.c.o)
                0x02017e04                __mulPow5divPow2
 .text.__log10Pow2
                0x02017e24        0xc C:/msys64/opt/wonderful/toolchain/gcc-arm-none-eabi/lib/gcc/arm-none-eabi/15.2.1/../../../../arm-none-eabi/lib/thumb/arm946e-s\libc.a(libc_tinystdio_ryu_log10.c.o)
                0x02017e24                __log10Pow2
 .text.__log10Pow5
                0x02017e30        0xc C:/msys64/opt/wonderful/toolchain/gcc-arm-none-eabi/lib/gcc/arm-none-eabi/15.2.1/../../../../arm-none-eabi/lib/thumb/arm946e-s\libc.a(libc_tinystdio_ryu_log10.c.o)
                0x02017e30                __log10Pow5
 .text.__log2pow5
                0x02017e3c        0xc C:/msys64/opt/wonderful/toolchain/gcc-arm-none-eabi/lib/gcc/arm-none-eabi/15.2.1/../../../../arm-none-eabi/lib/thumb/arm946e-s\libc.a(libc_tinystdio_ryu_log2pow5.c.o)
                0x02017e3c                __log2pow5
 .text.__ceil_log2pow5
                0x02017e48       0x10 C:/msys64/opt/wonderful/toolchain/gcc-arm-none-eabi/lib/gcc/arm-none-eabi/15.2.1/../../../../arm-none-eabi/lib/thumb/arm946e-s\libc.a(libc_tinystdio_ryu_log2pow5.c.o)
                0x02017e48                __ceil_log2pow5
 .text.__pow5bits
                0x02017e58       0x10 C:/msys64/opt/wonderful/toolchain/gcc-arm-none-eabi/lib/gcc/arm-none-eabi/15.2.1/../../../../arm-none-eabi/lib/thumb/arm946e-s\libc.a(libc_tinystdio_ryu_pow5bits.c.o)
                0x02017e58                __pow5bits
 .text.__pow5Factor
                0x02017e68       0x2c C:/msys64/opt/wonderful/toolchain/gcc-arm-none-eabi/lib/gcc/arm-none-eabi/15.2.1/../../../../arm-none-eabi/lib/thumb/arm946e-s\libc.a(libc_tinystdio_ryu_table.c.o)
                0x02017e68                __pow5Factor
 .text.__double_computePow5
                0x02017e94      0x100 C:/msys64/opt/wonderful/toolchain/gcc-arm-none-eabi/lib/gcc/arm-none-eabi/15.2.1/../../../../arm-none-eabi/lib/thumb/arm946e-s\libc.a(libc_tinystdio_ryu_table.c.o)
                0x02017e94                __double_computePow5
 .text.__double_computeInvPow5
                0x02017f94       0xfc C:/msys64/opt/wonderful/toolchain/gcc-arm-none-eabi/lib/gcc/arm-none-eabi/15.2.1/../../../../arm-none-eabi/lib/thumb/arm946e-s\libc.a(libc_tinystdio_ryu_table.c.o)
                0x02017f94                __double_computeInvPow5
 .text.__umul128
                0x02018090       0x6c C:/msys64/opt/wonderful/toolchain/gcc-arm-none-eabi/lib/gcc/arm-none-eabi/15.2.1/../../../../arm-none-eabi/lib/thumb/arm946e-s\libc.a(libc_tinystdio_ryu_umul128.c.o)
                0x02018090                __umul128
 .text.__shiftright128
                0x020180fc       0x28 C:/msys64/opt/wonderful/toolchain/gcc-arm-none-eabi/lib/gcc/arm-none-eabi/15.2.1/../../../../arm-none-eabi/lib/thumb/arm946e-s\libc.a(libc_tinystdio_ryu_umul128.c.o)
                0x020180fc                __shiftright128
 .text.isnan    0x02018124       0x18 C:/msys64/opt/wonderful/toolchain/gcc-arm-none-eabi/lib/gcc/arm-none-eabi/15.2.1/../../../../arm-none-eabi/lib/thumb/arm946e-s\libc.a(libm_common_s_isnan.c.o)
                0x02018124                isnan
                0x02018124                isnanl
                0x02018124                __isnand
                0x02018124                __isnanl
 .text.memmove  0x0201813c       0x26 C:/msys64/opt/wonderful/toolchain/gcc-arm-none-eabi/lib/gcc/arm-none-eabi/15.2.1/../../../../arm-none-eabi/lib/thumb/arm946e-s\libc.a(memmove.c.o)
                0x0201813c                __aeabi_memmove8
                0x0201813c                __aeabi_memmove
                0x0201813c                __aeabi_memmove4
                0x0201813c                memmove
 *fill*         0x02018162        0x2 ff
 .text.__libc_fini_array
                0x02018164       0x1c C:/msys64/opt/wonderful/toolchain/gcc-arm-none-eabi/lib/gcc/arm-none-eabi/15.2.1/../../../../arm-none-eabi/lib/thumb/arm946e-s\libc.a(libc_misc_fini.c.o)
                0x02018164                __libc_fini_array
 .text.getenv   0x02018180        0xa C:/msys64/opt/wonderful/toolchain/gcc-arm-none-eabi/lib/gcc/arm-none-eabi/15.2.1/../../../../arm-none-eabi/lib/thumb/arm946e-s\libc.a(libc_stdlib_getenv.c.o)
                0x02018180                getenv
 *fill*         0x0201818a        0x2 ff
 .text._findenv
                0x0201818c       0x7c C:/msys64/opt/wonderful/toolchain/gcc-arm-none-eabi/lib/gcc/arm-none-eabi/15.2.1/../../../../arm-none-eabi/lib/thumb/arm946e-s\libc.a(libc_stdlib_getenv_r.c.o)
                0x0201818c                _findenv
 .text.strnlen  0x02018208       0x16 C:/msys64/opt/wonderful/toolchain/gcc-arm-none-eabi/lib/gcc/arm-none-eabi/15.2.1/../../../../arm-none-eabi/lib/thumb/arm946e-s\libc.a(libc_string_strnlen.c.o)
                0x02018208                strnlen
 *fill*         0x0201821e        0x2 ff
 .text.__gettzinfo
                0x02018220        0x8 C:/msys64/opt/wonderful/toolchain/gcc-arm-none-eabi/lib/gcc/arm-none-eabi/15.2.1/../../../../arm-none-eabi/lib/thumb/arm946e-s\libc.a(libc_time_gettzinfo.c.o)
                0x02018220                __gettzinfo
 .text.gmtime_r
                0x02018228      0x1bc C:/msys64/opt/wonderful/toolchain/gcc-arm-none-eabi/lib/gcc/arm-none-eabi/15.2.1/../../../../arm-none-eabi/lib/thumb/arm946e-s\libc.a(libc_time_gmtime_r.c.o)
                0x02018228                gmtime_r
 .text.__picolibc_non_atomic_load_ungetc
                0x020183e4        0x4 C:/msys64/opt/wonderful/toolchain/gcc-arm-none-eabi/lib/gcc/arm-none-eabi/15.2.1/../../../../arm-none-eabi/lib/thumb/arm946e-s\libc.a(libc_tinystdio_atomic_load.c.o)
                0x020183e4                __picolibc_non_atomic_load_ungetc
                0x020183e4                __atomic_load_ungetc
 .text.__bufio_lock
                0x020183e8       0x18 C:/msys64/opt/wonderful/toolchain/gcc-arm-none-eabi/lib/gcc/arm-none-eabi/15.2.1/../../../../arm-none-eabi/lib/thumb/arm946e-s\libc.a(libc_tinystdio_bufio.c.o)
 .text.__bufio_flush_locked
                0x02018400       0x66 C:/msys64/opt/wonderful/toolchain/gcc-arm-none-eabi/lib/gcc/arm-none-eabi/15.2.1/../../../../arm-none-eabi/lib/thumb/arm946e-s\libc.a(libc_tinystdio_bufio.c.o)
                0x02018400                __bufio_flush_locked
 .text.__bufio_fill_locked
                0x02018466       0x2c C:/msys64/opt/wonderful/toolchain/gcc-arm-none-eabi/lib/gcc/arm-none-eabi/15.2.1/../../../../arm-none-eabi/lib/thumb/arm946e-s\libc.a(libc_tinystdio_bufio.c.o)
                0x02018466                __bufio_fill_locked
 .text.__bufio_flush
                0x02018492       0x1a C:/msys64/opt/wonderful/toolchain/gcc-arm-none-eabi/lib/gcc/arm-none-eabi/15.2.1/../../../../arm-none-eabi/lib/thumb/arm946e-s\libc.a(libc_tinystdio_bufio.c.o)
                0x02018492                __bufio_flush
 .text.__bufio_setdir_locked
                0x020184ac       0x1a C:/msys64/opt/wonderful/toolchain/gcc-arm-none-eabi/lib/gcc/arm-none-eabi/15.2.1/../../../../arm-none-eabi/lib/thumb/arm946e-s\libc.a(libc_tinystdio_bufio.c.o)
                0x020184ac                __bufio_setdir_locked
 .text.__bufio_put
                0x020184c6       0x50 C:/msys64/opt/wonderful/toolchain/gcc-arm-none-eabi/lib/gcc/arm-none-eabi/15.2.1/../../../../arm-none-eabi/lib/thumb/arm946e-s\libc.a(libc_tinystdio_bufio.c.o)
                0x020184c6                __bufio_put
 *fill*         0x02018516        0x2 ff
 .text.__bufio_get
                0x02018518       0x70 C:/msys64/opt/wonderful/toolchain/gcc-arm-none-eabi/lib/gcc/arm-none-eabi/15.2.1/../../../../arm-none-eabi/lib/thumb/arm946e-s\libc.a(libc_tinystdio_bufio.c.o)
                0x02018518                __bufio_get
 .text.__bufio_seek
                0x02018588       0x6a C:/msys64/opt/wonderful/toolchain/gcc-arm-none-eabi/lib/gcc/arm-none-eabi/15.2.1/../../../../arm-none-eabi/lib/thumb/arm946e-s\libc.a(libc_tinystdio_bufio.c.o)
                0x02018588                __bufio_seek
 .text.__bufio_setvbuf
                0x020185f2       0x88 C:/msys64/opt/wonderful/toolchain/gcc-arm-none-eabi/lib/gcc/arm-none-eabi/15.2.1/../../../../arm-none-eabi/lib/thumb/arm946e-s\libc.a(libc_tinystdio_bufio.c.o)
                0x020185f2                __bufio_setvbuf
 .text.__bufio_close
                0x0201867a       0x4a C:/msys64/opt/wonderful/toolchain/gcc-arm-none-eabi/lib/gcc/arm-none-eabi/15.2.1/../../../../arm-none-eabi/lib/thumb/arm946e-s\libc.a(libc_tinystdio_bufio.c.o)
                0x0201867a                __bufio_close
 .text.__dtox_engine
                0x020186c4      0x128 C:/msys64/opt/wonderful/toolchain/gcc-arm-none-eabi/lib/gcc/arm-none-eabi/15.2.1/../../../../arm-none-eabi/lib/thumb/arm946e-s\libc.a(libc_tinystdio_dtox_engine.c.o)
                0x020186c4                __dtox_engine
 .text.__picolibc_non_atomic_exchange_ungetc
                0x020187ec        0x8 C:/msys64/opt/wonderful/toolchain/gcc-arm-none-eabi/lib/gcc/arm-none-eabi/15.2.1/../../../../arm-none-eabi/lib/thumb/arm946e-s\libc.a(libc_tinystdio_exchange.c.o)
                0x020187ec                __picolibc_non_atomic_exchange_ungetc
                0x020187ec                __atomic_exchange_ungetc
 .text.__file_str_get
                0x020187f4       0x16 C:/msys64/opt/wonderful/toolchain/gcc-arm-none-eabi/lib/gcc/arm-none-eabi/15.2.1/../../../../arm-none-eabi/lib/thumb/arm946e-s\libc.a(libc_tinystdio_filestrget.c.o)
                0x020187f4                __file_str_get
 .text.__file_str_put
                0x0201880a       0x10 C:/msys64/opt/wonderful/toolchain/gcc-arm-none-eabi/lib/gcc/arm-none-eabi/15.2.1/../../../../arm-none-eabi/lib/thumb/arm946e-s\libc.a(libc_tinystdio_filestrput.c.o)
                0x0201880a                __file_str_put
 .text.ungetc   0x0201881a       0x36 C:/msys64/opt/wonderful/toolchain/gcc-arm-none-eabi/lib/gcc/arm-none-eabi/15.2.1/../../../../arm-none-eabi/lib/thumb/arm946e-s\libc.a(libc_tinystdio_ungetc.c.o)
                0x0201881a                ungetc
 .text.__picolibc_non_atomic_compare_exchange_ungetc
                0x02018850       0x12 C:/msys64/opt/wonderful/toolchain/gcc-arm-none-eabi/lib/gcc/arm-none-eabi/15.2.1/../../../../arm-none-eabi/lib/thumb/arm946e-s\libc.a(libc_tinystdio_compare_exchange.c.o)
                0x02018850                __atomic_compare_exchange_ungetc
                0x02018850                __picolibc_non_atomic_compare_exchange_ungetc
 *fill*         0x02018862        0x2 ff
 .text.gettimeofday
                0x02018864       0x1c C:/msys64/opt/wonderful/thirdparty/blocksds/core/libs/libnds/lib\libnds9.a(syscalls.c.o)
                0x02018864                gettimeofday
 .text.gettimeofday.__stub
                0x02018880       0x40 linker stubs
 *(EXCLUDE_FILE(*.twl*) .gnu.warning)
 *(EXCLUDE_FILE(*.twl*) .gnu.linkonce.t*)
 *(.glue_7)
 .glue_7        0x020188c0        0x0 linker stubs
 *(.glue_7t)
 .glue_7t       0x020188c0        0x0 linker stubs
                0x020188c0                        . = ALIGN (0x4)

.vfp11_veneer   0x020188c0        0x0
 .vfp11_veneer  0x020188c0        0x0 linker stubs

.v4_bx          0x020188c0        0x0
 .v4_bx         0x020188c0        0x0 linker stubs

.iplt           0x020188c0        0x0
 .iplt          0x020188c0        0x0 C:/msys64/opt/wonderful/thirdparty/blocksds/core/sys/crts/ds_arm9_crt0.o

.fini           0x020188c0        0x8
 *(.fini)
 .fini          0x020188c0        0x8 C:/msys64/opt/wonderful/toolchain/gcc-arm-none-eabi/lib/gcc/arm-none-eabi/15.2.1/thumb/arm946e-s/crtn.o
                0x020188c8                        __text_end = .

.rodata         0x020188c8    0x152a4
 *(EXCLUDE_FILE(*.twl*) .rodata)
 .rodata        0x020188c8       0x4c build/A-Pix/source/formats.cpp.o
 .rodata        0x02018914      0x1dc build/A-Pix/source/main.cpp.o