Archive member included to satisfy reference by file (symbol)

C:/devkitPro/libnds/lib\libfat.a(fat_wrappers.o)
                              main.o (fatInitDefault)
C:/devkitPro/libnds/lib\libfat.a(dvm_calico.o)
                              C:/devkitPro/libnds/lib\libfat.a(fat_wrappers.o) (dvmInit)
C:/devkitPro/libnds/lib\libfat.a(dvm_disc.o)
                              C:/devkitPro/libnds/lib\libfat.a(fat_wrappers.o) (dvmDiscCreate)
C:/devkitPro/libnds/lib\libfat.a(dvm_cache.o)
                              C:/devkitPro/libnds/lib\libfat.a(fat_wrappers.o) (dvmDiscCacheCreate)
C:/devkitPro/libnds/lib\libfat.a(dvm_volume.o)
                              C:/devkitPro/libnds/lib\libfat.a(fat_wrappers.o) (dvmMountVolume)
C:/devkitPro/libnds/lib\libfat.a(dvm_prober.o)
                              C:/devkitPro/libnds/lib\libfat.a(dvm_calico.o) (dvmProbeMountDisc)
C:/devkitPro/libnds/lib\libfat.a(fat_driver.o)
                              C:/devkitPro/libnds/lib\libfat.a(dvm_volume.o) (g_vfatFsDriver)
C:/devkitPro/libnds/lib\libfat.a(ff.o)
                              C:/devkitPro/libnds/lib\libfat.a(fat_driver.o) (f_mount)
C:/devkitPro/libnds/lib\libfat.a(ffunicode.o)
                              C:/devkitPro/libnds/lib\libfat.a(ff.o) (ff_uni2oem)
C:/devkitPro/libnds/lib\libnds9.a(background.o)
                              main.o (bgInit_call)
C:/devkitPro/libnds/lib\libnds9.a(console.o)
                              main.o (consoleDemoInit)
C:/devkitPro/libnds/lib\libnds9.a(decompress.o)
                              main.o (decompress)
C:/devkitPro/libnds/lib\libnds9.a(keys.o)
                              main.o (scanKeys)
C:/devkitPro/libnds/lib\libnds9.a(sprite.o)
                              main.o (oamInit)
C:/devkitPro/libnds/lib\libnds9.a(trig.o)
                              C:/devkitPro/libnds/lib\libnds9.a(background.o) (sinLerp)
C:/devkitPro/libnds/lib\libnds9.a(default_font.bin.o)
                              C:/devkitPro/libnds/lib\libnds9.a(console.o) (default_font_bin)
C:/devkitPro/libnds/lib\libnds9.a(sprite_alloc.o)
                              C:/devkitPro/libnds/lib\libnds9.a(sprite.o) (oamAllocReset)
C:/devkitPro/calico/lib\libcalico_ds9.a(thread_cold.o)
                              main.o (threadIrqWait)
C:/devkitPro/calico/lib\libcalico_ds9.a(thread_hot.32.o)
                              C:/devkitPro/calico/lib\libcalico_ds9.a(thread_cold.o) (__sched_state)
C:/devkitPro/calico/lib\libcalico_ds9.a(newlib_syscalls.o)
                              C:/devkitPro/libnds/lib\libfat.a(fat_driver.o) (__errno)
C:/devkitPro/calico/lib\libcalico_ds9.a(arm-copy-fill.32.o)
                              C:/devkitPro/libnds/lib\libfat.a(dvm_calico.o) (armCopyMem32)
C:/devkitPro/calico/lib\libcalico_ds9.a(arm-context.32.o)
                              C:/devkitPro/calico/lib\libcalico_ds9.a(thread_cold.o) (armContextSave)
C:/devkitPro/calico/lib\libcalico_ds9.a(arm-shims.32.o)
                              C:/devkitPro/calico/lib\libcalico_ds9.a(thread_cold.o) (armWaitForIrq)
C:/devkitPro/calico/lib\libcalico_ds9.a(arm-cache.32.o)
                              C:/devkitPro/libnds/lib\libnds9.a(sprite.o) (armDCacheFlush)
C:/devkitPro/calico/lib\libcalico_ds9.a(startup.crt0.o)
                              C:/devkitPro/libnds/lib\libfat.a(dvm_calico.o) (g_isTwlMode)
C:/devkitPro/calico/lib\libcalico_ds9.a(utils.crt0.o)
                              C:/devkitPro/calico/lib\libcalico_ds9.a(startup.crt0.o) (crt0CopyMem32)
C:/devkitPro/calico/lib\libcalico_ds9.a(bios.o)
                              C:/devkitPro/libnds/lib\libnds9.a(decompress.o) (svcLZ77UncompWram)
C:/devkitPro/calico/lib\libcalico_ds9.a(pxi.o)
                              C:/devkitPro/calico/lib\libcalico_ds9.a(startup.crt0.o) (_pxiInit)
C:/devkitPro/calico/lib\libcalico_ds9.a(keypad.o)
                              C:/devkitPro/libnds/lib\libnds9.a(keys.o) (keypadGetState)
C:/devkitPro/calico/lib\libcalico_ds9.a(pm.o)
                              main.o (pmMainLoop)
C:/devkitPro/calico/lib\libcalico_ds9.a(bootstub_arm9.o)
                              (__ds9_bootstub)
C:/devkitPro/calico/lib\libcalico_ds9.a(mpu_setup.crt0.o)
                              C:/devkitPro/calico/lib\libcalico_ds9.a(startup.crt0.o) (crt0SetupMPU)
C:/devkitPro/calico/lib\libcalico_ds9.a(sys_startup.o)
                              C:/devkitPro/calico/lib\libcalico_ds9.a(startup.crt0.o) (systemStartup)
C:/devkitPro/calico/lib\libcalico_ds9.a(excpt_handler.32.o)
                              C:/devkitPro/calico/lib\libcalico_ds9.a(bootstub_arm9.o) (__arm_excpt_rst)
C:/devkitPro/calico/lib\libcalico_ds9.a(touch.o)
                              main.o (touchRead)
C:/devkitPro/calico/lib\libcalico_ds9.a(blk.o)
                              C:/devkitPro/libnds/lib\libfat.a(dvm_calico.o) (blkInit)
C:/devkitPro/calico/lib\libcalico_ds9.a(irq.o)
                              C:/devkitPro/calico/lib\libcalico_ds9.a(pxi.o) (irqSet)
[...]
Memory Configuration

Name             Origin             Length             Attributes
lma9             0x02004000         0x0027c000
lma9i            0x02400000         0x00280000
vectors          0x00000000         0x00000020
itcm             0x01ff8020         0x00007fe0
main             0x02001000         0x00f7f000
dtcm             0x02ff0000         0x00003e80
dldi             0x0380b000         0x00004000
stub             0x0e000000         0x00004000
tls              0x00000000         0x00000400
*default*        0x00000000         0xffffffff

Linker script and memory map

                0x00000000                        __sync_synchronize = __sync_synchronize_none
LOAD C:/devkitPro/devkitARM/bin/../lib/gcc/arm-none-eabi/15.1.0/thumb/crti.o
LOAD C:/devkitPro/devkitARM/bin/../lib/gcc/arm-none-eabi/15.1.0/thumb/crtbegin.o
LOAD GFXinput.o
LOAD GFXselector24.o
LOAD avdslib.o
LOAD main.o
LOAD C:/devkitPro/libnds/lib\libfat.a
LOAD C:/devkitPro/libnds/lib\libnds9.a
LOAD C:/devkitPro/calico/lib\libcalico_ds9.a
LOAD C:/devkitPro/devkitARM/bin/../lib/gcc/arm-none-eabi/15.1.0/../../../../arm-none-eabi/lib/thumb\libstdc++.a
LOAD C:/devkitPro/devkitARM/bin/../lib/gcc/arm-none-eabi/15.1.0/../../../../arm-none-eabi/lib/thumb\libm.a
START GROUP
LOAD C:/devkitPro/devkitARM/bin/../lib/gcc/arm-none-eabi/15.1.0/thumb\libgcc.a
LOAD C:/devkitPro/devkitARM/bin/../lib/gcc/arm-none-eabi/15.1.0/../../../../arm-none-eabi/lib/thumb\libg.a
LOAD C:/devkitPro/devkitARM/bin/../lib/gcc/arm-none-eabi/15.1.0/../../../../arm-none-eabi/lib/thumb\libc.a
LOAD C:/devkitPro/devkitARM/bin/../lib/gcc/arm-none-eabi/15.1.0/../../../../arm-none-eabi/lib/thumb\libsysbase.a
END GROUP
LOAD C:/devkitPro/devkitARM/bin/../lib/gcc/arm-none-eabi/15.1.0/thumb/crtend.o
LOAD C:/devkitPro/devkitARM/bin/../lib/gcc/arm-none-eabi/15.1.0/thumb/crtn.o
                0x02ff3e80                        PROVIDE (__sp_usr = (ORIGIN (dtcm) + LENGTH (dtcm)))
                0x02ff3f80                        PROVIDE (__sp_irq = (__sp_usr + 0x100))
                0x02ff3fc0                        PROVIDE (__sp_svc = (__sp_irq + 0x40))
                0x02ff3ff8                        PROVIDE (__irq_flags = (__sp_svc + 0x38))
                [!provide]                        PROVIDE (__irq_vector = (__sp_svc + 0x3c))
                [!provide]                        PROVIDE (__arm_excpt_rst = 0xffff0000)
                [!provide]                        PROVIDE (__arm_excpt_und = 0xffff0004)
                0xffff0008                        PROVIDE (__arm_excpt_svc = 0xffff0008)
                [!provide]                        PROVIDE (__arm_excpt_pabt = 0xffff000c)
                [!provide]                        PROVIDE (__arm_excpt_dabt = 0xffff0010)
                [!provide]                        PROVIDE (__arm_excpt_irq = 0xffff0018)
                [!provide]                        PROVIDE (__arm_excpt_fiq = 0xffff001c)
                0x00000000                        PROVIDE (__end__ = 0x0)

.secure         0x0e000000      0x800 load address 0x02004000
                0x0e0007fc                        . = (. + 0x7fc)
 *fill*         0x0e000000      0x7fc 00000000
                0x0e0007fc        0x4 LONG 0x0

.bootstub       0x0e000800      0x198 load address 0x02004800
 *(.bootstub .bootstub.*)
 .bootstub.__ds9_bootstub
                0x0e000800      0x198 C:/devkitPro/calico/lib\libcalico_ds9.a(bootstub_arm9.o)
                0x0e000800                __ds9_bootstub
                0x0e000998                        . = ALIGN (0x4)

.crt0           0x02001000      0x3c0 load address 0x02004998
 *(.crt0 .crt0.*)
 .crt0.__ds9_bootstub_trampoline
                0x02001000       0x60 C:/devkitPro/calico/lib\libcalico_ds9.a(bootstub_arm9.o)
 *.crt0.*(.text .stub .text.* .gnu.linkonce.t.*)
 .text.crt0ProcessLoadList
                0x02001060       0x74 C:/devkitPro/calico/lib\libcalico_ds9.a(startup.crt0.o)
                0x02001060                crt0ProcessLoadList
 .text.crt0Startup
                0x020010d4      0x180 C:/devkitPro/calico/lib\libcalico_ds9.a(startup.crt0.o)
                0x020010d4                crt0Startup
 .text.crt0CopyMem32
                0x02001254       0x4c C:/devkitPro/calico/lib\libcalico_ds9.a(utils.crt0.o)
                0x02001254                crt0CopyMem32
 .text.crt0FillMem32
                0x020012a0       0x58 C:/devkitPro/calico/lib\libcalico_ds9.a(utils.crt0.o)
                0x020012a0                crt0FillMem32
 .text.crt0SetupMPU
                0x020012f8       0xb4 C:/devkitPro/calico/lib\libcalico_ds9.a(mpu_setup.crt0.o)
                0x020012f8                crt0SetupMPU
 *.crt0.*(.glue_7t .glue_7 .vfp11_veneer .v4_bx)
 *.crt0.*(.rodata .rodata.* .gnu.linkonce.r.*)
 *.crt0.*(.rodata1)
                0x020013c0                        . = ALIGN (0x20)
 *fill*         0x020013ac       0x14 ff
                0x02004998                        PROVIDE (__crt0_lma = LOADADDR (.crt0))
                0x02001000                        PROVIDE (__crt0_start = ADDR (.crt0))
                0x020013c0                        PROVIDE (__crt0_end = (ADDR (.crt0) + SIZEOF (.crt0)))
                0x00000001                        ASSERT (((__crt0_end <= LOADADDR (.bootstub)) || (__crt0_start >= (LOADADDR (.bootstub) + SIZEOF (.bootstub)))), Error: crt0 section overlaps initial bootstrap)

.dldi           0x0380b000     0x4000 load address 0x02004d58
 *(.dldi)
 .dldi          0x0380b000     0x4000 C:/devkitPro/calico/lib\libcalico_ds9.a(dldi_stub.o)
                0x0380b000                __dldi_start
                0x02004d58                        PROVIDE (__dldi_lma = SIZEOF (.dldi)?LOADADDR (.dldi):0x0)

.vectors        0x00000000       0x20 load address 0x02008d58
 *(.vectors)
 .vectors       0x00000000       0x20 C:/devkitPro/calico/lib\libcalico_ds9.a(bootstub_arm9.o)

.itcm           0x01ff8020      0x700 load address 0x02008d78
 *(.itcm .itcm.*)
 .itcm          0x01ff8020       0x30 C:/devkitPro/calico/lib\libcalico_ds9.a(bootstub_arm9.o)
                0x01ff8038                __excpt_vectors
 *.itcm.*(.text .stub .text.* .gnu.linkonce.t.*)
 *.32.o(.text .stub .text.* .gnu.linkonce.t.*)
 .text.threadReschedule
                0x01ff8050       0x88 C:/devkitPro/calico/lib\libcalico_ds9.a(thread_hot.32.o)
 .text.threadBlock
                0x01ff80d8       0xd8 C:/devkitPro/calico/lib\libcalico_ds9.a(thread_hot.32.o)
                0x01ff80d8                threadBlock
 .text.threadUnblockOneByValue
                0x01ff81b0       0xc0 C:/devkitPro/calico/lib\libcalico_ds9.a(thread_hot.32.o)
                0x01ff81b0                threadUnblockOneByValue
 .text.threadUnblockAllByValue
                0x01ff8270      0x130 C:/devkitPro/calico/lib\libcalico_ds9.a(thread_hot.32.o)
                0x01ff8270                threadUnblockAllByValue
 .text.threadUnblockAllByMask
                0x01ff83a0      0x134 C:/devkitPro/calico/lib\libcalico_ds9.a(thread_hot.32.o)
                0x01ff83a0                threadUnblockAllByMask
 .text.armCopyMem32
                0x01ff84d4       0x4c C:/devkitPro/calico/lib\libcalico_ds9.a(arm-copy-fill.32.o)
                0x01ff84d4                armCopyMem32
 .text.armContextSave
                0x01ff8520       0x2c C:/devkitPro/calico/lib\libcalico_ds9.a(arm-context.32.o)
                0x01ff8520                armContextSave
 .text.armContextLoad
                0x01ff854c       0x20 C:/devkitPro/calico/lib\libcalico_ds9.a(arm-context.32.o)
                0x01ff854c                armContextLoad
                0x01ff8550                armContextLoadFromSvc
 .text.armWaitForIrq
                0x01ff856c        0x8 C:/devkitPro/calico/lib\libcalico_ds9.a(arm-shims.32.o)
                0x01ff856c                armWaitForIrq
 .text.armDrainWriteBuffer
                0x01ff8574        0xc C:/devkitPro/calico/lib\libcalico_ds9.a(arm-cache.32.o)
                0x01ff8574                armDrainWriteBuffer
 .text.armDCacheFlushAll
                0x01ff8580       0x28 C:/devkitPro/calico/lib\libcalico_ds9.a(arm-cache.32.o)
                0x01ff8580                armDCacheFlushAll
 .text.armDCacheFlush
                0x01ff85a8       0x1c C:/devkitPro/calico/lib\libcalico_ds9.a(arm-cache.32.o)
                0x01ff85a8                armDCacheFlush
 .text.armDCacheInvalidate
                0x01ff85c4       0x1c C:/devkitPro/calico/lib\libcalico_ds9.a(arm-cache.32.o)
                0x01ff85c4                armDCacheInvalidate
 .text.armICacheInvalidateAll
                0x01ff85e0        0xc C:/devkitPro/calico/lib\libcalico_ds9.a(arm-cache.32.o)
                0x01ff85e0                armICacheInvalidateAll
 .text.__excpt_entry
                0x01ff85ec       0x50 C:/devkitPro/calico/lib\libcalico_ds9.a(excpt_handler.32.o)
                0x01ff85ec                __arm_excpt_rst
                0x01ff85f0                __arm_excpt_pabt
                0x01ff85f4                __arm_excpt_und
                0x01ff8600                __arm_excpt_dabt
 .text.__arm_excpt_irq
                0x01ff863c       0xe4 C:/devkitPro/calico/lib\libcalico_ds9.a(irq_handler.32.o)
                0x01ff863c                __arm_excpt_irq
 *.itcm.*(.glue_7t .glue_7 .vfp11_veneer .v4_bx)
 *.32.o(.glue_7t .glue_7 .vfp11_veneer .v4_bx)
 *.itcm.*(.rodata .rodata.* .gnu.linkonce.r.*)
 *.32.o(.rodata .rodata.* .gnu.linkonce.r.*)
 *.itcm.*(.rodata1)
 *.32.o(.rodata1)
                0x01ff8720                        . = ALIGN (0x4)
                0x02008d58                        PROVIDE (__itcm_lma = LOADADDR (.vectors))
                0x01ff8000                        PROVIDE (__itcm_start = (ADDR (.itcm) - SIZEOF (.vectors)))
                0x01ff8720                        PROVIDE (__itcm_end = (ADDR (.itcm) + SIZEOF (.itcm)))
                0x00000001                        ASSERT (((__itcm_lma + SIZEOF (.vectors)) == LOADADDR (.itcm)), Error: gap between vectors and itcm)

.dtcm           0x02ff0000        0x0 load address 0x02009478
 *(.dtcm .dtcm.*)
 *.32.o(.data .data.* .gnu.linkonce.d.*)
 *.32.o(.data1)
                0x02ff0000                        . = ALIGN (0x4)
                [!provide]                        PROVIDE (__dtcm_lma = LOADADDR (.dtcm))
                0x02ff0000                        PROVIDE (__dtcm_start = ADDR (.dtcm))
                0x02ff0000                        PROVIDE (__dtcm_end = (ADDR (.dtcm) + SIZEOF (.dtcm)))

.dtcm.bss       0x02ff0000       0x98 load address 0x02009478
 *(.sbss .sbss.*)
 *.32.o(.dynbss)
 *.32.o(.bss .bss.* .gnu.linkonce.b.*)
 .bss.__irq_table
                0x02ff0000       0x80 C:/devkitPro/calico/lib\libcalico_ds9.a(thread_hot.32.o)
                0x02ff0000                __irq_table
 .bss.__sched_state
                0x02ff0080       0x18 C:/devkitPro/calico/lib\libcalico_ds9.a(thread_hot.32.o)
                0x02ff0080                __sched_state
 *.32.o(COMMON)
                0x02ff0098                        . = ALIGN (0x4)
                [!provide]                        PROVIDE (__dtcm_bss_start = ADDR (.dtcm.bss))
                0x02ff0098                        PROVIDE (__dtcm_bss_end = (ADDR (.dtcm.bss) + SIZEOF (.dtcm.bss)))

.main           0x020013c0    0x1a554 load address 0x02009478
 *(SORT_NONE(.init))
 .init          0x020013c0        0x4 C:/devkitPro/devkitARM/bin/../lib/gcc/arm-none-eabi/15.1.0/thumb/crti.o
                0x020013c0                _init
 .init          0x020013c4        0x8 C:/devkitPro/devkitARM/bin/../lib/gcc/arm-none-eabi/15.1.0/thumb/crtn.o
 EXCLUDE_FILE(*.twl.*) *(.text.unlikely .text.*_unlikely .text.unlikely.*)
 EXCLUDE_FILE(*.twl.*) *(.text.exit .text.exit.*)
 .text.exit     0x020013cc       0x24 C:/devkitPro/devkitARM/bin/../lib/gcc/arm-none-eabi/15.1.0/../../../../arm-none-eabi/lib/thumb\libg.a(libc_a-exit.o)
                0x020013cc                exit
 EXCLUDE_FILE(*.twl.*) *(.text.startup .text.startup.*)
 .text.startup.main
                0x020013f0      0x704 main.o
                0x020013f0                main
 EXCLUDE_FILE(*.twl.*) *(.text.hot .text.hot.*)
 EXCLUDE_FILE(*.twl.*) *(.text .iplt .stub .text.* .gnu.linkonce.t.*)
 .text.__do_global_dtors_aux
                0x02001af4       0x2c C:/devkitPro/devkitARM/bin/../lib/gcc/arm-none-eabi/15.1.0/thumb/crtbegin.o
 .text.frame_dummy
                0x02001b20       0x24 C:/devkitPro/devkitARM/bin/../lib/gcc/arm-none-eabi/15.1.0/thumb/crtbegin.o
 .iplt          0x02001b44        0x0 C:/devkitPro/devkitARM/bin/../lib/gcc/arm-none-eabi/15.1.0/thumb/crtbegin.o
 .text._Z6AVARGBiiii
                0x02001b44       0x24 avdslib.o
                0x02001b44                AVARGB(int, int, int, int)
 .text._Z13AVinvertColort
                0x02001b68       0x10 avdslib.o
                0x02001b68                AVinvertColor(unsigned short)
 .text._Z9AVfillDMAPtiit
                0x02001b78       0x44 avdslib.o
                0x02001b78                AVfillDMA(unsigned short*, int, int, unsigned short)
 .text._Z15AVdrawRectanglePtiiiit
                0x02001bbc       0x3c avdslib.o
                0x02001bbc                AVdrawRectangle(unsigned short*, int, int, int, int, unsigned short)
 .text._Z18AVdrawRectangleDMAPtiiiit
                0x02001bf8       0x84 avdslib.o
                0x02001bf8                AVdrawRectangleDMA(unsigned short*, int, int, int, int, unsigned short)
 .text._Z21AVdrawRectangleHollowPtiiiit
                0x02001c7c       0x9c avdslib.o
                0x02001c7c                AVdrawRectangleHollow(unsigned short*, int, int, int, int, unsigned short)
 .text.bgInitSub.constprop.0.isra.0
                0x02001d18       0x1c main.o
 .text._Z9updatePaliPi
                0x02001d34      0x10c main.o
                0x02001d34                updatePal(int, int*)
 .text._Z15drawSurfaceMainiii
                0x02001e40       0xfc main.o
                0x02001e40                drawSurfaceMain(int, int, int)
 .text._Z17drawSurfaceBottomii
                0x02001f3c      0x148 main.o
                0x02001f3c                drawSurfaceBottom(int, int)
 .text._Z14clearTopBitmapv
                0x02002084       0xb8 main.o
                0x02002084                clearTopBitmap()
 .text._Z19getActionsFromTouchi
                0x0200213c       0x5c main.o
                0x0200213c                getActionsFromTouch(int)
 .text._Z12applyActionsi
                0x02002198       0x9c main.o
                0x02002198                applyActions(int)
 .text._Z9applyTooliib
                0x02002234      0x30c main.o
                0x02002234                applyTool(int, int, bool)
 .text._Z7initFPSv
                0x02002540       0x24 main.o
                0x02002540                initFPS()
 .text._Z9updateFPSv
                0x02002564       0x3c main.o
                0x02002564                updateFPS()
 .text.fatInitDefault
                0x020025a0       0x20 C:/devkitPro/libnds/lib\libfat.a(fat_wrappers.o)
                0x020025a0                fatInitDefault
 .text._dvmDiscCalicoDummy
                0x020025c0        0x4 C:/devkitPro/libnds/lib\libfat.a(dvm_calico.o)
 .text._dvmDiscCalicoWriteSectors
                0x020025c4        0x8 C:/devkitPro/libnds/lib\libfat.a(dvm_calico.o)
 .text._dvmDiscCalicoReadSectors
                0x020025cc        0x8 C:/devkitPro/libnds/lib\libfat.a(dvm_calico.o)
 .text._dvmIsAlignedAccess
                0x020025d4       0x30 C:/devkitPro/libnds/lib\libfat.a(dvm_calico.o)
                0x020025d4                _dvmIsAlignedAccess
 .text._dvmCacheCopy
                0x02002604       0x14 C:/devkitPro/libnds/lib\libfat.a(dvm_calico.o)
                0x02002604                _dvmCacheCopy
 .text.dvmInit  0x02002618      0x268 C:/devkitPro/libnds/lib\libfat.a(dvm_calico.o)
                0x02002618                dvmInit
 .text.dvmDiscAddUser
                0x02002880       0x10 C:/devkitPro/libnds/lib\libfat.a(dvm_disc.o)
                0x02002880                dvmDiscAddUser
 .text.dvmDiscRemoveUser
                0x02002890       0x28 C:/devkitPro/libnds/lib\libfat.a(dvm_disc.o)
                0x02002890                dvmDiscRemoveUser
 .text._dvmDiscCacheReadWrite
                0x020028b8      0x3ec C:/devkitPro/libnds/lib\libfat.a(dvm_cache.o)
 .text._dvmDiscCacheWriteSectors
                0x02002ca4       0x58 C:/devkitPro/libnds/lib\libfat.a(dvm_cache.o)
 .text._dvmDiscCacheReadSectors
                0x02002cfc       0x58 C:/devkitPro/libnds/lib\libfat.a(dvm_cache.o)
 .text._dvmDiscCacheFlush
                0x02002d54       0xac C:/devkitPro/libnds/lib\libfat.a(dvm_cache.o)
 .text._dvmDiscCacheDestroy
                0x02002e00       0x28 C:/devkitPro/libnds/lib\libfat.a(dvm_cache.o)
 .text.dvmDiscCacheCreate
                0x02002e28      0x1a0 C:/devkitPro/libnds/lib\libfat.a(dvm_cache.o)
                0x02002e28                dvmDiscCacheCreate
 .text.dvmMountVolume
                0x02002fc8      0x188 C:/devkitPro/libnds/lib\libfat.a(dvm_volume.o)
                0x02002fc8                dvmMountVolume
 .text._dvmSetAppWorkingDir
                0x02003150       0x74 C:/devkitPro/libnds/lib\libfat.a(dvm_volume.o)
                0x02003150                _dvmSetAppWorkingDir
 .text._dvmIdentMbrVbr
                0x020031c4      0x1d8 C:/devkitPro/libnds/lib\libfat.a(dvm_prober.o)
 .text._dvmReadPartitionTable
                0x0200339c      0x204 C:/devkitPro/libnds/lib\libfat.a(dvm_prober.o)
 .text.dvmProbeMountDisc
                0x020035a0       0xf0 C:/devkitPro/libnds/lib\libfat.a(dvm_prober.o)
                0x020035a0                dvmProbeMountDisc
 .text._FAT_fstat_r
                0x02003690       0xac C:/devkitPro/libnds/lib\libfat.a(fat_driver.o)
 .text._FAT_umount
                0x0200373c       0x1c C:/devkitPro/libnds/lib\libfat.a(fat_driver.o)
 .text._FAT_mount
                0x02003758       0x44 C:/devkitPro/libnds/lib\libfat.a(fat_driver.o)
 .text._FAT_seek_r
                0x0200379c      0x13c C:/devkitPro/libnds/lib\libfat.a(fat_driver.o)
 .text._FAT_set_stat.isra.0
                0x020038d8      0x10c C:/devkitPro/libnds/lib\libfat.a(fat_driver.o)
 .text._FAT_mkdir_r
                0x020039e4       0x64 C:/devkitPro/libnds/lib\libfat.a(fat_driver.o)
 .text._FAT_chdir_r
                0x02003a48       0x64 C:/devkitPro/libnds/lib\libfat.a(fat_driver.o)
 .text._FAT_unlink_r
                0x02003aac       0x70 C:/devkitPro/libnds/lib\libfat.a(fat_driver.o)
 .text._FAT_rmdir_r
                0x02003b1c       0x6c C:/devkitPro/libnds/lib\libfat.a(fat_driver.o)
 .text._FAT_diropen_r
                0x02003b88       0x7c C:/devkitPro/libnds/lib\libfat.a(fat_driver.o)
 .text._FAT_fsync_r
                0x02003c04       0x64 C:/devkitPro/libnds/lib\libfat.a(fat_driver.o)
 .text._FAT_close_r
                0x02003c68       0x64 C:/devkitPro/libnds/lib\libfat.a(fat_driver.o)
 .text._FAT_dirclose_r
                0x02003ccc       0x64 C:/devkitPro/libnds/lib\libfat.a(fat_driver.o)
 .text._FAT_dirreset_r
                0x02003d30       0x6c C:/devkitPro/libnds/lib\libfat.a(fat_driver.o)
 .text._FAT_rename_r
                0x02003d9c       0x80 C:/devkitPro/libnds/lib\libfat.a(fat_driver.o)
 .text._FAT_stat_r
                0x02003e1c       0x98 C:/devkitPro/libnds/lib\libfat.a(fat_driver.o)
 .text._FAT_read_r
                0x02003eb4       0x7c C:/devkitPro/libnds/lib\libfat.a(fat_driver.o)
 .text._FAT_write_r
                0x02003f30       0x7c C:/devkitPro/libnds/lib\libfat.a(fat_driver.o)
 .text._FAT_statvfs_r
                0x02003fac       0xf0 C:/devkitPro/libnds/lib\libfat.a(fat_driver.o)
 .text._FAT_ftruncate_r
                0x0200409c      0x190 C:/devkitPro/libnds/lib\libfat.a(fat_driver.o)
 .text._FAT_dirnext_r
                0x0200422c      0x124 C:/devkitPro/libnds/lib\libfat.a(fat_driver.o)
 .text._FAT_open_r
                0x02004350      0x124 C:/devkitPro/libnds/lib\libfat.a(fat_driver.o)
 .text.get_fattime
                0x02004474       0x64 C:/devkitPro/libnds/lib\libfat.a(fat_driver.o)
                0x02004474                get_fattime
 .text.ff_mutex_create
                0x020044d8       0x18 C:/devkitPro/libnds/lib\libfat.a(fat_driver.o)
                0x020044d8                ff_mutex_create
 .text.ff_mutex_delete
                0x020044f0        0x4 C:/devkitPro/libnds/lib\libfat.a(fat_driver.o)
                0x020044f0                ff_mutex_delete
 .text.ff_mutex_take
                0x020044f4       0x14 C:/devkitPro/libnds/lib\libfat.a(fat_driver.o)
                0x020044f4                ff_mutex_take
 .text.ff_mutex_give
                0x02004508        0x8 C:/devkitPro/libnds/lib\libfat.a(fat_driver.o)
                0x02004508                ff_mutex_give
 .text.disk_initialize
                0x02004510       0x24 C:/devkitPro/libnds/lib\libfat.a(fat_driver.o)
                0x02004510                disk_initialize
 .text.disk_status
                0x02004534       0x24 C:/devkitPro/libnds/lib\libfat.a(fat_driver.o)
                0x02004534                disk_status
 .text.disk_read
                0x02004558       0x2c C:/devkitPro/libnds/lib\libfat.a(fat_driver.o)
                0x02004558                disk_read
 .text.disk_write
                0x02004584       0x2c C:/devkitPro/libnds/lib\libfat.a(fat_driver.o)
                0x02004584                disk_write
 .text.disk_ioctl
                0x020045b0       0x38 C:/devkitPro/libnds/lib\libfat.a(fat_driver.o)
                0x020045b0                disk_ioctl
 .text.tchar2uni
                0x020045e8       0xfc C:/devkitPro/libnds/lib\libfat.a(ff.o)
 .text.sync_window
                0x020046e4       0x90 C:/devkitPro/libnds/lib\libfat.a(ff.o)
 .text.put_utf  0x02004774      0x130 C:/devkitPro/libnds/lib\libfat.a(ff.o)
 .text.dir_clear
                0x020048a4       0x9c C:/devkitPro/libnds/lib\libfat.a(ff.o)
 .text.get_fileinfo
                0x02004940      0x28c C:/devkitPro/libnds/lib\libfat.a(ff.o)
 .text.sync_fs  0x02004bcc      0x180 C:/devkitPro/libnds/lib\libfat.a(ff.o)
 .text.move_window
                0x02004d4c       0xc4 C:/devkitPro/libnds/lib\libfat.a(ff.o)
 .text.put_fat.part.0
                0x02004e10      0x1dc C:/devkitPro/libnds/lib\libfat.a(ff.o)
 .text.get_fat.isra.0
                0x02004fec      0x160 C:/devkitPro/libnds/lib\libfat.a(ff.o)
 .text.remove_chain
                0x0200514c       0xf4 C:/devkitPro/libnds/lib\libfat.a(ff.o)
 .text.create_chain
                0x02005240      0x21c C:/devkitPro/libnds/lib\libfat.a(ff.o)
 .text.dir_next
                0x0200545c      0x170 C:/devkitPro/libnds/lib\libfat.a(ff.o)
 .text.dir_read
                0x020055cc      0x248 C:/devkitPro/libnds/lib\libfat.a(ff.o)
 .text.dir_sdi  0x02005814      0x128 C:/devkitPro/libnds/lib\libfat.a(ff.o)
 .text.dir_alloc
                0x0200593c       0xcc C:/devkitPro/libnds/lib\libfat.a(ff.o)
 .text.dir_remove
                0x02005a08       0xc4 C:/devkitPro/libnds/lib\libfat.a(ff.o)
 .text.dir_find
                0x02005acc      0x2f8 C:/devkitPro/libnds/lib\libfat.a(ff.o)
 .text.follow_path
                0x02005dc4      0x588 C:/devkitPro/libnds/lib\libfat.a(ff.o)
 .text.dir_register
                0x0200634c      0x3f0 C:/devkitPro/libnds/lib\libfat.a(ff.o)
 .text.check_fs
                0x0200673c      0x1ec C:/devkitPro/libnds/lib\libfat.a(ff.o)
 .text.mount_volume.part.0
                0x02006928      0x504 C:/devkitPro/libnds/lib\libfat.a(ff.o)
 .text.validate
                0x02006e2c       0xbc C:/devkitPro/libnds/lib\libfat.a(ff.o)
 .text.f_mount  0x02006ee8       0x6c C:/devkitPro/libnds/lib\libfat.a(ff.o)
                0x02006ee8                f_mount
 .text.f_umount
                0x02006f54       0x38 C:/devkitPro/libnds/lib\libfat.a(ff.o)
                0x02006f54                f_umount
 .text.f_open   0x02006f8c      0x400 C:/devkitPro/libnds/lib\libfat.a(ff.o)
                0x02006f8c                f_open
 .text.f_read   0x0200738c      0x2a4 C:/devkitPro/libnds/lib\libfat.a(ff.o)
                0x0200738c                f_read
 .text.f_write  0x02007630      0x350 C:/devkitPro/libnds/lib\libfat.a(ff.o)
                0x02007630                f_write
 .text.f_sync   0x02007980      0x1a0 C:/devkitPro/libnds/lib\libfat.a(ff.o)
                0x02007980                f_sync
 .text.f_close  0x02007b20       0x58 C:/devkitPro/libnds/lib\libfat.a(ff.o)
                0x02007b20                f_close
 .text.f_chdir  0x02007b78       0xf0 C:/devkitPro/libnds/lib\libfat.a(ff.o)
                0x02007b78                f_chdir
 .text.f_lseek  0x02007c68      0x298 C:/devkitPro/libnds/lib\libfat.a(ff.o)
                0x02007c68                f_lseek
 .text.f_opendir
                0x02007f00      0x12c C:/devkitPro/libnds/lib\libfat.a(ff.o)
                0x02007f00                f_opendir
 .text.f_closedir
                0x0200802c       0xb0 C:/devkitPro/libnds/lib\libfat.a(ff.o)
                0x0200802c                f_closedir
 .text.f_readdir
                0x020080dc       0xd0 C:/devkitPro/libnds/lib\libfat.a(ff.o)
                0x020080dc                f_readdir
 .text.f_stat   0x020081ac      0x104 C:/devkitPro/libnds/lib\libfat.a(ff.o)
                0x020081ac                f_stat
 .text.f_getfree
                0x020082b0      0x184 C:/devkitPro/libnds/lib\libfat.a(ff.o)
                0x020082b0                f_getfree
 .text.f_truncate
                0x02008434      0x228 C:/devkitPro/libnds/lib\libfat.a(ff.o)
                0x02008434                f_truncate
 .text.f_unlink
                0x0200865c      0x1a4 C:/devkitPro/libnds/lib\libfat.a(ff.o)
                0x0200865c                f_unlink
 .text.f_mkdir  0x02008800      0x294 C:/devkitPro/libnds/lib\libfat.a(ff.o)
                0x02008800                f_mkdir
 .text.f_rename
                0x02008a94      0x248 C:/devkitPro/libnds/lib\libfat.a(ff.o)
                0x02008a94                f_rename
 .text.ff_uni2oem
                0x02008cdc       0x78 C:/devkitPro/libnds/lib\libfat.a(ffunicode.o)
                0x02008cdc                ff_uni2oem
 .text.ff_oem2uni
                0x02008d54       0x40 C:/devkitPro/libnds/lib\libfat.a(ffunicode.o)
                0x02008d54                ff_oem2uni
 .text.ff_wtoupper
                0x02008d94      0x128 C:/devkitPro/libnds/lib\libfat.a(ffunicode.o)
                0x02008d94                ff_wtoupper
 .text.checkIfText
                0x02008ebc       0x6c C:/devkitPro/libnds/lib\libnds9.a(background.o)
                0x02008ebc                checkIfText
 .text.bgUpdate
                0x02008f28       0xe8 C:/devkitPro/libnds/lib\libnds9.a(background.o)
                0x02008f28                bgUpdate
 .text.bgInit_call
                0x02009010       0xa8 C:/devkitPro/libnds/lib\libnds9.a(background.o)
                0x02009010                bgInit_call
 .text.bgInitSub_call
                0x020090b8       0xb0 C:/devkitPro/libnds/lib\libnds9.a(background.o)
                0x020090b8                bgInitSub_call
 .text.newRow   0x02009168       0xe0 C:/devkitPro/libnds/lib\libnds9.a(console.o)
 .text.consolePrintChar
                0x02009248       0xe0 C:/devkitPro/libnds/lib\libnds9.a(console.o)
                0x02009248                consolePrintChar
 .text.con_write
                0x02009328      0x344 C:/devkitPro/libnds/lib\libnds9.a(console.o)
                0x02009328                con_write
 .text.consoleLoadFont
                0x0200966c      0x2e8 C:/devkitPro/libnds/lib\libnds9.a(console.o)
                0x0200966c                consoleLoadFont
 .text.consoleInit
                0x02009954      0x170 C:/devkitPro/libnds/lib\libnds9.a(console.o)
                0x02009954                consoleInit
 .text.consoleDemoInit
                0x02009ac4       0x40 C:/devkitPro/libnds/lib\libnds9.a(console.o)
                0x02009ac4                consoleDemoInit
 .text.getHeader
                0x02009b04        0x4 C:/devkitPro/libnds/lib\libnds9.a(decompress.o)
 .text.readByte
                0x02009b08        0x4 C:/devkitPro/libnds/lib\libnds9.a(decompress.o)
 .text.decompress
                0x02009b0c       0x40 C:/devkitPro/libnds/lib\libnds9.a(decompress.o)
                0x02009b0c                decompress
 .text.scanKeys
                0x02009b4c       0x6c C:/devkitPro/libnds/lib\libnds9.a(keys.o)
                0x02009b4c                scanKeys
 .text.keysHeld
                0x02009bb8        0xc C:/devkitPro/libnds/lib\libnds9.a(keys.o)
                0x02009bb8                keysHeld
 .text.keysDown
                0x02009bc4       0x10 C:/devkitPro/libnds/lib\libnds9.a(keys.o)
                0x02009bc4                keysDown
 .text.oamInit  0x02009bd4      0x138 C:/devkitPro/libnds/lib\libnds9.a(sprite.o)
                0x02009bd4                oamInit
 .text.oamClear
                0x02009d0c       0x24 C:/devkitPro/libnds/lib\libnds9.a(sprite.o)
                0x02009d0c                oamClear
 .text.sinLutLookup
                0x02009d30       0x4c C:/devkitPro/libnds/lib\libnds9.a(trig.o)
                0x02009d30                sinLutLookup
 .text.sinLerp  0x02009d7c       0x38 C:/devkitPro/libnds/lib\libnds9.a(trig.o)
                0x02009d7c                sinLerp
 .text.cosLerp  0x02009db4       0x44 C:/devkitPro/libnds/lib\libnds9.a(trig.o)
                0x02009db4                cosLerp
 .text.oamAllocReset
                0x02009df8       0x1c C:/devkitPro/libnds/lib\libnds9.a(sprite_alloc.o)
                0x02009df8                oamAllocReset
 .text.threadExit
                0x02009e14       0x9c C:/devkitPro/calico/lib\libcalico_ds9.a(thread_cold.o)
                0x02009e14                threadExit
 .text._threadTickTask
                0x02009eb0       0x10 C:/devkitPro/calico/lib\libcalico_ds9.a(thread_cold.o)
 .text._threadInit
                0x02009ec0       0x98 C:/devkitPro/calico/lib\libcalico_ds9.a(thread_cold.o)
                0x02009ec0                _threadInit
 .text.threadPrepare
                0x02009f58       0xa4 C:/devkitPro/calico/lib\libcalico_ds9.a(thread_cold.o)
                0x02009f58                threadPrepare
 .text.threadStart
                0x02009ffc       0xc8 C:/devkitPro/calico/lib\libcalico_ds9.a(thread_cold.o)
                0x02009ffc                threadStart
 .text.threadIrqWait
                0x0200a0c4       0xa0 C:/devkitPro/calico/lib\libcalico_ds9.a(thread_cold.o)
                0x0200a0c4                threadIrqWait
 .text.threadSleepTicks
                0x0200a164       0x58 C:/devkitPro/calico/lib\libcalico_ds9.a(thread_cold.o)
                0x0200a164                threadSleepTicks
 .text.__syscall_getreent
                0x0200a1bc       0x14 C:/devkitPro/calico/lib\libcalico_ds9.a(newlib_syscalls.o)
                0x0200a1bc                __syscall_getreent
 .text.__errno  0x0200a1d0       0x24 C:/devkitPro/calico/lib\libcalico_ds9.a(newlib_syscalls.o)
                0x0200a1d0                __errno
 .text.__syscall_gettod_r
                0x0200a1f4       0x30 C:/devkitPro/calico/lib\libcalico_ds9.a(newlib_syscalls.o)
                0x0200a1f4                __syscall_gettod_r
 .text.__syscall_lock_acquire
                0x0200a224        0x4 C:/devkitPro/calico/lib\libcalico_ds9.a(newlib_syscalls.o)
                0x0200a224                __syscall_lock_acquire
 .text.__syscall_lock_release
                0x0200a228        0x4 C:/devkitPro/calico/lib\libcalico_ds9.a(newlib_syscalls.o)
                0x0200a228                __syscall_lock_release
 .text.__syscall_lock_acquire_recursive
                0x0200a22c       0x4c C:/devkitPro/calico/lib\libcalico_ds9.a(newlib_syscalls.o)
                0x0200a22c                __syscall_lock_acquire_recursive
 .text.__syscall_lock_release_recursive
                0x0200a278       0x18 C:/devkitPro/calico/lib\libcalico_ds9.a(newlib_syscalls.o)
                0x0200a278                __syscall_lock_release_recursive
 .text.svcLZ77UncompWram
                0x0200a290        0x4 C:/devkitPro/calico/lib\libcalico_ds9.a(bios.o)
                0x0200a290                svcLZ77UncompWram
 .text.svcHuffUncompCallback
                0x0200a294        0x4 C:/devkitPro/calico/lib\libcalico_ds9.a(bios.o)
                0x0200a294                svcHuffUncompCallback
 .text.svcRLUncompWram
                0x0200a298        0x4 C:/devkitPro/calico/lib\libcalico_ds9.a(bios.o)
                0x0200a298                svcRLUncompWram
 .text.svcRLUncompVramCallback
                0x0200a29c        0x4 C:/devkitPro/calico/lib\libcalico_ds9.a(bios.o)
                0x0200a29c                svcRLUncompVramCallback
 .text.svcLZ77UncompVramCallback
                0x0200a2a0       0x18 C:/devkitPro/calico/lib\libcalico_ds9.a(bios.o)
                0x0200a2a0                svcLZ77UncompVramCallback
 .text._pxiMailboxHandler
                0x0200a2b8        0x4 C:/devkitPro/calico/lib\libcalico_ds9.a(pxi.o)
 .text._pxiRecvUnhandled
                0x0200a2bc        0x4 C:/devkitPro/calico/lib\libcalico_ds9.a(pxi.o)
                0x0200a2bc                _pxiRecvUnhandled
 .text._pxiRecvIrqHandler
                0x0200a2c0      0x154 C:/devkitPro/calico/lib\libcalico_ds9.a(pxi.o)
 .text._pxiInit
                0x0200a414       0x58 C:/devkitPro/calico/lib\libcalico_ds9.a(pxi.o)
                0x0200a414                _pxiInit
 .text.pxiSetHandler
                0x0200a46c       0x74 C:/devkitPro/calico/lib\libcalico_ds9.a(pxi.o)
                0x0200a46c                pxiSetHandler
 .text.pxiSetMailbox
                0x0200a4e0       0x68 C:/devkitPro/calico/lib\libcalico_ds9.a(pxi.o)
                0x0200a4e0                pxiSetMailbox
 .text.pxiWaitRemote
                0x0200a548       0x38 C:/devkitPro/calico/lib\libcalico_ds9.a(pxi.o)
                0x0200a548                pxiWaitRemote
 .text.pxiSendPacket
                0x0200a580       0x50 C:/devkitPro/calico/lib\libcalico_ds9.a(pxi.o)
                0x0200a580                pxiSendPacket
 .text.pxiSendExtPacket
                0x0200a5d0       0x98 C:/devkitPro/calico/lib\libcalico_ds9.a(pxi.o)
                0x0200a5d0                pxiSendExtPacket
 .text.pxiBeginReceive
                0x0200a668       0x2c C:/devkitPro/calico/lib\libcalico_ds9.a(pxi.o)
                0x0200a668                pxiBeginReceive
 .text.pxiEndReceive
                0x0200a694       0xac C:/devkitPro/calico/lib\libcalico_ds9.a(pxi.o)
                0x0200a694                pxiEndReceive
 .text.keypadGetState
                0x0200a740       0x28 C:/devkitPro/calico/lib\libcalico_ds9.a(keypad.o)
                0x0200a740                keypadGetState
 .text._pmCallEventHandlers
                0x0200a768       0x40 C:/devkitPro/calico/lib\libcalico_ds9.a(pm.o)
 .text._pmPxiThreadMain
                0x0200a7a8       0xa0 C:/devkitPro/calico/lib\libcalico_ds9.a(pm.o)
 .text._pmResetPxiHandler
                0x0200a848       0x28 C:/devkitPro/calico/lib\libcalico_ds9.a(pm.o)
 .text.systemUserExit
                0x0200a870        0x4 C:/devkitPro/calico/lib\libcalico_ds9.a(pm.o)
                0x0200a870                systemUserExit
 .text.systemErrorExit
                0x0200a874        0x4 C:/devkitPro/calico/lib\libcalico_ds9.a(pm.o)
                0x0200a874                systemErrorExit
 .text.__syscall_exit
                0x0200a878      0x138 C:/devkitPro/calico/lib\libcalico_ds9.a(pm.o)
                0x0200a878                __syscall_exit
 .text.pmInit   0x0200a9b0       0x58 C:/devkitPro/calico/lib\libcalico_ds9.a(pm.o)
                0x0200a9b0                pmInit
 .text.pmEnterSleep
                0x0200aa08       0xcc C:/devkitPro/calico/lib\libcalico_ds9.a(pm.o)
                0x0200aa08                pmEnterSleep
 .text.pmMainLoop
                0x0200aad4       0x74 C:/devkitPro/calico/lib\libcalico_ds9.a(pm.o)
                0x0200aad4                pmMainLoop
 .text.systemUserStartup
                0x0200ab48        0x4 C:/devkitPro/calico/lib\libcalico_ds9.a(sys_startup.o)
                0x0200ab48                systemUserStartup
 .text.systemStartup
                0x0200ab4c      0x104 C:/devkitPro/calico/lib\libcalico_ds9.a(sys_startup.o)
                0x0200ab4c                systemStartup
 .text.touchRead
                0x0200ac50       0x58 C:/devkitPro/calico/lib\libcalico_ds9.a(touch.o)
                0x0200ac50                touchRead
 .text._blkDevReadWriteSectors
                0x0200aca8       0x44 C:/devkitPro/calico/lib\libcalico_ds9.a(blk.o)
 .text.blkInit  0x0200acec        0x8 C:/devkitPro/calico/lib\libcalico_ds9.a(blk.o)
                0x0200acec                blkInit
 .text.blkDevIsPresent
                0x0200acf4       0x30 C:/devkitPro/calico/lib\libcalico_ds9.a(blk.o)
                0x0200acf4                blkDevIsPresent
 .text.blkDevInit
                0x0200ad24       0x30 C:/devkitPro/calico/lib\libcalico_ds9.a(blk.o)
                0x0200ad24                blkDevInit
 .text.blkDevGetSectorCount
                0x0200ad54       0x34 C:/devkitPro/calico/lib\libcalico_ds9.a(blk.o)
                0x0200ad54                blkDevGetSectorCount
 .text.blkDevReadSectors
                0x0200ad88       0x5c C:/devkitPro/calico/lib\libcalico_ds9.a(blk.o)
                0x0200ad88                blkDevReadSectors
 .text.blkDevWriteSectors
                0x0200ade4       0x5c C:/devkitPro/calico/lib\libcalico_ds9.a(blk.o)
                0x0200ade4                blkDevWriteSectors
 .text.irqSet   0x0200ae40       0x64 C:/devkitPro/calico/lib\libcalico_ds9.a(irq.o)
                0x0200ae40                irqSet
 .text._tickCountIsr
                0x0200aea4       0x1c C:/devkitPro/calico/lib\libcalico_ds9.a(tick.o)
 .text._tickTaskSchedule.part.0.isra.0
                0x0200aec0       0x84 C:/devkitPro/calico/lib\libcalico_ds9.a(tick.o)
 .text.tickInit
                0x0200af44       0xa0 C:/devkitPro/calico/lib\libcalico_ds9.a(tick.o)
                0x0200af44                tickInit
 .text.tickGetCount
                0x0200afe4       0x5c C:/devkitPro/calico/lib\libcalico_ds9.a(tick.o)
                0x0200afe4                tickGetCount
 .text._tickTaskIsr
                0x0200b040      0x110 C:/devkitPro/calico/lib\libcalico_ds9.a(tick.o)
 .text.tickTaskStart
                0x0200b150      0x144 C:/devkitPro/calico/lib\libcalico_ds9.a(tick.o)
                0x0200b150                tickTaskStart
 .text.threadUpdateDynamicPrio
                0x0200b294      0x1cc C:/devkitPro/calico/lib\libcalico_ds9.a(mutex.o)
 .text.threadRemoveWaiter
                0x0200b460      0x1c8 C:/devkitPro/calico/lib\libcalico_ds9.a(mutex.o)
 .text.mutexLock
                0x0200b628      0x150 C:/devkitPro/calico/lib\libcalico_ds9.a(mutex.o)
                0x0200b628                mutexLock
 .text.mutexUnlock
                0x0200b778       0xd0 C:/devkitPro/calico/lib\libcalico_ds9.a(mutex.o)
                0x0200b778                mutexUnlock
 .text.mailboxTrySend
                0x0200b848       0x98 C:/devkitPro/calico/lib\libcalico_ds9.a(mailbox.o)
                0x0200b848                mailboxTrySend
 .text.mailboxRecv
                0x0200b8e0       0x98 C:/devkitPro/calico/lib\libcalico_ds9.a(mailbox.o)
                0x0200b8e0                mailboxRecv
 .text          0x0200b978      0x11c C:/devkitPro/devkitARM/bin/../lib/gcc/arm-none-eabi/15.1.0/thumb\libgcc.a(_udivsi3.o)
                0x0200b978                __aeabi_uidiv
                0x0200b978                __udivsi3
                0x0200ba74                __aeabi_uidivmod
 .text          0x0200ba94      0x150 C:/devkitPro/devkitARM/bin/../lib/gcc/arm-none-eabi/15.1.0/thumb\libgcc.a(_divsi3.o)
                0x0200ba94                __divsi3
                0x0200ba94                __aeabi_idiv
                0x0200bbc4                __aeabi_idivmod
 .text          0x0200bbe4        0x4 C:/devkitPro/devkitARM/bin/../lib/gcc/arm-none-eabi/15.1.0/thumb\libgcc.a(_dvmd_tls.o)
                0x0200bbe4                __aeabi_idiv0
                0x0200bbe4                __aeabi_ldiv0
 .text          0x0200bbe8       0x3c C:/devkitPro/devkitARM/bin/../lib/gcc/arm-none-eabi/15.1.0/thumb\libgcc.a(_aeabi_uldivmod.o)
                0x0200bbe8                __aeabi_uldivmod
 .text.__udivmoddi4
                0x0200bc24      0x194 C:/devkitPro/devkitARM/bin/../lib/gcc/arm-none-eabi/15.1.0/thumb\libgcc.a(_udivmoddi4.o)
                0x0200bc24                __udivmoddi4
 .text          0x0200bdb8       0x28 C:/devkitPro/devkitARM/bin/../lib/gcc/arm-none-eabi/15.1.0/thumb\libgcc.a(_clzdi2.o)
                0x0200bdb8                __clzdi2
 .text          0x0200bde0       0x48 C:/devkitPro/devkitARM/bin/../lib/gcc/arm-none-eabi/15.1.0/thumb\libgcc.a(_clzsi2.o)
                0x0200bde0                __clzsi2
 .text.strchr   0x0200be28       0xbc C:/devkitPro/devkitARM/bin/../lib/gcc/arm-none-eabi/15.1.0/../../../../arm-none-eabi/lib/thumb\libg.a(libc_a-strchr.o)
                0x0200be28                strchr
 .text._fclose_r
                0x0200bee4       0xdc C:/devkitPro/devkitARM/bin/../lib/gcc/arm-none-eabi/15.1.0/../../../../arm-none-eabi/lib/thumb\libg.a(libc_a-fclose.o)
                0x0200bee4                _fclose_r
 .text.memcmp   0x0200bfc0       0x48 C:/devkitPro/devkitARM/bin/../lib/gcc/arm-none-eabi/15.1.0/../../../../arm-none-eabi/lib/thumb\libg.a(libc_a-memcmp.o)
                0x0200bfc0                memcmp
 .text.stdio_exit_handler
                0x0200c008       0x20 C:/devkitPro/devkitARM/bin/../lib/gcc/arm-none-eabi/15.1.0/../../../../arm-none-eabi/lib/thumb\libg.a(libc_a-findfp.o)
 .text.cleanup_stdio
                0x0200c028       0x40 C:/devkitPro/devkitARM/bin/../lib/gcc/arm-none-eabi/15.1.0/../../../../arm-none-eabi/lib/thumb\libg.a(libc_a-findfp.o)
 .text.global_stdio_init.part.0
                0x0200c068      0x120 C:/devkitPro/devkitARM/bin/../lib/gcc/arm-none-eabi/15.1.0/../../../../arm-none-eabi/lib/thumb\libg.a(libc_a-findfp.o)
 .text.__sinit  0x0200c188       0x3c C:/devkitPro/devkitARM/bin/../lib/gcc/arm-none-eabi/15.1.0/../../../../arm-none-eabi/lib/thumb\libg.a(libc_a-findfp.o)
                0x0200c188                __sinit
 .text.__sfp_lock_acquire
                0x0200c1c4       0x14 C:/devkitPro/devkitARM/bin/../lib/gcc/arm-none-eabi/15.1.0/../../../../arm-none-eabi/lib/thumb\libg.a(libc_a-findfp.o)
                0x0200c1c4                __sfp_lock_acquire
 .text.__sfp_lock_release
                0x0200c1d8       0x14 C:/devkitPro/devkitARM/bin/../lib/gcc/arm-none-eabi/15.1.0/../../../../arm-none-eabi/lib/thumb\libg.a(libc_a-findfp.o)
                0x0200c1d8                __sfp_lock_release
 .text.__libc_init_array
                0x0200c1ec       0x54 C:/devkitPro/devkitARM/bin/../lib/gcc/arm-none-eabi/15.1.0/../../../../arm-none-eabi/lib/thumb\libg.a(libc_a-init.o)
                0x0200c1ec                __libc_init_array
 .text._fwalk_sglue
                0x0200c240       0x4c C:/devkitPro/devkitARM/bin/../lib/gcc/arm-none-eabi/15.1.0/../../../../arm-none-eabi/lib/thumb\libg.a(libc_a-fwalk.o)
                0x0200c240                _fwalk_sglue
 .text.calloc   0x0200c28c       0x18 C:/devkitPro/devkitARM/bin/../lib/gcc/arm-none-eabi/15.1.0/../../../../arm-none-eabi/lib/thumb\libg.a(libc_a-calloc.o)
                0x0200c28c                calloc
 .text.siscanf  0x0200c2a4       0x50 C:/devkitPro/devkitARM/bin/../lib/gcc/arm-none-eabi/15.1.0/../../../../arm-none-eabi/lib/thumb\libg.a(libc_a-siscanf.o)
                0x0200c2a4                siscanf
 .text.strrchr  0x0200c2f4       0x30 C:/devkitPro/devkitARM/bin/../lib/gcc/arm-none-eabi/15.1.0/../../../../arm-none-eabi/lib/thumb\libg.a(libc_a-strrchr.o)
                0x0200c2f4                strrchr
 .text.aligned_alloc
                0x0200c324       0x18 C:/devkitPro/devkitARM/bin/../lib/gcc/arm-none-eabi/15.1.0/../../../../arm-none-eabi/lib/thumb\libg.a(libc_a-aligned_alloc.o)
                0x0200c324                aligned_alloc
 .text._calloc_r
                0x0200c33c       0xcc C:/devkitPro/devkitARM/bin/../lib/gcc/arm-none-eabi/15.1.0/../../../../arm-none-eabi/lib/thumb\libg.a(libc_a-callocr.o)
                0x0200c33c                _calloc_r
 .text.realloc  0x0200c408       0x18 C:/devkitPro/devkitARM/bin/../lib/gcc/arm-none-eabi/15.1.0/../../../../arm-none-eabi/lib/thumb\libg.a(libc_a-realloc.o)
                0x0200c408                realloc
 .text.validate_structure
                0x0200c420      0x1e8 C:/devkitPro/devkitARM/bin/../lib/gcc/arm-none-eabi/15.1.0/../../../../arm-none-eabi/lib/thumb\libg.a(libc_a-mktime.o)
 .text.mktime   0x0200c608      0x434 C:/devkitPro/devkitARM/bin/../lib/gcc/arm-none-eabi/15.1.0/../../../../arm-none-eabi/lib/thumb\libg.a(libc_a-mktime.o)
                0x0200c608                mktime
 .text.__tz_lock
                0x0200ca3c       0x14 C:/devkitPro/devkitARM/bin/../lib/gcc/arm-none-eabi/15.1.0/../../../../arm-none-eabi/lib/thumb\libg.a(libc_a-tzlock.o)
                0x0200ca3c                __tz_lock
 .text.__tz_unlock
                0x0200ca50       0x14 C:/devkitPro/devkitARM/bin/../lib/gcc/arm-none-eabi/15.1.0/../../../../arm-none-eabi/lib/thumb\libg.a(libc_a-tzlock.o)
                0x0200ca50                __tz_unlock
 .text._malloc_r
                0x0200ca64      0x550 C:/devkitPro/devkitARM/bin/../lib/gcc/arm-none-eabi/15.1.0/../../../../arm-none-eabi/lib/thumb\libg.a(libc_a-mallocr.o)
                0x0200ca64                _malloc_r
 .text._malloc_trim_r
                0x0200cfb4       0xac C:/devkitPro/devkitARM/bin/../lib/gcc/arm-none-eabi/15.1.0/../../../../arm-none-eabi/lib/thumb\libg.a(libc_a-freer.o)
                0x0200cfb4                _malloc_trim_r
 .text._free_r  0x0200d060      0x1d8 C:/devkitPro/devkitARM/bin/../lib/gcc/arm-none-eabi/15.1.0/../../../../arm-none-eabi/lib/thumb\libg.a(libc_a-freer.o)
                0x0200d060                _free_r
 .text.strnlen  0x0200d238       0x20 C:/devkitPro/devkitARM/bin/../lib/gcc/arm-none-eabi/15.1.0/../../../../arm-none-eabi/lib/thumb\libg.a(libc_a-strnlen.o)
                0x0200d238                strnlen
 .text.malloc   0x0200d258       0x28 C:/devkitPro/devkitARM/bin/../lib/gcc/arm-none-eabi/15.1.0/../../../../arm-none-eabi/lib/thumb\libg.a(libc_a-malloc.o)
                0x0200d258                malloc
 .text.free     0x0200d280       0x14 C:/devkitPro/devkitARM/bin/../lib/gcc/arm-none-eabi/15.1.0/../../../../arm-none-eabi/lib/thumb\libg.a(libc_a-malloc.o)
                0x0200d280                free
 .text.__sflush_r
                0x0200d294      0x180 C:/devkitPro/devkitARM/bin/../lib/gcc/arm-none-eabi/15.1.0/../../../../arm-none-eabi/lib/thumb\libg.a(libc_a-fflush.o)
                0x0200d294                __sflush_r
 .text._fflush_r
                0x0200d414       0x70 C:/devkitPro/devkitARM/bin/../lib/gcc/arm-none-eabi/15.1.0/../../../../arm-none-eabi/lib/thumb\libg.a(libc_a-fflush.o)
                0x0200d414                _fflush_r
 .text.time     0x0200d484       0x38 C:/devkitPro/devkitARM/bin/../lib/gcc/arm-none-eabi/15.1.0/../../../../arm-none-eabi/lib/thumb\libg.a(libc_a-time.o)
                0x0200d484                time
 .text.memset   0x0200d4bc       0x8c C:/devkitPro/devkitARM/bin/../lib/gcc/arm-none-eabi/15.1.0/../../../../arm-none-eabi/lib/thumb\libg.a(libc_a-memset.o)
                0x0200d4bc                memset
 .text._realloc_r
                0x0200d548      0x344 C:/devkitPro/devkitARM/bin/../lib/gcc/arm-none-eabi/15.1.0/../../../../arm-none-eabi/lib/thumb\libg.a(libc_a-reallocr.o)
                0x0200d548                _realloc_r
 .text.localtime_r
                0x0200d88c      0x228 C:/devkitPro/devkitARM/bin/../lib/gcc/arm-none-eabi/15.1.0/../../../../arm-none-eabi/lib/thumb\libg.a(libc_a-lcltime_r.o)
                0x0200d88c                localtime_r
 .text.__malloc_lock
                0x0200dab4       0x14 C:/devkitPro/devkitARM/bin/../lib/gcc/arm-none-eabi/15.1.0/../../../../arm-none-eabi/lib/thumb\libg.a(libc_a-mlock.o)
                0x0200dab4                __malloc_lock
 .text.__malloc_unlock
                0x0200dac8       0x14 C:/devkitPro/devkitARM/bin/../lib/gcc/arm-none-eabi/15.1.0/../../../../arm-none-eabi/lib/thumb\libg.a(libc_a-mlock.o)
                0x0200dac8                __malloc_unlock
 .text.__tzcalc_limits
                0x0200dadc      0x1ac C:/devkitPro/devkitARM/bin/../lib/gcc/arm-none-eabi/15.1.0/../../../../arm-none-eabi/lib/thumb\libg.a(libc_a-tzcalc_limits.o)
                0x0200dadc                __tzcalc_limits
 .text          0x0200dc88      0x224 C:/devkitPro/devkitARM/bin/../lib/gcc/arm-none-eabi/15.1.0/../../../../arm-none-eabi/lib/thumb\libg.a(libc_a-strcmp.o)
                0x0200dc88                strcmp
 .text.__call_exitprocs
                0x0200deac        0xc C:/devkitPro/devkitARM/bin/../lib/gcc/arm-none-eabi/15.1.0/../../../../arm-none-eabi/lib/thumb\libg.a(libc_a-exit.o)
                0x0200deac                __call_exitprocs
 .text.setvbuf  0x0200deb8      0x1ac C:/devkitPro/devkitARM/bin/../lib/gcc/arm-none-eabi/15.1.0/../../../../arm-none-eabi/lib/thumb\libg.a(libc_a-setvbuf.o)
                0x0200deb8                setvbuf
 .text.memcpy   0x0200e064       0xb0 C:/devkitPro/devkitARM/bin/../lib/gcc/arm-none-eabi/15.1.0/../../../../arm-none-eabi/lib/thumb\libg.a(libc_a-memcpy-stub.o)
                0x0200e064                memcpy
 .text.iprintf  0x0200e114       0x28 C:/devkitPro/devkitARM/bin/../lib/gcc/arm-none-eabi/15.1.0/../../../../arm-none-eabi/lib/thumb\libg.a(libc_a-iprintf.o)
                0x0200e114                iprintf
 .text.__sfvwrite_r
                0x0200e13c      0x31c C:/devkitPro/devkitARM/bin/../lib/gcc/arm-none-eabi/15.1.0/../../../../arm-none-eabi/lib/thumb\libg.a(libc_a-fvwrite.o)
                0x0200e13c                __sfvwrite_r
 .text.__sread  0x0200e458       0x34 C:/devkitPro/devkitARM/bin/../lib/gcc/arm-none-eabi/15.1.0/../../../../arm-none-eabi/lib/thumb\libg.a(libc_a-stdio.o)
                0x0200e458                __sread
 .text.__seofread
                0x0200e48c        0x4 C:/devkitPro/devkitARM/bin/../lib/gcc/arm-none-eabi/15.1.0/../../../../arm-none-eabi/lib/thumb\libg.a(libc_a-stdio.o)
                0x0200e48c                __seofread
 .text.__swrite
                0x0200e490       0x4c C:/devkitPro/devkitARM/bin/../lib/gcc/arm-none-eabi/15.1.0/../../../../arm-none-eabi/lib/thumb\libg.a(libc_a-stdio.o)
                0x0200e490                __swrite
 .text.__sseek  0x0200e4dc       0x3c C:/devkitPro/devkitARM/bin/../lib/gcc/arm-none-eabi/15.1.0/../../../../arm-none-eabi/lib/thumb\libg.a(libc_a-stdio.o)
                0x0200e4dc                __sseek
 .text.__sclose
                0x0200e518       0x10 C:/devkitPro/devkitARM/bin/../lib/gcc/arm-none-eabi/15.1.0/../../../../arm-none-eabi/lib/thumb\libg.a(libc_a-stdio.o)
                0x0200e518                __sclose
 .text.memmove  0x0200e528       0xcc C:/devkitPro/devkitARM/bin/../lib/gcc/arm-none-eabi/15.1.0/../../../../arm-none-eabi/lib/thumb\libg.a(libc_a-memmove.o)
                0x0200e528                memmove
 .text.gmtime_r
                0x0200e5f4      0x1b4 C:/devkitPro/devkitARM/bin/../lib/gcc/arm-none-eabi/15.1.0/../../../../arm-none-eabi/lib/thumb\libg.a(libc_a-gmtime_r.o)
                0x0200e5f4                gmtime_r
 .text.get_arg  0x0200e7a8      0x404 C:/devkitPro/devkitARM/bin/../lib/gcc/arm-none-eabi/15.1.0/../../../../arm-none-eabi/lib/thumb\libg.a(libc_a-vfiprintf.o)
 .text._vfiprintf_r
                0x0200ebac     0x16d0 C:/devkitPro/devkitARM/bin/../lib/gcc/arm-none-eabi/15.1.0/../../../../arm-none-eabi/lib/thumb\libg.a(libc_a-vfiprintf.o)
                0x0200ebac                _vfiprintf_r
 .text.__sbprintf
                0x0201027c       0x7c C:/devkitPro/devkitARM/bin/../lib/gcc/arm-none-eabi/15.1.0/../../../../arm-none-eabi/lib/thumb\libg.a(libc_a-vfiprintf.o)
 .text.strlen   0x020102f8       0x60 C:/devkitPro/devkitARM/bin/../lib/gcc/arm-none-eabi/15.1.0/../../../../arm-none-eabi/lib/thumb\libg.a(libc_a-strlen.o)
                0x020102f8                strlen
 .text._memalign_r
                0x02010358      0x118 C:/devkitPro/devkitARM/bin/../lib/gcc/arm-none-eabi/15.1.0/../../../../arm-none-eabi/lib/thumb\libg.a(libc_a-malignr.o)
                0x02010358                _memalign_r
 .text.div      0x02010470       0x18 C:/devkitPro/devkitARM/bin/../lib/gcc/arm-none-eabi/15.1.0/../../../../arm-none-eabi/lib/thumb\libg.a(libc_a-div.o)
                0x02010470                div
 .text.get_arg  0x02010488       0x3e C:/devkitPro/devkitARM/bin/../lib/gcc/arm-none-eabi/15.1.0/../../../../arm-none-eabi/lib/thumb\libg.a(libc_a-svfiscanf.o)
 .text._sungetc_r
                0x020104c6       0x7e C:/devkitPro/devkitARM/bin/../lib/gcc/arm-none-eabi/15.1.0/../../../../arm-none-eabi/lib/thumb\libg.a(libc_a-svfiscanf.o)
                0x020104c6                _sungetc_r
 .text.__ssrefill_r
                0x02010544       0x42 C:/devkitPro/devkitARM/bin/../lib/gcc/arm-none-eabi/15.1.0/../../../../arm-none-eabi/lib/thumb\libg.a(libc_a-svfiscanf.o)
                0x02010544                __ssrefill_r
 .text._sfread_r
                0x02010586       0x88 C:/devkitPro/devkitARM/bin/../lib/gcc/arm-none-eabi/15.1.0/../../../../arm-none-eabi/lib/thumb\libg.a(libc_a-svfiscanf.o)
                0x02010586                _sfread_r
 *fill*         0x0201060e        0x2 ff
 .text.__ssvfiscanf_r
                0x02010610     0x1984 C:/devkitPro/devkitARM/bin/../lib/gcc/arm-none-eabi/15.1.0/../../../../arm-none-eabi/lib/thumb\libg.a(libc_a-svfiscanf.o)
                0x02010610                __ssvfiscanf_r
 .text._strtoul_l.isra.0
                0x02011f94      0x150 C:/devkitPro/devkitARM/bin/../lib/gcc/arm-none-eabi/15.1.0/../../../../arm-none-eabi/lib/thumb\libg.a(libc_a-strtoul.o)
 .text._strtoul_r
                0x020120e4       0x20 C:/devkitPro/devkitARM/bin/../lib/gcc/arm-none-eabi/15.1.0/../../../../arm-none-eabi/lib/thumb\libg.a(libc_a-strtoul.o)
                0x020120e4                _strtoul_r
 .text.strtoul  0x02012104       0x24 C:/devkitPro/devkitARM/bin/../lib/gcc/arm-none-eabi/15.1.0/../../../../arm-none-eabi/lib/thumb\libg.a(libc_a-strtoul.o)
                0x02012104                strtoul
 .text._tzset_unlocked
                0x02012128       0x10 C:/devkitPro/devkitARM/bin/../lib/gcc/arm-none-eabi/15.1.0/../../../../arm-none-eabi/lib/thumb\libg.a(libc_a-tzset.o)
                0x02012128                _tzset_unlocked
 .text.__sprint_r
                0x02012138       0x24 C:/devkitPro/devkitARM/bin/../lib/gcc/arm-none-eabi/15.1.0/../../../../arm-none-eabi/lib/thumb\libg.a(libc_a-sprint_r.o)
                0x02012138                __sprint_r
 .text.iswspace
                0x0201215c       0x10 C:/devkitPro/devkitARM/bin/../lib/gcc/arm-none-eabi/15.1.0/../../../../arm-none-eabi/lib/thumb\libg.a(libc_a-iswspace.o)
                0x0201215c                iswspace
 .text.__gettzinfo
                0x0201216c        0x8 C:/devkitPro/devkitARM/bin/../lib/gcc/arm-none-eabi/15.1.0/../../../../arm-none-eabi/lib/thumb\libg.a(libc_a-gettzinfo.o)
                0x0201216c                __gettzinfo
 .text._localeconv_r
                0x02012174       0x1c C:/devkitPro/devkitARM/bin/../lib/gcc/arm-none-eabi/15.1.0/../../../../arm-none-eabi/lib/thumb\libg.a(libc_a-localeconv.o)
                0x02012174                _localeconv_r
 .text.memchr   0x02012190       0x74 C:/devkitPro/devkitARM/bin/../lib/gcc/arm-none-eabi/15.1.0/../../../../arm-none-eabi/lib/thumb\libg.a(libc_a-memchr-stub.o)
                0x02012190                memchr
 .text._wcrtomb_r
                0x02012204       0x84 C:/devkitPro/devkitARM/bin/../lib/gcc/arm-none-eabi/15.1.0/../../../../arm-none-eabi/lib/thumb\libg.a(libc_a-wcrtomb.o)
                0x02012204                _wcrtomb_r
 .text._strtol_l.part.0
                0x02012288      0x25c C:/devkitPro/devkitARM/bin/../lib/gcc/arm-none-eabi/15.1.0/../../../../arm-none-eabi/lib/thumb\libg.a(libc_a-strtol.o)
 .text._strtol_r
                0x020124e4       0x34 C:/devkitPro/devkitARM/bin/../lib/gcc/arm-none-eabi/15.1.0/../../../../arm-none-eabi/lib/thumb\libg.a(libc_a-strtol.o)
                0x020124e4                _strtol_r
 .text.__libc_fini_array
                0x02012518       0x30 C:/devkitPro/devkitARM/bin/../lib/gcc/arm-none-eabi/15.1.0/../../../../arm-none-eabi/lib/thumb\libg.a(libc_a-fini.o)
                0x02012518                __libc_fini_array
 .text._tzset_unlocked_r
                0x02012548      0x490 C:/devkitPro/devkitARM/bin/../lib/gcc/arm-none-eabi/15.1.0/../../../../arm-none-eabi/lib/thumb\libg.a(libc_a-tzset_r.o)
                0x02012548                _tzset_unlocked_r
 .text.__sccl   0x020129d8       0xb0 C:/devkitPro/devkitARM/bin/../lib/gcc/arm-none-eabi/15.1.0/../../../../arm-none-eabi/lib/thumb\libg.a(libc_a-sccl.o)
                0x020129d8                __sccl
 .text.__smakebuf_r
                0x02012a88       0xe0 C:/devkitPro/devkitARM/bin/../lib/gcc/arm-none-eabi/15.1.0/../../../../arm-none-eabi/lib/thumb\libg.a(libc_a-makebuf.o)
                0x02012a88                __smakebuf_r
 .text.__swhatbuf_r
                0x02012b68       0x5c C:/devkitPro/devkitARM/bin/../lib/gcc/arm-none-eabi/15.1.0/../../../../arm-none-eabi/lib/thumb\libg.a(libc_a-makebuf.o)
                0x02012b68                __swhatbuf_r
 .text._findenv_r
                0x02012bc4       0x94 C:/devkitPro/devkitARM/bin/../lib/gcc/arm-none-eabi/15.1.0/../../../../arm-none-eabi/lib/thumb\libg.a(libc_a-getenv_r.o)
                0x02012bc4                _findenv_r
 .text._getenv_r
                0x02012c58       0x10 C:/devkitPro/devkitARM/bin/../lib/gcc/arm-none-eabi/15.1.0/../../../../arm-none-eabi/lib/thumb\libg.a(libc_a-getenv_r.o)
                0x02012c58                _getenv_r
 .text.strncpy  0x02012c68       0x68 C:/devkitPro/devkitARM/bin/../lib/gcc/arm-none-eabi/15.1.0/../../../../arm-none-eabi/lib/thumb\libg.a(libc_a-strncpy.o)
                0x02012c68                strncpy
 .text._strtoull_l.isra.0
                0x02012cd0      0x1c0 C:/devkitPro/devkitARM/bin/../lib/gcc/arm-none-eabi/15.1.0/../../../../arm-none-eabi/lib/thumb\libg.a(libc_a-strtoull.o)
 .text._strtoull_r
                0x02012e90       0x20 C:/devkitPro/devkitARM/bin/../lib/gcc/arm-none-eabi/15.1.0/../../../../arm-none-eabi/lib/thumb\libg.a(libc_a-strtoull.o)
                0x02012e90                _strtoull_r
 .text._wcsrtombs_r
                0x02012eb0       0x20 C:/devkitPro/devkitARM/bin/../lib/gcc/arm-none-eabi/15.1.0/../../../../arm-none-eabi/lib/thumb\libg.a(libc_a-wcsrtombs.o)
                0x02012eb0                _wcsrtombs_r
 .text._mbrtowc_r
                0x02012ed0       0x98 C:/devkitPro/devkitARM/bin/../lib/gcc/arm-none-eabi/15.1.0/../../../../arm-none-eabi/lib/thumb\libg.a(libc_a-mbrtowc.o)
                0x02012ed0                _mbrtowc_r
 .text.__swsetup_r
                0x02012f68       0xd4 C:/devkitPro/devkitARM/bin/../lib/gcc/arm-none-eabi/15.1.0/../../../../arm-none-eabi/lib/thumb\libg.a(libc_a-wsetup.o)
                0x02012f68                __swsetup_r
 .text.strncmp  0x0201303c       0x70 C:/devkitPro/devkitARM/bin/../lib/gcc/arm-none-eabi/15.1.0/../../../../arm-none-eabi/lib/thumb\libg.a(libc_a-strncmp.o)
                0x0201303c                strncmp
 .text.__env_lock
                0x020130ac       0x14 C:/devkitPro/devkitARM/bin/../lib/gcc/arm-none-eabi/15.1.0/../../../../arm-none-eabi/lib/thumb\libg.a(libc_a-envlock.o)
                0x020130ac                __env_lock
 .text.__env_unlock
                0x020130c0       0x14 C:/devkitPro/devkitARM/bin/../lib/gcc/arm-none-eabi/15.1.0/../../../../arm-none-eabi/lib/thumb\libg.a(libc_a-envlock.o)
                0x020130c0                __env_unlock
 .text.iswspace_l
                0x020130d4       0x28 C:/devkitPro/devkitARM/bin/../lib/gcc/arm-none-eabi/15.1.0/../../../../arm-none-eabi/lib/thumb\libg.a(libc_a-iswspace_l.o)
                0x020130d4                iswspace_l
 .text._strtoll_l.isra.0
                0x020130fc      0x300 C:/devkitPro/devkitARM/bin/../lib/gcc/arm-none-eabi/15.1.0/../../../../arm-none-eabi/lib/thumb\libg.a(libc_a-strtoll.o)
 .text._strtoll_r
                0x020133fc       0x20 C:/devkitPro/devkitARM/bin/../lib/gcc/arm-none-eabi/15.1.0/../../../../arm-none-eabi/lib/thumb\libg.a(libc_a-strtoll.o)
                0x020133fc                _strtoll_r
 .text.__locale_mb_cur_max
                0x0201341c       0x20 C:/devkitPro/devkitARM/bin/../lib/gcc/arm-none-eabi/15.1.0/../../../../arm-none-eabi/lib/thumb\libg.a(libc_a-locale.o)
                0x0201341c                __locale_mb_cur_max
 .text.__submore
                0x0201343c       0x7c C:/devkitPro/devkitARM/bin/../lib/gcc/arm-none-eabi/15.1.0/../../../../arm-none-eabi/lib/thumb\libg.a(libc_a-ungetc.o)
                0x0201343c                __submore
 .text._wcsnrtombs_l
                0x020134b8      0x11c C:/devkitPro/devkitARM/bin/../lib/gcc/arm-none-eabi/15.1.0/../../../../arm-none-eabi/lib/thumb\libg.a(libc_a-wcsnrtombs.o)
                0x020134b8                _wcsnrtombs_l
 .text._wcsnrtombs_r
                0x020135d4       0x40 C:/devkitPro/devkitARM/bin/../lib/gcc/arm-none-eabi/15.1.0/../../../../arm-none-eabi/lib/thumb\libg.a(libc_a-wcsnrtombs.o)
                0x020135d4                _wcsnrtombs_r
 .text.__utf8_mbtowc
                0x02013614      0x24c C:/devkitPro/devkitARM/bin/../lib/gcc/arm-none-eabi/15.1.0/../../../../arm-none-eabi/lib/thumb\libg.a(libc_a-mbtowc_r.o)
                0x02013614                __utf8_mbtowc
 .text.strcpy   0x02013860       0x10 C:/devkitPro/devkitARM/bin/../lib/gcc/arm-none-eabi/15.1.0/../../../../arm-none-eabi/lib/thumb\libg.a(libc_a-strcpy.o)
                0x02013860                strcpy
 .text.category
                0x02013870       0x5c C:/devkitPro/devkitARM/bin/../lib/gcc/arm-none-eabi/15.1.0/../../../../arm-none-eabi/lib/thumb\libg.a(libc_a-categories.o)
                0x02013870                category
 .text.__utf8_wctomb
                0x020138cc       0xbc C:/devkitPro/devkitARM/bin/../lib/gcc/arm-none-eabi/15.1.0/../../../../arm-none-eabi/lib/thumb\libg.a(libc_a-wctomb_r.o)
                0x020138cc                __utf8_wctomb
 .text._exit    0x02013988       0x14 C:/devkitPro/devkitARM/bin/../lib/gcc/arm-none-eabi/15.1.0/../../../../arm-none-eabi/lib/thumb\libsysbase.a(libsysbase_libsysbase_a-_exit.o)
                0x02013988                _exit
 .text.chdir    0x0201399c       0xe4 C:/devkitPro/devkitARM/bin/../lib/gcc/arm-none-eabi/15.1.0/../../../../arm-none-eabi/lib/thumb\libsysbase.a(libsysbase_libsysbase_a-chdir.o)
                0x0201399c                chdir
 .text._concatenate_path
                0x02013a80      0x134 C:/devkitPro/devkitARM/bin/../lib/gcc/arm-none-eabi/15.1.0/../../../../arm-none-eabi/lib/thumb\libsysbase.a(libsysbase_libsysbase_a-concatenate.o)
                0x02013a80                _concatenate_path
 .text._fstat_r
                0x02013bb4       0x5c C:/devkitPro/devkitARM/bin/../lib/gcc/arm-none-eabi/15.1.0/../../../../arm-none-eabi/lib/thumb\libsysbase.a(libsysbase_libsysbase_a-fstat.o)
                0x02013bb4                _fstat_r
 .text.__getreent
                0x02013c10       0x20 C:/devkitPro/devkitARM/bin/../lib/gcc/arm-none-eabi/15.1.0/../../../../arm-none-eabi/lib/thumb\libsysbase.a(libsysbase_libsysbase_a-getreent.o)
                0x02013c10                __getreent
 .text._gettimeofday_r
                0x02013c30       0x20 C:/devkitPro/devkitARM/bin/../lib/gcc/arm-none-eabi/15.1.0/../../../../arm-none-eabi/lib/thumb\libsysbase.a(libsysbase_libsysbase_a-gettod.o)
                0x02013c30                _gettimeofday_r
 .text.__get_handle
                0x02013c50       0x34 C:/devkitPro/devkitARM/bin/../lib/gcc/arm-none-eabi/15.1.0/../../../../arm-none-eabi/lib/thumb\libsysbase.a(libsysbase_libsysbase_a-handle_manager.o)
                0x02013c50                __get_handle
 .text._close_r
                0x02013c84       0xb0 C:/devkitPro/devkitARM/bin/../lib/gcc/arm-none-eabi/15.1.0/../../../../arm-none-eabi/lib/thumb\libsysbase.a(libsysbase_libsysbase_a-handle_manager.o)
                0x02013c84                _close_r
 .text.null_write
                0x02013d34        0x4 C:/devkitPro/devkitARM/bin/../lib/gcc/arm-none-eabi/15.1.0/../../../../arm-none-eabi/lib/thumb\libsysbase.a(libsysbase_libsysbase_a-iosupport.o)
 .text.setDefaultDevice
                0x02013d38       0x10 C:/devkitPro/devkitARM/bin/../lib/gcc/arm-none-eabi/15.1.0/../../../../arm-none-eabi/lib/thumb\libsysbase.a(libsysbase_libsysbase_a-iosupport.o)
                0x02013d38                setDefaultDevice
 .text.FindDevice
                0x02013d48       0x90 C:/devkitPro/devkitARM/bin/../lib/gcc/arm-none-eabi/15.1.0/../../../../arm-none-eabi/lib/thumb\libsysbase.a(libsysbase_libsysbase_a-iosupport.o)
                0x02013d48                FindDevice
 .text.AddDevice
                0x02013dd8       0x7c C:/devkitPro/devkitARM/bin/../lib/gcc/arm-none-eabi/15.1.0/../../../../arm-none-eabi/lib/thumb\libsysbase.a(libsysbase_libsysbase_a-iosupport.o)
                0x02013dd8                AddDevice
 .text.GetDeviceOpTab
                0x02013e54       0x20 C:/devkitPro/devkitARM/bin/../lib/gcc/arm-none-eabi/15.1.0/../../../../arm-none-eabi/lib/thumb\libsysbase.a(libsysbase_libsysbase_a-iosupport.o)
                0x02013e54                GetDeviceOpTab
 .text._isatty_r
                0x02013e74        0x4 C:/devkitPro/devkitARM/bin/../lib/gcc/arm-none-eabi/15.1.0/../../../../arm-none-eabi/lib/thumb\libsysbase.a(libsysbase_libsysbase_a-isatty.o)
                0x02013e74                _isatty_r
 .text._lseek_r
                0x02013e78       0x64 C:/devkitPro/devkitARM/bin/../lib/gcc/arm-none-eabi/15.1.0/../../../../arm-none-eabi/lib/thumb\libsysbase.a(libsysbase_libsysbase_a-lseek.o)
                0x02013e78                _lseek_r
 .text._read_r  0x02013edc       0x5c C:/devkitPro/devkitARM/bin/../lib/gcc/arm-none-eabi/15.1.0/../../../../arm-none-eabi/lib/thumb\libsysbase.a(libsysbase_libsysbase_a-read.o)
                0x02013edc                _read_r
 .text._sbrk_r  0x02013f38       0x50 C:/devkitPro/devkitARM/bin/../lib/gcc/arm-none-eabi/15.1.0/../../../../arm-none-eabi/lib/thumb\libsysbase.a(libsysbase_libsysbase_a-sbrk.o)
                0x02013f38                _sbrk_r
 .text.__libc_lock_acquire
                0x02013f88       0x18 C:/devkitPro/devkitARM/bin/../lib/gcc/arm-none-eabi/15.1.0/../../../../arm-none-eabi/lib/thumb\libsysbase.a(libsysbase_libsysbase_a-syscall_support.o)
                0x02013f88                __libc_lock_acquire
 .text.__libc_lock_release
                0x02013fa0       0x18 C:/devkitPro/devkitARM/bin/../lib/gcc/arm-none-eabi/15.1.0/../../../../arm-none-eabi/lib/thumb\libsysbase.a(libsysbase_libsysbase_a-syscall_support.o)
                0x02013fa0                __libc_lock_release
 .text.__libc_lock_acquire_recursive
                0x02013fb8       0x18 C:/devkitPro/devkitARM/bin/../lib/gcc/arm-none-eabi/15.1.0/../../../../arm-none-eabi/lib/thumb\libsysbase.a(libsysbase_libsysbase_a-syscall_support.o)
                0x02013fb8                __libc_lock_acquire_recursive
 .text.__libc_lock_release_recursive
                0x02013fd0       0x18 C:/devkitPro/devkitARM/bin/../lib/gcc/arm-none-eabi/15.1.0/../../../../arm-none-eabi/lib/thumb\libsysbase.a(libsysbase_libsysbase_a-syscall_support.o)
                0x02013fd0                __libc_lock_release_recursive
 .text._write_r
                0x02013fe8       0x5c C:/devkitPro/devkitARM/bin/../lib/gcc/arm-none-eabi/15.1.0/../../../../arm-none-eabi/lib/thumb\libsysbase.a(libsysbase_libsysbase_a-write.o)
                0x02013fe8                _write_r
 .text          0x02014044       0x14 C:/devkitPro/devkitARM/bin/../lib/gcc/arm-none-eabi/15.1.0/thumb\libgcc.a(_thumb1_case_uqi.o)
                0x02014044                __gnu_thumb1_case_uqi
 .text          0x02014058       0x14 C:/devkitPro/devkitARM/bin/../lib/gcc/arm-none-eabi/15.1.0/thumb\libgcc.a(_thumb1_case_uhi.o)
                0x02014058                __gnu_thumb1_case_uhi
 .text          0x0201406c       0xd4 C:/devkitPro/devkitARM/bin/../lib/gcc/arm-none-eabi/15.1.0/thumb\libgcc.a(_aeabi_ldivmod.o)
                0x0201406c                __aeabi_ldivmod
 .text.__muldi3
                0x02014140       0x58 C:/devkitPro/devkitARM/bin/../lib/gcc/arm-none-eabi/15.1.0/thumb\libgcc.a(_muldi3.o)
                0x02014140                __muldi3
                0x02014140                __aeabi_lmul
 EXCLUDE_FILE(*.twl.*) *(.glue_7t .glue_7 .vfp11_veneer .v4_bx)
 .glue_7        0x02014198        0x0 linker stubs
 .glue_7t       0x02014198        0x0 linker stubs
 .vfp11_veneer  0x02014198        0x0 linker stubs
 .v4_bx         0x02014198        0x0 linker stubs
 *(SORT_NONE(.fini))
 .fini          0x02014198        0x4 C:/devkitPro/devkitARM/bin/../lib/gcc/arm-none-eabi/15.1.0/thumb/crti.o
                0x02014198                _fini
 .fini          0x0201419c        0x8 C:/devkitPro/devkitARM/bin/../lib/gcc/arm-none-eabi/15.1.0/thumb/crtn.o
 *fill*         0x020141a4        0x4 ff
 .fini.__stub   0x020141a8       0x28 linker stubs
 EXCLUDE_FILE(*.twl.*) *(.rodata .rodata.* .gnu.linkonce.r.*)
 .rodata        0x020141d0     0x2b7c GFXinput.o
                0x020141d0                GFXinputBitmap
 .rodata._Z19getActionsFromTouchi
                0x02016d4c       0x20 main.o
 .rodata.main.str1.4
                0x02016d6c      0x1c4 main.o
                                 0x6a (size before relaxing)
 .rodata.dvmInit.str1.4
                0x02016f30        0xd C:/devkitPro/libnds/lib\libfat.a(dvm_calico.o)
 .rodata.s_dvmDiscCalicoIface
                0x02016f30       0x10 C:/devkitPro/libnds/lib\libfat.a(dvm_calico.o)
 .rodata.s_dvmDiscCacheIface
                0x02016f40       0x10 C:/devkitPro/libnds/lib\libfat.a(dvm_cache.o)
 .rodata.dvmMountVolume.str1.4
                0x02016f50        0xc C:/devkitPro/libnds/lib\libfat.a(dvm_volume.o)
 .rodata._dvmIdentMbrVbr.str1.4
                0x02016f50       0x3d C:/devkitPro/libnds/lib\libfat.a(dvm_prober.o)
 .rodata.fr_to_errno.0
                0x02016f50       0x14 C:/devkitPro/libnds/lib\libfat.a(fat_driver.o)
 .rodata.str1.4
                0x02016f64        0x5 C:/devkitPro/libnds/lib\libfat.a(fat_driver.o)
 .rodata.g_vfatFsDriver
                0x02016f64       0x14 C:/devkitPro/libnds/lib\libfat.a(fat_driver.o)
                0x02016f64                g_vfatFsDriver
 .rodata._FAT_devoptab
                0x02016f78       0x80 C:/devkitPro/libnds/lib\libfat.a(fat_driver.o)
 .rodata.follow_path.str1.4
                0x02016ff8       0x13 C:/devkitPro/libnds/lib\libfat.a(ff.o)
 .rodata.check_fs.str1.4
                0x02016ff8        0x9 C:/devkitPro/libnds/lib\libfat.a(ff.o)
 .rodata.ExCvt  0x02016ff8       0x80 C:/devkitPro/libnds/lib\libfat.a(ff.o)
 .rodata.LfnOfs
                0x02017078        0xd C:/devkitPro/libnds/lib\libfat.a(ff.o)
 .rodata.ff_wtoupper
                0x02017085        0x9 C:/devkitPro/libnds/lib\libfat.a(ffunicode.o)
 *fill*         0x0201708e        0x2 ff
 .rodata.cvt2.0
                0x02017090       0xbc C:/devkitPro/libnds/lib\libfat.a(ffunicode.o)
 .rodata.cvt1.1
                0x0201714c      0x1f2 C:/devkitPro/libnds/lib\libfat.a(ffunicode.o)
 *fill*         0x0201733e        0x2 ff
 .rodata.uc437  0x02017340      0x100 C:/devkitPro/libnds/lib\libfat.a(ffunicode.o)
 .rodata.con_write.str1.4
                0x02017440       0x30 C:/devkitPro/libnds/lib\libnds9.a(console.o)
 .rodata.con_write
                0x02017440       0xd4 C:/devkitPro/libnds/lib\libnds9.a(console.o)
 .rodata.str1.4
                0x02017514       0x14 C:/devkitPro/libnds/lib\libnds9.a(console.o)
 .rodata.dotab_stdout
                0x02017514       0x80 C:/devkitPro/libnds/lib\libnds9.a(console.o)
 .rodata.decompress
                0x02017594       0x14 C:/devkitPro/libnds/lib\libnds9.a(decompress.o)
 .rodata.SIN_LUT
                0x020175a8      0x102 C:/devkitPro/libnds/lib\libnds9.a(trig.o)
                0x020175a8                SIN_LUT
 *fill*         0x020176aa        0x2 ff
 .rodata.default_font_bin
                0x020176ac      0x800 C:/devkitPro/libnds/lib\libnds9.a(default_font.bin.o)
                0x020176ac                default_font_bin
                0x02017eac                default_font_bin_end
 .rodata._DAYS_BEFORE_MONTH
                0x02017eac       0x30 C:/devkitPro/devkitARM/bin/../lib/gcc/arm-none-eabi/15.1.0/../../../../arm-none-eabi/lib/thumb\libg.a(libc_a-mktime.o)
 .rodata.DAYS_IN_MONTH
                0x02017edc       0x30 C:/devkitPro/devkitARM/bin/../lib/gcc/arm-none-eabi/15.1.0/../../../../arm-none-eabi/lib/thumb\libg.a(libc_a-mktime.o)
 .rodata.str1.4
                0x02017f0c        0x4 C:/devkitPro/devkitARM/bin/../lib/gcc/arm-none-eabi/15.1.0/../../../../arm-none-eabi/lib/thumb\libg.a(libc_a-tzvars.o)
 .rodata._vfiprintf_r.str1.1
                0x02017f0c       0x29 C:/devkitPro/devkitARM/bin/../lib/gcc/arm-none-eabi/15.1.0/../../../../arm-none-eabi/lib/thumb\libg.a(libc_a-vfiprintf.o)
 *fill*         0x02017f35        0x3 ff
 .rodata.zeroes.0
                0x02017f38       0x10 C:/devkitPro/devkitARM/bin/../lib/gcc/arm-none-eabi/15.1.0/../../../../arm-none-eabi/lib/thumb\libg.a(libc_a-vfiprintf.o)
 .rodata.blanks.1
                0x02017f48       0x10 C:/devkitPro/devkitARM/bin/../lib/gcc/arm-none-eabi/15.1.0/../../../../arm-none-eabi/lib/thumb\libg.a(libc_a-vfiprintf.o)
 .rodata.basefix.0
                0x02017f58       0x22 C:/devkitPro/devkitARM/bin/../lib/gcc/arm-none-eabi/15.1.0/../../../../arm-none-eabi/lib/thumb\libg.a(libc_a-svfiscanf.o)
 *fill*         0x02017f7a        0x2 ff
 .rodata.__month_lengths
                0x02017f7c       0x60 C:/devkitPro/devkitARM/bin/../lib/gcc/arm-none-eabi/15.1.0/../../../../arm-none-eabi/lib/thumb\libg.a(libc_a-month_lengths.o)
                0x02017f7c                __month_lengths
 .rodata._tzset_unlocked_r.str1.4
                0x02017fdc       0x6b C:/devkitPro/devkitARM/bin/../lib/gcc/arm-none-eabi/15.1.0/../../../../arm-none-eabi/lib/thumb\libg.a(libc_a-tzset_r.o)
 .rodata._ctype_
                0x02017fdc      0x101 C:/devkitPro/devkitARM/bin/../lib/gcc/arm-none-eabi/15.1.0/../../../../arm-none-eabi/lib/thumb\libg.a(libc_a-ctype_.o)
                0x02017fdc                _ctype_
 *fill*         0x020180dd        0x3 ff
 .rodata.__action_table
                0x020180e0       0x6c C:/devkitPro/devkitARM/bin/../lib/gcc/arm-none-eabi/15.1.0/../../../../arm-none-eabi/lib/thumb\libg.a(libc_a-svfiprintf.o)
                0x020180e0                __action_table
 .rodata.__state_table
                0x0201814c       0x6c C:/devkitPro/devkitARM/bin/../lib/gcc/arm-none-eabi/15.1.0/../../../../arm-none-eabi/lib/thumb\libg.a(libc_a-svfiprintf.o)
                0x0201814c                __state_table
 .rodata.__chclass
                0x020181b8      0x100 C:/devkitPro/devkitARM/bin/../lib/gcc/arm-none-eabi/15.1.0/../../../../arm-none-eabi/lib/thumb\libg.a(libc_a-svfiprintf.o)
                0x020181b8                __chclass
 .rodata._mbrtowc_r.str1.4
                0x020182b8        0x1 C:/devkitPro/devkitARM/bin/../lib/gcc/arm-none-eabi/15.1.0/../../../../arm-none-eabi/lib/thumb\libg.a(libc_a-mbrtowc.o)
 .rodata.str1.4
                0x020182b8       0x4c C:/devkitPro/devkitARM/bin/../lib/gcc/arm-none-eabi/15.1.0/../../../../arm-none-eabi/lib/thumb\libg.a(libc_a-locale.o)
 .rodata.categories
                0x020182b8     0x35dc C:/devkitPro/devkitARM/bin/../lib/gcc/arm-none-eabi/15.1.0/../../../../arm-none-eabi/lib/thumb\libg.a(libc_a-categories.o)
 .rodata.AddDevice.str1.4
                0x0201b894        0x8 C:/devkitPro/devkitARM/bin/../lib/gcc/arm-none-eabi/15.1.0/../../../../arm-none-eabi/lib/thumb\libsysbase.a(libsysbase_libsysbase_a-iosupport.o)
 .rodata.dotab_stdnull
                0x0201b894       0x80 C:/devkitPro/devkitARM/bin/../lib/gcc/arm-none-eabi/15.1.0/../../../../arm-none-eabi/lib/thumb\libsysbase.a(libsysbase_libsysbase_a-iosupport.o)
                0x0201b894                dotab_stdnull
 EXCLUDE_FILE(*.twl.*) *(.rodata1)
                0x0201b914                        . = ALIGN (0x4)

.main.rw        0x0201b918     0x1d54 load address 0x020239d0
 EXCLUDE_FILE(*.twl.*) *(.data .data.* .gnu.linkonce.d.*)
 .data.currentSubMode
                0x0201b918        0x1 main.o
                0x0201b918                currentSubMode
 .data.surfaceYres
                0x0201b919        0x1 main.o
                0x0201b919                surfaceYres
 .data.surfaceXres
                0x0201b91a        0x1 main.o
                0x0201b91a                surfaceXres
 .data.subSurfaceZoom
                0x0201b91b        0x1 main.o
                0x0201b91b                subSurfaceZoom
 .data.palleteSize
                0x0201b91c        0x4 main.o
                0x0201b91c                palleteSize
 .data.pixelsVRAM
                0x0201b920        0x4 main.o
                0x0201b920                pixelsVRAM
 .data.pixelsTopVRAM
                0x0201b924        0x4 main.o
                0x0201b924                pixelsTopVRAM
 .data.s_dvmDiscNand
                0x0201b928       0x10 C:/devkitPro/libnds/lib\libfat.a(dvm_calico.o)
 .data.s_dvmDiscSd
                0x0201b938       0x10 C:/devkitPro/libnds/lib\libfat.a(dvm_calico.o)
 .data.s_dvmDiscDldi
                0x0201b948       0x10 C:/devkitPro/libnds/lib\libfat.a(dvm_calico.o)
 .data.g_dvmDefaultSectorsPerPage
                0x0201b958        0x4 C:/devkitPro/libnds/lib\libfat.a(dvm_calico.o)
                0x0201b958                g_dvmDefaultSectorsPerPage
 .data.g_dvmDefaultCachePages
                0x0201b95c        0x4 C:/devkitPro/libnds/lib\libfat.a(dvm_calico.o)
                0x0201b95c                g_dvmDefaultCachePages
 .data.s_dvmFsDrvTable
                0x0201b960       0x20 C:/devkitPro/libnds/lib\libfat.a(dvm_volume.o)
 .data.bgTransform
                0x0201b980       0x20 C:/devkitPro/libnds/lib\libnds9.a(background.o)
                0x0201b980                bgTransform
 .data.bgScrollTable
                0x0201b9a0       0x20 C:/devkitPro/libnds/lib\libnds9.a(background.o)
                0x0201b9a0                bgScrollTable
 .data.bgControl
                0x0201b9c0       0x20 C:/devkitPro/libnds/lib\libnds9.a(background.o)
                0x0201b9c0                bgControl
 .data.firstConsoleInit.0
                0x0201b9e0        0x1 C:/devkitPro/libnds/lib\libnds9.a(console.o)
 *fill*         0x0201b9e1        0x3 ff
 .data.currentConsole
                0x0201b9e4        0x4 C:/devkitPro/libnds/lib\libnds9.a(console.o)
                0x0201b9e4                currentConsole
 .data.defaultConsole
                0x0201b9e8       0x5c C:/devkitPro/libnds/lib\libnds9.a(console.o)
                0x0201b9e8                defaultConsole
 .data.decomStream
                0x0201ba44        0xc C:/devkitPro/libnds/lib\libnds9.a(decompress.o)
                0x0201ba44                decomStream
 .data.count    0x0201ba50        0x1 C:/devkitPro/libnds/lib\libnds9.a(keys.o)
 .data.repeat   0x0201ba51        0x1 C:/devkitPro/libnds/lib\libnds9.a(keys.o)
 .data.delay    0x0201ba52        0x1 C:/devkitPro/libnds/lib\libnds9.a(keys.o)
 *fill*         0x0201ba53        0x1 ff
 .data.oamSub   0x0201ba54       0x18 C:/devkitPro/libnds/lib\libnds9.a(sprite.o)
                0x0201ba54                oamSub
 .data.oamMain  0x0201ba6c       0x18 C:/devkitPro/libnds/lib\libnds9.a(sprite.o)
                0x0201ba6c                oamMain
 .data.__sglue  0x0201ba84        0xc C:/devkitPro/devkitARM/bin/../lib/gcc/arm-none-eabi/15.1.0/../../../../arm-none-eabi/lib/thumb\libg.a(libc_a-findfp.o)
                0x0201ba84                __sglue
 .data.__malloc_sbrk_base
                0x0201ba90        0x4 C:/devkitPro/devkitARM/bin/../lib/gcc/arm-none-eabi/15.1.0/../../../../arm-none-eabi/lib/thumb\libg.a(libc_a-mallocr.o)
                0x0201ba90                __malloc_sbrk_base
 .data.__malloc_trim_threshold
                0x0201ba94        0x4 C:/devkitPro/devkitARM/bin/../lib/gcc/arm-none-eabi/15.1.0/../../../../arm-none-eabi/lib/thumb\libg.a(libc_a-mallocr.o)
                0x0201ba94                __malloc_trim_threshold
 .data.__malloc_av_
                0x0201ba98      0x408 C:/devkitPro/devkitARM/bin/../lib/gcc/arm-none-eabi/15.1.0/../../../../arm-none-eabi/lib/thumb\libg.a(libc_a-mallocr.o)
                0x0201ba98                __malloc_av_
 .data._impure_ptr
                0x0201bea0        0x4 C:/devkitPro/devkitARM/bin/../lib/gcc/arm-none-eabi/15.1.0/../../../../arm-none-eabi/lib/thumb\libg.a(libc_a-impure.o)
                0x0201bea0                _impure_ptr
 *fill*         0x0201bea4        0x4 ff
 .data._impure_data
                0x0201bea8      0x140 C:/devkitPro/devkitARM/bin/../lib/gcc/arm-none-eabi/15.1.0/../../../../arm-none-eabi/lib/thumb\libg.a(libc_a-impure.o)
                0x0201bea8                _impure_data
 .data._tzname  0x0201bfe8        0x8 C:/devkitPro/devkitARM/bin/../lib/gcc/arm-none-eabi/15.1.0/../../../../arm-none-eabi/lib/thumb\libg.a(libc_a-tzvars.o)
                0x0201bfe8                _tzname
 .data.tzinfo   0x0201bff0       0x58 C:/devkitPro/devkitARM/bin/../lib/gcc/arm-none-eabi/15.1.0/../../../../arm-none-eabi/lib/thumb\libg.a(libc_a-gettzinfo.o)
 .data.__global_locale
                0x0201c048      0x16c C:/devkitPro/devkitARM/bin/../lib/gcc/arm-none-eabi/15.1.0/../../../../arm-none-eabi/lib/thumb\libg.a(libc_a-locale.o)
                0x0201c048                __global_locale
 .data.environ  0x0201c1b4        0x4 C:/devkitPro/devkitARM/bin/../lib/gcc/arm-none-eabi/15.1.0/../../../../arm-none-eabi/lib/thumb\libg.a(libc_a-environ.o)
                0x0201c1b4                environ
 .data._current_working_directory
                0x0201c1b8      0x400 C:/devkitPro/devkitARM/bin/../lib/gcc/arm-none-eabi/15.1.0/../../../../arm-none-eabi/lib/thumb\libsysbase.a(libsysbase_libsysbase_a-chdir.o)
 .data.handles  0x0201c5b8     0x1000 C:/devkitPro/devkitARM/bin/../lib/gcc/arm-none-eabi/15.1.0/../../../../arm-none-eabi/lib/thumb\libsysbase.a(libsysbase_libsysbase_a-handle_manager.o)
 .data.__stderr_handle
                0x0201d5b8        0xc C:/devkitPro/devkitARM/bin/../lib/gcc/arm-none-eabi/15.1.0/../../../../arm-none-eabi/lib/thumb\libsysbase.a(libsysbase_libsysbase_a-handle_manager.o)
 .data.__stdout_handle
                0x0201d5c4        0xc C:/devkitPro/devkitARM/bin/../lib/gcc/arm-none-eabi/15.1.0/../../../../arm-none-eabi/lib/thumb\libsysbase.a(libsysbase_libsysbase_a-handle_manager.o)
 .data.__stdin_handle
                0x0201d5d0        0xc C:/devkitPro/devkitARM/bin/../lib/gcc/arm-none-eabi/15.1.0/../../../../arm-none-eabi/lib/thumb\libsysbase.a(libsysbase_libsysbase_a-handle_manager.o)
 .data.devoptab_list
                0x0201d5dc       0x8c C:/devkitPro/devkitARM/bin/../lib/gcc/arm-none-eabi/15.1.0/../../../../arm-none-eabi/lib/thumb\libsysbase.a(libsysbase_libsysbase_a-iosupport.o)
                0x0201d5dc                devoptab_list
 .data.defaultDevice
                0x0201d668        0x4 C:/devkitPro/devkitARM/bin/../lib/gcc/arm-none-eabi/15.1.0/../../../../arm-none-eabi/lib/thumb\libsysbase.a(libsysbase_libsysbase_a-iosupport.o)
 EXCLUDE_FILE(*.twl.*) *(.data1)
 EXCLUDE_FILE(*.twl.*) *(.igot.plt)
 .igot.plt      0x0201d66c        0x0 C:/devkitPro/devkitARM/bin/../lib/gcc/arm-none-eabi/15.1.0/thumb/crtbegin.o
                0x0201d66c                        . = ALIGN (0x4)

.iwram          0x0201d66c     0x8200 load address 0x02025724
 .iwram         0x0201d66c     0x8200 main.o
                0x0201d66c                pallete
                0x0201d86c                surface

.ARM.extab
 *(.ARM.extab* .gnu.linkonce.armextab.*)

.ARM.exidx      0x0202586c        0x0 load address 0x0202d924
 *(.ARM.exidx* .gnu.linkonce.armexidx.*)
                [!provide]                        PROVIDE (__exidx_start = ADDR (.ARM.exidx))
                [!provide]                        PROVIDE (__exidx_end = (ADDR (.ARM.exidx) + SIZEOF (.ARM.exidx)))

.eh_frame_hdr
 *(.eh_frame_hdr)
 *(.eh_frame_entry .eh_frame_entry.*)

.eh_frame       0x0202586c        0x4 load address 0x0202d924
 *(.eh_frame)
 .eh_frame      0x0202586c        0x0 C:/devkitPro/devkitARM/bin/../lib/gcc/arm-none-eabi/15.1.0/thumb/crtbegin.o
 .eh_frame      0x0202586c        0x4 C:/devkitPro/devkitARM/bin/../lib/gcc/arm-none-eabi/15.1.0/thumb/crtend.o
 *(.eh_frame.*)

.gcc_except_table
 *(.gcc_except_table .gcc_except_table.*)

.gnu_extab
 *(.gnu_extab*)

.tinfo          0x02025870        0xc load address 0x0202d928
                0x02025870        0x4 LONG 0x2025888 __tls_start
                0x02025874        0x4 LONG 0x0 SIZEOF (.main.tls)
                0x02025878        0x4 LONG 0x0 SIZEOF (.tdata)
                0x02025870                        PROVIDE (__tls_info = ADDR (.tinfo))

.preinit_array  0x0202587c        0x0 load address 0x0202d934
                0x0202587c                        PROVIDE (__preinit_array_start = .)
 *(.preinit_array)
                0x0202587c                        PROVIDE (__preinit_array_end = .)

.init_array     0x0202587c        0x4 load address 0x0202d934
                0x0202587c                        PROVIDE (__init_array_start = .)
 *(SORT_BY_INIT_PRIORITY(.init_array.*) SORT_BY_INIT_PRIORITY(.ctors.*))
 *(.init_array .ctors)
 .init_array    0x0202587c        0x4 C:/devkitPro/devkitARM/bin/../lib/gcc/arm-none-eabi/15.1.0/thumb/crtbegin.o
                0x02025880                        PROVIDE (__init_array_end = .)

.fini_array     0x02025880        0x4 load address 0x0202d938
                0x02025880                        PROVIDE (__fini_array_start = .)
 *(SORT_BY_INIT_PRIORITY(.fini_array.*) SORT_BY_INIT_PRIORITY(.dtors.*))
 *(.fini_array .dtors)
 .fini_array    0x02025880        0x4 C:/devkitPro/devkitARM/bin/../lib/gcc/arm-none-eabi/15.1.0/thumb/crtbegin.o
                0x02025884                        PROVIDE (__fini_array_end = .)
                [!provide]                        PROVIDE (__main_lma = LOADADDR (.main))
                0x020013c0                        PROVIDE (__main_start = ADDR (.main))
                0x02025884                        PROVIDE (__main_end = (ADDR (.fini_array) + SIZEOF (.fini_array)))

.tdata          0x00000000        0x0 load address 0x0202d93c
 *(.tdata .tdata.* .gnu.linkonce.td.*)
                0x00000000                        . = ALIGN (0x4)

.tbss           0x00000000        0x0 load address 0x0202d93c
 *(.tbss .tbss.* .gnu.linkonce.tb.*)
 *(.tcommon)
                0x00000000                        . = ALIGN (0x4)
                0x00000001                        ASSERT (((ALIGNOF (.tdata) <= 0x8) || (ALIGNOF (.tbss) <= 0x8)), Error: TLS is overaligned (up to 8-byte alignment is supported))
                0x00000001                        ASSERT (((ADDR (.tbss) + SIZEOF (.tbss)) <= (ORIGIN (tls) + LENGTH (tls))), Error: TLS section too large)

.main.tls       0x02025888        0x0
                0x02025888                        . = (. + ((ADDR (.tbss) + SIZEOF (.tbss)) - ADDR (.tdata)))
                [!provide]                        PROVIDE (__tls_lma = LOADADDR (.tdata))
                0x02025888                        PROVIDE (__tls_start = ADDR (.main.tls))
                0x02025888                        PROVIDE (__tls_end = (ADDR (.main.tls) + SIZEOF (.tdata)))

.main.bss       0x02025888    0x39594
 EXCLUDE_FILE(*.twl.*) *(.dynbss)
 EXCLUDE_FILE(*.twl.*) *(.bss .bss.* .gnu.linkonce.b.*)
 .bss.completed.1
                0x02025888        0x1 C:/devkitPro/devkitARM/bin/../lib/gcc/arm-none-eabi/15.1.0/thumb/crtbegin.o
 *fill*         0x02025889        0x3 
 .bss.object.0  0x0202588c       0x18 C:/devkitPro/devkitARM/bin/../lib/gcc/arm-none-eabi/15.1.0/thumb/crtbegin.o
 *fill*         0x020258a4        0x4 
 .bss.lastTime  0x020258a8        0x8 main.o
                0x020258a8                lastTime
 .bss.frameCount
                0x020258b0        0x4 main.o
                0x020258b0                frameCount
 .bss.fps       0x020258b4        0x4 main.o
                0x020258b4                fps
 .bss.currentTool
                0x020258b8        0x1 main.o
                0x020258b8                currentTool
 .bss.stylusPressed
                0x020258b9        0x1 main.o
                0x020258b9                stylusPressed
 .bss.subSurfaceYoffset
                0x020258ba        0x1 main.o
                0x020258ba                subSurfaceYoffset
 .bss.subSurfaceXoffset
                0x020258bb        0x1 main.o
                0x020258bb                subSurfaceXoffset
 .bss.mainSurfaceYoffset
                0x020258bc        0x4 main.o
                0x020258bc                mainSurfaceYoffset
 .bss.mainSurfaceXoffset
                0x020258c0        0x4 main.o
                0x020258c0                mainSurfaceXoffset
 .bss.prevtpy   0x020258c4        0x4 main.o
                0x020258c4                prevtpy
 .bss.prevtpx   0x020258c8        0x4 main.o
                0x020258c8                prevtpx
 .bss.palEdit   0x020258cc        0x3 main.o
                0x020258cc                palEdit
 *fill*         0x020258cf        0x1 
 .bss.palletePos
                0x020258d0        0x4 main.o
                0x020258d0                palletePos
 .bss.stack     0x020258d4     0x8000 main.o
                0x020258d4                stack
 .bss.pixels    0x0202d8d4    0x18000 main.o
                0x0202d8d4                pixels
 .bss.pixelsTop
                0x020458d4    0x18000 main.o
                0x020458d4                pixelsTop
 .bss.g_dvmCalicoNandMount
                0x0205d8d4        0x4 C:/devkitPro/libnds/lib\libfat.a(dvm_calico.o)
                0x0205d8d4                g_dvmCalicoNandMount
 .bss.Fsid      0x0205d8d8        0x2 C:/devkitPro/libnds/lib\libfat.a(ff.o)
 *fill*         0x0205d8da        0x2 
 .bss.bgIsTextLut
                0x0205d8dc        0x8 C:/devkitPro/libnds/lib\libnds9.a(background.o)
                0x0205d8dc                bgIsTextLut
 .bss.bgState   0x0205d8e4      0x140 C:/devkitPro/libnds/lib\libnds9.a(background.o)
                0x0205d8e4                bgState
 .bss.currentCopy
                0x0205da24       0x5c C:/devkitPro/libnds/lib\libnds9.a(console.o)
                0x0205da24                currentCopy
 .bss.keysrepeat
                0x0205da80        0x2 C:/devkitPro/libnds/lib\libnds9.a(keys.o)
 *fill*         0x0205da82        0x2 
 .bss.s_keypad  0x0205da84        0x4 C:/devkitPro/libnds/lib\libnds9.a(keys.o)
 .bss.OamMemory
                0x0205da88      0x400 C:/devkitPro/libnds/lib\libnds9.a(sprite.o)
                0x0205da88                OamMemory
 .bss.OamMemorySub
                0x0205de88      0x400 C:/devkitPro/libnds/lib\libnds9.a(sprite.o)
                0x0205de88                OamMemorySub
 .bss.s_sleepThreads
                0x0205e288        0x8 C:/devkitPro/calico/lib\libcalico_ds9.a(thread_cold.o)
 .bss.s_joinThreads
                0x0205e290        0x8 C:/devkitPro/calico/lib\libcalico_ds9.a(thread_cold.o)
 .bss.s_idleThread
                0x0205e298       0x70 C:/devkitPro/calico/lib\libcalico_ds9.a(thread_cold.o)
 .bss.s_mainThread
                0x0205e308       0x70 C:/devkitPro/calico/lib\libcalico_ds9.a(thread_cold.o)
 .bss.s_defaultErrno.0
                0x0205e378        0x4 C:/devkitPro/calico/lib\libcalico_ds9.a(newlib_syscalls.o)
 .bss.__stacksize__
                0x0205e37c        0x4 C:/devkitPro/calico/lib\libcalico_ds9.a(startup.crt0.o)
                0x0205e37c                __stacksize__
 .bss.g_isTwlMode
                0x0205e380        0x1 C:/devkitPro/calico/lib\libcalico_ds9.a(startup.crt0.o)
                0x0205e380                g_isTwlMode
 *fill*         0x0205e381        0x3 
 .bss.s_pxiChannels
                0x0205e384      0x1f0 C:/devkitPro/calico/lib\libcalico_ds9.a(pxi.o)
 .bss.s_pxiRecvState
                0x0205e574        0x4 C:/devkitPro/calico/lib\libcalico_ds9.a(pxi.o)
 .bss.s_pxiRecvQueue
                0x0205e578        0x8 C:/devkitPro/calico/lib\libcalico_ds9.a(pxi.o)
 .bss.s_pxiSendMutex
                0x0205e580        0x4 C:/devkitPro/calico/lib\libcalico_ds9.a(pxi.o)
 *fill*         0x0205e584        0x4 
 .bss.s_pmPxiThreadStack
                0x0205e588      0x200 C:/devkitPro/calico/lib\libcalico_ds9.a(pm.o)
 .bss.s_pmPxiThread
                0x0205e788       0x70 C:/devkitPro/calico/lib\libcalico_ds9.a(pm.o)
 .bss.s_pmState
                0x0205e7f8        0x8 C:/devkitPro/calico/lib\libcalico_ds9.a(pm.o)
 .bss.s_firstTask
                0x0205e800        0x4 C:/devkitPro/calico/lib\libcalico_ds9.a(tick.o)
 *fill*         0x0205e804        0x4 
 .bss.s_highTickCount
                0x0205e808        0x8 C:/devkitPro/calico/lib\libcalico_ds9.a(tick.o)
 .bss.s_tickInit
                0x0205e810        0x1 C:/devkitPro/calico/lib\libcalico_ds9.a(tick.o)
 *fill*         0x0205e811        0x3 
 .bss.s_mailboxRecvQueue
                0x0205e814        0x8 C:/devkitPro/calico/lib\libcalico_ds9.a(mailbox.o)
 .bss.__sfp_recursive_mutex
                0x0205e81c        0xc C:/devkitPro/devkitARM/bin/../lib/gcc/arm-none-eabi/15.1.0/../../../../arm-none-eabi/lib/thumb\libg.a(libc_a-findfp.o)
 .bss.__sf      0x0205e828      0x168 C:/devkitPro/devkitARM/bin/../lib/gcc/arm-none-eabi/15.1.0/../../../../arm-none-eabi/lib/thumb\libg.a(libc_a-findfp.o)
                0x0205e828                __sf
 .bss.__stdio_exit_handler
                0x0205e990        0x4 C:/devkitPro/devkitARM/bin/../lib/gcc/arm-none-eabi/15.1.0/../../../../arm-none-eabi/lib/thumb\libg.a(libc_a-findfp.o)
                0x0205e990                __stdio_exit_handler
 .bss.__tz_mutex