Archive member included to satisfy reference by file (symbol)

C:/devkitPro/libnds/lib\libfat.a(fat_wrappers.o)
                              main.o (fatInitDefault)
C:/devkitPro/libnds/lib\libfat.a(dvm_calico.o)
                              C:/devkitPro/libnds/lib\libfat.a(fat_wrappers.o) (dvmInit)
C:/devkitPro/libnds/lib\libfat.a(dvm_disc.o)
                              C:/devkitPro/libnds/lib\libfat.a(fat_wrappers.o) (dvmDiscCreate)
C:/devkitPro/libnds/lib\libfat.a(dvm_cache.o)
                              C:/devkitPro/libnds/lib\libfat.a(fat_wrappers.o) (dvmDiscCacheCreate)
C:/devkitPro/libnds/lib\libfat.a(dvm_volume.o)
                              C:/devkitPro/libnds/lib\libfat.a(fat_wrappers.o) (dvmMountVolume)
C:/devkitPro/libnds/lib\libfat.a(dvm_prober.o)
                              C:/devkitPro/libnds/lib\libfat.a(dvm_calico.o) (dvmProbeMountDisc)
C:/devkitPro/libnds/lib\libfat.a(fat_driver.o)
                              C:/devkitPro/libnds/lib\libfat.a(dvm_volume.o) (g_vfatFsDriver)
C:/devkitPro/libnds/lib\libfat.a(ff.o)
                              C:/devkitPro/libnds/lib\libfat.a(fat_driver.o) (f_mount)
C:/devkitPro/libnds/lib\libfat.a(ffunicode.o)
                              C:/devkitPro/libnds/lib\libfat.a(ff.o) (ff_uni2oem)
C:/devkitPro/libnds/lib\libnds9.a(background.o)
                              main.o (bgInit_call)
C:/devkitPro/libnds/lib\libnds9.a(console.o)
                              main.o (consoleInit)
C:/devkitPro/libnds/lib\libnds9.a(decompress.o)
                              main.o (decompress)
C:/devkitPro/libnds/lib\libnds9.a(keyboard.o)
                              main.o (keyboardDemoInit)
C:/devkitPro/libnds/lib\libnds9.a(keys.o)
                              main.o (scanKeys)
C:/devkitPro/libnds/lib\libnds9.a(sprite.o)
                              main.o (oamInit)
C:/devkitPro/libnds/lib\libnds9.a(trig.o)
                              C:/devkitPro/libnds/lib\libnds9.a(background.o) (sinLerp)
C:/devkitPro/libnds/lib\libnds9.a(default_font.bin.o)
                              C:/devkitPro/libnds/lib\libnds9.a(console.o) (default_font_bin)
C:/devkitPro/libnds/lib\libnds9.a(keyboardGfx.o)
                              C:/devkitPro/libnds/lib\libnds9.a(keyboard.o) (keyboardGfxTiles)
C:/devkitPro/libnds/lib\libnds9.a(sprite_alloc.o)
                              C:/devkitPro/libnds/lib\libnds9.a(sprite.o) (oamAllocReset)
C:/devkitPro/calico/lib\libcalico_ds9.a(thread_cold.o)
                              main.o (threadIrqWait)
C:/devkitPro/calico/lib\libcalico_ds9.a(thread_hot.32.o)
                              C:/devkitPro/calico/lib\libcalico_ds9.a(thread_cold.o) (__sched_state)
C:/devkitPro/calico/lib\libcalico_ds9.a(newlib_syscalls.o)
                              C:/devkitPro/libnds/lib\libfat.a(fat_driver.o) (__errno)
C:/devkitPro/calico/lib\libcalico_ds9.a(arm-copy-fill.32.o)
                              C:/devkitPro/libnds/lib\libfat.a(dvm_calico.o) (armCopyMem32)
C:/devkitPro/calico/lib\libcalico_ds9.a(arm-context.32.o)
                              C:/devkitPro/calico/lib\libcalico_ds9.a(thread_cold.o) (armContextSave)
C:/devkitPro/calico/lib\libcalico_ds9.a(arm-shims.32.o)
                              C:/devkitPro/calico/lib\libcalico_ds9.a(thread_cold.o) (armWaitForIrq)
C:/devkitPro/calico/lib\libcalico_ds9.a(arm-cache.32.o)
                              C:/devkitPro/libnds/lib\libnds9.a(sprite.o) (armDCacheFlush)
C:/devkitPro/calico/lib\libcalico_ds9.a(startup.crt0.o)
                              C:/devkitPro/libnds/lib\libfat.a(dvm_calico.o) (g_isTwlMode)
C:/devkitPro/calico/lib\libcalico_ds9.a(utils.crt0.o)
                              C:/devkitPro/calico/lib\libcalico_ds9.a(startup.crt0.o) (crt0CopyMem32)
C:/devkitPro/calico/lib\libcalico_ds9.a(bios.o)
                              C:/devkitPro/libnds/lib\libnds9.a(decompress.o) (svcLZ77UncompWram)
C:/devkitPro/calico/lib\libcalico_ds9.a(pxi.o)
                              C:/devkitPro/calico/lib\libcalico_ds9.a(startup.crt0.o) (_pxiInit)
C:/devkitPro/calico/lib\libcalico_ds9.a(keypad.o)
                              C:/devkitPro/libnds/lib\libnds9.a(keys.o) (keypadGetState)
C:/devkitPro/calico/lib\libcalico_ds9.a(pm.o)
                              main.o (pmMainLoop)
C:/devkitPro/calico/lib\libcalico_ds9.a(bootstub_arm9.o)
                              (__ds9_bootstub)
C:/devkitPro/calico/lib\libcalico_ds9.a(mpu_setup.crt0.o)
                              C:/devkitPro/calico/lib\libcalico_ds9.a(startup.crt0.o) (crt0SetupMPU)
C:/devkitPro/calico/lib\libcalico_ds9.a(sys_startup.o)
                              C:/devkitPro/calico/lib\libcalico_ds9.a(startup.crt0.o) (systemStartup)
C:/devkitPro/calico/lib\libcalico_ds9.a(excpt_handler.32.o)
                              C:/devkitPro/calico/lib\libcalico_ds9.a(bootstub_arm9.o) (__arm_excpt_rst)
C:/devkitPro/calico/lib\libcalico_ds9.a(touch.o)
                              main.o (touchRead)
C:/devkitPro/calico/lib\libcalico_ds9.a(blk.o)
[...]
Memory Configuration

Name             Origin             Length             Attributes
lma9             0x02004000         0x0027c000
lma9i            0x02400000         0x00280000
vectors          0x00000000         0x00000020
itcm             0x01ff8020         0x00007fe0
main             0x02001000         0x00f7f000
dtcm             0x02ff0000         0x00003e80
dldi             0x0380b000         0x00004000
stub             0x0e000000         0x00004000
tls              0x00000000         0x00000400
*default*        0x00000000         0xffffffff

Linker script and memory map

                0x00000000                        __sync_synchronize = __sync_synchronize_none
LOAD C:/devkitPro/devkitARM/bin/../lib/gcc/arm-none-eabi/15.1.0/thumb/crti.o
LOAD C:/devkitPro/devkitARM/bin/../lib/gcc/arm-none-eabi/15.1.0/thumb/crtbegin.o
LOAD GFXinput.o
LOAD GFXselector24.o
LOAD avdslib.o
LOAD main.o
LOAD C:/devkitPro/libnds/lib\libfat.a
LOAD C:/devkitPro/libnds/lib\libnds9.a
LOAD C:/devkitPro/calico/lib\libcalico_ds9.a
LOAD C:/devkitPro/devkitARM/bin/../lib/gcc/arm-none-eabi/15.1.0/../../../../arm-none-eabi/lib/thumb\libstdc++.a
LOAD C:/devkitPro/devkitARM/bin/../lib/gcc/arm-none-eabi/15.1.0/../../../../arm-none-eabi/lib/thumb\libm.a
START GROUP
LOAD C:/devkitPro/devkitARM/bin/../lib/gcc/arm-none-eabi/15.1.0/thumb\libgcc.a
LOAD C:/devkitPro/devkitARM/bin/../lib/gcc/arm-none-eabi/15.1.0/../../../../arm-none-eabi/lib/thumb\libg.a
LOAD C:/devkitPro/devkitARM/bin/../lib/gcc/arm-none-eabi/15.1.0/../../../../arm-none-eabi/lib/thumb\libc.a
LOAD C:/devkitPro/devkitARM/bin/../lib/gcc/arm-none-eabi/15.1.0/../../../../arm-none-eabi/lib/thumb\libsysbase.a
END GROUP
LOAD C:/devkitPro/devkitARM/bin/../lib/gcc/arm-none-eabi/15.1.0/thumb/crtend.o
LOAD C:/devkitPro/devkitARM/bin/../lib/gcc/arm-none-eabi/15.1.0/thumb/crtn.o
                0x02ff3e80                        PROVIDE (__sp_usr = (ORIGIN (dtcm) + LENGTH (dtcm)))
                0x02ff3f80                        PROVIDE (__sp_irq = (__sp_usr + 0x100))
                0x02ff3fc0                        PROVIDE (__sp_svc = (__sp_irq + 0x40))
                0x02ff3ff8                        PROVIDE (__irq_flags = (__sp_svc + 0x38))
                [!provide]                        PROVIDE (__irq_vector = (__sp_svc + 0x3c))
                [!provide]                        PROVIDE (__arm_excpt_rst = 0xffff0000)
                [!provide]                        PROVIDE (__arm_excpt_und = 0xffff0004)
                0xffff0008                        PROVIDE (__arm_excpt_svc = 0xffff0008)
                [!provide]                        PROVIDE (__arm_excpt_pabt = 0xffff000c)
                [!provide]                        PROVIDE (__arm_excpt_dabt = 0xffff0010)
                [!provide]                        PROVIDE (__arm_excpt_irq = 0xffff0018)
                [!provide]                        PROVIDE (__arm_excpt_fiq = 0xffff001c)
                0x00000000                        PROVIDE (__end__ = 0x0)

.secure         0x0e000000      0x800 load address 0x02004000
                0x0e0007fc                        . = (. + 0x7fc)
 *fill*         0x0e000000      0x7fc 00000000
                0x0e0007fc        0x4 LONG 0x0

.bootstub       0x0e000800      0x198 load address 0x02004800
 *(.bootstub .bootstub.*)
 .bootstub.__ds9_bootstub
                0x0e000800      0x198 C:/devkitPro/calico/lib\libcalico_ds9.a(bootstub_arm9.o)
                0x0e000800                __ds9_bootstub
                0x0e000998                        . = ALIGN (0x4)

.crt0           0x02001000      0x3c0 load address 0x02004998
 *(.crt0 .crt0.*)
 .crt0.__ds9_bootstub_trampoline
                0x02001000       0x60 C:/devkitPro/calico/lib\libcalico_ds9.a(bootstub_arm9.o)
 *.crt0.*(.text .stub .text.* .gnu.linkonce.t.*)
 .text.crt0ProcessLoadList
                0x02001060       0x74 C:/devkitPro/calico/lib\libcalico_ds9.a(startup.crt0.o)
                0x02001060                crt0ProcessLoadList
 .text.crt0Startup
                0x020010d4      0x180 C:/devkitPro/calico/lib\libcalico_ds9.a(startup.crt0.o)
                0x020010d4                crt0Startup
 .text.crt0CopyMem32
                0x02001254       0x4c C:/devkitPro/calico/lib\libcalico_ds9.a(utils.crt0.o)
                0x02001254                crt0CopyMem32
 .text.crt0FillMem32
                0x020012a0       0x58 C:/devkitPro/calico/lib\libcalico_ds9.a(utils.crt0.o)
                0x020012a0                crt0FillMem32
 .text.crt0SetupMPU
                0x020012f8       0xb4 C:/devkitPro/calico/lib\libcalico_ds9.a(mpu_setup.crt0.o)
                0x020012f8                crt0SetupMPU
 *.crt0.*(.glue_7t .glue_7 .vfp11_veneer .v4_bx)
 *.crt0.*(.rodata .rodata.* .gnu.linkonce.r.*)
 *.crt0.*(.rodata1)
                0x020013c0                        . = ALIGN (0x20)
 *fill*         0x020013ac       0x14 ff
                0x02004998                        PROVIDE (__crt0_lma = LOADADDR (.crt0))
                0x02001000                        PROVIDE (__crt0_start = ADDR (.crt0))
                0x020013c0                        PROVIDE (__crt0_end = (ADDR (.crt0) + SIZEOF (.crt0)))
                0x00000001                        ASSERT (((__crt0_end <= LOADADDR (.bootstub)) || (__crt0_start >= (LOADADDR (.bootstub) + SIZEOF (.bootstub)))), Error: crt0 section overlaps initial bootstrap)

.dldi           0x0380b000     0x4000 load address 0x02004d58
 *(.dldi)
 .dldi          0x0380b000     0x4000 C:/devkitPro/calico/lib\libcalico_ds9.a(dldi_stub.o)
                0x0380b000                __dldi_start
                0x02004d58                        PROVIDE (__dldi_lma = SIZEOF (.dldi)?LOADADDR (.dldi):0x0)

.vectors        0x00000000       0x20 load address 0x02008d58
 *(.vectors)
 .vectors       0x00000000       0x20 C:/devkitPro/calico/lib\libcalico_ds9.a(bootstub_arm9.o)

.itcm           0x01ff8020      0x700 load address 0x02008d78
 *(.itcm .itcm.*)
 .itcm          0x01ff8020       0x30 C:/devkitPro/calico/lib\libcalico_ds9.a(bootstub_arm9.o)
                0x01ff8038                __excpt_vectors
 *.itcm.*(.text .stub .text.* .gnu.linkonce.t.*)
 *.32.o(.text .stub .text.* .gnu.linkonce.t.*)
 .text.threadReschedule
                0x01ff8050       0x88 C:/devkitPro/calico/lib\libcalico_ds9.a(thread_hot.32.o)
 .text.threadBlock
                0x01ff80d8       0xd8 C:/devkitPro/calico/lib\libcalico_ds9.a(thread_hot.32.o)
                0x01ff80d8                threadBlock
 .text.threadUnblockOneByValue
                0x01ff81b0       0xc0 C:/devkitPro/calico/lib\libcalico_ds9.a(thread_hot.32.o)
                0x01ff81b0                threadUnblockOneByValue
 .text.threadUnblockAllByValue
                0x01ff8270      0x130 C:/devkitPro/calico/lib\libcalico_ds9.a(thread_hot.32.o)
                0x01ff8270                threadUnblockAllByValue
 .text.threadUnblockAllByMask
                0x01ff83a0      0x134 C:/devkitPro/calico/lib\libcalico_ds9.a(thread_hot.32.o)
                0x01ff83a0                threadUnblockAllByMask
 .text.armCopyMem32
                0x01ff84d4       0x4c C:/devkitPro/calico/lib\libcalico_ds9.a(arm-copy-fill.32.o)
                0x01ff84d4                armCopyMem32
 .text.armContextSave
                0x01ff8520       0x2c C:/devkitPro/calico/lib\libcalico_ds9.a(arm-context.32.o)
                0x01ff8520                armContextSave
 .text.armContextLoad
                0x01ff854c       0x20 C:/devkitPro/calico/lib\libcalico_ds9.a(arm-context.32.o)
                0x01ff854c                armContextLoad
                0x01ff8550                armContextLoadFromSvc
 .text.armWaitForIrq
                0x01ff856c        0x8 C:/devkitPro/calico/lib\libcalico_ds9.a(arm-shims.32.o)
                0x01ff856c                armWaitForIrq
 .text.armDrainWriteBuffer
                0x01ff8574        0xc C:/devkitPro/calico/lib\libcalico_ds9.a(arm-cache.32.o)
                0x01ff8574                armDrainWriteBuffer
 .text.armDCacheFlushAll
                0x01ff8580       0x28 C:/devkitPro/calico/lib\libcalico_ds9.a(arm-cache.32.o)
                0x01ff8580                armDCacheFlushAll
 .text.armDCacheFlush
                0x01ff85a8       0x1c C:/devkitPro/calico/lib\libcalico_ds9.a(arm-cache.32.o)
                0x01ff85a8                armDCacheFlush
 .text.armDCacheInvalidate
                0x01ff85c4       0x1c C:/devkitPro/calico/lib\libcalico_ds9.a(arm-cache.32.o)
                0x01ff85c4                armDCacheInvalidate
 .text.armICacheInvalidateAll
                0x01ff85e0        0xc C:/devkitPro/calico/lib\libcalico_ds9.a(arm-cache.32.o)
                0x01ff85e0                armICacheInvalidateAll
 .text.__excpt_entry
                0x01ff85ec       0x50 C:/devkitPro/calico/lib\libcalico_ds9.a(excpt_handler.32.o)
                0x01ff85ec                __arm_excpt_rst
                0x01ff85f0                __arm_excpt_pabt
                0x01ff85f4                __arm_excpt_und
                0x01ff8600                __arm_excpt_dabt
 .text.__arm_excpt_irq
                0x01ff863c       0xe4 C:/devkitPro/calico/lib\libcalico_ds9.a(irq_handler.32.o)
                0x01ff863c                __arm_excpt_irq
 *.itcm.*(.glue_7t .glue_7 .vfp11_veneer .v4_bx)
 *.32.o(.glue_7t .glue_7 .vfp11_veneer .v4_bx)
 *.itcm.*(.rodata .rodata.* .gnu.linkonce.r.*)
 *.32.o(.rodata .rodata.* .gnu.linkonce.r.*)
 *.itcm.*(.rodata1)
 *.32.o(.rodata1)
                0x01ff8720                        . = ALIGN (0x4)
                0x02008d58                        PROVIDE (__itcm_lma = LOADADDR (.vectors))
                0x01ff8000                        PROVIDE (__itcm_start = (ADDR (.itcm) - SIZEOF (.vectors)))
                0x01ff8720                        PROVIDE (__itcm_end = (ADDR (.itcm) + SIZEOF (.itcm)))
                0x00000001                        ASSERT (((__itcm_lma + SIZEOF (.vectors)) == LOADADDR (.itcm)), Error: gap between vectors and itcm)

.dtcm           0x02ff0000        0x0 load address 0x02009478
 *(.dtcm .dtcm.*)
 *.32.o(.data .data.* .gnu.linkonce.d.*)
 *.32.o(.data1)
                0x02ff0000                        . = ALIGN (0x4)
                [!provide]                        PROVIDE (__dtcm_lma = LOADADDR (.dtcm))
                0x02ff0000                        PROVIDE (__dtcm_start = ADDR (.dtcm))
                0x02ff0000                        PROVIDE (__dtcm_end = (ADDR (.dtcm) + SIZEOF (.dtcm)))

.dtcm.bss       0x02ff0000       0x98 load address 0x02009478
 *(.sbss .sbss.*)
 *.32.o(.dynbss)
 *.32.o(.bss .bss.* .gnu.linkonce.b.*)
 .bss.__irq_table
                0x02ff0000       0x80 C:/devkitPro/calico/lib\libcalico_ds9.a(thread_hot.32.o)
                0x02ff0000                __irq_table
 .bss.__sched_state
                0x02ff0080       0x18 C:/devkitPro/calico/lib\libcalico_ds9.a(thread_hot.32.o)
                0x02ff0080                __sched_state
 *.32.o(COMMON)
                0x02ff0098                        . = ALIGN (0x4)
                [!provide]                        PROVIDE (__dtcm_bss_start = ADDR (.dtcm.bss))
                0x02ff0098                        PROVIDE (__dtcm_bss_end = (ADDR (.dtcm.bss) + SIZEOF (.dtcm.bss)))

.main           0x020013c0    0x23ee4 load address 0x02009478
 *(SORT_NONE(.init))
 .init          0x020013c0        0x4 C:/devkitPro/devkitARM/bin/../lib/gcc/arm-none-eabi/15.1.0/thumb/crti.o
                0x020013c0                _init
 .init          0x020013c4        0x8 C:/devkitPro/devkitARM/bin/../lib/gcc/arm-none-eabi/15.1.0/thumb/crtn.o
 EXCLUDE_FILE(*.twl.*) *(.text.unlikely .text.*_unlikely .text.unlikely.*)
 EXCLUDE_FILE(*.twl.*) *(.text.exit .text.exit.*)
 .text.exit     0x020013cc       0x24 C:/devkitPro/devkitARM/bin/../lib/gcc/arm-none-eabi/15.1.0/../../../../arm-none-eabi/lib/thumb\libg.a(libc_a-exit.o)
                0x020013cc                exit
 EXCLUDE_FILE(*.twl.*) *(.text.startup .text.startup.*)
 .text.startup.main
                0x020013f0      0x8cc main.o
                0x020013f0                main
 .text.startup._GLOBAL__sub_I_pixelsTopVRAM
                0x02001cbc       0x10 main.o
 EXCLUDE_FILE(*.twl.*) *(.text.hot .text.hot.*)
 EXCLUDE_FILE(*.twl.*) *(.text .iplt .stub .text.* .gnu.linkonce.t.*)
 .text.__do_global_dtors_aux
                0x02001ccc       0x2c C:/devkitPro/devkitARM/bin/../lib/gcc/arm-none-eabi/15.1.0/thumb/crtbegin.o
 .text.frame_dummy
                0x02001cf8       0x24 C:/devkitPro/devkitARM/bin/../lib/gcc/arm-none-eabi/15.1.0/thumb/crtbegin.o
 .iplt          0x02001d1c        0x0 C:/devkitPro/devkitARM/bin/../lib/gcc/arm-none-eabi/15.1.0/thumb/crtbegin.o
 .text._Z6AVARGBiiii
                0x02001d1c       0x24 avdslib.o
                0x02001d1c                AVARGB(int, int, int, int)
 .text._Z13AVinvertColort
                0x02001d40       0x10 avdslib.o
                0x02001d40                AVinvertColor(unsigned short)
 .text._Z9AVfillDMAPtiit
                0x02001d50       0x44 avdslib.o
                0x02001d50                AVfillDMA(unsigned short*, int, int, unsigned short)
 .text._Z15AVdrawRectanglePtiiiit
                0x02001d94       0x3c avdslib.o
                0x02001d94                AVdrawRectangle(unsigned short*, int, int, int, int, unsigned short)
 .text._Z18AVdrawRectangleDMAPtiiiit
                0x02001dd0       0x84 avdslib.o
                0x02001dd0                AVdrawRectangleDMA(unsigned short*, int, int, int, int, unsigned short)
 .text._Z21AVdrawRectangleHollowPtiiiit
                0x02001e54       0x9c avdslib.o
                0x02001e54                AVdrawRectangleHollow(unsigned short*, int, int, int, int, unsigned short)
 .text._Z11AVdrawVlinePtiiit
                0x02001ef0       0x24 avdslib.o
                0x02001ef0                AVdrawVline(unsigned short*, int, int, int, unsigned short)
 .text._Z14AVdrawHlineDMAPtiiit
                0x02001f14       0x4c avdslib.o
                0x02001f14                AVdrawHlineDMA(unsigned short*, int, int, int, unsigned short)
 .text._Z12OnKeyPressedi
                0x02001f60       0x58 main.o
                0x02001f60                OnKeyPressed(int)
 .text._Z10bitmapModev.part.0
                0x02001fb8      0x1b8 main.o
 .text._Z9updatePaliPi
                0x02002170      0x10c main.o
                0x02002170                updatePal(int, int*)
 .text._Z15drawSurfaceMainiii
                0x0200227c       0xfc main.o
                0x0200227c                drawSurfaceMain(int, int, int)
 .text._Z17drawSurfaceBottomii
                0x02002378      0x148 main.o
                0x02002378                drawSurfaceBottom(int, int)
 .text._Z14clearTopBitmapv
                0x020024c0       0xb8 main.o
                0x020024c0                clearTopBitmap()
 .text._Z9saveArrayPKcPvj
                0x02002578       0x30 main.o
                0x02002578                saveArray(char const*, void*, unsigned int)
 .text._Z9loadArrayPKcPvj
                0x020025a8       0x30 main.o
                0x020025a8                loadArray(char const*, void*, unsigned int)
 .text._Z19getActionsFromTouchi
                0x020025d8      0x11c main.o
                0x020025d8                getActionsFromTouch(int)
 .text._Z12applyActionsi
                0x020026f4       0x9c main.o
                0x020026f4                applyActions(int)
 .text._Z9applyTooliib
                0x02002790      0x30c main.o
                0x02002790                applyTool(int, int, bool)
 .text._Z7initFPSv
                0x02002a9c       0x24 main.o
                0x02002a9c                initFPS()
 .text.fatInitDefault
                0x02002ac0       0x20 C:/devkitPro/libnds/lib\libfat.a(fat_wrappers.o)
                0x02002ac0                fatInitDefault
 .text._dvmDiscCalicoDummy
                0x02002ae0        0x4 C:/devkitPro/libnds/lib\libfat.a(dvm_calico.o)
 .text._dvmDiscCalicoWriteSectors
                0x02002ae4        0x8 C:/devkitPro/libnds/lib\libfat.a(dvm_calico.o)
 .text._dvmDiscCalicoReadSectors
                0x02002aec        0x8 C:/devkitPro/libnds/lib\libfat.a(dvm_calico.o)
 .text._dvmIsAlignedAccess
                0x02002af4       0x30 C:/devkitPro/libnds/lib\libfat.a(dvm_calico.o)
                0x02002af4                _dvmIsAlignedAccess
 .text._dvmCacheCopy
                0x02002b24       0x14 C:/devkitPro/libnds/lib\libfat.a(dvm_calico.o)
                0x02002b24                _dvmCacheCopy
 .text.dvmInit  0x02002b38      0x268 C:/devkitPro/libnds/lib\libfat.a(dvm_calico.o)
                0x02002b38                dvmInit
 .text.dvmDiscAddUser
                0x02002da0       0x10 C:/devkitPro/libnds/lib\libfat.a(dvm_disc.o)
                0x02002da0                dvmDiscAddUser
 .text.dvmDiscRemoveUser
                0x02002db0       0x28 C:/devkitPro/libnds/lib\libfat.a(dvm_disc.o)
                0x02002db0                dvmDiscRemoveUser
 .text._dvmDiscCacheReadWrite
                0x02002dd8      0x3ec C:/devkitPro/libnds/lib\libfat.a(dvm_cache.o)
 .text._dvmDiscCacheWriteSectors
                0x020031c4       0x58 C:/devkitPro/libnds/lib\libfat.a(dvm_cache.o)
 .text._dvmDiscCacheReadSectors
                0x0200321c       0x58 C:/devkitPro/libnds/lib\libfat.a(dvm_cache.o)
 .text._dvmDiscCacheFlush
                0x02003274       0xac C:/devkitPro/libnds/lib\libfat.a(dvm_cache.o)
 .text._dvmDiscCacheDestroy
                0x02003320       0x28 C:/devkitPro/libnds/lib\libfat.a(dvm_cache.o)
 .text.dvmDiscCacheCreate
                0x02003348      0x1a0 C:/devkitPro/libnds/lib\libfat.a(dvm_cache.o)
                0x02003348                dvmDiscCacheCreate
 .text.dvmMountVolume
                0x020034e8      0x188 C:/devkitPro/libnds/lib\libfat.a(dvm_volume.o)
                0x020034e8                dvmMountVolume
 .text._dvmSetAppWorkingDir
                0x02003670       0x74 C:/devkitPro/libnds/lib\libfat.a(dvm_volume.o)
                0x02003670                _dvmSetAppWorkingDir
 .text._dvmIdentMbrVbr
                0x020036e4      0x1d8 C:/devkitPro/libnds/lib\libfat.a(dvm_prober.o)
 .text._dvmReadPartitionTable
                0x020038bc      0x204 C:/devkitPro/libnds/lib\libfat.a(dvm_prober.o)
 .text.dvmProbeMountDisc
                0x02003ac0       0xf0 C:/devkitPro/libnds/lib\libfat.a(dvm_prober.o)
                0x02003ac0                dvmProbeMountDisc
 .text._FAT_fstat_r
                0x02003bb0       0xac C:/devkitPro/libnds/lib\libfat.a(fat_driver.o)
 .text._FAT_umount
                0x02003c5c       0x1c C:/devkitPro/libnds/lib\libfat.a(fat_driver.o)
 .text._FAT_mount
                0x02003c78       0x44 C:/devkitPro/libnds/lib\libfat.a(fat_driver.o)
 .text._FAT_seek_r
                0x02003cbc      0x13c C:/devkitPro/libnds/lib\libfat.a(fat_driver.o)
 .text._FAT_set_stat.isra.0
                0x02003df8      0x10c C:/devkitPro/libnds/lib\libfat.a(fat_driver.o)
 .text._FAT_mkdir_r
                0x02003f04       0x64 C:/devkitPro/libnds/lib\libfat.a(fat_driver.o)
 .text._FAT_chdir_r
                0x02003f68       0x64 C:/devkitPro/libnds/lib\libfat.a(fat_driver.o)
 .text._FAT_unlink_r
                0x02003fcc       0x70 C:/devkitPro/libnds/lib\libfat.a(fat_driver.o)
 .text._FAT_rmdir_r
                0x0200403c       0x6c C:/devkitPro/libnds/lib\libfat.a(fat_driver.o)
 .text._FAT_diropen_r
                0x020040a8       0x7c C:/devkitPro/libnds/lib\libfat.a(fat_driver.o)
 .text._FAT_fsync_r
                0x02004124       0x64 C:/devkitPro/libnds/lib\libfat.a(fat_driver.o)
 .text._FAT_close_r
                0x02004188       0x64 C:/devkitPro/libnds/lib\libfat.a(fat_driver.o)
 .text._FAT_dirclose_r
                0x020041ec       0x64 C:/devkitPro/libnds/lib\libfat.a(fat_driver.o)
 .text._FAT_dirreset_r
                0x02004250       0x6c C:/devkitPro/libnds/lib\libfat.a(fat_driver.o)
 .text._FAT_rename_r
                0x020042bc       0x80 C:/devkitPro/libnds/lib\libfat.a(fat_driver.o)
 .text._FAT_stat_r
                0x0200433c       0x98 C:/devkitPro/libnds/lib\libfat.a(fat_driver.o)
 .text._FAT_read_r
                0x020043d4       0x7c C:/devkitPro/libnds/lib\libfat.a(fat_driver.o)
 .text._FAT_write_r
                0x02004450       0x7c C:/devkitPro/libnds/lib\libfat.a(fat_driver.o)
 .text._FAT_statvfs_r
                0x020044cc       0xf0 C:/devkitPro/libnds/lib\libfat.a(fat_driver.o)
 .text._FAT_ftruncate_r
                0x020045bc      0x190 C:/devkitPro/libnds/lib\libfat.a(fat_driver.o)
 .text._FAT_dirnext_r
                0x0200474c      0x124 C:/devkitPro/libnds/lib\libfat.a(fat_driver.o)
 .text._FAT_open_r
                0x02004870      0x124 C:/devkitPro/libnds/lib\libfat.a(fat_driver.o)
 .text.get_fattime
                0x02004994       0x64 C:/devkitPro/libnds/lib\libfat.a(fat_driver.o)
                0x02004994                get_fattime
 .text.ff_mutex_create
                0x020049f8       0x18 C:/devkitPro/libnds/lib\libfat.a(fat_driver.o)
                0x020049f8                ff_mutex_create
 .text.ff_mutex_delete
                0x02004a10        0x4 C:/devkitPro/libnds/lib\libfat.a(fat_driver.o)
                0x02004a10                ff_mutex_delete
 .text.ff_mutex_take
                0x02004a14       0x14 C:/devkitPro/libnds/lib\libfat.a(fat_driver.o)
                0x02004a14                ff_mutex_take
 .text.ff_mutex_give
                0x02004a28        0x8 C:/devkitPro/libnds/lib\libfat.a(fat_driver.o)
                0x02004a28                ff_mutex_give
 .text.disk_initialize
                0x02004a30       0x24 C:/devkitPro/libnds/lib\libfat.a(fat_driver.o)
                0x02004a30                disk_initialize
 .text.disk_status
                0x02004a54       0x24 C:/devkitPro/libnds/lib\libfat.a(fat_driver.o)
                0x02004a54                disk_status
 .text.disk_read
                0x02004a78       0x2c C:/devkitPro/libnds/lib\libfat.a(fat_driver.o)
                0x02004a78                disk_read
 .text.disk_write
                0x02004aa4       0x2c C:/devkitPro/libnds/lib\libfat.a(fat_driver.o)
                0x02004aa4                disk_write
 .text.disk_ioctl
                0x02004ad0       0x38 C:/devkitPro/libnds/lib\libfat.a(fat_driver.o)
                0x02004ad0                disk_ioctl
 .text.tchar2uni
                0x02004b08       0xfc C:/devkitPro/libnds/lib\libfat.a(ff.o)
 .text.sync_window
                0x02004c04       0x90 C:/devkitPro/libnds/lib\libfat.a(ff.o)
 .text.put_utf  0x02004c94      0x130 C:/devkitPro/libnds/lib\libfat.a(ff.o)
 .text.dir_clear
                0x02004dc4       0x9c C:/devkitPro/libnds/lib\libfat.a(ff.o)
 .text.get_fileinfo
                0x02004e60      0x28c C:/devkitPro/libnds/lib\libfat.a(ff.o)
 .text.sync_fs  0x020050ec      0x180 C:/devkitPro/libnds/lib\libfat.a(ff.o)
 .text.move_window
                0x0200526c       0xc4 C:/devkitPro/libnds/lib\libfat.a(ff.o)
 .text.put_fat.part.0
                0x02005330      0x1dc C:/devkitPro/libnds/lib\libfat.a(ff.o)
 .text.get_fat.isra.0
                0x0200550c      0x160 C:/devkitPro/libnds/lib\libfat.a(ff.o)
 .text.remove_chain
                0x0200566c       0xf4 C:/devkitPro/libnds/lib\libfat.a(ff.o)
 .text.create_chain
                0x02005760      0x21c C:/devkitPro/libnds/lib\libfat.a(ff.o)
 .text.dir_next
                0x0200597c      0x170 C:/devkitPro/libnds/lib\libfat.a(ff.o)
 .text.dir_read
                0x02005aec      0x248 C:/devkitPro/libnds/lib\libfat.a(ff.o)
 .text.dir_sdi  0x02005d34      0x128 C:/devkitPro/libnds/lib\libfat.a(ff.o)
 .text.dir_alloc
                0x02005e5c       0xcc C:/devkitPro/libnds/lib\libfat.a(ff.o)
 .text.dir_remove
                0x02005f28       0xc4 C:/devkitPro/libnds/lib\libfat.a(ff.o)
 .text.dir_find
                0x02005fec      0x2f8 C:/devkitPro/libnds/lib\libfat.a(ff.o)
 .text.follow_path
                0x020062e4      0x588 C:/devkitPro/libnds/lib\libfat.a(ff.o)
 .text.dir_register
                0x0200686c      0x3f0 C:/devkitPro/libnds/lib\libfat.a(ff.o)
 .text.check_fs
                0x02006c5c      0x1ec C:/devkitPro/libnds/lib\libfat.a(ff.o)
 .text.mount_volume.part.0
                0x02006e48      0x504 C:/devkitPro/libnds/lib\libfat.a(ff.o)
 .text.validate
                0x0200734c       0xbc C:/devkitPro/libnds/lib\libfat.a(ff.o)
 .text.f_mount  0x02007408       0x6c C:/devkitPro/libnds/lib\libfat.a(ff.o)
                0x02007408                f_mount
 .text.f_umount
                0x02007474       0x38 C:/devkitPro/libnds/lib\libfat.a(ff.o)
                0x02007474                f_umount
 .text.f_open   0x020074ac      0x400 C:/devkitPro/libnds/lib\libfat.a(ff.o)
                0x020074ac                f_open
 .text.f_read   0x020078ac      0x2a4 C:/devkitPro/libnds/lib\libfat.a(ff.o)
                0x020078ac                f_read
 .text.f_write  0x02007b50      0x350 C:/devkitPro/libnds/lib\libfat.a(ff.o)
                0x02007b50                f_write
 .text.f_sync   0x02007ea0      0x1a0 C:/devkitPro/libnds/lib\libfat.a(ff.o)
                0x02007ea0                f_sync
 .text.f_close  0x02008040       0x58 C:/devkitPro/libnds/lib\libfat.a(ff.o)
                0x02008040                f_close
 .text.f_chdir  0x02008098       0xf0 C:/devkitPro/libnds/lib\libfat.a(ff.o)
                0x02008098                f_chdir
 .text.f_lseek  0x02008188      0x298 C:/devkitPro/libnds/lib\libfat.a(ff.o)
                0x02008188                f_lseek
 .text.f_opendir
                0x02008420      0x12c C:/devkitPro/libnds/lib\libfat.a(ff.o)
                0x02008420                f_opendir
 .text.f_closedir
                0x0200854c       0xb0 C:/devkitPro/libnds/lib\libfat.a(ff.o)
                0x0200854c                f_closedir
 .text.f_readdir
                0x020085fc       0xd0 C:/devkitPro/libnds/lib\libfat.a(ff.o)
                0x020085fc                f_readdir
 .text.f_stat   0x020086cc      0x104 C:/devkitPro/libnds/lib\libfat.a(ff.o)
                0x020086cc                f_stat
 .text.f_getfree
                0x020087d0      0x184 C:/devkitPro/libnds/lib\libfat.a(ff.o)
                0x020087d0                f_getfree
 .text.f_truncate
                0x02008954      0x228 C:/devkitPro/libnds/lib\libfat.a(ff.o)
                0x02008954                f_truncate
 .text.f_unlink
                0x02008b7c      0x1a4 C:/devkitPro/libnds/lib\libfat.a(ff.o)
                0x02008b7c                f_unlink
 .text.f_mkdir  0x02008d20      0x294 C:/devkitPro/libnds/lib\libfat.a(ff.o)
                0x02008d20                f_mkdir
 .text.f_rename
                0x02008fb4      0x248 C:/devkitPro/libnds/lib\libfat.a(ff.o)
                0x02008fb4                f_rename
 .text.ff_uni2oem
                0x020091fc       0x78 C:/devkitPro/libnds/lib\libfat.a(ffunicode.o)
                0x020091fc                ff_uni2oem
 .text.ff_oem2uni
                0x02009274       0x40 C:/devkitPro/libnds/lib\libfat.a(ffunicode.o)
                0x02009274                ff_oem2uni
 .text.ff_wtoupper
                0x020092b4      0x128 C:/devkitPro/libnds/lib\libfat.a(ffunicode.o)
                0x020092b4                ff_wtoupper
 .text.checkIfText
                0x020093dc       0x6c C:/devkitPro/libnds/lib\libnds9.a(background.o)
                0x020093dc                checkIfText
 .text.bgUpdate
                0x02009448       0xe8 C:/devkitPro/libnds/lib\libnds9.a(background.o)
                0x02009448                bgUpdate
 .text.bgInit_call
                0x02009530       0xa8 C:/devkitPro/libnds/lib\libnds9.a(background.o)
                0x02009530                bgInit_call
 .text.bgInitSub_call
                0x020095d8       0xb0 C:/devkitPro/libnds/lib\libnds9.a(background.o)
                0x020095d8                bgInitSub_call
 .text.newRow   0x02009688       0xe0 C:/devkitPro/libnds/lib\libnds9.a(console.o)
 .text.consolePrintChar
                0x02009768       0xe0 C:/devkitPro/libnds/lib\libnds9.a(console.o)
                0x02009768                consolePrintChar
 .text.con_write
                0x02009848      0x344 C:/devkitPro/libnds/lib\libnds9.a(console.o)
                0x02009848                con_write
 .text.consoleLoadFont
                0x02009b8c      0x2e8 C:/devkitPro/libnds/lib\libnds9.a(console.o)
                0x02009b8c                consoleLoadFont
 .text.consoleInit
                0x02009e74      0x170 C:/devkitPro/libnds/lib\libnds9.a(console.o)
                0x02009e74                consoleInit
 .text.consoleDemoInit
                0x02009fe4       0x40 C:/devkitPro/libnds/lib\libnds9.a(console.o)
                0x02009fe4                consoleDemoInit
 .text.consoleClear
                0x0200a024       0x10 C:/devkitPro/libnds/lib\libnds9.a(console.o)
                0x0200a024                consoleClear
 .text.getHeader
                0x0200a034        0x4 C:/devkitPro/libnds/lib\libnds9.a(decompress.o)
 .text.readByte
                0x0200a038        0x4 C:/devkitPro/libnds/lib\libnds9.a(decompress.o)
 .text.decompress
                0x0200a03c       0x40 C:/devkitPro/libnds/lib\libnds9.a(decompress.o)
                0x0200a03c                decompress
 .text.swapKeyGfx.part.0
                0x0200a07c      0x21c C:/devkitPro/libnds/lib\libnds9.a(keyboard.o)
 .text.keyboardGetKey
                0x0200a298       0x4c C:/devkitPro/libnds/lib\libnds9.a(keyboard.o)
                0x0200a298                keyboardGetKey
 .text.keyboardShiftState
                0x0200a2e4       0x9c C:/devkitPro/libnds/lib\libnds9.a(keyboard.o)
                0x0200a2e4                keyboardShiftState
 .text.keyboardUpdate
                0x0200a380      0x12c C:/devkitPro/libnds/lib\libnds9.a(keyboard.o)
                0x0200a380                keyboardUpdate
 .text.keyboardInit
                0x0200a4ac      0x20c C:/devkitPro/libnds/lib\libnds9.a(keyboard.o)
                0x0200a4ac                keyboardInit
 .text.keyboardDemoInit
                0x0200a6b8       0x2c C:/devkitPro/libnds/lib\libnds9.a(keyboard.o)
                0x0200a6b8                keyboardDemoInit
 .text.keyboardShow
                0x0200a6e4       0xd8 C:/devkitPro/libnds/lib\libnds9.a(keyboard.o)
                0x0200a6e4                keyboardShow
 .text.keyboardHide
                0x0200a7bc       0x88 C:/devkitPro/libnds/lib\libnds9.a(keyboard.o)
                0x0200a7bc                keyboardHide
 .text.keyboardRead
                0x0200a844       0xd0 C:/devkitPro/libnds/lib\libnds9.a(keyboard.o)
                0x0200a844                keyboardRead
 .text.scanKeys
                0x0200a914       0x6c C:/devkitPro/libnds/lib\libnds9.a(keys.o)
                0x0200a914                scanKeys
 .text.keysHeld
                0x0200a980        0xc C:/devkitPro/libnds/lib\libnds9.a(keys.o)
                0x0200a980                keysHeld
 .text.keysDown
                0x0200a98c       0x10 C:/devkitPro/libnds/lib\libnds9.a(keys.o)
                0x0200a98c                keysDown
 .text.keysCurrent
                0x0200a99c       0x1c C:/devkitPro/libnds/lib\libnds9.a(keys.o)
                0x0200a99c                keysCurrent
 .text.oamInit  0x0200a9b8      0x138 C:/devkitPro/libnds/lib\libnds9.a(sprite.o)
                0x0200a9b8                oamInit
 .text.oamClear
                0x0200aaf0       0x24 C:/devkitPro/libnds/lib\libnds9.a(sprite.o)
                0x0200aaf0                oamClear
 .text.sinLutLookup
                0x0200ab14       0x4c C:/devkitPro/libnds/lib\libnds9.a(trig.o)
                0x0200ab14                sinLutLookup
 .text.sinLerp  0x0200ab60       0x38 C:/devkitPro/libnds/lib\libnds9.a(trig.o)
                0x0200ab60                sinLerp
 .text.cosLerp  0x0200ab98       0x44 C:/devkitPro/libnds/lib\libnds9.a(trig.o)
                0x0200ab98                cosLerp
 .text.oamAllocReset
                0x0200abdc       0x1c C:/devkitPro/libnds/lib\libnds9.a(sprite_alloc.o)
                0x0200abdc                oamAllocReset
 .text.threadExit
                0x0200abf8       0x9c C:/devkitPro/calico/lib\libcalico_ds9.a(thread_cold.o)
                0x0200abf8                threadExit
 .text._threadTickTask
                0x0200ac94       0x10 C:/devkitPro/calico/lib\libcalico_ds9.a(thread_cold.o)
 .text._threadInit
                0x0200aca4       0x98 C:/devkitPro/calico/lib\libcalico_ds9.a(thread_cold.o)
                0x0200aca4                _threadInit
 .text.threadPrepare
                0x0200ad3c       0xa4 C:/devkitPro/calico/lib\libcalico_ds9.a(thread_cold.o)
                0x0200ad3c                threadPrepare
 .text.threadStart
                0x0200ade0       0xc8 C:/devkitPro/calico/lib\libcalico_ds9.a(thread_cold.o)
                0x0200ade0                threadStart
 .text.threadIrqWait
                0x0200aea8       0xa0 C:/devkitPro/calico/lib\libcalico_ds9.a(thread_cold.o)
                0x0200aea8                threadIrqWait
 .text.threadSleepTicks
                0x0200af48       0x58 C:/devkitPro/calico/lib\libcalico_ds9.a(thread_cold.o)
                0x0200af48                threadSleepTicks
 .text.__syscall_getreent
                0x0200afa0       0x14 C:/devkitPro/calico/lib\libcalico_ds9.a(newlib_syscalls.o)
                0x0200afa0                __syscall_getreent
 .text.__errno  0x0200afb4       0x24 C:/devkitPro/calico/lib\libcalico_ds9.a(newlib_syscalls.o)
                0x0200afb4                __errno
 .text.__syscall_gettod_r
                0x0200afd8       0x30 C:/devkitPro/calico/lib\libcalico_ds9.a(newlib_syscalls.o)
                0x0200afd8                __syscall_gettod_r
 .text.__syscall_lock_acquire
                0x0200b008        0x4 C:/devkitPro/calico/lib\libcalico_ds9.a(newlib_syscalls.o)
                0x0200b008                __syscall_lock_acquire
 .text.__syscall_lock_release
                0x0200b00c        0x4 C:/devkitPro/calico/lib\libcalico_ds9.a(newlib_syscalls.o)
                0x0200b00c                __syscall_lock_release
 .text.__syscall_lock_acquire_recursive
                0x0200b010       0x4c C:/devkitPro/calico/lib\libcalico_ds9.a(newlib_syscalls.o)
                0x0200b010                __syscall_lock_acquire_recursive
 .text.__syscall_lock_release_recursive
                0x0200b05c       0x18 C:/devkitPro/calico/lib\libcalico_ds9.a(newlib_syscalls.o)
                0x0200b05c                __syscall_lock_release_recursive
 .text.svcLZ77UncompWram
                0x0200b074        0x4 C:/devkitPro/calico/lib\libcalico_ds9.a(bios.o)
                0x0200b074                svcLZ77UncompWram
 .text.svcHuffUncompCallback
                0x0200b078        0x4 C:/devkitPro/calico/lib\libcalico_ds9.a(bios.o)
                0x0200b078                svcHuffUncompCallback
 .text.svcRLUncompWram
                0x0200b07c        0x4 C:/devkitPro/calico/lib\libcalico_ds9.a(bios.o)
                0x0200b07c                svcRLUncompWram
 .text.svcRLUncompVramCallback
                0x0200b080        0x4 C:/devkitPro/calico/lib\libcalico_ds9.a(bios.o)
                0x0200b080                svcRLUncompVramCallback
 .text.svcLZ77UncompVramCallback
                0x0200b084       0x18 C:/devkitPro/calico/lib\libcalico_ds9.a(bios.o)
                0x0200b084                svcLZ77UncompVramCallback
 .text._pxiMailboxHandler
                0x0200b09c        0x4 C:/devkitPro/calico/lib\libcalico_ds9.a(pxi.o)
 .text._pxiRecvUnhandled
                0x0200b0a0        0x4 C:/devkitPro/calico/lib\libcalico_ds9.a(pxi.o)
                0x0200b0a0                _pxiRecvUnhandled
 .text._pxiRecvIrqHandler
                0x0200b0a4      0x154 C:/devkitPro/calico/lib\libcalico_ds9.a(pxi.o)
 .text._pxiInit
                0x0200b1f8       0x58 C:/devkitPro/calico/lib\libcalico_ds9.a(pxi.o)
                0x0200b1f8                _pxiInit
 .text.pxiSetHandler
                0x0200b250       0x74 C:/devkitPro/calico/lib\libcalico_ds9.a(pxi.o)
                0x0200b250                pxiSetHandler
 .text.pxiSetMailbox
                0x0200b2c4       0x68 C:/devkitPro/calico/lib\libcalico_ds9.a(pxi.o)
                0x0200b2c4                pxiSetMailbox
 .text.pxiWaitRemote
                0x0200b32c       0x38 C:/devkitPro/calico/lib\libcalico_ds9.a(pxi.o)
                0x0200b32c                pxiWaitRemote
 .text.pxiSendPacket
                0x0200b364       0x50 C:/devkitPro/calico/lib\libcalico_ds9.a(pxi.o)
                0x0200b364                pxiSendPacket
 .text.pxiSendExtPacket
                0x0200b3b4       0x98 C:/devkitPro/calico/lib\libcalico_ds9.a(pxi.o)
                0x0200b3b4                pxiSendExtPacket
 .text.pxiBeginReceive
                0x0200b44c       0x2c C:/devkitPro/calico/lib\libcalico_ds9.a(pxi.o)
                0x0200b44c                pxiBeginReceive
 .text.pxiEndReceive
                0x0200b478       0xac C:/devkitPro/calico/lib\libcalico_ds9.a(pxi.o)
                0x0200b478                pxiEndReceive
 .text.keypadGetState
                0x0200b524       0x28 C:/devkitPro/calico/lib\libcalico_ds9.a(keypad.o)
                0x0200b524                keypadGetState
 .text._pmCallEventHandlers
                0x0200b54c       0x40 C:/devkitPro/calico/lib\libcalico_ds9.a(pm.o)
 .text._pmPxiThreadMain
                0x0200b58c       0xa0 C:/devkitPro/calico/lib\libcalico_ds9.a(pm.o)
 .text._pmResetPxiHandler
                0x0200b62c       0x28 C:/devkitPro/calico/lib\libcalico_ds9.a(pm.o)
 .text.systemUserExit
                0x0200b654        0x4 C:/devkitPro/calico/lib\libcalico_ds9.a(pm.o)
                0x0200b654                systemUserExit
 .text.systemErrorExit
                0x0200b658        0x4 C:/devkitPro/calico/lib\libcalico_ds9.a(pm.o)
                0x0200b658                systemErrorExit
 .text.__syscall_exit
                0x0200b65c      0x138 C:/devkitPro/calico/lib\libcalico_ds9.a(pm.o)
                0x0200b65c                __syscall_exit
 .text.pmInit   0x0200b794       0x58 C:/devkitPro/calico/lib\libcalico_ds9.a(pm.o)
                0x0200b794                pmInit
 .text.pmEnterSleep
                0x0200b7ec       0xcc C:/devkitPro/calico/lib\libcalico_ds9.a(pm.o)
                0x0200b7ec                pmEnterSleep
 .text.pmMainLoop
                0x0200b8b8       0x74 C:/devkitPro/calico/lib\libcalico_ds9.a(pm.o)
                0x0200b8b8                pmMainLoop
 .text.systemUserStartup
                0x0200b92c        0x4 C:/devkitPro/calico/lib\libcalico_ds9.a(sys_startup.o)
                0x0200b92c                systemUserStartup
 .text.systemStartup
                0x0200b930      0x104 C:/devkitPro/calico/lib\libcalico_ds9.a(sys_startup.o)
                0x0200b930                systemStartup
 .text.touchRead
                0x0200ba34       0x58 C:/devkitPro/calico/lib\libcalico_ds9.a(touch.o)
                0x0200ba34                touchRead
 .text._blkDevReadWriteSectors
                0x0200ba8c       0x44 C:/devkitPro/calico/lib\libcalico_ds9.a(blk.o)
 .text.blkInit  0x0200bad0        0x8 C:/devkitPro/calico/lib\libcalico_ds9.a(blk.o)
                0x0200bad0                blkInit
 .text.blkDevIsPresent
                0x0200bad8       0x30 C:/devkitPro/calico/lib\libcalico_ds9.a(blk.o)
                0x0200bad8                blkDevIsPresent
 .text.blkDevInit
                0x0200bb08       0x30 C:/devkitPro/calico/lib\libcalico_ds9.a(blk.o)
                0x0200bb08                blkDevInit
 .text.blkDevGetSectorCount
                0x0200bb38       0x34 C:/devkitPro/calico/lib\libcalico_ds9.a(blk.o)
                0x0200bb38                blkDevGetSectorCount
 .text.blkDevReadSectors
                0x0200bb6c       0x5c C:/devkitPro/calico/lib\libcalico_ds9.a(blk.o)
                0x0200bb6c                blkDevReadSectors
 .text.blkDevWriteSectors
                0x0200bbc8       0x5c C:/devkitPro/calico/lib\libcalico_ds9.a(blk.o)
                0x0200bbc8                blkDevWriteSectors
 .text.irqSet   0x0200bc24       0x64 C:/devkitPro/calico/lib\libcalico_ds9.a(irq.o)
                0x0200bc24                irqSet
 .text._tickCountIsr
                0x0200bc88       0x1c C:/devkitPro/calico/lib\libcalico_ds9.a(tick.o)
 .text._tickTaskSchedule.part.0.isra.0
                0x0200bca4       0x84 C:/devkitPro/calico/lib\libcalico_ds9.a(tick.o)
 .text.tickInit
                0x0200bd28       0xa0 C:/devkitPro/calico/lib\libcalico_ds9.a(tick.o)
                0x0200bd28                tickInit
 .text.tickGetCount
                0x0200bdc8       0x5c C:/devkitPro/calico/lib\libcalico_ds9.a(tick.o)
                0x0200bdc8                tickGetCount
 .text._tickTaskIsr
                0x0200be24      0x110 C:/devkitPro/calico/lib\libcalico_ds9.a(tick.o)
 .text.tickTaskStart
                0x0200bf34      0x144 C:/devkitPro/calico/lib\libcalico_ds9.a(tick.o)
                0x0200bf34                tickTaskStart
 .text.threadUpdateDynamicPrio
                0x0200c078      0x1cc C:/devkitPro/calico/lib\libcalico_ds9.a(mutex.o)
 .text.threadRemoveWaiter
                0x0200c244      0x1c8 C:/devkitPro/calico/lib\libcalico_ds9.a(mutex.o)
 .text.mutexLock
                0x0200c40c      0x150 C:/devkitPro/calico/lib\libcalico_ds9.a(mutex.o)
                0x0200c40c                mutexLock
 .text.mutexUnlock
                0x0200c55c       0xd0 C:/devkitPro/calico/lib\libcalico_ds9.a(mutex.o)
                0x0200c55c                mutexUnlock
 .text.mailboxTrySend
                0x0200c62c       0x98 C:/devkitPro/calico/lib\libcalico_ds9.a(mailbox.o)
                0x0200c62c                mailboxTrySend
 .text.mailboxRecv
                0x0200c6c4       0x98 C:/devkitPro/calico/lib\libcalico_ds9.a(mailbox.o)
                0x0200c6c4                mailboxRecv
 .text          0x0200c75c      0x11c C:/devkitPro/devkitARM/bin/../lib/gcc/arm-none-eabi/15.1.0/thumb\libgcc.a(_udivsi3.o)
                0x0200c75c                __aeabi_uidiv
                0x0200c75c                __udivsi3
                0x0200c858                __aeabi_uidivmod
 .text          0x0200c878      0x150 C:/devkitPro/devkitARM/bin/../lib/gcc/arm-none-eabi/15.1.0/thumb\libgcc.a(_divsi3.o)
                0x0200c878                __divsi3
                0x0200c878                __aeabi_idiv
                0x0200c9a8                __aeabi_idivmod
 .text          0x0200c9c8        0x4 C:/devkitPro/devkitARM/bin/../lib/gcc/arm-none-eabi/15.1.0/thumb\libgcc.a(_dvmd_tls.o)
                0x0200c9c8                __aeabi_idiv0
                0x0200c9c8                __aeabi_ldiv0
 .text          0x0200c9cc       0x3c C:/devkitPro/devkitARM/bin/../lib/gcc/arm-none-eabi/15.1.0/thumb\libgcc.a(_aeabi_uldivmod.o)
                0x0200c9cc                __aeabi_uldivmod
 .text.__udivmoddi4
                0x0200ca08      0x194 C:/devkitPro/devkitARM/bin/../lib/gcc/arm-none-eabi/15.1.0/thumb\libgcc.a(_udivmoddi4.o)
                0x0200ca08                __udivmoddi4
 .text          0x0200cb9c       0x28 C:/devkitPro/devkitARM/bin/../lib/gcc/arm-none-eabi/15.1.0/thumb\libgcc.a(_clzdi2.o)
                0x0200cb9c                __clzdi2
 .text          0x0200cbc4       0x48 C:/devkitPro/devkitARM/bin/../lib/gcc/arm-none-eabi/15.1.0/thumb\libgcc.a(_clzsi2.o)
                0x0200cbc4                __clzsi2
 .text.strchr   0x0200cc0c       0xbc C:/devkitPro/devkitARM/bin/../lib/gcc/arm-none-eabi/15.1.0/../../../../arm-none-eabi/lib/thumb\libg.a(libc_a-strchr.o)
                0x0200cc0c                strchr
 .text._fclose_r
                0x0200ccc8       0xdc C:/devkitPro/devkitARM/bin/../lib/gcc/arm-none-eabi/15.1.0/../../../../arm-none-eabi/lib/thumb\libg.a(libc_a-fclose.o)
                0x0200ccc8                _fclose_r
 .text.fclose   0x0200cda4       0x14 C:/devkitPro/devkitARM/bin/../lib/gcc/arm-none-eabi/15.1.0/../../../../arm-none-eabi/lib/thumb\libg.a(libc_a-fclose.o)
                0x0200cda4                fclose
 .text._fwrite_r
                0x0200cdb8       0x9c C:/devkitPro/devkitARM/bin/../lib/gcc/arm-none-eabi/15.1.0/../../../../arm-none-eabi/lib/thumb\libg.a(libc_a-fwrite.o)
                0x0200cdb8                _fwrite_r
 .text.fwrite   0x0200ce54       0x24 C:/devkitPro/devkitARM/bin/../lib/gcc/arm-none-eabi/15.1.0/../../../../arm-none-eabi/lib/thumb\libg.a(libc_a-fwrite.o)
                0x0200ce54                fwrite
 .text.sprintf  0x0200ce78       0x44 C:/devkitPro/devkitARM/bin/../lib/gcc/arm-none-eabi/15.1.0/../../../../arm-none-eabi/lib/thumb\libg.a(libc_a-sprintf.o)
                0x0200ce78                sprintf
 .text.memcmp   0x0200cebc       0x48 C:/devkitPro/devkitARM/bin/../lib/gcc/arm-none-eabi/15.1.0/../../../../arm-none-eabi/lib/thumb\libg.a(libc_a-memcmp.o)
                0x0200cebc                memcmp
 .text.stdio_exit_handler
                0x0200cf04       0x20 C:/devkitPro/devkitARM/bin/../lib/gcc/arm-none-eabi/15.1.0/../../../../arm-none-eabi/lib/thumb\libg.a(libc_a-findfp.o)
 .text.cleanup_stdio
                0x0200cf24       0x40 C:/devkitPro/devkitARM/bin/../lib/gcc/arm-none-eabi/15.1.0/../../../../arm-none-eabi/lib/thumb\libg.a(libc_a-findfp.o)
 .text.global_stdio_init.part.0
                0x0200cf64      0x120 C:/devkitPro/devkitARM/bin/../lib/gcc/arm-none-eabi/15.1.0/../../../../arm-none-eabi/lib/thumb\libg.a(libc_a-findfp.o)
 .text.__sfp    0x0200d084       0xcc C:/devkitPro/devkitARM/bin/../lib/gcc/arm-none-eabi/15.1.0/../../../../arm-none-eabi/lib/thumb\libg.a(libc_a-findfp.o)
                0x0200d084                __sfp
 .text.__sinit  0x0200d150       0x3c C:/devkitPro/devkitARM/bin/../lib/gcc/arm-none-eabi/15.1.0/../../../../arm-none-eabi/lib/thumb\libg.a(libc_a-findfp.o)
                0x0200d150                __sinit
 .text.__sfp_lock_acquire
                0x0200d18c       0x14 C:/devkitPro/devkitARM/bin/../lib/gcc/arm-none-eabi/15.1.0/../../../../arm-none-eabi/lib/thumb\libg.a(libc_a-findfp.o)
                0x0200d18c                __sfp_lock_acquire
 .text.__sfp_lock_release
                0x0200d1a0       0x14 C:/devkitPro/devkitARM/bin/../lib/gcc/arm-none-eabi/15.1.0/../../../../arm-none-eabi/lib/thumb\libg.a(libc_a-findfp.o)
                0x0200d1a0                __sfp_lock_release
 .text.__libc_init_array
                0x0200d1b4       0x54 C:/devkitPro/devkitARM/bin/../lib/gcc/arm-none-eabi/15.1.0/../../../../arm-none-eabi/lib/thumb\libg.a(libc_a-init.o)
                0x0200d1b4                __libc_init_array
 .text._fwalk_sglue
                0x0200d208       0x4c C:/devkitPro/devkitARM/bin/../lib/gcc/arm-none-eabi/15.1.0/../../../../arm-none-eabi/lib/thumb\libg.a(libc_a-fwalk.o)
                0x0200d208                _fwalk_sglue
 .text.calloc   0x0200d254       0x18 C:/devkitPro/devkitARM/bin/../lib/gcc/arm-none-eabi/15.1.0/../../../../arm-none-eabi/lib/thumb\libg.a(libc_a-calloc.o)
                0x0200d254                calloc
 .text.siscanf  0x0200d26c       0x50 C:/devkitPro/devkitARM/bin/../lib/gcc/arm-none-eabi/15.1.0/../../../../arm-none-eabi/lib/thumb\libg.a(libc_a-siscanf.o)
                0x0200d26c                siscanf
 .text.strrchr  0x0200d2bc       0x30 C:/devkitPro/devkitARM/bin/../lib/gcc/arm-none-eabi/15.1.0/../../../../arm-none-eabi/lib/thumb\libg.a(libc_a-strrchr.o)
                0x0200d2bc                strrchr
 .text.aligned_alloc
                0x0200d2ec       0x18 C:/devkitPro/devkitARM/bin/../lib/gcc/arm-none-eabi/15.1.0/../../../../arm-none-eabi/lib/thumb\libg.a(libc_a-aligned_alloc.o)
                0x0200d2ec                aligned_alloc
 .text._calloc_r
                0x0200d304       0xcc C:/devkitPro/devkitARM/bin/../lib/gcc/arm-none-eabi/15.1.0/../../../../arm-none-eabi/lib/thumb\libg.a(libc_a-callocr.o)
                0x0200d304                _calloc_r
 .text.realloc  0x0200d3d0       0x18 C:/devkitPro/devkitARM/bin/../lib/gcc/arm-none-eabi/15.1.0/../../../../arm-none-eabi/lib/thumb\libg.a(libc_a-realloc.o)
                0x0200d3d0                realloc
 .text.validate_structure
                0x0200d3e8      0x1e8 C:/devkitPro/devkitARM/bin/../lib/gcc/arm-none-eabi/15.1.0/../../../../arm-none-eabi/lib/thumb\libg.a(libc_a-mktime.o)
 .text.mktime   0x0200d5d0      0x434 C:/devkitPro/devkitARM/bin/../lib/gcc/arm-none-eabi/15.1.0/../../../../arm-none-eabi/lib/thumb\libg.a(libc_a-mktime.o)
                0x0200d5d0                mktime
 .text.__tz_lock
                0x0200da04       0x14 C:/devkitPro/devkitARM/bin/../lib/gcc/arm-none-eabi/15.1.0/../../../../arm-none-eabi/lib/thumb\libg.a(libc_a-tzlock.o)
                0x0200da04                __tz_lock
 .text.__tz_unlock
                0x0200da18       0x14 C:/devkitPro/devkitARM/bin/../lib/gcc/arm-none-eabi/15.1.0/../../../../arm-none-eabi/lib/thumb\libg.a(libc_a-tzlock.o)
                0x0200da18                __tz_unlock
 .text._malloc_r
                0x0200da2c      0x550 C:/devkitPro/devkitARM/bin/../lib/gcc/arm-none-eabi/15.1.0/../../../../arm-none-eabi/lib/thumb\libg.a(libc_a-mallocr.o)
                0x0200da2c                _malloc_r
 .text._malloc_trim_r
                0x0200df7c       0xac C:/devkitPro/devkitARM/bin/../lib/gcc/arm-none-eabi/15.1.0/../../../../arm-none-eabi/lib/thumb\libg.a(libc_a-freer.o)
                0x0200df7c                _malloc_trim_r
 .text._free_r  0x0200e028      0x1d8 C:/devkitPro/devkitARM/bin/../lib/gcc/arm-none-eabi/15.1.0/../../../../arm-none-eabi/lib/thumb\libg.a(libc_a-freer.o)
                0x0200e028                _free_r
 .text.get_arg  0x0200e200      0x404 C:/devkitPro/devkitARM/bin/../lib/gcc/arm-none-eabi/15.1.0/../../../../arm-none-eabi/lib/thumb\libg.a(libc_a-svfprintf.o)
 .text._svfprintf_r
                0x0200e604     0x22d8 C:/devkitPro/devkitARM/bin/../lib/gcc/arm-none-eabi/15.1.0/../../../../arm-none-eabi/lib/thumb\libg.a(libc_a-svfprintf.o)
                0x0200e604                _svfprintf_r
 .text.strnlen  0x020108dc       0x20 C:/devkitPro/devkitARM/bin/../lib/gcc/arm-none-eabi/15.1.0/../../../../arm-none-eabi/lib/thumb\libg.a(libc_a-strnlen.o)
                0x020108dc                strnlen
 .text.malloc   0x020108fc       0x28 C:/devkitPro/devkitARM/bin/../lib/gcc/arm-none-eabi/15.1.0/../../../../arm-none-eabi/lib/thumb\libg.a(libc_a-malloc.o)
                0x020108fc                malloc
 .text.free     0x02010924       0x14 C:/devkitPro/devkitARM/bin/../lib/gcc/arm-none-eabi/15.1.0/../../../../arm-none-eabi/lib/thumb\libg.a(libc_a-malloc.o)
                0x02010924                free
 .text.__sflush_r
                0x02010938      0x180 C:/devkitPro/devkitARM/bin/../lib/gcc/arm-none-eabi/15.1.0/../../../../arm-none-eabi/lib/thumb\libg.a(libc_a-fflush.o)
                0x02010938                __sflush_r
 .text._fflush_r
                0x02010ab8       0x70 C:/devkitPro/devkitARM/bin/../lib/gcc/arm-none-eabi/15.1.0/../../../../arm-none-eabi/lib/thumb\libg.a(libc_a-fflush.o)
                0x02010ab8                _fflush_r
 .text.time     0x02010b28       0x38 C:/devkitPro/devkitARM/bin/../lib/gcc/arm-none-eabi/15.1.0/../../../../arm-none-eabi/lib/thumb\libg.a(libc_a-time.o)
                0x02010b28                time
 .text.memset   0x02010b60       0x8c C:/devkitPro/devkitARM/bin/../lib/gcc/arm-none-eabi/15.1.0/../../../../arm-none-eabi/lib/thumb\libg.a(libc_a-memset.o)
                0x02010b60                memset
 .text._realloc_r
                0x02010bec      0x344 C:/devkitPro/devkitARM/bin/../lib/gcc/arm-none-eabi/15.1.0/../../../../arm-none-eabi/lib/thumb\libg.a(libc_a-reallocr.o)
                0x02010bec                _realloc_r
 .text.localtime_r
                0x02010f30      0x228 C:/devkitPro/devkitARM/bin/../lib/gcc/arm-none-eabi/15.1.0/../../../../arm-none-eabi/lib/thumb\libg.a(libc_a-lcltime_r.o)
                0x02010f30                localtime_r
 .text._fread_r
                0x02011158      0x228 C:/devkitPro/devkitARM/bin/../lib/gcc/arm-none-eabi/15.1.0/../../../../arm-none-eabi/lib/thumb\libg.a(libc_a-fread.o)
                0x02011158                _fread_r
 .text.fread    0x02011380       0x24 C:/devkitPro/devkitARM/bin/../lib/gcc/arm-none-eabi/15.1.0/../../../../arm-none-eabi/lib/thumb\libg.a(libc_a-fread.o)
                0x02011380                fread
 .text.__malloc_lock
                0x020113a4       0x14 C:/devkitPro/devkitARM/bin/../lib/gcc/arm-none-eabi/15.1.0/../../../../arm-none-eabi/lib/thumb\libg.a(libc_a-mlock.o)
                0x020113a4                __malloc_lock
 .text.__malloc_unlock
                0x020113b8       0x14 C:/devkitPro/devkitARM/bin/../lib/gcc/arm-none-eabi/15.1.0/../../../../arm-none-eabi/lib/thumb\libg.a(libc_a-mlock.o)
                0x020113b8                __malloc_unlock
 .text.__tzcalc_limits
                0x020113cc      0x1ac C:/devkitPro/devkitARM/bin/../lib/gcc/arm-none-eabi/15.1.0/../../../../arm-none-eabi/lib/thumb\libg.a(libc_a-tzcalc_limits.o)
                0x020113cc                __tzcalc_limits
 .text          0x02011578      0x224 C:/devkitPro/devkitARM/bin/../lib/gcc/arm-none-eabi/15.1.0/../../../../arm-none-eabi/lib/thumb\libg.a(libc_a-strcmp.o)
                0x02011578                strcmp
 .text.__call_exitprocs
                0x0201179c        0xc C:/devkitPro/devkitARM/bin/../lib/gcc/arm-none-eabi/15.1.0/../../../../arm-none-eabi/lib/thumb\libg.a(libc_a-exit.o)
                0x0201179c                __call_exitprocs
 .text.setvbuf  0x020117a8      0x1ac C:/devkitPro/devkitARM/bin/../lib/gcc/arm-none-eabi/15.1.0/../../../../arm-none-eabi/lib/thumb\libg.a(libc_a-setvbuf.o)
                0x020117a8                setvbuf
 .text._fopen_r
                0x02011954       0xb4 C:/devkitPro/devkitARM/bin/../lib/gcc/arm-none-eabi/15.1.0/../../../../arm-none-eabi/lib/thumb\libg.a(libc_a-fopen.o)
                0x02011954                _fopen_r
 .text.fopen    0x02011a08       0x18 C:/devkitPro/devkitARM/bin/../lib/gcc/arm-none-eabi/15.1.0/../../../../arm-none-eabi/lib/thumb\libg.a(libc_a-fopen.o)
                0x02011a08                fopen
 .text.strncpy  0x02011a20       0x68 C:/devkitPro/devkitARM/bin/../lib/gcc/arm-none-eabi/15.1.0/../../../../arm-none-eabi/lib/thumb\libg.a(libc_a-strncpy.o)
                0x02011a20                strncpy
 .text.memcpy   0x02011a88       0xb0 C:/devkitPro/devkitARM/bin/../lib/gcc/arm-none-eabi/15.1.0/../../../../arm-none-eabi/lib/thumb\libg.a(libc_a-memcpy-stub.o)
                0x02011a88                memcpy
 .text._wcsrtombs_r
                0x02011b38       0x20 C:/devkitPro/devkitARM/bin/../lib/gcc/arm-none-eabi/15.1.0/../../../../arm-none-eabi/lib/thumb\libg.a(libc_a-wcsrtombs.o)
                0x02011b38                _wcsrtombs_r
 .text.iprintf  0x02011b58       0x28 C:/devkitPro/devkitARM/bin/../lib/gcc/arm-none-eabi/15.1.0/../../../../arm-none-eabi/lib/thumb\libg.a(libc_a-iprintf.o)
                0x02011b58                iprintf
 .text.frexp    0x02011b80       0x74 C:/devkitPro/devkitARM/bin/../lib/gcc/arm-none-eabi/15.1.0/../../../../arm-none-eabi/lib/thumb\libg.a(libm_a-s_frexp.o)
                0x02011b80                frexp
 .text.__sfvwrite_r
                0x02011bf4      0x31c C:/devkitPro/devkitARM/bin/../lib/gcc/arm-none-eabi/15.1.0/../../../../arm-none-eabi/lib/thumb\libg.a(libc_a-fvwrite.o)
                0x02011bf4                __sfvwrite_r
 .text.__sread  0x02011f10       0x34 C:/devkitPro/devkitARM/bin/../lib/gcc/arm-none-eabi/15.1.0/../../../../arm-none-eabi/lib/thumb\libg.a(libc_a-stdio.o)
                0x02011f10                __sread
 .text.__seofread
                0x02011f44        0x4 C:/devkitPro/devkitARM/bin/../lib/gcc/arm-none-eabi/15.1.0/../../../../arm-none-eabi/lib/thumb\libg.a(libc_a-stdio.o)
                0x02011f44                __seofread
 .text.__swrite
                0x02011f48       0x4c C:/devkitPro/devkitARM/bin/../lib/gcc/arm-none-eabi/15.1.0/../../../../arm-none-eabi/lib/thumb\libg.a(libc_a-stdio.o)
                0x02011f48                __swrite
 .text.__sseek  0x02011f94       0x3c C:/devkitPro/devkitARM/bin/../lib/gcc/arm-none-eabi/15.1.0/../../../../arm-none-eabi/lib/thumb\libg.a(libc_a-stdio.o)
                0x02011f94                __sseek
 .text.__sclose
                0x02011fd0       0x10 C:/devkitPro/devkitARM/bin/../lib/gcc/arm-none-eabi/15.1.0/../../../../arm-none-eabi/lib/thumb\libg.a(libc_a-stdio.o)
                0x02011fd0                __sclose
 .text.memmove  0x02011fe0       0xcc C:/devkitPro/devkitARM/bin/../lib/gcc/arm-none-eabi/15.1.0/../../../../arm-none-eabi/lib/thumb\libg.a(libc_a-memmove.o)
                0x02011fe0                memmove
 .text.__locale_mb_cur_max
                0x020120ac       0x20 C:/devkitPro/devkitARM/bin/../lib/gcc/arm-none-eabi/15.1.0/../../../../arm-none-eabi/lib/thumb\libg.a(libc_a-locale.o)
                0x020120ac                __locale_mb_cur_max
 .text.__ssprint_r
                0x020120cc       0x60 C:/devkitPro/devkitARM/bin/../lib/gcc/arm-none-eabi/15.1.0/../../../../arm-none-eabi/lib/thumb\libg.a(libc_a-ssprint_r.o)
                0x020120cc                __ssprint_r
 .text.gmtime_r
                0x0201212c      0x1b4 C:/devkitPro/devkitARM/bin/../lib/gcc/arm-none-eabi/15.1.0/../../../../arm-none-eabi/lib/thumb\libg.a(libc_a-gmtime_r.o)
                0x0201212c                gmtime_r
 .text.get_arg  0x020122e0      0x404 C:/devkitPro/devkitARM/bin/../lib/gcc/arm-none-eabi/15.1.0/../../../../arm-none-eabi/lib/thumb\libg.a(libc_a-vfiprintf.o)
 .text._vfiprintf_r
                0x020126e4     0x16d0 C:/devkitPro/devkitARM/bin/../lib/gcc/arm-none-eabi/15.1.0/../../../../arm-none-eabi/lib/thumb\libg.a(libc_a-vfiprintf.o)
                0x020126e4                _vfiprintf_r
 .text.__sbprintf
                0x02013db4       0x7c C:/devkitPro/devkitARM/bin/../lib/gcc/arm-none-eabi/15.1.0/../../../../arm-none-eabi/lib/thumb\libg.a(libc_a-vfiprintf.o)
 .text.strlen   0x02013e30       0x60 C:/devkitPro/devkitARM/bin/../lib/gcc/arm-none-eabi/15.1.0/../../../../arm-none-eabi/lib/thumb\libg.a(libc_a-strlen.o)
                0x02013e30                strlen
 .text._memalign_r
                0x02013e90      0x118 C:/devkitPro/devkitARM/bin/../lib/gcc/arm-none-eabi/15.1.0/../../../../arm-none-eabi/lib/thumb\libg.a(libc_a-malignr.o)
                0x02013e90                _memalign_r
 .text.div      0x02013fa8       0x18 C:/devkitPro/devkitARM/bin/../lib/gcc/arm-none-eabi/15.1.0/../../../../arm-none-eabi/lib/thumb\libg.a(libc_a-div.o)
                0x02013fa8                div
 .text._wcsnrtombs_l
                0x02013fc0      0x11c C:/devkitPro/devkitARM/bin/../lib/gcc/arm-none-eabi/15.1.0/../../../../arm-none-eabi/lib/thumb\libg.a(libc_a-wcsnrtombs.o)
                0x02013fc0                _wcsnrtombs_l
 .text._wcsnrtombs_r
                0x020140dc       0x40 C:/devkitPro/devkitARM/bin/../lib/gcc/arm-none-eabi/15.1.0/../../../../arm-none-eabi/lib/thumb\libg.a(libc_a-wcsnrtombs.o)
                0x020140dc                _wcsnrtombs_r
 .text.get_arg  0x0201411c       0x3e C:/devkitPro/devkitARM/bin/../lib/gcc/arm-none-eabi/15.1.0/../../../../arm-none-eabi/lib/thumb\libg.a(libc_a-svfiscanf.o)
 .text._sungetc_r
                0x0201415a       0x7e C:/devkitPro/devkitARM/bin/../lib/gcc/arm-none-eabi/15.1.0/../../../../arm-none-eabi/lib/thumb\libg.a(libc_a-svfiscanf.o)
                0x0201415a                _sungetc_r
 .text.__ssrefill_r
                0x020141d8       0x42 C:/devkitPro/devkitARM/bin/../lib/gcc/arm-none-eabi/15.1.0/../../../../arm-none-eabi/lib/thumb\libg.a(libc_a-svfiscanf.o)
                0x020141d8                __ssrefill_r
 .text._sfread_r
                0x0201421a       0x88 C:/devkitPro/devkitARM/bin/../lib/gcc/arm-none-eabi/15.1.0/../../../../arm-none-eabi/lib/thumb\libg.a(libc_a-svfiscanf.o)
                0x0201421a                _sfread_r
 *fill*         0x020142a2        0x2 ff
 .text.__ssvfiscanf_r
                0x020142a4     0x1984 C:/devkitPro/devkitARM/bin/../lib/gcc/arm-none-eabi/15.1.0/../../../../arm-none-eabi/lib/thumb\libg.a(libc_a-svfiscanf.o)
                0x020142a4                __ssvfiscanf_r
 .text._strtoul_l.isra.0
                0x02015c28      0x150 C:/devkitPro/devkitARM/bin/../lib/gcc/arm-none-eabi/15.1.0/../../../../arm-none-eabi/lib/thumb\libg.a(libc_a-strtoul.o)
 .text._strtoul_r
                0x02015d78       0x20 C:/devkitPro/devkitARM/bin/../lib/gcc/arm-none-eabi/15.1.0/../../../../arm-none-eabi/lib/thumb\libg.a(libc_a-strtoul.o)
                0x02015d78                _strtoul_r
 .text.strtoul  0x02015d98       0x24 C:/devkitPro/devkitARM/bin/../lib/gcc/arm-none-eabi/15.1.0/../../../../arm-none-eabi/lib/thumb\libg.a(libc_a-strtoul.o)
                0x02015d98                strtoul
 .text.__utf8_mbtowc
                0x02015dbc      0x24c C:/devkitPro/devkitARM/bin/../lib/gcc/arm-none-eabi/15.1.0/../../../../arm-none-eabi/lib/thumb\libg.a(libc_a-mbtowc_r.o)
                0x02015dbc                __utf8_mbtowc
 .text._tzset_unlocked
                0x02016008       0x10 C:/devkitPro/devkitARM/bin/../lib/gcc/arm-none-eabi/15.1.0/../../../../arm-none-eabi/lib/thumb\libg.a(libc_a-tzset.o)
                0x02016008                _tzset_unlocked
 .text.__sprint_r
                0x02016018       0x24 C:/devkitPro/devkitARM/bin/../lib/gcc/arm-none-eabi/15.1.0/../../../../arm-none-eabi/lib/thumb\libg.a(libc_a-sprint_r.o)
                0x02016018                __sprint_r
 .text.iswspace
                0x0201603c       0x10 C:/devkitPro/devkitARM/bin/../lib/gcc/arm-none-eabi/15.1.0/../../../../arm-none-eabi/lib/thumb\libg.a(libc_a-iswspace.o)
                0x0201603c                iswspace
 .text.__gettzinfo
                0x0201604c        0x8 C:/devkitPro/devkitARM/bin/../lib/gcc/arm-none-eabi/15.1.0/../../../../arm-none-eabi/lib/thumb\libg.a(libc_a-gettzinfo.o)
                0x0201604c                __gettzinfo
 .text._localeconv_r
                0x02016054       0x1c C:/devkitPro/devkitARM/bin/../lib/gcc/arm-none-eabi/15.1.0/../../../../arm-none-eabi/lib/thumb\libg.a(libc_a-localeconv.o)
                0x02016054                _localeconv_r
 .text._fseek_r
                0x02016070       0x14 C:/devkitPro/devkitARM/bin/../lib/gcc/arm-none-eabi/15.1.0/../../../../arm-none-eabi/lib/thumb\libg.a(libc_a-fseek.o)
                0x02016070                _fseek_r
 .text.memchr   0x02016084       0x74 C:/devkitPro/devkitARM/bin/../lib/gcc/arm-none-eabi/15.1.0/../../../../arm-none-eabi/lib/thumb\libg.a(libc_a-memchr-stub.o)
                0x02016084                memchr
 .text.quorem   0x020160f8      0x160 C:/devkitPro/devkitARM/bin/../lib/gcc/arm-none-eabi/15.1.0/../../../../arm-none-eabi/lib/thumb\libg.a(libc_a-dtoa.o)
 .text._dtoa_r  0x02016258     0x10b0 C:/devkitPro/devkitARM/bin/../lib/gcc/arm-none-eabi/15.1.0/../../../../arm-none-eabi/lib/thumb\libg.a(libc_a-dtoa.o)
                0x02016258                _dtoa_r
 .text._wcrtomb_r
                0x02017308       0x84 C:/devkitPro/devkitARM/bin/../lib/gcc/arm-none-eabi/15.1.0/../../../../arm-none-eabi/lib/thumb\libg.a(libc_a-wcrtomb.o)
                0x02017308                _wcrtomb_r
 .text.strcpy   0x0201738c       0x10 C:/devkitPro/devkitARM/bin/../lib/gcc/arm-none-eabi/15.1.0/../../../../arm-none-eabi/lib/thumb\libg.a(libc_a-strcpy.o)
                0x0201738c                strcpy
 .text.__sflags
                0x0201739c       0x98 C:/devkitPro/devkitARM/bin/../lib/gcc/arm-none-eabi/15.1.0/../../../../arm-none-eabi/lib/thumb\libg.a(libc_a-flags.o)
                0x0201739c                __sflags
 .text._strtol_l.part.0
                0x02017434      0x25c C:/devkitPro/devkitARM/bin/../lib/gcc/arm-none-eabi/15.1.0/../../../../arm-none-eabi/lib/thumb\libg.a(libc_a-strtol.o)
 .text._strtol_r
                0x02017690       0x34 C:/devkitPro/devkitARM/bin/../lib/gcc/arm-none-eabi/15.1.0/../../../../arm-none-eabi/lib/thumb\libg.a(libc_a-strtol.o)
                0x02017690                _strtol_r
 .text.__libc_fini_array
                0x020176c4       0x30 C:/devkitPro/devkitARM/bin/../lib/gcc/arm-none-eabi/15.1.0/../../../../arm-none-eabi/lib/thumb\libg.a(libc_a-fini.o)
                0x020176c4                __libc_fini_array
 .text._tzset_unlocked_r
                0x020176f4      0x490 C:/devkitPro/devkitARM/bin/../lib/gcc/arm-none-eabi/15.1.0/../../../../arm-none-eabi/lib/thumb\libg.a(libc_a-tzset_r.o)
                0x020176f4                _tzset_unlocked_r
 .text.__sccl   0x02017b84       0xb0 C:/devkitPro/devkitARM/bin/../lib/gcc/arm-none-eabi/15.1.0/../../../../arm-none-eabi/lib/thumb\libg.a(libc_a-sccl.o)
                0x02017b84                __sccl
 .text.lflush   0x02017c34       0x24 C:/devkitPro/devkitARM/bin/../lib/gcc/arm-none-eabi/15.1.0/../../../../arm-none-eabi/lib/thumb\libg.a(libc_a-refill.o)
 .text.__srefill_r
                0x02017c58      0x108 C:/devkitPro/devkitARM/bin/../lib/gcc/arm-none-eabi/15.1.0/../../../../arm-none-eabi/lib/thumb\libg.a(libc_a-refill.o)
                0x02017c58                __srefill_r
 .text.__smakebuf_r
                0x02017d60       0xe0 C:/devkitPro/devkitARM/bin/../lib/gcc/arm-none-eabi/15.1.0/../../../../arm-none-eabi/lib/thumb\libg.a(libc_a-makebuf.o)
                0x02017d60                __smakebuf_r
 .text.__swhatbuf_r
                0x02017e40       0x5c C:/devkitPro/devkitARM/bin/../lib/gcc/arm-none-eabi/15.1.0/../../../../arm-none-eabi/lib/thumb\libg.a(libc_a-makebuf.o)
                0x02017e40                __swhatbuf_r
 .text._findenv_r
                0x02017e9c       0x94 C:/devkitPro/devkitARM/bin/../lib/gcc/arm-none-eabi/15.1.0/../../../../arm-none-eabi/lib/thumb\libg.a(libc_a-getenv_r.o)
                0x02017e9c                _findenv_r
 .text._getenv_r
                0x02017f30       0x10 C:/devkitPro/devkitARM/bin/../lib/gcc/arm-none-eabi/15.1.0/../../../../arm-none-eabi/lib/thumb\libg.a(libc_a-getenv_r.o)
                0x02017f30                _getenv_r
 .text.__ssputs_r
                0x02017f40       0xd4 C:/devkitPro/devkitARM/bin/../lib/gcc/arm-none-eabi/15.1.0/../../../../arm-none-eabi/lib/thumb\libg.a(libc_a-ssputs_r.o)
                0x02017f40                __ssputs_r
 .text.__utf8_wctomb
                0x02018014       0xbc C:/devkitPro/devkitARM/bin/../lib/gcc/arm-none-eabi/15.1.0/../../../../arm-none-eabi/lib/thumb\libg.a(libc_a-wctomb_r.o)
                0x02018014                __utf8_wctomb
 .text._strtoull_l.isra.0
                0x020180d0      0x1c0 C:/devkitPro/devkitARM/bin/../lib/gcc/arm-none-eabi/15.1.0/../../../../arm-none-eabi/lib/thumb\libg.a(libc_a-strtoull.o)
 .text._strtoull_r
                0x02018290       0x20 C:/devkitPro/devkitARM/bin/../lib/gcc/arm-none-eabi/15.1.0/../../../../arm-none-eabi/lib/thumb\libg.a(libc_a-strtoull.o)
                0x02018290                _strtoull_r
 .text._mbrtowc_r
                0x020182b0       0x98 C:/devkitPro/devkitARM/bin/../lib/gcc/arm-none-eabi/15.1.0/../../../../arm-none-eabi/lib/thumb\libg.a(libc_a-mbrtowc.o)
                0x020182b0                _mbrtowc_r
 .text.__swsetup_r
                0x02018348       0xd4 C:/devkitPro/devkitARM/bin/../lib/gcc/arm-none-eabi/15.1.0/../../../../arm-none-eabi/lib/thumb\libg.a(libc_a-wsetup.o)
                0x02018348                __swsetup_r
 .text.strncmp  0x0201841c       0x70 C:/devkitPro/devkitARM/bin/../lib/gcc/arm-none-eabi/15.1.0/../../../../arm-none-eabi/lib/thumb\libg.a(libc_a-strncmp.o)
                0x0201841c                strncmp
 .text.__env_lock
                0x0201848c       0x14 C:/devkitPro/devkitARM/bin/../lib/gcc/arm-none-eabi/15.1.0/../../../../arm-none-eabi/lib/thumb\libg.a(libc_a-envlock.o)
                0x0201848c                __env_lock
 .text.__env_unlock
                0x020184a0       0x14 C:/devkitPro/devkitARM/bin/../lib/gcc/arm-none-eabi/15.1.0/../../../../arm-none-eabi/lib/thumb\libg.a(libc_a-envlock.o)
                0x020184a0                __env_unlock
 .text.__assert_func
                0x020184b4       0x40 C:/devkitPro/devkitARM/bin/../lib/gcc/arm-none-eabi/15.1.0/../../../../arm-none-eabi/lib/thumb\libg.a(libc_a-assert.o)
                0x020184b4                __assert_func
 .text.iswspace_l
                0x020184f4       0x28 C:/devkitPro/devkitARM/bin/../lib/gcc/arm-none-eabi/15.1.0/../../../../arm-none-eabi/lib/thumb\libg.a(libc_a-iswspace_l.o)
                0x020184f4                iswspace_l
 .text._Balloc  0x0201851c       0x5c C:/devkitPro/devkitARM/bin/../lib/gcc/arm-none-eabi/15.1.0/../../../../arm-none-eabi/lib/thumb\libg.a(libc_a-mprec.o)
                0x0201851c                _Balloc
 .text._Bfree   0x02018578       0x14 C:/devkitPro/devkitARM/bin/../lib/gcc/arm-none-eabi/15.1.0/../../../../arm-none-eabi/lib/thumb\libg.a(libc_a-mprec.o)
                0x02018578                _Bfree
 .text.__multadd
                0x0201858c       0xa8 C:/devkitPro/devkitARM/bin/../lib/gcc/arm-none-eabi/15.1.0/../../../../arm-none-eabi/lib/thumb\libg.a(libc_a-mprec.o)
                0x0201858c                __multadd
 .text.__hi0bits
                0x02018634       0x60 C:/devkitPro/devkitARM/bin/../lib/gcc/arm-none-eabi/15.1.0/../../../../arm-none-eabi/lib/thumb\libg.a(libc_a-mprec.o)
                0x02018634                __hi0bits
 .text.__lo0bits
                0x02018694       0x8c C:/devkitPro/devkitARM/bin/../lib/gcc/arm-none-eabi/15.1.0/../../../../arm-none-eabi/lib/thumb\libg.a(libc_a-mprec.o)
                0x02018694                __lo0bits
 .text.__i2b    0x02018720       0x64 C:/devkitPro/devkitARM/bin/../lib/gcc/arm-none-eabi/15.1.0/../../../../arm-none-eabi/lib/thumb\libg.a(libc_a-mprec.o)
                0x02018720                __i2b
 .text.__multiply
                0x02018784      0x1b4 C:/devkitPro/devkitARM/bin/../lib/gcc/arm-none-eabi/15.1.0/../../../../arm-none-eabi/lib/thumb\libg.a(libc_a-mprec.o)
                0x02018784                __multiply
 .text.__pow5mult
                0x02018938       0xd8 C:/devkitPro/devkitARM/bin/../lib/gcc/arm-none-eabi/15.1.0/../../../../arm-none-eabi/lib/thumb\libg.a(libc_a-mprec.o)
                0x02018938                __pow5mult
 .text.__lshift
                0x02018a10       0xf8 C:/devkitPro/devkitARM/bin/../lib/gcc/arm-none-eabi/15.1.0/../../../../arm-none-eabi/lib/thumb\libg.a(libc_a-mprec.o)
                0x02018a10                __lshift
 .text.__mcmp   0x02018b08       0x50 C:/devkitPro/devkitARM/bin/../lib/gcc/arm-none-eabi/15.1.0/../../../../arm-none-eabi/lib/thumb\libg.a(libc_a-mprec.o)
                0x02018b08                __mcmp
 .text.__mdiff  0x02018b58      0x1a4 C:/devkitPro/devkitARM/bin/../lib/gcc/arm-none-eabi/15.1.0/../../../../arm-none-eabi/lib/thumb\libg.a(libc_a-mprec.o)
                0x02018b58                __mdiff
 .text.__d2b    0x02018cfc       0xd4 C:/devkitPro/devkitARM/bin/../lib/gcc/arm-none-eabi/15.1.0/../../../../arm-none-eabi/lib/thumb\libg.a(libc_a-mprec.o)
                0x02018cfc                __d2b
 .text._strtoll_l.isra.0
                0x02018dd0      0x300 C:/devkitPro/devkitARM/bin/../lib/gcc/arm-none-eabi/15.1.0/../../../../arm-none-eabi/lib/thumb\libg.a(libc_a-strtoll.o)
 .text._strtoll_r
                0x020190d0       0x20 C:/devkitPro/devkitARM/bin/../lib/gcc/arm-none-eabi/15.1.0/../../../../arm-none-eabi/lib/thumb\libg.a(libc_a-strtoll.o)
                0x020190d0                _strtoll_r
 .text.__submore
                0x020190f0       0x7c C:/devkitPro/devkitARM/bin/../lib/gcc/arm-none-eabi/15.1.0/../../../../arm-none-eabi/lib/thumb\libg.a(libc_a-ungetc.o)
                0x020190f0                __submore
 .text.fiprintf
                0x0201916c       0x28 C:/devkitPro/devkitARM/bin/../lib/gcc/arm-none-eabi/15.1.0/../../../../arm-none-eabi/lib/thumb\libg.a(libc_a-fiprintf.o)
                0x0201916c                fiprintf
 .text._fseeko_r
                0x02019194      0x414 C:/devkitPro/devkitARM/bin/../lib/gcc/arm-none-eabi/15.1.0/../../../../arm-none-eabi/lib/thumb\libg.a(libc_a-fseeko.o)
                0x02019194                _fseeko_r
 .text.abort    0x020195a8       0x10 C:/devkitPro/devkitARM/bin/../lib/gcc/arm-none-eabi/15.1.0/../../../../arm-none-eabi/lib/thumb\libg.a(libc_a-abort.o)
                0x020195a8                abort
 .text.category
                0x020195b8       0x5c C:/devkitPro/devkitARM/bin/../lib/gcc/arm-none-eabi/15.1.0/../../../../arm-none-eabi/lib/thumb\libg.a(libc_a-categories.o)
                0x020195b8                category
 .text._raise_r
                0x02019614       0x60 C:/devkitPro/devkitARM/bin/../lib/gcc/arm-none-eabi/15.1.0/../../../../arm-none-eabi/lib/thumb\libg.a(libc_a-signal.o)
                0x02019614                _raise_r
 .text.raise    0x02019674       0x14 C:/devkitPro/devkitARM/bin/../lib/gcc/arm-none-eabi/15.1.0/../../../../arm-none-eabi/lib/thumb\libg.a(libc_a-signal.o)
                0x02019674                raise
 .text._exit    0x02019688       0x14 C:/devkitPro/devkitARM/bin/../lib/gcc/arm-none-eabi/15.1.0/../../../../arm-none-eabi/lib/thumb\libsysbase.a(libsysbase_libsysbase_a-_exit.o)
                0x02019688                _exit
 .text.chdir    0x0201969c       0xe4 C:/devkitPro/devkitARM/bin/../lib/gcc/arm-none-eabi/15.1.0/../../../../arm-none-eabi/lib/thumb\libsysbase.a(libsysbase_libsysbase_a-chdir.o)
                0x0201969c                chdir
 .text._concatenate_path
                0x02019780      0x134 C:/devkitPro/devkitARM/bin/../lib/gcc/arm-none-eabi/15.1.0/../../../../arm-none-eabi/lib/thumb\libsysbase.a(libsysbase_libsysbase_a-concatenate.o)
                0x02019780                _concatenate_path
 .text._fstat_r
                0x020198b4       0x5c C:/devkitPro/devkitARM/bin/../lib/gcc/arm-none-eabi/15.1.0/../../../../arm-none-eabi/lib/thumb\libsysbase.a(libsysbase_libsysbase_a-fstat.o)
                0x020198b4                _fstat_r
 .text._getpid_r
                0x02019910        0xc C:/devkitPro/devkitARM/bin/../lib/gcc/arm-none-eabi/15.1.0/../../../../arm-none-eabi/lib/thumb\libsysbase.a(libsysbase_libsysbase_a-getpid.o)
                0x02019910                _getpid_r
 .text.__getreent
                0x0201991c       0x20 C:/devkitPro/devkitARM/bin/../lib/gcc/arm-none-eabi/15.1.0/../../../../arm-none-eabi/lib/thumb\libsysbase.a(libsysbase_libsysbase_a-getreent.o)
                0x0201991c                __getreent
 .text._gettimeofday_r
                0x0201993c       0x20 C:/devkitPro/devkitARM/bin/../lib/gcc/arm-none-eabi/15.1.0/../../../../arm-none-eabi/lib/thumb\libsysbase.a(libsysbase_libsysbase_a-gettod.o)
                0x0201993c                _gettimeofday_r
 .text.__release_handle
                0x0201995c       0x6c C:/devkitPro/devkitARM/bin/../lib/gcc/arm-none-eabi/15.1.0/../../../../arm-none-eabi/lib/thumb\libsysbase.a(libsysbase_libsysbase_a-handle_manager.o)
                0x0201995c                __release_handle
 .text.__alloc_handle
                0x020199c8       0x7c C:/devkitPro/devkitARM/bin/../lib/gcc/arm-none-eabi/15.1.0/../../../../arm-none-eabi/lib/thumb\libsysbase.a(libsysbase_libsysbase_a-handle_manager.o)
                0x020199c8                __alloc_handle
 .text.__get_handle
                0x02019a44       0x34 C:/devkitPro/devkitARM/bin/../lib/gcc/arm-none-eabi/15.1.0/../../../../arm-none-eabi/lib/thumb\libsysbase.a(libsysbase_libsysbase_a-handle_manager.o)
                0x02019a44                __get_handle
 .text._close_r
                0x02019a78       0xb0 C:/devkitPro/devkitARM/bin/../lib/gcc/arm-none-eabi/15.1.0/../../../../arm-none-eabi/lib/thumb\libsysbase.a(libsysbase_libsysbase_a-handle_manager.o)
                0x02019a78                _close_r
 .text.null_write
                0x02019b28        0x4 C:/devkitPro/devkitARM/bin/../lib/gcc/arm-none-eabi/15.1.0/../../../../arm-none-eabi/lib/thumb\libsysbase.a(libsysbase_libsysbase_a-iosupport.o)
 .text.setDefaultDevice
                0x02019b2c       0x10 C:/devkitPro/devkitARM/bin/../lib/gcc/arm-none-eabi/15.1.0/../../../../arm-none-eabi/lib/thumb\libsysbase.a(libsysbase_libsysbase_a-iosupport.o)
                0x02019b2c                setDefaultDevice
 .text.FindDevice
                0x02019b3c       0x90 C:/devkitPro/devkitARM/bin/../lib/gcc/arm-none-eabi/15.1.0/../../../../arm-none-eabi/lib/thumb\libsysbase.a(libsysbase_libsysbase_a-iosupport.o)
                0x02019b3c                FindDevice
 .text.AddDevice
                0x02019bcc       0x7c C:/devkitPro/devkitARM/bin/../lib/gcc/arm-none-eabi/15.1.0/../../../../arm-none-eabi/lib/thumb\libsysbase.a(libsysbase_libsysbase_a-iosupport.o)
                0x02019bcc                AddDevice
 .text.GetDeviceOpTab
                0x02019c48       0x20 C:/devkitPro/devkitARM/bin/../lib/gcc/arm-none-eabi/15.1.0/../../../../arm-none-eabi/lib/thumb\libsysbase.a(libsysbase_libsysbase_a-iosupport.o)
                0x02019c48                GetDeviceOpTab
 .text._isatty_r
                0x02019c68        0x4 C:/devkitPro/devkitARM/bin/../lib/gcc/arm-none-eabi/15.1.0/../../../../arm-none-eabi/lib/thumb\libsysbase.a(libsysbase_libsysbase_a-isatty.o)
                0x02019c68                _isatty_r
 .text._kill_r  0x02019c6c        0xc C:/devkitPro/devkitARM/bin/../lib/gcc/arm-none-eabi/15.1.0/../../../../arm-none-eabi/lib/thumb\libsysbase.a(libsysbase_libsysbase_a-kill.o)
                0x02019c6c                _kill_r
 .text._lseek_r
                0x02019c78       0x64 C:/devkitPro/devkitARM/bin/../lib/gcc/arm-none-eabi/15.1.0/../../../../arm-none-eabi/lib/thumb\libsysbase.a(libsysbase_libsysbase_a-lseek.o)
                0x02019c78                _lseek_r
 .text._open_r  0x02019cdc       0x8c C:/devkitPro/devkitARM/bin/../lib/gcc/arm-none-eabi/15.1.0/../../../../arm-none-eabi/lib/thumb\libsysbase.a(libsysbase_libsysbase_a-open.o)
                0x02019cdc                _open_r
 .text._read_r  0x02019d68       0x5c C:/devkitPro/devkitARM/bin/../lib/gcc/arm-none-eabi/15.1.0/../../../../arm-none-eabi/lib/thumb\libsysbase.a(libsysbase_libsysbase_a-read.o)
                0x02019d68                _read_r
 .text._sbrk_r  0x02019dc4       0x50 C:/devkitPro/devkitARM/bin/../lib/gcc/arm-none-eabi/15.1.0/../../../../arm-none-eabi/lib/thumb\libsysbase.a(libsysbase_libsysbase_a-sbrk.o)
                0x02019dc4                _sbrk_r
 .text.__libc_lock_acquire
                0x02019e14       0x18 C:/devkitPro/devkitARM/bin/../lib/gcc/arm-none-eabi/15.1.0/../../../../arm-none-eabi/lib/thumb\libsysbase.a(libsysbase_libsysbase_a-syscall_support.o)
                0x02019e14                __libc_lock_acquire
 .text.__libc_lock_release
                0x02019e2c       0x18 C:/devkitPro/devkitARM/bin/../lib/gcc/arm-none-eabi/15.1.0/../../../../arm-none-eabi/lib/thumb\libsysbase.a(libsysbase_libsysbase_a-syscall_support.o)
                0x02019e2c                __libc_lock_release
 .text.__libc_lock_acquire_recursive
                0x02019e44       0x18 C:/devkitPro/devkitARM/bin/../lib/gcc/arm-none-eabi/15.1.0/../../../../arm-none-eabi/lib/thumb\libsysbase.a(libsysbase_libsysbase_a-syscall_support.o)
                0x02019e44                __libc_lock_acquire_recursive
 .text.__libc_lock_release_recursive
                0x02019e5c       0x18 C:/devkitPro/devkitARM/bin/../lib/gcc/arm-none-eabi/15.1.0/../../../../arm-none-eabi/lib/thumb\libsysbase.a(libsysbase_libsysbase_a-syscall_support.o)
                0x02019e5c                __libc_lock_release_recursive
 .text._write_r
                0x02019e74       0x5c C:/devkitPro/devkitARM/bin/../lib/gcc/arm-none-eabi/15.1.0/../../../../arm-none-eabi/lib/thumb\libsysbase.a(libsysbase_libsysbase_a-write.o)
                0x02019e74                _write_r
 .text          0x02019ed0       0x14 C:/devkitPro/devkitARM/bin/../lib/gcc/arm-none-eabi/15.1.0/thumb\libgcc.a(_thumb1_case_uqi.o)
                0x02019ed0                __gnu_thumb1_case_uqi
 .text          0x02019ee4       0x14 C:/devkitPro/devkitARM/bin/../lib/gcc/arm-none-eabi/15.1.0/thumb\libgcc.a(_thumb1_case_uhi.o)
                0x02019ee4                __gnu_thumb1_case_uhi
 .text          0x02019ef8      0x424 C:/devkitPro/devkitARM/bin/../lib/gcc/arm-none-eabi/15.1.0/thumb\libgcc.a(_arm_addsubdf3.o)
                0x02019ef8                __aeabi_drsub
                0x02019f00                __aeabi_dsub
                0x02019f00                __subdf3
                0x02019f04                __aeabi_dadd
                0x02019f04                __adddf3
                0x0201a214                __floatunsidf
                0x0201a214                __aeabi_ui2d
                0x0201a238                __floatsidf
                0x0201a238                __aeabi_i2d
                0x0201a260                __aeabi_f2d
                0x0201a260                __extendsfdf2
                0x0201a2a8                __floatundidf
                0x0201a2a8                __aeabi_ul2d
                0x0201a2bc                __floatdidf
                0x0201a2bc                __aeabi_l2d
 .text          0x0201a31c      0x49c C:/devkitPro/devkitARM/bin/../lib/gcc/arm-none-eabi/15.1.0/thumb\libgcc.a(_arm_muldivdf3.o)
                0x0201a31c                __aeabi_dmul
                0x0201a31c                __muldf3
                0x0201a5ac                __divdf3
                0x0201a5ac                __aeabi_ddiv
 .text          0x0201a7b8      0x144 C:/devkitPro/devkitARM/bin/../lib/gcc/arm-none-eabi/15.1.0/thumb\libgcc.a(_arm_cmpdf2.o)
                0x0201a7b8                __gtdf2
                0x0201a7b8                __gedf2
                0x0201a7c0                __ltdf2
                0x0201a7c0                __ledf2
                0x0201a7c8                __nedf2
                0x0201a7c8                __eqdf2
                0x0201a7c8                __cmpdf2
                0x0201a850                __aeabi_cdrcmple
                0x0201a86c                __aeabi_cdcmpeq
                0x0201a86c                __aeabi_cdcmple
                0x0201a884                __aeabi_dcmpeq
                0x0201a89c                __aeabi_dcmplt
                0x0201a8b4                __aeabi_dcmple
                0x0201a8cc                __aeabi_dcmpge
                0x0201a8e4                __aeabi_dcmpgt
 .text          0x0201a8fc       0x38 C:/devkitPro/devkitARM/bin/../lib/gcc/arm-none-eabi/15.1.0/thumb\libgcc.a(_arm_unorddf2.o)
                0x0201a8fc                __unorddf2
                0x0201a8fc                __aeabi_dcmpun
 .text          0x0201a934       0x5c C:/devkitPro/devkitARM/bin/../lib/gcc/arm-none-eabi/15.1.0/thumb\libgcc.a(_arm_fixdfsi.o)
                0x0201a934                __aeabi_d2iz
                0x0201a934                __fixdfsi
 .text          0x0201a990       0xd4 C:/devkitPro/devkitARM/bin/../lib/gcc/arm-none-eabi/15.1.0/thumb\libgcc.a(_aeabi_ldivmod.o)
                0x0201a990                __aeabi_ldivmod
 .text.__muldi3
                0x0201aa64       0x58 C:/devkitPro/devkitARM/bin/../lib/gcc/arm-none-eabi/15.1.0/thumb\libgcc.a(_muldi3.o)
                0x0201aa64                __muldi3
                0x0201aa64                __aeabi_lmul
 EXCLUDE_FILE(*.twl.*) *(.glue_7t .glue_7 .vfp11_veneer .v4_bx)
 .glue_7        0x0201aabc        0x0 linker stubs
 .glue_7t       0x0201aabc        0x0 linker stubs
 .vfp11_veneer  0x0201aabc        0x0 linker stubs
 .v4_bx         0x0201aabc        0x0 linker stubs
 *(SORT_NONE(.fini))
 .fini          0x0201aabc        0x4 C:/devkitPro/devkitARM/bin/../lib/gcc/arm-none-eabi/15.1.0/thumb/crti.o
                0x0201aabc                _fini
 .fini          0x0201aac0        0x8 C:/devkitPro/devkitARM/bin/../lib/gcc/arm-none-eabi/15.1.0/thumb/crtn.o
 .fini.__stub   0x0201aac8       0x28 linker stubs
 EXCLUDE_FILE(*.twl.*) *(.rodata .rodata.* .gnu.linkonce.r.*)
 .rodata        0x0201aaf0     0x2b7c GFXinput.o
                0x0201aaf0                GFXinputBitmap
 .rodata._Z9saveArrayPKcPvj.str1.4
                0x0201d66c      0x378 main.o
                                  0x3 (size before relaxing)
 .rodata._Z9loadArrayPKcPvj.str1.4
                0x0201d9e4        0x3 main.o
 .rodata._Z19getActionsFromTouchi
                0x0201d9e4       0x20 main.o
 .rodata.main.str1.4
                0x0201da04      0x120 main.o
 .rodata.dvmInit.str1.4
                0x0201da04        0xd C:/devkitPro/libnds/lib\libfat.a(dvm_calico.o)
 .rodata.s_dvmDiscCalicoIface
                0x0201da04       0x10 C:/devkitPro/libnds/lib\libfat.a(dvm_calico.o)
 .rodata.s_dvmDiscCacheIface
                0x0201da14       0x10 C:/devkitPro/libnds/lib\libfat.a(dvm_cache.o)
 .rodata.dvmMountVolume.str1.4
                0x0201da24        0xc C:/devkitPro/libnds/lib\libfat.a(dvm_volume.o)
 .rodata._dvmIdentMbrVbr.str1.4
                0x0201da24       0x3d C:/devkitPro/libnds/lib\libfat.a(dvm_prober.o)
 .rodata.fr_to_errno.0
                0x0201da24       0x14 C:/devkitPro/libnds/lib\libfat.a(fat_driver.o)
 .rodata.str1.4
                0x0201da38        0x5 C:/devkitPro/libnds/lib\libfat.a(fat_driver.o)
 .rodata.g_vfatFsDriver
                0x0201da38       0x14 C:/devkitPro/libnds/lib\libfat.a(fat_driver.o)
                0x0201da38                g_vfatFsDriver
 .rodata._FAT_devoptab
                0x0201da4c       0x80 C:/devkitPro/libnds/lib\libfat.a(fat_driver.o)
 .rodata.follow_path.str1.4
                0x0201dacc       0x13 C:/devkitPro/libnds/lib\libfat.a(ff.o)
 .rodata.check_fs.str1.4
                0x0201dacc        0x9 C:/devkitPro/libnds/lib\libfat.a(ff.o)
 .rodata.ExCvt  0x0201dacc       0x80 C:/devkitPro/libnds/lib\libfat.a(ff.o)
 .rodata.LfnOfs
                0x0201db4c        0xd C:/devkitPro/libnds/lib\libfat.a(ff.o)
 .rodata.ff_wtoupper
                0x0201db59        0x9 C:/devkitPro/libnds/lib\libfat.a(ffunicode.o)
 *fill*         0x0201db62        0x2 ff
 .rodata.cvt2.0
                0x0201db64       0xbc C:/devkitPro/libnds/lib\libfat.a(ffunicode.o)
 .rodata.cvt1.1
                0x0201dc20      0x1f2 C:/devkitPro/libnds/lib\libfat.a(ffunicode.o)
 *fill*         0x0201de12        0x6 ff
 .rodata.uc437  0x0201de18      0x100 C:/devkitPro/libnds/lib\libfat.a(ffunicode.o)
 .rodata.con_write.str1.4
                0x0201df18       0x30 C:/devkitPro/libnds/lib\libnds9.a(console.o)
 .rodata.con_write
                0x0201df18       0xd4 C:/devkitPro/libnds/lib\libnds9.a(console.o)
 .rodata.consoleClear.str1.4
                0x0201dfec        0x5 C:/devkitPro/libnds/lib\libnds9.a(console.o)
 .rodata.str1.4
                0x0201dfec       0x14 C:/devkitPro/libnds/lib\libnds9.a(console.o)
 .rodata.dotab_stdout
                0x0201dfec       0x80 C:/devkitPro/libnds/lib\libnds9.a(console.o)
 .rodata.decompress
                0x0201e06c       0x14 C:/devkitPro/libnds/lib\libnds9.a(decompress.o)
 .rodata.str1.4
                0x0201e080        0x6 C:/devkitPro/libnds/lib\libnds9.a(keyboard.o)
 .rodata.std_in
                0x0201e080       0x80 C:/devkitPro/libnds/lib\libnds9.a(keyboard.o)
                0x0201e080                std_in
 .rodata.SIN_LUT
                0x0201e100      0x102 C:/devkitPro/libnds/lib\libnds9.a(trig.o)
                0x0201e100                SIN_LUT
 *fill*         0x0201e202        0x2 ff
 .rodata.default_font_bin
                0x0201e204      0x800 C:/devkitPro/libnds/lib\libnds9.a(default_font.bin.o)
                0x0201e204                default_font_bin
                0x0201ea04                default_font_bin_end
 .rodata        0x0201ea04     0x2d0c C:/devkitPro/libnds/lib\libnds9.a(keyboardGfx.o)
                0x0201ea04                keyboardGfxTiles
                0x02020cf0                keyboardGfxMap
                0x020216f0                keyboardGfxPal
 .rodata._DAYS_BEFORE_MONTH
                0x02021710       0x30 C:/devkitPro/devkitARM/bin/../lib/gcc/arm-none-eabi/15.1.0/../../../../arm-none-eabi/lib/thumb\libg.a(libc_a-mktime.o)
 .rodata.DAYS_IN_MONTH
                0x02021740       0x30 C:/devkitPro/devkitARM/bin/../lib/gcc/arm-none-eabi/15.1.0/../../../../arm-none-eabi/lib/thumb\libg.a(libc_a-mktime.o)
 .rodata._svfprintf_r.str1.1
                0x02021770       0x3b C:/devkitPro/devkitARM/bin/../lib/gcc/arm-none-eabi/15.1.0/../../../../arm-none-eabi/lib/thumb\libg.a(libc_a-svfprintf.o)
 *fill*         0x020217ab        0x1 ff
 .rodata.zeroes.0
                0x020217ac       0x10 C:/devkitPro/devkitARM/bin/../lib/gcc/arm-none-eabi/15.1.0/../../../../arm-none-eabi/lib/thumb\libg.a(libc_a-svfprintf.o)
 .rodata.blanks.1
                0x020217bc       0x10 C:/devkitPro/devkitARM/bin/../lib/gcc/arm-none-eabi/15.1.0/../../../../arm-none-eabi/lib/thumb\libg.a(libc_a-svfprintf.o)
 .rodata.str1.4
                0x020217cc        0x4 C:/devkitPro/devkitARM/bin/../lib/gcc/arm-none-eabi/15.1.0/../../../../arm-none-eabi/lib/thumb\libg.a(libc_a-tzvars.o)
 .rodata.__action_table
                0x020217cc       0x6c C:/devkitPro/devkitARM/bin/../lib/gcc/arm-none-eabi/15.1.0/../../../../arm-none-eabi/lib/thumb\libg.a(libc_a-svfiprintf.o)
                0x020217cc                __action_table
 .rodata.__state_table
                0x02021838       0x6c C:/devkitPro/devkitARM/bin/../lib/gcc/arm-none-eabi/15.1.0/../../../../arm-none-eabi/lib/thumb\libg.a(libc_a-svfiprintf.o)
                0x02021838                __state_table
 .rodata.__chclass
                0x020218a4      0x100 C:/devkitPro/devkitARM/bin/../lib/gcc/arm-none-eabi/15.1.0/../../../../arm-none-eabi/lib/thumb\libg.a(libc_a-svfiprintf.o)
                0x020218a4                __chclass
 .rodata.str1.4
                0x020219a4       0x4c C:/devkitPro/devkitARM/bin/../lib/gcc/arm-none-eabi/15.1.0/../../../../arm-none-eabi/lib/thumb\libg.a(libc_a-locale.o)
 .rodata._vfiprintf_r.str1.1
                0x020219a4       0x29 C:/devkitPro/devkitARM/bin/../lib/gcc/arm-none-eabi/15.1.0/../../../../arm-none-eabi/lib/thumb\libg.a(libc_a-vfiprintf.o)
 .rodata.zeroes.0
                0x020219a4       0x10 C:/devkitPro/devkitARM/bin/../lib/gcc/arm-none-eabi/15.1.0/../../../../arm-none-eabi/lib/thumb\libg.a(libc_a-vfiprintf.o)
 .rodata.blanks.1
                0x020219b4       0x10 C:/devkitPro/devkitARM/bin/../lib/gcc/arm-none-eabi/15.1.0/../../../../arm-none-eabi/lib/thumb\libg.a(libc_a-vfiprintf.o)
 .rodata.basefix.0
                0x020219c4       0x22 C:/devkitPro/devkitARM/bin/../lib/gcc/arm-none-eabi/15.1.0/../../../../arm-none-eabi/lib/thumb\libg.a(libc_a-svfiscanf.o)
 *fill*         0x020219e6        0x2 ff
 .rodata.__month_lengths
                0x020219e8       0x60 C:/devkitPro/devkitARM/bin/../lib/gcc/arm-none-eabi/15.1.0/../../../../arm-none-eabi/lib/thumb\libg.a(libc_a-month_lengths.o)
                0x020219e8                __month_lengths
 .rodata._dtoa_r.str1.4
                0x02021a48       0x67 C:/devkitPro/devkitARM/bin/../lib/gcc/arm-none-eabi/15.1.0/../../../../arm-none-eabi/lib/thumb\libg.a(libc_a-dtoa.o)
 .rodata._tzset_unlocked_r.str1.4
                0x02021a48       0x6b C:/devkitPro/devkitARM/bin/../lib/gcc/arm-none-eabi/15.1.0/../../../../arm-none-eabi/lib/thumb\libg.a(libc_a-tzset_r.o)
 .rodata._ctype_
                0x02021a48      0x101 C:/devkitPro/devkitARM/bin/../lib/gcc/arm-none-eabi/15.1.0/../../../../arm-none-eabi/lib/thumb\libg.a(libc_a-ctype_.o)
                0x02021a48                _ctype_
 .rodata._mbrtowc_r.str1.4
                0x02021b49        0x1 C:/devkitPro/devkitARM/bin/../lib/gcc/arm-none-eabi/15.1.0/../../../../arm-none-eabi/lib/thumb\libg.a(libc_a-mbrtowc.o)
 .rodata.__assert_func.str1.4
                0x02021b49       0x43 C:/devkitPro/devkitARM/bin/../lib/gcc/arm-none-eabi/15.1.0/../../../../arm-none-eabi/lib/thumb\libg.a(libc_a-assert.o)
 .rodata.__multadd.str1.4
                0x02021b49       0x54 C:/devkitPro/devkitARM/bin/../lib/gcc/arm-none-eabi/15.1.0/../../../../arm-none-eabi/lib/thumb\libg.a(libc_a-mprec.o)
 *fill*         0x02021b49        0x3 ff
 .rodata.p05.0  0x02021b4c        0xc C:/devkitPro/devkitARM/bin/../lib/gcc/arm-none-eabi/15.1.0/../../../../arm-none-eabi/lib/thumb\libg.a(libc_a-mprec.o)
 .rodata.__mprec_bigtens
                0x02021b58       0x28 C:/devkitPro/devkitARM/bin/../lib/gcc/arm-none-eabi/15.1.0/../../../../arm-none-eabi/lib/thumb\libg.a(libc_a-mprec.o)
                0x02021b58                __mprec_bigtens
 .rodata.__mprec_tens
                0x02021b80       0xc8 C:/devkitPro/devkitARM/bin/../lib/gcc/arm-none-eabi/15.1.0/../../../../arm-none-eabi/lib/thumb\libg.a(libc_a-mprec.o)
                0x02021b80                __mprec_tens
 .rodata.categories
                0x02021c48     0x35dc C:/devkitPro/devkitARM/bin/../lib/gcc/arm-none-eabi/15.1.0/../../../../arm-none-eabi/lib/thumb\libg.a(libc_a-categories.o)
 .rodata.AddDevice.str1.4
                0x02025224        0x8 C:/devkitPro/devkitARM/bin/../lib/gcc/arm-none-eabi/15.1.0/../../../../arm-none-eabi/lib/thumb\libsysbase.a(libsysbase_libsysbase_a-iosupport.o)
 .rodata.dotab_stdnull
                0x02025224       0x80 C:/devkitPro/devkitARM/bin/../lib/gcc/arm-none-eabi/15.1.0/../../../../arm-none-eabi/lib/thumb\libsysbase.a(libsysbase_libsysbase_a-iosupport.o)
                0x02025224                dotab_stdnull
 EXCLUDE_FILE(*.twl.*) *(.rodata1)
                0x020252a4                        . = ALIGN (0x4)

.main.rw        0x020252a8     0x22ec load address 0x0202d360
 EXCLUDE_FILE(*.twl.*) *(.data .data.* .gnu.linkonce.d.*)
 .data.currentSubMode
                0x020252a8        0x1 main.o
                0x020252a8                currentSubMode
 .data.surfaceYres
                0x020252a9        0x1 main.o
                0x020252a9                surfaceYres
 .data.surfaceXres
                0x020252aa        0x1 main.o
                0x020252aa                surfaceXres
 .data.subSurfaceZoom
                0x020252ab        0x1 main.o
                0x020252ab                subSurfaceZoom
 .data.palleteSize
                0x020252ac        0x4 main.o
                0x020252ac                palleteSize
 .data.pixelsVRAM
                0x020252b0        0x4 main.o
                0x020252b0                pixelsVRAM
 .data.pixelsTopVRAM