Archive member included to satisfy reference by file (symbol)

C:/devkitPro/libnds/lib\libfat.a(fat_wrappers.o)
                              main.o (fatInitDefault)
C:/devkitPro/libnds/lib\libfat.a(dvm_calico.o)
                              C:/devkitPro/libnds/lib\libfat.a(fat_wrappers.o) (dvmInit)
C:/devkitPro/libnds/lib\libfat.a(dvm_disc.o)
                              C:/devkitPro/libnds/lib\libfat.a(fat_wrappers.o) (dvmDiscCreate)
C:/devkitPro/libnds/lib\libfat.a(dvm_cache.o)
                              C:/devkitPro/libnds/lib\libfat.a(fat_wrappers.o) (dvmDiscCacheCreate)
C:/devkitPro/libnds/lib\libfat.a(dvm_volume.o)
                              C:/devkitPro/libnds/lib\libfat.a(fat_wrappers.o) (dvmMountVolume)
C:/devkitPro/libnds/lib\libfat.a(dvm_prober.o)
                              C:/devkitPro/libnds/lib\libfat.a(dvm_calico.o) (dvmProbeMountDisc)
C:/devkitPro/libnds/lib\libfat.a(fat_driver.o)
                              C:/devkitPro/libnds/lib\libfat.a(dvm_volume.o) (g_vfatFsDriver)
C:/devkitPro/libnds/lib\libfat.a(ff.o)
                              C:/devkitPro/libnds/lib\libfat.a(fat_driver.o) (f_mount)
C:/devkitPro/libnds/lib\libfat.a(ffunicode.o)
                              C:/devkitPro/libnds/lib\libfat.a(ff.o) (ff_uni2oem)
C:/devkitPro/libnds/lib\libnds9.a(background.o)
                              main.o (bgInit_call)
C:/devkitPro/libnds/lib\libnds9.a(console.o)
                              main.o (consoleInit)
C:/devkitPro/libnds/lib\libnds9.a(decompress.o)
                              main.o (decompress)
C:/devkitPro/libnds/lib\libnds9.a(exceptionDefault.o)
                              main.o (defaultExceptionHandler)
C:/devkitPro/libnds/lib\libnds9.a(gurumeditation.o)
                              C:/devkitPro/libnds/lib\libnds9.a(exceptionDefault.o) (guruMeditationDump)
C:/devkitPro/libnds/lib\libnds9.a(keyboard.o)
                              main.o (keyboardDemoInit)
C:/devkitPro/libnds/lib\libnds9.a(keys.o)
                              main.o (scanKeys)
C:/devkitPro/libnds/lib\libnds9.a(sprite_alloc.o)
                              main.o (oamAllocateGfx)
C:/devkitPro/libnds/lib\libnds9.a(sprite.o)
                              main.o (oamInit)
C:/devkitPro/libnds/lib\libnds9.a(trig.o)
                              C:/devkitPro/libnds/lib\libnds9.a(background.o) (sinLerp)
C:/devkitPro/libnds/lib\libnds9.a(exceptionEntry.o)
                              C:/devkitPro/libnds/lib\libnds9.a(exceptionDefault.o) (__libnds_excpt)
C:/devkitPro/libnds/lib\libnds9.a(default_font.bin.o)
                              C:/devkitPro/libnds/lib\libnds9.a(console.o) (default_font_bin)
C:/devkitPro/libnds/lib\libnds9.a(keyboardGfx.o)
                              C:/devkitPro/libnds/lib\libnds9.a(keyboard.o) (keyboardGfxTiles)
C:/devkitPro/calico/lib\libcalico_ds9.a(thread_cold.o)
                              main.o (threadIrqWait)
C:/devkitPro/calico/lib\libcalico_ds9.a(thread_hot.32.o)
                              C:/devkitPro/libnds/lib\libnds9.a(exceptionDefault.o) (__sched_state)
C:/devkitPro/calico/lib\libcalico_ds9.a(dietprint.o)
                              C:/devkitPro/libnds/lib\libnds9.a(exceptionDefault.o) (g_dietPrintFn)
C:/devkitPro/calico/lib\libcalico_ds9.a(newlib_syscalls.o)
                              C:/devkitPro/libnds/lib\libfat.a(fat_driver.o) (__errno)
C:/devkitPro/calico/lib\libcalico_ds9.a(arm-copy-fill.32.o)
                              C:/devkitPro/libnds/lib\libfat.a(dvm_calico.o) (armCopyMem32)
C:/devkitPro/calico/lib\libcalico_ds9.a(arm-context.32.o)
                              C:/devkitPro/calico/lib\libcalico_ds9.a(thread_cold.o) (armContextSave)
C:/devkitPro/calico/lib\libcalico_ds9.a(arm-shims.32.o)
                              C:/devkitPro/calico/lib\libcalico_ds9.a(thread_cold.o) (armWaitForIrq)
C:/devkitPro/calico/lib\libcalico_ds9.a(arm-cache.32.o)
                              C:/devkitPro/libnds/lib\libnds9.a(sprite.o) (armDCacheFlush)
C:/devkitPro/calico/lib\libcalico_ds9.a(startup.crt0.o)
                              C:/devkitPro/libnds/lib\libfat.a(dvm_calico.o) (g_isTwlMode)
C:/devkitPro/calico/lib\libcalico_ds9.a(utils.crt0.o)
                              C:/devkitPro/calico/lib\libcalico_ds9.a(startup.crt0.o) (crt0CopyMem32)
C:/devkitPro/calico/lib\libcalico_ds9.a(bios.o)
                              C:/devkitPro/libnds/lib\libnds9.a(decompress.o) (svcLZ77UncompWram)
C:/devkitPro/calico/lib\libcalico_ds9.a(pxi.o)
                              C:/devkitPro/calico/lib\libcalico_ds9.a(startup.crt0.o) (_pxiInit)
C:/devkitPro/calico/lib\libcalico_ds9.a(keypad.o)
                              C:/devkitPro/libnds/lib\libnds9.a(keys.o) (keypadGetState)
C:/devkitPro/calico/lib\libcalico_ds9.a(pm.o)
                              main.o (pmMainLoop)
C:/devkitPro/calico/lib\libcalico_ds9.a(bootstub_arm9.o)
                              (__ds9_bootstub)
C:/devkitPro/calico/lib\libcalico_ds9.a(mpu_setup.crt0.o)
[...]
Memory Configuration

Name             Origin             Length             Attributes
lma9             0x02004000         0x0027c000
lma9i            0x02400000         0x00280000
vectors          0x00000000         0x00000020
itcm             0x01ff8020         0x00007fe0
main             0x02001000         0x00f7f000
dtcm             0x02ff0000         0x00003e80
dldi             0x0380b000         0x00004000
stub             0x0e000000         0x00004000
tls              0x00000000         0x00000400
*default*        0x00000000         0xffffffff

Linker script and memory map

                0x00000000                        __sync_synchronize = __sync_synchronize_none
LOAD C:/devkitPro/devkitARM/bin/../lib/gcc/arm-none-eabi/15.1.0/thumb/crti.o
LOAD C:/devkitPro/devkitARM/bin/../lib/gcc/arm-none-eabi/15.1.0/thumb/crtbegin.o
LOAD GFXinput.o
LOAD GFXselector16.o
LOAD GFXselector24.o
LOAD avdslib.o
LOAD main.o
LOAD C:/devkitPro/libnds/lib\libfat.a
LOAD C:/devkitPro/libnds/lib\libnds9.a
LOAD C:/devkitPro/calico/lib\libcalico_ds9.a
LOAD C:/devkitPro/devkitARM/bin/../lib/gcc/arm-none-eabi/15.1.0/../../../../arm-none-eabi/lib/thumb\libstdc++.a
LOAD C:/devkitPro/devkitARM/bin/../lib/gcc/arm-none-eabi/15.1.0/../../../../arm-none-eabi/lib/thumb\libm.a
START GROUP
LOAD C:/devkitPro/devkitARM/bin/../lib/gcc/arm-none-eabi/15.1.0/thumb\libgcc.a
LOAD C:/devkitPro/devkitARM/bin/../lib/gcc/arm-none-eabi/15.1.0/../../../../arm-none-eabi/lib/thumb\libg.a
LOAD C:/devkitPro/devkitARM/bin/../lib/gcc/arm-none-eabi/15.1.0/../../../../arm-none-eabi/lib/thumb\libc.a
LOAD C:/devkitPro/devkitARM/bin/../lib/gcc/arm-none-eabi/15.1.0/../../../../arm-none-eabi/lib/thumb\libsysbase.a
END GROUP
LOAD C:/devkitPro/devkitARM/bin/../lib/gcc/arm-none-eabi/15.1.0/thumb/crtend.o
LOAD C:/devkitPro/devkitARM/bin/../lib/gcc/arm-none-eabi/15.1.0/thumb/crtn.o
                0x02ff3e80                        PROVIDE (__sp_usr = (ORIGIN (dtcm) + LENGTH (dtcm)))
                0x02ff3f80                        PROVIDE (__sp_irq = (__sp_usr + 0x100))
                0x02ff3fc0                        PROVIDE (__sp_svc = (__sp_irq + 0x40))
                0x02ff3ff8                        PROVIDE (__irq_flags = (__sp_svc + 0x38))
                [!provide]                        PROVIDE (__irq_vector = (__sp_svc + 0x3c))
                [!provide]                        PROVIDE (__arm_excpt_rst = 0xffff0000)
                [!provide]                        PROVIDE (__arm_excpt_und = 0xffff0004)
                0xffff0008                        PROVIDE (__arm_excpt_svc = 0xffff0008)
                [!provide]                        PROVIDE (__arm_excpt_pabt = 0xffff000c)
                [!provide]                        PROVIDE (__arm_excpt_dabt = 0xffff0010)
                [!provide]                        PROVIDE (__arm_excpt_irq = 0xffff0018)
                [!provide]                        PROVIDE (__arm_excpt_fiq = 0xffff001c)
                0x00000000                        PROVIDE (__end__ = 0x0)

.secure         0x0e000000      0x800 load address 0x02004000
                0x0e0007fc                        . = (. + 0x7fc)
 *fill*         0x0e000000      0x7fc 00000000
                0x0e0007fc        0x4 LONG 0x0

.bootstub       0x0e000800      0x198 load address 0x02004800
 *(.bootstub .bootstub.*)
 .bootstub.__ds9_bootstub
                0x0e000800      0x198 C:/devkitPro/calico/lib\libcalico_ds9.a(bootstub_arm9.o)
                0x0e000800                __ds9_bootstub
                0x0e000998                        . = ALIGN (0x4)

.crt0           0x02001000      0x3c0 load address 0x02004998
 *(.crt0 .crt0.*)
 .crt0.__ds9_bootstub_trampoline
                0x02001000       0x60 C:/devkitPro/calico/lib\libcalico_ds9.a(bootstub_arm9.o)
 *.crt0.*(.text .stub .text.* .gnu.linkonce.t.*)
 .text.crt0ProcessLoadList
                0x02001060       0x74 C:/devkitPro/calico/lib\libcalico_ds9.a(startup.crt0.o)
                0x02001060                crt0ProcessLoadList
 .text.crt0Startup
                0x020010d4      0x180 C:/devkitPro/calico/lib\libcalico_ds9.a(startup.crt0.o)
                0x020010d4                crt0Startup
 .text.crt0CopyMem32
                0x02001254       0x4c C:/devkitPro/calico/lib\libcalico_ds9.a(utils.crt0.o)
                0x02001254                crt0CopyMem32
 .text.crt0FillMem32
                0x020012a0       0x58 C:/devkitPro/calico/lib\libcalico_ds9.a(utils.crt0.o)
                0x020012a0                crt0FillMem32
 .text.crt0SetupMPU
                0x020012f8       0xb4 C:/devkitPro/calico/lib\libcalico_ds9.a(mpu_setup.crt0.o)
                0x020012f8                crt0SetupMPU
 *.crt0.*(.glue_7t .glue_7 .vfp11_veneer .v4_bx)
 *.crt0.*(.rodata .rodata.* .gnu.linkonce.r.*)
 *.crt0.*(.rodata1)
                0x020013c0                        . = ALIGN (0x20)
 *fill*         0x020013ac       0x14 ff
                0x02004998                        PROVIDE (__crt0_lma = LOADADDR (.crt0))
                0x02001000                        PROVIDE (__crt0_start = ADDR (.crt0))
                0x020013c0                        PROVIDE (__crt0_end = (ADDR (.crt0) + SIZEOF (.crt0)))
                0x00000001                        ASSERT (((__crt0_end <= LOADADDR (.bootstub)) || (__crt0_start >= (LOADADDR (.bootstub) + SIZEOF (.bootstub)))), Error: crt0 section overlaps initial bootstrap)

.dldi           0x0380b000     0x4000 load address 0x02004d58
 *(.dldi)
 .dldi          0x0380b000     0x4000 C:/devkitPro/calico/lib\libcalico_ds9.a(dldi_stub.o)
                0x0380b000                __dldi_start
                0x02004d58                        PROVIDE (__dldi_lma = SIZEOF (.dldi)?LOADADDR (.dldi):0x0)

.vectors        0x00000000       0x20 load address 0x02008d58
 *(.vectors)
 .vectors       0x00000000       0x20 C:/devkitPro/calico/lib\libcalico_ds9.a(bootstub_arm9.o)

.itcm           0x01ff8020      0x700 load address 0x02008d78
 *(.itcm .itcm.*)
 .itcm          0x01ff8020       0x30 C:/devkitPro/calico/lib\libcalico_ds9.a(bootstub_arm9.o)
                0x01ff8038                __excpt_vectors
 *.itcm.*(.text .stub .text.* .gnu.linkonce.t.*)
 *.32.o(.text .stub .text.* .gnu.linkonce.t.*)
 .text.threadReschedule
                0x01ff8050       0x88 C:/devkitPro/calico/lib\libcalico_ds9.a(thread_hot.32.o)
 .text.threadBlock
                0x01ff80d8       0xd8 C:/devkitPro/calico/lib\libcalico_ds9.a(thread_hot.32.o)
                0x01ff80d8                threadBlock
 .text.threadUnblockOneByValue
                0x01ff81b0       0xc0 C:/devkitPro/calico/lib\libcalico_ds9.a(thread_hot.32.o)
                0x01ff81b0                threadUnblockOneByValue
 .text.threadUnblockAllByValue
                0x01ff8270      0x130 C:/devkitPro/calico/lib\libcalico_ds9.a(thread_hot.32.o)
                0x01ff8270                threadUnblockAllByValue
 .text.threadUnblockAllByMask
                0x01ff83a0      0x134 C:/devkitPro/calico/lib\libcalico_ds9.a(thread_hot.32.o)
                0x01ff83a0                threadUnblockAllByMask
 .text.armCopyMem32
                0x01ff84d4       0x4c C:/devkitPro/calico/lib\libcalico_ds9.a(arm-copy-fill.32.o)
                0x01ff84d4                armCopyMem32
 .text.armContextSave
                0x01ff8520       0x2c C:/devkitPro/calico/lib\libcalico_ds9.a(arm-context.32.o)
                0x01ff8520                armContextSave
 .text.armContextLoad
                0x01ff854c       0x20 C:/devkitPro/calico/lib\libcalico_ds9.a(arm-context.32.o)
                0x01ff854c                armContextLoad
                0x01ff8550                armContextLoadFromSvc
 .text.armWaitForIrq
                0x01ff856c        0x8 C:/devkitPro/calico/lib\libcalico_ds9.a(arm-shims.32.o)
                0x01ff856c                armWaitForIrq
 .text.armDrainWriteBuffer
                0x01ff8574        0xc C:/devkitPro/calico/lib\libcalico_ds9.a(arm-cache.32.o)
                0x01ff8574                armDrainWriteBuffer
 .text.armDCacheFlushAll
                0x01ff8580       0x28 C:/devkitPro/calico/lib\libcalico_ds9.a(arm-cache.32.o)
                0x01ff8580                armDCacheFlushAll
 .text.armDCacheFlush
                0x01ff85a8       0x1c C:/devkitPro/calico/lib\libcalico_ds9.a(arm-cache.32.o)
                0x01ff85a8                armDCacheFlush
 .text.armDCacheInvalidate
                0x01ff85c4       0x1c C:/devkitPro/calico/lib\libcalico_ds9.a(arm-cache.32.o)
                0x01ff85c4                armDCacheInvalidate
 .text.armICacheInvalidateAll
                0x01ff85e0        0xc C:/devkitPro/calico/lib\libcalico_ds9.a(arm-cache.32.o)
                0x01ff85e0                armICacheInvalidateAll
 .text.__excpt_entry
                0x01ff85ec       0x50 C:/devkitPro/calico/lib\libcalico_ds9.a(excpt_handler.32.o)
                0x01ff85ec                __arm_excpt_rst
                0x01ff85f0                __arm_excpt_pabt
                0x01ff85f4                __arm_excpt_und
                0x01ff8600                __arm_excpt_dabt
 .text.__arm_excpt_irq
                0x01ff863c       0xe4 C:/devkitPro/calico/lib\libcalico_ds9.a(irq_handler.32.o)
                0x01ff863c                __arm_excpt_irq
 *.itcm.*(.glue_7t .glue_7 .vfp11_veneer .v4_bx)
 *.32.o(.glue_7t .glue_7 .vfp11_veneer .v4_bx)
 *.itcm.*(.rodata .rodata.* .gnu.linkonce.r.*)
 *.32.o(.rodata .rodata.* .gnu.linkonce.r.*)
 *.itcm.*(.rodata1)
 *.32.o(.rodata1)
                0x01ff8720                        . = ALIGN (0x4)
                0x02008d58                        PROVIDE (__itcm_lma = LOADADDR (.vectors))
                0x01ff8000                        PROVIDE (__itcm_start = (ADDR (.itcm) - SIZEOF (.vectors)))
                0x01ff8720                        PROVIDE (__itcm_end = (ADDR (.itcm) + SIZEOF (.itcm)))
                0x00000001                        ASSERT (((__itcm_lma + SIZEOF (.vectors)) == LOADADDR (.itcm)), Error: gap between vectors and itcm)

.dtcm           0x02ff0000        0x0 load address 0x02009478
 *(.dtcm .dtcm.*)
 *.32.o(.data .data.* .gnu.linkonce.d.*)
 *.32.o(.data1)
                0x02ff0000                        . = ALIGN (0x4)
                [!provide]                        PROVIDE (__dtcm_lma = LOADADDR (.dtcm))
                0x02ff0000                        PROVIDE (__dtcm_start = ADDR (.dtcm))
                0x02ff0000                        PROVIDE (__dtcm_end = (ADDR (.dtcm) + SIZEOF (.dtcm)))

.dtcm.bss       0x02ff0000       0x98 load address 0x02009478
 *(.sbss .sbss.*)
 *.32.o(.dynbss)
 *.32.o(.bss .bss.* .gnu.linkonce.b.*)
 .bss.__irq_table
                0x02ff0000       0x80 C:/devkitPro/calico/lib\libcalico_ds9.a(thread_hot.32.o)
                0x02ff0000                __irq_table
 .bss.__sched_state
                0x02ff0080       0x18 C:/devkitPro/calico/lib\libcalico_ds9.a(thread_hot.32.o)
                0x02ff0080                __sched_state
 *.32.o(COMMON)
                0x02ff0098                        . = ALIGN (0x4)
                [!provide]                        PROVIDE (__dtcm_bss_start = ADDR (.dtcm.bss))
                0x02ff0098                        PROVIDE (__dtcm_bss_end = (ADDR (.dtcm.bss) + SIZEOF (.dtcm.bss)))

.main           0x020013c0    0x2635c load address 0x02009478
 *(SORT_NONE(.init))
 .init          0x020013c0        0x4 C:/devkitPro/devkitARM/bin/../lib/gcc/arm-none-eabi/15.1.0/thumb/crti.o
                0x020013c0                _init
 .init          0x020013c4        0x8 C:/devkitPro/devkitARM/bin/../lib/gcc/arm-none-eabi/15.1.0/thumb/crtn.o
 EXCLUDE_FILE(*.twl.*) *(.text.unlikely .text.*_unlikely .text.unlikely.*)
 EXCLUDE_FILE(*.twl.*) *(.text.exit .text.exit.*)
 .text.exit     0x020013cc       0x24 C:/devkitPro/devkitARM/bin/../lib/gcc/arm-none-eabi/15.1.0/../../../../arm-none-eabi/lib/thumb\libg.a(libc_a-exit.o)
                0x020013cc                exit
 EXCLUDE_FILE(*.twl.*) *(.text.startup .text.startup.*)
 .text.startup.main
                0x020013f0      0x984 main.o
                0x020013f0                main
 .text.startup._GLOBAL__sub_I_pixelsTopVRAM
                0x02001d74       0x10 main.o
 EXCLUDE_FILE(*.twl.*) *(.text.hot .text.hot.*)
 EXCLUDE_FILE(*.twl.*) *(.text .iplt .stub .text.* .gnu.linkonce.t.*)
 .text.__do_global_dtors_aux
                0x02001d84       0x2c C:/devkitPro/devkitARM/bin/../lib/gcc/arm-none-eabi/15.1.0/thumb/crtbegin.o
 .text.frame_dummy
                0x02001db0       0x24 C:/devkitPro/devkitARM/bin/../lib/gcc/arm-none-eabi/15.1.0/thumb/crtbegin.o
 .iplt          0x02001dd4        0x0 C:/devkitPro/devkitARM/bin/../lib/gcc/arm-none-eabi/15.1.0/thumb/crtbegin.o
 .text._Z6AVARGBiiii
                0x02001dd4       0x24 avdslib.o
                0x02001dd4                AVARGB(int, int, int, int)
 .text._Z13AVinvertColort
                0x02001df8       0x10 avdslib.o
                0x02001df8                AVinvertColor(unsigned short)
 .text._Z9AVfillDMAPtiit
                0x02001e08       0x44 avdslib.o
                0x02001e08                AVfillDMA(unsigned short*, int, int, unsigned short)
 .text._Z15AVdrawRectanglePtiiiit
                0x02001e4c       0x3c avdslib.o
                0x02001e4c                AVdrawRectangle(unsigned short*, int, int, int, int, unsigned short)
 .text._Z18AVdrawRectangleDMAPtiiiit
                0x02001e88       0x84 avdslib.o
                0x02001e88                AVdrawRectangleDMA(unsigned short*, int, int, int, int, unsigned short)
 .text._Z21AVdrawRectangleHollowPtiiiit
                0x02001f0c       0x9c avdslib.o
                0x02001f0c                AVdrawRectangleHollow(unsigned short*, int, int, int, int, unsigned short)
 .text._Z11AVdrawVlinePtiiit
                0x02001fa8       0x24 avdslib.o
                0x02001fa8                AVdrawVline(unsigned short*, int, int, int, unsigned short)
 .text._Z14AVdrawHlineDMAPtiiit
                0x02001fcc       0x4c avdslib.o
                0x02001fcc                AVdrawHlineDMA(unsigned short*, int, int, int, unsigned short)
 .text._Z12OnKeyPressedi
                0x02002018       0x58 main.o
                0x02002018                OnKeyPressed(int)
 .text._Z10bitmapModev.part.0
                0x02002070      0x1b8 main.o
 .text._Z9updatePaliPi
                0x02002228      0x10c main.o
                0x02002228                updatePal(int, int*)
 .text._Z15drawSurfaceMainiii
                0x02002334       0xfc main.o
                0x02002334                drawSurfaceMain(int, int, int)
 .text._Z17drawSurfaceBottomii
                0x02002430      0x148 main.o
                0x02002430                drawSurfaceBottom(int, int)
 .text._Z16drawColorPalettev
                0x02002578       0x6c main.o
                0x02002578                drawColorPalette()
 .text._Z14clearTopBitmapv
                0x020025e4       0xb8 main.o
                0x020025e4                clearTopBitmap()
 .text._Z15saveBMP_indexedPKcPtS1_
                0x0200269c       0xf8 main.o
                0x0200269c                saveBMP_indexed(char const*, unsigned short*, unsigned short*)
 .text._Z15loadBMP_indexedPKcPtS1_
                0x02002794      0x130 main.o
                0x02002794                loadBMP_indexed(char const*, unsigned short*, unsigned short*)
 .text._Z19getActionsFromTouchi
                0x020028c4      0x11c main.o
                0x020028c4                getActionsFromTouch(int)
 .text._Z12applyActionsi
                0x020029e0       0x9c main.o
                0x020029e0                applyActions(int)
 .text._Z9floodFillPtiittii
                0x02002a7c       0xd0 main.o
                0x02002a7c                floodFill(unsigned short*, int, int, unsigned short, unsigned short, int, int)
 .text._Z9applyTooliib
                0x02002b4c      0x264 main.o
                0x02002b4c                applyTool(int, int, bool)
 .text._Z5flipHv
                0x02002db0       0xa8 main.o
                0x02002db0                flipH()
 .text._Z7initFPSv
                0x02002e58       0x24 main.o
                0x02002e58                initFPS()
 .text.fatInitDefault
                0x02002e7c       0x20 C:/devkitPro/libnds/lib\libfat.a(fat_wrappers.o)
                0x02002e7c                fatInitDefault
 .text._dvmDiscCalicoDummy
                0x02002e9c        0x4 C:/devkitPro/libnds/lib\libfat.a(dvm_calico.o)
 .text._dvmDiscCalicoWriteSectors
                0x02002ea0        0x8 C:/devkitPro/libnds/lib\libfat.a(dvm_calico.o)
 .text._dvmDiscCalicoReadSectors
                0x02002ea8        0x8 C:/devkitPro/libnds/lib\libfat.a(dvm_calico.o)
 .text._dvmIsAlignedAccess
                0x02002eb0       0x30 C:/devkitPro/libnds/lib\libfat.a(dvm_calico.o)
                0x02002eb0                _dvmIsAlignedAccess
 .text._dvmCacheCopy
                0x02002ee0       0x14 C:/devkitPro/libnds/lib\libfat.a(dvm_calico.o)
                0x02002ee0                _dvmCacheCopy
 .text.dvmInit  0x02002ef4      0x268 C:/devkitPro/libnds/lib\libfat.a(dvm_calico.o)
                0x02002ef4                dvmInit
 .text.dvmDiscAddUser
                0x0200315c       0x10 C:/devkitPro/libnds/lib\libfat.a(dvm_disc.o)
                0x0200315c                dvmDiscAddUser
 .text.dvmDiscRemoveUser
                0x0200316c       0x28 C:/devkitPro/libnds/lib\libfat.a(dvm_disc.o)
                0x0200316c                dvmDiscRemoveUser
 .text._dvmDiscCacheReadWrite
                0x02003194      0x3ec C:/devkitPro/libnds/lib\libfat.a(dvm_cache.o)
 .text._dvmDiscCacheWriteSectors
                0x02003580       0x58 C:/devkitPro/libnds/lib\libfat.a(dvm_cache.o)
 .text._dvmDiscCacheReadSectors
                0x020035d8       0x58 C:/devkitPro/libnds/lib\libfat.a(dvm_cache.o)
 .text._dvmDiscCacheFlush
                0x02003630       0xac C:/devkitPro/libnds/lib\libfat.a(dvm_cache.o)
 .text._dvmDiscCacheDestroy
                0x020036dc       0x28 C:/devkitPro/libnds/lib\libfat.a(dvm_cache.o)
 .text.dvmDiscCacheCreate
                0x02003704      0x1a0 C:/devkitPro/libnds/lib\libfat.a(dvm_cache.o)
                0x02003704                dvmDiscCacheCreate
 .text.dvmMountVolume
                0x020038a4      0x188 C:/devkitPro/libnds/lib\libfat.a(dvm_volume.o)
                0x020038a4                dvmMountVolume
 .text._dvmSetAppWorkingDir
                0x02003a2c       0x74 C:/devkitPro/libnds/lib\libfat.a(dvm_volume.o)
                0x02003a2c                _dvmSetAppWorkingDir
 .text._dvmIdentMbrVbr
                0x02003aa0      0x1d8 C:/devkitPro/libnds/lib\libfat.a(dvm_prober.o)
 .text._dvmReadPartitionTable
                0x02003c78      0x204 C:/devkitPro/libnds/lib\libfat.a(dvm_prober.o)
 .text.dvmProbeMountDisc
                0x02003e7c       0xf0 C:/devkitPro/libnds/lib\libfat.a(dvm_prober.o)
                0x02003e7c                dvmProbeMountDisc
 .text._FAT_fstat_r
                0x02003f6c       0xac C:/devkitPro/libnds/lib\libfat.a(fat_driver.o)
 .text._FAT_umount
                0x02004018       0x1c C:/devkitPro/libnds/lib\libfat.a(fat_driver.o)
 .text._FAT_mount
                0x02004034       0x44 C:/devkitPro/libnds/lib\libfat.a(fat_driver.o)
 .text._FAT_seek_r
                0x02004078      0x13c C:/devkitPro/libnds/lib\libfat.a(fat_driver.o)
 .text._FAT_set_stat.isra.0
                0x020041b4      0x10c C:/devkitPro/libnds/lib\libfat.a(fat_driver.o)
 .text._FAT_mkdir_r
                0x020042c0       0x64 C:/devkitPro/libnds/lib\libfat.a(fat_driver.o)
 .text._FAT_chdir_r
                0x02004324       0x64 C:/devkitPro/libnds/lib\libfat.a(fat_driver.o)
 .text._FAT_unlink_r
                0x02004388       0x70 C:/devkitPro/libnds/lib\libfat.a(fat_driver.o)
 .text._FAT_rmdir_r
                0x020043f8       0x6c C:/devkitPro/libnds/lib\libfat.a(fat_driver.o)
 .text._FAT_diropen_r
                0x02004464       0x7c C:/devkitPro/libnds/lib\libfat.a(fat_driver.o)
 .text._FAT_fsync_r
                0x020044e0       0x64 C:/devkitPro/libnds/lib\libfat.a(fat_driver.o)
 .text._FAT_close_r
                0x02004544       0x64 C:/devkitPro/libnds/lib\libfat.a(fat_driver.o)
 .text._FAT_dirclose_r
                0x020045a8       0x64 C:/devkitPro/libnds/lib\libfat.a(fat_driver.o)
 .text._FAT_dirreset_r
                0x0200460c       0x6c C:/devkitPro/libnds/lib\libfat.a(fat_driver.o)
 .text._FAT_rename_r
                0x02004678       0x80 C:/devkitPro/libnds/lib\libfat.a(fat_driver.o)
 .text._FAT_stat_r
                0x020046f8       0x98 C:/devkitPro/libnds/lib\libfat.a(fat_driver.o)
 .text._FAT_read_r
                0x02004790       0x7c C:/devkitPro/libnds/lib\libfat.a(fat_driver.o)
 .text._FAT_write_r
                0x0200480c       0x7c C:/devkitPro/libnds/lib\libfat.a(fat_driver.o)
 .text._FAT_statvfs_r
                0x02004888       0xf0 C:/devkitPro/libnds/lib\libfat.a(fat_driver.o)
 .text._FAT_ftruncate_r
                0x02004978      0x190 C:/devkitPro/libnds/lib\libfat.a(fat_driver.o)
 .text._FAT_dirnext_r
                0x02004b08      0x124 C:/devkitPro/libnds/lib\libfat.a(fat_driver.o)
 .text._FAT_open_r
                0x02004c2c      0x124 C:/devkitPro/libnds/lib\libfat.a(fat_driver.o)
 .text.get_fattime
                0x02004d50       0x64 C:/devkitPro/libnds/lib\libfat.a(fat_driver.o)
                0x02004d50                get_fattime
 .text.ff_mutex_create
                0x02004db4       0x18 C:/devkitPro/libnds/lib\libfat.a(fat_driver.o)
                0x02004db4                ff_mutex_create
 .text.ff_mutex_delete
                0x02004dcc        0x4 C:/devkitPro/libnds/lib\libfat.a(fat_driver.o)
                0x02004dcc                ff_mutex_delete
 .text.ff_mutex_take
                0x02004dd0       0x14 C:/devkitPro/libnds/lib\libfat.a(fat_driver.o)
                0x02004dd0                ff_mutex_take
 .text.ff_mutex_give
                0x02004de4        0x8 C:/devkitPro/libnds/lib\libfat.a(fat_driver.o)
                0x02004de4                ff_mutex_give
 .text.disk_initialize
                0x02004dec       0x24 C:/devkitPro/libnds/lib\libfat.a(fat_driver.o)
                0x02004dec                disk_initialize
 .text.disk_status
                0x02004e10       0x24 C:/devkitPro/libnds/lib\libfat.a(fat_driver.o)
                0x02004e10                disk_status
 .text.disk_read
                0x02004e34       0x2c C:/devkitPro/libnds/lib\libfat.a(fat_driver.o)
                0x02004e34                disk_read
 .text.disk_write
                0x02004e60       0x2c C:/devkitPro/libnds/lib\libfat.a(fat_driver.o)
                0x02004e60                disk_write
 .text.disk_ioctl
                0x02004e8c       0x38 C:/devkitPro/libnds/lib\libfat.a(fat_driver.o)
                0x02004e8c                disk_ioctl
 .text.tchar2uni
                0x02004ec4       0xfc C:/devkitPro/libnds/lib\libfat.a(ff.o)
 .text.sync_window
                0x02004fc0       0x90 C:/devkitPro/libnds/lib\libfat.a(ff.o)
 .text.put_utf  0x02005050      0x130 C:/devkitPro/libnds/lib\libfat.a(ff.o)
 .text.dir_clear
                0x02005180       0x9c C:/devkitPro/libnds/lib\libfat.a(ff.o)
 .text.get_fileinfo
                0x0200521c      0x28c C:/devkitPro/libnds/lib\libfat.a(ff.o)
 .text.sync_fs  0x020054a8      0x180 C:/devkitPro/libnds/lib\libfat.a(ff.o)
 .text.move_window
                0x02005628       0xc4 C:/devkitPro/libnds/lib\libfat.a(ff.o)
 .text.put_fat.part.0
                0x020056ec      0x1dc C:/devkitPro/libnds/lib\libfat.a(ff.o)
 .text.get_fat.isra.0
                0x020058c8      0x160 C:/devkitPro/libnds/lib\libfat.a(ff.o)
 .text.remove_chain
                0x02005a28       0xf4 C:/devkitPro/libnds/lib\libfat.a(ff.o)
 .text.create_chain
                0x02005b1c      0x21c C:/devkitPro/libnds/lib\libfat.a(ff.o)
 .text.dir_next
                0x02005d38      0x170 C:/devkitPro/libnds/lib\libfat.a(ff.o)
 .text.dir_read
                0x02005ea8      0x248 C:/devkitPro/libnds/lib\libfat.a(ff.o)
 .text.dir_sdi  0x020060f0      0x128 C:/devkitPro/libnds/lib\libfat.a(ff.o)
 .text.dir_alloc
                0x02006218       0xcc C:/devkitPro/libnds/lib\libfat.a(ff.o)
 .text.dir_remove
                0x020062e4       0xc4 C:/devkitPro/libnds/lib\libfat.a(ff.o)
 .text.dir_find
                0x020063a8      0x2f8 C:/devkitPro/libnds/lib\libfat.a(ff.o)
 .text.follow_path
                0x020066a0      0x588 C:/devkitPro/libnds/lib\libfat.a(ff.o)
 .text.dir_register
                0x02006c28      0x3f0 C:/devkitPro/libnds/lib\libfat.a(ff.o)
 .text.check_fs
                0x02007018      0x1ec C:/devkitPro/libnds/lib\libfat.a(ff.o)
 .text.mount_volume.part.0
                0x02007204      0x504 C:/devkitPro/libnds/lib\libfat.a(ff.o)
 .text.validate
                0x02007708       0xbc C:/devkitPro/libnds/lib\libfat.a(ff.o)
 .text.f_mount  0x020077c4       0x6c C:/devkitPro/libnds/lib\libfat.a(ff.o)
                0x020077c4                f_mount
 .text.f_umount
                0x02007830       0x38 C:/devkitPro/libnds/lib\libfat.a(ff.o)
                0x02007830                f_umount
 .text.f_open   0x02007868      0x400 C:/devkitPro/libnds/lib\libfat.a(ff.o)
                0x02007868                f_open
 .text.f_read   0x02007c68      0x2a4 C:/devkitPro/libnds/lib\libfat.a(ff.o)
                0x02007c68                f_read
 .text.f_write  0x02007f0c      0x350 C:/devkitPro/libnds/lib\libfat.a(ff.o)
                0x02007f0c                f_write
 .text.f_sync   0x0200825c      0x1a0 C:/devkitPro/libnds/lib\libfat.a(ff.o)
                0x0200825c                f_sync
 .text.f_close  0x020083fc       0x58 C:/devkitPro/libnds/lib\libfat.a(ff.o)
                0x020083fc                f_close
 .text.f_chdir  0x02008454       0xf0 C:/devkitPro/libnds/lib\libfat.a(ff.o)
                0x02008454                f_chdir
 .text.f_lseek  0x02008544      0x298 C:/devkitPro/libnds/lib\libfat.a(ff.o)
                0x02008544                f_lseek
 .text.f_opendir
                0x020087dc      0x12c C:/devkitPro/libnds/lib\libfat.a(ff.o)
                0x020087dc                f_opendir
 .text.f_closedir
                0x02008908       0xb0 C:/devkitPro/libnds/lib\libfat.a(ff.o)
                0x02008908                f_closedir
 .text.f_readdir
                0x020089b8       0xd0 C:/devkitPro/libnds/lib\libfat.a(ff.o)
                0x020089b8                f_readdir
 .text.f_stat   0x02008a88      0x104 C:/devkitPro/libnds/lib\libfat.a(ff.o)
                0x02008a88                f_stat
 .text.f_getfree
                0x02008b8c      0x184 C:/devkitPro/libnds/lib\libfat.a(ff.o)
                0x02008b8c                f_getfree
 .text.f_truncate
                0x02008d10      0x228 C:/devkitPro/libnds/lib\libfat.a(ff.o)
                0x02008d10                f_truncate
 .text.f_unlink
                0x02008f38      0x1a4 C:/devkitPro/libnds/lib\libfat.a(ff.o)
                0x02008f38                f_unlink
 .text.f_mkdir  0x020090dc      0x294 C:/devkitPro/libnds/lib\libfat.a(ff.o)
                0x020090dc                f_mkdir
 .text.f_rename
                0x02009370      0x248 C:/devkitPro/libnds/lib\libfat.a(ff.o)
                0x02009370                f_rename
 .text.ff_uni2oem
                0x020095b8       0x78 C:/devkitPro/libnds/lib\libfat.a(ffunicode.o)
                0x020095b8                ff_uni2oem
 .text.ff_oem2uni
                0x02009630       0x40 C:/devkitPro/libnds/lib\libfat.a(ffunicode.o)
                0x02009630                ff_oem2uni
 .text.ff_wtoupper
                0x02009670      0x128 C:/devkitPro/libnds/lib\libfat.a(ffunicode.o)
                0x02009670                ff_wtoupper
 .text.checkIfText
                0x02009798       0x6c C:/devkitPro/libnds/lib\libnds9.a(background.o)
                0x02009798                checkIfText
 .text.bgUpdate
                0x02009804       0xe8 C:/devkitPro/libnds/lib\libnds9.a(background.o)
                0x02009804                bgUpdate
 .text.bgInit_call
                0x020098ec       0xa8 C:/devkitPro/libnds/lib\libnds9.a(background.o)
                0x020098ec                bgInit_call
 .text.bgInitSub_call
                0x02009994       0xb0 C:/devkitPro/libnds/lib\libnds9.a(background.o)
                0x02009994                bgInitSub_call
 .text.newRow   0x02009a44       0xe0 C:/devkitPro/libnds/lib\libnds9.a(console.o)
 .text.consolePrintChar
                0x02009b24       0xe0 C:/devkitPro/libnds/lib\libnds9.a(console.o)
                0x02009b24                consolePrintChar
 .text.con_write
                0x02009c04      0x344 C:/devkitPro/libnds/lib\libnds9.a(console.o)
                0x02009c04                con_write
 .text.consoleLoadFont
                0x02009f48      0x2e8 C:/devkitPro/libnds/lib\libnds9.a(console.o)
                0x02009f48                consoleLoadFont
 .text.consoleInit
                0x0200a230      0x170 C:/devkitPro/libnds/lib\libnds9.a(console.o)
                0x0200a230                consoleInit
 .text.consoleDemoInit
                0x0200a3a0       0x40 C:/devkitPro/libnds/lib\libnds9.a(console.o)
                0x0200a3a0                consoleDemoInit
 .text.consoleClear
                0x0200a3e0       0x10 C:/devkitPro/libnds/lib\libnds9.a(console.o)
                0x0200a3e0                consoleClear
 .text.getHeader
                0x0200a3f0        0x4 C:/devkitPro/libnds/lib\libnds9.a(decompress.o)
 .text.readByte
                0x0200a3f4        0x4 C:/devkitPro/libnds/lib\libnds9.a(decompress.o)
 .text.decompress
                0x0200a3f8       0x40 C:/devkitPro/libnds/lib\libnds9.a(decompress.o)
                0x0200a3f8                decompress
 .text.defaultHandler
                0x0200a438       0x6c C:/devkitPro/libnds/lib\libnds9.a(exceptionDefault.o)
 .text.excptPrint
                0x0200a4a4       0x38 C:/devkitPro/libnds/lib\libnds9.a(exceptionDefault.o)
 .text.defaultExceptionHandler
                0x0200a4dc       0x20 C:/devkitPro/libnds/lib\libnds9.a(exceptionDefault.o)
                0x0200a4dc                defaultExceptionHandler
 .text.ARMShift
                0x0200a4fc       0x74 C:/devkitPro/libnds/lib\libnds9.a(gurumeditation.o)
 .text.getExceptionAddress
                0x0200a570      0x198 C:/devkitPro/libnds/lib\libnds9.a(gurumeditation.o)
                0x0200a570                getExceptionAddress
 .text.guruMeditationDump
                0x0200a708      0x108 C:/devkitPro/libnds/lib\libnds9.a(gurumeditation.o)
                0x0200a708                guruMeditationDump
 .text.swapKeyGfx.part.0
                0x0200a810      0x21c C:/devkitPro/libnds/lib\libnds9.a(keyboard.o)
 .text.keyboardGetKey
                0x0200aa2c       0x4c C:/devkitPro/libnds/lib\libnds9.a(keyboard.o)
                0x0200aa2c                keyboardGetKey
 .text.keyboardShiftState
                0x0200aa78       0x9c C:/devkitPro/libnds/lib\libnds9.a(keyboard.o)
                0x0200aa78                keyboardShiftState
 .text.keyboardUpdate
                0x0200ab14      0x12c C:/devkitPro/libnds/lib\libnds9.a(keyboard.o)
                0x0200ab14                keyboardUpdate
 .text.keyboardInit
                0x0200ac40      0x20c C:/devkitPro/libnds/lib\libnds9.a(keyboard.o)
                0x0200ac40                keyboardInit
 .text.keyboardDemoInit
                0x0200ae4c       0x2c C:/devkitPro/libnds/lib\libnds9.a(keyboard.o)
                0x0200ae4c                keyboardDemoInit
 .text.keyboardShow
                0x0200ae78       0xd8 C:/devkitPro/libnds/lib\libnds9.a(keyboard.o)
                0x0200ae78                keyboardShow
 .text.keyboardHide
                0x0200af50       0x88 C:/devkitPro/libnds/lib\libnds9.a(keyboard.o)
                0x0200af50                keyboardHide
 .text.keyboardRead
                0x0200afd8       0xd0 C:/devkitPro/libnds/lib\libnds9.a(keyboard.o)
                0x0200afd8                keyboardRead
 .text.scanKeys
                0x0200b0a8       0x6c C:/devkitPro/libnds/lib\libnds9.a(keys.o)
                0x0200b0a8                scanKeys
 .text.keysHeld
                0x0200b114        0xc C:/devkitPro/libnds/lib\libnds9.a(keys.o)
                0x0200b114                keysHeld
 .text.keysDown
                0x0200b120       0x10 C:/devkitPro/libnds/lib\libnds9.a(keys.o)
                0x0200b120                keysDown
 .text.keysCurrent
                0x0200b130       0x1c C:/devkitPro/libnds/lib\libnds9.a(keys.o)
                0x0200b130                keysCurrent
 .text.oamAllocReset
                0x0200b14c       0x1c C:/devkitPro/libnds/lib\libnds9.a(sprite_alloc.o)
                0x0200b14c                oamAllocReset
 .text.oamAllocateGfx
                0x0200b168      0x578 C:/devkitPro/libnds/lib\libnds9.a(sprite_alloc.o)
                0x0200b168                oamAllocateGfx
 .text.oamInit  0x0200b6e0      0x138 C:/devkitPro/libnds/lib\libnds9.a(sprite.o)
                0x0200b6e0                oamInit
 .text.oamGetGfxPtr
                0x0200b818       0x34 C:/devkitPro/libnds/lib\libnds9.a(sprite.o)
                0x0200b818                oamGetGfxPtr
 .text.oamClear
                0x0200b84c       0x24 C:/devkitPro/libnds/lib\libnds9.a(sprite.o)
                0x0200b84c                oamClear
 .text.oamGfxPtrToOffset
                0x0200b870       0x34 C:/devkitPro/libnds/lib\libnds9.a(sprite.o)
                0x0200b870                oamGfxPtrToOffset
 .text.oamSet   0x0200b8a4      0x100 C:/devkitPro/libnds/lib\libnds9.a(sprite.o)
                0x0200b8a4                oamSet
 .text.oamUpdate
                0x0200b9a4       0x78 C:/devkitPro/libnds/lib\libnds9.a(sprite.o)
                0x0200b9a4                oamUpdate
 .text.sinLutLookup
                0x0200ba1c       0x4c C:/devkitPro/libnds/lib\libnds9.a(trig.o)
                0x0200ba1c                sinLutLookup
 .text.sinLerp  0x0200ba68       0x38 C:/devkitPro/libnds/lib\libnds9.a(trig.o)
                0x0200ba68                sinLerp
 .text.cosLerp  0x0200baa0       0x44 C:/devkitPro/libnds/lib\libnds9.a(trig.o)
                0x0200baa0                cosLerp
 .text.__libnds_excpt
                0x0200bae4       0xf8 C:/devkitPro/libnds/lib\libnds9.a(exceptionEntry.o)
                0x0200bae4                __libnds_excpt
 .text.threadExit
                0x0200bbdc       0x9c C:/devkitPro/calico/lib\libcalico_ds9.a(thread_cold.o)
                0x0200bbdc                threadExit
 .text._threadTickTask
                0x0200bc78       0x10 C:/devkitPro/calico/lib\libcalico_ds9.a(thread_cold.o)
 .text._threadInit
                0x0200bc88       0x98 C:/devkitPro/calico/lib\libcalico_ds9.a(thread_cold.o)
                0x0200bc88                _threadInit
 .text.threadPrepare
                0x0200bd20       0xa4 C:/devkitPro/calico/lib\libcalico_ds9.a(thread_cold.o)
                0x0200bd20                threadPrepare
 .text.threadStart
                0x0200bdc4       0xc8 C:/devkitPro/calico/lib\libcalico_ds9.a(thread_cold.o)
                0x0200bdc4                threadStart
 .text.threadIrqWait
                0x0200be8c       0xa0 C:/devkitPro/calico/lib\libcalico_ds9.a(thread_cold.o)
                0x0200be8c                threadIrqWait
 .text.threadSleepTicks
                0x0200bf2c       0x58 C:/devkitPro/calico/lib\libcalico_ds9.a(thread_cold.o)
                0x0200bf2c                threadSleepTicks
 .text._dietPrintDefaultFunc
                0x0200bf84        0x4 C:/devkitPro/calico/lib\libcalico_ds9.a(dietprint.o)
 .text._dietOutput
                0x0200bf88       0x3c C:/devkitPro/calico/lib\libcalico_ds9.a(dietprint.o)
 .text._dietPrintDec32
                0x0200bfc4      0x110 C:/devkitPro/calico/lib\libcalico_ds9.a(dietprint.o)
 .text._dietPrintHex32
                0x0200c0d4      0x170 C:/devkitPro/calico/lib\libcalico_ds9.a(dietprint.o)
 .text.dietPrintV
                0x0200c244      0x4b8 C:/devkitPro/calico/lib\libcalico_ds9.a(dietprint.o)
                0x0200c244                dietPrintV
 .text.dietPrint
                0x0200c6fc       0x18 C:/devkitPro/calico/lib\libcalico_ds9.a(dietprint.o)
                0x0200c6fc                dietPrint
 .text.__syscall_getreent
                0x0200c714       0x14 C:/devkitPro/calico/lib\libcalico_ds9.a(newlib_syscalls.o)
                0x0200c714                __syscall_getreent
 .text.__errno  0x0200c728       0x24 C:/devkitPro/calico/lib\libcalico_ds9.a(newlib_syscalls.o)
                0x0200c728                __errno
 .text.__syscall_gettod_r
                0x0200c74c       0x30 C:/devkitPro/calico/lib\libcalico_ds9.a(newlib_syscalls.o)
                0x0200c74c                __syscall_gettod_r
 .text.__syscall_lock_acquire
                0x0200c77c        0x4 C:/devkitPro/calico/lib\libcalico_ds9.a(newlib_syscalls.o)
                0x0200c77c                __syscall_lock_acquire
 .text.__syscall_lock_release
                0x0200c780        0x4 C:/devkitPro/calico/lib\libcalico_ds9.a(newlib_syscalls.o)
                0x0200c780                __syscall_lock_release
 .text.__syscall_lock_acquire_recursive
                0x0200c784       0x4c C:/devkitPro/calico/lib\libcalico_ds9.a(newlib_syscalls.o)
                0x0200c784                __syscall_lock_acquire_recursive
 .text.__syscall_lock_release_recursive
                0x0200c7d0       0x18 C:/devkitPro/calico/lib\libcalico_ds9.a(newlib_syscalls.o)
                0x0200c7d0                __syscall_lock_release_recursive
 .text.svcLZ77UncompWram
                0x0200c7e8        0x4 C:/devkitPro/calico/lib\libcalico_ds9.a(bios.o)
                0x0200c7e8                svcLZ77UncompWram
 .text.svcHuffUncompCallback
                0x0200c7ec        0x4 C:/devkitPro/calico/lib\libcalico_ds9.a(bios.o)
                0x0200c7ec                svcHuffUncompCallback
 .text.svcRLUncompWram
                0x0200c7f0        0x4 C:/devkitPro/calico/lib\libcalico_ds9.a(bios.o)
                0x0200c7f0                svcRLUncompWram
 .text.svcRLUncompVramCallback
                0x0200c7f4        0x4 C:/devkitPro/calico/lib\libcalico_ds9.a(bios.o)
                0x0200c7f4                svcRLUncompVramCallback
 .text.svcLZ77UncompVramCallback
                0x0200c7f8       0x18 C:/devkitPro/calico/lib\libcalico_ds9.a(bios.o)
                0x0200c7f8                svcLZ77UncompVramCallback
 .text._pxiMailboxHandler
                0x0200c810        0x4 C:/devkitPro/calico/lib\libcalico_ds9.a(pxi.o)
 .text._pxiRecvUnhandled
                0x0200c814        0x4 C:/devkitPro/calico/lib\libcalico_ds9.a(pxi.o)
                0x0200c814                _pxiRecvUnhandled
 .text._pxiRecvIrqHandler
                0x0200c818      0x154 C:/devkitPro/calico/lib\libcalico_ds9.a(pxi.o)
 .text._pxiInit
                0x0200c96c       0x58 C:/devkitPro/calico/lib\libcalico_ds9.a(pxi.o)
                0x0200c96c                _pxiInit
 .text.pxiSetHandler
                0x0200c9c4       0x74 C:/devkitPro/calico/lib\libcalico_ds9.a(pxi.o)
                0x0200c9c4                pxiSetHandler
 .text.pxiSetMailbox
                0x0200ca38       0x68 C:/devkitPro/calico/lib\libcalico_ds9.a(pxi.o)
                0x0200ca38                pxiSetMailbox
 .text.pxiWaitRemote
                0x0200caa0       0x38 C:/devkitPro/calico/lib\libcalico_ds9.a(pxi.o)
                0x0200caa0                pxiWaitRemote
 .text.pxiSendPacket
                0x0200cad8       0x50 C:/devkitPro/calico/lib\libcalico_ds9.a(pxi.o)
                0x0200cad8                pxiSendPacket
 .text.pxiSendExtPacket
                0x0200cb28       0x98 C:/devkitPro/calico/lib\libcalico_ds9.a(pxi.o)
                0x0200cb28                pxiSendExtPacket
 .text.pxiBeginReceive
                0x0200cbc0       0x2c C:/devkitPro/calico/lib\libcalico_ds9.a(pxi.o)
                0x0200cbc0                pxiBeginReceive
 .text.pxiEndReceive
                0x0200cbec       0xac C:/devkitPro/calico/lib\libcalico_ds9.a(pxi.o)
                0x0200cbec                pxiEndReceive
 .text.keypadGetState
                0x0200cc98       0x28 C:/devkitPro/calico/lib\libcalico_ds9.a(keypad.o)
                0x0200cc98                keypadGetState
 .text._pmCallEventHandlers
                0x0200ccc0       0x40 C:/devkitPro/calico/lib\libcalico_ds9.a(pm.o)
 .text._pmPxiThreadMain
                0x0200cd00       0xa0 C:/devkitPro/calico/lib\libcalico_ds9.a(pm.o)
 .text._pmResetPxiHandler
                0x0200cda0       0x28 C:/devkitPro/calico/lib\libcalico_ds9.a(pm.o)
 .text.systemUserExit
                0x0200cdc8        0x4 C:/devkitPro/calico/lib\libcalico_ds9.a(pm.o)
                0x0200cdc8                systemUserExit
 .text.systemErrorExit
                0x0200cdcc        0x4 C:/devkitPro/calico/lib\libcalico_ds9.a(pm.o)
                0x0200cdcc                systemErrorExit
 .text.__syscall_exit
                0x0200cdd0      0x138 C:/devkitPro/calico/lib\libcalico_ds9.a(pm.o)
                0x0200cdd0                __syscall_exit
 .text.pmInit   0x0200cf08       0x58 C:/devkitPro/calico/lib\libcalico_ds9.a(pm.o)
                0x0200cf08                pmInit
 .text.pmEnterSleep
                0x0200cf60       0xcc C:/devkitPro/calico/lib\libcalico_ds9.a(pm.o)
                0x0200cf60                pmEnterSleep
 .text.pmMainLoop
                0x0200d02c       0x74 C:/devkitPro/calico/lib\libcalico_ds9.a(pm.o)
                0x0200d02c                pmMainLoop
 .text.systemUserStartup
                0x0200d0a0        0x4 C:/devkitPro/calico/lib\libcalico_ds9.a(sys_startup.o)
                0x0200d0a0                systemUserStartup
 .text.systemStartup
                0x0200d0a4      0x104 C:/devkitPro/calico/lib\libcalico_ds9.a(sys_startup.o)
                0x0200d0a4                systemStartup
 .text.touchRead
                0x0200d1a8       0x58 C:/devkitPro/calico/lib\libcalico_ds9.a(touch.o)
                0x0200d1a8                touchRead
 .text._blkDevReadWriteSectors
                0x0200d200       0x44 C:/devkitPro/calico/lib\libcalico_ds9.a(blk.o)
 .text.blkInit  0x0200d244        0x8 C:/devkitPro/calico/lib\libcalico_ds9.a(blk.o)
                0x0200d244                blkInit
 .text.blkDevIsPresent
                0x0200d24c       0x30 C:/devkitPro/calico/lib\libcalico_ds9.a(blk.o)
                0x0200d24c                blkDevIsPresent
 .text.blkDevInit
                0x0200d27c       0x30 C:/devkitPro/calico/lib\libcalico_ds9.a(blk.o)
                0x0200d27c                blkDevInit
 .text.blkDevGetSectorCount
                0x0200d2ac       0x34 C:/devkitPro/calico/lib\libcalico_ds9.a(blk.o)
                0x0200d2ac                blkDevGetSectorCount
 .text.blkDevReadSectors
                0x0200d2e0       0x5c C:/devkitPro/calico/lib\libcalico_ds9.a(blk.o)
                0x0200d2e0                blkDevReadSectors
 .text.blkDevWriteSectors
                0x0200d33c       0x5c C:/devkitPro/calico/lib\libcalico_ds9.a(blk.o)
                0x0200d33c                blkDevWriteSectors
 .text.irqSet   0x0200d398       0x64 C:/devkitPro/calico/lib\libcalico_ds9.a(irq.o)
                0x0200d398                irqSet
 .text._tickCountIsr
                0x0200d3fc       0x1c C:/devkitPro/calico/lib\libcalico_ds9.a(tick.o)
 .text._tickTaskSchedule.part.0.isra.0
                0x0200d418       0x84 C:/devkitPro/calico/lib\libcalico_ds9.a(tick.o)
 .text.tickInit
                0x0200d49c       0xa0 C:/devkitPro/calico/lib\libcalico_ds9.a(tick.o)
                0x0200d49c                tickInit
 .text.tickGetCount
                0x0200d53c       0x5c C:/devkitPro/calico/lib\libcalico_ds9.a(tick.o)
                0x0200d53c                tickGetCount
 .text._tickTaskIsr
                0x0200d598      0x110 C:/devkitPro/calico/lib\libcalico_ds9.a(tick.o)
 .text.tickTaskStart
                0x0200d6a8      0x144 C:/devkitPro/calico/lib\libcalico_ds9.a(tick.o)
                0x0200d6a8                tickTaskStart
 .text.threadUpdateDynamicPrio
                0x0200d7ec      0x1cc C:/devkitPro/calico/lib\libcalico_ds9.a(mutex.o)
 .text.threadRemoveWaiter
                0x0200d9b8      0x1c8 C:/devkitPro/calico/lib\libcalico_ds9.a(mutex.o)
 .text.mutexLock
                0x0200db80      0x150 C:/devkitPro/calico/lib\libcalico_ds9.a(mutex.o)
                0x0200db80                mutexLock
 .text.mutexUnlock
                0x0200dcd0       0xd0 C:/devkitPro/calico/lib\libcalico_ds9.a(mutex.o)
                0x0200dcd0                mutexUnlock
 .text.mailboxTrySend
                0x0200dda0       0x98 C:/devkitPro/calico/lib\libcalico_ds9.a(mailbox.o)
                0x0200dda0                mailboxTrySend
 .text.mailboxRecv
                0x0200de38       0x98 C:/devkitPro/calico/lib\libcalico_ds9.a(mailbox.o)
                0x0200de38                mailboxRecv
 .text          0x0200ded0      0x11c C:/devkitPro/devkitARM/bin/../lib/gcc/arm-none-eabi/15.1.0/thumb\libgcc.a(_udivsi3.o)
                0x0200ded0                __aeabi_uidiv
                0x0200ded0                __udivsi3
                0x0200dfcc                __aeabi_uidivmod
 .text          0x0200dfec      0x150 C:/devkitPro/devkitARM/bin/../lib/gcc/arm-none-eabi/15.1.0/thumb\libgcc.a(_divsi3.o)
                0x0200dfec                __divsi3
                0x0200dfec                __aeabi_idiv
                0x0200e11c                __aeabi_idivmod
 .text          0x0200e13c        0x4 C:/devkitPro/devkitARM/bin/../lib/gcc/arm-none-eabi/15.1.0/thumb\libgcc.a(_dvmd_tls.o)
                0x0200e13c                __aeabi_idiv0
                0x0200e13c                __aeabi_ldiv0
 .text          0x0200e140       0x3c C:/devkitPro/devkitARM/bin/../lib/gcc/arm-none-eabi/15.1.0/thumb\libgcc.a(_aeabi_uldivmod.o)
                0x0200e140                __aeabi_uldivmod
 .text.__udivmoddi4
                0x0200e17c      0x194 C:/devkitPro/devkitARM/bin/../lib/gcc/arm-none-eabi/15.1.0/thumb\libgcc.a(_udivmoddi4.o)
                0x0200e17c                __udivmoddi4
 .text          0x0200e310       0x28 C:/devkitPro/devkitARM/bin/../lib/gcc/arm-none-eabi/15.1.0/thumb\libgcc.a(_clzdi2.o)
                0x0200e310                __clzdi2
 .text          0x0200e338       0x48 C:/devkitPro/devkitARM/bin/../lib/gcc/arm-none-eabi/15.1.0/thumb\libgcc.a(_clzsi2.o)
                0x0200e338                __clzsi2
 .text.strchr   0x0200e380       0xbc C:/devkitPro/devkitARM/bin/../lib/gcc/arm-none-eabi/15.1.0/../../../../arm-none-eabi/lib/thumb\libg.a(libc_a-strchr.o)
                0x0200e380                strchr
 .text._fclose_r
                0x0200e43c       0xdc C:/devkitPro/devkitARM/bin/../lib/gcc/arm-none-eabi/15.1.0/../../../../arm-none-eabi/lib/thumb\libg.a(libc_a-fclose.o)
                0x0200e43c                _fclose_r
 .text.fclose   0x0200e518       0x14 C:/devkitPro/devkitARM/bin/../lib/gcc/arm-none-eabi/15.1.0/../../../../arm-none-eabi/lib/thumb\libg.a(libc_a-fclose.o)
                0x0200e518                fclose
 .text._fwrite_r
                0x0200e52c       0x9c C:/devkitPro/devkitARM/bin/../lib/gcc/arm-none-eabi/15.1.0/../../../../arm-none-eabi/lib/thumb\libg.a(libc_a-fwrite.o)
                0x0200e52c                _fwrite_r
 .text.fwrite   0x0200e5c8       0x24 C:/devkitPro/devkitARM/bin/../lib/gcc/arm-none-eabi/15.1.0/../../../../arm-none-eabi/lib/thumb\libg.a(libc_a-fwrite.o)
                0x0200e5c8                fwrite
 .text.sprintf  0x0200e5ec       0x44 C:/devkitPro/devkitARM/bin/../lib/gcc/arm-none-eabi/15.1.0/../../../../arm-none-eabi/lib/thumb\libg.a(libc_a-sprintf.o)
                0x0200e5ec                sprintf
 .text.memcmp   0x0200e630       0x48 C:/devkitPro/devkitARM/bin/../lib/gcc/arm-none-eabi/15.1.0/../../../../arm-none-eabi/lib/thumb\libg.a(libc_a-memcmp.o)
                0x0200e630                memcmp
 .text.stdio_exit_handler
                0x0200e678       0x20 C:/devkitPro/devkitARM/bin/../lib/gcc/arm-none-eabi/15.1.0/../../../../arm-none-eabi/lib/thumb\libg.a(libc_a-findfp.o)
 .text.cleanup_stdio
                0x0200e698       0x40 C:/devkitPro/devkitARM/bin/../lib/gcc/arm-none-eabi/15.1.0/../../../../arm-none-eabi/lib/thumb\libg.a(libc_a-findfp.o)
 .text.global_stdio_init.part.0
                0x0200e6d8      0x120 C:/devkitPro/devkitARM/bin/../lib/gcc/arm-none-eabi/15.1.0/../../../../arm-none-eabi/lib/thumb\libg.a(libc_a-findfp.o)
 .text.__sfp    0x0200e7f8       0xcc C:/devkitPro/devkitARM/bin/../lib/gcc/arm-none-eabi/15.1.0/../../../../arm-none-eabi/lib/thumb\libg.a(libc_a-findfp.o)
                0x0200e7f8                __sfp
 .text.__sinit  0x0200e8c4       0x3c C:/devkitPro/devkitARM/bin/../lib/gcc/arm-none-eabi/15.1.0/../../../../arm-none-eabi/lib/thumb\libg.a(libc_a-findfp.o)
                0x0200e8c4                __sinit
 .text.__sfp_lock_acquire
                0x0200e900       0x14 C:/devkitPro/devkitARM/bin/../lib/gcc/arm-none-eabi/15.1.0/../../../../arm-none-eabi/lib/thumb\libg.a(libc_a-findfp.o)
                0x0200e900                __sfp_lock_acquire
 .text.__sfp_lock_release
                0x0200e914       0x14 C:/devkitPro/devkitARM/bin/../lib/gcc/arm-none-eabi/15.1.0/../../../../arm-none-eabi/lib/thumb\libg.a(libc_a-findfp.o)
                0x0200e914                __sfp_lock_release
 .text.__libc_init_array
                0x0200e928       0x54 C:/devkitPro/devkitARM/bin/../lib/gcc/arm-none-eabi/15.1.0/../../../../arm-none-eabi/lib/thumb\libg.a(libc_a-init.o)
                0x0200e928                __libc_init_array
 .text._fwalk_sglue
                0x0200e97c       0x4c C:/devkitPro/devkitARM/bin/../lib/gcc/arm-none-eabi/15.1.0/../../../../arm-none-eabi/lib/thumb\libg.a(libc_a-fwalk.o)
                0x0200e97c                _fwalk_sglue
 .text.calloc   0x0200e9c8       0x18 C:/devkitPro/devkitARM/bin/../lib/gcc/arm-none-eabi/15.1.0/../../../../arm-none-eabi/lib/thumb\libg.a(libc_a-calloc.o)
                0x0200e9c8                calloc
 .text.siscanf  0x0200e9e0       0x50 C:/devkitPro/devkitARM/bin/../lib/gcc/arm-none-eabi/15.1.0/../../../../arm-none-eabi/lib/thumb\libg.a(libc_a-siscanf.o)
                0x0200e9e0                siscanf
 .text.strrchr  0x0200ea30       0x30 C:/devkitPro/devkitARM/bin/../lib/gcc/arm-none-eabi/15.1.0/../../../../arm-none-eabi/lib/thumb\libg.a(libc_a-strrchr.o)
                0x0200ea30                strrchr
 .text.aligned_alloc
                0x0200ea60       0x18 C:/devkitPro/devkitARM/bin/../lib/gcc/arm-none-eabi/15.1.0/../../../../arm-none-eabi/lib/thumb\libg.a(libc_a-aligned_alloc.o)
                0x0200ea60                aligned_alloc
 .text._calloc_r
                0x0200ea78       0xcc C:/devkitPro/devkitARM/bin/../lib/gcc/arm-none-eabi/15.1.0/../../../../arm-none-eabi/lib/thumb\libg.a(libc_a-callocr.o)
                0x0200ea78                _calloc_r
 .text.realloc  0x0200eb44       0x18 C:/devkitPro/devkitARM/bin/../lib/gcc/arm-none-eabi/15.1.0/../../../../arm-none-eabi/lib/thumb\libg.a(libc_a-realloc.o)
                0x0200eb44                realloc
 .text.validate_structure
                0x0200eb5c      0x1e8 C:/devkitPro/devkitARM/bin/../lib/gcc/arm-none-eabi/15.1.0/../../../../arm-none-eabi/lib/thumb\libg.a(libc_a-mktime.o)
 .text.mktime   0x0200ed44      0x434 C:/devkitPro/devkitARM/bin/../lib/gcc/arm-none-eabi/15.1.0/../../../../arm-none-eabi/lib/thumb\libg.a(libc_a-mktime.o)
                0x0200ed44                mktime
 .text._fseek_r
                0x0200f178       0x14 C:/devkitPro/devkitARM/bin/../lib/gcc/arm-none-eabi/15.1.0/../../../../arm-none-eabi/lib/thumb\libg.a(libc_a-fseek.o)
                0x0200f178                _fseek_r
 .text.fseek    0x0200f18c       0x24 C:/devkitPro/devkitARM/bin/../lib/gcc/arm-none-eabi/15.1.0/../../../../arm-none-eabi/lib/thumb\libg.a(libc_a-fseek.o)
                0x0200f18c                fseek
 .text.__tz_lock
                0x0200f1b0       0x14 C:/devkitPro/devkitARM/bin/../lib/gcc/arm-none-eabi/15.1.0/../../../../arm-none-eabi/lib/thumb\libg.a(libc_a-tzlock.o)
                0x0200f1b0                __tz_lock
 .text.__tz_unlock
                0x0200f1c4       0x14 C:/devkitPro/devkitARM/bin/../lib/gcc/arm-none-eabi/15.1.0/../../../../arm-none-eabi/lib/thumb\libg.a(libc_a-tzlock.o)
                0x0200f1c4                __tz_unlock
 .text._malloc_r
                0x0200f1d8      0x550 C:/devkitPro/devkitARM/bin/../lib/gcc/arm-none-eabi/15.1.0/../../../../arm-none-eabi/lib/thumb\libg.a(libc_a-mallocr.o)
                0x0200f1d8                _malloc_r
 .text._malloc_trim_r
                0x0200f728       0xac C:/devkitPro/devkitARM/bin/../lib/gcc/arm-none-eabi/15.1.0/../../../../arm-none-eabi/lib/thumb\libg.a(libc_a-freer.o)
                0x0200f728                _malloc_trim_r
 .text._free_r  0x0200f7d4      0x1d8 C:/devkitPro/devkitARM/bin/../lib/gcc/arm-none-eabi/15.1.0/../../../../arm-none-eabi/lib/thumb\libg.a(libc_a-freer.o)
                0x0200f7d4                _free_r
 .text.get_arg  0x0200f9ac      0x404 C:/devkitPro/devkitARM/bin/../lib/gcc/arm-none-eabi/15.1.0/../../../../arm-none-eabi/lib/thumb\libg.a(libc_a-svfprintf.o)
 .text._svfprintf_r
                0x0200fdb0     0x22d8 C:/devkitPro/devkitARM/bin/../lib/gcc/arm-none-eabi/15.1.0/../../../../arm-none-eabi/lib/thumb\libg.a(libc_a-svfprintf.o)
                0x0200fdb0                _svfprintf_r
 .text.strnlen  0x02012088       0x20 C:/devkitPro/devkitARM/bin/../lib/gcc/arm-none-eabi/15.1.0/../../../../arm-none-eabi/lib/thumb\libg.a(libc_a-strnlen.o)
                0x02012088                strnlen
 .text.malloc   0x020120a8       0x28 C:/devkitPro/devkitARM/bin/../lib/gcc/arm-none-eabi/15.1.0/../../../../arm-none-eabi/lib/thumb\libg.a(libc_a-malloc.o)
                0x020120a8                malloc
 .text.free     0x020120d0       0x14 C:/devkitPro/devkitARM/bin/../lib/gcc/arm-none-eabi/15.1.0/../../../../arm-none-eabi/lib/thumb\libg.a(libc_a-malloc.o)
                0x020120d0                free
 .text.__sflush_r
                0x020120e4      0x180 C:/devkitPro/devkitARM/bin/../lib/gcc/arm-none-eabi/15.1.0/../../../../arm-none-eabi/lib/thumb\libg.a(libc_a-fflush.o)
                0x020120e4                __sflush_r
 .text._fflush_r
                0x02012264       0x70 C:/devkitPro/devkitARM/bin/../lib/gcc/arm-none-eabi/15.1.0/../../../../arm-none-eabi/lib/thumb\libg.a(libc_a-fflush.o)
                0x02012264                _fflush_r
 .text.time     0x020122d4       0x38 C:/devkitPro/devkitARM/bin/../lib/gcc/arm-none-eabi/15.1.0/../../../../arm-none-eabi/lib/thumb\libg.a(libc_a-time.o)
                0x020122d4                time
 .text.memset   0x0201230c       0x8c C:/devkitPro/devkitARM/bin/../lib/gcc/arm-none-eabi/15.1.0/../../../../arm-none-eabi/lib/thumb\libg.a(libc_a-memset.o)
                0x0201230c                memset
 .text._realloc_r
                0x02012398      0x344 C:/devkitPro/devkitARM/bin/../lib/gcc/arm-none-eabi/15.1.0/../../../../arm-none-eabi/lib/thumb\libg.a(libc_a-reallocr.o)
                0x02012398                _realloc_r
 .text.localtime_r
                0x020126dc      0x228 C:/devkitPro/devkitARM/bin/../lib/gcc/arm-none-eabi/15.1.0/../../../../arm-none-eabi/lib/thumb\libg.a(libc_a-lcltime_r.o)
                0x020126dc                localtime_r
 .text._fread_r
                0x02012904      0x228 C:/devkitPro/devkitARM/bin/../lib/gcc/arm-none-eabi/15.1.0/../../../../arm-none-eabi/lib/thumb\libg.a(libc_a-fread.o)
                0x02012904                _fread_r
 .text.fread    0x02012b2c       0x24 C:/devkitPro/devkitARM/bin/../lib/gcc/arm-none-eabi/15.1.0/../../../../arm-none-eabi/lib/thumb\libg.a(libc_a-fread.o)
                0x02012b2c                fread
 .text.__malloc_lock
                0x02012b50       0x14 C:/devkitPro/devkitARM/bin/../lib/gcc/arm-none-eabi/15.1.0/../../../../arm-none-eabi/lib/thumb\libg.a(libc_a-mlock.o)
                0x02012b50                __malloc_lock
 .text.__malloc_unlock
                0x02012b64       0x14 C:/devkitPro/devkitARM/bin/../lib/gcc/arm-none-eabi/15.1.0/../../../../arm-none-eabi/lib/thumb\libg.a(libc_a-mlock.o)
                0x02012b64                __malloc_unlock
 .text.__tzcalc_limits
                0x02012b78      0x1ac C:/devkitPro/devkitARM/bin/../lib/gcc/arm-none-eabi/15.1.0/../../../../arm-none-eabi/lib/thumb\libg.a(libc_a-tzcalc_limits.o)
                0x02012b78                __tzcalc_limits
 .text          0x02012d24      0x224 C:/devkitPro/devkitARM/bin/../lib/gcc/arm-none-eabi/15.1.0/../../../../arm-none-eabi/lib/thumb\libg.a(libc_a-strcmp.o)
                0x02012d24                strcmp
 .text.__call_exitprocs
                0x02012f48        0xc C:/devkitPro/devkitARM/bin/../lib/gcc/arm-none-eabi/15.1.0/../../../../arm-none-eabi/lib/thumb\libg.a(libc_a-exit.o)
                0x02012f48                __call_exitprocs
 .text.setvbuf  0x02012f54      0x1ac C:/devkitPro/devkitARM/bin/../lib/gcc/arm-none-eabi/15.1.0/../../../../arm-none-eabi/lib/thumb\libg.a(libc_a-setvbuf.o)
                0x02012f54                setvbuf
 .text._fopen_r
                0x02013100       0xb4 C:/devkitPro/devkitARM/bin/../lib/gcc/arm-none-eabi/15.1.0/../../../../arm-none-eabi/lib/thumb\libg.a(libc_a-fopen.o)
                0x02013100                _fopen_r
 .text.fopen    0x020131b4       0x18 C:/devkitPro/devkitARM/bin/../lib/gcc/arm-none-eabi/15.1.0/../../../../arm-none-eabi/lib/thumb\libg.a(libc_a-fopen.o)
                0x020131b4                fopen
 .text.strncpy  0x020131cc       0x68 C:/devkitPro/devkitARM/bin/../lib/gcc/arm-none-eabi/15.1.0/../../../../arm-none-eabi/lib/thumb\libg.a(libc_a-strncpy.o)
                0x020131cc                strncpy
 .text.memcpy   0x02013234       0xb0 C:/devkitPro/devkitARM/bin/../lib/gcc/arm-none-eabi/15.1.0/../../../../arm-none-eabi/lib/thumb\libg.a(libc_a-memcpy-stub.o)
                0x02013234                memcpy
 .text._wcsrtombs_r
                0x020132e4       0x20 C:/devkitPro/devkitARM/bin/../lib/gcc/arm-none-eabi/15.1.0/../../../../arm-none-eabi/lib/thumb\libg.a(libc_a-wcsrtombs.o)
                0x020132e4                _wcsrtombs_r
 .text.iprintf  0x02013304       0x28 C:/devkitPro/devkitARM/bin/../lib/gcc/arm-none-eabi/15.1.0/../../../../arm-none-eabi/lib/thumb\libg.a(libc_a-iprintf.o)
                0x02013304                iprintf
 .text.write    0x0201332c       0x1c C:/devkitPro/devkitARM/bin/../lib/gcc/arm-none-eabi/15.1.0/../../../../arm-none-eabi/lib/thumb\libg.a(libc_a-syswrite.o)
                0x0201332c                write
 .text.frexp    0x02013348       0x74 C:/devkitPro/devkitARM/bin/../lib/gcc/arm-none-eabi/15.1.0/../../../../arm-none-eabi/lib/thumb\libg.a(libm_a-s_frexp.o)
                0x02013348                frexp
 .text.__sfvwrite_r
                0x020133bc      0x31c C:/devkitPro/devkitARM/bin/../lib/gcc/arm-none-eabi/15.1.0/../../../../arm-none-eabi/lib/thumb\libg.a(libc_a-fvwrite.o)
                0x020133bc                __sfvwrite_r
 .text.__sread  0x020136d8       0x34 C:/devkitPro/devkitARM/bin/../lib/gcc/arm-none-eabi/15.1.0/../../../../arm-none-eabi/lib/thumb\libg.a(libc_a-stdio.o)
                0x020136d8                __sread
 .text.__seofread
                0x0201370c        0x4 C:/devkitPro/devkitARM/bin/../lib/gcc/arm-none-eabi/15.1.0/../../../../arm-none-eabi/lib/thumb\libg.a(libc_a-stdio.o)
                0x0201370c                __seofread
 .text.__swrite
                0x02013710       0x4c C:/devkitPro/devkitARM/bin/../lib/gcc/arm-none-eabi/15.1.0/../../../../arm-none-eabi/lib/thumb\libg.a(libc_a-stdio.o)
                0x02013710                __swrite
 .text.__sseek  0x0201375c       0x3c C:/devkitPro/devkitARM/bin/../lib/gcc/arm-none-eabi/15.1.0/../../../../arm-none-eabi/lib/thumb\libg.a(libc_a-stdio.o)
                0x0201375c                __sseek
 .text.__sclose
                0x02013798       0x10 C:/devkitPro/devkitARM/bin/../lib/gcc/arm-none-eabi/15.1.0/../../../../arm-none-eabi/lib/thumb\libg.a(libc_a-stdio.o)
                0x02013798                __sclose
 .text.memmove  0x020137a8       0xcc C:/devkitPro/devkitARM/bin/../lib/gcc/arm-none-eabi/15.1.0/../../../../arm-none-eabi/lib/thumb\libg.a(libc_a-memmove.o)
                0x020137a8                memmove
 .text.__locale_mb_cur_max
                0x02013874       0x20 C:/devkitPro/devkitARM/bin/../lib/gcc/arm-none-eabi/15.1.0/../../../../arm-none-eabi/lib/thumb\libg.a(libc_a-locale.o)
                0x02013874                __locale_mb_cur_max
 .text.__ssprint_r
                0x02013894       0x60 C:/devkitPro/devkitARM/bin/../lib/gcc/arm-none-eabi/15.1.0/../../../../arm-none-eabi/lib/thumb\libg.a(libc_a-ssprint_r.o)
                0x02013894                __ssprint_r
 .text.gmtime_r
                0x020138f4      0x1b4 C:/devkitPro/devkitARM/bin/../lib/gcc/arm-none-eabi/15.1.0/../../../../arm-none-eabi/lib/thumb\libg.a(libc_a-gmtime_r.o)
                0x020138f4                gmtime_r
 .text.get_arg  0x02013aa8      0x404 C:/devkitPro/devkitARM/bin/../lib/gcc/arm-none-eabi/15.1.0/../../../../arm-none-eabi/lib/thumb\libg.a(libc_a-vfiprintf.o)
 .text._vfiprintf_r
                0x02013eac     0x16d0 C:/devkitPro/devkitARM/bin/../lib/gcc/arm-none-eabi/15.1.0/../../../../arm-none-eabi/lib/thumb\libg.a(libc_a-vfiprintf.o)
                0x02013eac                _vfiprintf_r
 .text.__sbprintf
                0x0201557c       0x7c C:/devkitPro/devkitARM/bin/../lib/gcc/arm-none-eabi/15.1.0/../../../../arm-none-eabi/lib/thumb\libg.a(libc_a-vfiprintf.o)
 .text.strlen   0x020155f8       0x60 C:/devkitPro/devkitARM/bin/../lib/gcc/arm-none-eabi/15.1.0/../../../../arm-none-eabi/lib/thumb\libg.a(libc_a-strlen.o)
                0x020155f8                strlen
 .text._memalign_r
                0x02015658      0x118 C:/devkitPro/devkitARM/bin/../lib/gcc/arm-none-eabi/15.1.0/../../../../arm-none-eabi/lib/thumb\libg.a(libc_a-malignr.o)
                0x02015658                _memalign_r
 .text.div      0x02015770       0x18 C:/devkitPro/devkitARM/bin/../lib/gcc/arm-none-eabi/15.1.0/../../../../arm-none-eabi/lib/thumb\libg.a(libc_a-div.o)
                0x02015770                div
 .text._wcsnrtombs_l
                0x02015788      0x11c C:/devkitPro/devkitARM/bin/../lib/gcc/arm-none-eabi/15.1.0/../../../../arm-none-eabi/lib/thumb\libg.a(libc_a-wcsnrtombs.o)
                0x02015788                _wcsnrtombs_l
 .text._wcsnrtombs_r
                0x020158a4       0x40 C:/devkitPro/devkitARM/bin/../lib/gcc/arm-none-eabi/15.1.0/../../../../arm-none-eabi/lib/thumb\libg.a(libc_a-wcsnrtombs.o)
                0x020158a4                _wcsnrtombs_r
 .text.get_arg  0x020158e4       0x3e C:/devkitPro/devkitARM/bin/../lib/gcc/arm-none-eabi/15.1.0/../../../../arm-none-eabi/lib/thumb\libg.a(libc_a-svfiscanf.o)
 .text._sungetc_r
                0x02015922       0x7e C:/devkitPro/devkitARM/bin/../lib/gcc/arm-none-eabi/15.1.0/../../../../arm-none-eabi/lib/thumb\libg.a(libc_a-svfiscanf.o)
                0x02015922                _sungetc_r
 .text.__ssrefill_r
                0x020159a0       0x42 C:/devkitPro/devkitARM/bin/../lib/gcc/arm-none-eabi/15.1.0/../../../../arm-none-eabi/lib/thumb\libg.a(libc_a-svfiscanf.o)
                0x020159a0                __ssrefill_r
 .text._sfread_r
                0x020159e2       0x88 C:/devkitPro/devkitARM/bin/../lib/gcc/arm-none-eabi/15.1.0/../../../../arm-none-eabi/lib/thumb\libg.a(libc_a-svfiscanf.o)
                0x020159e2                _sfread_r
 *fill*         0x02015a6a        0x2 ff
 .text.__ssvfiscanf_r
                0x02015a6c     0x1984 C:/devkitPro/devkitARM/bin/../lib/gcc/arm-none-eabi/15.1.0/../../../../arm-none-eabi/lib/thumb\libg.a(libc_a-svfiscanf.o)
                0x02015a6c                __ssvfiscanf_r
 .text._strtoul_l.isra.0
                0x020173f0      0x150 C:/devkitPro/devkitARM/bin/../lib/gcc/arm-none-eabi/15.1.0/../../../../arm-none-eabi/lib/thumb\libg.a(libc_a-strtoul.o)
 .text._strtoul_r
                0x02017540       0x20 C:/devkitPro/devkitARM/bin/../lib/gcc/arm-none-eabi/15.1.0/../../../../arm-none-eabi/lib/thumb\libg.a(libc_a-strtoul.o)
                0x02017540                _strtoul_r
 .text.strtoul  0x02017560       0x24 C:/devkitPro/devkitARM/bin/../lib/gcc/arm-none-eabi/15.1.0/../../../../arm-none-eabi/lib/thumb\libg.a(libc_a-strtoul.o)
                0x02017560                strtoul
 .text.__utf8_mbtowc
                0x02017584      0x24c C:/devkitPro/devkitARM/bin/../lib/gcc/arm-none-eabi/15.1.0/../../../../arm-none-eabi/lib/thumb\libg.a(libc_a-mbtowc_r.o)
                0x02017584                __utf8_mbtowc
 .text._fseeko_r
                0x020177d0      0x414 C:/devkitPro/devkitARM/bin/../lib/gcc/arm-none-eabi/15.1.0/../../../../arm-none-eabi/lib/thumb\libg.a(libc_a-fseeko.o)
                0x020177d0                _fseeko_r
 .text._tzset_unlocked
                0x02017be4       0x10 C:/devkitPro/devkitARM/bin/../lib/gcc/arm-none-eabi/15.1.0/../../../../arm-none-eabi/lib/thumb\libg.a(libc_a-tzset.o)
                0x02017be4                _tzset_unlocked
 .text.__sprint_r
                0x02017bf4       0x24 C:/devkitPro/devkitARM/bin/../lib/gcc/arm-none-eabi/15.1.0/../../../../arm-none-eabi/lib/thumb\libg.a(libc_a-sprint_r.o)
                0x02017bf4                __sprint_r
 .text.iswspace
                0x02017c18       0x10 C:/devkitPro/devkitARM/bin/../lib/gcc/arm-none-eabi/15.1.0/../../../../arm-none-eabi/lib/thumb\libg.a(libc_a-iswspace.o)
                0x02017c18                iswspace
 .text.__gettzinfo
                0x02017c28        0x8 C:/devkitPro/devkitARM/bin/../lib/gcc/arm-none-eabi/15.1.0/../../../../arm-none-eabi/lib/thumb\libg.a(libc_a-gettzinfo.o)
                0x02017c28                __gettzinfo
 .text._localeconv_r
                0x02017c30       0x1c C:/devkitPro/devkitARM/bin/../lib/gcc/arm-none-eabi/15.1.0/../../../../arm-none-eabi/lib/thumb\libg.a(libc_a-localeconv.o)
                0x02017c30                _localeconv_r
 .text.memchr   0x02017c4c       0x74 C:/devkitPro/devkitARM/bin/../lib/gcc/arm-none-eabi/15.1.0/../../../../arm-none-eabi/lib/thumb\libg.a(libc_a-memchr-stub.o)
                0x02017c4c                memchr
 .text.quorem   0x02017cc0      0x160 C:/devkitPro/devkitARM/bin/../lib/gcc/arm-none-eabi/15.1.0/../../../../arm-none-eabi/lib/thumb\libg.a(libc_a-dtoa.o)
 .text._dtoa_r  0x02017e20     0x10b0 C:/devkitPro/devkitARM/bin/../lib/gcc/arm-none-eabi/15.1.0/../../../../arm-none-eabi/lib/thumb\libg.a(libc_a-dtoa.o)
                0x02017e20                _dtoa_r
 .text._wcrtomb_r
                0x02018ed0       0x84 C:/devkitPro/devkitARM/bin/../lib/gcc/arm-none-eabi/15.1.0/../../../../arm-none-eabi/lib/thumb\libg.a(libc_a-wcrtomb.o)
                0x02018ed0                _wcrtomb_r
 .text.strcpy   0x02018f54       0x10 C:/devkitPro/devkitARM/bin/../lib/gcc/arm-none-eabi/15.1.0/../../../../arm-none-eabi/lib/thumb\libg.a(libc_a-strcpy.o)
                0x02018f54                strcpy
 .text.__sflags
                0x02018f64       0x98 C:/devkitPro/devkitARM/bin/../lib/gcc/arm-none-eabi/15.1.0/../../../../arm-none-eabi/lib/thumb\libg.a(libc_a-flags.o)
                0x02018f64                __sflags
 .text._strtol_l.part.0
                0x02018ffc      0x25c C:/devkitPro/devkitARM/bin/../lib/gcc/arm-none-eabi/15.1.0/../../../../arm-none-eabi/lib/thumb\libg.a(libc_a-strtol.o)
 .text._strtol_r
                0x02019258       0x34 C:/devkitPro/devkitARM/bin/../lib/gcc/arm-none-eabi/15.1.0/../../../../arm-none-eabi/lib/thumb\libg.a(libc_a-strtol.o)
                0x02019258                _strtol_r
 .text.__libc_fini_array
                0x0201928c       0x30 C:/devkitPro/devkitARM/bin/../lib/gcc/arm-none-eabi/15.1.0/../../../../arm-none-eabi/lib/thumb\libg.a(libc_a-fini.o)
                0x0201928c                __libc_fini_array
 .text._tzset_unlocked_r
                0x020192bc      0x490 C:/devkitPro/devkitARM/bin/../lib/gcc/arm-none-eabi/15.1.0/../../../../arm-none-eabi/lib/thumb\libg.a(libc_a-tzset_r.o)
                0x020192bc                _tzset_unlocked_r
 .text.__sccl   0x0201974c       0xb0 C:/devkitPro/devkitARM/bin/../lib/gcc/arm-none-eabi/15.1.0/../../../../arm-none-eabi/lib/thumb\libg.a(libc_a-sccl.o)
                0x0201974c                __sccl
 .text.lflush   0x020197fc       0x24 C:/devkitPro/devkitARM/bin/../lib/gcc/arm-none-eabi/15.1.0/../../../../arm-none-eabi/lib/thumb\libg.a(libc_a-refill.o)
 .text.__srefill_r
                0x02019820      0x108 C:/devkitPro/devkitARM/bin/../lib/gcc/arm-none-eabi/15.1.0/../../../../arm-none-eabi/lib/thumb\libg.a(libc_a-refill.o)
                0x02019820                __srefill_r
 .text.__smakebuf_r
                0x02019928       0xe0 C:/devkitPro/devkitARM/bin/../lib/gcc/arm-none-eabi/15.1.0/../../../../arm-none-eabi/lib/thumb\libg.a(libc_a-makebuf.o)
                0x02019928                __smakebuf_r
 .text.__swhatbuf_r
                0x02019a08       0x5c C:/devkitPro/devkitARM/bin/../lib/gcc/arm-none-eabi/15.1.0/../../../../arm-none-eabi/lib/thumb\libg.a(libc_a-makebuf.o)
                0x02019a08                __swhatbuf_r
 .text._findenv_r
                0x02019a64       0x94 C:/devkitPro/devkitARM/bin/../lib/gcc/arm-none-eabi/15.1.0/../../../../arm-none-eabi/lib/thumb\libg.a(libc_a-getenv_r.o)
                0x02019a64                _findenv_r
 .text._getenv_r
                0x02019af8       0x10 C:/devkitPro/devkitARM/bin/../lib/gcc/arm-none-eabi/15.1.0/../../../../arm-none-eabi/lib/thumb\libg.a(libc_a-getenv_r.o)
                0x02019af8                _getenv_r
 .text.__ssputs_r
                0x02019b08       0xd4 C:/devkitPro/devkitARM/bin/../lib/gcc/arm-none-eabi/15.1.0/../../../../arm-none-eabi/lib/thumb\libg.a(libc_a-ssputs_r.o)
                0x02019b08                __ssputs_r
 .text.__utf8_wctomb
                0x02019bdc       0xbc C:/devkitPro/devkitARM/bin/../lib/gcc/arm-none-eabi/15.1.0/../../../../arm-none-eabi/lib/thumb\libg.a(libc_a-wctomb_r.o)
                0x02019bdc                __utf8_wctomb
 .text._strtoull_l.isra.0
                0x02019c98      0x1c0 C:/devkitPro/devkitARM/bin/../lib/gcc/arm-none-eabi/15.1.0/../../../../arm-none-eabi/lib/thumb\libg.a(libc_a-strtoull.o)
 .text._strtoull_r
                0x02019e58       0x20 C:/devkitPro/devkitARM/bin/../lib/gcc/arm-none-eabi/15.1.0/../../../../arm-none-eabi/lib/thumb\libg.a(libc_a-strtoull.o)
                0x02019e58                _strtoull_r
 .text._mbrtowc_r
                0x02019e78       0x98 C:/devkitPro/devkitARM/bin/../lib/gcc/arm-none-eabi/15.1.0/../../../../arm-none-eabi/lib/thumb\libg.a(libc_a-mbrtowc.o)
                0x02019e78                _mbrtowc_r
 .text.__swsetup_r
                0x02019f10       0xd4 C:/devkitPro/devkitARM/bin/../lib/gcc/arm-none-eabi/15.1.0/../../../../arm-none-eabi/lib/thumb\libg.a(libc_a-wsetup.o)
                0x02019f10                __swsetup_r
 .text.strncmp  0x02019fe4       0x70 C:/devkitPro/devkitARM/bin/../lib/gcc/arm-none-eabi/15.1.0/../../../../arm-none-eabi/lib/thumb\libg.a(libc_a-strncmp.o)
                0x02019fe4                strncmp
 .text.__env_lock
                0x0201a054       0x14 C:/devkitPro/devkitARM/bin/../lib/gcc/arm-none-eabi/15.1.0/../../../../arm-none-eabi/lib/thumb\libg.a(libc_a-envlock.o)
                0x0201a054                __env_lock
 .text.__env_unlock
                0x0201a068       0x14 C:/devkitPro/devkitARM/bin/../lib/gcc/arm-none-eabi/15.1.0/../../../../arm-none-eabi/lib/thumb\libg.a(libc_a-envlock.o)
                0x0201a068                __env_unlock
 .text.__assert_func
                0x0201a07c       0x40 C:/devkitPro/devkitARM/bin/../lib/gcc/arm-none-eabi/15.1.0/../../../../arm-none-eabi/lib/thumb\libg.a(libc_a-assert.o)
                0x0201a07c                __assert_func
 .text.iswspace_l
                0x0201a0bc       0x28 C:/devkitPro/devkitARM/bin/../lib/gcc/arm-none-eabi/15.1.0/../../../../arm-none-eabi/lib/thumb\libg.a(libc_a-iswspace_l.o)
                0x0201a0bc                iswspace_l
 .text._Balloc  0x0201a0e4       0x5c C:/devkitPro/devkitARM/bin/../lib/gcc/arm-none-eabi/15.1.0/../../../../arm-none-eabi/lib/thumb\libg.a(libc_a-mprec.o)
                0x0201a0e4                _Balloc
 .text._Bfree   0x0201a140       0x14 C:/devkitPro/devkitARM/bin/../lib/gcc/arm-none-eabi/15.1.0/../../../../arm-none-eabi/lib/thumb\libg.a(libc_a-mprec.o)
                0x0201a140                _Bfree
 .text.__multadd
                0x0201a154       0xa8 C:/devkitPro/devkitARM/bin/../lib/gcc/arm-none-eabi/15.1.0/../../../../arm-none-eabi/lib/thumb\libg.a(libc_a-mprec.o)
                0x0201a154                __multadd
 .text.__hi0bits
                0x0201a1fc       0x60 C:/devkitPro/devkitARM/bin/../lib/gcc/arm-none-eabi/15.1.0/../../../../arm-none-eabi/lib/thumb\libg.a(libc_a-mprec.o)
                0x0201a1fc                __hi0bits
 .text.__lo0bits
                0x0201a25c       0x8c C:/devkitPro/devkitARM/bin/../lib/gcc/arm-none-eabi/15.1.0/../../../../arm-none-eabi/lib/thumb\libg.a(libc_a-mprec.o)
                0x0201a25c                __lo0bits
 .text.__i2b    0x0201a2e8       0x64 C:/devkitPro/devkitARM/bin/../lib/gcc/arm-none-eabi/15.1.0/../../../../arm-none-eabi/lib/thumb\libg.a(libc_a-mprec.o)
                0x0201a2e8                __i2b
 .text.__multiply
                0x0201a34c      0x1b4 C:/devkitPro/devkitARM/bin/../lib/gcc/arm-none-eabi/15.1.0/../../../../arm-none-eabi/lib/thumb\libg.a(libc_a-mprec.o)
                0x0201a34c                __multiply
 .text.__pow5mult
                0x0201a500       0xd8 C:/devkitPro/devkitARM/bin/../lib/gcc/arm-none-eabi/15.1.0/../../../../arm-none-eabi/lib/thumb\libg.a(libc_a-mprec.o)
                0x0201a500                __pow5mult
 .text.__lshift
                0x0201a5d8       0xf8 C:/devkitPro/devkitARM/bin/../lib/gcc/arm-none-eabi/15.1.0/../../../../arm-none-eabi/lib/thumb\libg.a(libc_a-mprec.o)
                0x0201a5d8                __lshift
 .text.__mcmp   0x0201a6d0       0x50 C:/devkitPro/devkitARM/bin/../lib/gcc/arm-none-eabi/15.1.0/../../../../arm-none-eabi/lib/thumb\libg.a(libc_a-mprec.o)
                0x0201a6d0                __mcmp
 .text.__mdiff  0x0201a720      0x1a4 C:/devkitPro/devkitARM/bin/../lib/gcc/arm-none-eabi/15.1.0/../../../../arm-none-eabi/lib/thumb\libg.a(libc_a-mprec.o)
                0x0201a720                __mdiff
 .text.__d2b    0x0201a8c4       0xd4 C:/devkitPro/devkitARM/bin/../lib/gcc/arm-none-eabi/15.1.0/../../../../arm-none-eabi/lib/thumb\libg.a(libc_a-mprec.o)
                0x0201a8c4                __d2b
 .text._strtoll_l.isra.0
                0x0201a998      0x300 C:/devkitPro/devkitARM/bin/../lib/gcc/arm-none-eabi/15.1.0/../../../../arm-none-eabi/lib/thumb\libg.a(libc_a-strtoll.o)
 .text._strtoll_r
                0x0201ac98       0x20 C:/devkitPro/devkitARM/bin/../lib/gcc/arm-none-eabi/15.1.0/../../../../arm-none-eabi/lib/thumb\libg.a(libc_a-strtoll.o)
                0x0201ac98                _strtoll_r
 .text.__submore
                0x0201acb8       0x7c C:/devkitPro/devkitARM/bin/../lib/gcc/arm-none-eabi/15.1.0/../../../../arm-none-eabi/lib/thumb\libg.a(libc_a-ungetc.o)
                0x0201acb8                __submore
 .text.fiprintf
                0x0201ad34       0x28 C:/devkitPro/devkitARM/bin/../lib/gcc/arm-none-eabi/15.1.0/../../../../arm-none-eabi/lib/thumb\libg.a(libc_a-fiprintf.o)
                0x0201ad34                fiprintf
 .text.abort    0x0201ad5c       0x10 C:/devkitPro/devkitARM/bin/../lib/gcc/arm-none-eabi/15.1.0/../../../../arm-none-eabi/lib/thumb\libg.a(libc_a-abort.o)
                0x0201ad5c                abort
 .text.category
                0x0201ad6c       0x5c C:/devkitPro/devkitARM/bin/../lib/gcc/arm-none-eabi/15.1.0/../../../../arm-none-eabi/lib/thumb\libg.a(libc_a-categories.o)
                0x0201ad6c                category
 .text._raise_r
                0x0201adc8       0x60 C:/devkitPro/devkitARM/bin/../lib/gcc/arm-none-eabi/15.1.0/../../../../arm-none-eabi/lib/thumb\libg.a(libc_a-signal.o)
                0x0201adc8                _raise_r
 .text.raise    0x0201ae28       0x14 C:/devkitPro/devkitARM/bin/../lib/gcc/arm-none-eabi/15.1.0/../../../../arm-none-eabi/lib/thumb\libg.a(libc_a-signal.o)
                0x0201ae28                raise
 .text._exit    0x0201ae3c       0x14 C:/devkitPro/devkitARM/bin/../lib/gcc/arm-none-eabi/15.1.0/../../../../arm-none-eabi/lib/thumb\libsysbase.a(libsysbase_libsysbase_a-_exit.o)
                0x0201ae3c                _exit
 .text.chdir    0x0201ae50       0xe4 C:/devkitPro/devkitARM/bin/../lib/gcc/arm-none-eabi/15.1.0/../../../../arm-none-eabi/lib/thumb\libsysbase.a(libsysbase_libsysbase_a-chdir.o)
                0x0201ae50                chdir
 .text._concatenate_path
                0x0201af34      0x134 C:/devkitPro/devkitARM/bin/../lib/gcc/arm-none-eabi/15.1.0/../../../../arm-none-eabi/lib/thumb\libsysbase.a(libsysbase_libsysbase_a-concatenate.o)
                0x0201af34                _concatenate_path
 .text._fstat_r
                0x0201b068       0x5c C:/devkitPro/devkitARM/bin/../lib/gcc/arm-none-eabi/15.1.0/../../../../arm-none-eabi/lib/thumb\libsysbase.a(libsysbase_libsysbase_a-fstat.o)
                0x0201b068                _fstat_r
 .text._getpid_r
                0x0201b0c4        0xc C:/devkitPro/devkitARM/bin/../lib/gcc/arm-none-eabi/15.1.0/../../../../arm-none-eabi/lib/thumb\libsysbase.a(libsysbase_libsysbase_a-getpid.o)
                0x0201b0c4                _getpid_r
 .text.__getreent
                0x0201b0d0       0x20 C:/devkitPro/devkitARM/bin/../lib/gcc/arm-none-eabi/15.1.0/../../../../arm-none-eabi/lib/thumb\libsysbase.a(libsysbase_libsysbase_a-getreent.o)
                0x0201b0d0                __getreent
 .text._gettimeofday_r
                0x0201b0f0       0x20 C:/devkitPro/devkitARM/bin/../lib/gcc/arm-none-eabi/15.1.0/../../../../arm-none-eabi/lib/thumb\libsysbase.a(libsysbase_libsysbase_a-gettod.o)
                0x0201b0f0                _gettimeofday_r
 .text.__release_handle
                0x0201b110       0x6c C:/devkitPro/devkitARM/bin/../lib/gcc/arm-none-eabi/15.1.0/../../../../arm-none-eabi/lib/thumb\libsysbase.a(libsysbase_libsysbase_a-handle_manager.o)
                0x0201b110                __release_handle
 .text.__alloc_handle
                0x0201b17c       0x7c C:/devkitPro/devkitARM/bin/../lib/gcc/arm-none-eabi/15.1.0/../../../../arm-none-eabi/lib/thumb\libsysbase.a(libsysbase_libsysbase_a-handle_manager.o)
                0x0201b17c                __alloc_handle
 .text.__get_handle
                0x0201b1f8       0x34 C:/devkitPro/devkitARM/bin/../lib/gcc/arm-none-eabi/15.1.0/../../../../arm-none-eabi/lib/thumb\libsysbase.a(libsysbase_libsysbase_a-handle_manager.o)
                0x0201b1f8                __get_handle
 .text._close_r
                0x0201b22c       0xb0 C:/devkitPro/devkitARM/bin/../lib/gcc/arm-none-eabi/15.1.0/../../../../arm-none-eabi/lib/thumb\libsysbase.a(libsysbase_libsysbase_a-handle_manager.o)
                0x0201b22c                _close_r
 .text.null_write
                0x0201b2dc        0x4 C:/devkitPro/devkitARM/bin/../lib/gcc/arm-none-eabi/15.1.0/../../../../arm-none-eabi/lib/thumb\libsysbase.a(libsysbase_libsysbase_a-iosupport.o)
 .text.setDefaultDevice
                0x0201b2e0       0x10 C:/devkitPro/devkitARM/bin/../lib/gcc/arm-none-eabi/15.1.0/../../../../arm-none-eabi/lib/thumb\libsysbase.a(libsysbase_libsysbase_a-iosupport.o)
                0x0201b2e0                setDefaultDevice
 .text.FindDevice
                0x0201b2f0       0x90 C:/devkitPro/devkitARM/bin/../lib/gcc/arm-none-eabi/15.1.0/../../../../arm-none-eabi/lib/thumb\libsysbase.a(libsysbase_libsysbase_a-iosupport.o)
                0x0201b2f0                FindDevice
 .text.AddDevice
                0x0201b380       0x7c C:/devkitPro/devkitARM/bin/../lib/gcc/arm-none-eabi/15.1.0/../../../../arm-none-eabi/lib/thumb\libsysbase.a(libsysbase_libsysbase_a-iosupport.o)
                0x0201b380                AddDevice
 .text.GetDeviceOpTab
                0x0201b3fc       0x20 C:/devkitPro/devkitARM/bin/../lib/gcc/arm-none-eabi/15.1.0/../../../../arm-none-eabi/lib/thumb\libsysbase.a(libsysbase_libsysbase_a-iosupport.o)
                0x0201b3fc                GetDeviceOpTab
 .text._isatty_r
                0x0201b41c        0x4 C:/devkitPro/devkitARM/bin/../lib/gcc/arm-none-eabi/15.1.0/../../../../arm-none-eabi/lib/thumb\libsysbase.a(libsysbase_libsysbase_a-isatty.o)
                0x0201b41c                _isatty_r
 .text._kill_r  0x0201b420        0xc C:/devkitPro/devkitARM/bin/../lib/gcc/arm-none-eabi/15.1.0/../../../../arm-none-eabi/lib/thumb\libsysbase.a(libsysbase_libsysbase_a-kill.o)
                0x0201b420                _kill_r
 .text._lseek_r
                0x0201b42c       0x64 C:/devkitPro/devkitARM/bin/../lib/gcc/arm-none-eabi/15.1.0/../../../../arm-none-eabi/lib/thumb\libsysbase.a(libsysbase_libsysbase_a-lseek.o)
                0x0201b42c                _lseek_r
 .text._open_r  0x0201b490       0x8c C:/devkitPro/devkitARM/bin/../lib/gcc/arm-none-eabi/15.1.0/../../../../arm-none-eabi/lib/thumb\libsysbase.a(libsysbase_libsysbase_a-open.o)
                0x0201b490                _open_r
 .text._read_r  0x0201b51c       0x5c C:/devkitPro/devkitARM/bin/../lib/gcc/arm-none-eabi/15.1.0/../../../../arm-none-eabi/lib/thumb\libsysbase.a(libsysbase_libsysbase_a-read.o)
                0x0201b51c                _read_r
 .text._sbrk_r  0x0201b578       0x50 C:/devkitPro/devkitARM/bin/../lib/gcc/arm-none-eabi/15.1.0/../../../../arm-none-eabi/lib/thumb\libsysbase.a(libsysbase_libsysbase_a-sbrk.o)
                0x0201b578                _sbrk_r
 .text.__libc_lock_acquire
                0x0201b5c8       0x18 C:/devkitPro/devkitARM/bin/../lib/gcc/arm-none-eabi/15.1.0/../../../../arm-none-eabi/lib/thumb\libsysbase.a(libsysbase_libsysbase_a-syscall_support.o)
                0x0201b5c8                __libc_lock_acquire
 .text.__libc_lock_release
                0x0201b5e0       0x18 C:/devkitPro/devkitARM/bin/../lib/gcc/arm-none-eabi/15.1.0/../../../../arm-none-eabi/lib/thumb\libsysbase.a(libsysbase_libsysbase_a-syscall_support.o)
                0x0201b5e0                __libc_lock_release
 .text.__libc_lock_acquire_recursive
                0x0201b5f8       0x18 C:/devkitPro/devkitARM/bin/../lib/gcc/arm-none-eabi/15.1.0/../../../../arm-none-eabi/lib/thumb\libsysbase.a(libsysbase_libsysbase_a-syscall_support.o)
                0x0201b5f8                __libc_lock_acquire_recursive
 .text.__libc_lock_release_recursive
                0x0201b610       0x18 C:/devkitPro/devkitARM/bin/../lib/gcc/arm-none-eabi/15.1.0/../../../../arm-none-eabi/lib/thumb\libsysbase.a(libsysbase_libsysbase_a-syscall_support.o)
                0x0201b610                __libc_lock_release_recursive
 .text._write_r
                0x0201b628       0x5c C:/devkitPro/devkitARM/bin/../lib/gcc/arm-none-eabi/15.1.0/../../../../arm-none-eabi/lib/thumb\libsysbase.a(libsysbase_libsysbase_a-write.o)
                0x0201b628                _write_r
 .text          0x0201b684       0x14 C:/devkitPro/devkitARM/bin/../lib/gcc/arm-none-eabi/15.1.0/thumb\libgcc.a(_thumb1_case_uqi.o)
                0x0201b684                __gnu_thumb1_case_uqi
 .text          0x0201b698       0x14 C:/devkitPro/devkitARM/bin/../lib/gcc/arm-none-eabi/15.1.0/thumb\libgcc.a(_thumb1_case_uhi.o)
                0x0201b698                __gnu_thumb1_case_uhi
 .text          0x0201b6ac      0x424 C:/devkitPro/devkitARM/bin/../lib/gcc/arm-none-eabi/15.1.0/thumb\libgcc.a(_arm_addsubdf3.o)
                0x0201b6ac                __aeabi_drsub
                0x0201b6b4                __aeabi_dsub
                0x0201b6b4                __subdf3
                0x0201b6b8                __aeabi_dadd
                0x0201b6b8                __adddf3
                0x0201b9c8                __floatunsidf
                0x0201b9c8                __aeabi_ui2d
                0x0201b9ec                __floatsidf
                0x0201b9ec                __aeabi_i2d
                0x0201ba14                __aeabi_f2d
                0x0201ba14                __extendsfdf2
                0x0201ba5c                __floatundidf
                0x0201ba5c                __aeabi_ul2d
                0x0201ba70                __floatdidf
                0x0201ba70                __aeabi_l2d
 .text          0x0201bad0      0x49c C:/devkitPro/devkitARM/bin/../lib/gcc/arm-none-eabi/15.1.0/thumb\libgcc.a(_arm_muldivdf3.o)
                0x0201bad0                __aeabi_dmul
                0x0201bad0                __muldf3
                0x0201bd60                __divdf3
                0x0201bd60                __aeabi_ddiv
 .text          0x0201bf6c      0x144 C:/devkitPro/devkitARM/bin/../lib/gcc/arm-none-eabi/15.1.0/thumb\libgcc.a(_arm_cmpdf2.o)
                0x0201bf6c                __gtdf2
                0x0201bf6c                __gedf2
                0x0201bf74                __ltdf2
                0x0201bf74                __ledf2
                0x0201bf7c                __nedf2
                0x0201bf7c                __eqdf2
                0x0201bf7c                __cmpdf2
                0x0201c004                __aeabi_cdrcmple
                0x0201c020                __aeabi_cdcmpeq
                0x0201c020                __aeabi_cdcmple
                0x0201c038                __aeabi_dcmpeq
                0x0201c050                __aeabi_dcmplt
                0x0201c068                __aeabi_dcmple
                0x0201c080                __aeabi_dcmpge
                0x0201c098                __aeabi_dcmpgt
 .text          0x0201c0b0       0x38 C:/devkitPro/devkitARM/bin/../lib/gcc/arm-none-eabi/15.1.0/thumb\libgcc.a(_arm_unorddf2.o)
                0x0201c0b0                __unorddf2
                0x0201c0b0                __aeabi_dcmpun
 .text          0x0201c0e8       0x5c C:/devkitPro/devkitARM/bin/../lib/gcc/arm-none-eabi/15.1.0/thumb\libgcc.a(_arm_fixdfsi.o)
                0x0201c0e8                __aeabi_d2iz
                0x0201c0e8                __fixdfsi
 .text          0x0201c144       0xd4 C:/devkitPro/devkitARM/bin/../lib/gcc/arm-none-eabi/15.1.0/thumb\libgcc.a(_aeabi_ldivmod.o)
                0x0201c144                __aeabi_ldivmod
 .text.__muldi3
                0x0201c218       0x58 C:/devkitPro/devkitARM/bin/../lib/gcc/arm-none-eabi/15.1.0/thumb\libgcc.a(_muldi3.o)
                0x0201c218                __muldi3
                0x0201c218                __aeabi_lmul
 EXCLUDE_FILE(*.twl.*) *(.glue_7t .glue_7 .vfp11_veneer .v4_bx)
 .glue_7        0x0201c270        0x0 linker stubs
 .glue_7t       0x0201c270        0x0 linker stubs
 .vfp11_veneer  0x0201c270        0x0 linker stubs
 .v4_bx         0x0201c270        0x0 linker stubs
 *(SORT_NONE(.fini))
 .fini          0x0201c270        0x4 C:/devkitPro/devkitARM/bin/../lib/gcc/arm-none-eabi/15.1.0/thumb/crti.o
                0x0201c270                _fini
 .fini          0x0201c274        0x8 C:/devkitPro/devkitARM/bin/../lib/gcc/arm-none-eabi/15.1.0/thumb/crtn.o
 *fill*         0x0201c27c        0x4 ff
 .fini.__stub   0x0201c280       0x28 linker stubs
 EXCLUDE_FILE(*.twl.*) *(.rodata .rodata.* .gnu.linkonce.r.*)
 .rodata        0x0201c2a8     0x2b7c GFXinput.o
                0x0201c2a8                GFXinputBitmap
 .rodata        0x0201ee24      0x200 GFXselector16.o
                0x0201ee24                GFXselector16Bitmap
 .rodata        0x0201f024      0x800 GFXselector24.o
                0x0201f024                GFXselector24Bitmap
 .rodata._Z9saveArrayPKcPvj.str1.4
                0x0201f824      0x4d8 main.o
                                  0x3 (size before relaxing)
 .rodata._Z9loadArrayPKcPvj.str1.4
                0x0201fcfc        0x3 main.o
 .rodata._Z19getActionsFromTouchi
                0x0201fcfc       0x20 main.o
 .rodata.main.str1.4
                0x0201fd1c       0xfc main.o
 .rodata.dvmInit.str1.4
                0x0201fd1c        0xd C:/devkitPro/libnds/lib\libfat.a(dvm_calico.o)
 .rodata.s_dvmDiscCalicoIface
                0x0201fd1c       0x10 C:/devkitPro/libnds/lib\libfat.a(dvm_calico.o)
 .rodata.s_dvmDiscCacheIface
                0x0201fd2c       0x10 C:/devkitPro/libnds/lib\libfat.a(dvm_cache.o)
 .rodata.dvmMountVolume.str1.4
                0x0201fd3c        0xc C:/devkitPro/libnds/lib\libfat.a(dvm_volume.o)
 .rodata._dvmIdentMbrVbr.str1.4
                0x0201fd3c       0x3d C:/devkitPro/libnds/lib\libfat.a(dvm_prober.o)
 .rodata.fr_to_errno.0
                0x0201fd3c       0x14 C:/devkitPro/libnds/lib\libfat.a(fat_driver.o)
 .rodata.str1.4
                0x0201fd50        0x5 C:/devkitPro/libnds/lib\libfat.a(fat_driver.o)
 .rodata.g_vfatFsDriver
                0x0201fd50       0x14 C:/devkitPro/libnds/lib\libfat.a(fat_driver.o)
                0x0201fd50                g_vfatFsDriver
 .rodata._FAT_devoptab
                0x0201fd64       0x80 C:/devkitPro/libnds/lib\libfat.a(fat_driver.o)
 .rodata.follow_path.str1.4
                0x0201fde4       0x13 C:/devkitPro/libnds/lib\libfat.a(ff.o)
 .rodata.check_fs.str1.4
                0x0201fde4        0x9 C:/devkitPro/libnds/lib\libfat.a(ff.o)
 .rodata.ExCvt  0x0201fde4       0x80 C:/devkitPro/libnds/lib\libfat.a(ff.o)
 .rodata.LfnOfs
                0x0201fe64        0xd C:/devkitPro/libnds/lib\libfat.a(ff.o)
 .rodata.ff_wtoupper
                0x0201fe71        0x9 C:/devkitPro/libnds/lib\libfat.a(ffunicode.o)
 *fill*         0x0201fe7a        0x2 ff
 .rodata.cvt2.0
                0x0201fe7c       0xbc C:/devkitPro/libnds/lib\libfat.a(ffunicode.o)
 .rodata.cvt1.1
                0x0201ff38      0x1f2 C:/devkitPro/libnds/lib\libfat.a(ffunicode.o)
 *fill*         0x0202012a        0x6 ff
 .rodata.uc437  0x02020130      0x100 C:/devkitPro/libnds/lib\libfat.a(ffunicode.o)
 .rodata.con_write.str1.4
                0x02020230       0x30 C:/devkitPro/libnds/lib\libnds9.a(console.o)
 .rodata.con_write
                0x02020230       0xd4 C:/devkitPro/libnds/lib\libnds9.a(console.o)
 .rodata.consoleClear.str1.4
                0x02020304        0x5 C:/devkitPro/libnds/lib\libnds9.a(console.o)
 .rodata.str1.4
                0x02020304       0x14 C:/devkitPro/libnds/lib\libnds9.a(console.o)
 .rodata.dotab_stdout
                0x02020304       0x80 C:/devkitPro/libnds/lib\libnds9.a(console.o)
 .rodata.decompress
                0x02020384       0x14 C:/devkitPro/libnds/lib\libnds9.a(decompress.o)
 .rodata.defaultHandler.str1.4
                0x02020398       0x33 C:/devkitPro/libnds/lib\libnds9.a(exceptionDefault.o)
 .rodata.guruMeditationDump.str1.4
                0x02020398       0xf6 C:/devkitPro/libnds/lib\libnds9.a(gurumeditation.o)
 .rodata.str1.4
                0x02020398       0x3c C:/devkitPro/libnds/lib\libnds9.a(gurumeditation.o)
 .rodata.registerNames
                0x02020398       0x40 C:/devkitPro/libnds/lib\libnds9.a(gurumeditation.o)
 .rodata.str1.4
                0x020203d8        0x6 C:/devkitPro/libnds/lib\libnds9.a(keyboard.o)
 .rodata.std_in
                0x020203d8       0x80 C:/devkitPro/libnds/lib\libnds9.a(keyboard.o)
                0x020203d8                std_in
 .rodata.SIN_LUT
                0x02020458      0x102 C:/devkitPro/libnds/lib\libnds9.a(trig.o)
                0x02020458                SIN_LUT
 *fill*         0x0202055a        0x2 ff
 .rodata.default_font_bin
                0x0202055c      0x800 C:/devkitPro/libnds/lib\libnds9.a(default_font.bin.o)
                0x0202055c                default_font_bin
                0x02020d5c                default_font_bin_end
 .rodata        0x02020d5c     0x2d0c C:/devkitPro/libnds/lib\libnds9.a(keyboardGfx.o)
                0x02020d5c                keyboardGfxTiles
                0x02023048                keyboardGfxMap
                0x02023a48                keyboardGfxPal
 .rodata.dietPrintV.str1.4
                0x02023a68       0x1a C:/devkitPro/calico/lib\libcalico_ds9.a(dietprint.o)
 .rodata.dietPrintV
                0x02023a68      0x11c C:/devkitPro/calico/lib\libcalico_ds9.a(dietprint.o)
 .rodata._DAYS_BEFORE_MONTH
                0x02023b84       0x30 C:/devkitPro/devkitARM/bin/../lib/gcc/arm-none-eabi/15.1.0/../../../../arm-none-eabi/lib/thumb\libg.a(libc_a-mktime.o)
 .rodata.DAYS_IN_MONTH
                0x02023bb4       0x30 C:/devkitPro/devkitARM/bin/../lib/gcc/arm-none-eabi/15.1.0/../../../../arm-none-eabi/lib/thumb\libg.a(libc_a-mktime.o)
 .rodata._svfprintf_r.str1.1
                0x02023be4       0x3b C:/devkitPro/devkitARM/bin/../lib/gcc/arm-none-eabi/15.1.0/../../../../arm-none-eabi/lib/thumb\libg.a(libc_a-svfprintf.o)
 *fill*         0x02023c1f        0x1 ff
 .rodata.zeroes.0
                0x02023c20       0x10 C:/devkitPro/devkitARM/bin/../lib/gcc/arm-none-eabi/15.1.0/../../../../arm-none-eabi/lib/thumb\libg.a(libc_a-svfprintf.o)
 .rodata.blanks.1
                0x02023c30       0x10 C:/devkitPro/devkitARM/bin/../lib/gcc/arm-none-eabi/15.1.0/../../../../arm-none-eabi/lib/thumb\libg.a(libc_a-svfprintf.o)
 .rodata.str1.4
                0x02023c40        0x4 C:/devkitPro/devkitARM/bin/../lib/gcc/arm-none-eabi/15.1.0/../../../../arm-none-eabi/lib/thumb\libg.a(libc_a-tzvars.o)
 .rodata.__action_table
                0x02023c40       0x6c C:/devkitPro/devkitARM/bin/../lib/gcc/arm-none-eabi/15.1.0/../../../../arm-none-eabi/lib/thumb\libg.a(libc_a-svfiprintf.o)
                0x02023c40                __action_table
 .rodata.__state_table
                0x02023cac       0x6c C:/devkitPro/devkitARM/bin/../lib/gcc/arm-none-eabi/15.1.0/../../../../arm-none-eabi/lib/thumb\libg.a(libc_a-svfiprintf.o)
                0x02023cac                __state_table
 .rodata.__chclass
                0x02023d18      0x100 C:/devkitPro/devkitARM/bin/../lib/gcc/arm-none-eabi/15.1.0/../../../../arm-none-eabi/lib/thumb\libg.a(libc_a-svfiprintf.o)
                0x02023d18                __chclass
 .rodata.str1.4