Archive member included to satisfy reference by file (symbol)

C:/devkitPro/libnds/lib\libfat.a(fat_wrappers.o)
                              main.o (fatInitDefault)
C:/devkitPro/libnds/lib\libfat.a(dvm_calico.o)
                              C:/devkitPro/libnds/lib\libfat.a(fat_wrappers.o) (dvmInit)
C:/devkitPro/libnds/lib\libfat.a(dvm_disc.o)
                              C:/devkitPro/libnds/lib\libfat.a(fat_wrappers.o) (dvmDiscCreate)
C:/devkitPro/libnds/lib\libfat.a(dvm_cache.o)
                              C:/devkitPro/libnds/lib\libfat.a(fat_wrappers.o) (dvmDiscCacheCreate)
C:/devkitPro/libnds/lib\libfat.a(dvm_volume.o)
                              C:/devkitPro/libnds/lib\libfat.a(fat_wrappers.o) (dvmMountVolume)
C:/devkitPro/libnds/lib\libfat.a(dvm_prober.o)
                              C:/devkitPro/libnds/lib\libfat.a(dvm_calico.o) (dvmProbeMountDisc)
C:/devkitPro/libnds/lib\libfat.a(fat_driver.o)
                              C:/devkitPro/libnds/lib\libfat.a(dvm_volume.o) (g_vfatFsDriver)
C:/devkitPro/libnds/lib\libfat.a(ff.o)
                              C:/devkitPro/libnds/lib\libfat.a(fat_driver.o) (f_mount)
C:/devkitPro/libnds/lib\libfat.a(ffunicode.o)
                              C:/devkitPro/libnds/lib\libfat.a(ff.o) (ff_uni2oem)
C:/devkitPro/libnds/lib\libnds9.a(background.o)
                              main.o (bgInit_call)
C:/devkitPro/libnds/lib\libnds9.a(console.o)
                              main.o (consoleInit)
C:/devkitPro/libnds/lib\libnds9.a(decompress.o)
                              main.o (decompress)
C:/devkitPro/libnds/lib\libnds9.a(exceptionDefault.o)
                              main.o (defaultExceptionHandler)
C:/devkitPro/libnds/lib\libnds9.a(gurumeditation.o)
                              C:/devkitPro/libnds/lib\libnds9.a(exceptionDefault.o) (guruMeditationDump)
C:/devkitPro/libnds/lib\libnds9.a(keyboard.o)
                              main.o (keyboardDemoInit)
C:/devkitPro/libnds/lib\libnds9.a(keys.o)
                              main.o (scanKeys)
C:/devkitPro/libnds/lib\libnds9.a(sprite_alloc.o)
                              main.o (oamAllocateGfx)
C:/devkitPro/libnds/lib\libnds9.a(sprite.o)
                              main.o (oamInit)
C:/devkitPro/libnds/lib\libnds9.a(trig.o)
                              C:/devkitPro/libnds/lib\libnds9.a(background.o) (sinLerp)
C:/devkitPro/libnds/lib\libnds9.a(exceptionEntry.o)
                              C:/devkitPro/libnds/lib\libnds9.a(exceptionDefault.o) (__libnds_excpt)
C:/devkitPro/libnds/lib\libnds9.a(default_font.bin.o)
                              C:/devkitPro/libnds/lib\libnds9.a(console.o) (default_font_bin)
C:/devkitPro/libnds/lib\libnds9.a(keyboardGfx.o)
                              C:/devkitPro/libnds/lib\libnds9.a(keyboard.o) (keyboardGfxTiles)
C:/devkitPro/calico/lib\libcalico_ds9.a(thread_cold.o)
                              main.o (threadIrqWait)
C:/devkitPro/calico/lib\libcalico_ds9.a(thread_hot.32.o)
                              C:/devkitPro/libnds/lib\libnds9.a(exceptionDefault.o) (__sched_state)
C:/devkitPro/calico/lib\libcalico_ds9.a(dietprint.o)
                              C:/devkitPro/libnds/lib\libnds9.a(exceptionDefault.o) (g_dietPrintFn)
C:/devkitPro/calico/lib\libcalico_ds9.a(newlib_syscalls.o)
                              C:/devkitPro/libnds/lib\libfat.a(fat_driver.o) (__errno)
C:/devkitPro/calico/lib\libcalico_ds9.a(arm-copy-fill.32.o)
                              C:/devkitPro/libnds/lib\libfat.a(dvm_calico.o) (armCopyMem32)
C:/devkitPro/calico/lib\libcalico_ds9.a(arm-context.32.o)
                              C:/devkitPro/calico/lib\libcalico_ds9.a(thread_cold.o) (armContextSave)
C:/devkitPro/calico/lib\libcalico_ds9.a(arm-shims.32.o)
                              C:/devkitPro/calico/lib\libcalico_ds9.a(thread_cold.o) (armWaitForIrq)
C:/devkitPro/calico/lib\libcalico_ds9.a(arm-cache.32.o)
                              C:/devkitPro/libnds/lib\libnds9.a(sprite.o) (armDCacheFlush)
C:/devkitPro/calico/lib\libcalico_ds9.a(startup.crt0.o)
                              C:/devkitPro/libnds/lib\libfat.a(dvm_calico.o) (g_isTwlMode)
C:/devkitPro/calico/lib\libcalico_ds9.a(utils.crt0.o)
                              C:/devkitPro/calico/lib\libcalico_ds9.a(startup.crt0.o) (crt0CopyMem32)
C:/devkitPro/calico/lib\libcalico_ds9.a(bios.o)
                              C:/devkitPro/libnds/lib\libnds9.a(decompress.o) (svcLZ77UncompWram)
C:/devkitPro/calico/lib\libcalico_ds9.a(pxi.o)
                              C:/devkitPro/calico/lib\libcalico_ds9.a(startup.crt0.o) (_pxiInit)
C:/devkitPro/calico/lib\libcalico_ds9.a(keypad.o)
                              C:/devkitPro/libnds/lib\libnds9.a(keys.o) (keypadGetState)
C:/devkitPro/calico/lib\libcalico_ds9.a(pm.o)
                              main.o (pmMainLoop)
C:/devkitPro/calico/lib\libcalico_ds9.a(bootstub_arm9.o)
                              (__ds9_bootstub)
C:/devkitPro/calico/lib\libcalico_ds9.a(mpu_setup.crt0.o)
[...]
Memory Configuration

Name             Origin             Length             Attributes
lma9             0x02004000         0x0027c000
lma9i            0x02400000         0x00280000
vectors          0x00000000         0x00000020
itcm             0x01ff8020         0x00007fe0
main             0x02001000         0x00f7f000
dtcm             0x02ff0000         0x00003e80
dldi             0x0380b000         0x00004000
stub             0x0e000000         0x00004000
tls              0x00000000         0x00000400
*default*        0x00000000         0xffffffff

Linker script and memory map

                0x00000000                        __sync_synchronize = __sync_synchronize_none
LOAD C:/devkitPro/devkitARM/bin/../lib/gcc/arm-none-eabi/15.1.0/thumb/crti.o
LOAD C:/devkitPro/devkitARM/bin/../lib/gcc/arm-none-eabi/15.1.0/thumb/crtbegin.o
LOAD GFXinput.o
LOAD GFXselector16.o
LOAD GFXselector24.o
LOAD avdslib.o
LOAD formats.o
LOAD main.o
LOAD C:/devkitPro/libnds/lib\libfat.a
LOAD C:/devkitPro/libnds/lib\libnds9.a
LOAD C:/devkitPro/calico/lib\libcalico_ds9.a
LOAD C:/devkitPro/devkitARM/bin/../lib/gcc/arm-none-eabi/15.1.0/../../../../arm-none-eabi/lib/thumb\libstdc++.a
LOAD C:/devkitPro/devkitARM/bin/../lib/gcc/arm-none-eabi/15.1.0/../../../../arm-none-eabi/lib/thumb\libm.a
START GROUP
LOAD C:/devkitPro/devkitARM/bin/../lib/gcc/arm-none-eabi/15.1.0/thumb\libgcc.a
LOAD C:/devkitPro/devkitARM/bin/../lib/gcc/arm-none-eabi/15.1.0/../../../../arm-none-eabi/lib/thumb\libg.a
LOAD C:/devkitPro/devkitARM/bin/../lib/gcc/arm-none-eabi/15.1.0/../../../../arm-none-eabi/lib/thumb\libc.a
LOAD C:/devkitPro/devkitARM/bin/../lib/gcc/arm-none-eabi/15.1.0/../../../../arm-none-eabi/lib/thumb\libsysbase.a
END GROUP
LOAD C:/devkitPro/devkitARM/bin/../lib/gcc/arm-none-eabi/15.1.0/thumb/crtend.o
LOAD C:/devkitPro/devkitARM/bin/../lib/gcc/arm-none-eabi/15.1.0/thumb/crtn.o
                0x02ff3e80                        PROVIDE (__sp_usr = (ORIGIN (dtcm) + LENGTH (dtcm)))
                0x02ff3f80                        PROVIDE (__sp_irq = (__sp_usr + 0x100))
                0x02ff3fc0                        PROVIDE (__sp_svc = (__sp_irq + 0x40))
                0x02ff3ff8                        PROVIDE (__irq_flags = (__sp_svc + 0x38))
                [!provide]                        PROVIDE (__irq_vector = (__sp_svc + 0x3c))
                [!provide]                        PROVIDE (__arm_excpt_rst = 0xffff0000)
                [!provide]                        PROVIDE (__arm_excpt_und = 0xffff0004)
                0xffff0008                        PROVIDE (__arm_excpt_svc = 0xffff0008)
                [!provide]                        PROVIDE (__arm_excpt_pabt = 0xffff000c)
                [!provide]                        PROVIDE (__arm_excpt_dabt = 0xffff0010)
                [!provide]                        PROVIDE (__arm_excpt_irq = 0xffff0018)
                [!provide]                        PROVIDE (__arm_excpt_fiq = 0xffff001c)
                0x00000000                        PROVIDE (__end__ = 0x0)

.secure         0x0e000000      0x800 load address 0x02004000
                0x0e0007fc                        . = (. + 0x7fc)
 *fill*         0x0e000000      0x7fc 00000000
                0x0e0007fc        0x4 LONG 0x0

.bootstub       0x0e000800      0x198 load address 0x02004800
 *(.bootstub .bootstub.*)
 .bootstub.__ds9_bootstub
                0x0e000800      0x198 C:/devkitPro/calico/lib\libcalico_ds9.a(bootstub_arm9.o)
                0x0e000800                __ds9_bootstub
                0x0e000998                        . = ALIGN (0x4)

.crt0           0x02001000      0x3c0 load address 0x02004998
 *(.crt0 .crt0.*)
 .crt0.__ds9_bootstub_trampoline
                0x02001000       0x60 C:/devkitPro/calico/lib\libcalico_ds9.a(bootstub_arm9.o)
 *.crt0.*(.text .stub .text.* .gnu.linkonce.t.*)
 .text.crt0ProcessLoadList
                0x02001060       0x74 C:/devkitPro/calico/lib\libcalico_ds9.a(startup.crt0.o)
                0x02001060                crt0ProcessLoadList
 .text.crt0Startup
                0x020010d4      0x180 C:/devkitPro/calico/lib\libcalico_ds9.a(startup.crt0.o)
                0x020010d4                crt0Startup
 .text.crt0CopyMem32
                0x02001254       0x4c C:/devkitPro/calico/lib\libcalico_ds9.a(utils.crt0.o)
                0x02001254                crt0CopyMem32
 .text.crt0FillMem32
                0x020012a0       0x58 C:/devkitPro/calico/lib\libcalico_ds9.a(utils.crt0.o)
                0x020012a0                crt0FillMem32
 .text.crt0SetupMPU
                0x020012f8       0xb4 C:/devkitPro/calico/lib\libcalico_ds9.a(mpu_setup.crt0.o)
                0x020012f8                crt0SetupMPU
 *.crt0.*(.glue_7t .glue_7 .vfp11_veneer .v4_bx)
 *.crt0.*(.rodata .rodata.* .gnu.linkonce.r.*)
 *.crt0.*(.rodata1)
                0x020013c0                        . = ALIGN (0x20)
 *fill*         0x020013ac       0x14 ff
                0x02004998                        PROVIDE (__crt0_lma = LOADADDR (.crt0))
                0x02001000                        PROVIDE (__crt0_start = ADDR (.crt0))
                0x020013c0                        PROVIDE (__crt0_end = (ADDR (.crt0) + SIZEOF (.crt0)))
                0x00000001                        ASSERT (((__crt0_end <= LOADADDR (.bootstub)) || (__crt0_start >= (LOADADDR (.bootstub) + SIZEOF (.bootstub)))), Error: crt0 section overlaps initial bootstrap)

.dldi           0x0380b000     0x4000 load address 0x02004d58
 *(.dldi)
 .dldi          0x0380b000     0x4000 C:/devkitPro/calico/lib\libcalico_ds9.a(dldi_stub.o)
                0x0380b000                __dldi_start
                0x02004d58                        PROVIDE (__dldi_lma = SIZEOF (.dldi)?LOADADDR (.dldi):0x0)

.vectors        0x00000000       0x20 load address 0x02008d58
 *(.vectors)
 .vectors       0x00000000       0x20 C:/devkitPro/calico/lib\libcalico_ds9.a(bootstub_arm9.o)

.itcm           0x01ff8020      0x700 load address 0x02008d78
 *(.itcm .itcm.*)
 .itcm          0x01ff8020       0x30 C:/devkitPro/calico/lib\libcalico_ds9.a(bootstub_arm9.o)
                0x01ff8038                __excpt_vectors
 *.itcm.*(.text .stub .text.* .gnu.linkonce.t.*)
 *.32.o(.text .stub .text.* .gnu.linkonce.t.*)
 .text.threadReschedule
                0x01ff8050       0x88 C:/devkitPro/calico/lib\libcalico_ds9.a(thread_hot.32.o)
 .text.threadBlock
                0x01ff80d8       0xd8 C:/devkitPro/calico/lib\libcalico_ds9.a(thread_hot.32.o)
                0x01ff80d8                threadBlock
 .text.threadUnblockOneByValue
                0x01ff81b0       0xc0 C:/devkitPro/calico/lib\libcalico_ds9.a(thread_hot.32.o)
                0x01ff81b0                threadUnblockOneByValue
 .text.threadUnblockAllByValue
                0x01ff8270      0x130 C:/devkitPro/calico/lib\libcalico_ds9.a(thread_hot.32.o)
                0x01ff8270                threadUnblockAllByValue
 .text.threadUnblockAllByMask
                0x01ff83a0      0x134 C:/devkitPro/calico/lib\libcalico_ds9.a(thread_hot.32.o)
                0x01ff83a0                threadUnblockAllByMask
 .text.armCopyMem32
                0x01ff84d4       0x4c C:/devkitPro/calico/lib\libcalico_ds9.a(arm-copy-fill.32.o)
                0x01ff84d4                armCopyMem32
 .text.armContextSave
                0x01ff8520       0x2c C:/devkitPro/calico/lib\libcalico_ds9.a(arm-context.32.o)
                0x01ff8520                armContextSave
 .text.armContextLoad
                0x01ff854c       0x20 C:/devkitPro/calico/lib\libcalico_ds9.a(arm-context.32.o)
                0x01ff854c                armContextLoad
                0x01ff8550                armContextLoadFromSvc
 .text.armWaitForIrq
                0x01ff856c        0x8 C:/devkitPro/calico/lib\libcalico_ds9.a(arm-shims.32.o)
                0x01ff856c                armWaitForIrq
 .text.armDrainWriteBuffer
                0x01ff8574        0xc C:/devkitPro/calico/lib\libcalico_ds9.a(arm-cache.32.o)
                0x01ff8574                armDrainWriteBuffer
 .text.armDCacheFlushAll
                0x01ff8580       0x28 C:/devkitPro/calico/lib\libcalico_ds9.a(arm-cache.32.o)
                0x01ff8580                armDCacheFlushAll
 .text.armDCacheFlush
                0x01ff85a8       0x1c C:/devkitPro/calico/lib\libcalico_ds9.a(arm-cache.32.o)
                0x01ff85a8                armDCacheFlush
 .text.armDCacheInvalidate
                0x01ff85c4       0x1c C:/devkitPro/calico/lib\libcalico_ds9.a(arm-cache.32.o)
                0x01ff85c4                armDCacheInvalidate
 .text.armICacheInvalidateAll
                0x01ff85e0        0xc C:/devkitPro/calico/lib\libcalico_ds9.a(arm-cache.32.o)
                0x01ff85e0                armICacheInvalidateAll
 .text.__excpt_entry
                0x01ff85ec       0x50 C:/devkitPro/calico/lib\libcalico_ds9.a(excpt_handler.32.o)
                0x01ff85ec                __arm_excpt_rst
                0x01ff85f0                __arm_excpt_pabt
                0x01ff85f4                __arm_excpt_und
                0x01ff8600                __arm_excpt_dabt
 .text.__arm_excpt_irq
                0x01ff863c       0xe4 C:/devkitPro/calico/lib\libcalico_ds9.a(irq_handler.32.o)
                0x01ff863c                __arm_excpt_irq
 *.itcm.*(.glue_7t .glue_7 .vfp11_veneer .v4_bx)
 *.32.o(.glue_7t .glue_7 .vfp11_veneer .v4_bx)
 *.itcm.*(.rodata .rodata.* .gnu.linkonce.r.*)
 *.32.o(.rodata .rodata.* .gnu.linkonce.r.*)
 *.itcm.*(.rodata1)
 *.32.o(.rodata1)
                0x01ff8720                        . = ALIGN (0x4)
                0x02008d58                        PROVIDE (__itcm_lma = LOADADDR (.vectors))
                0x01ff8000                        PROVIDE (__itcm_start = (ADDR (.itcm) - SIZEOF (.vectors)))
                0x01ff8720                        PROVIDE (__itcm_end = (ADDR (.itcm) + SIZEOF (.itcm)))
                0x00000001                        ASSERT (((__itcm_lma + SIZEOF (.vectors)) == LOADADDR (.itcm)), Error: gap between vectors and itcm)

.dtcm           0x02ff0000        0x0 load address 0x02009478
 *(.dtcm .dtcm.*)
 *.32.o(.data .data.* .gnu.linkonce.d.*)
 *.32.o(.data1)
                0x02ff0000                        . = ALIGN (0x4)
                [!provide]                        PROVIDE (__dtcm_lma = LOADADDR (.dtcm))
                0x02ff0000                        PROVIDE (__dtcm_start = ADDR (.dtcm))
                0x02ff0000                        PROVIDE (__dtcm_end = (ADDR (.dtcm) + SIZEOF (.dtcm)))

.dtcm.bss       0x02ff0000       0x98 load address 0x02009478
 *(.sbss .sbss.*)
 *.32.o(.dynbss)
 *.32.o(.bss .bss.* .gnu.linkonce.b.*)
 .bss.__irq_table
                0x02ff0000       0x80 C:/devkitPro/calico/lib\libcalico_ds9.a(thread_hot.32.o)
                0x02ff0000                __irq_table
 .bss.__sched_state
                0x02ff0080       0x18 C:/devkitPro/calico/lib\libcalico_ds9.a(thread_hot.32.o)
                0x02ff0080                __sched_state
 *.32.o(COMMON)
                0x02ff0098                        . = ALIGN (0x4)
                [!provide]                        PROVIDE (__dtcm_bss_start = ADDR (.dtcm.bss))
                0x02ff0098                        PROVIDE (__dtcm_bss_end = (ADDR (.dtcm.bss) + SIZEOF (.dtcm.bss)))

.main           0x020013c0    0x273b4 load address 0x02009478
 *(SORT_NONE(.init))
 .init          0x020013c0        0x4 C:/devkitPro/devkitARM/bin/../lib/gcc/arm-none-eabi/15.1.0/thumb/crti.o
                0x020013c0                _init
 .init          0x020013c4        0x8 C:/devkitPro/devkitARM/bin/../lib/gcc/arm-none-eabi/15.1.0/thumb/crtn.o
 EXCLUDE_FILE(*.twl.*) *(.text.unlikely .text.*_unlikely .text.unlikely.*)
 EXCLUDE_FILE(*.twl.*) *(.text.exit .text.exit.*)
 .text.exit     0x020013cc       0x24 C:/devkitPro/devkitARM/bin/../lib/gcc/arm-none-eabi/15.1.0/../../../../arm-none-eabi/lib/thumb\libg.a(libc_a-exit.o)
                0x020013cc                exit
 EXCLUDE_FILE(*.twl.*) *(.text.startup .text.startup.*)
 .text.startup.main
                0x020013f0      0xad8 main.o
                0x020013f0                main
 .text.startup._GLOBAL__sub_I_surface
                0x02001ec8       0x10 main.o
 EXCLUDE_FILE(*.twl.*) *(.text.hot .text.hot.*)
 EXCLUDE_FILE(*.twl.*) *(.text .iplt .stub .text.* .gnu.linkonce.t.*)
 .text.__do_global_dtors_aux
                0x02001ed8       0x2c C:/devkitPro/devkitARM/bin/../lib/gcc/arm-none-eabi/15.1.0/thumb/crtbegin.o
 .text.frame_dummy
                0x02001f04       0x24 C:/devkitPro/devkitARM/bin/../lib/gcc/arm-none-eabi/15.1.0/thumb/crtbegin.o
 .iplt          0x02001f28        0x0 C:/devkitPro/devkitARM/bin/../lib/gcc/arm-none-eabi/15.1.0/thumb/crtbegin.o
 .text._Z6AVARGBiiii
                0x02001f28       0x24 avdslib.o
                0x02001f28                AVARGB(int, int, int, int)
 .text._Z13AVinvertColort
                0x02001f4c       0x10 avdslib.o
                0x02001f4c                AVinvertColor(unsigned short)
 .text._Z9AVfillDMAPtiit
                0x02001f5c       0x44 avdslib.o
                0x02001f5c                AVfillDMA(unsigned short*, int, int, unsigned short)
 .text._Z15AVdrawRectanglePtiiiit
                0x02001fa0       0x3c avdslib.o
                0x02001fa0                AVdrawRectangle(unsigned short*, int, int, int, int, unsigned short)
 .text._Z18AVdrawRectangleDMAPtiiiit
                0x02001fdc       0x84 avdslib.o
                0x02001fdc                AVdrawRectangleDMA(unsigned short*, int, int, int, int, unsigned short)
 .text._Z21AVdrawRectangleHollowPtiiiit
                0x02002060       0x9c avdslib.o
                0x02002060                AVdrawRectangleHollow(unsigned short*, int, int, int, int, unsigned short)
 .text._Z11AVdrawVlinePtiiit
                0x020020fc       0x24 avdslib.o
                0x020020fc                AVdrawVline(unsigned short*, int, int, int, unsigned short)
 .text._Z14AVdrawHlineDMAPtiiit
                0x02002120       0x4c avdslib.o
                0x02002120                AVdrawHlineDMA(unsigned short*, int, int, int, unsigned short)
 .text._Z9importNESPKcPt
                0x0200216c      0x108 formats.o
                0x0200216c                importNES(char const*, unsigned short*)
 .text._Z9exportNESPKcPti
                0x02002274       0xf8 formats.o
                0x02002274                exportNES(char const*, unsigned short*, int)
 .text._Z10importSNESPKcPt
                0x0200236c      0x134 formats.o
                0x0200236c                importSNES(char const*, unsigned short*)
 .text._Z9importPalPKc
                0x020024a0       0xac formats.o
                0x020024a0                importPal(char const*)
 .text._Z12OnKeyPressedi
                0x0200254c       0x58 main.o
                0x0200254c                OnKeyPressed(int)
 .text._Z10bitmapModev.part.0
                0x020025a4      0x1b0 main.o
 .text._Z15drawSurfaceMainii
                0x02002754      0x100 main.o
                0x02002754                drawSurfaceMain(int, int)
 .text._Z17drawSurfaceBottomii
                0x02002854      0x1d0 main.o
                0x02002854                drawSurfaceBottom(int, int)
 .text._Z16drawColorPalettev
                0x02002a24       0x5c main.o
                0x02002a24                drawColorPalette()
 .text._Z9updatePaliPi
                0x02002a80      0x170 main.o
                0x02002a80                updatePal(int, int*)
 .text._Z14writeBmpHeaderP7__sFILE
                0x02002bf0       0x48 main.o
                0x02002bf0                writeBmpHeader(__sFILE*)
 .text._Z7saveBMPPKcPtS1_
                0x02002c38       0x8c main.o
                0x02002c38                saveBMP(char const*, unsigned short*, unsigned short*)
 .text._Z15saveBMP_indexedPKcPtS1_
                0x02002cc4       0xf8 main.o
                0x02002cc4                saveBMP_indexed(char const*, unsigned short*, unsigned short*)
 .text._Z15loadBMP_indexedPKcPtS1_
                0x02002dbc      0x130 main.o
                0x02002dbc                loadBMP_indexed(char const*, unsigned short*, unsigned short*)
 .text._Z19getActionsFromTouchi
                0x02002eec      0x11c main.o
                0x02002eec                getActionsFromTouch(int)
 .text._Z12applyActionsi
                0x02003008      0x12c main.o
                0x02003008                applyActions(int)
 .text._Z9floodFillPtiittii
                0x02003134       0xd0 main.o
                0x02003134                floodFill(unsigned short*, int, int, unsigned short, unsigned short, int, int)
 .text._Z9applyTooliib
                0x02003204      0x278 main.o
                0x02003204                applyTool(int, int, bool)
 .text._Z22copyFromSurfaceToStackiiii
                0x0200347c       0x90 main.o
                0x0200347c                copyFromSurfaceToStack(int, int, int, int)
 .text._Z23pasteFromStackToSurfaceii
                0x0200350c       0x8c main.o
                0x0200350c                pasteFromStackToSurface(int, int)
 .text._Z5flipHv
                0x02003598       0xc4 main.o
                0x02003598                flipH()
 .text._Z5flipVv
                0x0200365c       0xb0 main.o
                0x0200365c                flipV()
 .text._Z7initFPSv
                0x0200370c       0x24 main.o
                0x0200370c                initFPS()
 .text._Z10initBitmapv
                0x02003730      0x2a8 main.o
                0x02003730                initBitmap()
 .text.fatInitDefault
                0x020039d8       0x20 C:/devkitPro/libnds/lib\libfat.a(fat_wrappers.o)
                0x020039d8                fatInitDefault
 .text._dvmDiscCalicoDummy
                0x020039f8        0x4 C:/devkitPro/libnds/lib\libfat.a(dvm_calico.o)
 .text._dvmDiscCalicoWriteSectors
                0x020039fc        0x8 C:/devkitPro/libnds/lib\libfat.a(dvm_calico.o)
 .text._dvmDiscCalicoReadSectors
                0x02003a04        0x8 C:/devkitPro/libnds/lib\libfat.a(dvm_calico.o)
 .text._dvmIsAlignedAccess
                0x02003a0c       0x30 C:/devkitPro/libnds/lib\libfat.a(dvm_calico.o)
                0x02003a0c                _dvmIsAlignedAccess
 .text._dvmCacheCopy
                0x02003a3c       0x14 C:/devkitPro/libnds/lib\libfat.a(dvm_calico.o)
                0x02003a3c                _dvmCacheCopy
 .text.dvmInit  0x02003a50      0x268 C:/devkitPro/libnds/lib\libfat.a(dvm_calico.o)
                0x02003a50                dvmInit
 .text.dvmDiscAddUser
                0x02003cb8       0x10 C:/devkitPro/libnds/lib\libfat.a(dvm_disc.o)
                0x02003cb8                dvmDiscAddUser
 .text.dvmDiscRemoveUser
                0x02003cc8       0x28 C:/devkitPro/libnds/lib\libfat.a(dvm_disc.o)
                0x02003cc8                dvmDiscRemoveUser
 .text._dvmDiscCacheReadWrite
                0x02003cf0      0x3ec C:/devkitPro/libnds/lib\libfat.a(dvm_cache.o)
 .text._dvmDiscCacheWriteSectors
                0x020040dc       0x58 C:/devkitPro/libnds/lib\libfat.a(dvm_cache.o)
 .text._dvmDiscCacheReadSectors
                0x02004134       0x58 C:/devkitPro/libnds/lib\libfat.a(dvm_cache.o)
 .text._dvmDiscCacheFlush
                0x0200418c       0xac C:/devkitPro/libnds/lib\libfat.a(dvm_cache.o)
 .text._dvmDiscCacheDestroy
                0x02004238       0x28 C:/devkitPro/libnds/lib\libfat.a(dvm_cache.o)
 .text.dvmDiscCacheCreate
                0x02004260      0x1a0 C:/devkitPro/libnds/lib\libfat.a(dvm_cache.o)
                0x02004260                dvmDiscCacheCreate
 .text.dvmMountVolume
                0x02004400      0x188 C:/devkitPro/libnds/lib\libfat.a(dvm_volume.o)
                0x02004400                dvmMountVolume
 .text._dvmSetAppWorkingDir
                0x02004588       0x74 C:/devkitPro/libnds/lib\libfat.a(dvm_volume.o)
                0x02004588                _dvmSetAppWorkingDir
 .text._dvmIdentMbrVbr
                0x020045fc      0x1d8 C:/devkitPro/libnds/lib\libfat.a(dvm_prober.o)
 .text._dvmReadPartitionTable
                0x020047d4      0x204 C:/devkitPro/libnds/lib\libfat.a(dvm_prober.o)
 .text.dvmProbeMountDisc
                0x020049d8       0xf0 C:/devkitPro/libnds/lib\libfat.a(dvm_prober.o)
                0x020049d8                dvmProbeMountDisc
 .text._FAT_fstat_r
                0x02004ac8       0xac C:/devkitPro/libnds/lib\libfat.a(fat_driver.o)
 .text._FAT_umount
                0x02004b74       0x1c C:/devkitPro/libnds/lib\libfat.a(fat_driver.o)
 .text._FAT_mount
                0x02004b90       0x44 C:/devkitPro/libnds/lib\libfat.a(fat_driver.o)
 .text._FAT_seek_r
                0x02004bd4      0x13c C:/devkitPro/libnds/lib\libfat.a(fat_driver.o)
 .text._FAT_set_stat.isra.0
                0x02004d10      0x10c C:/devkitPro/libnds/lib\libfat.a(fat_driver.o)
 .text._FAT_mkdir_r
                0x02004e1c       0x64 C:/devkitPro/libnds/lib\libfat.a(fat_driver.o)
 .text._FAT_chdir_r
                0x02004e80       0x64 C:/devkitPro/libnds/lib\libfat.a(fat_driver.o)
 .text._FAT_unlink_r
                0x02004ee4       0x70 C:/devkitPro/libnds/lib\libfat.a(fat_driver.o)
 .text._FAT_rmdir_r
                0x02004f54       0x6c C:/devkitPro/libnds/lib\libfat.a(fat_driver.o)
 .text._FAT_diropen_r
                0x02004fc0       0x7c C:/devkitPro/libnds/lib\libfat.a(fat_driver.o)
 .text._FAT_fsync_r
                0x0200503c       0x64 C:/devkitPro/libnds/lib\libfat.a(fat_driver.o)
 .text._FAT_close_r
                0x020050a0       0x64 C:/devkitPro/libnds/lib\libfat.a(fat_driver.o)
 .text._FAT_dirclose_r
                0x02005104       0x64 C:/devkitPro/libnds/lib\libfat.a(fat_driver.o)
 .text._FAT_dirreset_r
                0x02005168       0x6c C:/devkitPro/libnds/lib\libfat.a(fat_driver.o)
 .text._FAT_rename_r
                0x020051d4       0x80 C:/devkitPro/libnds/lib\libfat.a(fat_driver.o)
 .text._FAT_stat_r
                0x02005254       0x98 C:/devkitPro/libnds/lib\libfat.a(fat_driver.o)
 .text._FAT_read_r
                0x020052ec       0x7c C:/devkitPro/libnds/lib\libfat.a(fat_driver.o)
 .text._FAT_write_r
                0x02005368       0x7c C:/devkitPro/libnds/lib\libfat.a(fat_driver.o)
 .text._FAT_statvfs_r
                0x020053e4       0xf0 C:/devkitPro/libnds/lib\libfat.a(fat_driver.o)
 .text._FAT_ftruncate_r
                0x020054d4      0x190 C:/devkitPro/libnds/lib\libfat.a(fat_driver.o)
 .text._FAT_dirnext_r
                0x02005664      0x124 C:/devkitPro/libnds/lib\libfat.a(fat_driver.o)
 .text._FAT_open_r
                0x02005788      0x124 C:/devkitPro/libnds/lib\libfat.a(fat_driver.o)
 .text.get_fattime
                0x020058ac       0x64 C:/devkitPro/libnds/lib\libfat.a(fat_driver.o)
                0x020058ac                get_fattime
 .text.ff_mutex_create
                0x02005910       0x18 C:/devkitPro/libnds/lib\libfat.a(fat_driver.o)
                0x02005910                ff_mutex_create
 .text.ff_mutex_delete
                0x02005928        0x4 C:/devkitPro/libnds/lib\libfat.a(fat_driver.o)
                0x02005928                ff_mutex_delete
 .text.ff_mutex_take
                0x0200592c       0x14 C:/devkitPro/libnds/lib\libfat.a(fat_driver.o)
                0x0200592c                ff_mutex_take
 .text.ff_mutex_give
                0x02005940        0x8 C:/devkitPro/libnds/lib\libfat.a(fat_driver.o)
                0x02005940                ff_mutex_give
 .text.disk_initialize
                0x02005948       0x24 C:/devkitPro/libnds/lib\libfat.a(fat_driver.o)
                0x02005948                disk_initialize
 .text.disk_status
                0x0200596c       0x24 C:/devkitPro/libnds/lib\libfat.a(fat_driver.o)
                0x0200596c                disk_status
 .text.disk_read
                0x02005990       0x2c C:/devkitPro/libnds/lib\libfat.a(fat_driver.o)
                0x02005990                disk_read
 .text.disk_write
                0x020059bc       0x2c C:/devkitPro/libnds/lib\libfat.a(fat_driver.o)
                0x020059bc                disk_write
 .text.disk_ioctl
                0x020059e8       0x38 C:/devkitPro/libnds/lib\libfat.a(fat_driver.o)
                0x020059e8                disk_ioctl
 .text.tchar2uni
                0x02005a20       0xfc C:/devkitPro/libnds/lib\libfat.a(ff.o)
 .text.sync_window
                0x02005b1c       0x90 C:/devkitPro/libnds/lib\libfat.a(ff.o)
 .text.put_utf  0x02005bac      0x130 C:/devkitPro/libnds/lib\libfat.a(ff.o)
 .text.dir_clear
                0x02005cdc       0x9c C:/devkitPro/libnds/lib\libfat.a(ff.o)
 .text.get_fileinfo
                0x02005d78      0x28c C:/devkitPro/libnds/lib\libfat.a(ff.o)
 .text.sync_fs  0x02006004      0x180 C:/devkitPro/libnds/lib\libfat.a(ff.o)
 .text.move_window
                0x02006184       0xc4 C:/devkitPro/libnds/lib\libfat.a(ff.o)
 .text.put_fat.part.0
                0x02006248      0x1dc C:/devkitPro/libnds/lib\libfat.a(ff.o)
 .text.get_fat.isra.0
                0x02006424      0x160 C:/devkitPro/libnds/lib\libfat.a(ff.o)
 .text.remove_chain
                0x02006584       0xf4 C:/devkitPro/libnds/lib\libfat.a(ff.o)
 .text.create_chain
                0x02006678      0x21c C:/devkitPro/libnds/lib\libfat.a(ff.o)
 .text.dir_next
                0x02006894      0x170 C:/devkitPro/libnds/lib\libfat.a(ff.o)
 .text.dir_read
                0x02006a04      0x248 C:/devkitPro/libnds/lib\libfat.a(ff.o)
 .text.dir_sdi  0x02006c4c      0x128 C:/devkitPro/libnds/lib\libfat.a(ff.o)
 .text.dir_alloc
                0x02006d74       0xcc C:/devkitPro/libnds/lib\libfat.a(ff.o)
 .text.dir_remove
                0x02006e40       0xc4 C:/devkitPro/libnds/lib\libfat.a(ff.o)
 .text.dir_find
                0x02006f04      0x2f8 C:/devkitPro/libnds/lib\libfat.a(ff.o)
 .text.follow_path
                0x020071fc      0x588 C:/devkitPro/libnds/lib\libfat.a(ff.o)
 .text.dir_register
                0x02007784      0x3f0 C:/devkitPro/libnds/lib\libfat.a(ff.o)
 .text.check_fs
                0x02007b74      0x1ec C:/devkitPro/libnds/lib\libfat.a(ff.o)
 .text.mount_volume.part.0
                0x02007d60      0x504 C:/devkitPro/libnds/lib\libfat.a(ff.o)
 .text.validate
                0x02008264       0xbc C:/devkitPro/libnds/lib\libfat.a(ff.o)
 .text.f_mount  0x02008320       0x6c C:/devkitPro/libnds/lib\libfat.a(ff.o)
                0x02008320                f_mount
 .text.f_umount
                0x0200838c       0x38 C:/devkitPro/libnds/lib\libfat.a(ff.o)
                0x0200838c                f_umount
 .text.f_open   0x020083c4      0x400 C:/devkitPro/libnds/lib\libfat.a(ff.o)
                0x020083c4                f_open
 .text.f_read   0x020087c4      0x2a4 C:/devkitPro/libnds/lib\libfat.a(ff.o)
                0x020087c4                f_read
 .text.f_write  0x02008a68      0x350 C:/devkitPro/libnds/lib\libfat.a(ff.o)
                0x02008a68                f_write
 .text.f_sync   0x02008db8      0x1a0 C:/devkitPro/libnds/lib\libfat.a(ff.o)
                0x02008db8                f_sync
 .text.f_close  0x02008f58       0x58 C:/devkitPro/libnds/lib\libfat.a(ff.o)
                0x02008f58                f_close
 .text.f_chdir  0x02008fb0       0xf0 C:/devkitPro/libnds/lib\libfat.a(ff.o)
                0x02008fb0                f_chdir
 .text.f_lseek  0x020090a0      0x298 C:/devkitPro/libnds/lib\libfat.a(ff.o)
                0x020090a0                f_lseek
 .text.f_opendir
                0x02009338      0x12c C:/devkitPro/libnds/lib\libfat.a(ff.o)
                0x02009338                f_opendir
 .text.f_closedir
                0x02009464       0xb0 C:/devkitPro/libnds/lib\libfat.a(ff.o)
                0x02009464                f_closedir
 .text.f_readdir
                0x02009514       0xd0 C:/devkitPro/libnds/lib\libfat.a(ff.o)
                0x02009514                f_readdir
 .text.f_stat   0x020095e4      0x104 C:/devkitPro/libnds/lib\libfat.a(ff.o)
                0x020095e4                f_stat
 .text.f_getfree
                0x020096e8      0x184 C:/devkitPro/libnds/lib\libfat.a(ff.o)
                0x020096e8                f_getfree
 .text.f_truncate
                0x0200986c      0x228 C:/devkitPro/libnds/lib\libfat.a(ff.o)
                0x0200986c                f_truncate
 .text.f_unlink
                0x02009a94      0x1a4 C:/devkitPro/libnds/lib\libfat.a(ff.o)
                0x02009a94                f_unlink
 .text.f_mkdir  0x02009c38      0x294 C:/devkitPro/libnds/lib\libfat.a(ff.o)
                0x02009c38                f_mkdir
 .text.f_rename
                0x02009ecc      0x248 C:/devkitPro/libnds/lib\libfat.a(ff.o)
                0x02009ecc                f_rename
 .text.ff_uni2oem
                0x0200a114       0x78 C:/devkitPro/libnds/lib\libfat.a(ffunicode.o)
                0x0200a114                ff_uni2oem
 .text.ff_oem2uni
                0x0200a18c       0x40 C:/devkitPro/libnds/lib\libfat.a(ffunicode.o)
                0x0200a18c                ff_oem2uni
 .text.ff_wtoupper
                0x0200a1cc      0x128 C:/devkitPro/libnds/lib\libfat.a(ffunicode.o)
                0x0200a1cc                ff_wtoupper
 .text.checkIfText
                0x0200a2f4       0x6c C:/devkitPro/libnds/lib\libnds9.a(background.o)
                0x0200a2f4                checkIfText
 .text.bgUpdate
                0x0200a360       0xe8 C:/devkitPro/libnds/lib\libnds9.a(background.o)
                0x0200a360                bgUpdate
 .text.bgInit_call
                0x0200a448       0xa8 C:/devkitPro/libnds/lib\libnds9.a(background.o)
                0x0200a448                bgInit_call
 .text.bgInitSub_call
                0x0200a4f0       0xb0 C:/devkitPro/libnds/lib\libnds9.a(background.o)
                0x0200a4f0                bgInitSub_call
 .text.newRow   0x0200a5a0       0xe0 C:/devkitPro/libnds/lib\libnds9.a(console.o)
 .text.consolePrintChar
                0x0200a680       0xe0 C:/devkitPro/libnds/lib\libnds9.a(console.o)
                0x0200a680                consolePrintChar
 .text.con_write
                0x0200a760      0x344 C:/devkitPro/libnds/lib\libnds9.a(console.o)
                0x0200a760                con_write
 .text.consoleLoadFont
                0x0200aaa4      0x2e8 C:/devkitPro/libnds/lib\libnds9.a(console.o)
                0x0200aaa4                consoleLoadFont
 .text.consoleInit
                0x0200ad8c      0x170 C:/devkitPro/libnds/lib\libnds9.a(console.o)
                0x0200ad8c                consoleInit
 .text.consoleDemoInit
                0x0200aefc       0x40 C:/devkitPro/libnds/lib\libnds9.a(console.o)
                0x0200aefc                consoleDemoInit
 .text.consoleClear
                0x0200af3c       0x10 C:/devkitPro/libnds/lib\libnds9.a(console.o)
                0x0200af3c                consoleClear
 .text.getHeader
                0x0200af4c        0x4 C:/devkitPro/libnds/lib\libnds9.a(decompress.o)
 .text.readByte
                0x0200af50        0x4 C:/devkitPro/libnds/lib\libnds9.a(decompress.o)
 .text.decompress
                0x0200af54       0x40 C:/devkitPro/libnds/lib\libnds9.a(decompress.o)
                0x0200af54                decompress
 .text.defaultHandler
                0x0200af94       0x6c C:/devkitPro/libnds/lib\libnds9.a(exceptionDefault.o)
 .text.excptPrint
                0x0200b000       0x38 C:/devkitPro/libnds/lib\libnds9.a(exceptionDefault.o)
 .text.defaultExceptionHandler
                0x0200b038       0x20 C:/devkitPro/libnds/lib\libnds9.a(exceptionDefault.o)
                0x0200b038                defaultExceptionHandler
 .text.ARMShift
                0x0200b058       0x74 C:/devkitPro/libnds/lib\libnds9.a(gurumeditation.o)
 .text.getExceptionAddress
                0x0200b0cc      0x198 C:/devkitPro/libnds/lib\libnds9.a(gurumeditation.o)
                0x0200b0cc                getExceptionAddress
 .text.guruMeditationDump
                0x0200b264      0x108 C:/devkitPro/libnds/lib\libnds9.a(gurumeditation.o)
                0x0200b264                guruMeditationDump
 .text.swapKeyGfx.part.0
                0x0200b36c      0x21c C:/devkitPro/libnds/lib\libnds9.a(keyboard.o)
 .text.keyboardGetKey
                0x0200b588       0x4c C:/devkitPro/libnds/lib\libnds9.a(keyboard.o)
                0x0200b588                keyboardGetKey
 .text.keyboardShiftState
                0x0200b5d4       0x9c C:/devkitPro/libnds/lib\libnds9.a(keyboard.o)
                0x0200b5d4                keyboardShiftState
 .text.keyboardUpdate
                0x0200b670      0x12c C:/devkitPro/libnds/lib\libnds9.a(keyboard.o)
                0x0200b670                keyboardUpdate
 .text.keyboardInit
                0x0200b79c      0x20c C:/devkitPro/libnds/lib\libnds9.a(keyboard.o)
                0x0200b79c                keyboardInit
 .text.keyboardDemoInit
                0x0200b9a8       0x2c C:/devkitPro/libnds/lib\libnds9.a(keyboard.o)
                0x0200b9a8                keyboardDemoInit
 .text.keyboardShow
                0x0200b9d4       0xd8 C:/devkitPro/libnds/lib\libnds9.a(keyboard.o)
                0x0200b9d4                keyboardShow
 .text.keyboardHide
                0x0200baac       0x88 C:/devkitPro/libnds/lib\libnds9.a(keyboard.o)
                0x0200baac                keyboardHide
 .text.keyboardRead
                0x0200bb34       0xd0 C:/devkitPro/libnds/lib\libnds9.a(keyboard.o)
                0x0200bb34                keyboardRead
 .text.scanKeys
                0x0200bc04       0x6c C:/devkitPro/libnds/lib\libnds9.a(keys.o)
                0x0200bc04                scanKeys
 .text.keysHeld
                0x0200bc70        0xc C:/devkitPro/libnds/lib\libnds9.a(keys.o)
                0x0200bc70                keysHeld
 .text.keysDown
                0x0200bc7c       0x10 C:/devkitPro/libnds/lib\libnds9.a(keys.o)
                0x0200bc7c                keysDown
 .text.keysUp   0x0200bc8c       0x10 C:/devkitPro/libnds/lib\libnds9.a(keys.o)
                0x0200bc8c                keysUp
 .text.keysCurrent
                0x0200bc9c       0x1c C:/devkitPro/libnds/lib\libnds9.a(keys.o)
                0x0200bc9c                keysCurrent
 .text.oamAllocReset
                0x0200bcb8       0x1c C:/devkitPro/libnds/lib\libnds9.a(sprite_alloc.o)
                0x0200bcb8                oamAllocReset
 .text.oamAllocateGfx
                0x0200bcd4      0x578 C:/devkitPro/libnds/lib\libnds9.a(sprite_alloc.o)
                0x0200bcd4                oamAllocateGfx
 .text.oamInit  0x0200c24c      0x138 C:/devkitPro/libnds/lib\libnds9.a(sprite.o)
                0x0200c24c                oamInit
 .text.oamGetGfxPtr
                0x0200c384       0x34 C:/devkitPro/libnds/lib\libnds9.a(sprite.o)
                0x0200c384                oamGetGfxPtr
 .text.oamClear
                0x0200c3b8       0x24 C:/devkitPro/libnds/lib\libnds9.a(sprite.o)
                0x0200c3b8                oamClear
 .text.oamGfxPtrToOffset
                0x0200c3dc       0x34 C:/devkitPro/libnds/lib\libnds9.a(sprite.o)
                0x0200c3dc                oamGfxPtrToOffset
 .text.oamSet   0x0200c410      0x100 C:/devkitPro/libnds/lib\libnds9.a(sprite.o)
                0x0200c410                oamSet
 .text.oamUpdate
                0x0200c510       0x78 C:/devkitPro/libnds/lib\libnds9.a(sprite.o)
                0x0200c510                oamUpdate
 .text.sinLutLookup
                0x0200c588       0x4c C:/devkitPro/libnds/lib\libnds9.a(trig.o)
                0x0200c588                sinLutLookup
 .text.sinLerp  0x0200c5d4       0x38 C:/devkitPro/libnds/lib\libnds9.a(trig.o)
                0x0200c5d4                sinLerp
 .text.cosLerp  0x0200c60c       0x44 C:/devkitPro/libnds/lib\libnds9.a(trig.o)
                0x0200c60c                cosLerp
 .text.__libnds_excpt
                0x0200c650       0xf8 C:/devkitPro/libnds/lib\libnds9.a(exceptionEntry.o)
                0x0200c650                __libnds_excpt
 .text.threadExit
                0x0200c748       0x9c C:/devkitPro/calico/lib\libcalico_ds9.a(thread_cold.o)
                0x0200c748                threadExit
 .text._threadTickTask
                0x0200c7e4       0x10 C:/devkitPro/calico/lib\libcalico_ds9.a(thread_cold.o)
 .text._threadInit
                0x0200c7f4       0x98 C:/devkitPro/calico/lib\libcalico_ds9.a(thread_cold.o)
                0x0200c7f4                _threadInit
 .text.threadPrepare
                0x0200c88c       0xa4 C:/devkitPro/calico/lib\libcalico_ds9.a(thread_cold.o)
                0x0200c88c                threadPrepare
 .text.threadStart
                0x0200c930       0xc8 C:/devkitPro/calico/lib\libcalico_ds9.a(thread_cold.o)
                0x0200c930                threadStart
 .text.threadIrqWait
                0x0200c9f8       0xa0 C:/devkitPro/calico/lib\libcalico_ds9.a(thread_cold.o)
                0x0200c9f8                threadIrqWait
 .text.threadSleepTicks
                0x0200ca98       0x58 C:/devkitPro/calico/lib\libcalico_ds9.a(thread_cold.o)
                0x0200ca98                threadSleepTicks
 .text._dietPrintDefaultFunc
                0x0200caf0        0x4 C:/devkitPro/calico/lib\libcalico_ds9.a(dietprint.o)
 .text._dietOutput
                0x0200caf4       0x3c C:/devkitPro/calico/lib\libcalico_ds9.a(dietprint.o)
 .text._dietPrintDec32
                0x0200cb30      0x110 C:/devkitPro/calico/lib\libcalico_ds9.a(dietprint.o)
 .text._dietPrintHex32
                0x0200cc40      0x170 C:/devkitPro/calico/lib\libcalico_ds9.a(dietprint.o)
 .text.dietPrintV
                0x0200cdb0      0x4b8 C:/devkitPro/calico/lib\libcalico_ds9.a(dietprint.o)
                0x0200cdb0                dietPrintV
 .text.dietPrint
                0x0200d268       0x18 C:/devkitPro/calico/lib\libcalico_ds9.a(dietprint.o)
                0x0200d268                dietPrint
 .text.__syscall_getreent
                0x0200d280       0x14 C:/devkitPro/calico/lib\libcalico_ds9.a(newlib_syscalls.o)
                0x0200d280                __syscall_getreent
 .text.__errno  0x0200d294       0x24 C:/devkitPro/calico/lib\libcalico_ds9.a(newlib_syscalls.o)
                0x0200d294                __errno
 .text.__syscall_gettod_r
                0x0200d2b8       0x30 C:/devkitPro/calico/lib\libcalico_ds9.a(newlib_syscalls.o)
                0x0200d2b8                __syscall_gettod_r
 .text.__syscall_lock_acquire
                0x0200d2e8        0x4 C:/devkitPro/calico/lib\libcalico_ds9.a(newlib_syscalls.o)
                0x0200d2e8                __syscall_lock_acquire
 .text.__syscall_lock_release
                0x0200d2ec        0x4 C:/devkitPro/calico/lib\libcalico_ds9.a(newlib_syscalls.o)
                0x0200d2ec                __syscall_lock_release
 .text.__syscall_lock_acquire_recursive
                0x0200d2f0       0x4c C:/devkitPro/calico/lib\libcalico_ds9.a(newlib_syscalls.o)
                0x0200d2f0                __syscall_lock_acquire_recursive
 .text.__syscall_lock_release_recursive
                0x0200d33c       0x18 C:/devkitPro/calico/lib\libcalico_ds9.a(newlib_syscalls.o)
                0x0200d33c                __syscall_lock_release_recursive
 .text.svcLZ77UncompWram
                0x0200d354        0x4 C:/devkitPro/calico/lib\libcalico_ds9.a(bios.o)
                0x0200d354                svcLZ77UncompWram
 .text.svcHuffUncompCallback
                0x0200d358        0x4 C:/devkitPro/calico/lib\libcalico_ds9.a(bios.o)
                0x0200d358                svcHuffUncompCallback
 .text.svcRLUncompWram
                0x0200d35c        0x4 C:/devkitPro/calico/lib\libcalico_ds9.a(bios.o)
                0x0200d35c                svcRLUncompWram
 .text.svcRLUncompVramCallback
                0x0200d360        0x4 C:/devkitPro/calico/lib\libcalico_ds9.a(bios.o)
                0x0200d360                svcRLUncompVramCallback
 .text.svcLZ77UncompVramCallback
                0x0200d364       0x18 C:/devkitPro/calico/lib\libcalico_ds9.a(bios.o)
                0x0200d364                svcLZ77UncompVramCallback
 .text._pxiMailboxHandler
                0x0200d37c        0x4 C:/devkitPro/calico/lib\libcalico_ds9.a(pxi.o)
 .text._pxiRecvUnhandled
                0x0200d380        0x4 C:/devkitPro/calico/lib\libcalico_ds9.a(pxi.o)
                0x0200d380                _pxiRecvUnhandled
 .text._pxiRecvIrqHandler
                0x0200d384      0x154 C:/devkitPro/calico/lib\libcalico_ds9.a(pxi.o)
 .text._pxiInit
                0x0200d4d8       0x58 C:/devkitPro/calico/lib\libcalico_ds9.a(pxi.o)
                0x0200d4d8                _pxiInit
 .text.pxiSetHandler
                0x0200d530       0x74 C:/devkitPro/calico/lib\libcalico_ds9.a(pxi.o)
                0x0200d530                pxiSetHandler
 .text.pxiSetMailbox
                0x0200d5a4       0x68 C:/devkitPro/calico/lib\libcalico_ds9.a(pxi.o)
                0x0200d5a4                pxiSetMailbox
 .text.pxiWaitRemote
                0x0200d60c       0x38 C:/devkitPro/calico/lib\libcalico_ds9.a(pxi.o)
                0x0200d60c                pxiWaitRemote
 .text.pxiSendPacket
                0x0200d644       0x50 C:/devkitPro/calico/lib\libcalico_ds9.a(pxi.o)
                0x0200d644                pxiSendPacket
 .text.pxiSendExtPacket
                0x0200d694       0x98 C:/devkitPro/calico/lib\libcalico_ds9.a(pxi.o)
                0x0200d694                pxiSendExtPacket
 .text.pxiBeginReceive
                0x0200d72c       0x2c C:/devkitPro/calico/lib\libcalico_ds9.a(pxi.o)
                0x0200d72c                pxiBeginReceive
 .text.pxiEndReceive
                0x0200d758       0xac C:/devkitPro/calico/lib\libcalico_ds9.a(pxi.o)
                0x0200d758                pxiEndReceive
 .text.keypadGetState
                0x0200d804       0x28 C:/devkitPro/calico/lib\libcalico_ds9.a(keypad.o)
                0x0200d804                keypadGetState
 .text._pmCallEventHandlers
                0x0200d82c       0x40 C:/devkitPro/calico/lib\libcalico_ds9.a(pm.o)
 .text._pmPxiThreadMain
                0x0200d86c       0xa0 C:/devkitPro/calico/lib\libcalico_ds9.a(pm.o)
 .text._pmResetPxiHandler
                0x0200d90c       0x28 C:/devkitPro/calico/lib\libcalico_ds9.a(pm.o)
 .text.systemUserExit
                0x0200d934        0x4 C:/devkitPro/calico/lib\libcalico_ds9.a(pm.o)
                0x0200d934                systemUserExit
 .text.systemErrorExit
                0x0200d938        0x4 C:/devkitPro/calico/lib\libcalico_ds9.a(pm.o)
                0x0200d938                systemErrorExit
 .text.__syscall_exit
                0x0200d93c      0x138 C:/devkitPro/calico/lib\libcalico_ds9.a(pm.o)
                0x0200d93c                __syscall_exit
 .text.pmInit   0x0200da74       0x58 C:/devkitPro/calico/lib\libcalico_ds9.a(pm.o)
                0x0200da74                pmInit
 .text.pmEnterSleep
                0x0200dacc       0xcc C:/devkitPro/calico/lib\libcalico_ds9.a(pm.o)
                0x0200dacc                pmEnterSleep
 .text.pmMainLoop
                0x0200db98       0x74 C:/devkitPro/calico/lib\libcalico_ds9.a(pm.o)
                0x0200db98                pmMainLoop
 .text.systemUserStartup
                0x0200dc0c        0x4 C:/devkitPro/calico/lib\libcalico_ds9.a(sys_startup.o)
                0x0200dc0c                systemUserStartup
 .text.systemStartup
                0x0200dc10      0x104 C:/devkitPro/calico/lib\libcalico_ds9.a(sys_startup.o)
                0x0200dc10                systemStartup
 .text.touchRead
                0x0200dd14       0x58 C:/devkitPro/calico/lib\libcalico_ds9.a(touch.o)
                0x0200dd14                touchRead
 .text._blkDevReadWriteSectors
                0x0200dd6c       0x44 C:/devkitPro/calico/lib\libcalico_ds9.a(blk.o)
 .text.blkInit  0x0200ddb0        0x8 C:/devkitPro/calico/lib\libcalico_ds9.a(blk.o)
                0x0200ddb0                blkInit
 .text.blkDevIsPresent
                0x0200ddb8       0x30 C:/devkitPro/calico/lib\libcalico_ds9.a(blk.o)
                0x0200ddb8                blkDevIsPresent
 .text.blkDevInit
                0x0200dde8       0x30 C:/devkitPro/calico/lib\libcalico_ds9.a(blk.o)
                0x0200dde8                blkDevInit
 .text.blkDevGetSectorCount
                0x0200de18       0x34 C:/devkitPro/calico/lib\libcalico_ds9.a(blk.o)
                0x0200de18                blkDevGetSectorCount
 .text.blkDevReadSectors
                0x0200de4c       0x5c C:/devkitPro/calico/lib\libcalico_ds9.a(blk.o)
                0x0200de4c                blkDevReadSectors
 .text.blkDevWriteSectors
                0x0200dea8       0x5c C:/devkitPro/calico/lib\libcalico_ds9.a(blk.o)
                0x0200dea8                blkDevWriteSectors
 .text.irqSet   0x0200df04       0x64 C:/devkitPro/calico/lib\libcalico_ds9.a(irq.o)
                0x0200df04                irqSet
 .text._tickCountIsr
                0x0200df68       0x1c C:/devkitPro/calico/lib\libcalico_ds9.a(tick.o)
 .text._tickTaskSchedule.part.0.isra.0
                0x0200df84       0x84 C:/devkitPro/calico/lib\libcalico_ds9.a(tick.o)
 .text.tickInit
                0x0200e008       0xa0 C:/devkitPro/calico/lib\libcalico_ds9.a(tick.o)
                0x0200e008                tickInit
 .text.tickGetCount
                0x0200e0a8       0x5c C:/devkitPro/calico/lib\libcalico_ds9.a(tick.o)
                0x0200e0a8                tickGetCount
 .text._tickTaskIsr
                0x0200e104      0x110 C:/devkitPro/calico/lib\libcalico_ds9.a(tick.o)
 .text.tickTaskStart
                0x0200e214      0x144 C:/devkitPro/calico/lib\libcalico_ds9.a(tick.o)
                0x0200e214                tickTaskStart
 .text.threadUpdateDynamicPrio
                0x0200e358      0x1cc C:/devkitPro/calico/lib\libcalico_ds9.a(mutex.o)
 .text.threadRemoveWaiter
                0x0200e524      0x1c8 C:/devkitPro/calico/lib\libcalico_ds9.a(mutex.o)
 .text.mutexLock
                0x0200e6ec      0x150 C:/devkitPro/calico/lib\libcalico_ds9.a(mutex.o)
                0x0200e6ec                mutexLock
 .text.mutexUnlock
                0x0200e83c       0xd0 C:/devkitPro/calico/lib\libcalico_ds9.a(mutex.o)
                0x0200e83c                mutexUnlock
 .text.mailboxTrySend
                0x0200e90c       0x98 C:/devkitPro/calico/lib\libcalico_ds9.a(mailbox.o)
                0x0200e90c                mailboxTrySend
 .text.mailboxRecv
                0x0200e9a4       0x98 C:/devkitPro/calico/lib\libcalico_ds9.a(mailbox.o)
                0x0200e9a4                mailboxRecv
 .text          0x0200ea3c      0x11c C:/devkitPro/devkitARM/bin/../lib/gcc/arm-none-eabi/15.1.0/thumb\libgcc.a(_udivsi3.o)
                0x0200ea3c                __aeabi_uidiv
                0x0200ea3c                __udivsi3
                0x0200eb38                __aeabi_uidivmod
 .text          0x0200eb58      0x150 C:/devkitPro/devkitARM/bin/../lib/gcc/arm-none-eabi/15.1.0/thumb\libgcc.a(_divsi3.o)
                0x0200eb58                __divsi3
                0x0200eb58                __aeabi_idiv
                0x0200ec88                __aeabi_idivmod
 .text          0x0200eca8        0x4 C:/devkitPro/devkitARM/bin/../lib/gcc/arm-none-eabi/15.1.0/thumb\libgcc.a(_dvmd_tls.o)
                0x0200eca8                __aeabi_idiv0
                0x0200eca8                __aeabi_ldiv0
 .text          0x0200ecac       0x3c C:/devkitPro/devkitARM/bin/../lib/gcc/arm-none-eabi/15.1.0/thumb\libgcc.a(_aeabi_uldivmod.o)
                0x0200ecac                __aeabi_uldivmod
 .text.__udivmoddi4
                0x0200ece8      0x194 C:/devkitPro/devkitARM/bin/../lib/gcc/arm-none-eabi/15.1.0/thumb\libgcc.a(_udivmoddi4.o)
                0x0200ece8                __udivmoddi4
 .text          0x0200ee7c       0x28 C:/devkitPro/devkitARM/bin/../lib/gcc/arm-none-eabi/15.1.0/thumb\libgcc.a(_clzdi2.o)
                0x0200ee7c                __clzdi2
 .text          0x0200eea4       0x48 C:/devkitPro/devkitARM/bin/../lib/gcc/arm-none-eabi/15.1.0/thumb\libgcc.a(_clzsi2.o)
                0x0200eea4                __clzsi2
 .text.strchr   0x0200eeec       0xbc C:/devkitPro/devkitARM/bin/../lib/gcc/arm-none-eabi/15.1.0/../../../../arm-none-eabi/lib/thumb\libg.a(libc_a-strchr.o)
                0x0200eeec                strchr
 .text._fclose_r
                0x0200efa8       0xdc C:/devkitPro/devkitARM/bin/../lib/gcc/arm-none-eabi/15.1.0/../../../../arm-none-eabi/lib/thumb\libg.a(libc_a-fclose.o)
                0x0200efa8                _fclose_r
 .text.fclose   0x0200f084       0x14 C:/devkitPro/devkitARM/bin/../lib/gcc/arm-none-eabi/15.1.0/../../../../arm-none-eabi/lib/thumb\libg.a(libc_a-fclose.o)
                0x0200f084                fclose
 .text._fwrite_r
                0x0200f098       0x9c C:/devkitPro/devkitARM/bin/../lib/gcc/arm-none-eabi/15.1.0/../../../../arm-none-eabi/lib/thumb\libg.a(libc_a-fwrite.o)
                0x0200f098                _fwrite_r
 .text.fwrite   0x0200f134       0x24 C:/devkitPro/devkitARM/bin/../lib/gcc/arm-none-eabi/15.1.0/../../../../arm-none-eabi/lib/thumb\libg.a(libc_a-fwrite.o)
                0x0200f134                fwrite
 .text.sprintf  0x0200f158       0x44 C:/devkitPro/devkitARM/bin/../lib/gcc/arm-none-eabi/15.1.0/../../../../arm-none-eabi/lib/thumb\libg.a(libc_a-sprintf.o)
                0x0200f158                sprintf
 .text.memcmp   0x0200f19c       0x48 C:/devkitPro/devkitARM/bin/../lib/gcc/arm-none-eabi/15.1.0/../../../../arm-none-eabi/lib/thumb\libg.a(libc_a-memcmp.o)
                0x0200f19c                memcmp
 .text.stdio_exit_handler
                0x0200f1e4       0x20 C:/devkitPro/devkitARM/bin/../lib/gcc/arm-none-eabi/15.1.0/../../../../arm-none-eabi/lib/thumb\libg.a(libc_a-findfp.o)
 .text.cleanup_stdio
                0x0200f204       0x40 C:/devkitPro/devkitARM/bin/../lib/gcc/arm-none-eabi/15.1.0/../../../../arm-none-eabi/lib/thumb\libg.a(libc_a-findfp.o)
 .text.global_stdio_init.part.0
                0x0200f244      0x120 C:/devkitPro/devkitARM/bin/../lib/gcc/arm-none-eabi/15.1.0/../../../../arm-none-eabi/lib/thumb\libg.a(libc_a-findfp.o)
 .text.__sfp    0x0200f364       0xcc C:/devkitPro/devkitARM/bin/../lib/gcc/arm-none-eabi/15.1.0/../../../../arm-none-eabi/lib/thumb\libg.a(libc_a-findfp.o)
                0x0200f364                __sfp
 .text.__sinit  0x0200f430       0x3c C:/devkitPro/devkitARM/bin/../lib/gcc/arm-none-eabi/15.1.0/../../../../arm-none-eabi/lib/thumb\libg.a(libc_a-findfp.o)
                0x0200f430                __sinit
 .text.__sfp_lock_acquire
                0x0200f46c       0x14 C:/devkitPro/devkitARM/bin/../lib/gcc/arm-none-eabi/15.1.0/../../../../arm-none-eabi/lib/thumb\libg.a(libc_a-findfp.o)
                0x0200f46c                __sfp_lock_acquire
 .text.__sfp_lock_release
                0x0200f480       0x14 C:/devkitPro/devkitARM/bin/../lib/gcc/arm-none-eabi/15.1.0/../../../../arm-none-eabi/lib/thumb\libg.a(libc_a-findfp.o)
                0x0200f480                __sfp_lock_release
 .text.__libc_init_array
                0x0200f494       0x54 C:/devkitPro/devkitARM/bin/../lib/gcc/arm-none-eabi/15.1.0/../../../../arm-none-eabi/lib/thumb\libg.a(libc_a-init.o)
                0x0200f494                __libc_init_array
 .text._fwalk_sglue
                0x0200f4e8       0x4c C:/devkitPro/devkitARM/bin/../lib/gcc/arm-none-eabi/15.1.0/../../../../arm-none-eabi/lib/thumb\libg.a(libc_a-fwalk.o)
                0x0200f4e8                _fwalk_sglue
 .text.calloc   0x0200f534       0x18 C:/devkitPro/devkitARM/bin/../lib/gcc/arm-none-eabi/15.1.0/../../../../arm-none-eabi/lib/thumb\libg.a(libc_a-calloc.o)
                0x0200f534                calloc
 .text.siscanf  0x0200f54c       0x50 C:/devkitPro/devkitARM/bin/../lib/gcc/arm-none-eabi/15.1.0/../../../../arm-none-eabi/lib/thumb\libg.a(libc_a-siscanf.o)
                0x0200f54c                siscanf
 .text.strrchr  0x0200f59c       0x30 C:/devkitPro/devkitARM/bin/../lib/gcc/arm-none-eabi/15.1.0/../../../../arm-none-eabi/lib/thumb\libg.a(libc_a-strrchr.o)
                0x0200f59c                strrchr
 .text.aligned_alloc
                0x0200f5cc       0x18 C:/devkitPro/devkitARM/bin/../lib/gcc/arm-none-eabi/15.1.0/../../../../arm-none-eabi/lib/thumb\libg.a(libc_a-aligned_alloc.o)
                0x0200f5cc                aligned_alloc
 .text._calloc_r
                0x0200f5e4       0xcc C:/devkitPro/devkitARM/bin/../lib/gcc/arm-none-eabi/15.1.0/../../../../arm-none-eabi/lib/thumb\libg.a(libc_a-callocr.o)
                0x0200f5e4                _calloc_r
 .text.realloc  0x0200f6b0       0x18 C:/devkitPro/devkitARM/bin/../lib/gcc/arm-none-eabi/15.1.0/../../../../arm-none-eabi/lib/thumb\libg.a(libc_a-realloc.o)
                0x0200f6b0                realloc
 .text.validate_structure
                0x0200f6c8      0x1e8 C:/devkitPro/devkitARM/bin/../lib/gcc/arm-none-eabi/15.1.0/../../../../arm-none-eabi/lib/thumb\libg.a(libc_a-mktime.o)
 .text.mktime   0x0200f8b0      0x434 C:/devkitPro/devkitARM/bin/../lib/gcc/arm-none-eabi/15.1.0/../../../../arm-none-eabi/lib/thumb\libg.a(libc_a-mktime.o)
                0x0200f8b0                mktime
 .text._fseek_r
                0x0200fce4       0x14 C:/devkitPro/devkitARM/bin/../lib/gcc/arm-none-eabi/15.1.0/../../../../arm-none-eabi/lib/thumb\libg.a(libc_a-fseek.o)
                0x0200fce4                _fseek_r
 .text.fseek    0x0200fcf8       0x24 C:/devkitPro/devkitARM/bin/../lib/gcc/arm-none-eabi/15.1.0/../../../../arm-none-eabi/lib/thumb\libg.a(libc_a-fseek.o)
                0x0200fcf8                fseek
 .text.__tz_lock
                0x0200fd1c       0x14 C:/devkitPro/devkitARM/bin/../lib/gcc/arm-none-eabi/15.1.0/../../../../arm-none-eabi/lib/thumb\libg.a(libc_a-tzlock.o)
                0x0200fd1c                __tz_lock
 .text.__tz_unlock
                0x0200fd30       0x14 C:/devkitPro/devkitARM/bin/../lib/gcc/arm-none-eabi/15.1.0/../../../../arm-none-eabi/lib/thumb\libg.a(libc_a-tzlock.o)
                0x0200fd30                __tz_unlock
 .text._malloc_r
                0x0200fd44      0x550 C:/devkitPro/devkitARM/bin/../lib/gcc/arm-none-eabi/15.1.0/../../../../arm-none-eabi/lib/thumb\libg.a(libc_a-mallocr.o)
                0x0200fd44                _malloc_r
 .text._malloc_trim_r
                0x02010294       0xac C:/devkitPro/devkitARM/bin/../lib/gcc/arm-none-eabi/15.1.0/../../../../arm-none-eabi/lib/thumb\libg.a(libc_a-freer.o)
                0x02010294                _malloc_trim_r
 .text._free_r  0x02010340      0x1d8 C:/devkitPro/devkitARM/bin/../lib/gcc/arm-none-eabi/15.1.0/../../../../arm-none-eabi/lib/thumb\libg.a(libc_a-freer.o)
                0x02010340                _free_r
 .text.get_arg  0x02010518      0x404 C:/devkitPro/devkitARM/bin/../lib/gcc/arm-none-eabi/15.1.0/../../../../arm-none-eabi/lib/thumb\libg.a(libc_a-svfprintf.o)
 .text._svfprintf_r
                0x0201091c     0x22d8 C:/devkitPro/devkitARM/bin/../lib/gcc/arm-none-eabi/15.1.0/../../../../arm-none-eabi/lib/thumb\libg.a(libc_a-svfprintf.o)
                0x0201091c                _svfprintf_r
 .text.strnlen  0x02012bf4       0x20 C:/devkitPro/devkitARM/bin/../lib/gcc/arm-none-eabi/15.1.0/../../../../arm-none-eabi/lib/thumb\libg.a(libc_a-strnlen.o)
                0x02012bf4                strnlen
 .text.malloc   0x02012c14       0x28 C:/devkitPro/devkitARM/bin/../lib/gcc/arm-none-eabi/15.1.0/../../../../arm-none-eabi/lib/thumb\libg.a(libc_a-malloc.o)
                0x02012c14                malloc
 .text.free     0x02012c3c       0x14 C:/devkitPro/devkitARM/bin/../lib/gcc/arm-none-eabi/15.1.0/../../../../arm-none-eabi/lib/thumb\libg.a(libc_a-malloc.o)
                0x02012c3c                free
 .text.__sflush_r
                0x02012c50      0x180 C:/devkitPro/devkitARM/bin/../lib/gcc/arm-none-eabi/15.1.0/../../../../arm-none-eabi/lib/thumb\libg.a(libc_a-fflush.o)
                0x02012c50                __sflush_r
 .text._fflush_r
                0x02012dd0       0x70 C:/devkitPro/devkitARM/bin/../lib/gcc/arm-none-eabi/15.1.0/../../../../arm-none-eabi/lib/thumb\libg.a(libc_a-fflush.o)
                0x02012dd0                _fflush_r
 .text.time     0x02012e40       0x38 C:/devkitPro/devkitARM/bin/../lib/gcc/arm-none-eabi/15.1.0/../../../../arm-none-eabi/lib/thumb\libg.a(libc_a-time.o)
                0x02012e40                time
 .text.memset   0x02012e78       0x8c C:/devkitPro/devkitARM/bin/../lib/gcc/arm-none-eabi/15.1.0/../../../../arm-none-eabi/lib/thumb\libg.a(libc_a-memset.o)
                0x02012e78                memset
 .text._realloc_r
                0x02012f04      0x344 C:/devkitPro/devkitARM/bin/../lib/gcc/arm-none-eabi/15.1.0/../../../../arm-none-eabi/lib/thumb\libg.a(libc_a-reallocr.o)
                0x02012f04                _realloc_r
 .text.localtime_r
                0x02013248      0x228 C:/devkitPro/devkitARM/bin/../lib/gcc/arm-none-eabi/15.1.0/../../../../arm-none-eabi/lib/thumb\libg.a(libc_a-lcltime_r.o)
                0x02013248                localtime_r
 .text._fread_r
                0x02013470      0x228 C:/devkitPro/devkitARM/bin/../lib/gcc/arm-none-eabi/15.1.0/../../../../arm-none-eabi/lib/thumb\libg.a(libc_a-fread.o)
                0x02013470                _fread_r
 .text.fread    0x02013698       0x24 C:/devkitPro/devkitARM/bin/../lib/gcc/arm-none-eabi/15.1.0/../../../../arm-none-eabi/lib/thumb\libg.a(libc_a-fread.o)
                0x02013698                fread
 .text.__malloc_lock
                0x020136bc       0x14 C:/devkitPro/devkitARM/bin/../lib/gcc/arm-none-eabi/15.1.0/../../../../arm-none-eabi/lib/thumb\libg.a(libc_a-mlock.o)
                0x020136bc                __malloc_lock
 .text.__malloc_unlock
                0x020136d0       0x14 C:/devkitPro/devkitARM/bin/../lib/gcc/arm-none-eabi/15.1.0/../../../../arm-none-eabi/lib/thumb\libg.a(libc_a-mlock.o)
                0x020136d0                __malloc_unlock
 .text.__tzcalc_limits
                0x020136e4      0x1ac C:/devkitPro/devkitARM/bin/../lib/gcc/arm-none-eabi/15.1.0/../../../../arm-none-eabi/lib/thumb\libg.a(libc_a-tzcalc_limits.o)
                0x020136e4                __tzcalc_limits
 .text          0x02013890      0x224 C:/devkitPro/devkitARM/bin/../lib/gcc/arm-none-eabi/15.1.0/../../../../arm-none-eabi/lib/thumb\libg.a(libc_a-strcmp.o)
                0x02013890                strcmp
 .text.__call_exitprocs
                0x02013ab4        0xc C:/devkitPro/devkitARM/bin/../lib/gcc/arm-none-eabi/15.1.0/../../../../arm-none-eabi/lib/thumb\libg.a(libc_a-exit.o)
                0x02013ab4                __call_exitprocs
 .text.setvbuf  0x02013ac0      0x1ac C:/devkitPro/devkitARM/bin/../lib/gcc/arm-none-eabi/15.1.0/../../../../arm-none-eabi/lib/thumb\libg.a(libc_a-setvbuf.o)
                0x02013ac0                setvbuf
 .text._fopen_r
                0x02013c6c       0xb4 C:/devkitPro/devkitARM/bin/../lib/gcc/arm-none-eabi/15.1.0/../../../../arm-none-eabi/lib/thumb\libg.a(libc_a-fopen.o)
                0x02013c6c                _fopen_r
 .text.fopen    0x02013d20       0x18 C:/devkitPro/devkitARM/bin/../lib/gcc/arm-none-eabi/15.1.0/../../../../arm-none-eabi/lib/thumb\libg.a(libc_a-fopen.o)
                0x02013d20                fopen
 .text.strncpy  0x02013d38       0x68 C:/devkitPro/devkitARM/bin/../lib/gcc/arm-none-eabi/15.1.0/../../../../arm-none-eabi/lib/thumb\libg.a(libc_a-strncpy.o)
                0x02013d38                strncpy
 .text.ftell    0x02013da0       0x24 C:/devkitPro/devkitARM/bin/../lib/gcc/arm-none-eabi/15.1.0/../../../../arm-none-eabi/lib/thumb\libg.a(libc_a-ftell.o)
                0x02013da0                ftell
 .text.memcpy   0x02013dc4       0xb0 C:/devkitPro/devkitARM/bin/../lib/gcc/arm-none-eabi/15.1.0/../../../../arm-none-eabi/lib/thumb\libg.a(libc_a-memcpy-stub.o)
                0x02013dc4                memcpy
 .text._wcsrtombs_r
                0x02013e74       0x20 C:/devkitPro/devkitARM/bin/../lib/gcc/arm-none-eabi/15.1.0/../../../../arm-none-eabi/lib/thumb\libg.a(libc_a-wcsrtombs.o)
                0x02013e74                _wcsrtombs_r
 .text.iprintf  0x02013e94       0x28 C:/devkitPro/devkitARM/bin/../lib/gcc/arm-none-eabi/15.1.0/../../../../arm-none-eabi/lib/thumb\libg.a(libc_a-iprintf.o)
                0x02013e94                iprintf
 .text.write    0x02013ebc       0x1c C:/devkitPro/devkitARM/bin/../lib/gcc/arm-none-eabi/15.1.0/../../../../arm-none-eabi/lib/thumb\libg.a(libc_a-syswrite.o)
                0x02013ebc                write
 .text.frexp    0x02013ed8       0x74 C:/devkitPro/devkitARM/bin/../lib/gcc/arm-none-eabi/15.1.0/../../../../arm-none-eabi/lib/thumb\libg.a(libm_a-s_frexp.o)
                0x02013ed8                frexp
 .text.__sfvwrite_r
                0x02013f4c      0x31c C:/devkitPro/devkitARM/bin/../lib/gcc/arm-none-eabi/15.1.0/../../../../arm-none-eabi/lib/thumb\libg.a(libc_a-fvwrite.o)
                0x02013f4c                __sfvwrite_r
 .text.__sread  0x02014268       0x34 C:/devkitPro/devkitARM/bin/../lib/gcc/arm-none-eabi/15.1.0/../../../../arm-none-eabi/lib/thumb\libg.a(libc_a-stdio.o)
                0x02014268                __sread
 .text.__seofread
                0x0201429c        0x4 C:/devkitPro/devkitARM/bin/../lib/gcc/arm-none-eabi/15.1.0/../../../../arm-none-eabi/lib/thumb\libg.a(libc_a-stdio.o)
                0x0201429c                __seofread
 .text.__swrite
                0x020142a0       0x4c C:/devkitPro/devkitARM/bin/../lib/gcc/arm-none-eabi/15.1.0/../../../../arm-none-eabi/lib/thumb\libg.a(libc_a-stdio.o)
                0x020142a0                __swrite
 .text.__sseek  0x020142ec       0x3c C:/devkitPro/devkitARM/bin/../lib/gcc/arm-none-eabi/15.1.0/../../../../arm-none-eabi/lib/thumb\libg.a(libc_a-stdio.o)
                0x020142ec                __sseek
 .text.__sclose
                0x02014328       0x10 C:/devkitPro/devkitARM/bin/../lib/gcc/arm-none-eabi/15.1.0/../../../../arm-none-eabi/lib/thumb\libg.a(libc_a-stdio.o)
                0x02014328                __sclose
 .text.memmove  0x02014338       0xcc C:/devkitPro/devkitARM/bin/../lib/gcc/arm-none-eabi/15.1.0/../../../../arm-none-eabi/lib/thumb\libg.a(libc_a-memmove.o)
                0x02014338                memmove
 .text.__locale_mb_cur_max
                0x02014404       0x20 C:/devkitPro/devkitARM/bin/../lib/gcc/arm-none-eabi/15.1.0/../../../../arm-none-eabi/lib/thumb\libg.a(libc_a-locale.o)
                0x02014404                __locale_mb_cur_max
 .text.__ssprint_r
                0x02014424       0x60 C:/devkitPro/devkitARM/bin/../lib/gcc/arm-none-eabi/15.1.0/../../../../arm-none-eabi/lib/thumb\libg.a(libc_a-ssprint_r.o)
                0x02014424                __ssprint_r
 .text.gmtime_r
                0x02014484      0x1b4 C:/devkitPro/devkitARM/bin/../lib/gcc/arm-none-eabi/15.1.0/../../../../arm-none-eabi/lib/thumb\libg.a(libc_a-gmtime_r.o)
                0x02014484                gmtime_r
 .text.get_arg  0x02014638      0x404 C:/devkitPro/devkitARM/bin/../lib/gcc/arm-none-eabi/15.1.0/../../../../arm-none-eabi/lib/thumb\libg.a(libc_a-vfiprintf.o)
 .text._vfiprintf_r
                0x02014a3c     0x16d0 C:/devkitPro/devkitARM/bin/../lib/gcc/arm-none-eabi/15.1.0/../../../../arm-none-eabi/lib/thumb\libg.a(libc_a-vfiprintf.o)
                0x02014a3c                _vfiprintf_r
 .text.__sbprintf
                0x0201610c       0x7c C:/devkitPro/devkitARM/bin/../lib/gcc/arm-none-eabi/15.1.0/../../../../arm-none-eabi/lib/thumb\libg.a(libc_a-vfiprintf.o)
 .text.strlen   0x02016188       0x60 C:/devkitPro/devkitARM/bin/../lib/gcc/arm-none-eabi/15.1.0/../../../../arm-none-eabi/lib/thumb\libg.a(libc_a-strlen.o)
                0x02016188                strlen
 .text._memalign_r
                0x020161e8      0x118 C:/devkitPro/devkitARM/bin/../lib/gcc/arm-none-eabi/15.1.0/../../../../arm-none-eabi/lib/thumb\libg.a(libc_a-malignr.o)
                0x020161e8                _memalign_r
 .text.div      0x02016300       0x18 C:/devkitPro/devkitARM/bin/../lib/gcc/arm-none-eabi/15.1.0/../../../../arm-none-eabi/lib/thumb\libg.a(libc_a-div.o)
                0x02016300                div
 .text._wcsnrtombs_l
                0x02016318      0x11c C:/devkitPro/devkitARM/bin/../lib/gcc/arm-none-eabi/15.1.0/../../../../arm-none-eabi/lib/thumb\libg.a(libc_a-wcsnrtombs.o)
                0x02016318                _wcsnrtombs_l
 .text._wcsnrtombs_r
                0x02016434       0x40 C:/devkitPro/devkitARM/bin/../lib/gcc/arm-none-eabi/15.1.0/../../../../arm-none-eabi/lib/thumb\libg.a(libc_a-wcsnrtombs.o)
                0x02016434                _wcsnrtombs_r
 .text.get_arg  0x02016474       0x3e C:/devkitPro/devkitARM/bin/../lib/gcc/arm-none-eabi/15.1.0/../../../../arm-none-eabi/lib/thumb\libg.a(libc_a-svfiscanf.o)
 .text._sungetc_r
                0x020164b2       0x7e C:/devkitPro/devkitARM/bin/../lib/gcc/arm-none-eabi/15.1.0/../../../../arm-none-eabi/lib/thumb\libg.a(libc_a-svfiscanf.o)
                0x020164b2                _sungetc_r
 .text.__ssrefill_r
                0x02016530       0x42 C:/devkitPro/devkitARM/bin/../lib/gcc/arm-none-eabi/15.1.0/../../../../arm-none-eabi/lib/thumb\libg.a(libc_a-svfiscanf.o)
                0x02016530                __ssrefill_r
 .text._sfread_r
                0x02016572       0x88 C:/devkitPro/devkitARM/bin/../lib/gcc/arm-none-eabi/15.1.0/../../../../arm-none-eabi/lib/thumb\libg.a(libc_a-svfiscanf.o)
                0x02016572                _sfread_r
 *fill*         0x020165fa        0x2 ff
 .text.__ssvfiscanf_r
                0x020165fc     0x1984 C:/devkitPro/devkitARM/bin/../lib/gcc/arm-none-eabi/15.1.0/../../../../arm-none-eabi/lib/thumb\libg.a(libc_a-svfiscanf.o)
                0x020165fc                __ssvfiscanf_r
 .text._strtoul_l.isra.0
                0x02017f80      0x150 C:/devkitPro/devkitARM/bin/../lib/gcc/arm-none-eabi/15.1.0/../../../../arm-none-eabi/lib/thumb\libg.a(libc_a-strtoul.o)
 .text._strtoul_r
                0x020180d0       0x20 C:/devkitPro/devkitARM/bin/../lib/gcc/arm-none-eabi/15.1.0/../../../../arm-none-eabi/lib/thumb\libg.a(libc_a-strtoul.o)
                0x020180d0                _strtoul_r
 .text.strtoul  0x020180f0       0x24 C:/devkitPro/devkitARM/bin/../lib/gcc/arm-none-eabi/15.1.0/../../../../arm-none-eabi/lib/thumb\libg.a(libc_a-strtoul.o)
                0x020180f0                strtoul
 .text.__utf8_mbtowc
                0x02018114      0x24c C:/devkitPro/devkitARM/bin/../lib/gcc/arm-none-eabi/15.1.0/../../../../arm-none-eabi/lib/thumb\libg.a(libc_a-mbtowc_r.o)
                0x02018114                __utf8_mbtowc
 .text._fseeko_r
                0x02018360      0x414 C:/devkitPro/devkitARM/bin/../lib/gcc/arm-none-eabi/15.1.0/../../../../arm-none-eabi/lib/thumb\libg.a(libc_a-fseeko.o)
                0x02018360                _fseeko_r
 .text._tzset_unlocked
                0x02018774       0x10 C:/devkitPro/devkitARM/bin/../lib/gcc/arm-none-eabi/15.1.0/../../../../arm-none-eabi/lib/thumb\libg.a(libc_a-tzset.o)
                0x02018774                _tzset_unlocked
 .text.__sprint_r
                0x02018784       0x24 C:/devkitPro/devkitARM/bin/../lib/gcc/arm-none-eabi/15.1.0/../../../../arm-none-eabi/lib/thumb\libg.a(libc_a-sprint_r.o)
                0x02018784                __sprint_r
 .text.iswspace
                0x020187a8       0x10 C:/devkitPro/devkitARM/bin/../lib/gcc/arm-none-eabi/15.1.0/../../../../arm-none-eabi/lib/thumb\libg.a(libc_a-iswspace.o)
                0x020187a8                iswspace
 .text.__gettzinfo
                0x020187b8        0x8 C:/devkitPro/devkitARM/bin/../lib/gcc/arm-none-eabi/15.1.0/../../../../arm-none-eabi/lib/thumb\libg.a(libc_a-gettzinfo.o)
                0x020187b8                __gettzinfo
 .text._localeconv_r
                0x020187c0       0x1c C:/devkitPro/devkitARM/bin/../lib/gcc/arm-none-eabi/15.1.0/../../../../arm-none-eabi/lib/thumb\libg.a(libc_a-localeconv.o)
                0x020187c0                _localeconv_r
 .text.memchr   0x020187dc       0x74 C:/devkitPro/devkitARM/bin/../lib/gcc/arm-none-eabi/15.1.0/../../../../arm-none-eabi/lib/thumb\libg.a(libc_a-memchr-stub.o)
                0x020187dc                memchr
 .text.quorem   0x02018850      0x160 C:/devkitPro/devkitARM/bin/../lib/gcc/arm-none-eabi/15.1.0/../../../../arm-none-eabi/lib/thumb\libg.a(libc_a-dtoa.o)
 .text._dtoa_r  0x020189b0     0x10b0 C:/devkitPro/devkitARM/bin/../lib/gcc/arm-none-eabi/15.1.0/../../../../arm-none-eabi/lib/thumb\libg.a(libc_a-dtoa.o)
                0x020189b0                _dtoa_r
 .text._wcrtomb_r
                0x02019a60       0x84 C:/devkitPro/devkitARM/bin/../lib/gcc/arm-none-eabi/15.1.0/../../../../arm-none-eabi/lib/thumb\libg.a(libc_a-wcrtomb.o)
                0x02019a60                _wcrtomb_r
 .text.strcpy   0x02019ae4       0x10 C:/devkitPro/devkitARM/bin/../lib/gcc/arm-none-eabi/15.1.0/../../../../arm-none-eabi/lib/thumb\libg.a(libc_a-strcpy.o)
                0x02019ae4                strcpy
 .text.__sflags
                0x02019af4       0x98 C:/devkitPro/devkitARM/bin/../lib/gcc/arm-none-eabi/15.1.0/../../../../arm-none-eabi/lib/thumb\libg.a(libc_a-flags.o)
                0x02019af4                __sflags
 .text._strtol_l.part.0
                0x02019b8c      0x25c C:/devkitPro/devkitARM/bin/../lib/gcc/arm-none-eabi/15.1.0/../../../../arm-none-eabi/lib/thumb\libg.a(libc_a-strtol.o)
 .text._strtol_r
                0x02019de8       0x34 C:/devkitPro/devkitARM/bin/../lib/gcc/arm-none-eabi/15.1.0/../../../../arm-none-eabi/lib/thumb\libg.a(libc_a-strtol.o)
                0x02019de8                _strtol_r
 .text.__libc_fini_array
                0x02019e1c       0x30 C:/devkitPro/devkitARM/bin/../lib/gcc/arm-none-eabi/15.1.0/../../../../arm-none-eabi/lib/thumb\libg.a(libc_a-fini.o)
                0x02019e1c                __libc_fini_array
 .text._tzset_unlocked_r
                0x02019e4c      0x490 C:/devkitPro/devkitARM/bin/../lib/gcc/arm-none-eabi/15.1.0/../../../../arm-none-eabi/lib/thumb\libg.a(libc_a-tzset_r.o)
                0x02019e4c                _tzset_unlocked_r
 .text.__sccl   0x0201a2dc       0xb0 C:/devkitPro/devkitARM/bin/../lib/gcc/arm-none-eabi/15.1.0/../../../../arm-none-eabi/lib/thumb\libg.a(libc_a-sccl.o)
                0x0201a2dc                __sccl
 .text.lflush   0x0201a38c       0x24 C:/devkitPro/devkitARM/bin/../lib/gcc/arm-none-eabi/15.1.0/../../../../arm-none-eabi/lib/thumb\libg.a(libc_a-refill.o)
 .text.__srefill_r
                0x0201a3b0      0x108 C:/devkitPro/devkitARM/bin/../lib/gcc/arm-none-eabi/15.1.0/../../../../arm-none-eabi/lib/thumb\libg.a(libc_a-refill.o)
                0x0201a3b0                __srefill_r
 .text.__smakebuf_r
                0x0201a4b8       0xe0 C:/devkitPro/devkitARM/bin/../lib/gcc/arm-none-eabi/15.1.0/../../../../arm-none-eabi/lib/thumb\libg.a(libc_a-makebuf.o)
                0x0201a4b8                __smakebuf_r
 .text.__swhatbuf_r
                0x0201a598       0x5c C:/devkitPro/devkitARM/bin/../lib/gcc/arm-none-eabi/15.1.0/../../../../arm-none-eabi/lib/thumb\libg.a(libc_a-makebuf.o)
                0x0201a598                __swhatbuf_r
 .text._findenv_r
                0x0201a5f4       0x94 C:/devkitPro/devkitARM/bin/../lib/gcc/arm-none-eabi/15.1.0/../../../../arm-none-eabi/lib/thumb\libg.a(libc_a-getenv_r.o)
                0x0201a5f4                _findenv_r
 .text._getenv_r
                0x0201a688       0x10 C:/devkitPro/devkitARM/bin/../lib/gcc/arm-none-eabi/15.1.0/../../../../arm-none-eabi/lib/thumb\libg.a(libc_a-getenv_r.o)
                0x0201a688                _getenv_r
 .text.__ssputs_r
                0x0201a698       0xd4 C:/devkitPro/devkitARM/bin/../lib/gcc/arm-none-eabi/15.1.0/../../../../arm-none-eabi/lib/thumb\libg.a(libc_a-ssputs_r.o)
                0x0201a698                __ssputs_r
 .text._ftello_r
                0x0201a76c      0x124 C:/devkitPro/devkitARM/bin/../lib/gcc/arm-none-eabi/15.1.0/../../../../arm-none-eabi/lib/thumb\libg.a(libc_a-ftello.o)
                0x0201a76c                _ftello_r
 .text.__utf8_wctomb
                0x0201a890       0xbc C:/devkitPro/devkitARM/bin/../lib/gcc/arm-none-eabi/15.1.0/../../../../arm-none-eabi/lib/thumb\libg.a(libc_a-wctomb_r.o)
                0x0201a890                __utf8_wctomb
 .text._strtoull_l.isra.0
                0x0201a94c      0x1c0 C:/devkitPro/devkitARM/bin/../lib/gcc/arm-none-eabi/15.1.0/../../../../arm-none-eabi/lib/thumb\libg.a(libc_a-strtoull.o)
 .text._strtoull_r
                0x0201ab0c       0x20 C:/devkitPro/devkitARM/bin/../lib/gcc/arm-none-eabi/15.1.0/../../../../arm-none-eabi/lib/thumb\libg.a(libc_a-strtoull.o)
                0x0201ab0c                _strtoull_r
 .text._mbrtowc_r
                0x0201ab2c       0x98 C:/devkitPro/devkitARM/bin/../lib/gcc/arm-none-eabi/15.1.0/../../../../arm-none-eabi/lib/thumb\libg.a(libc_a-mbrtowc.o)
                0x0201ab2c                _mbrtowc_r
 .text.__swsetup_r
                0x0201abc4       0xd4 C:/devkitPro/devkitARM/bin/../lib/gcc/arm-none-eabi/15.1.0/../../../../arm-none-eabi/lib/thumb\libg.a(libc_a-wsetup.o)
                0x0201abc4                __swsetup_r
 .text.strncmp  0x0201ac98       0x70 C:/devkitPro/devkitARM/bin/../lib/gcc/arm-none-eabi/15.1.0/../../../../arm-none-eabi/lib/thumb\libg.a(libc_a-strncmp.o)
                0x0201ac98                strncmp
 .text.__env_lock
                0x0201ad08       0x14 C:/devkitPro/devkitARM/bin/../lib/gcc/arm-none-eabi/15.1.0/../../../../arm-none-eabi/lib/thumb\libg.a(libc_a-envlock.o)
                0x0201ad08                __env_lock
 .text.__env_unlock
                0x0201ad1c       0x14 C:/devkitPro/devkitARM/bin/../lib/gcc/arm-none-eabi/15.1.0/../../../../arm-none-eabi/lib/thumb\libg.a(libc_a-envlock.o)
                0x0201ad1c                __env_unlock
 .text.__assert_func
                0x0201ad30       0x40 C:/devkitPro/devkitARM/bin/../lib/gcc/arm-none-eabi/15.1.0/../../../../arm-none-eabi/lib/thumb\libg.a(libc_a-assert.o)
                0x0201ad30                __assert_func
 .text.iswspace_l
                0x0201ad70       0x28 C:/devkitPro/devkitARM/bin/../lib/gcc/arm-none-eabi/15.1.0/../../../../arm-none-eabi/lib/thumb\libg.a(libc_a-iswspace_l.o)
                0x0201ad70                iswspace_l
 .text._Balloc  0x0201ad98       0x5c C:/devkitPro/devkitARM/bin/../lib/gcc/arm-none-eabi/15.1.0/../../../../arm-none-eabi/lib/thumb\libg.a(libc_a-mprec.o)
                0x0201ad98                _Balloc
 .text._Bfree   0x0201adf4       0x14 C:/devkitPro/devkitARM/bin/../lib/gcc/arm-none-eabi/15.1.0/../../../../arm-none-eabi/lib/thumb\libg.a(libc_a-mprec.o)
                0x0201adf4                _Bfree
 .text.__multadd
                0x0201ae08       0xa8 C:/devkitPro/devkitARM/bin/../lib/gcc/arm-none-eabi/15.1.0/../../../../arm-none-eabi/lib/thumb\libg.a(libc_a-mprec.o)
                0x0201ae08                __multadd
 .text.__hi0bits
                0x0201aeb0       0x60 C:/devkitPro/devkitARM/bin/../lib/gcc/arm-none-eabi/15.1.0/../../../../arm-none-eabi/lib/thumb\libg.a(libc_a-mprec.o)
                0x0201aeb0                __hi0bits
 .text.__lo0bits
                0x0201af10       0x8c C:/devkitPro/devkitARM/bin/../lib/gcc/arm-none-eabi/15.1.0/../../../../arm-none-eabi/lib/thumb\libg.a(libc_a-mprec.o)
                0x0201af10                __lo0bits
 .text.__i2b    0x0201af9c       0x64 C:/devkitPro/devkitARM/bin/../lib/gcc/arm-none-eabi/15.1.0/../../../../arm-none-eabi/lib/thumb\libg.a(libc_a-mprec.o)
                0x0201af9c                __i2b
 .text.__multiply
                0x0201b000      0x1b4 C:/devkitPro/devkitARM/bin/../lib/gcc/arm-none-eabi/15.1.0/../../../../arm-none-eabi/lib/thumb\libg.a(libc_a-mprec.o)
                0x0201b000                __multiply
 .text.__pow5mult
                0x0201b1b4       0xd8 C:/devkitPro/devkitARM/bin/../lib/gcc/arm-none-eabi/15.1.0/../../../../arm-none-eabi/lib/thumb\libg.a(libc_a-mprec.o)
                0x0201b1b4                __pow5mult
 .text.__lshift
                0x0201b28c       0xf8 C:/devkitPro/devkitARM/bin/../lib/gcc/arm-none-eabi/15.1.0/../../../../arm-none-eabi/lib/thumb\libg.a(libc_a-mprec.o)
                0x0201b28c                __lshift
 .text.__mcmp   0x0201b384       0x50 C:/devkitPro/devkitARM/bin/../lib/gcc/arm-none-eabi/15.1.0/../../../../arm-none-eabi/lib/thumb\libg.a(libc_a-mprec.o)
                0x0201b384                __mcmp
 .text.__mdiff  0x0201b3d4      0x1a4 C:/devkitPro/devkitARM/bin/../lib/gcc/arm-none-eabi/15.1.0/../../../../arm-none-eabi/lib/thumb\libg.a(libc_a-mprec.o)
                0x0201b3d4                __mdiff
 .text.__d2b    0x0201b578       0xd4 C:/devkitPro/devkitARM/bin/../lib/gcc/arm-none-eabi/15.1.0/../../../../arm-none-eabi/lib/thumb\libg.a(libc_a-mprec.o)
                0x0201b578                __d2b
 .text._strtoll_l.isra.0
                0x0201b64c      0x300 C:/devkitPro/devkitARM/bin/../lib/gcc/arm-none-eabi/15.1.0/../../../../arm-none-eabi/lib/thumb\libg.a(libc_a-strtoll.o)
 .text._strtoll_r
                0x0201b94c       0x20 C:/devkitPro/devkitARM/bin/../lib/gcc/arm-none-eabi/15.1.0/../../../../arm-none-eabi/lib/thumb\libg.a(libc_a-strtoll.o)
                0x0201b94c                _strtoll_r
 .text.__submore
                0x0201b96c       0x7c C:/devkitPro/devkitARM/bin/../lib/gcc/arm-none-eabi/15.1.0/../../../../arm-none-eabi/lib/thumb\libg.a(libc_a-ungetc.o)
                0x0201b96c                __submore
 .text.fiprintf
                0x0201b9e8       0x28 C:/devkitPro/devkitARM/bin/../lib/gcc/arm-none-eabi/15.1.0/../../../../arm-none-eabi/lib/thumb\libg.a(libc_a-fiprintf.o)
                0x0201b9e8                fiprintf
 .text.abort    0x0201ba10       0x10 C:/devkitPro/devkitARM/bin/../lib/gcc/arm-none-eabi/15.1.0/../../../../arm-none-eabi/lib/thumb\libg.a(libc_a-abort.o)
                0x0201ba10                abort
 .text.category
                0x0201ba20       0x5c C:/devkitPro/devkitARM/bin/../lib/gcc/arm-none-eabi/15.1.0/../../../../arm-none-eabi/lib/thumb\libg.a(libc_a-categories.o)
                0x0201ba20                category
 .text._raise_r
                0x0201ba7c       0x60 C:/devkitPro/devkitARM/bin/../lib/gcc/arm-none-eabi/15.1.0/../../../../arm-none-eabi/lib/thumb\libg.a(libc_a-signal.o)
                0x0201ba7c                _raise_r
 .text.raise    0x0201badc       0x14 C:/devkitPro/devkitARM/bin/../lib/gcc/arm-none-eabi/15.1.0/../../../../arm-none-eabi/lib/thumb\libg.a(libc_a-signal.o)
                0x0201badc                raise
 .text._exit    0x0201baf0       0x14 C:/devkitPro/devkitARM/bin/../lib/gcc/arm-none-eabi/15.1.0/../../../../arm-none-eabi/lib/thumb\libsysbase.a(libsysbase_libsysbase_a-_exit.o)
                0x0201baf0                _exit
 .text.chdir    0x0201bb04       0xe4 C:/devkitPro/devkitARM/bin/../lib/gcc/arm-none-eabi/15.1.0/../../../../arm-none-eabi/lib/thumb\libsysbase.a(libsysbase_libsysbase_a-chdir.o)
                0x0201bb04                chdir
 .text._concatenate_path
                0x0201bbe8      0x134 C:/devkitPro/devkitARM/bin/../lib/gcc/arm-none-eabi/15.1.0/../../../../arm-none-eabi/lib/thumb\libsysbase.a(libsysbase_libsysbase_a-concatenate.o)
                0x0201bbe8                _concatenate_path
 .text._fstat_r
                0x0201bd1c       0x5c C:/devkitPro/devkitARM/bin/../lib/gcc/arm-none-eabi/15.1.0/../../../../arm-none-eabi/lib/thumb\libsysbase.a(libsysbase_libsysbase_a-fstat.o)
                0x0201bd1c                _fstat_r
 .text._getpid_r
                0x0201bd78        0xc C:/devkitPro/devkitARM/bin/../lib/gcc/arm-none-eabi/15.1.0/../../../../arm-none-eabi/lib/thumb\libsysbase.a(libsysbase_libsysbase_a-getpid.o)
                0x0201bd78                _getpid_r
 .text.__getreent
                0x0201bd84       0x20 C:/devkitPro/devkitARM/bin/../lib/gcc/arm-none-eabi/15.1.0/../../../../arm-none-eabi/lib/thumb\libsysbase.a(libsysbase_libsysbase_a-getreent.o)
                0x0201bd84                __getreent
 .text._gettimeofday_r
                0x0201bda4       0x20 C:/devkitPro/devkitARM/bin/../lib/gcc/arm-none-eabi/15.1.0/../../../../arm-none-eabi/lib/thumb\libsysbase.a(libsysbase_libsysbase_a-gettod.o)
                0x0201bda4                _gettimeofday_r
 .text.__release_handle
                0x0201bdc4       0x6c C:/devkitPro/devkitARM/bin/../lib/gcc/arm-none-eabi/15.1.0/../../../../arm-none-eabi/lib/thumb\libsysbase.a(libsysbase_libsysbase_a-handle_manager.o)
                0x0201bdc4                __release_handle
 .text.__alloc_handle
                0x0201be30       0x7c C:/devkitPro/devkitARM/bin/../lib/gcc/arm-none-eabi/15.1.0/../../../../arm-none-eabi/lib/thumb\libsysbase.a(libsysbase_libsysbase_a-handle_manager.o)
                0x0201be30                __alloc_handle
 .text.__get_handle
                0x0201beac       0x34 C:/devkitPro/devkitARM/bin/../lib/gcc/arm-none-eabi/15.1.0/../../../../arm-none-eabi/lib/thumb\libsysbase.a(libsysbase_libsysbase_a-handle_manager.o)
                0x0201beac                __get_handle
 .text._close_r
                0x0201bee0       0xb0 C:/devkitPro/devkitARM/bin/../lib/gcc/arm-none-eabi/15.1.0/../../../../arm-none-eabi/lib/thumb\libsysbase.a(libsysbase_libsysbase_a-handle_manager.o)
                0x0201bee0                _close_r
 .text.null_write
                0x0201bf90        0x4 C:/devkitPro/devkitARM/bin/../lib/gcc/arm-none-eabi/15.1.0/../../../../arm-none-eabi/lib/thumb\libsysbase.a(libsysbase_libsysbase_a-iosupport.o)
 .text.setDefaultDevice
                0x0201bf94       0x10 C:/devkitPro/devkitARM/bin/../lib/gcc/arm-none-eabi/15.1.0/../../../../arm-none-eabi/lib/thumb\libsysbase.a(libsysbase_libsysbase_a-iosupport.o)
                0x0201bf94                setDefaultDevice
 .text.FindDevice
                0x0201bfa4       0x90 C:/devkitPro/devkitARM/bin/../lib/gcc/arm-none-eabi/15.1.0/../../../../arm-none-eabi/lib/thumb\libsysbase.a(libsysbase_libsysbase_a-iosupport.o)
                0x0201bfa4                FindDevice
 .text.AddDevice
                0x0201c034       0x7c C:/devkitPro/devkitARM/bin/../lib/gcc/arm-none-eabi/15.1.0/../../../../arm-none-eabi/lib/thumb\libsysbase.a(libsysbase_libsysbase_a-iosupport.o)
                0x0201c034                AddDevice
 .text.GetDeviceOpTab
                0x0201c0b0       0x20 C:/devkitPro/devkitARM/bin/../lib/gcc/arm-none-eabi/15.1.0/../../../../arm-none-eabi/lib/thumb\libsysbase.a(libsysbase_libsysbase_a-iosupport.o)
                0x0201c0b0                GetDeviceOpTab
 .text._isatty_r
                0x0201c0d0        0x4 C:/devkitPro/devkitARM/bin/../lib/gcc/arm-none-eabi/15.1.0/../../../../arm-none-eabi/lib/thumb\libsysbase.a(libsysbase_libsysbase_a-isatty.o)
                0x0201c0d0                _isatty_r
 .text._kill_r  0x0201c0d4        0xc C:/devkitPro/devkitARM/bin/../lib/gcc/arm-none-eabi/15.1.0/../../../../arm-none-eabi/lib/thumb\libsysbase.a(libsysbase_libsysbase_a-kill.o)
                0x0201c0d4                _kill_r
 .text._lseek_r
                0x0201c0e0       0x64 C:/devkitPro/devkitARM/bin/../lib/gcc/arm-none-eabi/15.1.0/../../../../arm-none-eabi/lib/thumb\libsysbase.a(libsysbase_libsysbase_a-lseek.o)
                0x0201c0e0                _lseek_r
 .text._open_r  0x0201c144       0x8c C:/devkitPro/devkitARM/bin/../lib/gcc/arm-none-eabi/15.1.0/../../../../arm-none-eabi/lib/thumb\libsysbase.a(libsysbase_libsysbase_a-open.o)
                0x0201c144                _open_r
 .text._read_r  0x0201c1d0       0x5c C:/devkitPro/devkitARM/bin/../lib/gcc/arm-none-eabi/15.1.0/../../../../arm-none-eabi/lib/thumb\libsysbase.a(libsysbase_libsysbase_a-read.o)
                0x0201c1d0                _read_r
 .text._sbrk_r  0x0201c22c       0x50 C:/devkitPro/devkitARM/bin/../lib/gcc/arm-none-eabi/15.1.0/../../../../arm-none-eabi/lib/thumb\libsysbase.a(libsysbase_libsysbase_a-sbrk.o)
                0x0201c22c                _sbrk_r
 .text.__libc_lock_acquire
                0x0201c27c       0x18 C:/devkitPro/devkitARM/bin/../lib/gcc/arm-none-eabi/15.1.0/../../../../arm-none-eabi/lib/thumb\libsysbase.a(libsysbase_libsysbase_a-syscall_support.o)
                0x0201c27c                __libc_lock_acquire
 .text.__libc_lock_release
                0x0201c294       0x18 C:/devkitPro/devkitARM/bin/../lib/gcc/arm-none-eabi/15.1.0/../../../../arm-none-eabi/lib/thumb\libsysbase.a(libsysbase_libsysbase_a-syscall_support.o)
                0x0201c294                __libc_lock_release
 .text.__libc_lock_acquire_recursive
                0x0201c2ac       0x18 C:/devkitPro/devkitARM/bin/../lib/gcc/arm-none-eabi/15.1.0/../../../../arm-none-eabi/lib/thumb\libsysbase.a(libsysbase_libsysbase_a-syscall_support.o)
                0x0201c2ac                __libc_lock_acquire_recursive
 .text.__libc_lock_release_recursive
                0x0201c2c4       0x18 C:/devkitPro/devkitARM/bin/../lib/gcc/arm-none-eabi/15.1.0/../../../../arm-none-eabi/lib/thumb\libsysbase.a(libsysbase_libsysbase_a-syscall_support.o)
                0x0201c2c4                __libc_lock_release_recursive
 .text._write_r
                0x0201c2dc       0x5c C:/devkitPro/devkitARM/bin/../lib/gcc/arm-none-eabi/15.1.0/../../../../arm-none-eabi/lib/thumb\libsysbase.a(libsysbase_libsysbase_a-write.o)
                0x0201c2dc                _write_r
 .text          0x0201c338       0x14 C:/devkitPro/devkitARM/bin/../lib/gcc/arm-none-eabi/15.1.0/thumb\libgcc.a(_thumb1_case_uqi.o)
                0x0201c338                __gnu_thumb1_case_uqi
 .text          0x0201c34c       0x14 C:/devkitPro/devkitARM/bin/../lib/gcc/arm-none-eabi/15.1.0/thumb\libgcc.a(_thumb1_case_uhi.o)
                0x0201c34c                __gnu_thumb1_case_uhi
 .text          0x0201c360      0x424 C:/devkitPro/devkitARM/bin/../lib/gcc/arm-none-eabi/15.1.0/thumb\libgcc.a(_arm_addsubdf3.o)
                0x0201c360                __aeabi_drsub
                0x0201c368                __aeabi_dsub
                0x0201c368                __subdf3
                0x0201c36c                __aeabi_dadd
                0x0201c36c                __adddf3
                0x0201c67c                __floatunsidf
                0x0201c67c                __aeabi_ui2d
                0x0201c6a0                __floatsidf
                0x0201c6a0                __aeabi_i2d
                0x0201c6c8                __aeabi_f2d
                0x0201c6c8                __extendsfdf2
                0x0201c710                __floatundidf
                0x0201c710                __aeabi_ul2d
                0x0201c724                __floatdidf
                0x0201c724                __aeabi_l2d
 .text          0x0201c784      0x49c C:/devkitPro/devkitARM/bin/../lib/gcc/arm-none-eabi/15.1.0/thumb\libgcc.a(_arm_muldivdf3.o)
                0x0201c784                __aeabi_dmul
                0x0201c784                __muldf3
                0x0201ca14                __divdf3
                0x0201ca14                __aeabi_ddiv
 .text          0x0201cc20      0x144 C:/devkitPro/devkitARM/bin/../lib/gcc/arm-none-eabi/15.1.0/thumb\libgcc.a(_arm_cmpdf2.o)
                0x0201cc20                __gtdf2
                0x0201cc20                __gedf2
                0x0201cc28                __ltdf2
                0x0201cc28                __ledf2
                0x0201cc30                __nedf2
                0x0201cc30                __eqdf2
                0x0201cc30                __cmpdf2
                0x0201ccb8                __aeabi_cdrcmple
                0x0201ccd4                __aeabi_cdcmpeq
                0x0201ccd4                __aeabi_cdcmple
                0x0201ccec                __aeabi_dcmpeq
                0x0201cd04                __aeabi_dcmplt
                0x0201cd1c                __aeabi_dcmple
                0x0201cd34                __aeabi_dcmpge
                0x0201cd4c                __aeabi_dcmpgt
 .text          0x0201cd64       0x38 C:/devkitPro/devkitARM/bin/../lib/gcc/arm-none-eabi/15.1.0/thumb\libgcc.a(_arm_unorddf2.o)
                0x0201cd64                __unorddf2
                0x0201cd64                __aeabi_dcmpun
 .text          0x0201cd9c       0x5c C:/devkitPro/devkitARM/bin/../lib/gcc/arm-none-eabi/15.1.0/thumb\libgcc.a(_arm_fixdfsi.o)
                0x0201cd9c                __aeabi_d2iz
                0x0201cd9c                __fixdfsi
 .text          0x0201cdf8       0xd4 C:/devkitPro/devkitARM/bin/../lib/gcc/arm-none-eabi/15.1.0/thumb\libgcc.a(_aeabi_ldivmod.o)
                0x0201cdf8                __aeabi_ldivmod
 .text.__muldi3
                0x0201cecc       0x58 C:/devkitPro/devkitARM/bin/../lib/gcc/arm-none-eabi/15.1.0/thumb\libgcc.a(_muldi3.o)
                0x0201cecc                __muldi3
                0x0201cecc                __aeabi_lmul
 EXCLUDE_FILE(*.twl.*) *(.glue_7t .glue_7 .vfp11_veneer .v4_bx)
 .glue_7        0x0201cf24        0x0 linker stubs
 .glue_7t       0x0201cf24        0x0 linker stubs
 .vfp11_veneer  0x0201cf24        0x0 linker stubs
 .v4_bx         0x0201cf24        0x0 linker stubs
 *(SORT_NONE(.fini))
 .fini          0x0201cf24        0x4 C:/devkitPro/devkitARM/bin/../lib/gcc/arm-none-eabi/15.1.0/thumb/crti.o
                0x0201cf24                _fini
 .fini          0x0201cf28        0x8 C:/devkitPro/devkitARM/bin/../lib/gcc/arm-none-eabi/15.1.0/thumb/crtn.o
 .fini.__stub   0x0201cf30       0x28 linker stubs
 EXCLUDE_FILE(*.twl.*) *(.rodata .rodata.* .gnu.linkonce.r.*)
 .rodata        0x0201cf58     0x2cc0 GFXinput.o
                0x0201cf58                GFXinputBitmap
 .rodata        0x0201fc18      0x200 GFXselector16.o
                0x0201fc18                GFXselector16Bitmap
 .rodata        0x0201fe18      0x800 GFXselector24.o
                0x0201fe18                GFXselector24Bitmap
 .rodata._Z9importNESPKcPt.str1.4
                0x02020618      0x5ec formats.o
                                 0x33 (size before relaxing)
 .rodata._Z9exportNESPKcPti.str1.4
                0x02020c04       0x20 formats.o
 .rodata._Z9importPalPKc.str1.4
                0x02020c04       0x1b formats.o
 .rodata._Z9saveArrayPKcPvj.str1.4
                0x02020c04        0x3 main.o
 .rodata._Z9loadArrayPKcPvj.str1.4
                0x02020c04        0x3 main.o
 .rodata._Z19getActionsFromTouchi
                0x02020c04       0x20 main.o
 .rodata.main.str1.4
                0x02020c24      0x1a8 main.o
 .rodata        0x02020c24      0x150 main.o
 .rodata.dvmInit.str1.4
                0x02020d74        0xd C:/devkitPro/libnds/lib\libfat.a(dvm_calico.o)
 .rodata.s_dvmDiscCalicoIface
                0x02020d74       0x10 C:/devkitPro/libnds/lib\libfat.a(dvm_calico.o)
 .rodata.s_dvmDiscCacheIface
                0x02020d84       0x10 C:/devkitPro/libnds/lib\libfat.a(dvm_cache.o)
 .rodata.dvmMountVolume.str1.4
                0x02020d94        0xc C:/devkitPro/libnds/lib\libfat.a(dvm_volume.o)
 .rodata._dvmIdentMbrVbr.str1.4
                0x02020d94       0x3d C:/devkitPro/libnds/lib\libfat.a(dvm_prober.o)
 .rodata.fr_to_errno.0
                0x02020d94       0x14 C:/devkitPro/libnds/lib\libfat.a(fat_driver.o)
 .rodata.str1.4
                0x02020da8        0x5 C:/devkitPro/libnds/lib\libfat.a(fat_driver.o)
 .rodata.g_vfatFsDriver
                0x02020da8       0x14 C:/devkitPro/libnds/lib\libfat.a(fat_driver.o)
                0x02020da8                g_vfatFsDriver
 .rodata._FAT_devoptab
                0x02020dbc       0x80 C:/devkitPro/libnds/lib\libfat.a(fat_driver.o)
 .rodata.follow_path.str1.4
                0x02020e3c       0x13 C:/devkitPro/libnds/lib\libfat.a(ff.o)
 .rodata.check_fs.str1.4
                0x02020e3c        0x9 C:/devkitPro/libnds/lib\libfat.a(ff.o)
 .rodata.ExCvt  0x02020e3c       0x80 C:/devkitPro/libnds/lib\libfat.a(ff.o)
 .rodata.LfnOfs
                0x02020ebc        0xd C:/devkitPro/libnds/lib\libfat.a(ff.o)
 .rodata.ff_wtoupper
                0x02020ec9        0x9 C:/devkitPro/libnds/lib\libfat.a(ffunicode.o)
 *fill*         0x02020ed2        0x2 ff
 .rodata.cvt2.0
                0x02020ed4       0xbc C:/devkitPro/libnds/lib\libfat.a(ffunicode.o)
 .rodata.cvt1.1
                0x02020f90      0x1f2 C:/devkitPro/libnds/lib\libfat.a(ffunicode.o)
 *fill*         0x02021182        0x6 ff
 .rodata.uc437  0x02021188      0x100 C:/devkitPro/libnds/lib\libfat.a(ffunicode.o)
 .rodata.con_write.str1.4
                0x02021288       0x30 C:/devkitPro/libnds/lib\libnds9.a(console.o)
 .rodata.con_write
                0x02021288       0xd4 C:/devkitPro/libnds/lib\libnds9.a(console.o)
 .rodata.consoleClear.str1.4
                0x0202135c        0x5 C:/devkitPro/libnds/lib\libnds9.a(console.o)
 .rodata.str1.4
                0x0202135c       0x14 C:/devkitPro/libnds/lib\libnds9.a(console.o)
 .rodata.dotab_stdout
                0x0202135c       0x80 C:/devkitPro/libnds/lib\libnds9.a(console.o)
 .rodata.decompress
                0x020213dc       0x14 C:/devkitPro/libnds/lib\libnds9.a(decompress.o)
 .rodata.defaultHandler.str1.4
                0x020213f0       0x33 C:/devkitPro/libnds/lib\libnds9.a(exceptionDefault.o)
 .rodata.guruMeditationDump.str1.4
                0x020213f0       0xf6 C:/devkitPro/libnds/lib\libnds9.a(gurumeditation.o)
 .rodata.str1.4
                0x020213f0       0x3c C:/devkitPro/libnds/lib\libnds9.a(gurumeditation.o)
 .rodata.registerNames
                0x020213f0       0x40 C:/devkitPro/libnds/lib\libnds9.a(gurumeditation.o)
 .rodata.str1.4
                0x02021430        0x6 C:/devkitPro/libnds/lib\libnds9.a(keyboard.o)
 .rodata.std_in
                0x02021430       0x80 C:/devkitPro/libnds/lib\libnds9.a(keyboard.o)
                0x02021430                std_in
 .rodata.SIN_LUT
                0x020214b0      0x102 C:/devkitPro/libnds/lib\libnds9.a(trig.o)
                0x020214b0                SIN_LUT
 *fill*         0x020215b2        0x2 ff
 .rodata.default_font_bin
                0x020215b4      0x800 C:/devkitPro/libnds/lib\libnds9.a(default_font.bin.o)
                0x020215b4                default_font_bin
                0x02021db4                default_font_bin_end
 .rodata        0x02021db4     0x2d0c C:/devkitPro/libnds/lib\libnds9.a(keyboardGfx.o)
                0x02021db4                keyboardGfxTiles
                0x020240a0                keyboardGfxMap
                0x02024aa0                keyboardGfxPal
 .rodata.dietPrintV.str1.4