Archive member included to satisfy reference by file (symbol)

C:/devkitPro/libnds/lib\libfat.a(fat_wrappers.o)
                              main.o (fatInitDefault)
C:/devkitPro/libnds/lib\libfat.a(dvm_calico.o)
                              C:/devkitPro/libnds/lib\libfat.a(fat_wrappers.o) (dvmInit)
C:/devkitPro/libnds/lib\libfat.a(dvm_disc.o)
                              C:/devkitPro/libnds/lib\libfat.a(fat_wrappers.o) (dvmDiscCreate)
C:/devkitPro/libnds/lib\libfat.a(dvm_cache.o)
                              C:/devkitPro/libnds/lib\libfat.a(fat_wrappers.o) (dvmDiscCacheCreate)
C:/devkitPro/libnds/lib\libfat.a(dvm_volume.o)
                              C:/devkitPro/libnds/lib\libfat.a(fat_wrappers.o) (dvmMountVolume)
C:/devkitPro/libnds/lib\libfat.a(dvm_prober.o)
                              C:/devkitPro/libnds/lib\libfat.a(dvm_calico.o) (dvmProbeMountDisc)
C:/devkitPro/libnds/lib\libfat.a(fat_driver.o)
                              C:/devkitPro/libnds/lib\libfat.a(dvm_volume.o) (g_vfatFsDriver)
C:/devkitPro/libnds/lib\libfat.a(ff.o)
                              C:/devkitPro/libnds/lib\libfat.a(fat_driver.o) (f_mount)
C:/devkitPro/libnds/lib\libfat.a(ffunicode.o)
                              C:/devkitPro/libnds/lib\libfat.a(ff.o) (ff_uni2oem)
C:/devkitPro/libnds/lib\libnds9.a(background.o)
                              main.o (bgInit_call)
C:/devkitPro/libnds/lib\libnds9.a(console.o)
                              main.o (consoleInit)
C:/devkitPro/libnds/lib\libnds9.a(decompress.o)
                              main.o (decompress)
C:/devkitPro/libnds/lib\libnds9.a(exceptionDefault.o)
                              main.o (defaultExceptionHandler)
C:/devkitPro/libnds/lib\libnds9.a(gurumeditation.o)
                              C:/devkitPro/libnds/lib\libnds9.a(exceptionDefault.o) (guruMeditationDump)
C:/devkitPro/libnds/lib\libnds9.a(keyboard.o)
                              main.o (keyboardDemoInit)
C:/devkitPro/libnds/lib\libnds9.a(keys.o)
                              main.o (scanKeys)
C:/devkitPro/libnds/lib\libnds9.a(sprite_alloc.o)
                              main.o (oamAllocateGfx)
C:/devkitPro/libnds/lib\libnds9.a(sprite.o)
                              main.o (oamInit)
C:/devkitPro/libnds/lib\libnds9.a(trig.o)
                              C:/devkitPro/libnds/lib\libnds9.a(background.o) (sinLerp)
C:/devkitPro/libnds/lib\libnds9.a(exceptionEntry.o)
                              C:/devkitPro/libnds/lib\libnds9.a(exceptionDefault.o) (__libnds_excpt)
C:/devkitPro/libnds/lib\libnds9.a(default_font.bin.o)
                              C:/devkitPro/libnds/lib\libnds9.a(console.o) (default_font_bin)
C:/devkitPro/libnds/lib\libnds9.a(keyboardGfx.o)
                              C:/devkitPro/libnds/lib\libnds9.a(keyboard.o) (keyboardGfxTiles)
C:/devkitPro/calico/lib\libcalico_ds9.a(thread_cold.o)
                              main.o (threadIrqWait)
C:/devkitPro/calico/lib\libcalico_ds9.a(thread_hot.32.o)
                              C:/devkitPro/libnds/lib\libnds9.a(exceptionDefault.o) (__sched_state)
C:/devkitPro/calico/lib\libcalico_ds9.a(dietprint.o)
                              C:/devkitPro/libnds/lib\libnds9.a(exceptionDefault.o) (g_dietPrintFn)
C:/devkitPro/calico/lib\libcalico_ds9.a(newlib_syscalls.o)
                              C:/devkitPro/libnds/lib\libfat.a(fat_driver.o) (__errno)
C:/devkitPro/calico/lib\libcalico_ds9.a(arm-copy-fill.32.o)
                              C:/devkitPro/libnds/lib\libfat.a(dvm_calico.o) (armCopyMem32)
C:/devkitPro/calico/lib\libcalico_ds9.a(arm-context.32.o)
                              C:/devkitPro/calico/lib\libcalico_ds9.a(thread_cold.o) (armContextSave)
C:/devkitPro/calico/lib\libcalico_ds9.a(arm-shims.32.o)
                              C:/devkitPro/calico/lib\libcalico_ds9.a(thread_cold.o) (armWaitForIrq)
C:/devkitPro/calico/lib\libcalico_ds9.a(arm-cache.32.o)
                              C:/devkitPro/libnds/lib\libnds9.a(sprite.o) (armDCacheFlush)
C:/devkitPro/calico/lib\libcalico_ds9.a(startup.crt0.o)
                              C:/devkitPro/libnds/lib\libfat.a(dvm_calico.o) (g_isTwlMode)
C:/devkitPro/calico/lib\libcalico_ds9.a(utils.crt0.o)
                              C:/devkitPro/calico/lib\libcalico_ds9.a(startup.crt0.o) (crt0CopyMem32)
C:/devkitPro/calico/lib\libcalico_ds9.a(bios.o)
                              C:/devkitPro/libnds/lib\libnds9.a(decompress.o) (svcLZ77UncompWram)
C:/devkitPro/calico/lib\libcalico_ds9.a(pxi.o)
                              C:/devkitPro/calico/lib\libcalico_ds9.a(startup.crt0.o) (_pxiInit)
C:/devkitPro/calico/lib\libcalico_ds9.a(keypad.o)
                              C:/devkitPro/libnds/lib\libnds9.a(keys.o) (keypadGetState)
C:/devkitPro/calico/lib\libcalico_ds9.a(pm.o)
                              main.o (pmMainLoop)
C:/devkitPro/calico/lib\libcalico_ds9.a(bootstub_arm9.o)
                              (__ds9_bootstub)
C:/devkitPro/calico/lib\libcalico_ds9.a(mpu_setup.crt0.o)
[...]
Memory Configuration

Name             Origin             Length             Attributes
lma9             0x02004000         0x0027c000
lma9i            0x02400000         0x00280000
vectors          0x00000000         0x00000020
itcm             0x01ff8020         0x00007fe0
main             0x02001000         0x00f7f000
dtcm             0x02ff0000         0x00003e80
dldi             0x0380b000         0x00004000
stub             0x0e000000         0x00004000
tls              0x00000000         0x00000400
*default*        0x00000000         0xffffffff

Linker script and memory map

                0x00000000                        __sync_synchronize = __sync_synchronize_none
LOAD C:/devkitPro/devkitARM/bin/../lib/gcc/arm-none-eabi/15.1.0/thumb/crti.o
LOAD C:/devkitPro/devkitARM/bin/../lib/gcc/arm-none-eabi/15.1.0/thumb/crtbegin.o
LOAD GFXinput.o
LOAD GFXselector16.o
LOAD GFXselector24.o
LOAD avdslib.o
LOAD formats.o
LOAD main.o
LOAD C:/devkitPro/libnds/lib\libfat.a
LOAD C:/devkitPro/libnds/lib\libnds9.a
LOAD C:/devkitPro/calico/lib\libcalico_ds9.a
LOAD C:/devkitPro/devkitARM/bin/../lib/gcc/arm-none-eabi/15.1.0/../../../../arm-none-eabi/lib/thumb\libstdc++.a
LOAD C:/devkitPro/devkitARM/bin/../lib/gcc/arm-none-eabi/15.1.0/../../../../arm-none-eabi/lib/thumb\libm.a
START GROUP
LOAD C:/devkitPro/devkitARM/bin/../lib/gcc/arm-none-eabi/15.1.0/thumb\libgcc.a
LOAD C:/devkitPro/devkitARM/bin/../lib/gcc/arm-none-eabi/15.1.0/../../../../arm-none-eabi/lib/thumb\libg.a
LOAD C:/devkitPro/devkitARM/bin/../lib/gcc/arm-none-eabi/15.1.0/../../../../arm-none-eabi/lib/thumb\libc.a
LOAD C:/devkitPro/devkitARM/bin/../lib/gcc/arm-none-eabi/15.1.0/../../../../arm-none-eabi/lib/thumb\libsysbase.a
END GROUP
LOAD C:/devkitPro/devkitARM/bin/../lib/gcc/arm-none-eabi/15.1.0/thumb/crtend.o
LOAD C:/devkitPro/devkitARM/bin/../lib/gcc/arm-none-eabi/15.1.0/thumb/crtn.o
                0x02ff3e80                        PROVIDE (__sp_usr = (ORIGIN (dtcm) + LENGTH (dtcm)))
                0x02ff3f80                        PROVIDE (__sp_irq = (__sp_usr + 0x100))
                0x02ff3fc0                        PROVIDE (__sp_svc = (__sp_irq + 0x40))
                0x02ff3ff8                        PROVIDE (__irq_flags = (__sp_svc + 0x38))
                [!provide]                        PROVIDE (__irq_vector = (__sp_svc + 0x3c))
                [!provide]                        PROVIDE (__arm_excpt_rst = 0xffff0000)
                [!provide]                        PROVIDE (__arm_excpt_und = 0xffff0004)
                0xffff0008                        PROVIDE (__arm_excpt_svc = 0xffff0008)
                [!provide]                        PROVIDE (__arm_excpt_pabt = 0xffff000c)
                [!provide]                        PROVIDE (__arm_excpt_dabt = 0xffff0010)
                [!provide]                        PROVIDE (__arm_excpt_irq = 0xffff0018)
                [!provide]                        PROVIDE (__arm_excpt_fiq = 0xffff001c)
                0x00000000                        PROVIDE (__end__ = 0x0)

.secure         0x0e000000      0x800 load address 0x02004000
                0x0e0007fc                        . = (. + 0x7fc)
 *fill*         0x0e000000      0x7fc 00000000
                0x0e0007fc        0x4 LONG 0x0

.bootstub       0x0e000800      0x198 load address 0x02004800
 *(.bootstub .bootstub.*)
 .bootstub.__ds9_bootstub
                0x0e000800      0x198 C:/devkitPro/calico/lib\libcalico_ds9.a(bootstub_arm9.o)
                0x0e000800                __ds9_bootstub
                0x0e000998                        . = ALIGN (0x4)

.crt0           0x02001000      0x3c0 load address 0x02004998
 *(.crt0 .crt0.*)
 .crt0.__ds9_bootstub_trampoline
                0x02001000       0x60 C:/devkitPro/calico/lib\libcalico_ds9.a(bootstub_arm9.o)
 *.crt0.*(.text .stub .text.* .gnu.linkonce.t.*)
 .text.crt0ProcessLoadList
                0x02001060       0x74 C:/devkitPro/calico/lib\libcalico_ds9.a(startup.crt0.o)
                0x02001060                crt0ProcessLoadList
 .text.crt0Startup
                0x020010d4      0x180 C:/devkitPro/calico/lib\libcalico_ds9.a(startup.crt0.o)
                0x020010d4                crt0Startup
 .text.crt0CopyMem32
                0x02001254       0x4c C:/devkitPro/calico/lib\libcalico_ds9.a(utils.crt0.o)
                0x02001254                crt0CopyMem32
 .text.crt0FillMem32
                0x020012a0       0x58 C:/devkitPro/calico/lib\libcalico_ds9.a(utils.crt0.o)
                0x020012a0                crt0FillMem32
 .text.crt0SetupMPU
                0x020012f8       0xb4 C:/devkitPro/calico/lib\libcalico_ds9.a(mpu_setup.crt0.o)
                0x020012f8                crt0SetupMPU
 *.crt0.*(.glue_7t .glue_7 .vfp11_veneer .v4_bx)
 *.crt0.*(.rodata .rodata.* .gnu.linkonce.r.*)
 *.crt0.*(.rodata1)
                0x020013c0                        . = ALIGN (0x20)
 *fill*         0x020013ac       0x14 ff
                0x02004998                        PROVIDE (__crt0_lma = LOADADDR (.crt0))
                0x02001000                        PROVIDE (__crt0_start = ADDR (.crt0))
                0x020013c0                        PROVIDE (__crt0_end = (ADDR (.crt0) + SIZEOF (.crt0)))
                0x00000001                        ASSERT (((__crt0_end <= LOADADDR (.bootstub)) || (__crt0_start >= (LOADADDR (.bootstub) + SIZEOF (.bootstub)))), Error: crt0 section overlaps initial bootstrap)

.dldi           0x0380b000     0x4000 load address 0x02004d58
 *(.dldi)
 .dldi          0x0380b000     0x4000 C:/devkitPro/calico/lib\libcalico_ds9.a(dldi_stub.o)
                0x0380b000                __dldi_start
                0x02004d58                        PROVIDE (__dldi_lma = SIZEOF (.dldi)?LOADADDR (.dldi):0x0)

.vectors        0x00000000       0x20 load address 0x02008d58
 *(.vectors)
 .vectors       0x00000000       0x20 C:/devkitPro/calico/lib\libcalico_ds9.a(bootstub_arm9.o)

.itcm           0x01ff8020      0x700 load address 0x02008d78
 *(.itcm .itcm.*)
 .itcm          0x01ff8020       0x30 C:/devkitPro/calico/lib\libcalico_ds9.a(bootstub_arm9.o)
                0x01ff8038                __excpt_vectors
 *.itcm.*(.text .stub .text.* .gnu.linkonce.t.*)
 *.32.o(.text .stub .text.* .gnu.linkonce.t.*)
 .text.threadReschedule
                0x01ff8050       0x88 C:/devkitPro/calico/lib\libcalico_ds9.a(thread_hot.32.o)
 .text.threadBlock
                0x01ff80d8       0xd8 C:/devkitPro/calico/lib\libcalico_ds9.a(thread_hot.32.o)
                0x01ff80d8                threadBlock
 .text.threadUnblockOneByValue
                0x01ff81b0       0xc0 C:/devkitPro/calico/lib\libcalico_ds9.a(thread_hot.32.o)
                0x01ff81b0                threadUnblockOneByValue
 .text.threadUnblockAllByValue
                0x01ff8270      0x130 C:/devkitPro/calico/lib\libcalico_ds9.a(thread_hot.32.o)
                0x01ff8270                threadUnblockAllByValue
 .text.threadUnblockAllByMask
                0x01ff83a0      0x134 C:/devkitPro/calico/lib\libcalico_ds9.a(thread_hot.32.o)
                0x01ff83a0                threadUnblockAllByMask
 .text.armCopyMem32
                0x01ff84d4       0x4c C:/devkitPro/calico/lib\libcalico_ds9.a(arm-copy-fill.32.o)
                0x01ff84d4                armCopyMem32
 .text.armContextSave
                0x01ff8520       0x2c C:/devkitPro/calico/lib\libcalico_ds9.a(arm-context.32.o)
                0x01ff8520                armContextSave
 .text.armContextLoad
                0x01ff854c       0x20 C:/devkitPro/calico/lib\libcalico_ds9.a(arm-context.32.o)
                0x01ff854c                armContextLoad
                0x01ff8550                armContextLoadFromSvc
 .text.armWaitForIrq
                0x01ff856c        0x8 C:/devkitPro/calico/lib\libcalico_ds9.a(arm-shims.32.o)
                0x01ff856c                armWaitForIrq
 .text.armDrainWriteBuffer
                0x01ff8574        0xc C:/devkitPro/calico/lib\libcalico_ds9.a(arm-cache.32.o)
                0x01ff8574                armDrainWriteBuffer
 .text.armDCacheFlushAll
                0x01ff8580       0x28 C:/devkitPro/calico/lib\libcalico_ds9.a(arm-cache.32.o)
                0x01ff8580                armDCacheFlushAll
 .text.armDCacheFlush
                0x01ff85a8       0x1c C:/devkitPro/calico/lib\libcalico_ds9.a(arm-cache.32.o)
                0x01ff85a8                armDCacheFlush
 .text.armDCacheInvalidate
                0x01ff85c4       0x1c C:/devkitPro/calico/lib\libcalico_ds9.a(arm-cache.32.o)
                0x01ff85c4                armDCacheInvalidate
 .text.armICacheInvalidateAll
                0x01ff85e0        0xc C:/devkitPro/calico/lib\libcalico_ds9.a(arm-cache.32.o)
                0x01ff85e0                armICacheInvalidateAll
 .text.__excpt_entry
                0x01ff85ec       0x50 C:/devkitPro/calico/lib\libcalico_ds9.a(excpt_handler.32.o)
                0x01ff85ec                __arm_excpt_rst
                0x01ff85f0                __arm_excpt_pabt
                0x01ff85f4                __arm_excpt_und
                0x01ff8600                __arm_excpt_dabt
 .text.__arm_excpt_irq
                0x01ff863c       0xe4 C:/devkitPro/calico/lib\libcalico_ds9.a(irq_handler.32.o)
                0x01ff863c                __arm_excpt_irq
 *.itcm.*(.glue_7t .glue_7 .vfp11_veneer .v4_bx)
 *.32.o(.glue_7t .glue_7 .vfp11_veneer .v4_bx)
 *.itcm.*(.rodata .rodata.* .gnu.linkonce.r.*)
 *.32.o(.rodata .rodata.* .gnu.linkonce.r.*)
 *.itcm.*(.rodata1)
 *.32.o(.rodata1)
                0x01ff8720                        . = ALIGN (0x4)
                0x02008d58                        PROVIDE (__itcm_lma = LOADADDR (.vectors))
                0x01ff8000                        PROVIDE (__itcm_start = (ADDR (.itcm) - SIZEOF (.vectors)))
                0x01ff8720                        PROVIDE (__itcm_end = (ADDR (.itcm) + SIZEOF (.itcm)))
                0x00000001                        ASSERT (((__itcm_lma + SIZEOF (.vectors)) == LOADADDR (.itcm)), Error: gap between vectors and itcm)

.dtcm           0x02ff0000        0x0 load address 0x02009478
 *(.dtcm .dtcm.*)
 *.32.o(.data .data.* .gnu.linkonce.d.*)
 *.32.o(.data1)
                0x02ff0000                        . = ALIGN (0x4)
                [!provide]                        PROVIDE (__dtcm_lma = LOADADDR (.dtcm))
                0x02ff0000                        PROVIDE (__dtcm_start = ADDR (.dtcm))
                0x02ff0000                        PROVIDE (__dtcm_end = (ADDR (.dtcm) + SIZEOF (.dtcm)))

.dtcm.bss       0x02ff0000       0x98 load address 0x02009478
 *(.sbss .sbss.*)
 *.32.o(.dynbss)
 *.32.o(.bss .bss.* .gnu.linkonce.b.*)
 .bss.__irq_table
                0x02ff0000       0x80 C:/devkitPro/calico/lib\libcalico_ds9.a(thread_hot.32.o)
                0x02ff0000                __irq_table
 .bss.__sched_state
                0x02ff0080       0x18 C:/devkitPro/calico/lib\libcalico_ds9.a(thread_hot.32.o)
                0x02ff0080                __sched_state
 *.32.o(COMMON)
                0x02ff0098                        . = ALIGN (0x4)
                [!provide]                        PROVIDE (__dtcm_bss_start = ADDR (.dtcm.bss))
                0x02ff0098                        PROVIDE (__dtcm_bss_end = (ADDR (.dtcm.bss) + SIZEOF (.dtcm.bss)))

.main           0x020013c0    0x2892c load address 0x02009478
 *(SORT_NONE(.init))
 .init          0x020013c0        0x4 C:/devkitPro/devkitARM/bin/../lib/gcc/arm-none-eabi/15.1.0/thumb/crti.o
                0x020013c0                _init
 .init          0x020013c4        0x8 C:/devkitPro/devkitARM/bin/../lib/gcc/arm-none-eabi/15.1.0/thumb/crtn.o
 EXCLUDE_FILE(*.twl.*) *(.text.unlikely .text.*_unlikely .text.unlikely.*)
 EXCLUDE_FILE(*.twl.*) *(.text.exit .text.exit.*)
 .text.exit     0x020013cc       0x24 C:/devkitPro/devkitARM/bin/../lib/gcc/arm-none-eabi/15.1.0/../../../../arm-none-eabi/lib/thumb\libg.a(libc_a-exit.o)
                0x020013cc                exit
 EXCLUDE_FILE(*.twl.*) *(.text.startup .text.startup.*)
 .text.startup.main
                0x020013f0      0xb38 main.o
                0x020013f0                main
 .text.startup._GLOBAL__sub_I_surface
                0x02001f28       0x10 main.o
 EXCLUDE_FILE(*.twl.*) *(.text.hot .text.hot.*)
 EXCLUDE_FILE(*.twl.*) *(.text .iplt .stub .text.* .gnu.linkonce.t.*)
 .text.__do_global_dtors_aux
                0x02001f38       0x2c C:/devkitPro/devkitARM/bin/../lib/gcc/arm-none-eabi/15.1.0/thumb/crtbegin.o
 .text.frame_dummy
                0x02001f64       0x24 C:/devkitPro/devkitARM/bin/../lib/gcc/arm-none-eabi/15.1.0/thumb/crtbegin.o
 .iplt          0x02001f88        0x0 C:/devkitPro/devkitARM/bin/../lib/gcc/arm-none-eabi/15.1.0/thumb/crtbegin.o
 .text._Z6AVARGBiiii
                0x02001f88       0x24 avdslib.o
                0x02001f88                AVARGB(int, int, int, int)
 .text._Z13AVinvertColort
                0x02001fac       0x10 avdslib.o
                0x02001fac                AVinvertColor(unsigned short)
 .text._Z9AVfillDMAPtiit
                0x02001fbc       0x44 avdslib.o
                0x02001fbc                AVfillDMA(unsigned short*, int, int, unsigned short)
 .text._Z15AVdrawRectanglePtiiiit
                0x02002000       0x3c avdslib.o
                0x02002000                AVdrawRectangle(unsigned short*, int, int, int, int, unsigned short)
 .text._Z18AVdrawRectangleDMAPtiiiiti
                0x0200203c       0x84 avdslib.o
                0x0200203c                AVdrawRectangleDMA(unsigned short*, int, int, int, int, unsigned short, int)
 .text._Z21AVdrawRectangleHollowPtiiiit
                0x020020c0       0x9c avdslib.o
                0x020020c0                AVdrawRectangleHollow(unsigned short*, int, int, int, int, unsigned short)
 .text._Z11AVdrawVlinePtiiit
                0x0200215c       0x24 avdslib.o
                0x0200215c                AVdrawVline(unsigned short*, int, int, int, unsigned short)
 .text._Z14AVdrawHlineDMAPtiiit
                0x02002180       0x4c avdslib.o
                0x02002180                AVdrawHlineDMA(unsigned short*, int, int, int, unsigned short)
 .text._Z9importNESPKcPt
                0x020021cc      0x108 formats.o
                0x020021cc                importNES(char const*, unsigned short*)
 .text._Z9exportNESPKcPti
                0x020022d4       0xf8 formats.o
                0x020022d4                exportNES(char const*, unsigned short*, int)
 .text._Z10importSNESPKcPt
                0x020023cc      0x15c formats.o
                0x020023cc                importSNES(char const*, unsigned short*)
 .text._Z10exportSNESPKcPti
                0x02002528      0x15c formats.o
                0x02002528                exportSNES(char const*, unsigned short*, int)
 .text._Z9importPalPKc
                0x02002684       0xb4 formats.o
                0x02002684                importPal(char const*)
 .text._Z11use_commandhiPhi
                0x02002738       0xdc formats.o
                0x02002738                use_command(unsigned char, int, unsigned char*, int)
 .text._Z9decodeAcsPKcPt
                0x02002814      0x55c formats.o
                0x02002814                decodeAcs(char const*, unsigned short*)
 .text._Z12OnKeyPressedi
                0x02002d70       0x58 main.o
                0x02002d70                OnKeyPressed(int)
 .text._Z8textModev.part.0
                0x02002dc8       0x6c main.o
 .text._Z10bitmapModev.part.0
                0x02002e34      0x1b0 main.o
 .text._Z15drawSurfaceMainii
                0x02002fe4      0x100 main.o
                0x02002fe4                drawSurfaceMain(int, int)
 .text._Z17drawSurfaceBottomii
                0x020030e4      0x1d0 main.o
                0x020030e4                drawSurfaceBottom(int, int)
 .text._Z16drawColorPalettev
                0x020032b4       0x5c main.o
                0x020032b4                drawColorPalette()
 .text._Z9updatePaliPi
                0x02003310      0x170 main.o
                0x02003310                updatePal(int, int*)
 .text._Z14writeBmpHeaderP7__sFILE
                0x02003480       0x48 main.o
                0x02003480                writeBmpHeader(__sFILE*)
 .text._Z7saveBMPPKcPtS1_
                0x020034c8       0x8c main.o
                0x020034c8                saveBMP(char const*, unsigned short*, unsigned short*)
 .text._Z15saveBMP_indexedPKcPtS1_
                0x02003554       0xf8 main.o
                0x02003554                saveBMP_indexed(char const*, unsigned short*, unsigned short*)
 .text._Z15loadBMP_indexedPKcPtS1_
                0x0200364c      0x130 main.o
                0x0200364c                loadBMP_indexed(char const*, unsigned short*, unsigned short*)
 .text._Z19getActionsFromTouchi
                0x0200377c       0x50 main.o
                0x0200377c                getActionsFromTouch(int)
 .text._Z12applyActionsi
                0x020037cc      0x12c main.o
                0x020037cc                applyActions(int)
 .text._Z9floodFillPtiittii
                0x020038f8       0xd0 main.o
                0x020038f8                floodFill(unsigned short*, int, int, unsigned short, unsigned short, int, int)
 .text._Z9applyTooliib
                0x020039c8      0x270 main.o
                0x020039c8                applyTool(int, int, bool)
 .text._Z22copyFromSurfaceToStackiiii
                0x02003c38       0x68 main.o
                0x02003c38                copyFromSurfaceToStack(int, int, int, int)
 .text._Z21cutFromSurfaceToStackiiii
                0x02003ca0       0xc4 main.o
                0x02003ca0                cutFromSurfaceToStack(int, int, int, int)
 .text._Z23pasteFromStackToSurfaceii
                0x02003d64       0x8c main.o
                0x02003d64                pasteFromStackToSurface(int, int)
 .text._Z5flipHv
                0x02003df0      0x104 main.o
                0x02003df0                flipH()
 .text._Z5flipVv
                0x02003ef4       0xfc main.o
                0x02003ef4                flipV()
 .text._Z7scaleUpv
                0x02003ff0      0x13c main.o
                0x02003ff0                scaleUp()
 .text._Z9scaleDownv
                0x0200412c       0xc4 main.o
                0x0200412c                scaleDown()
 .text._Z14rotatePositivev
                0x020041f0       0xe0 main.o
                0x020041f0                rotatePositive()
 .text._Z14rotateNegativev
                0x020042d0       0xe8 main.o
                0x020042d0                rotateNegative()
 .text._Z7initFPSv
                0x020043b8       0x24 main.o
                0x020043b8                initFPS()
 .text._Z10initBitmapv
                0x020043dc      0x2a8 main.o
                0x020043dc                initBitmap()
 .text.fatInitDefault
                0x02004684       0x20 C:/devkitPro/libnds/lib\libfat.a(fat_wrappers.o)
                0x02004684                fatInitDefault
 .text._dvmDiscCalicoDummy
                0x020046a4        0x4 C:/devkitPro/libnds/lib\libfat.a(dvm_calico.o)
 .text._dvmDiscCalicoWriteSectors
                0x020046a8        0x8 C:/devkitPro/libnds/lib\libfat.a(dvm_calico.o)
 .text._dvmDiscCalicoReadSectors
                0x020046b0        0x8 C:/devkitPro/libnds/lib\libfat.a(dvm_calico.o)
 .text._dvmIsAlignedAccess
                0x020046b8       0x30 C:/devkitPro/libnds/lib\libfat.a(dvm_calico.o)
                0x020046b8                _dvmIsAlignedAccess
 .text._dvmCacheCopy
                0x020046e8       0x14 C:/devkitPro/libnds/lib\libfat.a(dvm_calico.o)
                0x020046e8                _dvmCacheCopy
 .text.dvmInit  0x020046fc      0x268 C:/devkitPro/libnds/lib\libfat.a(dvm_calico.o)
                0x020046fc                dvmInit
 .text.dvmDiscAddUser
                0x02004964       0x10 C:/devkitPro/libnds/lib\libfat.a(dvm_disc.o)
                0x02004964                dvmDiscAddUser
 .text.dvmDiscRemoveUser
                0x02004974       0x28 C:/devkitPro/libnds/lib\libfat.a(dvm_disc.o)
                0x02004974                dvmDiscRemoveUser
 .text._dvmDiscCacheReadWrite
                0x0200499c      0x3ec C:/devkitPro/libnds/lib\libfat.a(dvm_cache.o)
 .text._dvmDiscCacheWriteSectors
                0x02004d88       0x58 C:/devkitPro/libnds/lib\libfat.a(dvm_cache.o)
 .text._dvmDiscCacheReadSectors
                0x02004de0       0x58 C:/devkitPro/libnds/lib\libfat.a(dvm_cache.o)
 .text._dvmDiscCacheFlush
                0x02004e38       0xac C:/devkitPro/libnds/lib\libfat.a(dvm_cache.o)
 .text._dvmDiscCacheDestroy
                0x02004ee4       0x28 C:/devkitPro/libnds/lib\libfat.a(dvm_cache.o)
 .text.dvmDiscCacheCreate
                0x02004f0c      0x1a0 C:/devkitPro/libnds/lib\libfat.a(dvm_cache.o)
                0x02004f0c                dvmDiscCacheCreate
 .text.dvmMountVolume
                0x020050ac      0x188 C:/devkitPro/libnds/lib\libfat.a(dvm_volume.o)
                0x020050ac                dvmMountVolume
 .text._dvmSetAppWorkingDir
                0x02005234       0x74 C:/devkitPro/libnds/lib\libfat.a(dvm_volume.o)
                0x02005234                _dvmSetAppWorkingDir
 .text._dvmIdentMbrVbr
                0x020052a8      0x1d8 C:/devkitPro/libnds/lib\libfat.a(dvm_prober.o)
 .text._dvmReadPartitionTable
                0x02005480      0x204 C:/devkitPro/libnds/lib\libfat.a(dvm_prober.o)
 .text.dvmProbeMountDisc
                0x02005684       0xf0 C:/devkitPro/libnds/lib\libfat.a(dvm_prober.o)
                0x02005684                dvmProbeMountDisc
 .text._FAT_fstat_r
                0x02005774       0xac C:/devkitPro/libnds/lib\libfat.a(fat_driver.o)
 .text._FAT_umount
                0x02005820       0x1c C:/devkitPro/libnds/lib\libfat.a(fat_driver.o)
 .text._FAT_mount
                0x0200583c       0x44 C:/devkitPro/libnds/lib\libfat.a(fat_driver.o)
 .text._FAT_seek_r
                0x02005880      0x13c C:/devkitPro/libnds/lib\libfat.a(fat_driver.o)
 .text._FAT_set_stat.isra.0
                0x020059bc      0x10c C:/devkitPro/libnds/lib\libfat.a(fat_driver.o)
 .text._FAT_mkdir_r
                0x02005ac8       0x64 C:/devkitPro/libnds/lib\libfat.a(fat_driver.o)
 .text._FAT_chdir_r
                0x02005b2c       0x64 C:/devkitPro/libnds/lib\libfat.a(fat_driver.o)
 .text._FAT_unlink_r
                0x02005b90       0x70 C:/devkitPro/libnds/lib\libfat.a(fat_driver.o)
 .text._FAT_rmdir_r
                0x02005c00       0x6c C:/devkitPro/libnds/lib\libfat.a(fat_driver.o)
 .text._FAT_diropen_r
                0x02005c6c       0x7c C:/devkitPro/libnds/lib\libfat.a(fat_driver.o)
 .text._FAT_fsync_r
                0x02005ce8       0x64 C:/devkitPro/libnds/lib\libfat.a(fat_driver.o)
 .text._FAT_close_r
                0x02005d4c       0x64 C:/devkitPro/libnds/lib\libfat.a(fat_driver.o)
 .text._FAT_dirclose_r
                0x02005db0       0x64 C:/devkitPro/libnds/lib\libfat.a(fat_driver.o)
 .text._FAT_dirreset_r
                0x02005e14       0x6c C:/devkitPro/libnds/lib\libfat.a(fat_driver.o)
 .text._FAT_rename_r
                0x02005e80       0x80 C:/devkitPro/libnds/lib\libfat.a(fat_driver.o)
 .text._FAT_stat_r
                0x02005f00       0x98 C:/devkitPro/libnds/lib\libfat.a(fat_driver.o)
 .text._FAT_read_r
                0x02005f98       0x7c C:/devkitPro/libnds/lib\libfat.a(fat_driver.o)
 .text._FAT_write_r
                0x02006014       0x7c C:/devkitPro/libnds/lib\libfat.a(fat_driver.o)
 .text._FAT_statvfs_r
                0x02006090       0xf0 C:/devkitPro/libnds/lib\libfat.a(fat_driver.o)
 .text._FAT_ftruncate_r
                0x02006180      0x190 C:/devkitPro/libnds/lib\libfat.a(fat_driver.o)
 .text._FAT_dirnext_r
                0x02006310      0x124 C:/devkitPro/libnds/lib\libfat.a(fat_driver.o)
 .text._FAT_open_r
                0x02006434      0x124 C:/devkitPro/libnds/lib\libfat.a(fat_driver.o)
 .text.get_fattime
                0x02006558       0x64 C:/devkitPro/libnds/lib\libfat.a(fat_driver.o)
                0x02006558                get_fattime
 .text.ff_mutex_create
                0x020065bc       0x18 C:/devkitPro/libnds/lib\libfat.a(fat_driver.o)
                0x020065bc                ff_mutex_create
 .text.ff_mutex_delete
                0x020065d4        0x4 C:/devkitPro/libnds/lib\libfat.a(fat_driver.o)
                0x020065d4                ff_mutex_delete
 .text.ff_mutex_take
                0x020065d8       0x14 C:/devkitPro/libnds/lib\libfat.a(fat_driver.o)
                0x020065d8                ff_mutex_take
 .text.ff_mutex_give
                0x020065ec        0x8 C:/devkitPro/libnds/lib\libfat.a(fat_driver.o)
                0x020065ec                ff_mutex_give
 .text.disk_initialize
                0x020065f4       0x24 C:/devkitPro/libnds/lib\libfat.a(fat_driver.o)
                0x020065f4                disk_initialize
 .text.disk_status
                0x02006618       0x24 C:/devkitPro/libnds/lib\libfat.a(fat_driver.o)
                0x02006618                disk_status
 .text.disk_read
                0x0200663c       0x2c C:/devkitPro/libnds/lib\libfat.a(fat_driver.o)
                0x0200663c                disk_read
 .text.disk_write
                0x02006668       0x2c C:/devkitPro/libnds/lib\libfat.a(fat_driver.o)
                0x02006668                disk_write
 .text.disk_ioctl
                0x02006694       0x38 C:/devkitPro/libnds/lib\libfat.a(fat_driver.o)
                0x02006694                disk_ioctl
 .text.tchar2uni
                0x020066cc       0xfc C:/devkitPro/libnds/lib\libfat.a(ff.o)
 .text.sync_window
                0x020067c8       0x90 C:/devkitPro/libnds/lib\libfat.a(ff.o)
 .text.put_utf  0x02006858      0x130 C:/devkitPro/libnds/lib\libfat.a(ff.o)
 .text.dir_clear
                0x02006988       0x9c C:/devkitPro/libnds/lib\libfat.a(ff.o)
 .text.get_fileinfo
                0x02006a24      0x28c C:/devkitPro/libnds/lib\libfat.a(ff.o)
 .text.sync_fs  0x02006cb0      0x180 C:/devkitPro/libnds/lib\libfat.a(ff.o)
 .text.move_window
                0x02006e30       0xc4 C:/devkitPro/libnds/lib\libfat.a(ff.o)
 .text.put_fat.part.0
                0x02006ef4      0x1dc C:/devkitPro/libnds/lib\libfat.a(ff.o)
 .text.get_fat.isra.0
                0x020070d0      0x160 C:/devkitPro/libnds/lib\libfat.a(ff.o)
 .text.remove_chain
                0x02007230       0xf4 C:/devkitPro/libnds/lib\libfat.a(ff.o)
 .text.create_chain
                0x02007324      0x21c C:/devkitPro/libnds/lib\libfat.a(ff.o)
 .text.dir_next
                0x02007540      0x170 C:/devkitPro/libnds/lib\libfat.a(ff.o)
 .text.dir_read
                0x020076b0      0x248 C:/devkitPro/libnds/lib\libfat.a(ff.o)
 .text.dir_sdi  0x020078f8      0x128 C:/devkitPro/libnds/lib\libfat.a(ff.o)
 .text.dir_alloc
                0x02007a20       0xcc C:/devkitPro/libnds/lib\libfat.a(ff.o)
 .text.dir_remove
                0x02007aec       0xc4 C:/devkitPro/libnds/lib\libfat.a(ff.o)
 .text.dir_find
                0x02007bb0      0x2f8 C:/devkitPro/libnds/lib\libfat.a(ff.o)
 .text.follow_path
                0x02007ea8      0x588 C:/devkitPro/libnds/lib\libfat.a(ff.o)
 .text.dir_register
                0x02008430      0x3f0 C:/devkitPro/libnds/lib\libfat.a(ff.o)
 .text.check_fs
                0x02008820      0x1ec C:/devkitPro/libnds/lib\libfat.a(ff.o)
 .text.mount_volume.part.0
                0x02008a0c      0x504 C:/devkitPro/libnds/lib\libfat.a(ff.o)
 .text.validate
                0x02008f10       0xbc C:/devkitPro/libnds/lib\libfat.a(ff.o)
 .text.f_mount  0x02008fcc       0x6c C:/devkitPro/libnds/lib\libfat.a(ff.o)
                0x02008fcc                f_mount
 .text.f_umount
                0x02009038       0x38 C:/devkitPro/libnds/lib\libfat.a(ff.o)
                0x02009038                f_umount
 .text.f_open   0x02009070      0x400 C:/devkitPro/libnds/lib\libfat.a(ff.o)
                0x02009070                f_open
 .text.f_read   0x02009470      0x2a4 C:/devkitPro/libnds/lib\libfat.a(ff.o)
                0x02009470                f_read
 .text.f_write  0x02009714      0x350 C:/devkitPro/libnds/lib\libfat.a(ff.o)
                0x02009714                f_write
 .text.f_sync   0x02009a64      0x1a0 C:/devkitPro/libnds/lib\libfat.a(ff.o)
                0x02009a64                f_sync
 .text.f_close  0x02009c04       0x58 C:/devkitPro/libnds/lib\libfat.a(ff.o)
                0x02009c04                f_close
 .text.f_chdir  0x02009c5c       0xf0 C:/devkitPro/libnds/lib\libfat.a(ff.o)
                0x02009c5c                f_chdir
 .text.f_lseek  0x02009d4c      0x298 C:/devkitPro/libnds/lib\libfat.a(ff.o)
                0x02009d4c                f_lseek
 .text.f_opendir
                0x02009fe4      0x12c C:/devkitPro/libnds/lib\libfat.a(ff.o)
                0x02009fe4                f_opendir
 .text.f_closedir
                0x0200a110       0xb0 C:/devkitPro/libnds/lib\libfat.a(ff.o)
                0x0200a110                f_closedir
 .text.f_readdir
                0x0200a1c0       0xd0 C:/devkitPro/libnds/lib\libfat.a(ff.o)
                0x0200a1c0                f_readdir
 .text.f_stat   0x0200a290      0x104 C:/devkitPro/libnds/lib\libfat.a(ff.o)
                0x0200a290                f_stat
 .text.f_getfree
                0x0200a394      0x184 C:/devkitPro/libnds/lib\libfat.a(ff.o)
                0x0200a394                f_getfree
 .text.f_truncate
                0x0200a518      0x228 C:/devkitPro/libnds/lib\libfat.a(ff.o)
                0x0200a518                f_truncate
 .text.f_unlink
                0x0200a740      0x1a4 C:/devkitPro/libnds/lib\libfat.a(ff.o)
                0x0200a740                f_unlink
 .text.f_mkdir  0x0200a8e4      0x294 C:/devkitPro/libnds/lib\libfat.a(ff.o)
                0x0200a8e4                f_mkdir
 .text.f_rename
                0x0200ab78      0x248 C:/devkitPro/libnds/lib\libfat.a(ff.o)
                0x0200ab78                f_rename
 .text.ff_uni2oem
                0x0200adc0       0x78 C:/devkitPro/libnds/lib\libfat.a(ffunicode.o)
                0x0200adc0                ff_uni2oem
 .text.ff_oem2uni
                0x0200ae38       0x40 C:/devkitPro/libnds/lib\libfat.a(ffunicode.o)
                0x0200ae38                ff_oem2uni
 .text.ff_wtoupper
                0x0200ae78      0x128 C:/devkitPro/libnds/lib\libfat.a(ffunicode.o)
                0x0200ae78                ff_wtoupper
 .text.checkIfText
                0x0200afa0       0x6c C:/devkitPro/libnds/lib\libnds9.a(background.o)
                0x0200afa0                checkIfText
 .text.bgUpdate
                0x0200b00c       0xe8 C:/devkitPro/libnds/lib\libnds9.a(background.o)
                0x0200b00c                bgUpdate
 .text.bgInit_call
                0x0200b0f4       0xa8 C:/devkitPro/libnds/lib\libnds9.a(background.o)
                0x0200b0f4                bgInit_call
 .text.bgInitSub_call
                0x0200b19c       0xb0 C:/devkitPro/libnds/lib\libnds9.a(background.o)
                0x0200b19c                bgInitSub_call
 .text.newRow   0x0200b24c       0xe0 C:/devkitPro/libnds/lib\libnds9.a(console.o)
 .text.consolePrintChar
                0x0200b32c       0xe0 C:/devkitPro/libnds/lib\libnds9.a(console.o)
                0x0200b32c                consolePrintChar
 .text.con_write
                0x0200b40c      0x344 C:/devkitPro/libnds/lib\libnds9.a(console.o)
                0x0200b40c                con_write
 .text.consoleLoadFont
                0x0200b750      0x2e8 C:/devkitPro/libnds/lib\libnds9.a(console.o)
                0x0200b750                consoleLoadFont
 .text.consoleInit
                0x0200ba38      0x170 C:/devkitPro/libnds/lib\libnds9.a(console.o)
                0x0200ba38                consoleInit
 .text.consoleDemoInit
                0x0200bba8       0x40 C:/devkitPro/libnds/lib\libnds9.a(console.o)
                0x0200bba8                consoleDemoInit
 .text.consoleClear
                0x0200bbe8       0x10 C:/devkitPro/libnds/lib\libnds9.a(console.o)
                0x0200bbe8                consoleClear
 .text.getHeader
                0x0200bbf8        0x4 C:/devkitPro/libnds/lib\libnds9.a(decompress.o)
 .text.readByte
                0x0200bbfc        0x4 C:/devkitPro/libnds/lib\libnds9.a(decompress.o)
 .text.decompress
                0x0200bc00       0x40 C:/devkitPro/libnds/lib\libnds9.a(decompress.o)
                0x0200bc00                decompress
 .text.defaultHandler
                0x0200bc40       0x6c C:/devkitPro/libnds/lib\libnds9.a(exceptionDefault.o)
 .text.excptPrint
                0x0200bcac       0x38 C:/devkitPro/libnds/lib\libnds9.a(exceptionDefault.o)
 .text.defaultExceptionHandler
                0x0200bce4       0x20 C:/devkitPro/libnds/lib\libnds9.a(exceptionDefault.o)
                0x0200bce4                defaultExceptionHandler
 .text.ARMShift
                0x0200bd04       0x74 C:/devkitPro/libnds/lib\libnds9.a(gurumeditation.o)
 .text.getExceptionAddress
                0x0200bd78      0x198 C:/devkitPro/libnds/lib\libnds9.a(gurumeditation.o)
                0x0200bd78                getExceptionAddress
 .text.guruMeditationDump
                0x0200bf10      0x108 C:/devkitPro/libnds/lib\libnds9.a(gurumeditation.o)
                0x0200bf10                guruMeditationDump
 .text.swapKeyGfx.part.0
                0x0200c018      0x21c C:/devkitPro/libnds/lib\libnds9.a(keyboard.o)
 .text.keyboardGetKey
                0x0200c234       0x4c C:/devkitPro/libnds/lib\libnds9.a(keyboard.o)
                0x0200c234                keyboardGetKey
 .text.keyboardShiftState
                0x0200c280       0x9c C:/devkitPro/libnds/lib\libnds9.a(keyboard.o)
                0x0200c280                keyboardShiftState
 .text.keyboardUpdate
                0x0200c31c      0x12c C:/devkitPro/libnds/lib\libnds9.a(keyboard.o)
                0x0200c31c                keyboardUpdate
 .text.keyboardInit
                0x0200c448      0x20c C:/devkitPro/libnds/lib\libnds9.a(keyboard.o)
                0x0200c448                keyboardInit
 .text.keyboardDemoInit
                0x0200c654       0x2c C:/devkitPro/libnds/lib\libnds9.a(keyboard.o)
                0x0200c654                keyboardDemoInit
 .text.keyboardShow
                0x0200c680       0xd8 C:/devkitPro/libnds/lib\libnds9.a(keyboard.o)
                0x0200c680                keyboardShow
 .text.keyboardHide
                0x0200c758       0x88 C:/devkitPro/libnds/lib\libnds9.a(keyboard.o)
                0x0200c758                keyboardHide
 .text.keyboardRead
                0x0200c7e0       0xd0 C:/devkitPro/libnds/lib\libnds9.a(keyboard.o)
                0x0200c7e0                keyboardRead
 .text.scanKeys
                0x0200c8b0       0x6c C:/devkitPro/libnds/lib\libnds9.a(keys.o)
                0x0200c8b0                scanKeys
 .text.keysHeld
                0x0200c91c        0xc C:/devkitPro/libnds/lib\libnds9.a(keys.o)
                0x0200c91c                keysHeld
 .text.keysDown
                0x0200c928       0x10 C:/devkitPro/libnds/lib\libnds9.a(keys.o)
                0x0200c928                keysDown
 .text.keysUp   0x0200c938       0x10 C:/devkitPro/libnds/lib\libnds9.a(keys.o)
                0x0200c938                keysUp
 .text.keysCurrent
                0x0200c948       0x1c C:/devkitPro/libnds/lib\libnds9.a(keys.o)
                0x0200c948                keysCurrent
 .text.oamAllocReset
                0x0200c964       0x1c C:/devkitPro/libnds/lib\libnds9.a(sprite_alloc.o)
                0x0200c964                oamAllocReset
 .text.oamAllocateGfx
                0x0200c980      0x578 C:/devkitPro/libnds/lib\libnds9.a(sprite_alloc.o)
                0x0200c980                oamAllocateGfx
 .text.oamInit  0x0200cef8      0x138 C:/devkitPro/libnds/lib\libnds9.a(sprite.o)
                0x0200cef8                oamInit
 .text.oamGetGfxPtr
                0x0200d030       0x34 C:/devkitPro/libnds/lib\libnds9.a(sprite.o)
                0x0200d030                oamGetGfxPtr
 .text.oamClear
                0x0200d064       0x24 C:/devkitPro/libnds/lib\libnds9.a(sprite.o)
                0x0200d064                oamClear
 .text.oamGfxPtrToOffset
                0x0200d088       0x34 C:/devkitPro/libnds/lib\libnds9.a(sprite.o)
                0x0200d088                oamGfxPtrToOffset
 .text.oamSet   0x0200d0bc      0x100 C:/devkitPro/libnds/lib\libnds9.a(sprite.o)
                0x0200d0bc                oamSet
 .text.oamUpdate
                0x0200d1bc       0x78 C:/devkitPro/libnds/lib\libnds9.a(sprite.o)
                0x0200d1bc                oamUpdate
 .text.sinLutLookup
                0x0200d234       0x4c C:/devkitPro/libnds/lib\libnds9.a(trig.o)
                0x0200d234                sinLutLookup
 .text.sinLerp  0x0200d280       0x38 C:/devkitPro/libnds/lib\libnds9.a(trig.o)
                0x0200d280                sinLerp
 .text.cosLerp  0x0200d2b8       0x44 C:/devkitPro/libnds/lib\libnds9.a(trig.o)
                0x0200d2b8                cosLerp
 .text.__libnds_excpt
                0x0200d2fc       0xf8 C:/devkitPro/libnds/lib\libnds9.a(exceptionEntry.o)
                0x0200d2fc                __libnds_excpt
 .text.threadExit
                0x0200d3f4       0x9c C:/devkitPro/calico/lib\libcalico_ds9.a(thread_cold.o)
                0x0200d3f4                threadExit
 .text._threadTickTask
                0x0200d490       0x10 C:/devkitPro/calico/lib\libcalico_ds9.a(thread_cold.o)
 .text._threadInit
                0x0200d4a0       0x98 C:/devkitPro/calico/lib\libcalico_ds9.a(thread_cold.o)
                0x0200d4a0                _threadInit
 .text.threadPrepare
                0x0200d538       0xa4 C:/devkitPro/calico/lib\libcalico_ds9.a(thread_cold.o)
                0x0200d538                threadPrepare
 .text.threadStart
                0x0200d5dc       0xc8 C:/devkitPro/calico/lib\libcalico_ds9.a(thread_cold.o)
                0x0200d5dc                threadStart
 .text.threadIrqWait
                0x0200d6a4       0xa0 C:/devkitPro/calico/lib\libcalico_ds9.a(thread_cold.o)
                0x0200d6a4                threadIrqWait
 .text.threadSleepTicks
                0x0200d744       0x58 C:/devkitPro/calico/lib\libcalico_ds9.a(thread_cold.o)
                0x0200d744                threadSleepTicks
 .text._dietPrintDefaultFunc
                0x0200d79c        0x4 C:/devkitPro/calico/lib\libcalico_ds9.a(dietprint.o)
 .text._dietOutput
                0x0200d7a0       0x3c C:/devkitPro/calico/lib\libcalico_ds9.a(dietprint.o)
 .text._dietPrintDec32
                0x0200d7dc      0x110 C:/devkitPro/calico/lib\libcalico_ds9.a(dietprint.o)
 .text._dietPrintHex32
                0x0200d8ec      0x170 C:/devkitPro/calico/lib\libcalico_ds9.a(dietprint.o)
 .text.dietPrintV
                0x0200da5c      0x4b8 C:/devkitPro/calico/lib\libcalico_ds9.a(dietprint.o)
                0x0200da5c                dietPrintV
 .text.dietPrint
                0x0200df14       0x18 C:/devkitPro/calico/lib\libcalico_ds9.a(dietprint.o)
                0x0200df14                dietPrint
 .text.__syscall_getreent
                0x0200df2c       0x14 C:/devkitPro/calico/lib\libcalico_ds9.a(newlib_syscalls.o)
                0x0200df2c                __syscall_getreent
 .text.__errno  0x0200df40       0x24 C:/devkitPro/calico/lib\libcalico_ds9.a(newlib_syscalls.o)
                0x0200df40                __errno
 .text.__syscall_gettod_r
                0x0200df64       0x30 C:/devkitPro/calico/lib\libcalico_ds9.a(newlib_syscalls.o)
                0x0200df64                __syscall_gettod_r
 .text.__syscall_lock_acquire
                0x0200df94        0x4 C:/devkitPro/calico/lib\libcalico_ds9.a(newlib_syscalls.o)
                0x0200df94                __syscall_lock_acquire
 .text.__syscall_lock_release
                0x0200df98        0x4 C:/devkitPro/calico/lib\libcalico_ds9.a(newlib_syscalls.o)
                0x0200df98                __syscall_lock_release
 .text.__syscall_lock_acquire_recursive
                0x0200df9c       0x4c C:/devkitPro/calico/lib\libcalico_ds9.a(newlib_syscalls.o)
                0x0200df9c                __syscall_lock_acquire_recursive
 .text.__syscall_lock_release_recursive
                0x0200dfe8       0x18 C:/devkitPro/calico/lib\libcalico_ds9.a(newlib_syscalls.o)
                0x0200dfe8                __syscall_lock_release_recursive
 .text.svcLZ77UncompWram
                0x0200e000        0x4 C:/devkitPro/calico/lib\libcalico_ds9.a(bios.o)
                0x0200e000                svcLZ77UncompWram
 .text.svcHuffUncompCallback
                0x0200e004        0x4 C:/devkitPro/calico/lib\libcalico_ds9.a(bios.o)
                0x0200e004                svcHuffUncompCallback
 .text.svcRLUncompWram
                0x0200e008        0x4 C:/devkitPro/calico/lib\libcalico_ds9.a(bios.o)
                0x0200e008                svcRLUncompWram
 .text.svcRLUncompVramCallback
                0x0200e00c        0x4 C:/devkitPro/calico/lib\libcalico_ds9.a(bios.o)
                0x0200e00c                svcRLUncompVramCallback
 .text.svcLZ77UncompVramCallback
                0x0200e010       0x18 C:/devkitPro/calico/lib\libcalico_ds9.a(bios.o)
                0x0200e010                svcLZ77UncompVramCallback
 .text._pxiMailboxHandler
                0x0200e028        0x4 C:/devkitPro/calico/lib\libcalico_ds9.a(pxi.o)
 .text._pxiRecvUnhandled
                0x0200e02c        0x4 C:/devkitPro/calico/lib\libcalico_ds9.a(pxi.o)
                0x0200e02c                _pxiRecvUnhandled
 .text._pxiRecvIrqHandler
                0x0200e030      0x154 C:/devkitPro/calico/lib\libcalico_ds9.a(pxi.o)
 .text._pxiInit
                0x0200e184       0x58 C:/devkitPro/calico/lib\libcalico_ds9.a(pxi.o)
                0x0200e184                _pxiInit
 .text.pxiSetHandler
                0x0200e1dc       0x74 C:/devkitPro/calico/lib\libcalico_ds9.a(pxi.o)
                0x0200e1dc                pxiSetHandler
 .text.pxiSetMailbox
                0x0200e250       0x68 C:/devkitPro/calico/lib\libcalico_ds9.a(pxi.o)
                0x0200e250                pxiSetMailbox
 .text.pxiWaitRemote
                0x0200e2b8       0x38 C:/devkitPro/calico/lib\libcalico_ds9.a(pxi.o)
                0x0200e2b8                pxiWaitRemote
 .text.pxiSendPacket
                0x0200e2f0       0x50 C:/devkitPro/calico/lib\libcalico_ds9.a(pxi.o)
                0x0200e2f0                pxiSendPacket
 .text.pxiSendExtPacket
                0x0200e340       0x98 C:/devkitPro/calico/lib\libcalico_ds9.a(pxi.o)
                0x0200e340                pxiSendExtPacket
 .text.pxiBeginReceive
                0x0200e3d8       0x2c C:/devkitPro/calico/lib\libcalico_ds9.a(pxi.o)
                0x0200e3d8                pxiBeginReceive
 .text.pxiEndReceive
                0x0200e404       0xac C:/devkitPro/calico/lib\libcalico_ds9.a(pxi.o)
                0x0200e404                pxiEndReceive
 .text.keypadGetState
                0x0200e4b0       0x28 C:/devkitPro/calico/lib\libcalico_ds9.a(keypad.o)
                0x0200e4b0                keypadGetState
 .text._pmCallEventHandlers
                0x0200e4d8       0x40 C:/devkitPro/calico/lib\libcalico_ds9.a(pm.o)
 .text._pmPxiThreadMain
                0x0200e518       0xa0 C:/devkitPro/calico/lib\libcalico_ds9.a(pm.o)
 .text._pmResetPxiHandler
                0x0200e5b8       0x28 C:/devkitPro/calico/lib\libcalico_ds9.a(pm.o)
 .text.systemUserExit
                0x0200e5e0        0x4 C:/devkitPro/calico/lib\libcalico_ds9.a(pm.o)
                0x0200e5e0                systemUserExit
 .text.systemErrorExit
                0x0200e5e4        0x4 C:/devkitPro/calico/lib\libcalico_ds9.a(pm.o)
                0x0200e5e4                systemErrorExit
 .text.__syscall_exit
                0x0200e5e8      0x138 C:/devkitPro/calico/lib\libcalico_ds9.a(pm.o)
                0x0200e5e8                __syscall_exit
 .text.pmInit   0x0200e720       0x58 C:/devkitPro/calico/lib\libcalico_ds9.a(pm.o)
                0x0200e720                pmInit
 .text.pmEnterSleep
                0x0200e778       0xcc C:/devkitPro/calico/lib\libcalico_ds9.a(pm.o)
                0x0200e778                pmEnterSleep
 .text.pmMainLoop
                0x0200e844       0x74 C:/devkitPro/calico/lib\libcalico_ds9.a(pm.o)
                0x0200e844                pmMainLoop
 .text.systemUserStartup
                0x0200e8b8        0x4 C:/devkitPro/calico/lib\libcalico_ds9.a(sys_startup.o)
                0x0200e8b8                systemUserStartup
 .text.systemStartup
                0x0200e8bc      0x104 C:/devkitPro/calico/lib\libcalico_ds9.a(sys_startup.o)
                0x0200e8bc                systemStartup
 .text.touchRead
                0x0200e9c0       0x58 C:/devkitPro/calico/lib\libcalico_ds9.a(touch.o)
                0x0200e9c0                touchRead
 .text._blkDevReadWriteSectors
                0x0200ea18       0x44 C:/devkitPro/calico/lib\libcalico_ds9.a(blk.o)
 .text.blkInit  0x0200ea5c        0x8 C:/devkitPro/calico/lib\libcalico_ds9.a(blk.o)
                0x0200ea5c                blkInit
 .text.blkDevIsPresent
                0x0200ea64       0x30 C:/devkitPro/calico/lib\libcalico_ds9.a(blk.o)
                0x0200ea64                blkDevIsPresent
 .text.blkDevInit
                0x0200ea94       0x30 C:/devkitPro/calico/lib\libcalico_ds9.a(blk.o)
                0x0200ea94                blkDevInit
 .text.blkDevGetSectorCount
                0x0200eac4       0x34 C:/devkitPro/calico/lib\libcalico_ds9.a(blk.o)
                0x0200eac4                blkDevGetSectorCount
 .text.blkDevReadSectors
                0x0200eaf8       0x5c C:/devkitPro/calico/lib\libcalico_ds9.a(blk.o)
                0x0200eaf8                blkDevReadSectors
 .text.blkDevWriteSectors
                0x0200eb54       0x5c C:/devkitPro/calico/lib\libcalico_ds9.a(blk.o)
                0x0200eb54                blkDevWriteSectors
 .text.irqSet   0x0200ebb0       0x64 C:/devkitPro/calico/lib\libcalico_ds9.a(irq.o)
                0x0200ebb0                irqSet
 .text._tickCountIsr
                0x0200ec14       0x1c C:/devkitPro/calico/lib\libcalico_ds9.a(tick.o)
 .text._tickTaskSchedule.part.0.isra.0
                0x0200ec30       0x84 C:/devkitPro/calico/lib\libcalico_ds9.a(tick.o)
 .text.tickInit
                0x0200ecb4       0xa0 C:/devkitPro/calico/lib\libcalico_ds9.a(tick.o)
                0x0200ecb4                tickInit
 .text.tickGetCount
                0x0200ed54       0x5c C:/devkitPro/calico/lib\libcalico_ds9.a(tick.o)
                0x0200ed54                tickGetCount
 .text._tickTaskIsr
                0x0200edb0      0x110 C:/devkitPro/calico/lib\libcalico_ds9.a(tick.o)
 .text.tickTaskStart
                0x0200eec0      0x144 C:/devkitPro/calico/lib\libcalico_ds9.a(tick.o)
                0x0200eec0                tickTaskStart
 .text.threadUpdateDynamicPrio
                0x0200f004      0x1cc C:/devkitPro/calico/lib\libcalico_ds9.a(mutex.o)
 .text.threadRemoveWaiter
                0x0200f1d0      0x1c8 C:/devkitPro/calico/lib\libcalico_ds9.a(mutex.o)
 .text.mutexLock
                0x0200f398      0x150 C:/devkitPro/calico/lib\libcalico_ds9.a(mutex.o)
                0x0200f398                mutexLock
 .text.mutexUnlock
                0x0200f4e8       0xd0 C:/devkitPro/calico/lib\libcalico_ds9.a(mutex.o)
                0x0200f4e8                mutexUnlock
 .text.mailboxTrySend
                0x0200f5b8       0x98 C:/devkitPro/calico/lib\libcalico_ds9.a(mailbox.o)
                0x0200f5b8                mailboxTrySend
 .text.mailboxRecv
                0x0200f650       0x98 C:/devkitPro/calico/lib\libcalico_ds9.a(mailbox.o)
                0x0200f650                mailboxRecv
 .text          0x0200f6e8      0x11c C:/devkitPro/devkitARM/bin/../lib/gcc/arm-none-eabi/15.1.0/thumb\libgcc.a(_udivsi3.o)
                0x0200f6e8                __aeabi_uidiv
                0x0200f6e8                __udivsi3
                0x0200f7e4                __aeabi_uidivmod
 .text          0x0200f804      0x150 C:/devkitPro/devkitARM/bin/../lib/gcc/arm-none-eabi/15.1.0/thumb\libgcc.a(_divsi3.o)
                0x0200f804                __divsi3
                0x0200f804                __aeabi_idiv
                0x0200f934                __aeabi_idivmod
 .text          0x0200f954        0x4 C:/devkitPro/devkitARM/bin/../lib/gcc/arm-none-eabi/15.1.0/thumb\libgcc.a(_dvmd_tls.o)
                0x0200f954                __aeabi_idiv0
                0x0200f954                __aeabi_ldiv0
 .text          0x0200f958       0x3c C:/devkitPro/devkitARM/bin/../lib/gcc/arm-none-eabi/15.1.0/thumb\libgcc.a(_aeabi_uldivmod.o)
                0x0200f958                __aeabi_uldivmod
 .text.__udivmoddi4
                0x0200f994      0x194 C:/devkitPro/devkitARM/bin/../lib/gcc/arm-none-eabi/15.1.0/thumb\libgcc.a(_udivmoddi4.o)
                0x0200f994                __udivmoddi4
 .text          0x0200fb28       0x28 C:/devkitPro/devkitARM/bin/../lib/gcc/arm-none-eabi/15.1.0/thumb\libgcc.a(_clzdi2.o)
                0x0200fb28                __clzdi2
 .text          0x0200fb50       0x48 C:/devkitPro/devkitARM/bin/../lib/gcc/arm-none-eabi/15.1.0/thumb\libgcc.a(_clzsi2.o)
                0x0200fb50                __clzsi2
 .text.strchr   0x0200fb98       0xbc C:/devkitPro/devkitARM/bin/../lib/gcc/arm-none-eabi/15.1.0/../../../../arm-none-eabi/lib/thumb\libg.a(libc_a-strchr.o)
                0x0200fb98                strchr
 .text._fclose_r
                0x0200fc54       0xdc C:/devkitPro/devkitARM/bin/../lib/gcc/arm-none-eabi/15.1.0/../../../../arm-none-eabi/lib/thumb\libg.a(libc_a-fclose.o)
                0x0200fc54                _fclose_r
 .text.fclose   0x0200fd30       0x14 C:/devkitPro/devkitARM/bin/../lib/gcc/arm-none-eabi/15.1.0/../../../../arm-none-eabi/lib/thumb\libg.a(libc_a-fclose.o)
                0x0200fd30                fclose
 .text._fwrite_r
                0x0200fd44       0x9c C:/devkitPro/devkitARM/bin/../lib/gcc/arm-none-eabi/15.1.0/../../../../arm-none-eabi/lib/thumb\libg.a(libc_a-fwrite.o)
                0x0200fd44                _fwrite_r
 .text.fwrite   0x0200fde0       0x24 C:/devkitPro/devkitARM/bin/../lib/gcc/arm-none-eabi/15.1.0/../../../../arm-none-eabi/lib/thumb\libg.a(libc_a-fwrite.o)
                0x0200fde0                fwrite
 .text.sprintf  0x0200fe04       0x44 C:/devkitPro/devkitARM/bin/../lib/gcc/arm-none-eabi/15.1.0/../../../../arm-none-eabi/lib/thumb\libg.a(libc_a-sprintf.o)
                0x0200fe04                sprintf
 .text.memcmp   0x0200fe48       0x48 C:/devkitPro/devkitARM/bin/../lib/gcc/arm-none-eabi/15.1.0/../../../../arm-none-eabi/lib/thumb\libg.a(libc_a-memcmp.o)
                0x0200fe48                memcmp
 .text.stdio_exit_handler
                0x0200fe90       0x20 C:/devkitPro/devkitARM/bin/../lib/gcc/arm-none-eabi/15.1.0/../../../../arm-none-eabi/lib/thumb\libg.a(libc_a-findfp.o)
 .text.cleanup_stdio
                0x0200feb0       0x40 C:/devkitPro/devkitARM/bin/../lib/gcc/arm-none-eabi/15.1.0/../../../../arm-none-eabi/lib/thumb\libg.a(libc_a-findfp.o)
 .text.global_stdio_init.part.0
                0x0200fef0      0x120 C:/devkitPro/devkitARM/bin/../lib/gcc/arm-none-eabi/15.1.0/../../../../arm-none-eabi/lib/thumb\libg.a(libc_a-findfp.o)
 .text.__sfp    0x02010010       0xcc C:/devkitPro/devkitARM/bin/../lib/gcc/arm-none-eabi/15.1.0/../../../../arm-none-eabi/lib/thumb\libg.a(libc_a-findfp.o)
                0x02010010                __sfp
 .text.__sinit  0x020100dc       0x3c C:/devkitPro/devkitARM/bin/../lib/gcc/arm-none-eabi/15.1.0/../../../../arm-none-eabi/lib/thumb\libg.a(libc_a-findfp.o)
                0x020100dc                __sinit
 .text.__sfp_lock_acquire
                0x02010118       0x14 C:/devkitPro/devkitARM/bin/../lib/gcc/arm-none-eabi/15.1.0/../../../../arm-none-eabi/lib/thumb\libg.a(libc_a-findfp.o)
                0x02010118                __sfp_lock_acquire
 .text.__sfp_lock_release
                0x0201012c       0x14 C:/devkitPro/devkitARM/bin/../lib/gcc/arm-none-eabi/15.1.0/../../../../arm-none-eabi/lib/thumb\libg.a(libc_a-findfp.o)
                0x0201012c                __sfp_lock_release
 .text.__libc_init_array
                0x02010140       0x54 C:/devkitPro/devkitARM/bin/../lib/gcc/arm-none-eabi/15.1.0/../../../../arm-none-eabi/lib/thumb\libg.a(libc_a-init.o)
                0x02010140                __libc_init_array
 .text._fwalk_sglue
                0x02010194       0x4c C:/devkitPro/devkitARM/bin/../lib/gcc/arm-none-eabi/15.1.0/../../../../arm-none-eabi/lib/thumb\libg.a(libc_a-fwalk.o)
                0x02010194                _fwalk_sglue
 .text.calloc   0x020101e0       0x18 C:/devkitPro/devkitARM/bin/../lib/gcc/arm-none-eabi/15.1.0/../../../../arm-none-eabi/lib/thumb\libg.a(libc_a-calloc.o)
                0x020101e0                calloc
 .text.siscanf  0x020101f8       0x50 C:/devkitPro/devkitARM/bin/../lib/gcc/arm-none-eabi/15.1.0/../../../../arm-none-eabi/lib/thumb\libg.a(libc_a-siscanf.o)
                0x020101f8                siscanf
 .text.strrchr  0x02010248       0x30 C:/devkitPro/devkitARM/bin/../lib/gcc/arm-none-eabi/15.1.0/../../../../arm-none-eabi/lib/thumb\libg.a(libc_a-strrchr.o)
                0x02010248                strrchr
 .text.aligned_alloc
                0x02010278       0x18 C:/devkitPro/devkitARM/bin/../lib/gcc/arm-none-eabi/15.1.0/../../../../arm-none-eabi/lib/thumb\libg.a(libc_a-aligned_alloc.o)
                0x02010278                aligned_alloc
 .text._calloc_r
                0x02010290       0xcc C:/devkitPro/devkitARM/bin/../lib/gcc/arm-none-eabi/15.1.0/../../../../arm-none-eabi/lib/thumb\libg.a(libc_a-callocr.o)
                0x02010290                _calloc_r
 .text.realloc  0x0201035c       0x18 C:/devkitPro/devkitARM/bin/../lib/gcc/arm-none-eabi/15.1.0/../../../../arm-none-eabi/lib/thumb\libg.a(libc_a-realloc.o)
                0x0201035c                realloc
 .text.validate_structure
                0x02010374      0x1e8 C:/devkitPro/devkitARM/bin/../lib/gcc/arm-none-eabi/15.1.0/../../../../arm-none-eabi/lib/thumb\libg.a(libc_a-mktime.o)
 .text.mktime   0x0201055c      0x434 C:/devkitPro/devkitARM/bin/../lib/gcc/arm-none-eabi/15.1.0/../../../../arm-none-eabi/lib/thumb\libg.a(libc_a-mktime.o)
                0x0201055c                mktime
 .text._fseek_r
                0x02010990       0x14 C:/devkitPro/devkitARM/bin/../lib/gcc/arm-none-eabi/15.1.0/../../../../arm-none-eabi/lib/thumb\libg.a(libc_a-fseek.o)
                0x02010990                _fseek_r
 .text.fseek    0x020109a4       0x24 C:/devkitPro/devkitARM/bin/../lib/gcc/arm-none-eabi/15.1.0/../../../../arm-none-eabi/lib/thumb\libg.a(libc_a-fseek.o)
                0x020109a4                fseek
 .text.__tz_lock
                0x020109c8       0x14 C:/devkitPro/devkitARM/bin/../lib/gcc/arm-none-eabi/15.1.0/../../../../arm-none-eabi/lib/thumb\libg.a(libc_a-tzlock.o)
                0x020109c8                __tz_lock
 .text.__tz_unlock
                0x020109dc       0x14 C:/devkitPro/devkitARM/bin/../lib/gcc/arm-none-eabi/15.1.0/../../../../arm-none-eabi/lib/thumb\libg.a(libc_a-tzlock.o)
                0x020109dc                __tz_unlock
 .text._malloc_r
                0x020109f0      0x550 C:/devkitPro/devkitARM/bin/../lib/gcc/arm-none-eabi/15.1.0/../../../../arm-none-eabi/lib/thumb\libg.a(libc_a-mallocr.o)
                0x020109f0                _malloc_r
 .text._malloc_trim_r
                0x02010f40       0xac C:/devkitPro/devkitARM/bin/../lib/gcc/arm-none-eabi/15.1.0/../../../../arm-none-eabi/lib/thumb\libg.a(libc_a-freer.o)
                0x02010f40                _malloc_trim_r
 .text._free_r  0x02010fec      0x1d8 C:/devkitPro/devkitARM/bin/../lib/gcc/arm-none-eabi/15.1.0/../../../../arm-none-eabi/lib/thumb\libg.a(libc_a-freer.o)
                0x02010fec                _free_r
 .text.get_arg  0x020111c4      0x404 C:/devkitPro/devkitARM/bin/../lib/gcc/arm-none-eabi/15.1.0/../../../../arm-none-eabi/lib/thumb\libg.a(libc_a-svfprintf.o)
 .text._svfprintf_r
                0x020115c8     0x22d8 C:/devkitPro/devkitARM/bin/../lib/gcc/arm-none-eabi/15.1.0/../../../../arm-none-eabi/lib/thumb\libg.a(libc_a-svfprintf.o)
                0x020115c8                _svfprintf_r
 .text.strnlen  0x020138a0       0x20 C:/devkitPro/devkitARM/bin/../lib/gcc/arm-none-eabi/15.1.0/../../../../arm-none-eabi/lib/thumb\libg.a(libc_a-strnlen.o)
                0x020138a0                strnlen
 .text.malloc   0x020138c0       0x28 C:/devkitPro/devkitARM/bin/../lib/gcc/arm-none-eabi/15.1.0/../../../../arm-none-eabi/lib/thumb\libg.a(libc_a-malloc.o)
                0x020138c0                malloc
 .text.free     0x020138e8       0x14 C:/devkitPro/devkitARM/bin/../lib/gcc/arm-none-eabi/15.1.0/../../../../arm-none-eabi/lib/thumb\libg.a(libc_a-malloc.o)
                0x020138e8                free
 .text.__sflush_r
                0x020138fc      0x180 C:/devkitPro/devkitARM/bin/../lib/gcc/arm-none-eabi/15.1.0/../../../../arm-none-eabi/lib/thumb\libg.a(libc_a-fflush.o)
                0x020138fc                __sflush_r
 .text._fflush_r
                0x02013a7c       0x70 C:/devkitPro/devkitARM/bin/../lib/gcc/arm-none-eabi/15.1.0/../../../../arm-none-eabi/lib/thumb\libg.a(libc_a-fflush.o)
                0x02013a7c                _fflush_r
 .text.time     0x02013aec       0x38 C:/devkitPro/devkitARM/bin/../lib/gcc/arm-none-eabi/15.1.0/../../../../arm-none-eabi/lib/thumb\libg.a(libc_a-time.o)
                0x02013aec                time
 .text.memset   0x02013b24       0x8c C:/devkitPro/devkitARM/bin/../lib/gcc/arm-none-eabi/15.1.0/../../../../arm-none-eabi/lib/thumb\libg.a(libc_a-memset.o)
                0x02013b24                memset
 .text._realloc_r
                0x02013bb0      0x344 C:/devkitPro/devkitARM/bin/../lib/gcc/arm-none-eabi/15.1.0/../../../../arm-none-eabi/lib/thumb\libg.a(libc_a-reallocr.o)
                0x02013bb0                _realloc_r
 .text.localtime_r
                0x02013ef4      0x228 C:/devkitPro/devkitARM/bin/../lib/gcc/arm-none-eabi/15.1.0/../../../../arm-none-eabi/lib/thumb\libg.a(libc_a-lcltime_r.o)
                0x02013ef4                localtime_r
 .text._fread_r
                0x0201411c      0x228 C:/devkitPro/devkitARM/bin/../lib/gcc/arm-none-eabi/15.1.0/../../../../arm-none-eabi/lib/thumb\libg.a(libc_a-fread.o)
                0x0201411c                _fread_r
 .text.fread    0x02014344       0x24 C:/devkitPro/devkitARM/bin/../lib/gcc/arm-none-eabi/15.1.0/../../../../arm-none-eabi/lib/thumb\libg.a(libc_a-fread.o)
                0x02014344                fread
 .text.__malloc_lock
                0x02014368       0x14 C:/devkitPro/devkitARM/bin/../lib/gcc/arm-none-eabi/15.1.0/../../../../arm-none-eabi/lib/thumb\libg.a(libc_a-mlock.o)
                0x02014368                __malloc_lock
 .text.__malloc_unlock
                0x0201437c       0x14 C:/devkitPro/devkitARM/bin/../lib/gcc/arm-none-eabi/15.1.0/../../../../arm-none-eabi/lib/thumb\libg.a(libc_a-mlock.o)
                0x0201437c                __malloc_unlock
 .text.__tzcalc_limits
                0x02014390      0x1ac C:/devkitPro/devkitARM/bin/../lib/gcc/arm-none-eabi/15.1.0/../../../../arm-none-eabi/lib/thumb\libg.a(libc_a-tzcalc_limits.o)
                0x02014390                __tzcalc_limits
 .text          0x0201453c      0x224 C:/devkitPro/devkitARM/bin/../lib/gcc/arm-none-eabi/15.1.0/../../../../arm-none-eabi/lib/thumb\libg.a(libc_a-strcmp.o)
                0x0201453c                strcmp
 .text.__call_exitprocs
                0x02014760        0xc C:/devkitPro/devkitARM/bin/../lib/gcc/arm-none-eabi/15.1.0/../../../../arm-none-eabi/lib/thumb\libg.a(libc_a-exit.o)
                0x02014760                __call_exitprocs
 .text.setvbuf  0x0201476c      0x1ac C:/devkitPro/devkitARM/bin/../lib/gcc/arm-none-eabi/15.1.0/../../../../arm-none-eabi/lib/thumb\libg.a(libc_a-setvbuf.o)
                0x0201476c                setvbuf
 .text._fopen_r
                0x02014918       0xb4 C:/devkitPro/devkitARM/bin/../lib/gcc/arm-none-eabi/15.1.0/../../../../arm-none-eabi/lib/thumb\libg.a(libc_a-fopen.o)
                0x02014918                _fopen_r
 .text.fopen    0x020149cc       0x18 C:/devkitPro/devkitARM/bin/../lib/gcc/arm-none-eabi/15.1.0/../../../../arm-none-eabi/lib/thumb\libg.a(libc_a-fopen.o)
                0x020149cc                fopen
 .text.strncpy  0x020149e4       0x68 C:/devkitPro/devkitARM/bin/../lib/gcc/arm-none-eabi/15.1.0/../../../../arm-none-eabi/lib/thumb\libg.a(libc_a-strncpy.o)
                0x020149e4                strncpy
 .text.ftell    0x02014a4c       0x24 C:/devkitPro/devkitARM/bin/../lib/gcc/arm-none-eabi/15.1.0/../../../../arm-none-eabi/lib/thumb\libg.a(libc_a-ftell.o)
                0x02014a4c                ftell
 .text.memcpy   0x02014a70       0xb0 C:/devkitPro/devkitARM/bin/../lib/gcc/arm-none-eabi/15.1.0/../../../../arm-none-eabi/lib/thumb\libg.a(libc_a-memcpy-stub.o)
                0x02014a70                memcpy
 .text._wcsrtombs_r
                0x02014b20       0x20 C:/devkitPro/devkitARM/bin/../lib/gcc/arm-none-eabi/15.1.0/../../../../arm-none-eabi/lib/thumb\libg.a(libc_a-wcsrtombs.o)
                0x02014b20                _wcsrtombs_r
 .text.iprintf  0x02014b40       0x28 C:/devkitPro/devkitARM/bin/../lib/gcc/arm-none-eabi/15.1.0/../../../../arm-none-eabi/lib/thumb\libg.a(libc_a-iprintf.o)
                0x02014b40                iprintf
 .text.write    0x02014b68       0x1c C:/devkitPro/devkitARM/bin/../lib/gcc/arm-none-eabi/15.1.0/../../../../arm-none-eabi/lib/thumb\libg.a(libc_a-syswrite.o)
                0x02014b68                write
 .text.frexp    0x02014b84       0x74 C:/devkitPro/devkitARM/bin/../lib/gcc/arm-none-eabi/15.1.0/../../../../arm-none-eabi/lib/thumb\libg.a(libm_a-s_frexp.o)
                0x02014b84                frexp
 .text.__sfvwrite_r
                0x02014bf8      0x31c C:/devkitPro/devkitARM/bin/../lib/gcc/arm-none-eabi/15.1.0/../../../../arm-none-eabi/lib/thumb\libg.a(libc_a-fvwrite.o)
                0x02014bf8                __sfvwrite_r
 .text.__sread  0x02014f14       0x34 C:/devkitPro/devkitARM/bin/../lib/gcc/arm-none-eabi/15.1.0/../../../../arm-none-eabi/lib/thumb\libg.a(libc_a-stdio.o)
                0x02014f14                __sread
 .text.__seofread
                0x02014f48        0x4 C:/devkitPro/devkitARM/bin/../lib/gcc/arm-none-eabi/15.1.0/../../../../arm-none-eabi/lib/thumb\libg.a(libc_a-stdio.o)
                0x02014f48                __seofread
 .text.__swrite
                0x02014f4c       0x4c C:/devkitPro/devkitARM/bin/../lib/gcc/arm-none-eabi/15.1.0/../../../../arm-none-eabi/lib/thumb\libg.a(libc_a-stdio.o)
                0x02014f4c                __swrite
 .text.__sseek  0x02014f98       0x3c C:/devkitPro/devkitARM/bin/../lib/gcc/arm-none-eabi/15.1.0/../../../../arm-none-eabi/lib/thumb\libg.a(libc_a-stdio.o)
                0x02014f98                __sseek
 .text.__sclose
                0x02014fd4       0x10 C:/devkitPro/devkitARM/bin/../lib/gcc/arm-none-eabi/15.1.0/../../../../arm-none-eabi/lib/thumb\libg.a(libc_a-stdio.o)
                0x02014fd4                __sclose
 .text.memmove  0x02014fe4       0xcc C:/devkitPro/devkitARM/bin/../lib/gcc/arm-none-eabi/15.1.0/../../../../arm-none-eabi/lib/thumb\libg.a(libc_a-memmove.o)
                0x02014fe4                memmove
 .text.__locale_mb_cur_max
                0x020150b0       0x20 C:/devkitPro/devkitARM/bin/../lib/gcc/arm-none-eabi/15.1.0/../../../../arm-none-eabi/lib/thumb\libg.a(libc_a-locale.o)
                0x020150b0                __locale_mb_cur_max
 .text.__ssprint_r
                0x020150d0       0x60 C:/devkitPro/devkitARM/bin/../lib/gcc/arm-none-eabi/15.1.0/../../../../arm-none-eabi/lib/thumb\libg.a(libc_a-ssprint_r.o)
                0x020150d0                __ssprint_r
 .text.gmtime_r
                0x02015130      0x1b4 C:/devkitPro/devkitARM/bin/../lib/gcc/arm-none-eabi/15.1.0/../../../../arm-none-eabi/lib/thumb\libg.a(libc_a-gmtime_r.o)
                0x02015130                gmtime_r
 .text.get_arg  0x020152e4      0x404 C:/devkitPro/devkitARM/bin/../lib/gcc/arm-none-eabi/15.1.0/../../../../arm-none-eabi/lib/thumb\libg.a(libc_a-vfiprintf.o)
 .text._vfiprintf_r
                0x020156e8     0x16d0 C:/devkitPro/devkitARM/bin/../lib/gcc/arm-none-eabi/15.1.0/../../../../arm-none-eabi/lib/thumb\libg.a(libc_a-vfiprintf.o)
                0x020156e8                _vfiprintf_r
 .text.__sbprintf
                0x02016db8       0x7c C:/devkitPro/devkitARM/bin/../lib/gcc/arm-none-eabi/15.1.0/../../../../arm-none-eabi/lib/thumb\libg.a(libc_a-vfiprintf.o)
 .text.strlen   0x02016e34       0x60 C:/devkitPro/devkitARM/bin/../lib/gcc/arm-none-eabi/15.1.0/../../../../arm-none-eabi/lib/thumb\libg.a(libc_a-strlen.o)
                0x02016e34                strlen
 .text._memalign_r
                0x02016e94      0x118 C:/devkitPro/devkitARM/bin/../lib/gcc/arm-none-eabi/15.1.0/../../../../arm-none-eabi/lib/thumb\libg.a(libc_a-malignr.o)
                0x02016e94                _memalign_r
 .text.div      0x02016fac       0x18 C:/devkitPro/devkitARM/bin/../lib/gcc/arm-none-eabi/15.1.0/../../../../arm-none-eabi/lib/thumb\libg.a(libc_a-div.o)
                0x02016fac                div
 .text._wcsnrtombs_l
                0x02016fc4      0x11c C:/devkitPro/devkitARM/bin/../lib/gcc/arm-none-eabi/15.1.0/../../../../arm-none-eabi/lib/thumb\libg.a(libc_a-wcsnrtombs.o)
                0x02016fc4                _wcsnrtombs_l
 .text._wcsnrtombs_r
                0x020170e0       0x40 C:/devkitPro/devkitARM/bin/../lib/gcc/arm-none-eabi/15.1.0/../../../../arm-none-eabi/lib/thumb\libg.a(libc_a-wcsnrtombs.o)
                0x020170e0                _wcsnrtombs_r
 .text.get_arg  0x02017120       0x3e C:/devkitPro/devkitARM/bin/../lib/gcc/arm-none-eabi/15.1.0/../../../../arm-none-eabi/lib/thumb\libg.a(libc_a-svfiscanf.o)
 .text._sungetc_r
                0x0201715e       0x7e C:/devkitPro/devkitARM/bin/../lib/gcc/arm-none-eabi/15.1.0/../../../../arm-none-eabi/lib/thumb\libg.a(libc_a-svfiscanf.o)
                0x0201715e                _sungetc_r
 .text.__ssrefill_r
                0x020171dc       0x42 C:/devkitPro/devkitARM/bin/../lib/gcc/arm-none-eabi/15.1.0/../../../../arm-none-eabi/lib/thumb\libg.a(libc_a-svfiscanf.o)
                0x020171dc                __ssrefill_r
 .text._sfread_r
                0x0201721e       0x88 C:/devkitPro/devkitARM/bin/../lib/gcc/arm-none-eabi/15.1.0/../../../../arm-none-eabi/lib/thumb\libg.a(libc_a-svfiscanf.o)
                0x0201721e                _sfread_r
 *fill*         0x020172a6        0x2 ff
 .text.__ssvfiscanf_r
                0x020172a8     0x1984 C:/devkitPro/devkitARM/bin/../lib/gcc/arm-none-eabi/15.1.0/../../../../arm-none-eabi/lib/thumb\libg.a(libc_a-svfiscanf.o)
                0x020172a8                __ssvfiscanf_r
 .text._strtoul_l.isra.0
                0x02018c2c      0x150 C:/devkitPro/devkitARM/bin/../lib/gcc/arm-none-eabi/15.1.0/../../../../arm-none-eabi/lib/thumb\libg.a(libc_a-strtoul.o)
 .text._strtoul_r
                0x02018d7c       0x20 C:/devkitPro/devkitARM/bin/../lib/gcc/arm-none-eabi/15.1.0/../../../../arm-none-eabi/lib/thumb\libg.a(libc_a-strtoul.o)
                0x02018d7c                _strtoul_r
 .text.strtoul  0x02018d9c       0x24 C:/devkitPro/devkitARM/bin/../lib/gcc/arm-none-eabi/15.1.0/../../../../arm-none-eabi/lib/thumb\libg.a(libc_a-strtoul.o)
                0x02018d9c                strtoul
 .text.__utf8_mbtowc
                0x02018dc0      0x24c C:/devkitPro/devkitARM/bin/../lib/gcc/arm-none-eabi/15.1.0/../../../../arm-none-eabi/lib/thumb\libg.a(libc_a-mbtowc_r.o)
                0x02018dc0                __utf8_mbtowc
 .text._fseeko_r
                0x0201900c      0x414 C:/devkitPro/devkitARM/bin/../lib/gcc/arm-none-eabi/15.1.0/../../../../arm-none-eabi/lib/thumb\libg.a(libc_a-fseeko.o)
                0x0201900c                _fseeko_r
 .text._tzset_unlocked
                0x02019420       0x10 C:/devkitPro/devkitARM/bin/../lib/gcc/arm-none-eabi/15.1.0/../../../../arm-none-eabi/lib/thumb\libg.a(libc_a-tzset.o)
                0x02019420                _tzset_unlocked
 .text.__sprint_r
                0x02019430       0x24 C:/devkitPro/devkitARM/bin/../lib/gcc/arm-none-eabi/15.1.0/../../../../arm-none-eabi/lib/thumb\libg.a(libc_a-sprint_r.o)
                0x02019430                __sprint_r
 .text.iswspace
                0x02019454       0x10 C:/devkitPro/devkitARM/bin/../lib/gcc/arm-none-eabi/15.1.0/../../../../arm-none-eabi/lib/thumb\libg.a(libc_a-iswspace.o)
                0x02019454                iswspace
 .text.__gettzinfo
                0x02019464        0x8 C:/devkitPro/devkitARM/bin/../lib/gcc/arm-none-eabi/15.1.0/../../../../arm-none-eabi/lib/thumb\libg.a(libc_a-gettzinfo.o)
                0x02019464                __gettzinfo
 .text._localeconv_r
                0x0201946c       0x1c C:/devkitPro/devkitARM/bin/../lib/gcc/arm-none-eabi/15.1.0/../../../../arm-none-eabi/lib/thumb\libg.a(libc_a-localeconv.o)
                0x0201946c                _localeconv_r
 .text.memchr   0x02019488       0x74 C:/devkitPro/devkitARM/bin/../lib/gcc/arm-none-eabi/15.1.0/../../../../arm-none-eabi/lib/thumb\libg.a(libc_a-memchr-stub.o)
                0x02019488                memchr
 .text.quorem   0x020194fc      0x160 C:/devkitPro/devkitARM/bin/../lib/gcc/arm-none-eabi/15.1.0/../../../../arm-none-eabi/lib/thumb\libg.a(libc_a-dtoa.o)
 .text._dtoa_r  0x0201965c     0x10b0 C:/devkitPro/devkitARM/bin/../lib/gcc/arm-none-eabi/15.1.0/../../../../arm-none-eabi/lib/thumb\libg.a(libc_a-dtoa.o)
                0x0201965c                _dtoa_r
 .text._wcrtomb_r
                0x0201a70c       0x84 C:/devkitPro/devkitARM/bin/../lib/gcc/arm-none-eabi/15.1.0/../../../../arm-none-eabi/lib/thumb\libg.a(libc_a-wcrtomb.o)
                0x0201a70c                _wcrtomb_r
 .text.strcpy   0x0201a790       0x10 C:/devkitPro/devkitARM/bin/../lib/gcc/arm-none-eabi/15.1.0/../../../../arm-none-eabi/lib/thumb\libg.a(libc_a-strcpy.o)
                0x0201a790                strcpy
 .text.__sflags
                0x0201a7a0       0x98 C:/devkitPro/devkitARM/bin/../lib/gcc/arm-none-eabi/15.1.0/../../../../arm-none-eabi/lib/thumb\libg.a(libc_a-flags.o)
                0x0201a7a0                __sflags
 .text._strtol_l.part.0
                0x0201a838      0x25c C:/devkitPro/devkitARM/bin/../lib/gcc/arm-none-eabi/15.1.0/../../../../arm-none-eabi/lib/thumb\libg.a(libc_a-strtol.o)
 .text._strtol_r
                0x0201aa94       0x34 C:/devkitPro/devkitARM/bin/../lib/gcc/arm-none-eabi/15.1.0/../../../../arm-none-eabi/lib/thumb\libg.a(libc_a-strtol.o)
                0x0201aa94                _strtol_r
 .text.__libc_fini_array
                0x0201aac8       0x30 C:/devkitPro/devkitARM/bin/../lib/gcc/arm-none-eabi/15.1.0/../../../../arm-none-eabi/lib/thumb\libg.a(libc_a-fini.o)
                0x0201aac8                __libc_fini_array
 .text._tzset_unlocked_r
                0x0201aaf8      0x490 C:/devkitPro/devkitARM/bin/../lib/gcc/arm-none-eabi/15.1.0/../../../../arm-none-eabi/lib/thumb\libg.a(libc_a-tzset_r.o)
                0x0201aaf8                _tzset_unlocked_r
 .text.__sccl   0x0201af88       0xb0 C:/devkitPro/devkitARM/bin/../lib/gcc/arm-none-eabi/15.1.0/../../../../arm-none-eabi/lib/thumb\libg.a(libc_a-sccl.o)
                0x0201af88                __sccl
 .text.lflush   0x0201b038       0x24 C:/devkitPro/devkitARM/bin/../lib/gcc/arm-none-eabi/15.1.0/../../../../arm-none-eabi/lib/thumb\libg.a(libc_a-refill.o)
 .text.__srefill_r
                0x0201b05c      0x108 C:/devkitPro/devkitARM/bin/../lib/gcc/arm-none-eabi/15.1.0/../../../../arm-none-eabi/lib/thumb\libg.a(libc_a-refill.o)
                0x0201b05c                __srefill_r
 .text.__smakebuf_r
                0x0201b164       0xe0 C:/devkitPro/devkitARM/bin/../lib/gcc/arm-none-eabi/15.1.0/../../../../arm-none-eabi/lib/thumb\libg.a(libc_a-makebuf.o)
                0x0201b164                __smakebuf_r
 .text.__swhatbuf_r
                0x0201b244       0x5c C:/devkitPro/devkitARM/bin/../lib/gcc/arm-none-eabi/15.1.0/../../../../arm-none-eabi/lib/thumb\libg.a(libc_a-makebuf.o)
                0x0201b244                __swhatbuf_r
 .text._findenv_r
                0x0201b2a0       0x94 C:/devkitPro/devkitARM/bin/../lib/gcc/arm-none-eabi/15.1.0/../../../../arm-none-eabi/lib/thumb\libg.a(libc_a-getenv_r.o)
                0x0201b2a0                _findenv_r
 .text._getenv_r
                0x0201b334       0x10 C:/devkitPro/devkitARM/bin/../lib/gcc/arm-none-eabi/15.1.0/../../../../arm-none-eabi/lib/thumb\libg.a(libc_a-getenv_r.o)
                0x0201b334                _getenv_r
 .text.__ssputs_r
                0x0201b344       0xd4 C:/devkitPro/devkitARM/bin/../lib/gcc/arm-none-eabi/15.1.0/../../../../arm-none-eabi/lib/thumb\libg.a(libc_a-ssputs_r.o)
                0x0201b344                __ssputs_r
 .text._ftello_r
                0x0201b418      0x124 C:/devkitPro/devkitARM/bin/../lib/gcc/arm-none-eabi/15.1.0/../../../../arm-none-eabi/lib/thumb\libg.a(libc_a-ftello.o)
                0x0201b418                _ftello_r
 .text.__utf8_wctomb
                0x0201b53c       0xbc C:/devkitPro/devkitARM/bin/../lib/gcc/arm-none-eabi/15.1.0/../../../../arm-none-eabi/lib/thumb\libg.a(libc_a-wctomb_r.o)
                0x0201b53c                __utf8_wctomb
 .text._strtoull_l.isra.0
                0x0201b5f8      0x1c0 C:/devkitPro/devkitARM/bin/../lib/gcc/arm-none-eabi/15.1.0/../../../../arm-none-eabi/lib/thumb\libg.a(libc_a-strtoull.o)
 .text._strtoull_r
                0x0201b7b8       0x20 C:/devkitPro/devkitARM/bin/../lib/gcc/arm-none-eabi/15.1.0/../../../../arm-none-eabi/lib/thumb\libg.a(libc_a-strtoull.o)
                0x0201b7b8                _strtoull_r
 .text._mbrtowc_r
                0x0201b7d8       0x98 C:/devkitPro/devkitARM/bin/../lib/gcc/arm-none-eabi/15.1.0/../../../../arm-none-eabi/lib/thumb\libg.a(libc_a-mbrtowc.o)
                0x0201b7d8                _mbrtowc_r
 .text.__swsetup_r
                0x0201b870       0xd4 C:/devkitPro/devkitARM/bin/../lib/gcc/arm-none-eabi/15.1.0/../../../../arm-none-eabi/lib/thumb\libg.a(libc_a-wsetup.o)
                0x0201b870                __swsetup_r
 .text.strncmp  0x0201b944       0x70 C:/devkitPro/devkitARM/bin/../lib/gcc/arm-none-eabi/15.1.0/../../../../arm-none-eabi/lib/thumb\libg.a(libc_a-strncmp.o)
                0x0201b944                strncmp
 .text.__env_lock
                0x0201b9b4       0x14 C:/devkitPro/devkitARM/bin/../lib/gcc/arm-none-eabi/15.1.0/../../../../arm-none-eabi/lib/thumb\libg.a(libc_a-envlock.o)
                0x0201b9b4                __env_lock
 .text.__env_unlock
                0x0201b9c8       0x14 C:/devkitPro/devkitARM/bin/../lib/gcc/arm-none-eabi/15.1.0/../../../../arm-none-eabi/lib/thumb\libg.a(libc_a-envlock.o)
                0x0201b9c8                __env_unlock
 .text.__assert_func
                0x0201b9dc       0x40 C:/devkitPro/devkitARM/bin/../lib/gcc/arm-none-eabi/15.1.0/../../../../arm-none-eabi/lib/thumb\libg.a(libc_a-assert.o)
                0x0201b9dc                __assert_func
 .text.iswspace_l
                0x0201ba1c       0x28 C:/devkitPro/devkitARM/bin/../lib/gcc/arm-none-eabi/15.1.0/../../../../arm-none-eabi/lib/thumb\libg.a(libc_a-iswspace_l.o)
                0x0201ba1c                iswspace_l
 .text._Balloc  0x0201ba44       0x5c C:/devkitPro/devkitARM/bin/../lib/gcc/arm-none-eabi/15.1.0/../../../../arm-none-eabi/lib/thumb\libg.a(libc_a-mprec.o)
                0x0201ba44                _Balloc
 .text._Bfree   0x0201baa0       0x14 C:/devkitPro/devkitARM/bin/../lib/gcc/arm-none-eabi/15.1.0/../../../../arm-none-eabi/lib/thumb\libg.a(libc_a-mprec.o)
                0x0201baa0                _Bfree
 .text.__multadd
                0x0201bab4       0xa8 C:/devkitPro/devkitARM/bin/../lib/gcc/arm-none-eabi/15.1.0/../../../../arm-none-eabi/lib/thumb\libg.a(libc_a-mprec.o)
                0x0201bab4                __multadd
 .text.__hi0bits
                0x0201bb5c       0x60 C:/devkitPro/devkitARM/bin/../lib/gcc/arm-none-eabi/15.1.0/../../../../arm-none-eabi/lib/thumb\libg.a(libc_a-mprec.o)
                0x0201bb5c                __hi0bits
 .text.__lo0bits
                0x0201bbbc       0x8c C:/devkitPro/devkitARM/bin/../lib/gcc/arm-none-eabi/15.1.0/../../../../arm-none-eabi/lib/thumb\libg.a(libc_a-mprec.o)
                0x0201bbbc                __lo0bits
 .text.__i2b    0x0201bc48       0x64 C:/devkitPro/devkitARM/bin/../lib/gcc/arm-none-eabi/15.1.0/../../../../arm-none-eabi/lib/thumb\libg.a(libc_a-mprec.o)
                0x0201bc48                __i2b
 .text.__multiply
                0x0201bcac      0x1b4 C:/devkitPro/devkitARM/bin/../lib/gcc/arm-none-eabi/15.1.0/../../../../arm-none-eabi/lib/thumb\libg.a(libc_a-mprec.o)
                0x0201bcac                __multiply
 .text.__pow5mult
                0x0201be60       0xd8 C:/devkitPro/devkitARM/bin/../lib/gcc/arm-none-eabi/15.1.0/../../../../arm-none-eabi/lib/thumb\libg.a(libc_a-mprec.o)
                0x0201be60                __pow5mult
 .text.__lshift
                0x0201bf38       0xf8 C:/devkitPro/devkitARM/bin/../lib/gcc/arm-none-eabi/15.1.0/../../../../arm-none-eabi/lib/thumb\libg.a(libc_a-mprec.o)
                0x0201bf38                __lshift
 .text.__mcmp   0x0201c030       0x50 C:/devkitPro/devkitARM/bin/../lib/gcc/arm-none-eabi/15.1.0/../../../../arm-none-eabi/lib/thumb\libg.a(libc_a-mprec.o)
                0x0201c030                __mcmp
 .text.__mdiff  0x0201c080      0x1a4 C:/devkitPro/devkitARM/bin/../lib/gcc/arm-none-eabi/15.1.0/../../../../arm-none-eabi/lib/thumb\libg.a(libc_a-mprec.o)
                0x0201c080                __mdiff
 .text.__d2b    0x0201c224       0xd4 C:/devkitPro/devkitARM/bin/../lib/gcc/arm-none-eabi/15.1.0/../../../../arm-none-eabi/lib/thumb\libg.a(libc_a-mprec.o)
                0x0201c224                __d2b
 .text._strtoll_l.isra.0
                0x0201c2f8      0x300 C:/devkitPro/devkitARM/bin/../lib/gcc/arm-none-eabi/15.1.0/../../../../arm-none-eabi/lib/thumb\libg.a(libc_a-strtoll.o)
 .text._strtoll_r
                0x0201c5f8       0x20 C:/devkitPro/devkitARM/bin/../lib/gcc/arm-none-eabi/15.1.0/../../../../arm-none-eabi/lib/thumb\libg.a(libc_a-strtoll.o)
                0x0201c5f8                _strtoll_r
 .text.__submore
                0x0201c618       0x7c C:/devkitPro/devkitARM/bin/../lib/gcc/arm-none-eabi/15.1.0/../../../../arm-none-eabi/lib/thumb\libg.a(libc_a-ungetc.o)
                0x0201c618                __submore
 .text.fiprintf
                0x0201c694       0x28 C:/devkitPro/devkitARM/bin/../lib/gcc/arm-none-eabi/15.1.0/../../../../arm-none-eabi/lib/thumb\libg.a(libc_a-fiprintf.o)
                0x0201c694                fiprintf
 .text.abort    0x0201c6bc       0x10 C:/devkitPro/devkitARM/bin/../lib/gcc/arm-none-eabi/15.1.0/../../../../arm-none-eabi/lib/thumb\libg.a(libc_a-abort.o)
                0x0201c6bc                abort
 .text.category
                0x0201c6cc       0x5c C:/devkitPro/devkitARM/bin/../lib/gcc/arm-none-eabi/15.1.0/../../../../arm-none-eabi/lib/thumb\libg.a(libc_a-categories.o)
                0x0201c6cc                category
 .text._raise_r
                0x0201c728       0x60 C:/devkitPro/devkitARM/bin/../lib/gcc/arm-none-eabi/15.1.0/../../../../arm-none-eabi/lib/thumb\libg.a(libc_a-signal.o)
                0x0201c728                _raise_r
 .text.raise    0x0201c788       0x14 C:/devkitPro/devkitARM/bin/../lib/gcc/arm-none-eabi/15.1.0/../../../../arm-none-eabi/lib/thumb\libg.a(libc_a-signal.o)
                0x0201c788                raise
 .text._exit    0x0201c79c       0x14 C:/devkitPro/devkitARM/bin/../lib/gcc/arm-none-eabi/15.1.0/../../../../arm-none-eabi/lib/thumb\libsysbase.a(libsysbase_libsysbase_a-_exit.o)
                0x0201c79c                _exit
 .text.chdir    0x0201c7b0       0xe4 C:/devkitPro/devkitARM/bin/../lib/gcc/arm-none-eabi/15.1.0/../../../../arm-none-eabi/lib/thumb\libsysbase.a(libsysbase_libsysbase_a-chdir.o)
                0x0201c7b0                chdir
 .text._concatenate_path
                0x0201c894      0x134 C:/devkitPro/devkitARM/bin/../lib/gcc/arm-none-eabi/15.1.0/../../../../arm-none-eabi/lib/thumb\libsysbase.a(libsysbase_libsysbase_a-concatenate.o)
                0x0201c894                _concatenate_path
 .text._fstat_r
                0x0201c9c8       0x5c C:/devkitPro/devkitARM/bin/../lib/gcc/arm-none-eabi/15.1.0/../../../../arm-none-eabi/lib/thumb\libsysbase.a(libsysbase_libsysbase_a-fstat.o)
                0x0201c9c8                _fstat_r
 .text._getpid_r
                0x0201ca24        0xc C:/devkitPro/devkitARM/bin/../lib/gcc/arm-none-eabi/15.1.0/../../../../arm-none-eabi/lib/thumb\libsysbase.a(libsysbase_libsysbase_a-getpid.o)
                0x0201ca24                _getpid_r
 .text.__getreent
                0x0201ca30       0x20 C:/devkitPro/devkitARM/bin/../lib/gcc/arm-none-eabi/15.1.0/../../../../arm-none-eabi/lib/thumb\libsysbase.a(libsysbase_libsysbase_a-getreent.o)
                0x0201ca30                __getreent
 .text._gettimeofday_r
                0x0201ca50       0x20 C:/devkitPro/devkitARM/bin/../lib/gcc/arm-none-eabi/15.1.0/../../../../arm-none-eabi/lib/thumb\libsysbase.a(libsysbase_libsysbase_a-gettod.o)
                0x0201ca50                _gettimeofday_r
 .text.__release_handle
                0x0201ca70       0x6c C:/devkitPro/devkitARM/bin/../lib/gcc/arm-none-eabi/15.1.0/../../../../arm-none-eabi/lib/thumb\libsysbase.a(libsysbase_libsysbase_a-handle_manager.o)
                0x0201ca70                __release_handle
 .text.__alloc_handle
                0x0201cadc       0x7c C:/devkitPro/devkitARM/bin/../lib/gcc/arm-none-eabi/15.1.0/../../../../arm-none-eabi/lib/thumb\libsysbase.a(libsysbase_libsysbase_a-handle_manager.o)
                0x0201cadc                __alloc_handle
 .text.__get_handle
                0x0201cb58       0x34 C:/devkitPro/devkitARM/bin/../lib/gcc/arm-none-eabi/15.1.0/../../../../arm-none-eabi/lib/thumb\libsysbase.a(libsysbase_libsysbase_a-handle_manager.o)
                0x0201cb58                __get_handle
 .text._close_r
                0x0201cb8c       0xb0 C:/devkitPro/devkitARM/bin/../lib/gcc/arm-none-eabi/15.1.0/../../../../arm-none-eabi/lib/thumb\libsysbase.a(libsysbase_libsysbase_a-handle_manager.o)
                0x0201cb8c                _close_r
 .text.null_write
                0x0201cc3c        0x4 C:/devkitPro/devkitARM/bin/../lib/gcc/arm-none-eabi/15.1.0/../../../../arm-none-eabi/lib/thumb\libsysbase.a(libsysbase_libsysbase_a-iosupport.o)
 .text.setDefaultDevice
                0x0201cc40       0x10 C:/devkitPro/devkitARM/bin/../lib/gcc/arm-none-eabi/15.1.0/../../../../arm-none-eabi/lib/thumb\libsysbase.a(libsysbase_libsysbase_a-iosupport.o)
                0x0201cc40                setDefaultDevice
 .text.FindDevice
                0x0201cc50       0x90 C:/devkitPro/devkitARM/bin/../lib/gcc/arm-none-eabi/15.1.0/../../../../arm-none-eabi/lib/thumb\libsysbase.a(libsysbase_libsysbase_a-iosupport.o)
                0x0201cc50                FindDevice
 .text.AddDevice
                0x0201cce0       0x7c C:/devkitPro/devkitARM/bin/../lib/gcc/arm-none-eabi/15.1.0/../../../../arm-none-eabi/lib/thumb\libsysbase.a(libsysbase_libsysbase_a-iosupport.o)
                0x0201cce0                AddDevice
 .text.GetDeviceOpTab
                0x0201cd5c       0x20 C:/devkitPro/devkitARM/bin/../lib/gcc/arm-none-eabi/15.1.0/../../../../arm-none-eabi/lib/thumb\libsysbase.a(libsysbase_libsysbase_a-iosupport.o)
                0x0201cd5c                GetDeviceOpTab
 .text._isatty_r
                0x0201cd7c        0x4 C:/devkitPro/devkitARM/bin/../lib/gcc/arm-none-eabi/15.1.0/../../../../arm-none-eabi/lib/thumb\libsysbase.a(libsysbase_libsysbase_a-isatty.o)
                0x0201cd7c                _isatty_r
 .text._kill_r  0x0201cd80        0xc C:/devkitPro/devkitARM/bin/../lib/gcc/arm-none-eabi/15.1.0/../../../../arm-none-eabi/lib/thumb\libsysbase.a(libsysbase_libsysbase_a-kill.o)
                0x0201cd80                _kill_r
 .text._lseek_r
                0x0201cd8c       0x64 C:/devkitPro/devkitARM/bin/../lib/gcc/arm-none-eabi/15.1.0/../../../../arm-none-eabi/lib/thumb\libsysbase.a(libsysbase_libsysbase_a-lseek.o)
                0x0201cd8c                _lseek_r
 .text._open_r  0x0201cdf0       0x8c C:/devkitPro/devkitARM/bin/../lib/gcc/arm-none-eabi/15.1.0/../../../../arm-none-eabi/lib/thumb\libsysbase.a(libsysbase_libsysbase_a-open.o)
                0x0201cdf0                _open_r
 .text._read_r  0x0201ce7c       0x5c C:/devkitPro/devkitARM/bin/../lib/gcc/arm-none-eabi/15.1.0/../../../../arm-none-eabi/lib/thumb\libsysbase.a(libsysbase_libsysbase_a-read.o)
                0x0201ce7c                _read_r
 .text._sbrk_r  0x0201ced8       0x50 C:/devkitPro/devkitARM/bin/../lib/gcc/arm-none-eabi/15.1.0/../../../../arm-none-eabi/lib/thumb\libsysbase.a(libsysbase_libsysbase_a-sbrk.o)
                0x0201ced8                _sbrk_r
 .text.__libc_lock_acquire
                0x0201cf28       0x18 C:/devkitPro/devkitARM/bin/../lib/gcc/arm-none-eabi/15.1.0/../../../../arm-none-eabi/lib/thumb\libsysbase.a(libsysbase_libsysbase_a-syscall_support.o)
                0x0201cf28                __libc_lock_acquire
 .text.__libc_lock_release
                0x0201cf40       0x18 C:/devkitPro/devkitARM/bin/../lib/gcc/arm-none-eabi/15.1.0/../../../../arm-none-eabi/lib/thumb\libsysbase.a(libsysbase_libsysbase_a-syscall_support.o)
                0x0201cf40                __libc_lock_release
 .text.__libc_lock_acquire_recursive
                0x0201cf58       0x18 C:/devkitPro/devkitARM/bin/../lib/gcc/arm-none-eabi/15.1.0/../../../../arm-none-eabi/lib/thumb\libsysbase.a(libsysbase_libsysbase_a-syscall_support.o)
                0x0201cf58                __libc_lock_acquire_recursive
 .text.__libc_lock_release_recursive
                0x0201cf70       0x18 C:/devkitPro/devkitARM/bin/../lib/gcc/arm-none-eabi/15.1.0/../../../../arm-none-eabi/lib/thumb\libsysbase.a(libsysbase_libsysbase_a-syscall_support.o)
                0x0201cf70                __libc_lock_release_recursive
 .text._write_r
                0x0201cf88       0x5c C:/devkitPro/devkitARM/bin/../lib/gcc/arm-none-eabi/15.1.0/../../../../arm-none-eabi/lib/thumb\libsysbase.a(libsysbase_libsysbase_a-write.o)
                0x0201cf88                _write_r
 .text          0x0201cfe4       0x14 C:/devkitPro/devkitARM/bin/../lib/gcc/arm-none-eabi/15.1.0/thumb\libgcc.a(_thumb1_case_uqi.o)
                0x0201cfe4                __gnu_thumb1_case_uqi
 .text          0x0201cff8       0x14 C:/devkitPro/devkitARM/bin/../lib/gcc/arm-none-eabi/15.1.0/thumb\libgcc.a(_thumb1_case_uhi.o)
                0x0201cff8                __gnu_thumb1_case_uhi
 .text          0x0201d00c      0x424 C:/devkitPro/devkitARM/bin/../lib/gcc/arm-none-eabi/15.1.0/thumb\libgcc.a(_arm_addsubdf3.o)
                0x0201d00c                __aeabi_drsub
                0x0201d014                __aeabi_dsub
                0x0201d014                __subdf3
                0x0201d018                __aeabi_dadd
                0x0201d018                __adddf3
                0x0201d328                __floatunsidf
                0x0201d328                __aeabi_ui2d
                0x0201d34c                __floatsidf
                0x0201d34c                __aeabi_i2d
                0x0201d374                __aeabi_f2d
                0x0201d374                __extendsfdf2
                0x0201d3bc                __floatundidf
                0x0201d3bc                __aeabi_ul2d
                0x0201d3d0                __floatdidf
                0x0201d3d0                __aeabi_l2d
 .text          0x0201d430      0x49c C:/devkitPro/devkitARM/bin/../lib/gcc/arm-none-eabi/15.1.0/thumb\libgcc.a(_arm_muldivdf3.o)
                0x0201d430                __aeabi_dmul
                0x0201d430                __muldf3
                0x0201d6c0                __divdf3
                0x0201d6c0                __aeabi_ddiv
 .text          0x0201d8cc      0x144 C:/devkitPro/devkitARM/bin/../lib/gcc/arm-none-eabi/15.1.0/thumb\libgcc.a(_arm_cmpdf2.o)
                0x0201d8cc                __gtdf2
                0x0201d8cc                __gedf2
                0x0201d8d4                __ltdf2
                0x0201d8d4                __ledf2
                0x0201d8dc                __nedf2
                0x0201d8dc                __eqdf2
                0x0201d8dc                __cmpdf2
                0x0201d964                __aeabi_cdrcmple
                0x0201d980                __aeabi_cdcmpeq
                0x0201d980                __aeabi_cdcmple
                0x0201d998                __aeabi_dcmpeq
                0x0201d9b0                __aeabi_dcmplt
                0x0201d9c8                __aeabi_dcmple
                0x0201d9e0                __aeabi_dcmpge
                0x0201d9f8                __aeabi_dcmpgt
 .text          0x0201da10       0x38 C:/devkitPro/devkitARM/bin/../lib/gcc/arm-none-eabi/15.1.0/thumb\libgcc.a(_arm_unorddf2.o)
                0x0201da10                __unorddf2
                0x0201da10                __aeabi_dcmpun
 .text          0x0201da48       0x5c C:/devkitPro/devkitARM/bin/../lib/gcc/arm-none-eabi/15.1.0/thumb\libgcc.a(_arm_fixdfsi.o)
                0x0201da48                __aeabi_d2iz
                0x0201da48                __fixdfsi
 .text          0x0201daa4       0xd4 C:/devkitPro/devkitARM/bin/../lib/gcc/arm-none-eabi/15.1.0/thumb\libgcc.a(_aeabi_ldivmod.o)
                0x0201daa4                __aeabi_ldivmod
 .text.__muldi3
                0x0201db78       0x58 C:/devkitPro/devkitARM/bin/../lib/gcc/arm-none-eabi/15.1.0/thumb\libgcc.a(_muldi3.o)
                0x0201db78                __muldi3
                0x0201db78                __aeabi_lmul
 EXCLUDE_FILE(*.twl.*) *(.glue_7t .glue_7 .vfp11_veneer .v4_bx)
 .glue_7        0x0201dbd0        0x0 linker stubs
 .glue_7t       0x0201dbd0        0x0 linker stubs
 .vfp11_veneer  0x0201dbd0        0x0 linker stubs
 .v4_bx         0x0201dbd0        0x0 linker stubs
 *(SORT_NONE(.fini))
 .fini          0x0201dbd0        0x4 C:/devkitPro/devkitARM/bin/../lib/gcc/arm-none-eabi/15.1.0/thumb/crti.o
                0x0201dbd0                _fini
 .fini          0x0201dbd4        0x8 C:/devkitPro/devkitARM/bin/../lib/gcc/arm-none-eabi/15.1.0/thumb/crtn.o
 *fill*         0x0201dbdc        0x4 ff
 .fini.__stub   0x0201dbe0       0x28 linker stubs
 EXCLUDE_FILE(*.twl.*) *(.rodata .rodata.* .gnu.linkonce.r.*)
 .rodata        0x0201dc08     0x34c4 GFXinput.o
                0x0201dc08                GFXinputBitmap
 .rodata        0x020210cc      0x200 GFXselector16.o
                0x020210cc                GFXselector16Bitmap
 .rodata        0x020212cc      0x800 GFXselector24.o
                0x020212cc                GFXselector24Bitmap
 .rodata._Z9importNESPKcPt.str1.4
                0x02021acc      0x634 formats.o
                                 0x33 (size before relaxing)
 .rodata._Z9exportNESPKcPti.str1.4
                0x02022100       0x20 formats.o
 .rodata._Z9importPalPKc.str1.4
                0x02022100       0x1c formats.o
 .rodata._Z9decodeAcsPKcPt
                0x02022100       0x24 formats.o
 .rodata._ZL3res
                0x02022124       0x1e formats.o
 .rodata._Z9saveArrayPKcPvj.str1.4
                0x02022142        0x3 main.o
 .rodata._Z9loadArrayPKcPvj.str1.4
                0x02022142        0x3 main.o
 *fill*         0x02022142        0x2 ff
 .rodata._Z19getActionsFromTouchi
                0x02022144       0x1c main.o
 .rodata.main.str1.4
                0x02022160      0x1f0 main.o
 .rodata.main   0x02022160       0x3c main.o
 .rodata        0x0202219c      0x150 main.o
 .rodata.dvmInit.str1.4
                0x020222ec        0xd C:/devkitPro/libnds/lib\libfat.a(dvm_calico.o)
 .rodata.s_dvmDiscCalicoIface
                0x020222ec       0x10 C:/devkitPro/libnds/lib\libfat.a(dvm_calico.o)
 .rodata.s_dvmDiscCacheIface
                0x020222fc       0x10 C:/devkitPro/libnds/lib\libfat.a(dvm_cache.o)
 .rodata.dvmMountVolume.str1.4
                0x0202230c        0xc C:/devkitPro/libnds/lib\libfat.a(dvm_volume.o)
 .rodata._dvmIdentMbrVbr.str1.4
                0x0202230c       0x3d C:/devkitPro/libnds/lib\libfat.a(dvm_prober.o)
 .rodata.fr_to_errno.0
                0x0202230c       0x14 C:/devkitPro/libnds/lib\libfat.a(fat_driver.o)
 .rodata.str1.4
                0x02022320        0x5 C:/devkitPro/libnds/lib\libfat.a(fat_driver.o)
 .rodata.g_vfatFsDriver
                0x02022320       0x14 C:/devkitPro/libnds/lib\libfat.a(fat_driver.o)
                0x02022320                g_vfatFsDriver
 .rodata._FAT_devoptab
                0x02022334       0x80 C:/devkitPro/libnds/lib\libfat.a(fat_driver.o)
 .rodata.follow_path.str1.4
                0x020223b4       0x13 C:/devkitPro/libnds/lib\libfat.a(ff.o)
 .rodata.check_fs.str1.4
                0x020223b4        0x9 C:/devkitPro/libnds/lib\libfat.a(ff.o)
 .rodata.ExCvt  0x020223b4       0x80 C:/devkitPro/libnds/lib\libfat.a(ff.o)
 .rodata.LfnOfs
                0x02022434        0xd C:/devkitPro/libnds/lib\libfat.a(ff.o)
 .rodata.ff_wtoupper
                0x02022441        0x9 C:/devkitPro/libnds/lib\libfat.a(ffunicode.o)
 *fill*         0x0202244a        0x2 ff
 .rodata.cvt2.0
                0x0202244c       0xbc C:/devkitPro/libnds/lib\libfat.a(ffunicode.o)
 .rodata.cvt1.1
                0x02022508      0x1f2 C:/devkitPro/libnds/lib\libfat.a(ffunicode.o)
 *fill*         0x020226fa        0x6 ff
 .rodata.uc437  0x02022700      0x100 C:/devkitPro/libnds/lib\libfat.a(ffunicode.o)
 .rodata.con_write.str1.4
                0x02022800       0x30 C:/devkitPro/libnds/lib\libnds9.a(console.o)
 .rodata.con_write
                0x02022800       0xd4 C:/devkitPro/libnds/lib\libnds9.a(console.o)
 .rodata.consoleClear.str1.4
                0x020228d4        0x5 C:/devkitPro/libnds/lib\libnds9.a(console.o)
 .rodata.str1.4
                0x020228d4       0x14 C:/devkitPro/libnds/lib\libnds9.a(console.o)
 .rodata.dotab_stdout
                0x020228d4       0x80 C:/devkitPro/libnds/lib\libnds9.a(console.o)
 .rodata.decompress