Archive member included to satisfy reference by file (symbol)

C:/devkitPro/libnds/lib\libfat.a(fat_wrappers.o)
                              main.o (fatInitDefault)
C:/devkitPro/libnds/lib\libfat.a(dvm_calico.o)
                              C:/devkitPro/libnds/lib\libfat.a(fat_wrappers.o) (dvmInit)
C:/devkitPro/libnds/lib\libfat.a(dvm_disc.o)
                              C:/devkitPro/libnds/lib\libfat.a(fat_wrappers.o) (dvmDiscCreate)
C:/devkitPro/libnds/lib\libfat.a(dvm_cache.o)
                              C:/devkitPro/libnds/lib\libfat.a(fat_wrappers.o) (dvmDiscCacheCreate)
C:/devkitPro/libnds/lib\libfat.a(dvm_volume.o)
                              C:/devkitPro/libnds/lib\libfat.a(fat_wrappers.o) (dvmMountVolume)
C:/devkitPro/libnds/lib\libfat.a(dvm_prober.o)
                              C:/devkitPro/libnds/lib\libfat.a(dvm_calico.o) (dvmProbeMountDisc)
C:/devkitPro/libnds/lib\libfat.a(fat_driver.o)
                              C:/devkitPro/libnds/lib\libfat.a(dvm_volume.o) (g_vfatFsDriver)
C:/devkitPro/libnds/lib\libfat.a(ff.o)
                              C:/devkitPro/libnds/lib\libfat.a(fat_driver.o) (f_mount)
C:/devkitPro/libnds/lib\libfat.a(ffunicode.o)
                              C:/devkitPro/libnds/lib\libfat.a(ff.o) (ff_uni2oem)
C:/devkitPro/libnds/lib\libnds9.a(background.o)
                              intro.o (bgState)
C:/devkitPro/libnds/lib\libnds9.a(console.o)
                              main.o (consoleInit)
C:/devkitPro/libnds/lib\libnds9.a(decompress.o)
                              intro.o (decompress)
C:/devkitPro/libnds/lib\libnds9.a(exceptionDefault.o)
                              main.o (defaultExceptionHandler)
C:/devkitPro/libnds/lib\libnds9.a(gurumeditation.o)
                              C:/devkitPro/libnds/lib\libnds9.a(exceptionDefault.o) (guruMeditationDump)
C:/devkitPro/libnds/lib\libnds9.a(keys.o)
                              intro.o (scanKeys)
C:/devkitPro/libnds/lib\libnds9.a(sprite_alloc.o)
                              main.o (oamAllocateGfx)
C:/devkitPro/libnds/lib\libnds9.a(sprite.o)
                              intro.o (oamInit)
C:/devkitPro/libnds/lib\libnds9.a(trig.o)
                              C:/devkitPro/libnds/lib\libnds9.a(background.o) (sinLerp)
C:/devkitPro/libnds/lib\libnds9.a(exceptionEntry.o)
                              C:/devkitPro/libnds/lib\libnds9.a(exceptionDefault.o) (__libnds_excpt)
C:/devkitPro/libnds/lib\libnds9.a(default_font.bin.o)
                              C:/devkitPro/libnds/lib\libnds9.a(console.o) (default_font_bin)
C:/devkitPro/libnds/lib\libmm9.a(mm_comms9.o)
                              intro.o (mmStart)
C:/devkitPro/libnds/lib\libmm9.a(mm_loader.o)
                              intro.o (mmInitDefaultMem)
C:/devkitPro/calico/lib\libcalico_ds9.a(tick.o)
                              C:/devkitPro/libnds/lib\libmm9.a(mm_comms9.o) (tickInit)
C:/devkitPro/calico/lib\libcalico_ds9.a(thread_cold.o)
                              intro.o (threadIrqWait)
C:/devkitPro/calico/lib\libcalico_ds9.a(thread_hot.32.o)
                              C:/devkitPro/libnds/lib\libnds9.a(exceptionDefault.o) (__sched_state)
C:/devkitPro/calico/lib\libcalico_ds9.a(dietprint.o)
                              C:/devkitPro/libnds/lib\libnds9.a(exceptionDefault.o) (g_dietPrintFn)
C:/devkitPro/calico/lib\libcalico_ds9.a(newlib_syscalls.o)
                              C:/devkitPro/libnds/lib\libfat.a(fat_driver.o) (__errno)
C:/devkitPro/calico/lib\libcalico_ds9.a(arm-copy-fill.32.o)
                              C:/devkitPro/libnds/lib\libfat.a(dvm_calico.o) (armCopyMem32)
C:/devkitPro/calico/lib\libcalico_ds9.a(arm-context.32.o)
                              C:/devkitPro/calico/lib\libcalico_ds9.a(thread_cold.o) (armContextSave)
C:/devkitPro/calico/lib\libcalico_ds9.a(arm-shims.32.o)
                              C:/devkitPro/calico/lib\libcalico_ds9.a(thread_cold.o) (armWaitForIrq)
C:/devkitPro/calico/lib\libcalico_ds9.a(arm-cache.32.o)
                              main.o (armDCacheFlush)
C:/devkitPro/calico/lib\libcalico_ds9.a(startup.crt0.o)
                              C:/devkitPro/libnds/lib\libfat.a(dvm_calico.o) (g_isTwlMode)
C:/devkitPro/calico/lib\libcalico_ds9.a(utils.crt0.o)
                              C:/devkitPro/calico/lib\libcalico_ds9.a(startup.crt0.o) (crt0CopyMem32)
C:/devkitPro/calico/lib\libcalico_ds9.a(bios.o)
                              C:/devkitPro/libnds/lib\libnds9.a(decompress.o) (svcLZ77UncompWram)
C:/devkitPro/calico/lib\libcalico_ds9.a(pxi.o)
                              C:/devkitPro/calico/lib\libcalico_ds9.a(startup.crt0.o) (_pxiInit)
C:/devkitPro/calico/lib\libcalico_ds9.a(keypad.o)
                              C:/devkitPro/libnds/lib\libnds9.a(keys.o) (keypadGetState)
C:/devkitPro/calico/lib\libcalico_ds9.a(pm.o)
                              main.o (pmMainLoop)
C:/devkitPro/calico/lib\libcalico_ds9.a(bootstub_arm9.o)
                              (__ds9_bootstub)
[...]
Memory Configuration

Name             Origin             Length             Attributes
lma9             0x02004000         0x0027c000
lma9i            0x02400000         0x00280000
vectors          0x00000000         0x00000020
itcm             0x01ff8020         0x00007fe0
main             0x02001000         0x00f7f000
dtcm             0x02ff0000         0x00003e80
dldi             0x0380b000         0x00004000
stub             0x0e000000         0x00004000
tls              0x00000000         0x00000400
*default*        0x00000000         0xffffffff

Linker script and memory map

                0x00000000                        __sync_synchronize = __sync_synchronize_none
LOAD C:/devkitPro/devkitARM/bin/../lib/gcc/arm-none-eabi/15.1.0/thumb/crti.o
LOAD C:/devkitPro/devkitARM/bin/../lib/gcc/arm-none-eabi/15.1.0/thumb/crtbegin.o
LOAD soundbank.bin.o
LOAD GFXalfPresents.o
LOAD GFXbackground.o
LOAD GFXconsoleInput.o
LOAD GFXinput.o
LOAD GFXintro.o
LOAD GFXnewImageInput.o
LOAD GFXselector16.o
LOAD GFXselector24.o
LOAD avdslib.o
LOAD formats.o
LOAD intro.o
LOAD main.o
LOAD drawSurfaceBottom16x.o
LOAD drawSurfaceBottom2x.o
LOAD drawSurfaceBottom32x.o
LOAD drawSurfaceBottom4x.o
LOAD drawSurfaceBottom8x.o
LOAD header.o
LOAD memcpy_fast_arm9.o
LOAD C:/devkitPro/libnds/lib\libfat.a
LOAD C:/devkitPro/libnds/lib\libnds9.a
LOAD C:/devkitPro/libnds/lib\libmm9.a
LOAD C:/devkitPro/calico/lib\libcalico_ds9.a
LOAD C:/devkitPro/devkitARM/bin/../lib/gcc/arm-none-eabi/15.1.0/../../../../arm-none-eabi/lib/thumb\libstdc++.a
LOAD C:/devkitPro/devkitARM/bin/../lib/gcc/arm-none-eabi/15.1.0/../../../../arm-none-eabi/lib/thumb\libm.a
START GROUP
LOAD C:/devkitPro/devkitARM/bin/../lib/gcc/arm-none-eabi/15.1.0/thumb\libgcc.a
LOAD C:/devkitPro/devkitARM/bin/../lib/gcc/arm-none-eabi/15.1.0/../../../../arm-none-eabi/lib/thumb\libg.a
LOAD C:/devkitPro/devkitARM/bin/../lib/gcc/arm-none-eabi/15.1.0/../../../../arm-none-eabi/lib/thumb\libc.a
LOAD C:/devkitPro/devkitARM/bin/../lib/gcc/arm-none-eabi/15.1.0/../../../../arm-none-eabi/lib/thumb\libsysbase.a
END GROUP
LOAD C:/devkitPro/devkitARM/bin/../lib/gcc/arm-none-eabi/15.1.0/thumb/crtend.o
LOAD C:/devkitPro/devkitARM/bin/../lib/gcc/arm-none-eabi/15.1.0/thumb/crtn.o
                0x02ff3e80                        PROVIDE (__sp_usr = (ORIGIN (dtcm) + LENGTH (dtcm)))
                0x02ff3f80                        PROVIDE (__sp_irq = (__sp_usr + 0x100))
                0x02ff3fc0                        PROVIDE (__sp_svc = (__sp_irq + 0x40))
                0x02ff3ff8                        PROVIDE (__irq_flags = (__sp_svc + 0x38))
                [!provide]                        PROVIDE (__irq_vector = (__sp_svc + 0x3c))
                [!provide]                        PROVIDE (__arm_excpt_rst = 0xffff0000)
                [!provide]                        PROVIDE (__arm_excpt_und = 0xffff0004)
                0xffff0008                        PROVIDE (__arm_excpt_svc = 0xffff0008)
                [!provide]                        PROVIDE (__arm_excpt_pabt = 0xffff000c)
                [!provide]                        PROVIDE (__arm_excpt_dabt = 0xffff0010)
                [!provide]                        PROVIDE (__arm_excpt_irq = 0xffff0018)
                [!provide]                        PROVIDE (__arm_excpt_fiq = 0xffff001c)
                0x00000000                        PROVIDE (__end__ = 0x0)

.secure         0x0e000000      0x800 load address 0x02004000
                0x0e0007fc                        . = (. + 0x7fc)
 *fill*         0x0e000000      0x7fc 00000000
                0x0e0007fc        0x4 LONG 0x0

.bootstub       0x0e000800      0x198 load address 0x02004800
 *(.bootstub .bootstub.*)
 .bootstub.__ds9_bootstub
                0x0e000800      0x198 C:/devkitPro/calico/lib\libcalico_ds9.a(bootstub_arm9.o)
                0x0e000800                __ds9_bootstub
                0x0e000998                        . = ALIGN (0x4)

.crt0           0x02001000      0x3c0 load address 0x02004998
 *(.crt0 .crt0.*)
 .crt0.__ds9_bootstub_trampoline
                0x02001000       0x60 C:/devkitPro/calico/lib\libcalico_ds9.a(bootstub_arm9.o)
 *.crt0.*(.text .stub .text.* .gnu.linkonce.t.*)
 .text.crt0ProcessLoadList
                0x02001060       0x74 C:/devkitPro/calico/lib\libcalico_ds9.a(startup.crt0.o)
                0x02001060                crt0ProcessLoadList
 .text.crt0Startup
                0x020010d4      0x180 C:/devkitPro/calico/lib\libcalico_ds9.a(startup.crt0.o)
                0x020010d4                crt0Startup
 .text.crt0CopyMem32
                0x02001254       0x4c C:/devkitPro/calico/lib\libcalico_ds9.a(utils.crt0.o)
                0x02001254                crt0CopyMem32
 .text.crt0FillMem32
                0x020012a0       0x58 C:/devkitPro/calico/lib\libcalico_ds9.a(utils.crt0.o)
                0x020012a0                crt0FillMem32
 .text.crt0SetupMPU
                0x020012f8       0xb4 C:/devkitPro/calico/lib\libcalico_ds9.a(mpu_setup.crt0.o)
                0x020012f8                crt0SetupMPU
 *.crt0.*(.glue_7t .glue_7 .vfp11_veneer .v4_bx)
 *.crt0.*(.rodata .rodata.* .gnu.linkonce.r.*)
 *.crt0.*(.rodata1)
                0x020013c0                        . = ALIGN (0x20)
 *fill*         0x020013ac       0x14 ff
                0x02004998                        PROVIDE (__crt0_lma = LOADADDR (.crt0))
                0x02001000                        PROVIDE (__crt0_start = ADDR (.crt0))
                0x020013c0                        PROVIDE (__crt0_end = (ADDR (.crt0) + SIZEOF (.crt0)))
                0x00000001                        ASSERT (((__crt0_end <= LOADADDR (.bootstub)) || (__crt0_start >= (LOADADDR (.bootstub) + SIZEOF (.bootstub)))), Error: crt0 section overlaps initial bootstrap)

.dldi           0x0380b000     0x4000 load address 0x02004d58
 *(.dldi)
 .dldi          0x0380b000     0x4000 C:/devkitPro/calico/lib\libcalico_ds9.a(dldi_stub.o)
                0x0380b000                __dldi_start
                0x02004d58                        PROVIDE (__dldi_lma = SIZEOF (.dldi)?LOADADDR (.dldi):0x0)

.vectors        0x00000000       0x20 load address 0x02008d58
 *(.vectors)
 .vectors       0x00000000       0x20 C:/devkitPro/calico/lib\libcalico_ds9.a(bootstub_arm9.o)

.itcm           0x01ff8020      0x700 load address 0x02008d78
 *(.itcm .itcm.*)
 .itcm          0x01ff8020       0x30 C:/devkitPro/calico/lib\libcalico_ds9.a(bootstub_arm9.o)
                0x01ff8038                __excpt_vectors
 *.itcm.*(.text .stub .text.* .gnu.linkonce.t.*)
 *.32.o(.text .stub .text.* .gnu.linkonce.t.*)
 .text.threadReschedule
                0x01ff8050       0x88 C:/devkitPro/calico/lib\libcalico_ds9.a(thread_hot.32.o)
 .text.threadBlock
                0x01ff80d8       0xd8 C:/devkitPro/calico/lib\libcalico_ds9.a(thread_hot.32.o)
                0x01ff80d8                threadBlock
 .text.threadUnblockOneByValue
                0x01ff81b0       0xc0 C:/devkitPro/calico/lib\libcalico_ds9.a(thread_hot.32.o)
                0x01ff81b0                threadUnblockOneByValue
 .text.threadUnblockAllByValue
                0x01ff8270      0x130 C:/devkitPro/calico/lib\libcalico_ds9.a(thread_hot.32.o)
                0x01ff8270                threadUnblockAllByValue
 .text.threadUnblockAllByMask
                0x01ff83a0      0x134 C:/devkitPro/calico/lib\libcalico_ds9.a(thread_hot.32.o)
                0x01ff83a0                threadUnblockAllByMask
 .text.armCopyMem32
                0x01ff84d4       0x4c C:/devkitPro/calico/lib\libcalico_ds9.a(arm-copy-fill.32.o)
                0x01ff84d4                armCopyMem32
 .text.armContextSave
                0x01ff8520       0x2c C:/devkitPro/calico/lib\libcalico_ds9.a(arm-context.32.o)
                0x01ff8520                armContextSave
 .text.armContextLoad
                0x01ff854c       0x20 C:/devkitPro/calico/lib\libcalico_ds9.a(arm-context.32.o)
                0x01ff854c                armContextLoad
                0x01ff8550                armContextLoadFromSvc
 .text.armWaitForIrq
                0x01ff856c        0x8 C:/devkitPro/calico/lib\libcalico_ds9.a(arm-shims.32.o)
                0x01ff856c                armWaitForIrq
 .text.armDrainWriteBuffer
                0x01ff8574        0xc C:/devkitPro/calico/lib\libcalico_ds9.a(arm-cache.32.o)
                0x01ff8574                armDrainWriteBuffer
 .text.armDCacheFlushAll
                0x01ff8580       0x28 C:/devkitPro/calico/lib\libcalico_ds9.a(arm-cache.32.o)
                0x01ff8580                armDCacheFlushAll
 .text.armDCacheFlush
                0x01ff85a8       0x1c C:/devkitPro/calico/lib\libcalico_ds9.a(arm-cache.32.o)
                0x01ff85a8                armDCacheFlush
 .text.armDCacheInvalidate
                0x01ff85c4       0x1c C:/devkitPro/calico/lib\libcalico_ds9.a(arm-cache.32.o)
                0x01ff85c4                armDCacheInvalidate
 .text.armICacheInvalidateAll
                0x01ff85e0        0xc C:/devkitPro/calico/lib\libcalico_ds9.a(arm-cache.32.o)
                0x01ff85e0                armICacheInvalidateAll
 .text.__excpt_entry
                0x01ff85ec       0x50 C:/devkitPro/calico/lib\libcalico_ds9.a(excpt_handler.32.o)
                0x01ff85ec                __arm_excpt_rst
                0x01ff85f0                __arm_excpt_pabt
                0x01ff85f4                __arm_excpt_und
                0x01ff8600                __arm_excpt_dabt
 .text.__arm_excpt_irq
                0x01ff863c       0xe4 C:/devkitPro/calico/lib\libcalico_ds9.a(irq_handler.32.o)
                0x01ff863c                __arm_excpt_irq
 *.itcm.*(.glue_7t .glue_7 .vfp11_veneer .v4_bx)
 *.32.o(.glue_7t .glue_7 .vfp11_veneer .v4_bx)
 *.itcm.*(.rodata .rodata.* .gnu.linkonce.r.*)
 *.32.o(.rodata .rodata.* .gnu.linkonce.r.*)
 *.itcm.*(.rodata1)
 *.32.o(.rodata1)
                0x01ff8720                        . = ALIGN (0x4)
                0x02008d58                        PROVIDE (__itcm_lma = LOADADDR (.vectors))
                0x01ff8000                        PROVIDE (__itcm_start = (ADDR (.itcm) - SIZEOF (.vectors)))
                0x01ff8720                        PROVIDE (__itcm_end = (ADDR (.itcm) + SIZEOF (.itcm)))
                0x00000001                        ASSERT (((__itcm_lma + SIZEOF (.vectors)) == LOADADDR (.itcm)), Error: gap between vectors and itcm)

.dtcm           0x02ff0000        0x0 load address 0x02009478
 *(.dtcm .dtcm.*)
 *.32.o(.data .data.* .gnu.linkonce.d.*)
 *.32.o(.data1)
                0x02ff0000                        . = ALIGN (0x4)
                [!provide]                        PROVIDE (__dtcm_lma = LOADADDR (.dtcm))
                0x02ff0000                        PROVIDE (__dtcm_start = ADDR (.dtcm))
                0x02ff0000                        PROVIDE (__dtcm_end = (ADDR (.dtcm) + SIZEOF (.dtcm)))

.dtcm.bss       0x02ff0000       0x98 load address 0x02009478
 *(.sbss .sbss.*)
 *.32.o(.dynbss)
 *.32.o(.bss .bss.* .gnu.linkonce.b.*)
 .bss.__irq_table
                0x02ff0000       0x80 C:/devkitPro/calico/lib\libcalico_ds9.a(thread_hot.32.o)
                0x02ff0000                __irq_table
 .bss.__sched_state
                0x02ff0080       0x18 C:/devkitPro/calico/lib\libcalico_ds9.a(thread_hot.32.o)
                0x02ff0080                __sched_state
 *.32.o(COMMON)
                0x02ff0098                        . = ALIGN (0x4)
                [!provide]                        PROVIDE (__dtcm_bss_start = ADDR (.dtcm.bss))
                0x02ff0098                        PROVIDE (__dtcm_bss_end = (ADDR (.dtcm.bss) + SIZEOF (.dtcm.bss)))

.main           0x020013c0    0x3a564 load address 0x02009478
 *(SORT_NONE(.init))
 .init          0x020013c0        0x4 C:/devkitPro/devkitARM/bin/../lib/gcc/arm-none-eabi/15.1.0/thumb/crti.o
                0x020013c0                _init
 .init          0x020013c4        0x8 C:/devkitPro/devkitARM/bin/../lib/gcc/arm-none-eabi/15.1.0/thumb/crtn.o
 EXCLUDE_FILE(*.twl.*) *(.text.unlikely .text.*_unlikely .text.unlikely.*)
 EXCLUDE_FILE(*.twl.*) *(.text.exit .text.exit.*)
 .text.exit     0x020013cc       0x24 C:/devkitPro/devkitARM/bin/../lib/gcc/arm-none-eabi/15.1.0/../../../../arm-none-eabi/lib/thumb\libg.a(libc_a-exit.o)
                0x020013cc                exit
 EXCLUDE_FILE(*.twl.*) *(.text.startup .text.startup.*)
 .text.startup.main
                0x020013f0      0xf98 main.o
                0x020013f0                main
 EXCLUDE_FILE(*.twl.*) *(.text.hot .text.hot.*)
 EXCLUDE_FILE(*.twl.*) *(.text .iplt .stub .text.* .gnu.linkonce.t.*)
 .text.__do_global_dtors_aux
                0x02002388       0x2c C:/devkitPro/devkitARM/bin/../lib/gcc/arm-none-eabi/15.1.0/thumb/crtbegin.o
 .text.frame_dummy
                0x020023b4       0x24 C:/devkitPro/devkitARM/bin/../lib/gcc/arm-none-eabi/15.1.0/thumb/crtbegin.o
 .iplt          0x020023d8        0x0 C:/devkitPro/devkitARM/bin/../lib/gcc/arm-none-eabi/15.1.0/thumb/crtbegin.o
 .text._Z6AVARGBiiii
                0x020023d8       0x24 avdslib.o
                0x020023d8                AVARGB(int, int, int, int)
 .text._Z13AVinvertColort
                0x020023fc       0x10 avdslib.o
                0x020023fc                AVinvertColor(unsigned short)
 .text._Z9AVfillDMAPtiit
                0x0200240c       0x44 avdslib.o
                0x0200240c                AVfillDMA(unsigned short*, int, int, unsigned short)
 .text._Z15AVdrawRectanglePtiiiit
                0x02002450       0x9c avdslib.o
                0x02002450                AVdrawRectangle(unsigned short*, int, int, int, int, unsigned short)
 .text._Z18AVdrawRectangleDMAPtiiiiti
                0x020024ec       0x84 avdslib.o
                0x020024ec                AVdrawRectangleDMA(unsigned short*, int, int, int, int, unsigned short, int)
 .text._Z21AVdrawRectangleHollowPtiiiit
                0x02002570       0x9c avdslib.o
                0x02002570                AVdrawRectangleHollow(unsigned short*, int, int, int, int, unsigned short)
 .text._Z11AVdrawVlinePtiiit
                0x0200260c       0x24 avdslib.o
                0x0200260c                AVdrawVline(unsigned short*, int, int, int, unsigned short)
 .text._Z11AVdrawHlinePtiiit
                0x02002630       0x24 avdslib.o
                0x02002630                AVdrawHline(unsigned short*, int, int, int, unsigned short)
 .text._Z9importNESPKcPt
                0x02002654      0x108 formats.o
                0x02002654                importNES(char const*, unsigned short*)
 .text._Z9exportNESPKcPti
                0x0200275c       0xf8 formats.o
                0x0200275c                exportNES(char const*, unsigned short*, int)
 .text._Z9importGBCPKcPt
                0x02002854       0xd8 formats.o
                0x02002854                importGBC(char const*, unsigned short*)
 .text._Z9exportGBCPKcPti
                0x0200292c       0xcc formats.o
                0x0200292c                exportGBC(char const*, unsigned short*, int)
 .text._Z10importSNESPKcPt
                0x020029f8      0x15c formats.o
                0x020029f8                importSNES(char const*, unsigned short*)
 .text._Z10exportSNESPKcPti
                0x02002b54      0x15c formats.o
                0x02002b54                exportSNES(char const*, unsigned short*, int)
 .text._Z9importGBAPKcPt
                0x02002cb0       0xcc formats.o
                0x02002cb0                importGBA(char const*, unsigned short*)
 .text._Z9exportGBAPKcPti
                0x02002d7c       0xa8 formats.o
                0x02002d7c                exportGBA(char const*, unsigned short*, int)
 .text._Z9importPalPKc
                0x02002e24       0xbc formats.o
                0x02002e24                importPal(char const*)
 .text._Z9exportPalPKc
                0x02002ee0       0x94 formats.o
                0x02002ee0                exportPal(char const*)
 .text._Z9importPCXPKcPt
                0x02002f74      0x1d4 formats.o
                0x02002f74                importPCX(char const*, unsigned short*)
 .text._Z9exportPCXPKcPtii
                0x02003148      0x194 formats.o
                0x02003148                exportPCX(char const*, unsigned short*, int, int)
 .text._Z14writeBmpHeaderP7__sFILE
                0x020032dc       0x94 formats.o
                0x020032dc                writeBmpHeader(__sFILE*)
 .text._Z7saveBMPPKcPtS1_
                0x02003370       0x8c formats.o
                0x02003370                saveBMP(char const*, unsigned short*, unsigned short*)
 .text._Z14loadBMP_directPKcPt
                0x020033fc      0x1fc formats.o
                0x020033fc                loadBMP_direct(char const*, unsigned short*)
 .text._Z15saveBMP_indexedPKcPtS1_
                0x020035f8      0x154 formats.o
                0x020035f8                saveBMP_indexed(char const*, unsigned short*, unsigned short*)
 .text._Z15loadBMP_indexedPKcPtS1_
                0x0200374c      0x218 formats.o
                0x0200374c                loadBMP_indexed(char const*, unsigned short*, unsigned short*)
 .text._Z12saveBMP_4bppPKcPtS1_
                0x02003964      0x1a8 formats.o
                0x02003964                saveBMP_4bpp(char const*, unsigned short*, unsigned short*)
 .text._Z12loadBMP_4bppPKcPtS1_
                0x02003b0c      0x1c0 formats.o
                0x02003b0c                loadBMP_4bpp(char const*, unsigned short*, unsigned short*)
 .text._Z9importGIFPKcPt
                0x02003ccc      0x1a8 formats.o
                0x02003ccc                importGIF(char const*, unsigned short*)
 .text._Z9exportGIFPKcPtii
                0x02003e74      0x1b0 formats.o
                0x02003e74                exportGIF(char const*, unsigned short*, int, int)
 .text._Z9importTGAPKcPt
                0x02004024      0x130 formats.o
                0x02004024                importTGA(char const*, unsigned short*)
 .text._Z9exportTGAPKcPtii
                0x02004154      0x12c formats.o
                0x02004154                exportTGA(char const*, unsigned short*, int, int)
 .text._Z9importACSPKcPt
                0x02004280      0x9bc formats.o
                0x02004280                importACS(char const*, unsigned short*)
 .text._Z9exportACSPKcPt
                0x02004c3c      0x47c formats.o
                0x02004c3c                exportACS(char const*, unsigned short*)
 .text._Z9clearVRAMv
                0x020050b8       0xbc intro.o
                0x020050b8                clearVRAM()
 .text._Z14topBackground8v
                0x02005174       0x6c intro.o
                0x02005174                topBackground8()
 .text._Z9drawStarsv
                0x020051e0       0x80 intro.o
                0x020051e0                drawStars()
 .text._Z5introv
                0x02005260      0x218 intro.o
                0x02005260                intro()
 .text._Z9listFilesv.part.0
                0x02005478      0x208 main.o
 .text._Z8textModev.part.0
                0x02005680       0x6c main.o
 .text._Z11enterFolderi
                0x020056ec       0x84 main.o
                0x020056ec                enterFolder(int)
 .text._Z6goBackv
                0x02005770       0x58 main.o
                0x02005770                goBack()
 .text._Z9listFilesv
                0x020057c8       0x24 main.o
                0x020057c8                listFiles()
 .text._Z10submitVRAMbbb
                0x020057ec      0x148 main.o
                0x020057ec                submitVRAM(bool, bool, bool)
 .text._Z15drawSurfaceMainb
                0x02005934      0x17c main.o
                0x02005934                drawSurfaceMain(bool)
 .text._Z17drawSurfaceBottomv
                0x02005ab0      0x200 main.o
                0x02005ab0                drawSurfaceBottom()
 .text._Z16drawColorPalettev
                0x02005cb0       0x74 main.o
                0x02005cb0                drawColorPalette()
 .text._Z14drawNesPalettev
                0x02005d24       0x74 main.o
                0x02005d24                drawNesPalette()
 .text._Z9updatePaliPi
                0x02005d98      0x170 main.o
                0x02005d98                updatePal(int, int*)
 .text._Z14clearTopBitmapv
                0x02005f08       0xb8 main.o
                0x02005f08                clearTopBitmap()
 .text._Z10initBitmapv
                0x02005fc0      0x1f8 main.o
                0x02005fc0                initBitmap()
 .text._Z16setEditorSpritesv
                0x020061b8       0xb4 main.o
                0x020061b8                setEditorSprites()
 .text._Z8setOamBGv
                0x0200626c       0xa8 main.o
                0x0200626c                setOamBG()
 .text._Z10bitmapModev
                0x02006314       0x98 main.o
                0x02006314                bitmapMode()
 .text._Z19getActionsFromTouchi
                0x020063ac       0x40 main.o
                0x020063ac                getActionsFromTouch(int)
 .text._Z12applyActionsi
                0x020063ec      0x15c main.o
                0x020063ec                applyActions(int)
 .text._Z9handleKeyc
                0x02006548       0x78 main.o
                0x02006548                handleKey(char)
 .text._Z9floodFillPtiittii
                0x020065c0      0x154 main.o
                0x020065c0                floodFill(unsigned short*, int, int, unsigned short, unsigned short, int, int)
 .text._Z9applyTooliib
                0x02006714      0x298 main.o
                0x02006714                applyTool(int, int, bool)
 .text._Z22copyFromSurfaceToStackv
                0x020069ac       0x98 main.o
                0x020069ac                copyFromSurfaceToStack()
 .text._Z21cutFromSurfaceToStackv
                0x02006a44       0x44 main.o
                0x02006a44                cutFromSurfaceToStack()
 .text._Z23pasteFromStackToSurfacev
                0x02006a88       0x98 main.o
                0x02006a88                pasteFromStackToSurface()
 .text._Z5flipHv
                0x02006b20       0xa4 main.o
                0x02006b20                flipH()
 .text._Z5flipVv
                0x02006bc4       0x98 main.o
                0x02006bc4                flipV()
 .text._Z7scaleUpv
                0x02006c5c      0x114 main.o
                0x02006c5c                scaleUp()
 .text._Z9scaleDownv
                0x02006d70       0xd4 main.o
                0x02006d70                scaleDown()
 .text._Z14rotatePositivev
                0x02006e44       0x80 main.o
                0x02006e44                rotatePositive()
 .text._Z14rotateNegativev
                0x02006ec4       0x8c main.o
                0x02006ec4                rotateNegative()
 .text._Z18setBackupVariablesv
                0x02006f50       0x4c main.o
                0x02006f50                setBackupVariables()
 .text._Z11backupWritev
                0x02006f9c       0x6c main.o
                0x02006f9c                backupWrite()
 .text._Z10backupReadv
                0x02007008       0x58 main.o
                0x02007008                backupRead()
 .text._Z7initFPSv
                0x02007060       0x24 main.o
                0x02007060                initFPS()
 .text          0x02007084       0xa8 drawSurfaceBottom16x.o
                0x02007084                drawSurfaceBottom16x
 .text          0x0200712c       0x60 drawSurfaceBottom2x.o
                0x0200712c                drawSurfaceBottom2x
 .text          0x0200718c       0xe8 drawSurfaceBottom32x.o
                0x0200718c                drawSurfaceBottom32x
 .text          0x02007274       0x78 drawSurfaceBottom4x.o
                0x02007274                drawSurfaceBottom4x
 .text          0x020072ec       0x88 drawSurfaceBottom8x.o
                0x020072ec                drawSurfaceBottom8x
 .text          0x02007374       0x60 memcpy_fast_arm9.o
                0x02007374                memcpy_fast_arm9
 .text.fatInitDefault
                0x020073d4       0x20 C:/devkitPro/libnds/lib\libfat.a(fat_wrappers.o)
                0x020073d4                fatInitDefault
 .text._dvmDiscCalicoDummy
                0x020073f4        0x4 C:/devkitPro/libnds/lib\libfat.a(dvm_calico.o)
 .text._dvmDiscCalicoWriteSectors
                0x020073f8        0x8 C:/devkitPro/libnds/lib\libfat.a(dvm_calico.o)
 .text._dvmDiscCalicoReadSectors
                0x02007400        0x8 C:/devkitPro/libnds/lib\libfat.a(dvm_calico.o)
 .text._dvmIsAlignedAccess
                0x02007408       0x30 C:/devkitPro/libnds/lib\libfat.a(dvm_calico.o)
                0x02007408                _dvmIsAlignedAccess
 .text._dvmCacheCopy
                0x02007438       0x14 C:/devkitPro/libnds/lib\libfat.a(dvm_calico.o)
                0x02007438                _dvmCacheCopy
 .text.dvmInit  0x0200744c      0x268 C:/devkitPro/libnds/lib\libfat.a(dvm_calico.o)
                0x0200744c                dvmInit
 .text.dvmDiscAddUser
                0x020076b4       0x10 C:/devkitPro/libnds/lib\libfat.a(dvm_disc.o)
                0x020076b4                dvmDiscAddUser
 .text.dvmDiscRemoveUser
                0x020076c4       0x28 C:/devkitPro/libnds/lib\libfat.a(dvm_disc.o)
                0x020076c4                dvmDiscRemoveUser
 .text._dvmDiscCacheReadWrite
                0x020076ec      0x3ec C:/devkitPro/libnds/lib\libfat.a(dvm_cache.o)
 .text._dvmDiscCacheWriteSectors
                0x02007ad8       0x58 C:/devkitPro/libnds/lib\libfat.a(dvm_cache.o)
 .text._dvmDiscCacheReadSectors
                0x02007b30       0x58 C:/devkitPro/libnds/lib\libfat.a(dvm_cache.o)
 .text._dvmDiscCacheFlush
                0x02007b88       0xac C:/devkitPro/libnds/lib\libfat.a(dvm_cache.o)
 .text._dvmDiscCacheDestroy
                0x02007c34       0x28 C:/devkitPro/libnds/lib\libfat.a(dvm_cache.o)
 .text.dvmDiscCacheCreate
                0x02007c5c      0x1a0 C:/devkitPro/libnds/lib\libfat.a(dvm_cache.o)
                0x02007c5c                dvmDiscCacheCreate
 .text.dvmMountVolume
                0x02007dfc      0x188 C:/devkitPro/libnds/lib\libfat.a(dvm_volume.o)
                0x02007dfc                dvmMountVolume
 .text._dvmSetAppWorkingDir
                0x02007f84       0x74 C:/devkitPro/libnds/lib\libfat.a(dvm_volume.o)
                0x02007f84                _dvmSetAppWorkingDir
 .text._dvmIdentMbrVbr
                0x02007ff8      0x1d8 C:/devkitPro/libnds/lib\libfat.a(dvm_prober.o)
 .text._dvmReadPartitionTable
                0x020081d0      0x204 C:/devkitPro/libnds/lib\libfat.a(dvm_prober.o)
 .text.dvmProbeMountDisc
                0x020083d4       0xf0 C:/devkitPro/libnds/lib\libfat.a(dvm_prober.o)
                0x020083d4                dvmProbeMountDisc
 .text._FAT_fstat_r
                0x020084c4       0xac C:/devkitPro/libnds/lib\libfat.a(fat_driver.o)
 .text._FAT_umount
                0x02008570       0x1c C:/devkitPro/libnds/lib\libfat.a(fat_driver.o)
 .text._FAT_mount
                0x0200858c       0x44 C:/devkitPro/libnds/lib\libfat.a(fat_driver.o)
 .text._FAT_seek_r
                0x020085d0      0x13c C:/devkitPro/libnds/lib\libfat.a(fat_driver.o)
 .text._FAT_set_stat.isra.0
                0x0200870c      0x10c C:/devkitPro/libnds/lib\libfat.a(fat_driver.o)
 .text._FAT_mkdir_r
                0x02008818       0x64 C:/devkitPro/libnds/lib\libfat.a(fat_driver.o)
 .text._FAT_chdir_r
                0x0200887c       0x64 C:/devkitPro/libnds/lib\libfat.a(fat_driver.o)
 .text._FAT_unlink_r
                0x020088e0       0x70 C:/devkitPro/libnds/lib\libfat.a(fat_driver.o)
 .text._FAT_rmdir_r
                0x02008950       0x6c C:/devkitPro/libnds/lib\libfat.a(fat_driver.o)
 .text._FAT_diropen_r
                0x020089bc       0x7c C:/devkitPro/libnds/lib\libfat.a(fat_driver.o)
 .text._FAT_fsync_r
                0x02008a38       0x64 C:/devkitPro/libnds/lib\libfat.a(fat_driver.o)
 .text._FAT_close_r
                0x02008a9c       0x64 C:/devkitPro/libnds/lib\libfat.a(fat_driver.o)
 .text._FAT_dirclose_r
                0x02008b00       0x64 C:/devkitPro/libnds/lib\libfat.a(fat_driver.o)
 .text._FAT_dirreset_r
                0x02008b64       0x6c C:/devkitPro/libnds/lib\libfat.a(fat_driver.o)
 .text._FAT_rename_r
                0x02008bd0       0x80 C:/devkitPro/libnds/lib\libfat.a(fat_driver.o)
 .text._FAT_stat_r
                0x02008c50       0x98 C:/devkitPro/libnds/lib\libfat.a(fat_driver.o)
 .text._FAT_read_r
                0x02008ce8       0x7c C:/devkitPro/libnds/lib\libfat.a(fat_driver.o)
 .text._FAT_write_r
                0x02008d64       0x7c C:/devkitPro/libnds/lib\libfat.a(fat_driver.o)
 .text._FAT_statvfs_r
                0x02008de0       0xf0 C:/devkitPro/libnds/lib\libfat.a(fat_driver.o)
 .text._FAT_ftruncate_r
                0x02008ed0      0x190 C:/devkitPro/libnds/lib\libfat.a(fat_driver.o)
 .text._FAT_dirnext_r
                0x02009060      0x124 C:/devkitPro/libnds/lib\libfat.a(fat_driver.o)
 .text._FAT_open_r
                0x02009184      0x124 C:/devkitPro/libnds/lib\libfat.a(fat_driver.o)
 .text.get_fattime
                0x020092a8       0x64 C:/devkitPro/libnds/lib\libfat.a(fat_driver.o)
                0x020092a8                get_fattime
 .text.ff_mutex_create
                0x0200930c       0x18 C:/devkitPro/libnds/lib\libfat.a(fat_driver.o)
                0x0200930c                ff_mutex_create
 .text.ff_mutex_delete
                0x02009324        0x4 C:/devkitPro/libnds/lib\libfat.a(fat_driver.o)
                0x02009324                ff_mutex_delete
 .text.ff_mutex_take
                0x02009328       0x14 C:/devkitPro/libnds/lib\libfat.a(fat_driver.o)
                0x02009328                ff_mutex_take
 .text.ff_mutex_give
                0x0200933c        0x8 C:/devkitPro/libnds/lib\libfat.a(fat_driver.o)
                0x0200933c                ff_mutex_give
 .text.disk_initialize
                0x02009344       0x24 C:/devkitPro/libnds/lib\libfat.a(fat_driver.o)
                0x02009344                disk_initialize
 .text.disk_status
                0x02009368       0x24 C:/devkitPro/libnds/lib\libfat.a(fat_driver.o)
                0x02009368                disk_status
 .text.disk_read
                0x0200938c       0x2c C:/devkitPro/libnds/lib\libfat.a(fat_driver.o)
                0x0200938c                disk_read
 .text.disk_write
                0x020093b8       0x2c C:/devkitPro/libnds/lib\libfat.a(fat_driver.o)
                0x020093b8                disk_write
 .text.disk_ioctl
                0x020093e4       0x38 C:/devkitPro/libnds/lib\libfat.a(fat_driver.o)
                0x020093e4                disk_ioctl
 .text.tchar2uni
                0x0200941c       0xfc C:/devkitPro/libnds/lib\libfat.a(ff.o)
 .text.sync_window
                0x02009518       0x90 C:/devkitPro/libnds/lib\libfat.a(ff.o)
 .text.put_utf  0x020095a8      0x130 C:/devkitPro/libnds/lib\libfat.a(ff.o)
 .text.dir_clear
                0x020096d8       0x9c C:/devkitPro/libnds/lib\libfat.a(ff.o)
 .text.get_fileinfo
                0x02009774      0x28c C:/devkitPro/libnds/lib\libfat.a(ff.o)
 .text.sync_fs  0x02009a00      0x180 C:/devkitPro/libnds/lib\libfat.a(ff.o)
 .text.move_window
                0x02009b80       0xc4 C:/devkitPro/libnds/lib\libfat.a(ff.o)
 .text.put_fat.part.0
                0x02009c44      0x1dc C:/devkitPro/libnds/lib\libfat.a(ff.o)
 .text.get_fat.isra.0
                0x02009e20      0x160 C:/devkitPro/libnds/lib\libfat.a(ff.o)
 .text.remove_chain
                0x02009f80       0xf4 C:/devkitPro/libnds/lib\libfat.a(ff.o)
 .text.create_chain
                0x0200a074      0x21c C:/devkitPro/libnds/lib\libfat.a(ff.o)
 .text.dir_next
                0x0200a290      0x170 C:/devkitPro/libnds/lib\libfat.a(ff.o)
 .text.dir_read
                0x0200a400      0x248 C:/devkitPro/libnds/lib\libfat.a(ff.o)
 .text.dir_sdi  0x0200a648      0x128 C:/devkitPro/libnds/lib\libfat.a(ff.o)
 .text.dir_alloc
                0x0200a770       0xcc C:/devkitPro/libnds/lib\libfat.a(ff.o)
 .text.dir_remove
                0x0200a83c       0xc4 C:/devkitPro/libnds/lib\libfat.a(ff.o)
 .text.dir_find
                0x0200a900      0x2f8 C:/devkitPro/libnds/lib\libfat.a(ff.o)
 .text.follow_path
                0x0200abf8      0x588 C:/devkitPro/libnds/lib\libfat.a(ff.o)
 .text.dir_register
                0x0200b180      0x3f0 C:/devkitPro/libnds/lib\libfat.a(ff.o)
 .text.check_fs
                0x0200b570      0x1ec C:/devkitPro/libnds/lib\libfat.a(ff.o)
 .text.mount_volume.part.0
                0x0200b75c      0x504 C:/devkitPro/libnds/lib\libfat.a(ff.o)
 .text.validate
                0x0200bc60       0xbc C:/devkitPro/libnds/lib\libfat.a(ff.o)
 .text.f_mount  0x0200bd1c       0x6c C:/devkitPro/libnds/lib\libfat.a(ff.o)
                0x0200bd1c                f_mount
 .text.f_umount
                0x0200bd88       0x38 C:/devkitPro/libnds/lib\libfat.a(ff.o)
                0x0200bd88                f_umount
 .text.f_open   0x0200bdc0      0x400 C:/devkitPro/libnds/lib\libfat.a(ff.o)
                0x0200bdc0                f_open
 .text.f_read   0x0200c1c0      0x2a4 C:/devkitPro/libnds/lib\libfat.a(ff.o)
                0x0200c1c0                f_read
 .text.f_write  0x0200c464      0x350 C:/devkitPro/libnds/lib\libfat.a(ff.o)
                0x0200c464                f_write
 .text.f_sync   0x0200c7b4      0x1a0 C:/devkitPro/libnds/lib\libfat.a(ff.o)
                0x0200c7b4                f_sync
 .text.f_close  0x0200c954       0x58 C:/devkitPro/libnds/lib\libfat.a(ff.o)
                0x0200c954                f_close
 .text.f_chdir  0x0200c9ac       0xf0 C:/devkitPro/libnds/lib\libfat.a(ff.o)
                0x0200c9ac                f_chdir
 .text.f_lseek  0x0200ca9c      0x298 C:/devkitPro/libnds/lib\libfat.a(ff.o)
                0x0200ca9c                f_lseek
 .text.f_opendir
                0x0200cd34      0x12c C:/devkitPro/libnds/lib\libfat.a(ff.o)
                0x0200cd34                f_opendir
 .text.f_closedir
                0x0200ce60       0xb0 C:/devkitPro/libnds/lib\libfat.a(ff.o)
                0x0200ce60                f_closedir
 .text.f_readdir
                0x0200cf10       0xd0 C:/devkitPro/libnds/lib\libfat.a(ff.o)
                0x0200cf10                f_readdir
 .text.f_stat   0x0200cfe0      0x104 C:/devkitPro/libnds/lib\libfat.a(ff.o)
                0x0200cfe0                f_stat
 .text.f_getfree
                0x0200d0e4      0x184 C:/devkitPro/libnds/lib\libfat.a(ff.o)
                0x0200d0e4                f_getfree
 .text.f_truncate
                0x0200d268      0x228 C:/devkitPro/libnds/lib\libfat.a(ff.o)
                0x0200d268                f_truncate
 .text.f_unlink
                0x0200d490      0x1a4 C:/devkitPro/libnds/lib\libfat.a(ff.o)
                0x0200d490                f_unlink
 .text.f_mkdir  0x0200d634      0x294 C:/devkitPro/libnds/lib\libfat.a(ff.o)
                0x0200d634                f_mkdir
 .text.f_rename
                0x0200d8c8      0x248 C:/devkitPro/libnds/lib\libfat.a(ff.o)
                0x0200d8c8                f_rename
 .text.ff_uni2oem
                0x0200db10       0x78 C:/devkitPro/libnds/lib\libfat.a(ffunicode.o)
                0x0200db10                ff_uni2oem
 .text.ff_oem2uni
                0x0200db88       0x40 C:/devkitPro/libnds/lib\libfat.a(ffunicode.o)
                0x0200db88                ff_oem2uni
 .text.ff_wtoupper
                0x0200dbc8      0x128 C:/devkitPro/libnds/lib\libfat.a(ffunicode.o)
                0x0200dbc8                ff_wtoupper
 .text.checkIfText
                0x0200dcf0       0x6c C:/devkitPro/libnds/lib\libnds9.a(background.o)
                0x0200dcf0                checkIfText
 .text.bgUpdate
                0x0200dd5c       0xe8 C:/devkitPro/libnds/lib\libnds9.a(background.o)
                0x0200dd5c                bgUpdate
 .text.bgInit_call
                0x0200de44       0xa8 C:/devkitPro/libnds/lib\libnds9.a(background.o)
                0x0200de44                bgInit_call
 .text.bgInitSub_call
                0x0200deec       0xb0 C:/devkitPro/libnds/lib\libnds9.a(background.o)
                0x0200deec                bgInitSub_call
 .text.newRow   0x0200df9c       0xe0 C:/devkitPro/libnds/lib\libnds9.a(console.o)
 .text.consolePrintChar
                0x0200e07c       0xe0 C:/devkitPro/libnds/lib\libnds9.a(console.o)
                0x0200e07c                consolePrintChar
 .text.con_write
                0x0200e15c      0x344 C:/devkitPro/libnds/lib\libnds9.a(console.o)
                0x0200e15c                con_write
 .text.consoleLoadFont
                0x0200e4a0      0x2e8 C:/devkitPro/libnds/lib\libnds9.a(console.o)
                0x0200e4a0                consoleLoadFont
 .text.consoleInit
                0x0200e788      0x170 C:/devkitPro/libnds/lib\libnds9.a(console.o)
                0x0200e788                consoleInit
 .text.consoleDemoInit
                0x0200e8f8       0x40 C:/devkitPro/libnds/lib\libnds9.a(console.o)
                0x0200e8f8                consoleDemoInit
 .text.consoleClear
                0x0200e938       0x10 C:/devkitPro/libnds/lib\libnds9.a(console.o)
                0x0200e938                consoleClear
 .text.getHeader
                0x0200e948        0x4 C:/devkitPro/libnds/lib\libnds9.a(decompress.o)
 .text.readByte
                0x0200e94c        0x4 C:/devkitPro/libnds/lib\libnds9.a(decompress.o)
 .text.decompress
                0x0200e950       0x40 C:/devkitPro/libnds/lib\libnds9.a(decompress.o)
                0x0200e950                decompress
 .text.defaultHandler
                0x0200e990       0x6c C:/devkitPro/libnds/lib\libnds9.a(exceptionDefault.o)
 .text.excptPrint
                0x0200e9fc       0x38 C:/devkitPro/libnds/lib\libnds9.a(exceptionDefault.o)
 .text.defaultExceptionHandler
                0x0200ea34       0x20 C:/devkitPro/libnds/lib\libnds9.a(exceptionDefault.o)
                0x0200ea34                defaultExceptionHandler
 .text.ARMShift
                0x0200ea54       0x74 C:/devkitPro/libnds/lib\libnds9.a(gurumeditation.o)
 .text.getExceptionAddress
                0x0200eac8      0x198 C:/devkitPro/libnds/lib\libnds9.a(gurumeditation.o)
                0x0200eac8                getExceptionAddress
 .text.guruMeditationDump
                0x0200ec60      0x108 C:/devkitPro/libnds/lib\libnds9.a(gurumeditation.o)
                0x0200ec60                guruMeditationDump
 .text.scanKeys
                0x0200ed68       0x6c C:/devkitPro/libnds/lib\libnds9.a(keys.o)
                0x0200ed68                scanKeys
 .text.keysHeld
                0x0200edd4        0xc C:/devkitPro/libnds/lib\libnds9.a(keys.o)
                0x0200edd4                keysHeld
 .text.keysDown
                0x0200ede0       0x10 C:/devkitPro/libnds/lib\libnds9.a(keys.o)
                0x0200ede0                keysDown
 .text.keysUp   0x0200edf0       0x10 C:/devkitPro/libnds/lib\libnds9.a(keys.o)
                0x0200edf0                keysUp
 .text.oamAllocReset
                0x0200ee00       0x1c C:/devkitPro/libnds/lib\libnds9.a(sprite_alloc.o)
                0x0200ee00                oamAllocReset
 .text.oamAllocateGfx
                0x0200ee1c      0x578 C:/devkitPro/libnds/lib\libnds9.a(sprite_alloc.o)
                0x0200ee1c                oamAllocateGfx
 .text.oamInit  0x0200f394      0x138 C:/devkitPro/libnds/lib\libnds9.a(sprite.o)
                0x0200f394                oamInit
 .text.oamGetGfxPtr
                0x0200f4cc       0x34 C:/devkitPro/libnds/lib\libnds9.a(sprite.o)
                0x0200f4cc                oamGetGfxPtr
 .text.oamClear
                0x0200f500       0x24 C:/devkitPro/libnds/lib\libnds9.a(sprite.o)
                0x0200f500                oamClear
 .text.oamGfxPtrToOffset
                0x0200f524       0x34 C:/devkitPro/libnds/lib\libnds9.a(sprite.o)
                0x0200f524                oamGfxPtrToOffset
 .text.oamSet   0x0200f558      0x100 C:/devkitPro/libnds/lib\libnds9.a(sprite.o)
                0x0200f558                oamSet
 .text.oamUpdate
                0x0200f658       0x78 C:/devkitPro/libnds/lib\libnds9.a(sprite.o)
                0x0200f658                oamUpdate
 .text.sinLutLookup
                0x0200f6d0       0x4c C:/devkitPro/libnds/lib\libnds9.a(trig.o)
                0x0200f6d0                sinLutLookup
 .text.sinLerp  0x0200f71c       0x38 C:/devkitPro/libnds/lib\libnds9.a(trig.o)
                0x0200f71c                sinLerp
 .text.cosLerp  0x0200f754       0x44 C:/devkitPro/libnds/lib\libnds9.a(trig.o)
                0x0200f754                cosLerp
 .text.__libnds_excpt
                0x0200f798       0xf8 C:/devkitPro/libnds/lib\libnds9.a(exceptionEntry.o)
                0x0200f798                __libnds_excpt
 .text._mmPxiHandler
                0x0200f890       0x78 C:/devkitPro/libnds/lib\libmm9.a(mm_comms9.o)
 .text.mmInit   0x0200f908       0x78 C:/devkitPro/libnds/lib\libmm9.a(mm_comms9.o)
                0x0200f908                mmInit
 .text.mmStart  0x0200f980       0x44 C:/devkitPro/libnds/lib\libmm9.a(mm_comms9.o)
                0x0200f980                mmStart
 .text.mmStop   0x0200f9c4       0x24 C:/devkitPro/libnds/lib\libmm9.a(mm_comms9.o)
                0x0200f9c4                mmStop
 .text._mmLoadSample
                0x0200f9e8       0x80 C:/devkitPro/libnds/lib\libmm9.a(mm_loader.o)
 .text.mmInitDefaultMem
                0x0200fa68       0xc0 C:/devkitPro/libnds/lib\libmm9.a(mm_loader.o)
                0x0200fa68                mmInitDefaultMem
 .text.mmLoad   0x0200fb28       0xa8 C:/devkitPro/libnds/lib\libmm9.a(mm_loader.o)
                0x0200fb28                mmLoad
 .text._tickCountIsr
                0x0200fbd0       0x1c C:/devkitPro/calico/lib\libcalico_ds9.a(tick.o)
 .text._tickTaskSchedule.part.0.isra.0
                0x0200fbec       0x84 C:/devkitPro/calico/lib\libcalico_ds9.a(tick.o)
 .text.tickInit
                0x0200fc70       0xa0 C:/devkitPro/calico/lib\libcalico_ds9.a(tick.o)
                0x0200fc70                tickInit
 .text.tickGetCount
                0x0200fd10       0x5c C:/devkitPro/calico/lib\libcalico_ds9.a(tick.o)
                0x0200fd10                tickGetCount
 .text._tickTaskIsr
                0x0200fd6c      0x110 C:/devkitPro/calico/lib\libcalico_ds9.a(tick.o)
 .text.tickTaskStart
                0x0200fe7c      0x144 C:/devkitPro/calico/lib\libcalico_ds9.a(tick.o)
                0x0200fe7c                tickTaskStart
 .text.threadExit
                0x0200ffc0       0x9c C:/devkitPro/calico/lib\libcalico_ds9.a(thread_cold.o)
                0x0200ffc0                threadExit
 .text._threadTickTask
                0x0201005c       0x10 C:/devkitPro/calico/lib\libcalico_ds9.a(thread_cold.o)
 .text._threadInit
                0x0201006c       0x98 C:/devkitPro/calico/lib\libcalico_ds9.a(thread_cold.o)
                0x0201006c                _threadInit
 .text.threadPrepare
                0x02010104       0xa4 C:/devkitPro/calico/lib\libcalico_ds9.a(thread_cold.o)
                0x02010104                threadPrepare
 .text.threadStart
                0x020101a8       0xc8 C:/devkitPro/calico/lib\libcalico_ds9.a(thread_cold.o)
                0x020101a8                threadStart
 .text.threadIrqWait
                0x02010270       0xa0 C:/devkitPro/calico/lib\libcalico_ds9.a(thread_cold.o)
                0x02010270                threadIrqWait
 .text.threadSleepTicks
                0x02010310       0x58 C:/devkitPro/calico/lib\libcalico_ds9.a(thread_cold.o)
                0x02010310                threadSleepTicks
 .text._dietPrintDefaultFunc
                0x02010368        0x4 C:/devkitPro/calico/lib\libcalico_ds9.a(dietprint.o)
 .text._dietOutput
                0x0201036c       0x3c C:/devkitPro/calico/lib\libcalico_ds9.a(dietprint.o)
 .text._dietPrintDec32
                0x020103a8      0x110 C:/devkitPro/calico/lib\libcalico_ds9.a(dietprint.o)
 .text._dietPrintHex32
                0x020104b8      0x170 C:/devkitPro/calico/lib\libcalico_ds9.a(dietprint.o)
 .text.dietPrintV
                0x02010628      0x4b8 C:/devkitPro/calico/lib\libcalico_ds9.a(dietprint.o)
                0x02010628                dietPrintV
 .text.dietPrint
                0x02010ae0       0x18 C:/devkitPro/calico/lib\libcalico_ds9.a(dietprint.o)
                0x02010ae0                dietPrint
 .text.__syscall_getreent
                0x02010af8       0x14 C:/devkitPro/calico/lib\libcalico_ds9.a(newlib_syscalls.o)
                0x02010af8                __syscall_getreent
 .text.__errno  0x02010b0c       0x24 C:/devkitPro/calico/lib\libcalico_ds9.a(newlib_syscalls.o)
                0x02010b0c                __errno
 .text.__syscall_gettod_r
                0x02010b30       0x30 C:/devkitPro/calico/lib\libcalico_ds9.a(newlib_syscalls.o)
                0x02010b30                __syscall_gettod_r
 .text.__syscall_lock_acquire
                0x02010b60        0x4 C:/devkitPro/calico/lib\libcalico_ds9.a(newlib_syscalls.o)
                0x02010b60                __syscall_lock_acquire
 .text.__syscall_lock_release
                0x02010b64        0x4 C:/devkitPro/calico/lib\libcalico_ds9.a(newlib_syscalls.o)
                0x02010b64                __syscall_lock_release
 .text.__syscall_lock_acquire_recursive
                0x02010b68       0x4c C:/devkitPro/calico/lib\libcalico_ds9.a(newlib_syscalls.o)
                0x02010b68                __syscall_lock_acquire_recursive
 .text.__syscall_lock_release_recursive
                0x02010bb4       0x18 C:/devkitPro/calico/lib\libcalico_ds9.a(newlib_syscalls.o)
                0x02010bb4                __syscall_lock_release_recursive
 .text.svcLZ77UncompWram
                0x02010bcc        0x4 C:/devkitPro/calico/lib\libcalico_ds9.a(bios.o)
                0x02010bcc                svcLZ77UncompWram
 .text.svcHuffUncompCallback
                0x02010bd0        0x4 C:/devkitPro/calico/lib\libcalico_ds9.a(bios.o)
                0x02010bd0                svcHuffUncompCallback
 .text.svcRLUncompWram
                0x02010bd4        0x4 C:/devkitPro/calico/lib\libcalico_ds9.a(bios.o)
                0x02010bd4                svcRLUncompWram
 .text.svcRLUncompVramCallback
                0x02010bd8        0x4 C:/devkitPro/calico/lib\libcalico_ds9.a(bios.o)
                0x02010bd8                svcRLUncompVramCallback
 .text.svcLZ77UncompVramCallback
                0x02010bdc       0x18 C:/devkitPro/calico/lib\libcalico_ds9.a(bios.o)
                0x02010bdc                svcLZ77UncompVramCallback
 .text._pxiMailboxHandler
                0x02010bf4        0x4 C:/devkitPro/calico/lib\libcalico_ds9.a(pxi.o)
 .text._pxiRecvUnhandled
                0x02010bf8        0x4 C:/devkitPro/calico/lib\libcalico_ds9.a(pxi.o)
                0x02010bf8                _pxiRecvUnhandled
 .text._pxiRecvIrqHandler
                0x02010bfc      0x154 C:/devkitPro/calico/lib\libcalico_ds9.a(pxi.o)
 .text._pxiInit
                0x02010d50       0x58 C:/devkitPro/calico/lib\libcalico_ds9.a(pxi.o)
                0x02010d50                _pxiInit
 .text.pxiSetHandler
                0x02010da8       0x74 C:/devkitPro/calico/lib\libcalico_ds9.a(pxi.o)
                0x02010da8                pxiSetHandler
 .text.pxiSetMailbox
                0x02010e1c       0x68 C:/devkitPro/calico/lib\libcalico_ds9.a(pxi.o)
                0x02010e1c                pxiSetMailbox
 .text.pxiWaitRemote
                0x02010e84       0x38 C:/devkitPro/calico/lib\libcalico_ds9.a(pxi.o)
                0x02010e84                pxiWaitRemote
 .text.pxiSendPacket
                0x02010ebc       0x50 C:/devkitPro/calico/lib\libcalico_ds9.a(pxi.o)
                0x02010ebc                pxiSendPacket
 .text.pxiSendExtPacket
                0x02010f0c       0x98 C:/devkitPro/calico/lib\libcalico_ds9.a(pxi.o)
                0x02010f0c                pxiSendExtPacket
 .text.pxiBeginReceive
                0x02010fa4       0x2c C:/devkitPro/calico/lib\libcalico_ds9.a(pxi.o)
                0x02010fa4                pxiBeginReceive
 .text.pxiEndReceive
                0x02010fd0       0xac C:/devkitPro/calico/lib\libcalico_ds9.a(pxi.o)
                0x02010fd0                pxiEndReceive
 .text.keypadGetState
                0x0201107c       0x28 C:/devkitPro/calico/lib\libcalico_ds9.a(keypad.o)
                0x0201107c                keypadGetState
 .text._pmCallEventHandlers
                0x020110a4       0x40 C:/devkitPro/calico/lib\libcalico_ds9.a(pm.o)
 .text._pmPxiThreadMain
                0x020110e4       0xa0 C:/devkitPro/calico/lib\libcalico_ds9.a(pm.o)
 .text._pmResetPxiHandler
                0x02011184       0x28 C:/devkitPro/calico/lib\libcalico_ds9.a(pm.o)
 .text.systemUserExit
                0x020111ac        0x4 C:/devkitPro/calico/lib\libcalico_ds9.a(pm.o)
                0x020111ac                systemUserExit
 .text.systemErrorExit
                0x020111b0        0x4 C:/devkitPro/calico/lib\libcalico_ds9.a(pm.o)
                0x020111b0                systemErrorExit
 .text.__syscall_exit
                0x020111b4      0x138 C:/devkitPro/calico/lib\libcalico_ds9.a(pm.o)
                0x020111b4                __syscall_exit
 .text.pmInit   0x020112ec       0x58 C:/devkitPro/calico/lib\libcalico_ds9.a(pm.o)
                0x020112ec                pmInit
 .text.pmEnterSleep
                0x02011344       0xcc C:/devkitPro/calico/lib\libcalico_ds9.a(pm.o)
                0x02011344                pmEnterSleep
 .text.pmMainLoop
                0x02011410       0x74 C:/devkitPro/calico/lib\libcalico_ds9.a(pm.o)
                0x02011410                pmMainLoop
 .text.systemUserStartup
                0x02011484        0x4 C:/devkitPro/calico/lib\libcalico_ds9.a(sys_startup.o)
                0x02011484                systemUserStartup
 .text.systemStartup
                0x02011488      0x104 C:/devkitPro/calico/lib\libcalico_ds9.a(sys_startup.o)
                0x02011488                systemStartup
 .text.touchRead
                0x0201158c       0x58 C:/devkitPro/calico/lib\libcalico_ds9.a(touch.o)
                0x0201158c                touchRead
 .text._soundPxiCheckCredits
                0x020115e4       0x70 C:/devkitPro/calico/lib\libcalico_ds9.a(sound.o)
 .text._soundPxiHandler
                0x02011654       0x3c C:/devkitPro/calico/lib\libcalico_ds9.a(sound.o)
 .text.soundInit
                0x02011690       0x64 C:/devkitPro/calico/lib\libcalico_ds9.a(sound.o)
                0x02011690                soundInit
 .text.soundSetMixerSleep
                0x020116f4       0x2c C:/devkitPro/calico/lib\libcalico_ds9.a(sound.o)
                0x020116f4                soundSetMixerSleep
 .text._blkDevReadWriteSectors
                0x02011720       0x44 C:/devkitPro/calico/lib\libcalico_ds9.a(blk.o)
 .text.blkInit  0x02011764        0x8 C:/devkitPro/calico/lib\libcalico_ds9.a(blk.o)
                0x02011764                blkInit
 .text.blkDevIsPresent
                0x0201176c       0x30 C:/devkitPro/calico/lib\libcalico_ds9.a(blk.o)
                0x0201176c                blkDevIsPresent
 .text.blkDevInit
                0x0201179c       0x30 C:/devkitPro/calico/lib\libcalico_ds9.a(blk.o)
                0x0201179c                blkDevInit
 .text.blkDevGetSectorCount
                0x020117cc       0x34 C:/devkitPro/calico/lib\libcalico_ds9.a(blk.o)
                0x020117cc                blkDevGetSectorCount
 .text.blkDevReadSectors
                0x02011800       0x5c C:/devkitPro/calico/lib\libcalico_ds9.a(blk.o)
                0x02011800                blkDevReadSectors
 .text.blkDevWriteSectors
                0x0201185c       0x5c C:/devkitPro/calico/lib\libcalico_ds9.a(blk.o)
                0x0201185c                blkDevWriteSectors
 .text.irqSet   0x020118b8       0x64 C:/devkitPro/calico/lib\libcalico_ds9.a(irq.o)
                0x020118b8                irqSet
 .text.threadUpdateDynamicPrio
                0x0201191c      0x1cc C:/devkitPro/calico/lib\libcalico_ds9.a(mutex.o)
 .text.threadRemoveWaiter
                0x02011ae8      0x1c8 C:/devkitPro/calico/lib\libcalico_ds9.a(mutex.o)
 .text.mutexLock
                0x02011cb0      0x150 C:/devkitPro/calico/lib\libcalico_ds9.a(mutex.o)
                0x02011cb0                mutexLock
 .text.mutexUnlock
                0x02011e00       0xd0 C:/devkitPro/calico/lib\libcalico_ds9.a(mutex.o)
                0x02011e00                mutexUnlock
 .text.mailboxTrySend
                0x02011ed0       0x98 C:/devkitPro/calico/lib\libcalico_ds9.a(mailbox.o)
                0x02011ed0                mailboxTrySend
 .text.mailboxRecv
                0x02011f68       0x98 C:/devkitPro/calico/lib\libcalico_ds9.a(mailbox.o)
                0x02011f68                mailboxRecv
 .text.log2     0x02012000       0x1c C:/devkitPro/devkitARM/bin/../lib/gcc/arm-none-eabi/15.1.0/../../../../arm-none-eabi/lib/thumb\libm.a(libm_a-s_log2.o)
                0x02012000                log2
 .text.log      0x0201201c       0x70 C:/devkitPro/devkitARM/bin/../lib/gcc/arm-none-eabi/15.1.0/../../../../arm-none-eabi/lib/thumb\libm.a(libm_a-w_log.o)
                0x0201201c                log
 .text.__ieee754_log
                0x0201208c      0x364 C:/devkitPro/devkitARM/bin/../lib/gcc/arm-none-eabi/15.1.0/../../../../arm-none-eabi/lib/thumb\libm.a(libm_a-e_log.o)
                0x0201208c                __ieee754_log
 .text.nan      0x020123f0        0xc C:/devkitPro/devkitARM/bin/../lib/gcc/arm-none-eabi/15.1.0/../../../../arm-none-eabi/lib/thumb\libm.a(libm_a-s_nan.o)
                0x020123f0                nan
 .text          0x020123fc      0x11c C:/devkitPro/devkitARM/bin/../lib/gcc/arm-none-eabi/15.1.0/thumb\libgcc.a(_udivsi3.o)
                0x020123fc                __aeabi_uidiv
                0x020123fc                __udivsi3
                0x020124f8                __aeabi_uidivmod
 .text          0x02012518      0x150 C:/devkitPro/devkitARM/bin/../lib/gcc/arm-none-eabi/15.1.0/thumb\libgcc.a(_divsi3.o)
                0x02012518                __divsi3
                0x02012518                __aeabi_idiv
                0x02012648                __aeabi_idivmod
 .text          0x02012668        0x4 C:/devkitPro/devkitARM/bin/../lib/gcc/arm-none-eabi/15.1.0/thumb\libgcc.a(_dvmd_tls.o)
                0x02012668                __aeabi_idiv0
                0x02012668                __aeabi_ldiv0
 .text          0x0201266c      0x424 C:/devkitPro/devkitARM/bin/../lib/gcc/arm-none-eabi/15.1.0/thumb\libgcc.a(_arm_addsubdf3.o)
                0x0201266c                __aeabi_drsub
                0x02012674                __aeabi_dsub
                0x02012674                __subdf3
                0x02012678                __aeabi_dadd
                0x02012678                __adddf3
                0x02012988                __floatunsidf
                0x02012988                __aeabi_ui2d
                0x020129ac                __floatsidf
                0x020129ac                __aeabi_i2d
                0x020129d4                __aeabi_f2d
                0x020129d4                __extendsfdf2
                0x02012a1c                __floatundidf
                0x02012a1c                __aeabi_ul2d
                0x02012a30                __floatdidf
                0x02012a30                __aeabi_l2d
 .text          0x02012a90      0x49c C:/devkitPro/devkitARM/bin/../lib/gcc/arm-none-eabi/15.1.0/thumb\libgcc.a(_arm_muldivdf3.o)
                0x02012a90                __aeabi_dmul
                0x02012a90                __muldf3
                0x02012d20                __divdf3
                0x02012d20                __aeabi_ddiv
 .text          0x02012f2c      0x144 C:/devkitPro/devkitARM/bin/../lib/gcc/arm-none-eabi/15.1.0/thumb\libgcc.a(_arm_cmpdf2.o)
                0x02012f2c                __gtdf2
                0x02012f2c                __gedf2
                0x02012f34                __ltdf2
                0x02012f34                __ledf2
                0x02012f3c                __nedf2
                0x02012f3c                __eqdf2
                0x02012f3c                __cmpdf2
                0x02012fc4                __aeabi_cdrcmple
                0x02012fe0                __aeabi_cdcmpeq
                0x02012fe0                __aeabi_cdcmple
                0x02012ff8                __aeabi_dcmpeq
                0x02013010                __aeabi_dcmplt
                0x02013028                __aeabi_dcmple
                0x02013040                __aeabi_dcmpge
                0x02013058                __aeabi_dcmpgt
 .text          0x02013070       0x38 C:/devkitPro/devkitARM/bin/../lib/gcc/arm-none-eabi/15.1.0/thumb\libgcc.a(_arm_unorddf2.o)
                0x02013070                __unorddf2
                0x02013070                __aeabi_dcmpun
 .text          0x020130a8       0x5c C:/devkitPro/devkitARM/bin/../lib/gcc/arm-none-eabi/15.1.0/thumb\libgcc.a(_arm_fixdfsi.o)
                0x020130a8                __aeabi_d2iz
                0x020130a8                __fixdfsi
 .text          0x02013104       0x3c C:/devkitPro/devkitARM/bin/../lib/gcc/arm-none-eabi/15.1.0/thumb\libgcc.a(_aeabi_uldivmod.o)
                0x02013104                __aeabi_uldivmod
 .text.__udivmoddi4
                0x02013140      0x194 C:/devkitPro/devkitARM/bin/../lib/gcc/arm-none-eabi/15.1.0/thumb\libgcc.a(_udivmoddi4.o)
                0x02013140                __udivmoddi4
 .text          0x020132d4       0x28 C:/devkitPro/devkitARM/bin/../lib/gcc/arm-none-eabi/15.1.0/thumb\libgcc.a(_clzdi2.o)
                0x020132d4                __clzdi2
 .text          0x020132fc       0x48 C:/devkitPro/devkitARM/bin/../lib/gcc/arm-none-eabi/15.1.0/thumb\libgcc.a(_clzsi2.o)
                0x020132fc                __clzsi2
 .text.strchr   0x02013344       0xbc C:/devkitPro/devkitARM/bin/../lib/gcc/arm-none-eabi/15.1.0/../../../../arm-none-eabi/lib/thumb\libg.a(libc_a-strchr.o)
                0x02013344                strchr
 .text.rand     0x02013400       0x30 C:/devkitPro/devkitARM/bin/../lib/gcc/arm-none-eabi/15.1.0/../../../../arm-none-eabi/lib/thumb\libg.a(libc_a-rand.o)
                0x02013400                rand
 .text._fclose_r
                0x02013430       0xdc C:/devkitPro/devkitARM/bin/../lib/gcc/arm-none-eabi/15.1.0/../../../../arm-none-eabi/lib/thumb\libg.a(libc_a-fclose.o)
                0x02013430                _fclose_r
 .text.fclose   0x0201350c       0x14 C:/devkitPro/devkitARM/bin/../lib/gcc/arm-none-eabi/15.1.0/../../../../arm-none-eabi/lib/thumb\libg.a(libc_a-fclose.o)
                0x0201350c                fclose
 .text._fwrite_r
                0x02013520       0x9c C:/devkitPro/devkitARM/bin/../lib/gcc/arm-none-eabi/15.1.0/../../../../arm-none-eabi/lib/thumb\libg.a(libc_a-fwrite.o)
                0x02013520                _fwrite_r
 .text.fwrite   0x020135bc       0x24 C:/devkitPro/devkitARM/bin/../lib/gcc/arm-none-eabi/15.1.0/../../../../arm-none-eabi/lib/thumb\libg.a(libc_a-fwrite.o)
                0x020135bc                fwrite
 .text.strlen   0x020135e0       0x60 C:/devkitPro/devkitARM/bin/../lib/gcc/arm-none-eabi/15.1.0/../../../../arm-none-eabi/lib/thumb\libg.a(libc_a-strlen.o)
                0x020135e0                strlen
 .text.memcmp   0x02013640       0x48 C:/devkitPro/devkitARM/bin/../lib/gcc/arm-none-eabi/15.1.0/../../../../arm-none-eabi/lib/thumb\libg.a(libc_a-memcmp.o)
                0x02013640                memcmp
 .text.stdio_exit_handler
                0x02013688       0x20 C:/devkitPro/devkitARM/bin/../lib/gcc/arm-none-eabi/15.1.0/../../../../arm-none-eabi/lib/thumb\libg.a(libc_a-findfp.o)
 .text.cleanup_stdio
                0x020136a8       0x40 C:/devkitPro/devkitARM/bin/../lib/gcc/arm-none-eabi/15.1.0/../../../../arm-none-eabi/lib/thumb\libg.a(libc_a-findfp.o)
 .text.global_stdio_init.part.0
                0x020136e8      0x120 C:/devkitPro/devkitARM/bin/../lib/gcc/arm-none-eabi/15.1.0/../../../../arm-none-eabi/lib/thumb\libg.a(libc_a-findfp.o)
 .text.__sfp    0x02013808       0xcc C:/devkitPro/devkitARM/bin/../lib/gcc/arm-none-eabi/15.1.0/../../../../arm-none-eabi/lib/thumb\libg.a(libc_a-findfp.o)
                0x02013808                __sfp
 .text.__sinit  0x020138d4       0x3c C:/devkitPro/devkitARM/bin/../lib/gcc/arm-none-eabi/15.1.0/../../../../arm-none-eabi/lib/thumb\libg.a(libc_a-findfp.o)
                0x020138d4                __sinit
 .text.__sfp_lock_acquire
                0x02013910       0x14 C:/devkitPro/devkitARM/bin/../lib/gcc/arm-none-eabi/15.1.0/../../../../arm-none-eabi/lib/thumb\libg.a(libc_a-findfp.o)
                0x02013910                __sfp_lock_acquire
 .text.__sfp_lock_release
                0x02013924       0x14 C:/devkitPro/devkitARM/bin/../lib/gcc/arm-none-eabi/15.1.0/../../../../arm-none-eabi/lib/thumb\libg.a(libc_a-findfp.o)
                0x02013924                __sfp_lock_release
 .text.__libc_init_array
                0x02013938       0x54 C:/devkitPro/devkitARM/bin/../lib/gcc/arm-none-eabi/15.1.0/../../../../arm-none-eabi/lib/thumb\libg.a(libc_a-init.o)
                0x02013938                __libc_init_array
 .text._fwalk_sglue
                0x0201398c       0x4c C:/devkitPro/devkitARM/bin/../lib/gcc/arm-none-eabi/15.1.0/../../../../arm-none-eabi/lib/thumb\libg.a(libc_a-fwalk.o)
                0x0201398c                _fwalk_sglue
 .text.calloc   0x020139d8       0x18 C:/devkitPro/devkitARM/bin/../lib/gcc/arm-none-eabi/15.1.0/../../../../arm-none-eabi/lib/thumb\libg.a(libc_a-calloc.o)
                0x020139d8                calloc
 .text.siscanf  0x020139f0       0x50 C:/devkitPro/devkitARM/bin/../lib/gcc/arm-none-eabi/15.1.0/../../../../arm-none-eabi/lib/thumb\libg.a(libc_a-siscanf.o)
                0x020139f0                siscanf
 .text.strrchr  0x02013a40       0x30 C:/devkitPro/devkitARM/bin/../lib/gcc/arm-none-eabi/15.1.0/../../../../arm-none-eabi/lib/thumb\libg.a(libc_a-strrchr.o)
                0x02013a40                strrchr
 .text.aligned_alloc
                0x02013a70       0x18 C:/devkitPro/devkitARM/bin/../lib/gcc/arm-none-eabi/15.1.0/../../../../arm-none-eabi/lib/thumb\libg.a(libc_a-aligned_alloc.o)
                0x02013a70                aligned_alloc
 .text._calloc_r
                0x02013a88       0xcc C:/devkitPro/devkitARM/bin/../lib/gcc/arm-none-eabi/15.1.0/../../../../arm-none-eabi/lib/thumb\libg.a(libc_a-callocr.o)
                0x02013a88                _calloc_r
 .text.fgetc    0x02013b54       0x6c C:/devkitPro/devkitARM/bin/../lib/gcc/arm-none-eabi/15.1.0/../../../../arm-none-eabi/lib/thumb\libg.a(libc_a-fgetc.o)
                0x02013b54                fgetc
 .text.realloc  0x02013bc0       0x18 C:/devkitPro/devkitARM/bin/../lib/gcc/arm-none-eabi/15.1.0/../../../../arm-none-eabi/lib/thumb\libg.a(libc_a-realloc.o)
                0x02013bc0                realloc
 .text.validate_structure
                0x02013bd8      0x1e8 C:/devkitPro/devkitARM/bin/../lib/gcc/arm-none-eabi/15.1.0/../../../../arm-none-eabi/lib/thumb\libg.a(libc_a-mktime.o)
 .text.mktime   0x02013dc0      0x434 C:/devkitPro/devkitARM/bin/../lib/gcc/arm-none-eabi/15.1.0/../../../../arm-none-eabi/lib/thumb\libg.a(libc_a-mktime.o)
                0x02013dc0                mktime
 .text._fseek_r
                0x020141f4       0x14 C:/devkitPro/devkitARM/bin/../lib/gcc/arm-none-eabi/15.1.0/../../../../arm-none-eabi/lib/thumb\libg.a(libc_a-fseek.o)
                0x020141f4                _fseek_r
 .text.fseek    0x02014208       0x24 C:/devkitPro/devkitARM/bin/../lib/gcc/arm-none-eabi/15.1.0/../../../../arm-none-eabi/lib/thumb\libg.a(libc_a-fseek.o)
                0x02014208                fseek
 .text.__tz_lock
                0x0201422c       0x14 C:/devkitPro/devkitARM/bin/../lib/gcc/arm-none-eabi/15.1.0/../../../../arm-none-eabi/lib/thumb\libg.a(libc_a-tzlock.o)
                0x0201422c                __tz_lock
 .text.__tz_unlock
                0x02014240       0x14 C:/devkitPro/devkitARM/bin/../lib/gcc/arm-none-eabi/15.1.0/../../../../arm-none-eabi/lib/thumb\libg.a(libc_a-tzlock.o)
                0x02014240                __tz_unlock
 .text._malloc_r
                0x02014254      0x550 C:/devkitPro/devkitARM/bin/../lib/gcc/arm-none-eabi/15.1.0/../../../../arm-none-eabi/lib/thumb\libg.a(libc_a-mallocr.o)
                0x02014254                _malloc_r
 .text.strcasecmp
                0x020147a4       0x4c C:/devkitPro/devkitARM/bin/../lib/gcc/arm-none-eabi/15.1.0/../../../../arm-none-eabi/lib/thumb\libg.a(libc_a-strcasecmp.o)
                0x020147a4                strcasecmp
 .text.strcpy   0x020147f0       0x10 C:/devkitPro/devkitARM/bin/../lib/gcc/arm-none-eabi/15.1.0/../../../../arm-none-eabi/lib/thumb\libg.a(libc_a-strcpy.o)
                0x020147f0                strcpy
 .text._malloc_trim_r
                0x02014800       0xac C:/devkitPro/devkitARM/bin/../lib/gcc/arm-none-eabi/15.1.0/../../../../arm-none-eabi/lib/thumb\libg.a(libc_a-freer.o)
                0x02014800                _malloc_trim_r
 .text._free_r  0x020148ac      0x1d8 C:/devkitPro/devkitARM/bin/../lib/gcc/arm-none-eabi/15.1.0/../../../../arm-none-eabi/lib/thumb\libg.a(libc_a-freer.o)
                0x020148ac                _free_r
 .text.snprintf
                0x02014a84       0x64 C:/devkitPro/devkitARM/bin/../lib/gcc/arm-none-eabi/15.1.0/../../../../arm-none-eabi/lib/thumb\libg.a(libc_a-snprintf.o)
                0x02014a84                snprintf
 .text.get_arg  0x02014ae8      0x404 C:/devkitPro/devkitARM/bin/../lib/gcc/arm-none-eabi/15.1.0/../../../../arm-none-eabi/lib/thumb\libg.a(libc_a-svfprintf.o)
 .text._svfprintf_r
                0x02014eec     0x22d8 C:/devkitPro/devkitARM/bin/../lib/gcc/arm-none-eabi/15.1.0/../../../../arm-none-eabi/lib/thumb\libg.a(libc_a-svfprintf.o)
                0x02014eec                _svfprintf_r
 .text.printf   0x020171c4       0x28 C:/devkitPro/devkitARM/bin/../lib/gcc/arm-none-eabi/15.1.0/../../../../arm-none-eabi/lib/thumb\libg.a(libc_a-printf.o)
                0x020171c4                printf
 .text.strnlen  0x020171ec       0x20 C:/devkitPro/devkitARM/bin/../lib/gcc/arm-none-eabi/15.1.0/../../../../arm-none-eabi/lib/thumb\libg.a(libc_a-strnlen.o)
                0x020171ec                strnlen
 .text.stpcpy   0x0201720c       0x4c C:/devkitPro/devkitARM/bin/../lib/gcc/arm-none-eabi/15.1.0/../../../../arm-none-eabi/lib/thumb\libg.a(libc_a-stpcpy.o)
                0x0201720c                stpcpy
 .text.malloc   0x02017258       0x28 C:/devkitPro/devkitARM/bin/../lib/gcc/arm-none-eabi/15.1.0/../../../../arm-none-eabi/lib/thumb\libg.a(libc_a-malloc.o)
                0x02017258                malloc
 .text.free     0x02017280       0x14 C:/devkitPro/devkitARM/bin/../lib/gcc/arm-none-eabi/15.1.0/../../../../arm-none-eabi/lib/thumb\libg.a(libc_a-malloc.o)
                0x02017280                free
 .text.__sflush_r
                0x02017294      0x180 C:/devkitPro/devkitARM/bin/../lib/gcc/arm-none-eabi/15.1.0/../../../../arm-none-eabi/lib/thumb\libg.a(libc_a-fflush.o)
                0x02017294                __sflush_r
 .text._fflush_r
                0x02017414       0x70 C:/devkitPro/devkitARM/bin/../lib/gcc/arm-none-eabi/15.1.0/../../../../arm-none-eabi/lib/thumb\libg.a(libc_a-fflush.o)
                0x02017414                _fflush_r
 .text.time     0x02017484       0x38 C:/devkitPro/devkitARM/bin/../lib/gcc/arm-none-eabi/15.1.0/../../../../arm-none-eabi/lib/thumb\libg.a(libc_a-time.o)
                0x02017484                time
 .text.memset   0x020174bc       0x8c C:/devkitPro/devkitARM/bin/../lib/gcc/arm-none-eabi/15.1.0/../../../../arm-none-eabi/lib/thumb\libg.a(libc_a-memset.o)
                0x020174bc                memset
 .text._realloc_r
                0x02017548      0x344 C:/devkitPro/devkitARM/bin/../lib/gcc/arm-none-eabi/15.1.0/../../../../arm-none-eabi/lib/thumb\libg.a(libc_a-reallocr.o)
                0x02017548                _realloc_r
 .text.localtime_r
                0x0201788c      0x228 C:/devkitPro/devkitARM/bin/../lib/gcc/arm-none-eabi/15.1.0/../../../../arm-none-eabi/lib/thumb\libg.a(libc_a-lcltime_r.o)
                0x0201788c                localtime_r
 .text._fread_r
                0x02017ab4      0x228 C:/devkitPro/devkitARM/bin/../lib/gcc/arm-none-eabi/15.1.0/../../../../arm-none-eabi/lib/thumb\libg.a(libc_a-fread.o)
                0x02017ab4                _fread_r
 .text.fread    0x02017cdc       0x24 C:/devkitPro/devkitARM/bin/../lib/gcc/arm-none-eabi/15.1.0/../../../../arm-none-eabi/lib/thumb\libg.a(libc_a-fread.o)
                0x02017cdc                fread
 .text.__malloc_lock
                0x02017d00       0x14 C:/devkitPro/devkitARM/bin/../lib/gcc/arm-none-eabi/15.1.0/../../../../arm-none-eabi/lib/thumb\libg.a(libc_a-mlock.o)
                0x02017d00                __malloc_lock
 .text.__malloc_unlock
                0x02017d14       0x14 C:/devkitPro/devkitARM/bin/../lib/gcc/arm-none-eabi/15.1.0/../../../../arm-none-eabi/lib/thumb\libg.a(libc_a-mlock.o)
                0x02017d14                __malloc_unlock
 .text.__tzcalc_limits
                0x02017d28      0x1ac C:/devkitPro/devkitARM/bin/../lib/gcc/arm-none-eabi/15.1.0/../../../../arm-none-eabi/lib/thumb\libg.a(libc_a-tzcalc_limits.o)
                0x02017d28                __tzcalc_limits
 .text.fputc    0x02017ed4       0x5c C:/devkitPro/devkitARM/bin/../lib/gcc/arm-none-eabi/15.1.0/../../../../arm-none-eabi/lib/thumb\libg.a(libc_a-fputc.o)
                0x02017ed4                fputc
 .text          0x02017f30      0x224 C:/devkitPro/devkitARM/bin/../lib/gcc/arm-none-eabi/15.1.0/../../../../arm-none-eabi/lib/thumb\libg.a(libc_a-strcmp.o)
                0x02017f30                strcmp
 .text.__call_exitprocs
                0x02018154        0xc C:/devkitPro/devkitARM/bin/../lib/gcc/arm-none-eabi/15.1.0/../../../../arm-none-eabi/lib/thumb\libg.a(libc_a-exit.o)
                0x02018154                __call_exitprocs
 .text.setvbuf  0x02018160      0x1ac C:/devkitPro/devkitARM/bin/../lib/gcc/arm-none-eabi/15.1.0/../../../../arm-none-eabi/lib/thumb\libg.a(libc_a-setvbuf.o)
                0x02018160                setvbuf
 .text._fopen_r
                0x0201830c       0xb4 C:/devkitPro/devkitARM/bin/../lib/gcc/arm-none-eabi/15.1.0/../../../../arm-none-eabi/lib/thumb\libg.a(libc_a-fopen.o)
                0x0201830c                _fopen_r
 .text.fopen    0x020183c0       0x18 C:/devkitPro/devkitARM/bin/../lib/gcc/arm-none-eabi/15.1.0/../../../../arm-none-eabi/lib/thumb\libg.a(libc_a-fopen.o)
                0x020183c0                fopen
 .text.__srget_r
                0x020183d8       0x3c C:/devkitPro/devkitARM/bin/../lib/gcc/arm-none-eabi/15.1.0/../../../../arm-none-eabi/lib/thumb\libg.a(libc_a-rget.o)
                0x020183d8                __srget_r
 .text.strncpy  0x02018414       0x68 C:/devkitPro/devkitARM/bin/../lib/gcc/arm-none-eabi/15.1.0/../../../../arm-none-eabi/lib/thumb\libg.a(libc_a-strncpy.o)
                0x02018414                strncpy
 .text.ftell    0x0201847c       0x24 C:/devkitPro/devkitARM/bin/../lib/gcc/arm-none-eabi/15.1.0/../../../../arm-none-eabi/lib/thumb\libg.a(libc_a-ftell.o)
                0x0201847c                ftell
 .text.memcpy   0x020184a0       0xb0 C:/devkitPro/devkitARM/bin/../lib/gcc/arm-none-eabi/15.1.0/../../../../arm-none-eabi/lib/thumb\libg.a(libc_a-memcpy-stub.o)
                0x020184a0                memcpy
 .text._wcsrtombs_r
                0x02018550       0x20 C:/devkitPro/devkitARM/bin/../lib/gcc/arm-none-eabi/15.1.0/../../../../arm-none-eabi/lib/thumb\libg.a(libc_a-wcsrtombs.o)
                0x02018550                _wcsrtombs_r
 .text.iprintf  0x02018570       0x28 C:/devkitPro/devkitARM/bin/../lib/gcc/arm-none-eabi/15.1.0/../../../../arm-none-eabi/lib/thumb\libg.a(libc_a-iprintf.o)
                0x02018570                iprintf
 .text.write    0x02018598       0x1c C:/devkitPro/devkitARM/bin/../lib/gcc/arm-none-eabi/15.1.0/../../../../arm-none-eabi/lib/thumb\libg.a(libc_a-syswrite.o)
                0x02018598                write
 .text.frexp    0x020185b4       0x74 C:/devkitPro/devkitARM/bin/../lib/gcc/arm-none-eabi/15.1.0/../../../../arm-none-eabi/lib/thumb\libg.a(libm_a-s_frexp.o)
                0x020185b4                frexp
 .text.__sfvwrite_r
                0x02018628      0x31c C:/devkitPro/devkitARM/bin/../lib/gcc/arm-none-eabi/15.1.0/../../../../arm-none-eabi/lib/thumb\libg.a(libc_a-fvwrite.o)
                0x02018628                __sfvwrite_r
 .text.__sread  0x02018944       0x34 C:/devkitPro/devkitARM/bin/../lib/gcc/arm-none-eabi/15.1.0/../../../../arm-none-eabi/lib/thumb\libg.a(libc_a-stdio.o)
                0x02018944                __sread
 .text.__seofread
                0x02018978        0x4 C:/devkitPro/devkitARM/bin/../lib/gcc/arm-none-eabi/15.1.0/../../../../arm-none-eabi/lib/thumb\libg.a(libc_a-stdio.o)
                0x02018978                __seofread
 .text.__swrite
                0x0201897c       0x4c C:/devkitPro/devkitARM/bin/../lib/gcc/arm-none-eabi/15.1.0/../../../../arm-none-eabi/lib/thumb\libg.a(libc_a-stdio.o)
                0x0201897c                __swrite
 .text.__sseek  0x020189c8       0x3c C:/devkitPro/devkitARM/bin/../lib/gcc/arm-none-eabi/15.1.0/../../../../arm-none-eabi/lib/thumb\libg.a(libc_a-stdio.o)
                0x020189c8                __sseek
 .text.__sclose
                0x02018a04       0x10 C:/devkitPro/devkitARM/bin/../lib/gcc/arm-none-eabi/15.1.0/../../../../arm-none-eabi/lib/thumb\libg.a(libc_a-stdio.o)
                0x02018a04                __sclose
 .text.memmove  0x02018a14       0xcc C:/devkitPro/devkitARM/bin/../lib/gcc/arm-none-eabi/15.1.0/../../../../arm-none-eabi/lib/thumb\libg.a(libc_a-memmove.o)
                0x02018a14                memmove
 .text.__locale_mb_cur_max
                0x02018ae0       0x20 C:/devkitPro/devkitARM/bin/../lib/gcc/arm-none-eabi/15.1.0/../../../../arm-none-eabi/lib/thumb\libg.a(libc_a-locale.o)
                0x02018ae0                __locale_mb_cur_max
 .text.__ssprint_r
                0x02018b00       0x60 C:/devkitPro/devkitARM/bin/../lib/gcc/arm-none-eabi/15.1.0/../../../../arm-none-eabi/lib/thumb\libg.a(libc_a-ssprint_r.o)
                0x02018b00                __ssprint_r
 .text.gmtime_r
                0x02018b60      0x1b4 C:/devkitPro/devkitARM/bin/../lib/gcc/arm-none-eabi/15.1.0/../../../../arm-none-eabi/lib/thumb\libg.a(libc_a-gmtime_r.o)
                0x02018b60                gmtime_r
 .text.get_arg  0x02018d14      0x404 C:/devkitPro/devkitARM/bin/../lib/gcc/arm-none-eabi/15.1.0/../../../../arm-none-eabi/lib/thumb\libg.a(libc_a-vfiprintf.o)
 .text._vfiprintf_r
                0x02019118     0x16d0 C:/devkitPro/devkitARM/bin/../lib/gcc/arm-none-eabi/15.1.0/../../../../arm-none-eabi/lib/thumb\libg.a(libc_a-vfiprintf.o)
                0x02019118                _vfiprintf_r
 .text.__sbprintf
                0x0201a7e8       0x7c C:/devkitPro/devkitARM/bin/../lib/gcc/arm-none-eabi/15.1.0/../../../../arm-none-eabi/lib/thumb\libg.a(libc_a-vfiprintf.o)
 .text._memalign_r
                0x0201a864      0x118 C:/devkitPro/devkitARM/bin/../lib/gcc/arm-none-eabi/15.1.0/../../../../arm-none-eabi/lib/thumb\libg.a(libc_a-malignr.o)
                0x0201a864                _memalign_r
 .text.div      0x0201a97c       0x18 C:/devkitPro/devkitARM/bin/../lib/gcc/arm-none-eabi/15.1.0/../../../../arm-none-eabi/lib/thumb\libg.a(libc_a-div.o)
                0x0201a97c                div
 .text._wcsnrtombs_l
                0x0201a994      0x11c C:/devkitPro/devkitARM/bin/../lib/gcc/arm-none-eabi/15.1.0/../../../../arm-none-eabi/lib/thumb\libg.a(libc_a-wcsnrtombs.o)
                0x0201a994                _wcsnrtombs_l
 .text._wcsnrtombs_r
                0x0201aab0       0x40 C:/devkitPro/devkitARM/bin/../lib/gcc/arm-none-eabi/15.1.0/../../../../arm-none-eabi/lib/thumb\libg.a(libc_a-wcsnrtombs.o)
                0x0201aab0                _wcsnrtombs_r
 .text.get_arg  0x0201aaf0       0x3e C:/devkitPro/devkitARM/bin/../lib/gcc/arm-none-eabi/15.1.0/../../../../arm-none-eabi/lib/thumb\libg.a(libc_a-svfiscanf.o)
 .text._sungetc_r
                0x0201ab2e       0x7e C:/devkitPro/devkitARM/bin/../lib/gcc/arm-none-eabi/15.1.0/../../../../arm-none-eabi/lib/thumb\libg.a(libc_a-svfiscanf.o)
                0x0201ab2e                _sungetc_r
 .text.__ssrefill_r
                0x0201abac       0x42 C:/devkitPro/devkitARM/bin/../lib/gcc/arm-none-eabi/15.1.0/../../../../arm-none-eabi/lib/thumb\libg.a(libc_a-svfiscanf.o)
                0x0201abac                __ssrefill_r
 .text._sfread_r
                0x0201abee       0x88 C:/devkitPro/devkitARM/bin/../lib/gcc/arm-none-eabi/15.1.0/../../../../arm-none-eabi/lib/thumb\libg.a(libc_a-svfiscanf.o)
                0x0201abee                _sfread_r
 *fill*         0x0201ac76        0x2 ff
 .text.__ssvfiscanf_r
                0x0201ac78     0x1984 C:/devkitPro/devkitARM/bin/../lib/gcc/arm-none-eabi/15.1.0/../../../../arm-none-eabi/lib/thumb\libg.a(libc_a-svfiscanf.o)
                0x0201ac78                __ssvfiscanf_r
 .text._putc_r  0x0201c5fc       0x88 C:/devkitPro/devkitARM/bin/../lib/gcc/arm-none-eabi/15.1.0/../../../../arm-none-eabi/lib/thumb\libg.a(libc_a-putc.o)
                0x0201c5fc                _putc_r
 .text._strtoul_l.isra.0
                0x0201c684      0x150 C:/devkitPro/devkitARM/bin/../lib/gcc/arm-none-eabi/15.1.0/../../../../arm-none-eabi/lib/thumb\libg.a(libc_a-strtoul.o)
 .text._strtoul_r
                0x0201c7d4       0x20 C:/devkitPro/devkitARM/bin/../lib/gcc/arm-none-eabi/15.1.0/../../../../arm-none-eabi/lib/thumb\libg.a(libc_a-strtoul.o)
                0x0201c7d4                _strtoul_r
 .text.strtoul  0x0201c7f4       0x24 C:/devkitPro/devkitARM/bin/../lib/gcc/arm-none-eabi/15.1.0/../../../../arm-none-eabi/lib/thumb\libg.a(libc_a-strtoul.o)
                0x0201c7f4                strtoul
 .text.__utf8_mbtowc
                0x0201c818      0x24c C:/devkitPro/devkitARM/bin/../lib/gcc/arm-none-eabi/15.1.0/../../../../arm-none-eabi/lib/thumb\libg.a(libc_a-mbtowc_r.o)
                0x0201c818                __utf8_mbtowc
 .text._fseeko_r
                0x0201ca64      0x414 C:/devkitPro/devkitARM/bin/../lib/gcc/arm-none-eabi/15.1.0/../../../../arm-none-eabi/lib/thumb\libg.a(libc_a-fseeko.o)
                0x0201ca64                _fseeko_r
 .text._tzset_unlocked
                0x0201ce78       0x10 C:/devkitPro/devkitARM/bin/../lib/gcc/arm-none-eabi/15.1.0/../../../../arm-none-eabi/lib/thumb\libg.a(libc_a-tzset.o)
                0x0201ce78                _tzset_unlocked
 .text.__sprint_r
                0x0201ce88       0x24 C:/devkitPro/devkitARM/bin/../lib/gcc/arm-none-eabi/15.1.0/../../../../arm-none-eabi/lib/thumb\libg.a(libc_a-sprint_r.o)
                0x0201ce88                __sprint_r
 .text.iswspace
                0x0201ceac       0x10 C:/devkitPro/devkitARM/bin/../lib/gcc/arm-none-eabi/15.1.0/../../../../arm-none-eabi/lib/thumb\libg.a(libc_a-iswspace.o)
                0x0201ceac                iswspace
 .text.__gettzinfo
                0x0201cebc        0x8 C:/devkitPro/devkitARM/bin/../lib/gcc/arm-none-eabi/15.1.0/../../../../arm-none-eabi/lib/thumb\libg.a(libc_a-gettzinfo.o)
                0x0201cebc                __gettzinfo
 .text._localeconv_r
                0x0201cec4       0x1c C:/devkitPro/devkitARM/bin/../lib/gcc/arm-none-eabi/15.1.0/../../../../arm-none-eabi/lib/thumb\libg.a(libc_a-localeconv.o)
                0x0201cec4                _localeconv_r
 .text.get_arg  0x0201cee0      0x404 C:/devkitPro/devkitARM/bin/../lib/gcc/arm-none-eabi/15.1.0/../../../../arm-none-eabi/lib/thumb\libg.a(libc_a-vfprintf.o)
 .text._vfprintf_r
                0x0201d2e4     0x2390 C:/devkitPro/devkitARM/bin/../lib/gcc/arm-none-eabi/15.1.0/../../../../arm-none-eabi/lib/thumb\libg.a(libc_a-vfprintf.o)
                0x0201d2e4                _vfprintf_r
 .text.__sbprintf
                0x0201f674       0x7c C:/devkitPro/devkitARM/bin/../lib/gcc/arm-none-eabi/15.1.0/../../../../arm-none-eabi/lib/thumb\libg.a(libc_a-vfprintf.o)
 .text.memchr   0x0201f6f0       0x74 C:/devkitPro/devkitARM/bin/../lib/gcc/arm-none-eabi/15.1.0/../../../../arm-none-eabi/lib/thumb\libg.a(libc_a-memchr-stub.o)
                0x0201f6f0                memchr
 .text.quorem   0x0201f764      0x160 C:/devkitPro/devkitARM/bin/../lib/gcc/arm-none-eabi/15.1.0/../../../../arm-none-eabi/lib/thumb\libg.a(libc_a-dtoa.o)
 .text._dtoa_r  0x0201f8c4     0x10b0 C:/devkitPro/devkitARM/bin/../lib/gcc/arm-none-eabi/15.1.0/../../../../arm-none-eabi/lib/thumb\libg.a(libc_a-dtoa.o)
                0x0201f8c4                _dtoa_r
 .text._wcrtomb_r
                0x02020974       0x84 C:/devkitPro/devkitARM/bin/../lib/gcc/arm-none-eabi/15.1.0/../../../../arm-none-eabi/lib/thumb\libg.a(libc_a-wcrtomb.o)
                0x02020974                _wcrtomb_r
 .text.__sflags
                0x020209f8       0x98 C:/devkitPro/devkitARM/bin/../lib/gcc/arm-none-eabi/15.1.0/../../../../arm-none-eabi/lib/thumb\libg.a(libc_a-flags.o)
                0x020209f8                __sflags
 .text._strtol_l.part.0
                0x02020a90      0x25c C:/devkitPro/devkitARM/bin/../lib/gcc/arm-none-eabi/15.1.0/../../../../arm-none-eabi/lib/thumb\libg.a(libc_a-strtol.o)
 .text._strtol_r
                0x02020cec       0x34 C:/devkitPro/devkitARM/bin/../lib/gcc/arm-none-eabi/15.1.0/../../../../arm-none-eabi/lib/thumb\libg.a(libc_a-strtol.o)
                0x02020cec                _strtol_r
 .text.__libc_fini_array
                0x02020d20       0x30 C:/devkitPro/devkitARM/bin/../lib/gcc/arm-none-eabi/15.1.0/../../../../arm-none-eabi/lib/thumb\libg.a(libc_a-fini.o)
                0x02020d20                __libc_fini_array
 .text._tzset_unlocked_r
                0x02020d50      0x490 C:/devkitPro/devkitARM/bin/../lib/gcc/arm-none-eabi/15.1.0/../../../../arm-none-eabi/lib/thumb\libg.a(libc_a-tzset_r.o)
                0x02020d50                _tzset_unlocked_r
 .text.__sccl   0x020211e0       0xb0 C:/devkitPro/devkitARM/bin/../lib/gcc/arm-none-eabi/15.1.0/../../../../arm-none-eabi/lib/thumb\libg.a(libc_a-sccl.o)
                0x020211e0                __sccl
 .text.lflush   0x02021290       0x24 C:/devkitPro/devkitARM/bin/../lib/gcc/arm-none-eabi/15.1.0/../../../../arm-none-eabi/lib/thumb\libg.a(libc_a-refill.o)
 .text.__srefill_r
                0x020212b4      0x108 C:/devkitPro/devkitARM/bin/../lib/gcc/arm-none-eabi/15.1.0/../../../../arm-none-eabi/lib/thumb\libg.a(libc_a-refill.o)
                0x020212b4                __srefill_r
 .text.__smakebuf_r
                0x020213bc       0xe0 C:/devkitPro/devkitARM/bin/../lib/gcc/arm-none-eabi/15.1.0/../../../../arm-none-eabi/lib/thumb\libg.a(libc_a-makebuf.o)
                0x020213bc                __smakebuf_r
 .text.__swhatbuf_r
                0x0202149c       0x5c C:/devkitPro/devkitARM/bin/../lib/gcc/arm-none-eabi/15.1.0/../../../../arm-none-eabi/lib/thumb\libg.a(libc_a-makebuf.o)
                0x0202149c                __swhatbuf_r
 .text._findenv_r
                0x020214f8       0x94 C:/devkitPro/devkitARM/bin/../lib/gcc/arm-none-eabi/15.1.0/../../../../arm-none-eabi/lib/thumb\libg.a(libc_a-getenv_r.o)
                0x020214f8                _findenv_r
 .text._getenv_r
                0x0202158c       0x10 C:/devkitPro/devkitARM/bin/../lib/gcc/arm-none-eabi/15.1.0/../../../../arm-none-eabi/lib/thumb\libg.a(libc_a-getenv_r.o)
                0x0202158c                _getenv_r
 .text.__ssputs_r
                0x0202159c       0xd4 C:/devkitPro/devkitARM/bin/../lib/gcc/arm-none-eabi/15.1.0/../../../../arm-none-eabi/lib/thumb\libg.a(libc_a-ssputs_r.o)
                0x0202159c                __ssputs_r
 .text._ftello_r
                0x02021670      0x124 C:/devkitPro/devkitARM/bin/../lib/gcc/arm-none-eabi/15.1.0/../../../../arm-none-eabi/lib/thumb\libg.a(libc_a-ftello.o)
                0x02021670                _ftello_r
 .text.__utf8_wctomb
                0x02021794       0xbc C:/devkitPro/devkitARM/bin/../lib/gcc/arm-none-eabi/15.1.0/../../../../arm-none-eabi/lib/thumb\libg.a(libc_a-wctomb_r.o)
                0x02021794                __utf8_wctomb
 .text._strtoull_l.isra.0
                0x02021850      0x1c0 C:/devkitPro/devkitARM/bin/../lib/gcc/arm-none-eabi/15.1.0/../../../../arm-none-eabi/lib/thumb\libg.a(libc_a-strtoull.o)
 .text._strtoull_r
                0x02021a10       0x20 C:/devkitPro/devkitARM/bin/../lib/gcc/arm-none-eabi/15.1.0/../../../../arm-none-eabi/lib/thumb\libg.a(libc_a-strtoull.o)
                0x02021a10                _strtoull_r
 .text._mbrtowc_r
                0x02021a30       0x98 C:/devkitPro/devkitARM/bin/../lib/gcc/arm-none-eabi/15.1.0/../../../../arm-none-eabi/lib/thumb\libg.a(libc_a-mbrtowc.o)
                0x02021a30                _mbrtowc_r
 .text.__swsetup_r
                0x02021ac8       0xd4 C:/devkitPro/devkitARM/bin/../lib/gcc/arm-none-eabi/15.1.0/../../../../arm-none-eabi/lib/thumb\libg.a(libc_a-wsetup.o)
                0x02021ac8                __swsetup_r
 .text.strncmp  0x02021b9c       0x70 C:/devkitPro/devkitARM/bin/../lib/gcc/arm-none-eabi/15.1.0/../../../../arm-none-eabi/lib/thumb\libg.a(libc_a-strncmp.o)
                0x02021b9c                strncmp
 .text.__env_lock
                0x02021c0c       0x14 C:/devkitPro/devkitARM/bin/../lib/gcc/arm-none-eabi/15.1.0/../../../../arm-none-eabi/lib/thumb\libg.a(libc_a-envlock.o)
                0x02021c0c                __env_lock
 .text.__env_unlock
                0x02021c20       0x14 C:/devkitPro/devkitARM/bin/../lib/gcc/arm-none-eabi/15.1.0/../../../../arm-none-eabi/lib/thumb\libg.a(libc_a-envlock.o)
                0x02021c20                __env_unlock
 .text.__assert_func
                0x02021c34       0x40 C:/devkitPro/devkitARM/bin/../lib/gcc/arm-none-eabi/15.1.0/../../../../arm-none-eabi/lib/thumb\libg.a(libc_a-assert.o)
                0x02021c34                __assert_func
 .text.iswspace_l
                0x02021c74       0x28 C:/devkitPro/devkitARM/bin/../lib/gcc/arm-none-eabi/15.1.0/../../../../arm-none-eabi/lib/thumb\libg.a(libc_a-iswspace_l.o)
                0x02021c74                iswspace_l
 .text._Balloc  0x02021c9c       0x5c C:/devkitPro/devkitARM/bin/../lib/gcc/arm-none-eabi/15.1.0/../../../../arm-none-eabi/lib/thumb\libg.a(libc_a-mprec.o)
                0x02021c9c                _Balloc
 .text._Bfree   0x02021cf8       0x14 C:/devkitPro/devkitARM/bin/../lib/gcc/arm-none-eabi/15.1.0/../../../../arm-none-eabi/lib/thumb\libg.a(libc_a-mprec.o)
                0x02021cf8                _Bfree
 .text.__multadd
                0x02021d0c       0xa8 C:/devkitPro/devkitARM/bin/../lib/gcc/arm-none-eabi/15.1.0/../../../../arm-none-eabi/lib/thumb\libg.a(libc_a-mprec.o)
                0x02021d0c                __multadd
 .text.__hi0bits
                0x02021db4       0x60 C:/devkitPro/devkitARM/bin/../lib/gcc/arm-none-eabi/15.1.0/../../../../arm-none-eabi/lib/thumb\libg.a(libc_a-mprec.o)
                0x02021db4                __hi0bits
 .text.__lo0bits
                0x02021e14       0x8c C:/devkitPro/devkitARM/bin/../lib/gcc/arm-none-eabi/15.1.0/../../../../arm-none-eabi/lib/thumb\libg.a(libc_a-mprec.o)
                0x02021e14                __lo0bits
 .text.__i2b    0x02021ea0       0x64 C:/devkitPro/devkitARM/bin/../lib/gcc/arm-none-eabi/15.1.0/../../../../arm-none-eabi/lib/thumb\libg.a(libc_a-mprec.o)
                0x02021ea0                __i2b
 .text.__multiply
                0x02021f04      0x1b4 C:/devkitPro/devkitARM/bin/../lib/gcc/arm-none-eabi/15.1.0/../../../../arm-none-eabi/lib/thumb\libg.a(libc_a-mprec.o)
                0x02021f04                __multiply
 .text.__pow5mult
                0x020220b8       0xd8 C:/devkitPro/devkitARM/bin/../lib/gcc/arm-none-eabi/15.1.0/../../../../arm-none-eabi/lib/thumb\libg.a(libc_a-mprec.o)
                0x020220b8                __pow5mult
 .text.__lshift
                0x02022190       0xf8 C:/devkitPro/devkitARM/bin/../lib/gcc/arm-none-eabi/15.1.0/../../../../arm-none-eabi/lib/thumb\libg.a(libc_a-mprec.o)
                0x02022190                __lshift
 .text.__mcmp   0x02022288       0x50 C:/devkitPro/devkitARM/bin/../lib/gcc/arm-none-eabi/15.1.0/../../../../arm-none-eabi/lib/thumb\libg.a(libc_a-mprec.o)
                0x02022288                __mcmp
 .text.__mdiff  0x020222d8      0x1a4 C:/devkitPro/devkitARM/bin/../lib/gcc/arm-none-eabi/15.1.0/../../../../arm-none-eabi/lib/thumb\libg.a(libc_a-mprec.o)
                0x020222d8                __mdiff
 .text.__d2b    0x0202247c       0xd4 C:/devkitPro/devkitARM/bin/../lib/gcc/arm-none-eabi/15.1.0/../../../../arm-none-eabi/lib/thumb\libg.a(libc_a-mprec.o)
                0x0202247c                __d2b
 .text._strtoll_l.isra.0
                0x02022550      0x300 C:/devkitPro/devkitARM/bin/../lib/gcc/arm-none-eabi/15.1.0/../../../../arm-none-eabi/lib/thumb\libg.a(libc_a-strtoll.o)
 .text._strtoll_r
                0x02022850       0x20 C:/devkitPro/devkitARM/bin/../lib/gcc/arm-none-eabi/15.1.0/../../../../arm-none-eabi/lib/thumb\libg.a(libc_a-strtoll.o)
                0x02022850                _strtoll_r
 .text.__submore
                0x02022870       0x7c C:/devkitPro/devkitARM/bin/../lib/gcc/arm-none-eabi/15.1.0/../../../../arm-none-eabi/lib/thumb\libg.a(libc_a-ungetc.o)
                0x02022870                __submore
 .text.fiprintf
                0x020228ec       0x28 C:/devkitPro/devkitARM/bin/../lib/gcc/arm-none-eabi/15.1.0/../../../../arm-none-eabi/lib/thumb\libg.a(libc_a-fiprintf.o)
                0x020228ec                fiprintf
 .text.__swbuf_r
                0x02022914       0x98 C:/devkitPro/devkitARM/bin/../lib/gcc/arm-none-eabi/15.1.0/../../../../arm-none-eabi/lib/thumb\libg.a(libc_a-wbuf.o)
                0x02022914                __swbuf_r
 .text.abort    0x020229ac       0x10 C:/devkitPro/devkitARM/bin/../lib/gcc/arm-none-eabi/15.1.0/../../../../arm-none-eabi/lib/thumb\libg.a(libc_a-abort.o)
                0x020229ac                abort
 .text.category
                0x020229bc       0x5c C:/devkitPro/devkitARM/bin/../lib/gcc/arm-none-eabi/15.1.0/../../../../arm-none-eabi/lib/thumb\libg.a(libc_a-categories.o)
                0x020229bc                category
 .text._raise_r
                0x02022a18       0x60 C:/devkitPro/devkitARM/bin/../lib/gcc/arm-none-eabi/15.1.0/../../../../arm-none-eabi/lib/thumb\libg.a(libc_a-signal.o)
                0x02022a18                _raise_r
 .text.raise    0x02022a78       0x14 C:/devkitPro/devkitARM/bin/../lib/gcc/arm-none-eabi/15.1.0/../../../../arm-none-eabi/lib/thumb\libg.a(libc_a-signal.o)
                0x02022a78                raise
 .text._exit    0x02022a8c       0x14 C:/devkitPro/devkitARM/bin/../lib/gcc/arm-none-eabi/15.1.0/../../../../arm-none-eabi/lib/thumb\libsysbase.a(libsysbase_libsysbase_a-_exit.o)
                0x02022a8c                _exit
 .text.chdir    0x02022aa0       0xe4 C:/devkitPro/devkitARM/bin/../lib/gcc/arm-none-eabi/15.1.0/../../../../arm-none-eabi/lib/thumb\libsysbase.a(libsysbase_libsysbase_a-chdir.o)
                0x02022aa0                chdir
 .text._concatenate_path
                0x02022b84      0x134 C:/devkitPro/devkitARM/bin/../lib/gcc/arm-none-eabi/15.1.0/../../../../arm-none-eabi/lib/thumb\libsysbase.a(libsysbase_libsysbase_a-concatenate.o)
                0x02022b84                _concatenate_path
 .text.__dirnext
                0x02022cb8       0x4c C:/devkitPro/devkitARM/bin/../lib/gcc/arm-none-eabi/15.1.0/../../../../arm-none-eabi/lib/thumb\libsysbase.a(libsysbase_libsysbase_a-dirent.o)
 .text.__dirreset.isra.0
                0x02022d04       0x44 C:/devkitPro/devkitARM/bin/../lib/gcc/arm-none-eabi/15.1.0/../../../../arm-none-eabi/lib/thumb\libsysbase.a(libsysbase_libsysbase_a-dirent.o)
 .text.opendir  0x02022d48       0xc0 C:/devkitPro/devkitARM/bin/../lib/gcc/arm-none-eabi/15.1.0/../../../../arm-none-eabi/lib/thumb\libsysbase.a(libsysbase_libsysbase_a-dirent.o)
                0x02022d48                opendir
 .text.closedir
                0x02022e08       0x70 C:/devkitPro/devkitARM/bin/../lib/gcc/arm-none-eabi/15.1.0/../../../../arm-none-eabi/lib/thumb\libsysbase.a(libsysbase_libsysbase_a-dirent.o)
                0x02022e08                closedir
 .text.readdir_r
                0x02022e78       0x8c C:/devkitPro/devkitARM/bin/../lib/gcc/arm-none-eabi/15.1.0/../../../../arm-none-eabi/lib/thumb\libsysbase.a(libsysbase_libsysbase_a-dirent.o)
                0x02022e78                readdir_r
 .text.readdir  0x02022f04       0x28 C:/devkitPro/devkitARM/bin/../lib/gcc/arm-none-eabi/15.1.0/../../../../arm-none-eabi/lib/thumb\libsysbase.a(libsysbase_libsysbase_a-dirent.o)
                0x02022f04                readdir
 .text.rewinddir
                0x02022f2c       0x18 C:/devkitPro/devkitARM/bin/../lib/gcc/arm-none-eabi/15.1.0/../../../../arm-none-eabi/lib/thumb\libsysbase.a(libsysbase_libsysbase_a-dirent.o)
                0x02022f2c                rewinddir
 .text._fstat_r
                0x02022f44       0x5c C:/devkitPro/devkitARM/bin/../lib/gcc/arm-none-eabi/15.1.0/../../../../arm-none-eabi/lib/thumb\libsysbase.a(libsysbase_libsysbase_a-fstat.o)
                0x02022f44                _fstat_r
 .text._getpid_r
                0x02022fa0        0xc C:/devkitPro/devkitARM/bin/../lib/gcc/arm-none-eabi/15.1.0/../../../../arm-none-eabi/lib/thumb\libsysbase.a(libsysbase_libsysbase_a-getpid.o)
                0x02022fa0                _getpid_r
 .text.__getreent
                0x02022fac       0x20 C:/devkitPro/devkitARM/bin/../lib/gcc/arm-none-eabi/15.1.0/../../../../arm-none-eabi/lib/thumb\libsysbase.a(libsysbase_libsysbase_a-getreent.o)
                0x02022fac                __getreent
 .text._gettimeofday_r
                0x02022fcc       0x20 C:/devkitPro/devkitARM/bin/../lib/gcc/arm-none-eabi/15.1.0/../../../../arm-none-eabi/lib/thumb\libsysbase.a(libsysbase_libsysbase_a-gettod.o)
                0x02022fcc                _gettimeofday_r
 .text.__release_handle
                0x02022fec       0x6c C:/devkitPro/devkitARM/bin/../lib/gcc/arm-none-eabi/15.1.0/../../../../arm-none-eabi/lib/thumb\libsysbase.a(libsysbase_libsysbase_a-handle_manager.o)
                0x02022fec                __release_handle
 .text.__alloc_handle