Archive member included to satisfy reference by file (symbol)

C:/devkitPro/libnds/lib\libfat.a(fat_wrappers.o)
                              main.o (fatInitDefault)
C:/devkitPro/libnds/lib\libfat.a(dvm_calico.o)
                              C:/devkitPro/libnds/lib\libfat.a(fat_wrappers.o) (dvmInit)
C:/devkitPro/libnds/lib\libfat.a(dvm_disc.o)
                              C:/devkitPro/libnds/lib\libfat.a(fat_wrappers.o) (dvmDiscCreate)
C:/devkitPro/libnds/lib\libfat.a(dvm_cache.o)
                              C:/devkitPro/libnds/lib\libfat.a(fat_wrappers.o) (dvmDiscCacheCreate)
C:/devkitPro/libnds/lib\libfat.a(dvm_volume.o)
                              C:/devkitPro/libnds/lib\libfat.a(fat_wrappers.o) (dvmMountVolume)
C:/devkitPro/libnds/lib\libfat.a(dvm_prober.o)
                              C:/devkitPro/libnds/lib\libfat.a(dvm_calico.o) (dvmProbeMountDisc)
C:/devkitPro/libnds/lib\libfat.a(fat_driver.o)
                              C:/devkitPro/libnds/lib\libfat.a(dvm_volume.o) (g_vfatFsDriver)
C:/devkitPro/libnds/lib\libfat.a(ff.o)
                              C:/devkitPro/libnds/lib\libfat.a(fat_driver.o) (f_mount)
C:/devkitPro/libnds/lib\libfat.a(ffunicode.o)
                              C:/devkitPro/libnds/lib\libfat.a(ff.o) (ff_uni2oem)
C:/devkitPro/libnds/lib\libnds9.a(background.o)
                              intro.o (bgInit_call)
C:/devkitPro/libnds/lib\libnds9.a(console.o)
                              main.o (consoleInit)
C:/devkitPro/libnds/lib\libnds9.a(decompress.o)
                              intro.o (decompress)
C:/devkitPro/libnds/lib\libnds9.a(exceptionDefault.o)
                              main.o (defaultExceptionHandler)
C:/devkitPro/libnds/lib\libnds9.a(gurumeditation.o)
                              C:/devkitPro/libnds/lib\libnds9.a(exceptionDefault.o) (guruMeditationDump)
C:/devkitPro/libnds/lib\libnds9.a(keys.o)
                              intro.o (scanKeys)
C:/devkitPro/libnds/lib\libnds9.a(sprite_alloc.o)
                              main.o (oamAllocateGfx)
C:/devkitPro/libnds/lib\libnds9.a(sprite.o)
                              main.o (oamInit)
C:/devkitPro/libnds/lib\libnds9.a(trig.o)
                              C:/devkitPro/libnds/lib\libnds9.a(background.o) (sinLerp)
C:/devkitPro/libnds/lib\libnds9.a(exceptionEntry.o)
                              C:/devkitPro/libnds/lib\libnds9.a(exceptionDefault.o) (__libnds_excpt)
C:/devkitPro/libnds/lib\libnds9.a(default_font.bin.o)
                              C:/devkitPro/libnds/lib\libnds9.a(console.o) (default_font_bin)
C:/devkitPro/calico/lib\libcalico_ds9.a(thread_cold.o)
                              main.o (threadIrqWait)
C:/devkitPro/calico/lib\libcalico_ds9.a(thread_hot.32.o)
                              C:/devkitPro/libnds/lib\libnds9.a(exceptionDefault.o) (__sched_state)
C:/devkitPro/calico/lib\libcalico_ds9.a(dietprint.o)
                              C:/devkitPro/libnds/lib\libnds9.a(exceptionDefault.o) (g_dietPrintFn)
C:/devkitPro/calico/lib\libcalico_ds9.a(newlib_syscalls.o)
                              C:/devkitPro/libnds/lib\libfat.a(fat_driver.o) (__errno)
C:/devkitPro/calico/lib\libcalico_ds9.a(arm-copy-fill.32.o)
                              C:/devkitPro/libnds/lib\libfat.a(dvm_calico.o) (armCopyMem32)
C:/devkitPro/calico/lib\libcalico_ds9.a(arm-context.32.o)
                              C:/devkitPro/calico/lib\libcalico_ds9.a(thread_cold.o) (armContextSave)
C:/devkitPro/calico/lib\libcalico_ds9.a(arm-shims.32.o)
                              C:/devkitPro/calico/lib\libcalico_ds9.a(thread_cold.o) (armWaitForIrq)
C:/devkitPro/calico/lib\libcalico_ds9.a(arm-cache.32.o)
                              main.o (armDCacheFlush)
C:/devkitPro/calico/lib\libcalico_ds9.a(startup.crt0.o)
                              C:/devkitPro/libnds/lib\libfat.a(dvm_calico.o) (g_isTwlMode)
C:/devkitPro/calico/lib\libcalico_ds9.a(utils.crt0.o)
                              C:/devkitPro/calico/lib\libcalico_ds9.a(startup.crt0.o) (crt0CopyMem32)
C:/devkitPro/calico/lib\libcalico_ds9.a(bios.o)
                              C:/devkitPro/libnds/lib\libnds9.a(decompress.o) (svcLZ77UncompWram)
C:/devkitPro/calico/lib\libcalico_ds9.a(pxi.o)
                              C:/devkitPro/calico/lib\libcalico_ds9.a(startup.crt0.o) (_pxiInit)
C:/devkitPro/calico/lib\libcalico_ds9.a(keypad.o)
                              C:/devkitPro/libnds/lib\libnds9.a(keys.o) (keypadGetState)
C:/devkitPro/calico/lib\libcalico_ds9.a(pm.o)
                              main.o (pmMainLoop)
C:/devkitPro/calico/lib\libcalico_ds9.a(bootstub_arm9.o)
                              (__ds9_bootstub)
C:/devkitPro/calico/lib\libcalico_ds9.a(mpu_setup.crt0.o)
                              C:/devkitPro/calico/lib\libcalico_ds9.a(startup.crt0.o) (crt0SetupMPU)
C:/devkitPro/calico/lib\libcalico_ds9.a(sys_startup.o)
                              C:/devkitPro/calico/lib\libcalico_ds9.a(startup.crt0.o) (systemStartup)
[...]
Memory Configuration

Name             Origin             Length             Attributes
lma9             0x02004000         0x0027c000
lma9i            0x02400000         0x00280000
vectors          0x00000000         0x00000020
itcm             0x01ff8020         0x00007fe0
main             0x02001000         0x00f7f000
dtcm             0x02ff0000         0x00003e80
dldi             0x0380b000         0x00004000
stub             0x0e000000         0x00004000
tls              0x00000000         0x00000400
*default*        0x00000000         0xffffffff

Linker script and memory map

                0x00000000                        __sync_synchronize = __sync_synchronize_none
LOAD C:/devkitPro/devkitARM/bin/../lib/gcc/arm-none-eabi/15.1.0/thumb/crti.o
LOAD C:/devkitPro/devkitARM/bin/../lib/gcc/arm-none-eabi/15.1.0/thumb/crtbegin.o
LOAD GFXconsoleInput.o
LOAD GFXinput.o
LOAD GFXintro.o
LOAD GFXnewImageInput.o
LOAD GFXselector16.o
LOAD GFXselector24.o
LOAD avdslib.o
LOAD formats.o
LOAD intro.o
LOAD main.o
LOAD drawSurfaceBottom16x.o
LOAD drawSurfaceBottom2x.o
LOAD drawSurfaceBottom32x.o
LOAD drawSurfaceBottom4x.o
LOAD drawSurfaceBottom8x.o
LOAD header.o
LOAD memcpy_fast_arm9.o
LOAD C:/devkitPro/libnds/lib\libfat.a
LOAD C:/devkitPro/libnds/lib\libnds9.a
LOAD C:/devkitPro/calico/lib\libcalico_ds9.a
LOAD C:/devkitPro/devkitARM/bin/../lib/gcc/arm-none-eabi/15.1.0/../../../../arm-none-eabi/lib/thumb\libstdc++.a
LOAD C:/devkitPro/devkitARM/bin/../lib/gcc/arm-none-eabi/15.1.0/../../../../arm-none-eabi/lib/thumb\libm.a
START GROUP
LOAD C:/devkitPro/devkitARM/bin/../lib/gcc/arm-none-eabi/15.1.0/thumb\libgcc.a
LOAD C:/devkitPro/devkitARM/bin/../lib/gcc/arm-none-eabi/15.1.0/../../../../arm-none-eabi/lib/thumb\libg.a
LOAD C:/devkitPro/devkitARM/bin/../lib/gcc/arm-none-eabi/15.1.0/../../../../arm-none-eabi/lib/thumb\libc.a
LOAD C:/devkitPro/devkitARM/bin/../lib/gcc/arm-none-eabi/15.1.0/../../../../arm-none-eabi/lib/thumb\libsysbase.a
END GROUP
LOAD C:/devkitPro/devkitARM/bin/../lib/gcc/arm-none-eabi/15.1.0/thumb/crtend.o
LOAD C:/devkitPro/devkitARM/bin/../lib/gcc/arm-none-eabi/15.1.0/thumb/crtn.o
                0x02ff3e80                        PROVIDE (__sp_usr = (ORIGIN (dtcm) + LENGTH (dtcm)))
                0x02ff3f80                        PROVIDE (__sp_irq = (__sp_usr + 0x100))
                0x02ff3fc0                        PROVIDE (__sp_svc = (__sp_irq + 0x40))
                0x02ff3ff8                        PROVIDE (__irq_flags = (__sp_svc + 0x38))
                [!provide]                        PROVIDE (__irq_vector = (__sp_svc + 0x3c))
                [!provide]                        PROVIDE (__arm_excpt_rst = 0xffff0000)
                [!provide]                        PROVIDE (__arm_excpt_und = 0xffff0004)
                0xffff0008                        PROVIDE (__arm_excpt_svc = 0xffff0008)
                [!provide]                        PROVIDE (__arm_excpt_pabt = 0xffff000c)
                [!provide]                        PROVIDE (__arm_excpt_dabt = 0xffff0010)
                [!provide]                        PROVIDE (__arm_excpt_irq = 0xffff0018)
                [!provide]                        PROVIDE (__arm_excpt_fiq = 0xffff001c)
                0x00000000                        PROVIDE (__end__ = 0x0)

.secure         0x0e000000      0x800 load address 0x02004000
                0x0e0007fc                        . = (. + 0x7fc)
 *fill*         0x0e000000      0x7fc 00000000
                0x0e0007fc        0x4 LONG 0x0

.bootstub       0x0e000800      0x198 load address 0x02004800
 *(.bootstub .bootstub.*)
 .bootstub.__ds9_bootstub
                0x0e000800      0x198 C:/devkitPro/calico/lib\libcalico_ds9.a(bootstub_arm9.o)
                0x0e000800                __ds9_bootstub
                0x0e000998                        . = ALIGN (0x4)

.crt0           0x02001000      0x3c0 load address 0x02004998
 *(.crt0 .crt0.*)
 .crt0.__ds9_bootstub_trampoline
                0x02001000       0x60 C:/devkitPro/calico/lib\libcalico_ds9.a(bootstub_arm9.o)
 *.crt0.*(.text .stub .text.* .gnu.linkonce.t.*)
 .text.crt0ProcessLoadList
                0x02001060       0x74 C:/devkitPro/calico/lib\libcalico_ds9.a(startup.crt0.o)
                0x02001060                crt0ProcessLoadList
 .text.crt0Startup
                0x020010d4      0x180 C:/devkitPro/calico/lib\libcalico_ds9.a(startup.crt0.o)
                0x020010d4                crt0Startup
 .text.crt0CopyMem32
                0x02001254       0x4c C:/devkitPro/calico/lib\libcalico_ds9.a(utils.crt0.o)
                0x02001254                crt0CopyMem32
 .text.crt0FillMem32
                0x020012a0       0x58 C:/devkitPro/calico/lib\libcalico_ds9.a(utils.crt0.o)
                0x020012a0                crt0FillMem32
 .text.crt0SetupMPU
                0x020012f8       0xb4 C:/devkitPro/calico/lib\libcalico_ds9.a(mpu_setup.crt0.o)
                0x020012f8                crt0SetupMPU
 *.crt0.*(.glue_7t .glue_7 .vfp11_veneer .v4_bx)
 *.crt0.*(.rodata .rodata.* .gnu.linkonce.r.*)
 *.crt0.*(.rodata1)
                0x020013c0                        . = ALIGN (0x20)
 *fill*         0x020013ac       0x14 ff
                0x02004998                        PROVIDE (__crt0_lma = LOADADDR (.crt0))
                0x02001000                        PROVIDE (__crt0_start = ADDR (.crt0))
                0x020013c0                        PROVIDE (__crt0_end = (ADDR (.crt0) + SIZEOF (.crt0)))
                0x00000001                        ASSERT (((__crt0_end <= LOADADDR (.bootstub)) || (__crt0_start >= (LOADADDR (.bootstub) + SIZEOF (.bootstub)))), Error: crt0 section overlaps initial bootstrap)

.dldi           0x0380b000     0x4000 load address 0x02004d58
 *(.dldi)
 .dldi          0x0380b000     0x4000 C:/devkitPro/calico/lib\libcalico_ds9.a(dldi_stub.o)
                0x0380b000                __dldi_start
                0x02004d58                        PROVIDE (__dldi_lma = SIZEOF (.dldi)?LOADADDR (.dldi):0x0)

.vectors        0x00000000       0x20 load address 0x02008d58
 *(.vectors)
 .vectors       0x00000000       0x20 C:/devkitPro/calico/lib\libcalico_ds9.a(bootstub_arm9.o)

.itcm           0x01ff8020      0x700 load address 0x02008d78
 *(.itcm .itcm.*)
 .itcm          0x01ff8020       0x30 C:/devkitPro/calico/lib\libcalico_ds9.a(bootstub_arm9.o)
                0x01ff8038                __excpt_vectors
 *.itcm.*(.text .stub .text.* .gnu.linkonce.t.*)
 *.32.o(.text .stub .text.* .gnu.linkonce.t.*)
 .text.threadReschedule
                0x01ff8050       0x88 C:/devkitPro/calico/lib\libcalico_ds9.a(thread_hot.32.o)
 .text.threadBlock
                0x01ff80d8       0xd8 C:/devkitPro/calico/lib\libcalico_ds9.a(thread_hot.32.o)
                0x01ff80d8                threadBlock
 .text.threadUnblockOneByValue
                0x01ff81b0       0xc0 C:/devkitPro/calico/lib\libcalico_ds9.a(thread_hot.32.o)
                0x01ff81b0                threadUnblockOneByValue
 .text.threadUnblockAllByValue
                0x01ff8270      0x130 C:/devkitPro/calico/lib\libcalico_ds9.a(thread_hot.32.o)
                0x01ff8270                threadUnblockAllByValue
 .text.threadUnblockAllByMask
                0x01ff83a0      0x134 C:/devkitPro/calico/lib\libcalico_ds9.a(thread_hot.32.o)
                0x01ff83a0                threadUnblockAllByMask
 .text.armCopyMem32
                0x01ff84d4       0x4c C:/devkitPro/calico/lib\libcalico_ds9.a(arm-copy-fill.32.o)
                0x01ff84d4                armCopyMem32
 .text.armContextSave
                0x01ff8520       0x2c C:/devkitPro/calico/lib\libcalico_ds9.a(arm-context.32.o)
                0x01ff8520                armContextSave
 .text.armContextLoad
                0x01ff854c       0x20 C:/devkitPro/calico/lib\libcalico_ds9.a(arm-context.32.o)
                0x01ff854c                armContextLoad
                0x01ff8550                armContextLoadFromSvc
 .text.armWaitForIrq
                0x01ff856c        0x8 C:/devkitPro/calico/lib\libcalico_ds9.a(arm-shims.32.o)
                0x01ff856c                armWaitForIrq
 .text.armDrainWriteBuffer
                0x01ff8574        0xc C:/devkitPro/calico/lib\libcalico_ds9.a(arm-cache.32.o)
                0x01ff8574                armDrainWriteBuffer
 .text.armDCacheFlushAll
                0x01ff8580       0x28 C:/devkitPro/calico/lib\libcalico_ds9.a(arm-cache.32.o)
                0x01ff8580                armDCacheFlushAll
 .text.armDCacheFlush
                0x01ff85a8       0x1c C:/devkitPro/calico/lib\libcalico_ds9.a(arm-cache.32.o)
                0x01ff85a8                armDCacheFlush
 .text.armDCacheInvalidate
                0x01ff85c4       0x1c C:/devkitPro/calico/lib\libcalico_ds9.a(arm-cache.32.o)
                0x01ff85c4                armDCacheInvalidate
 .text.armICacheInvalidateAll
                0x01ff85e0        0xc C:/devkitPro/calico/lib\libcalico_ds9.a(arm-cache.32.o)
                0x01ff85e0                armICacheInvalidateAll
 .text.__excpt_entry
                0x01ff85ec       0x50 C:/devkitPro/calico/lib\libcalico_ds9.a(excpt_handler.32.o)
                0x01ff85ec                __arm_excpt_rst
                0x01ff85f0                __arm_excpt_pabt
                0x01ff85f4                __arm_excpt_und
                0x01ff8600                __arm_excpt_dabt
 .text.__arm_excpt_irq
                0x01ff863c       0xe4 C:/devkitPro/calico/lib\libcalico_ds9.a(irq_handler.32.o)
                0x01ff863c                __arm_excpt_irq
 *.itcm.*(.glue_7t .glue_7 .vfp11_veneer .v4_bx)
 *.32.o(.glue_7t .glue_7 .vfp11_veneer .v4_bx)
 *.itcm.*(.rodata .rodata.* .gnu.linkonce.r.*)
 *.32.o(.rodata .rodata.* .gnu.linkonce.r.*)
 *.itcm.*(.rodata1)
 *.32.o(.rodata1)
                0x01ff8720                        . = ALIGN (0x4)
                0x02008d58                        PROVIDE (__itcm_lma = LOADADDR (.vectors))
                0x01ff8000                        PROVIDE (__itcm_start = (ADDR (.itcm) - SIZEOF (.vectors)))
                0x01ff8720                        PROVIDE (__itcm_end = (ADDR (.itcm) + SIZEOF (.itcm)))
                0x00000001                        ASSERT (((__itcm_lma + SIZEOF (.vectors)) == LOADADDR (.itcm)), Error: gap between vectors and itcm)

.dtcm           0x02ff0000        0x0 load address 0x02009478
 *(.dtcm .dtcm.*)
 *.32.o(.data .data.* .gnu.linkonce.d.*)
 *.32.o(.data1)
                0x02ff0000                        . = ALIGN (0x4)
                [!provide]                        PROVIDE (__dtcm_lma = LOADADDR (.dtcm))
                0x02ff0000                        PROVIDE (__dtcm_start = ADDR (.dtcm))
                0x02ff0000                        PROVIDE (__dtcm_end = (ADDR (.dtcm) + SIZEOF (.dtcm)))

.dtcm.bss       0x02ff0000       0x98 load address 0x02009478
 *(.sbss .sbss.*)
 *.32.o(.dynbss)
 *.32.o(.bss .bss.* .gnu.linkonce.b.*)
 .bss.__irq_table
                0x02ff0000       0x80 C:/devkitPro/calico/lib\libcalico_ds9.a(thread_hot.32.o)
                0x02ff0000                __irq_table
 .bss.__sched_state
                0x02ff0080       0x18 C:/devkitPro/calico/lib\libcalico_ds9.a(thread_hot.32.o)
                0x02ff0080                __sched_state
 *.32.o(COMMON)
                0x02ff0098                        . = ALIGN (0x4)
                [!provide]                        PROVIDE (__dtcm_bss_start = ADDR (.dtcm.bss))
                0x02ff0098                        PROVIDE (__dtcm_bss_end = (ADDR (.dtcm.bss) + SIZEOF (.dtcm.bss)))

.main           0x020013c0    0x31b84 load address 0x02009478
 *(SORT_NONE(.init))
 .init          0x020013c0        0x4 C:/devkitPro/devkitARM/bin/../lib/gcc/arm-none-eabi/15.1.0/thumb/crti.o
                0x020013c0                _init
 .init          0x020013c4        0x8 C:/devkitPro/devkitARM/bin/../lib/gcc/arm-none-eabi/15.1.0/thumb/crtn.o
 EXCLUDE_FILE(*.twl.*) *(.text.unlikely .text.*_unlikely .text.unlikely.*)
 EXCLUDE_FILE(*.twl.*) *(.text.exit .text.exit.*)
 .text.exit     0x020013cc       0x24 C:/devkitPro/devkitARM/bin/../lib/gcc/arm-none-eabi/15.1.0/../../../../arm-none-eabi/lib/thumb\libg.a(libc_a-exit.o)
                0x020013cc                exit
 EXCLUDE_FILE(*.twl.*) *(.text.startup .text.startup.*)
 .text.startup.main
                0x020013f0     0x1034 main.o
                0x020013f0                main
 EXCLUDE_FILE(*.twl.*) *(.text.hot .text.hot.*)
 EXCLUDE_FILE(*.twl.*) *(.text .iplt .stub .text.* .gnu.linkonce.t.*)
 .text.__do_global_dtors_aux
                0x02002424       0x2c C:/devkitPro/devkitARM/bin/../lib/gcc/arm-none-eabi/15.1.0/thumb/crtbegin.o
 .text.frame_dummy
                0x02002450       0x24 C:/devkitPro/devkitARM/bin/../lib/gcc/arm-none-eabi/15.1.0/thumb/crtbegin.o
 .iplt          0x02002474        0x0 C:/devkitPro/devkitARM/bin/../lib/gcc/arm-none-eabi/15.1.0/thumb/crtbegin.o
 .text._Z6AVARGBiiii
                0x02002474       0x24 avdslib.o
                0x02002474                AVARGB(int, int, int, int)
 .text._Z13AVinvertColort
                0x02002498       0x10 avdslib.o
                0x02002498                AVinvertColor(unsigned short)
 .text._Z9AVfillDMAPtiit
                0x020024a8       0x44 avdslib.o
                0x020024a8                AVfillDMA(unsigned short*, int, int, unsigned short)
 .text._Z15AVdrawRectanglePtiiiit
                0x020024ec       0x9c avdslib.o
                0x020024ec                AVdrawRectangle(unsigned short*, int, int, int, int, unsigned short)
 .text._Z18AVdrawRectangleDMAPtiiiiti
                0x02002588       0x84 avdslib.o
                0x02002588                AVdrawRectangleDMA(unsigned short*, int, int, int, int, unsigned short, int)
 .text._Z21AVdrawRectangleHollowPtiiiit
                0x0200260c       0x9c avdslib.o
                0x0200260c                AVdrawRectangleHollow(unsigned short*, int, int, int, int, unsigned short)
 .text._Z11AVdrawVlinePtiiit
                0x020026a8       0x24 avdslib.o
                0x020026a8                AVdrawVline(unsigned short*, int, int, int, unsigned short)
 .text._Z11AVdrawHlinePtiiit
                0x020026cc       0x24 avdslib.o
                0x020026cc                AVdrawHline(unsigned short*, int, int, int, unsigned short)
 .text._Z9importNESPKcPt
                0x020026f0      0x108 formats.o
                0x020026f0                importNES(char const*, unsigned short*)
 .text._Z9exportNESPKcPti
                0x020027f8       0xf8 formats.o
                0x020027f8                exportNES(char const*, unsigned short*, int)
 .text._Z9importGBCPKcPt
                0x020028f0       0xd8 formats.o
                0x020028f0                importGBC(char const*, unsigned short*)
 .text._Z9exportGBCPKcPti
                0x020029c8       0xcc formats.o
                0x020029c8                exportGBC(char const*, unsigned short*, int)
 .text._Z10importSNESPKcPt
                0x02002a94      0x15c formats.o
                0x02002a94                importSNES(char const*, unsigned short*)
 .text._Z10exportSNESPKcPti
                0x02002bf0      0x15c formats.o
                0x02002bf0                exportSNES(char const*, unsigned short*, int)
 .text._Z9importGBAPKcPt
                0x02002d4c       0xcc formats.o
                0x02002d4c                importGBA(char const*, unsigned short*)
 .text._Z9exportGBAPKcPti
                0x02002e18       0xa8 formats.o
                0x02002e18                exportGBA(char const*, unsigned short*, int)
 .text._Z9importPalPKc
                0x02002ec0       0xbc formats.o
                0x02002ec0                importPal(char const*)
 .text._Z9exportPalPKc
                0x02002f7c       0x94 formats.o
                0x02002f7c                exportPal(char const*)
 .text._Z9importPCXPKcPt
                0x02003010      0x1d4 formats.o
                0x02003010                importPCX(char const*, unsigned short*)
 .text._Z9exportPCXPKcPtii
                0x020031e4      0x194 formats.o
                0x020031e4                exportPCX(char const*, unsigned short*, int, int)
 .text._Z14writeBmpHeaderP7__sFILE
                0x02003378       0x94 formats.o
                0x02003378                writeBmpHeader(__sFILE*)
 .text._Z7saveBMPPKcPtS1_
                0x0200340c       0x8c formats.o
                0x0200340c                saveBMP(char const*, unsigned short*, unsigned short*)
 .text._Z15saveBMP_indexedPKcPtS1_
                0x02003498      0x154 formats.o
                0x02003498                saveBMP_indexed(char const*, unsigned short*, unsigned short*)
 .text._Z15loadBMP_indexedPKcPtS1_
                0x020035ec      0x218 formats.o
                0x020035ec                loadBMP_indexed(char const*, unsigned short*, unsigned short*)
 .text._Z12saveBMP_4bppPKcPtS1_
                0x02003804      0x1a8 formats.o
                0x02003804                saveBMP_4bpp(char const*, unsigned short*, unsigned short*)
 .text._Z12loadBMP_4bppPKcPtS1_
                0x020039ac      0x1c0 formats.o
                0x020039ac                loadBMP_4bpp(char const*, unsigned short*, unsigned short*)
 .text._Z9importGIFPKcPt
                0x02003b6c      0x1a8 formats.o
                0x02003b6c                importGIF(char const*, unsigned short*)
 .text._Z9exportGIFPKcPtii
                0x02003d14      0x1b0 formats.o
                0x02003d14                exportGIF(char const*, unsigned short*, int, int)
 .text._Z9importTGAPKcPt
                0x02003ec4      0x130 formats.o
                0x02003ec4                importTGA(char const*, unsigned short*)
 .text._Z9exportTGAPKcPtii
                0x02003ff4      0x12c formats.o
                0x02003ff4                exportTGA(char const*, unsigned short*, int, int)
 .text._Z13topBackgroundv
                0x02004120       0xa8 intro.o
                0x02004120                topBackground()
 .text._Z5introv
                0x020041c8      0x120 intro.o
                0x020041c8                intro()
 .text._Z9listFilesv.part.0
                0x020042e8      0x208 main.o
 .text._Z8textModev.part.0
                0x020044f0       0x50 main.o
 .text._Z11enterFolderi
                0x02004540       0x84 main.o
                0x02004540                enterFolder(int)
 .text._Z6goBackv
                0x020045c4       0x58 main.o
                0x020045c4                goBack()
 .text._Z9listFilesv
                0x0200461c       0x24 main.o
                0x0200461c                listFiles()
 .text._Z10submitVRAMbb
                0x02004640      0x104 main.o
                0x02004640                submitVRAM(bool, bool)
 .text._Z15drawSurfaceMainb
                0x02004744      0x110 main.o
                0x02004744                drawSurfaceMain(bool)
 .text._Z17drawSurfaceBottomv
                0x02004854      0x1f8 main.o
                0x02004854                drawSurfaceBottom()
 .text._Z16drawColorPalettev
                0x02004a4c       0x74 main.o
                0x02004a4c                drawColorPalette()
 .text._Z14drawNesPalettev
                0x02004ac0       0x74 main.o
                0x02004ac0                drawNesPalette()
 .text._Z9updatePaliPi
                0x02004b34      0x170 main.o
                0x02004b34                updatePal(int, int*)
 .text._Z14clearTopBitmapv
                0x02004ca4       0xb8 main.o
                0x02004ca4                clearTopBitmap()
 .text._Z10initBitmapv
                0x02004d5c      0x1f8 main.o
                0x02004d5c                initBitmap()
 .text._Z16setEditorSpritesv
                0x02004f54       0x48 main.o
                0x02004f54                setEditorSprites()
 .text._Z19getActionsFromTouchi
                0x02004f9c       0x40 main.o
                0x02004f9c                getActionsFromTouch(int)
 .text._Z12applyActionsi
                0x02004fdc      0x15c main.o
                0x02004fdc                applyActions(int)
 .text._Z9handleKeyc
                0x02005138       0x78 main.o
                0x02005138                handleKey(char)
 .text._Z9floodFillPtiittii
                0x020051b0       0xd0 main.o
                0x020051b0                floodFill(unsigned short*, int, int, unsigned short, unsigned short, int, int)
 .text._Z9applyTooliib
                0x02005280      0x270 main.o
                0x02005280                applyTool(int, int, bool)
 .text._Z22copyFromSurfaceToStackv
                0x020054f0       0x98 main.o
                0x020054f0                copyFromSurfaceToStack()
 .text._Z21cutFromSurfaceToStackv
                0x02005588       0x44 main.o
                0x02005588                cutFromSurfaceToStack()
 .text._Z23pasteFromStackToSurfaceii
                0x020055cc       0x8c main.o
                0x020055cc                pasteFromStackToSurface(int, int)
 .text._Z5flipHv
                0x02005658       0xa4 main.o
                0x02005658                flipH()
 .text._Z5flipVv
                0x020056fc       0x98 main.o
                0x020056fc                flipV()
 .text._Z7scaleUpv
                0x02005794      0x114 main.o
                0x02005794                scaleUp()
 .text._Z9scaleDownv
                0x020058a8       0xd4 main.o
                0x020058a8                scaleDown()
 .text._Z14rotatePositivev
                0x0200597c       0x80 main.o
                0x0200597c                rotatePositive()
 .text._Z14rotateNegativev
                0x020059fc       0x8c main.o
                0x020059fc                rotateNegative()
 .text._Z18setBackupVariablesv
                0x02005a88       0x4c main.o
                0x02005a88                setBackupVariables()
 .text._Z11backupWritev
                0x02005ad4       0x6c main.o
                0x02005ad4                backupWrite()
 .text._Z10backupReadv
                0x02005b40       0x58 main.o
                0x02005b40                backupRead()
 .text._Z7initFPSv
                0x02005b98       0x24 main.o
                0x02005b98                initFPS()
 .text          0x02005bbc       0xa8 drawSurfaceBottom16x.o
                0x02005bbc                drawSurfaceBottom16x
 .text          0x02005c64       0x60 drawSurfaceBottom2x.o
                0x02005c64                drawSurfaceBottom2x
 .text          0x02005cc4       0xe8 drawSurfaceBottom32x.o
                0x02005cc4                drawSurfaceBottom32x
 .text          0x02005dac       0x78 drawSurfaceBottom4x.o
                0x02005dac                drawSurfaceBottom4x
 .text          0x02005e24       0x88 drawSurfaceBottom8x.o
                0x02005e24                drawSurfaceBottom8x
 .text          0x02005eac       0x60 memcpy_fast_arm9.o
                0x02005eac                memcpy_fast_arm9
 .text.fatInitDefault
                0x02005f0c       0x20 C:/devkitPro/libnds/lib\libfat.a(fat_wrappers.o)
                0x02005f0c                fatInitDefault
 .text._dvmDiscCalicoDummy
                0x02005f2c        0x4 C:/devkitPro/libnds/lib\libfat.a(dvm_calico.o)
 .text._dvmDiscCalicoWriteSectors
                0x02005f30        0x8 C:/devkitPro/libnds/lib\libfat.a(dvm_calico.o)
 .text._dvmDiscCalicoReadSectors
                0x02005f38        0x8 C:/devkitPro/libnds/lib\libfat.a(dvm_calico.o)
 .text._dvmIsAlignedAccess
                0x02005f40       0x30 C:/devkitPro/libnds/lib\libfat.a(dvm_calico.o)
                0x02005f40                _dvmIsAlignedAccess
 .text._dvmCacheCopy
                0x02005f70       0x14 C:/devkitPro/libnds/lib\libfat.a(dvm_calico.o)
                0x02005f70                _dvmCacheCopy
 .text.dvmInit  0x02005f84      0x268 C:/devkitPro/libnds/lib\libfat.a(dvm_calico.o)
                0x02005f84                dvmInit
 .text.dvmDiscAddUser
                0x020061ec       0x10 C:/devkitPro/libnds/lib\libfat.a(dvm_disc.o)
                0x020061ec                dvmDiscAddUser
 .text.dvmDiscRemoveUser
                0x020061fc       0x28 C:/devkitPro/libnds/lib\libfat.a(dvm_disc.o)
                0x020061fc                dvmDiscRemoveUser
 .text._dvmDiscCacheReadWrite
                0x02006224      0x3ec C:/devkitPro/libnds/lib\libfat.a(dvm_cache.o)
 .text._dvmDiscCacheWriteSectors
                0x02006610       0x58 C:/devkitPro/libnds/lib\libfat.a(dvm_cache.o)
 .text._dvmDiscCacheReadSectors
                0x02006668       0x58 C:/devkitPro/libnds/lib\libfat.a(dvm_cache.o)
 .text._dvmDiscCacheFlush
                0x020066c0       0xac C:/devkitPro/libnds/lib\libfat.a(dvm_cache.o)
 .text._dvmDiscCacheDestroy
                0x0200676c       0x28 C:/devkitPro/libnds/lib\libfat.a(dvm_cache.o)
 .text.dvmDiscCacheCreate
                0x02006794      0x1a0 C:/devkitPro/libnds/lib\libfat.a(dvm_cache.o)
                0x02006794                dvmDiscCacheCreate
 .text.dvmMountVolume
                0x02006934      0x188 C:/devkitPro/libnds/lib\libfat.a(dvm_volume.o)
                0x02006934                dvmMountVolume
 .text._dvmSetAppWorkingDir
                0x02006abc       0x74 C:/devkitPro/libnds/lib\libfat.a(dvm_volume.o)
                0x02006abc                _dvmSetAppWorkingDir
 .text._dvmIdentMbrVbr
                0x02006b30      0x1d8 C:/devkitPro/libnds/lib\libfat.a(dvm_prober.o)
 .text._dvmReadPartitionTable
                0x02006d08      0x204 C:/devkitPro/libnds/lib\libfat.a(dvm_prober.o)
 .text.dvmProbeMountDisc
                0x02006f0c       0xf0 C:/devkitPro/libnds/lib\libfat.a(dvm_prober.o)
                0x02006f0c                dvmProbeMountDisc
 .text._FAT_fstat_r
                0x02006ffc       0xac C:/devkitPro/libnds/lib\libfat.a(fat_driver.o)
 .text._FAT_umount
                0x020070a8       0x1c C:/devkitPro/libnds/lib\libfat.a(fat_driver.o)
 .text._FAT_mount
                0x020070c4       0x44 C:/devkitPro/libnds/lib\libfat.a(fat_driver.o)
 .text._FAT_seek_r
                0x02007108      0x13c C:/devkitPro/libnds/lib\libfat.a(fat_driver.o)
 .text._FAT_set_stat.isra.0
                0x02007244      0x10c C:/devkitPro/libnds/lib\libfat.a(fat_driver.o)
 .text._FAT_mkdir_r
                0x02007350       0x64 C:/devkitPro/libnds/lib\libfat.a(fat_driver.o)
 .text._FAT_chdir_r
                0x020073b4       0x64 C:/devkitPro/libnds/lib\libfat.a(fat_driver.o)
 .text._FAT_unlink_r
                0x02007418       0x70 C:/devkitPro/libnds/lib\libfat.a(fat_driver.o)
 .text._FAT_rmdir_r
                0x02007488       0x6c C:/devkitPro/libnds/lib\libfat.a(fat_driver.o)
 .text._FAT_diropen_r
                0x020074f4       0x7c C:/devkitPro/libnds/lib\libfat.a(fat_driver.o)
 .text._FAT_fsync_r
                0x02007570       0x64 C:/devkitPro/libnds/lib\libfat.a(fat_driver.o)
 .text._FAT_close_r
                0x020075d4       0x64 C:/devkitPro/libnds/lib\libfat.a(fat_driver.o)
 .text._FAT_dirclose_r
                0x02007638       0x64 C:/devkitPro/libnds/lib\libfat.a(fat_driver.o)
 .text._FAT_dirreset_r
                0x0200769c       0x6c C:/devkitPro/libnds/lib\libfat.a(fat_driver.o)
 .text._FAT_rename_r
                0x02007708       0x80 C:/devkitPro/libnds/lib\libfat.a(fat_driver.o)
 .text._FAT_stat_r
                0x02007788       0x98 C:/devkitPro/libnds/lib\libfat.a(fat_driver.o)
 .text._FAT_read_r
                0x02007820       0x7c C:/devkitPro/libnds/lib\libfat.a(fat_driver.o)
 .text._FAT_write_r
                0x0200789c       0x7c C:/devkitPro/libnds/lib\libfat.a(fat_driver.o)
 .text._FAT_statvfs_r
                0x02007918       0xf0 C:/devkitPro/libnds/lib\libfat.a(fat_driver.o)
 .text._FAT_ftruncate_r
                0x02007a08      0x190 C:/devkitPro/libnds/lib\libfat.a(fat_driver.o)
 .text._FAT_dirnext_r
                0x02007b98      0x124 C:/devkitPro/libnds/lib\libfat.a(fat_driver.o)
 .text._FAT_open_r
                0x02007cbc      0x124 C:/devkitPro/libnds/lib\libfat.a(fat_driver.o)
 .text.get_fattime
                0x02007de0       0x64 C:/devkitPro/libnds/lib\libfat.a(fat_driver.o)
                0x02007de0                get_fattime
 .text.ff_mutex_create
                0x02007e44       0x18 C:/devkitPro/libnds/lib\libfat.a(fat_driver.o)
                0x02007e44                ff_mutex_create
 .text.ff_mutex_delete
                0x02007e5c        0x4 C:/devkitPro/libnds/lib\libfat.a(fat_driver.o)
                0x02007e5c                ff_mutex_delete
 .text.ff_mutex_take
                0x02007e60       0x14 C:/devkitPro/libnds/lib\libfat.a(fat_driver.o)
                0x02007e60                ff_mutex_take
 .text.ff_mutex_give
                0x02007e74        0x8 C:/devkitPro/libnds/lib\libfat.a(fat_driver.o)
                0x02007e74                ff_mutex_give
 .text.disk_initialize
                0x02007e7c       0x24 C:/devkitPro/libnds/lib\libfat.a(fat_driver.o)
                0x02007e7c                disk_initialize
 .text.disk_status
                0x02007ea0       0x24 C:/devkitPro/libnds/lib\libfat.a(fat_driver.o)
                0x02007ea0                disk_status
 .text.disk_read
                0x02007ec4       0x2c C:/devkitPro/libnds/lib\libfat.a(fat_driver.o)
                0x02007ec4                disk_read
 .text.disk_write
                0x02007ef0       0x2c C:/devkitPro/libnds/lib\libfat.a(fat_driver.o)
                0x02007ef0                disk_write
 .text.disk_ioctl
                0x02007f1c       0x38 C:/devkitPro/libnds/lib\libfat.a(fat_driver.o)
                0x02007f1c                disk_ioctl
 .text.tchar2uni
                0x02007f54       0xfc C:/devkitPro/libnds/lib\libfat.a(ff.o)
 .text.sync_window
                0x02008050       0x90 C:/devkitPro/libnds/lib\libfat.a(ff.o)
 .text.put_utf  0x020080e0      0x130 C:/devkitPro/libnds/lib\libfat.a(ff.o)
 .text.dir_clear
                0x02008210       0x9c C:/devkitPro/libnds/lib\libfat.a(ff.o)
 .text.get_fileinfo
                0x020082ac      0x28c C:/devkitPro/libnds/lib\libfat.a(ff.o)
 .text.sync_fs  0x02008538      0x180 C:/devkitPro/libnds/lib\libfat.a(ff.o)
 .text.move_window
                0x020086b8       0xc4 C:/devkitPro/libnds/lib\libfat.a(ff.o)
 .text.put_fat.part.0
                0x0200877c      0x1dc C:/devkitPro/libnds/lib\libfat.a(ff.o)
 .text.get_fat.isra.0
                0x02008958      0x160 C:/devkitPro/libnds/lib\libfat.a(ff.o)
 .text.remove_chain
                0x02008ab8       0xf4 C:/devkitPro/libnds/lib\libfat.a(ff.o)
 .text.create_chain
                0x02008bac      0x21c C:/devkitPro/libnds/lib\libfat.a(ff.o)
 .text.dir_next
                0x02008dc8      0x170 C:/devkitPro/libnds/lib\libfat.a(ff.o)
 .text.dir_read
                0x02008f38      0x248 C:/devkitPro/libnds/lib\libfat.a(ff.o)
 .text.dir_sdi  0x02009180      0x128 C:/devkitPro/libnds/lib\libfat.a(ff.o)
 .text.dir_alloc
                0x020092a8       0xcc C:/devkitPro/libnds/lib\libfat.a(ff.o)
 .text.dir_remove
                0x02009374       0xc4 C:/devkitPro/libnds/lib\libfat.a(ff.o)
 .text.dir_find
                0x02009438      0x2f8 C:/devkitPro/libnds/lib\libfat.a(ff.o)
 .text.follow_path
                0x02009730      0x588 C:/devkitPro/libnds/lib\libfat.a(ff.o)
 .text.dir_register
                0x02009cb8      0x3f0 C:/devkitPro/libnds/lib\libfat.a(ff.o)
 .text.check_fs
                0x0200a0a8      0x1ec C:/devkitPro/libnds/lib\libfat.a(ff.o)
 .text.mount_volume.part.0
                0x0200a294      0x504 C:/devkitPro/libnds/lib\libfat.a(ff.o)
 .text.validate
                0x0200a798       0xbc C:/devkitPro/libnds/lib\libfat.a(ff.o)
 .text.f_mount  0x0200a854       0x6c C:/devkitPro/libnds/lib\libfat.a(ff.o)
                0x0200a854                f_mount
 .text.f_umount
                0x0200a8c0       0x38 C:/devkitPro/libnds/lib\libfat.a(ff.o)
                0x0200a8c0                f_umount
 .text.f_open   0x0200a8f8      0x400 C:/devkitPro/libnds/lib\libfat.a(ff.o)
                0x0200a8f8                f_open
 .text.f_read   0x0200acf8      0x2a4 C:/devkitPro/libnds/lib\libfat.a(ff.o)
                0x0200acf8                f_read
 .text.f_write  0x0200af9c      0x350 C:/devkitPro/libnds/lib\libfat.a(ff.o)
                0x0200af9c                f_write
 .text.f_sync   0x0200b2ec      0x1a0 C:/devkitPro/libnds/lib\libfat.a(ff.o)
                0x0200b2ec                f_sync
 .text.f_close  0x0200b48c       0x58 C:/devkitPro/libnds/lib\libfat.a(ff.o)
                0x0200b48c                f_close
 .text.f_chdir  0x0200b4e4       0xf0 C:/devkitPro/libnds/lib\libfat.a(ff.o)
                0x0200b4e4                f_chdir
 .text.f_lseek  0x0200b5d4      0x298 C:/devkitPro/libnds/lib\libfat.a(ff.o)
                0x0200b5d4                f_lseek
 .text.f_opendir
                0x0200b86c      0x12c C:/devkitPro/libnds/lib\libfat.a(ff.o)
                0x0200b86c                f_opendir
 .text.f_closedir
                0x0200b998       0xb0 C:/devkitPro/libnds/lib\libfat.a(ff.o)
                0x0200b998                f_closedir
 .text.f_readdir
                0x0200ba48       0xd0 C:/devkitPro/libnds/lib\libfat.a(ff.o)
                0x0200ba48                f_readdir
 .text.f_stat   0x0200bb18      0x104 C:/devkitPro/libnds/lib\libfat.a(ff.o)
                0x0200bb18                f_stat
 .text.f_getfree
                0x0200bc1c      0x184 C:/devkitPro/libnds/lib\libfat.a(ff.o)
                0x0200bc1c                f_getfree
 .text.f_truncate
                0x0200bda0      0x228 C:/devkitPro/libnds/lib\libfat.a(ff.o)
                0x0200bda0                f_truncate
 .text.f_unlink
                0x0200bfc8      0x1a4 C:/devkitPro/libnds/lib\libfat.a(ff.o)
                0x0200bfc8                f_unlink
 .text.f_mkdir  0x0200c16c      0x294 C:/devkitPro/libnds/lib\libfat.a(ff.o)
                0x0200c16c                f_mkdir
 .text.f_rename
                0x0200c400      0x248 C:/devkitPro/libnds/lib\libfat.a(ff.o)
                0x0200c400                f_rename
 .text.ff_uni2oem
                0x0200c648       0x78 C:/devkitPro/libnds/lib\libfat.a(ffunicode.o)
                0x0200c648                ff_uni2oem
 .text.ff_oem2uni
                0x0200c6c0       0x40 C:/devkitPro/libnds/lib\libfat.a(ffunicode.o)
                0x0200c6c0                ff_oem2uni
 .text.ff_wtoupper
                0x0200c700      0x128 C:/devkitPro/libnds/lib\libfat.a(ffunicode.o)
                0x0200c700                ff_wtoupper
 .text.checkIfText
                0x0200c828       0x6c C:/devkitPro/libnds/lib\libnds9.a(background.o)
                0x0200c828                checkIfText
 .text.bgUpdate
                0x0200c894       0xe8 C:/devkitPro/libnds/lib\libnds9.a(background.o)
                0x0200c894                bgUpdate
 .text.bgInit_call
                0x0200c97c       0xa8 C:/devkitPro/libnds/lib\libnds9.a(background.o)
                0x0200c97c                bgInit_call
 .text.bgInitSub_call
                0x0200ca24       0xb0 C:/devkitPro/libnds/lib\libnds9.a(background.o)
                0x0200ca24                bgInitSub_call
 .text.newRow   0x0200cad4       0xe0 C:/devkitPro/libnds/lib\libnds9.a(console.o)
 .text.consolePrintChar
                0x0200cbb4       0xe0 C:/devkitPro/libnds/lib\libnds9.a(console.o)
                0x0200cbb4                consolePrintChar
 .text.con_write
                0x0200cc94      0x344 C:/devkitPro/libnds/lib\libnds9.a(console.o)
                0x0200cc94                con_write
 .text.consoleLoadFont
                0x0200cfd8      0x2e8 C:/devkitPro/libnds/lib\libnds9.a(console.o)
                0x0200cfd8                consoleLoadFont
 .text.consoleInit
                0x0200d2c0      0x170 C:/devkitPro/libnds/lib\libnds9.a(console.o)
                0x0200d2c0                consoleInit
 .text.consoleDemoInit
                0x0200d430       0x40 C:/devkitPro/libnds/lib\libnds9.a(console.o)
                0x0200d430                consoleDemoInit
 .text.consoleClear
                0x0200d470       0x10 C:/devkitPro/libnds/lib\libnds9.a(console.o)
                0x0200d470                consoleClear
 .text.getHeader
                0x0200d480        0x4 C:/devkitPro/libnds/lib\libnds9.a(decompress.o)
 .text.readByte
                0x0200d484        0x4 C:/devkitPro/libnds/lib\libnds9.a(decompress.o)
 .text.decompress
                0x0200d488       0x40 C:/devkitPro/libnds/lib\libnds9.a(decompress.o)
                0x0200d488                decompress
 .text.defaultHandler
                0x0200d4c8       0x6c C:/devkitPro/libnds/lib\libnds9.a(exceptionDefault.o)
 .text.excptPrint
                0x0200d534       0x38 C:/devkitPro/libnds/lib\libnds9.a(exceptionDefault.o)
 .text.defaultExceptionHandler
                0x0200d56c       0x20 C:/devkitPro/libnds/lib\libnds9.a(exceptionDefault.o)
                0x0200d56c                defaultExceptionHandler
 .text.ARMShift
                0x0200d58c       0x74 C:/devkitPro/libnds/lib\libnds9.a(gurumeditation.o)
 .text.getExceptionAddress
                0x0200d600      0x198 C:/devkitPro/libnds/lib\libnds9.a(gurumeditation.o)
                0x0200d600                getExceptionAddress
 .text.guruMeditationDump
                0x0200d798      0x108 C:/devkitPro/libnds/lib\libnds9.a(gurumeditation.o)
                0x0200d798                guruMeditationDump
 .text.scanKeys
                0x0200d8a0       0x6c C:/devkitPro/libnds/lib\libnds9.a(keys.o)
                0x0200d8a0                scanKeys
 .text.keysHeld
                0x0200d90c        0xc C:/devkitPro/libnds/lib\libnds9.a(keys.o)
                0x0200d90c                keysHeld
 .text.keysDown
                0x0200d918       0x10 C:/devkitPro/libnds/lib\libnds9.a(keys.o)
                0x0200d918                keysDown
 .text.keysUp   0x0200d928       0x10 C:/devkitPro/libnds/lib\libnds9.a(keys.o)
                0x0200d928                keysUp
 .text.oamAllocReset
                0x0200d938       0x1c C:/devkitPro/libnds/lib\libnds9.a(sprite_alloc.o)
                0x0200d938                oamAllocReset
 .text.oamAllocateGfx
                0x0200d954      0x578 C:/devkitPro/libnds/lib\libnds9.a(sprite_alloc.o)
                0x0200d954                oamAllocateGfx
 .text.oamInit  0x0200decc      0x138 C:/devkitPro/libnds/lib\libnds9.a(sprite.o)
                0x0200decc                oamInit
 .text.oamGetGfxPtr
                0x0200e004       0x34 C:/devkitPro/libnds/lib\libnds9.a(sprite.o)
                0x0200e004                oamGetGfxPtr
 .text.oamClear
                0x0200e038       0x24 C:/devkitPro/libnds/lib\libnds9.a(sprite.o)
                0x0200e038                oamClear
 .text.oamGfxPtrToOffset
                0x0200e05c       0x34 C:/devkitPro/libnds/lib\libnds9.a(sprite.o)
                0x0200e05c                oamGfxPtrToOffset
 .text.oamSet   0x0200e090      0x100 C:/devkitPro/libnds/lib\libnds9.a(sprite.o)
                0x0200e090                oamSet
 .text.oamUpdate
                0x0200e190       0x78 C:/devkitPro/libnds/lib\libnds9.a(sprite.o)
                0x0200e190                oamUpdate
 .text.sinLutLookup
                0x0200e208       0x4c C:/devkitPro/libnds/lib\libnds9.a(trig.o)
                0x0200e208                sinLutLookup
 .text.sinLerp  0x0200e254       0x38 C:/devkitPro/libnds/lib\libnds9.a(trig.o)
                0x0200e254                sinLerp
 .text.cosLerp  0x0200e28c       0x44 C:/devkitPro/libnds/lib\libnds9.a(trig.o)
                0x0200e28c                cosLerp
 .text.__libnds_excpt
                0x0200e2d0       0xf8 C:/devkitPro/libnds/lib\libnds9.a(exceptionEntry.o)
                0x0200e2d0                __libnds_excpt
 .text.threadExit
                0x0200e3c8       0x9c C:/devkitPro/calico/lib\libcalico_ds9.a(thread_cold.o)
                0x0200e3c8                threadExit
 .text._threadTickTask
                0x0200e464       0x10 C:/devkitPro/calico/lib\libcalico_ds9.a(thread_cold.o)
 .text._threadInit
                0x0200e474       0x98 C:/devkitPro/calico/lib\libcalico_ds9.a(thread_cold.o)
                0x0200e474                _threadInit
 .text.threadPrepare
                0x0200e50c       0xa4 C:/devkitPro/calico/lib\libcalico_ds9.a(thread_cold.o)
                0x0200e50c                threadPrepare
 .text.threadStart
                0x0200e5b0       0xc8 C:/devkitPro/calico/lib\libcalico_ds9.a(thread_cold.o)
                0x0200e5b0                threadStart
 .text.threadIrqWait
                0x0200e678       0xa0 C:/devkitPro/calico/lib\libcalico_ds9.a(thread_cold.o)
                0x0200e678                threadIrqWait
 .text.threadSleepTicks
                0x0200e718       0x58 C:/devkitPro/calico/lib\libcalico_ds9.a(thread_cold.o)
                0x0200e718                threadSleepTicks
 .text._dietPrintDefaultFunc
                0x0200e770        0x4 C:/devkitPro/calico/lib\libcalico_ds9.a(dietprint.o)
 .text._dietOutput
                0x0200e774       0x3c C:/devkitPro/calico/lib\libcalico_ds9.a(dietprint.o)
 .text._dietPrintDec32
                0x0200e7b0      0x110 C:/devkitPro/calico/lib\libcalico_ds9.a(dietprint.o)
 .text._dietPrintHex32
                0x0200e8c0      0x170 C:/devkitPro/calico/lib\libcalico_ds9.a(dietprint.o)
 .text.dietPrintV
                0x0200ea30      0x4b8 C:/devkitPro/calico/lib\libcalico_ds9.a(dietprint.o)
                0x0200ea30                dietPrintV
 .text.dietPrint
                0x0200eee8       0x18 C:/devkitPro/calico/lib\libcalico_ds9.a(dietprint.o)
                0x0200eee8                dietPrint
 .text.__syscall_getreent
                0x0200ef00       0x14 C:/devkitPro/calico/lib\libcalico_ds9.a(newlib_syscalls.o)
                0x0200ef00                __syscall_getreent
 .text.__errno  0x0200ef14       0x24 C:/devkitPro/calico/lib\libcalico_ds9.a(newlib_syscalls.o)
                0x0200ef14                __errno
 .text.__syscall_gettod_r
                0x0200ef38       0x30 C:/devkitPro/calico/lib\libcalico_ds9.a(newlib_syscalls.o)
                0x0200ef38                __syscall_gettod_r
 .text.__syscall_lock_acquire
                0x0200ef68        0x4 C:/devkitPro/calico/lib\libcalico_ds9.a(newlib_syscalls.o)
                0x0200ef68                __syscall_lock_acquire
 .text.__syscall_lock_release
                0x0200ef6c        0x4 C:/devkitPro/calico/lib\libcalico_ds9.a(newlib_syscalls.o)
                0x0200ef6c                __syscall_lock_release
 .text.__syscall_lock_acquire_recursive
                0x0200ef70       0x4c C:/devkitPro/calico/lib\libcalico_ds9.a(newlib_syscalls.o)
                0x0200ef70                __syscall_lock_acquire_recursive
 .text.__syscall_lock_release_recursive
                0x0200efbc       0x18 C:/devkitPro/calico/lib\libcalico_ds9.a(newlib_syscalls.o)
                0x0200efbc                __syscall_lock_release_recursive
 .text.svcLZ77UncompWram
                0x0200efd4        0x4 C:/devkitPro/calico/lib\libcalico_ds9.a(bios.o)
                0x0200efd4                svcLZ77UncompWram
 .text.svcHuffUncompCallback
                0x0200efd8        0x4 C:/devkitPro/calico/lib\libcalico_ds9.a(bios.o)
                0x0200efd8                svcHuffUncompCallback
 .text.svcRLUncompWram
                0x0200efdc        0x4 C:/devkitPro/calico/lib\libcalico_ds9.a(bios.o)
                0x0200efdc                svcRLUncompWram
 .text.svcRLUncompVramCallback
                0x0200efe0        0x4 C:/devkitPro/calico/lib\libcalico_ds9.a(bios.o)
                0x0200efe0                svcRLUncompVramCallback
 .text.svcLZ77UncompVramCallback
                0x0200efe4       0x18 C:/devkitPro/calico/lib\libcalico_ds9.a(bios.o)
                0x0200efe4                svcLZ77UncompVramCallback
 .text._pxiMailboxHandler
                0x0200effc        0x4 C:/devkitPro/calico/lib\libcalico_ds9.a(pxi.o)
 .text._pxiRecvUnhandled
                0x0200f000        0x4 C:/devkitPro/calico/lib\libcalico_ds9.a(pxi.o)
                0x0200f000                _pxiRecvUnhandled
 .text._pxiRecvIrqHandler
                0x0200f004      0x154 C:/devkitPro/calico/lib\libcalico_ds9.a(pxi.o)
 .text._pxiInit
                0x0200f158       0x58 C:/devkitPro/calico/lib\libcalico_ds9.a(pxi.o)
                0x0200f158                _pxiInit
 .text.pxiSetHandler
                0x0200f1b0       0x74 C:/devkitPro/calico/lib\libcalico_ds9.a(pxi.o)
                0x0200f1b0                pxiSetHandler
 .text.pxiSetMailbox
                0x0200f224       0x68 C:/devkitPro/calico/lib\libcalico_ds9.a(pxi.o)
                0x0200f224                pxiSetMailbox
 .text.pxiWaitRemote
                0x0200f28c       0x38 C:/devkitPro/calico/lib\libcalico_ds9.a(pxi.o)
                0x0200f28c                pxiWaitRemote
 .text.pxiSendPacket
                0x0200f2c4       0x50 C:/devkitPro/calico/lib\libcalico_ds9.a(pxi.o)
                0x0200f2c4                pxiSendPacket
 .text.pxiSendExtPacket
                0x0200f314       0x98 C:/devkitPro/calico/lib\libcalico_ds9.a(pxi.o)
                0x0200f314                pxiSendExtPacket
 .text.pxiBeginReceive
                0x0200f3ac       0x2c C:/devkitPro/calico/lib\libcalico_ds9.a(pxi.o)
                0x0200f3ac                pxiBeginReceive
 .text.pxiEndReceive
                0x0200f3d8       0xac C:/devkitPro/calico/lib\libcalico_ds9.a(pxi.o)
                0x0200f3d8                pxiEndReceive
 .text.keypadGetState
                0x0200f484       0x28 C:/devkitPro/calico/lib\libcalico_ds9.a(keypad.o)
                0x0200f484                keypadGetState
 .text._pmCallEventHandlers
                0x0200f4ac       0x40 C:/devkitPro/calico/lib\libcalico_ds9.a(pm.o)
 .text._pmPxiThreadMain
                0x0200f4ec       0xa0 C:/devkitPro/calico/lib\libcalico_ds9.a(pm.o)
 .text._pmResetPxiHandler
                0x0200f58c       0x28 C:/devkitPro/calico/lib\libcalico_ds9.a(pm.o)
 .text.systemUserExit
                0x0200f5b4        0x4 C:/devkitPro/calico/lib\libcalico_ds9.a(pm.o)
                0x0200f5b4                systemUserExit
 .text.systemErrorExit
                0x0200f5b8        0x4 C:/devkitPro/calico/lib\libcalico_ds9.a(pm.o)
                0x0200f5b8                systemErrorExit
 .text.__syscall_exit
                0x0200f5bc      0x138 C:/devkitPro/calico/lib\libcalico_ds9.a(pm.o)
                0x0200f5bc                __syscall_exit
 .text.pmInit   0x0200f6f4       0x58 C:/devkitPro/calico/lib\libcalico_ds9.a(pm.o)
                0x0200f6f4                pmInit
 .text.pmEnterSleep
                0x0200f74c       0xcc C:/devkitPro/calico/lib\libcalico_ds9.a(pm.o)
                0x0200f74c                pmEnterSleep
 .text.pmMainLoop
                0x0200f818       0x74 C:/devkitPro/calico/lib\libcalico_ds9.a(pm.o)
                0x0200f818                pmMainLoop
 .text.systemUserStartup
                0x0200f88c        0x4 C:/devkitPro/calico/lib\libcalico_ds9.a(sys_startup.o)
                0x0200f88c                systemUserStartup
 .text.systemStartup
                0x0200f890      0x104 C:/devkitPro/calico/lib\libcalico_ds9.a(sys_startup.o)
                0x0200f890                systemStartup
 .text.touchRead
                0x0200f994       0x58 C:/devkitPro/calico/lib\libcalico_ds9.a(touch.o)
                0x0200f994                touchRead
 .text._blkDevReadWriteSectors
                0x0200f9ec       0x44 C:/devkitPro/calico/lib\libcalico_ds9.a(blk.o)
 .text.blkInit  0x0200fa30        0x8 C:/devkitPro/calico/lib\libcalico_ds9.a(blk.o)
                0x0200fa30                blkInit
 .text.blkDevIsPresent
                0x0200fa38       0x30 C:/devkitPro/calico/lib\libcalico_ds9.a(blk.o)
                0x0200fa38                blkDevIsPresent
 .text.blkDevInit
                0x0200fa68       0x30 C:/devkitPro/calico/lib\libcalico_ds9.a(blk.o)
                0x0200fa68                blkDevInit
 .text.blkDevGetSectorCount
                0x0200fa98       0x34 C:/devkitPro/calico/lib\libcalico_ds9.a(blk.o)
                0x0200fa98                blkDevGetSectorCount
 .text.blkDevReadSectors
                0x0200facc       0x5c C:/devkitPro/calico/lib\libcalico_ds9.a(blk.o)
                0x0200facc                blkDevReadSectors
 .text.blkDevWriteSectors
                0x0200fb28       0x5c C:/devkitPro/calico/lib\libcalico_ds9.a(blk.o)
                0x0200fb28                blkDevWriteSectors
 .text.irqSet   0x0200fb84       0x64 C:/devkitPro/calico/lib\libcalico_ds9.a(irq.o)
                0x0200fb84                irqSet
 .text._tickCountIsr
                0x0200fbe8       0x1c C:/devkitPro/calico/lib\libcalico_ds9.a(tick.o)
 .text._tickTaskSchedule.part.0.isra.0
                0x0200fc04       0x84 C:/devkitPro/calico/lib\libcalico_ds9.a(tick.o)
 .text.tickInit
                0x0200fc88       0xa0 C:/devkitPro/calico/lib\libcalico_ds9.a(tick.o)
                0x0200fc88                tickInit
 .text.tickGetCount
                0x0200fd28       0x5c C:/devkitPro/calico/lib\libcalico_ds9.a(tick.o)
                0x0200fd28                tickGetCount
 .text._tickTaskIsr
                0x0200fd84      0x110 C:/devkitPro/calico/lib\libcalico_ds9.a(tick.o)
 .text.tickTaskStart
                0x0200fe94      0x144 C:/devkitPro/calico/lib\libcalico_ds9.a(tick.o)
                0x0200fe94                tickTaskStart
 .text.threadUpdateDynamicPrio
                0x0200ffd8      0x1cc C:/devkitPro/calico/lib\libcalico_ds9.a(mutex.o)
 .text.threadRemoveWaiter
                0x020101a4      0x1c8 C:/devkitPro/calico/lib\libcalico_ds9.a(mutex.o)
 .text.mutexLock
                0x0201036c      0x150 C:/devkitPro/calico/lib\libcalico_ds9.a(mutex.o)
                0x0201036c                mutexLock
 .text.mutexUnlock
                0x020104bc       0xd0 C:/devkitPro/calico/lib\libcalico_ds9.a(mutex.o)
                0x020104bc                mutexUnlock
 .text.mailboxTrySend
                0x0201058c       0x98 C:/devkitPro/calico/lib\libcalico_ds9.a(mailbox.o)
                0x0201058c                mailboxTrySend
 .text.mailboxRecv
                0x02010624       0x98 C:/devkitPro/calico/lib\libcalico_ds9.a(mailbox.o)
                0x02010624                mailboxRecv
 .text.log2     0x020106bc       0x1c C:/devkitPro/devkitARM/bin/../lib/gcc/arm-none-eabi/15.1.0/../../../../arm-none-eabi/lib/thumb\libm.a(libm_a-s_log2.o)
                0x020106bc                log2
 .text.log      0x020106d8       0x70 C:/devkitPro/devkitARM/bin/../lib/gcc/arm-none-eabi/15.1.0/../../../../arm-none-eabi/lib/thumb\libm.a(libm_a-w_log.o)
                0x020106d8                log
 .text.__ieee754_log
                0x02010748      0x364 C:/devkitPro/devkitARM/bin/../lib/gcc/arm-none-eabi/15.1.0/../../../../arm-none-eabi/lib/thumb\libm.a(libm_a-e_log.o)
                0x02010748                __ieee754_log
 .text.nan      0x02010aac        0xc C:/devkitPro/devkitARM/bin/../lib/gcc/arm-none-eabi/15.1.0/../../../../arm-none-eabi/lib/thumb\libm.a(libm_a-s_nan.o)
                0x02010aac                nan
 .text          0x02010ab8      0x11c C:/devkitPro/devkitARM/bin/../lib/gcc/arm-none-eabi/15.1.0/thumb\libgcc.a(_udivsi3.o)
                0x02010ab8                __aeabi_uidiv
                0x02010ab8                __udivsi3
                0x02010bb4                __aeabi_uidivmod
 .text          0x02010bd4      0x150 C:/devkitPro/devkitARM/bin/../lib/gcc/arm-none-eabi/15.1.0/thumb\libgcc.a(_divsi3.o)
                0x02010bd4                __divsi3
                0x02010bd4                __aeabi_idiv
                0x02010d04                __aeabi_idivmod
 .text          0x02010d24        0x4 C:/devkitPro/devkitARM/bin/../lib/gcc/arm-none-eabi/15.1.0/thumb\libgcc.a(_dvmd_tls.o)
                0x02010d24                __aeabi_idiv0
                0x02010d24                __aeabi_ldiv0
 .text          0x02010d28      0x424 C:/devkitPro/devkitARM/bin/../lib/gcc/arm-none-eabi/15.1.0/thumb\libgcc.a(_arm_addsubdf3.o)
                0x02010d28                __aeabi_drsub
                0x02010d30                __aeabi_dsub
                0x02010d30                __subdf3
                0x02010d34                __aeabi_dadd
                0x02010d34                __adddf3
                0x02011044                __floatunsidf
                0x02011044                __aeabi_ui2d
                0x02011068                __floatsidf
                0x02011068                __aeabi_i2d
                0x02011090                __aeabi_f2d
                0x02011090                __extendsfdf2
                0x020110d8                __floatundidf
                0x020110d8                __aeabi_ul2d
                0x020110ec                __floatdidf
                0x020110ec                __aeabi_l2d
 .text          0x0201114c      0x49c C:/devkitPro/devkitARM/bin/../lib/gcc/arm-none-eabi/15.1.0/thumb\libgcc.a(_arm_muldivdf3.o)
                0x0201114c                __aeabi_dmul
                0x0201114c                __muldf3
                0x020113dc                __divdf3
                0x020113dc                __aeabi_ddiv
 .text          0x020115e8      0x144 C:/devkitPro/devkitARM/bin/../lib/gcc/arm-none-eabi/15.1.0/thumb\libgcc.a(_arm_cmpdf2.o)
                0x020115e8                __gtdf2
                0x020115e8                __gedf2
                0x020115f0                __ltdf2
                0x020115f0                __ledf2
                0x020115f8                __nedf2
                0x020115f8                __eqdf2
                0x020115f8                __cmpdf2
                0x02011680                __aeabi_cdrcmple
                0x0201169c                __aeabi_cdcmpeq
                0x0201169c                __aeabi_cdcmple
                0x020116b4                __aeabi_dcmpeq
                0x020116cc                __aeabi_dcmplt
                0x020116e4                __aeabi_dcmple
                0x020116fc                __aeabi_dcmpge
                0x02011714                __aeabi_dcmpgt
 .text          0x0201172c       0x38 C:/devkitPro/devkitARM/bin/../lib/gcc/arm-none-eabi/15.1.0/thumb\libgcc.a(_arm_unorddf2.o)
                0x0201172c                __unorddf2
                0x0201172c                __aeabi_dcmpun
 .text          0x02011764       0x5c C:/devkitPro/devkitARM/bin/../lib/gcc/arm-none-eabi/15.1.0/thumb\libgcc.a(_arm_fixdfsi.o)
                0x02011764                __aeabi_d2iz
                0x02011764                __fixdfsi
 .text          0x020117c0       0x3c C:/devkitPro/devkitARM/bin/../lib/gcc/arm-none-eabi/15.1.0/thumb\libgcc.a(_aeabi_uldivmod.o)
                0x020117c0                __aeabi_uldivmod
 .text.__udivmoddi4
                0x020117fc      0x194 C:/devkitPro/devkitARM/bin/../lib/gcc/arm-none-eabi/15.1.0/thumb\libgcc.a(_udivmoddi4.o)
                0x020117fc                __udivmoddi4
 .text          0x02011990       0x28 C:/devkitPro/devkitARM/bin/../lib/gcc/arm-none-eabi/15.1.0/thumb\libgcc.a(_clzdi2.o)
                0x02011990                __clzdi2
 .text          0x020119b8       0x48 C:/devkitPro/devkitARM/bin/../lib/gcc/arm-none-eabi/15.1.0/thumb\libgcc.a(_clzsi2.o)
                0x020119b8                __clzsi2
 .text.strchr   0x02011a00       0xbc C:/devkitPro/devkitARM/bin/../lib/gcc/arm-none-eabi/15.1.0/../../../../arm-none-eabi/lib/thumb\libg.a(libc_a-strchr.o)
                0x02011a00                strchr
 .text.srand    0x02011abc       0x18 C:/devkitPro/devkitARM/bin/../lib/gcc/arm-none-eabi/15.1.0/../../../../arm-none-eabi/lib/thumb\libg.a(libc_a-rand.o)
                0x02011abc                srand
 .text.rand     0x02011ad4       0x30 C:/devkitPro/devkitARM/bin/../lib/gcc/arm-none-eabi/15.1.0/../../../../arm-none-eabi/lib/thumb\libg.a(libc_a-rand.o)
                0x02011ad4                rand
 .text._fclose_r
                0x02011b04       0xdc C:/devkitPro/devkitARM/bin/../lib/gcc/arm-none-eabi/15.1.0/../../../../arm-none-eabi/lib/thumb\libg.a(libc_a-fclose.o)
                0x02011b04                _fclose_r
 .text.fclose   0x02011be0       0x14 C:/devkitPro/devkitARM/bin/../lib/gcc/arm-none-eabi/15.1.0/../../../../arm-none-eabi/lib/thumb\libg.a(libc_a-fclose.o)
                0x02011be0                fclose
 .text._fwrite_r
                0x02011bf4       0x9c C:/devkitPro/devkitARM/bin/../lib/gcc/arm-none-eabi/15.1.0/../../../../arm-none-eabi/lib/thumb\libg.a(libc_a-fwrite.o)
                0x02011bf4                _fwrite_r
 .text.fwrite   0x02011c90       0x24 C:/devkitPro/devkitARM/bin/../lib/gcc/arm-none-eabi/15.1.0/../../../../arm-none-eabi/lib/thumb\libg.a(libc_a-fwrite.o)
                0x02011c90                fwrite
 .text.strlen   0x02011cb4       0x60 C:/devkitPro/devkitARM/bin/../lib/gcc/arm-none-eabi/15.1.0/../../../../arm-none-eabi/lib/thumb\libg.a(libc_a-strlen.o)
                0x02011cb4                strlen
 .text.memcmp   0x02011d14       0x48 C:/devkitPro/devkitARM/bin/../lib/gcc/arm-none-eabi/15.1.0/../../../../arm-none-eabi/lib/thumb\libg.a(libc_a-memcmp.o)
                0x02011d14                memcmp
 .text.stdio_exit_handler
                0x02011d5c       0x20 C:/devkitPro/devkitARM/bin/../lib/gcc/arm-none-eabi/15.1.0/../../../../arm-none-eabi/lib/thumb\libg.a(libc_a-findfp.o)
 .text.cleanup_stdio
                0x02011d7c       0x40 C:/devkitPro/devkitARM/bin/../lib/gcc/arm-none-eabi/15.1.0/../../../../arm-none-eabi/lib/thumb\libg.a(libc_a-findfp.o)
 .text.global_stdio_init.part.0
                0x02011dbc      0x120 C:/devkitPro/devkitARM/bin/../lib/gcc/arm-none-eabi/15.1.0/../../../../arm-none-eabi/lib/thumb\libg.a(libc_a-findfp.o)
 .text.__sfp    0x02011edc       0xcc C:/devkitPro/devkitARM/bin/../lib/gcc/arm-none-eabi/15.1.0/../../../../arm-none-eabi/lib/thumb\libg.a(libc_a-findfp.o)
                0x02011edc                __sfp
 .text.__sinit  0x02011fa8       0x3c C:/devkitPro/devkitARM/bin/../lib/gcc/arm-none-eabi/15.1.0/../../../../arm-none-eabi/lib/thumb\libg.a(libc_a-findfp.o)
                0x02011fa8                __sinit
 .text.__sfp_lock_acquire
                0x02011fe4       0x14 C:/devkitPro/devkitARM/bin/../lib/gcc/arm-none-eabi/15.1.0/../../../../arm-none-eabi/lib/thumb\libg.a(libc_a-findfp.o)
                0x02011fe4                __sfp_lock_acquire
 .text.__sfp_lock_release
                0x02011ff8       0x14 C:/devkitPro/devkitARM/bin/../lib/gcc/arm-none-eabi/15.1.0/../../../../arm-none-eabi/lib/thumb\libg.a(libc_a-findfp.o)
                0x02011ff8                __sfp_lock_release
 .text.__libc_init_array
                0x0201200c       0x54 C:/devkitPro/devkitARM/bin/../lib/gcc/arm-none-eabi/15.1.0/../../../../arm-none-eabi/lib/thumb\libg.a(libc_a-init.o)
                0x0201200c                __libc_init_array
 .text._fwalk_sglue
                0x02012060       0x4c C:/devkitPro/devkitARM/bin/../lib/gcc/arm-none-eabi/15.1.0/../../../../arm-none-eabi/lib/thumb\libg.a(libc_a-fwalk.o)
                0x02012060                _fwalk_sglue
 .text.calloc   0x020120ac       0x18 C:/devkitPro/devkitARM/bin/../lib/gcc/arm-none-eabi/15.1.0/../../../../arm-none-eabi/lib/thumb\libg.a(libc_a-calloc.o)
                0x020120ac                calloc
 .text.siscanf  0x020120c4       0x50 C:/devkitPro/devkitARM/bin/../lib/gcc/arm-none-eabi/15.1.0/../../../../arm-none-eabi/lib/thumb\libg.a(libc_a-siscanf.o)
                0x020120c4                siscanf
 .text.strrchr  0x02012114       0x30 C:/devkitPro/devkitARM/bin/../lib/gcc/arm-none-eabi/15.1.0/../../../../arm-none-eabi/lib/thumb\libg.a(libc_a-strrchr.o)
                0x02012114                strrchr
 .text.aligned_alloc
                0x02012144       0x18 C:/devkitPro/devkitARM/bin/../lib/gcc/arm-none-eabi/15.1.0/../../../../arm-none-eabi/lib/thumb\libg.a(libc_a-aligned_alloc.o)
                0x02012144                aligned_alloc
 .text._calloc_r
                0x0201215c       0xcc C:/devkitPro/devkitARM/bin/../lib/gcc/arm-none-eabi/15.1.0/../../../../arm-none-eabi/lib/thumb\libg.a(libc_a-callocr.o)
                0x0201215c                _calloc_r
 .text.fgetc    0x02012228       0x6c C:/devkitPro/devkitARM/bin/../lib/gcc/arm-none-eabi/15.1.0/../../../../arm-none-eabi/lib/thumb\libg.a(libc_a-fgetc.o)
                0x02012228                fgetc
 .text.realloc  0x02012294       0x18 C:/devkitPro/devkitARM/bin/../lib/gcc/arm-none-eabi/15.1.0/../../../../arm-none-eabi/lib/thumb\libg.a(libc_a-realloc.o)
                0x02012294                realloc
 .text.validate_structure
                0x020122ac      0x1e8 C:/devkitPro/devkitARM/bin/../lib/gcc/arm-none-eabi/15.1.0/../../../../arm-none-eabi/lib/thumb\libg.a(libc_a-mktime.o)
 .text.mktime   0x02012494      0x434 C:/devkitPro/devkitARM/bin/../lib/gcc/arm-none-eabi/15.1.0/../../../../arm-none-eabi/lib/thumb\libg.a(libc_a-mktime.o)
                0x02012494                mktime
 .text._fseek_r
                0x020128c8       0x14 C:/devkitPro/devkitARM/bin/../lib/gcc/arm-none-eabi/15.1.0/../../../../arm-none-eabi/lib/thumb\libg.a(libc_a-fseek.o)
                0x020128c8                _fseek_r
 .text.fseek    0x020128dc       0x24 C:/devkitPro/devkitARM/bin/../lib/gcc/arm-none-eabi/15.1.0/../../../../arm-none-eabi/lib/thumb\libg.a(libc_a-fseek.o)
                0x020128dc                fseek
 .text.__tz_lock
                0x02012900       0x14 C:/devkitPro/devkitARM/bin/../lib/gcc/arm-none-eabi/15.1.0/../../../../arm-none-eabi/lib/thumb\libg.a(libc_a-tzlock.o)
                0x02012900                __tz_lock
 .text.__tz_unlock
                0x02012914       0x14 C:/devkitPro/devkitARM/bin/../lib/gcc/arm-none-eabi/15.1.0/../../../../arm-none-eabi/lib/thumb\libg.a(libc_a-tzlock.o)
                0x02012914                __tz_unlock
 .text.putchar  0x02012928       0x18 C:/devkitPro/devkitARM/bin/../lib/gcc/arm-none-eabi/15.1.0/../../../../arm-none-eabi/lib/thumb\libg.a(libc_a-putchar.o)
                0x02012928                putchar
 .text._malloc_r
                0x02012940      0x550 C:/devkitPro/devkitARM/bin/../lib/gcc/arm-none-eabi/15.1.0/../../../../arm-none-eabi/lib/thumb\libg.a(libc_a-mallocr.o)
                0x02012940                _malloc_r
 .text.strcasecmp
                0x02012e90       0x4c C:/devkitPro/devkitARM/bin/../lib/gcc/arm-none-eabi/15.1.0/../../../../arm-none-eabi/lib/thumb\libg.a(libc_a-strcasecmp.o)
                0x02012e90                strcasecmp
 .text.strcpy   0x02012edc       0x10 C:/devkitPro/devkitARM/bin/../lib/gcc/arm-none-eabi/15.1.0/../../../../arm-none-eabi/lib/thumb\libg.a(libc_a-strcpy.o)
                0x02012edc                strcpy
 .text._malloc_trim_r
                0x02012eec       0xac C:/devkitPro/devkitARM/bin/../lib/gcc/arm-none-eabi/15.1.0/../../../../arm-none-eabi/lib/thumb\libg.a(libc_a-freer.o)
                0x02012eec                _malloc_trim_r
 .text._free_r  0x02012f98      0x1d8 C:/devkitPro/devkitARM/bin/../lib/gcc/arm-none-eabi/15.1.0/../../../../arm-none-eabi/lib/thumb\libg.a(libc_a-freer.o)
                0x02012f98                _free_r
 .text.snprintf
                0x02013170       0x64 C:/devkitPro/devkitARM/bin/../lib/gcc/arm-none-eabi/15.1.0/../../../../arm-none-eabi/lib/thumb\libg.a(libc_a-snprintf.o)
                0x02013170                snprintf
 .text.get_arg  0x020131d4      0x404 C:/devkitPro/devkitARM/bin/../lib/gcc/arm-none-eabi/15.1.0/../../../../arm-none-eabi/lib/thumb\libg.a(libc_a-svfprintf.o)
 .text._svfprintf_r
                0x020135d8     0x22d8 C:/devkitPro/devkitARM/bin/../lib/gcc/arm-none-eabi/15.1.0/../../../../arm-none-eabi/lib/thumb\libg.a(libc_a-svfprintf.o)
                0x020135d8                _svfprintf_r
 .text.strnlen  0x020158b0       0x20 C:/devkitPro/devkitARM/bin/../lib/gcc/arm-none-eabi/15.1.0/../../../../arm-none-eabi/lib/thumb\libg.a(libc_a-strnlen.o)
                0x020158b0                strnlen
 .text.stpcpy   0x020158d0       0x4c C:/devkitPro/devkitARM/bin/../lib/gcc/arm-none-eabi/15.1.0/../../../../arm-none-eabi/lib/thumb\libg.a(libc_a-stpcpy.o)
                0x020158d0                stpcpy
 .text.malloc   0x0201591c       0x28 C:/devkitPro/devkitARM/bin/../lib/gcc/arm-none-eabi/15.1.0/../../../../arm-none-eabi/lib/thumb\libg.a(libc_a-malloc.o)
                0x0201591c                malloc
 .text.free     0x02015944       0x14 C:/devkitPro/devkitARM/bin/../lib/gcc/arm-none-eabi/15.1.0/../../../../arm-none-eabi/lib/thumb\libg.a(libc_a-malloc.o)
                0x02015944                free
 .text.__sflush_r
                0x02015958      0x180 C:/devkitPro/devkitARM/bin/../lib/gcc/arm-none-eabi/15.1.0/../../../../arm-none-eabi/lib/thumb\libg.a(libc_a-fflush.o)
                0x02015958                __sflush_r
 .text._fflush_r
                0x02015ad8       0x70 C:/devkitPro/devkitARM/bin/../lib/gcc/arm-none-eabi/15.1.0/../../../../arm-none-eabi/lib/thumb\libg.a(libc_a-fflush.o)
                0x02015ad8                _fflush_r
 .text.time     0x02015b48       0x38 C:/devkitPro/devkitARM/bin/../lib/gcc/arm-none-eabi/15.1.0/../../../../arm-none-eabi/lib/thumb\libg.a(libc_a-time.o)
                0x02015b48                time
 .text.memset   0x02015b80       0x8c C:/devkitPro/devkitARM/bin/../lib/gcc/arm-none-eabi/15.1.0/../../../../arm-none-eabi/lib/thumb\libg.a(libc_a-memset.o)
                0x02015b80                memset
 .text._realloc_r
                0x02015c0c      0x344 C:/devkitPro/devkitARM/bin/../lib/gcc/arm-none-eabi/15.1.0/../../../../arm-none-eabi/lib/thumb\libg.a(libc_a-reallocr.o)
                0x02015c0c                _realloc_r
 .text.localtime_r
                0x02015f50      0x228 C:/devkitPro/devkitARM/bin/../lib/gcc/arm-none-eabi/15.1.0/../../../../arm-none-eabi/lib/thumb\libg.a(libc_a-lcltime_r.o)
                0x02015f50                localtime_r
 .text._fread_r
                0x02016178      0x228 C:/devkitPro/devkitARM/bin/../lib/gcc/arm-none-eabi/15.1.0/../../../../arm-none-eabi/lib/thumb\libg.a(libc_a-fread.o)
                0x02016178                _fread_r
 .text.fread    0x020163a0       0x24 C:/devkitPro/devkitARM/bin/../lib/gcc/arm-none-eabi/15.1.0/../../../../arm-none-eabi/lib/thumb\libg.a(libc_a-fread.o)
                0x020163a0                fread
 .text.__malloc_lock
                0x020163c4       0x14 C:/devkitPro/devkitARM/bin/../lib/gcc/arm-none-eabi/15.1.0/../../../../arm-none-eabi/lib/thumb\libg.a(libc_a-mlock.o)
                0x020163c4                __malloc_lock
 .text.__malloc_unlock
                0x020163d8       0x14 C:/devkitPro/devkitARM/bin/../lib/gcc/arm-none-eabi/15.1.0/../../../../arm-none-eabi/lib/thumb\libg.a(libc_a-mlock.o)
                0x020163d8                __malloc_unlock
 .text.__tzcalc_limits
                0x020163ec      0x1ac C:/devkitPro/devkitARM/bin/../lib/gcc/arm-none-eabi/15.1.0/../../../../arm-none-eabi/lib/thumb\libg.a(libc_a-tzcalc_limits.o)
                0x020163ec                __tzcalc_limits
 .text.fputc    0x02016598       0x5c C:/devkitPro/devkitARM/bin/../lib/gcc/arm-none-eabi/15.1.0/../../../../arm-none-eabi/lib/thumb\libg.a(libc_a-fputc.o)
                0x02016598                fputc
 .text          0x020165f4      0x224 C:/devkitPro/devkitARM/bin/../lib/gcc/arm-none-eabi/15.1.0/../../../../arm-none-eabi/lib/thumb\libg.a(libc_a-strcmp.o)
                0x020165f4                strcmp
 .text.__call_exitprocs
                0x02016818        0xc C:/devkitPro/devkitARM/bin/../lib/gcc/arm-none-eabi/15.1.0/../../../../arm-none-eabi/lib/thumb\libg.a(libc_a-exit.o)
                0x02016818                __call_exitprocs
 .text.setvbuf  0x02016824      0x1ac C:/devkitPro/devkitARM/bin/../lib/gcc/arm-none-eabi/15.1.0/../../../../arm-none-eabi/lib/thumb\libg.a(libc_a-setvbuf.o)
                0x02016824                setvbuf
 .text._fopen_r
                0x020169d0       0xb4 C:/devkitPro/devkitARM/bin/../lib/gcc/arm-none-eabi/15.1.0/../../../../arm-none-eabi/lib/thumb\libg.a(libc_a-fopen.o)
                0x020169d0                _fopen_r
 .text.fopen    0x02016a84       0x18 C:/devkitPro/devkitARM/bin/../lib/gcc/arm-none-eabi/15.1.0/../../../../arm-none-eabi/lib/thumb\libg.a(libc_a-fopen.o)
                0x02016a84                fopen
 .text.__srget_r
                0x02016a9c       0x3c C:/devkitPro/devkitARM/bin/../lib/gcc/arm-none-eabi/15.1.0/../../../../arm-none-eabi/lib/thumb\libg.a(libc_a-rget.o)
                0x02016a9c                __srget_r
 .text.strncpy  0x02016ad8       0x68 C:/devkitPro/devkitARM/bin/../lib/gcc/arm-none-eabi/15.1.0/../../../../arm-none-eabi/lib/thumb\libg.a(libc_a-strncpy.o)
                0x02016ad8                strncpy
 .text.ftell    0x02016b40       0x24 C:/devkitPro/devkitARM/bin/../lib/gcc/arm-none-eabi/15.1.0/../../../../arm-none-eabi/lib/thumb\libg.a(libc_a-ftell.o)
                0x02016b40                ftell
 .text.memcpy   0x02016b64       0xb0 C:/devkitPro/devkitARM/bin/../lib/gcc/arm-none-eabi/15.1.0/../../../../arm-none-eabi/lib/thumb\libg.a(libc_a-memcpy-stub.o)
                0x02016b64                memcpy
 .text._wcsrtombs_r
                0x02016c14       0x20 C:/devkitPro/devkitARM/bin/../lib/gcc/arm-none-eabi/15.1.0/../../../../arm-none-eabi/lib/thumb\libg.a(libc_a-wcsrtombs.o)
                0x02016c14                _wcsrtombs_r
 .text.iprintf  0x02016c34       0x28 C:/devkitPro/devkitARM/bin/../lib/gcc/arm-none-eabi/15.1.0/../../../../arm-none-eabi/lib/thumb\libg.a(libc_a-iprintf.o)
                0x02016c34                iprintf
 .text.write    0x02016c5c       0x1c C:/devkitPro/devkitARM/bin/../lib/gcc/arm-none-eabi/15.1.0/../../../../arm-none-eabi/lib/thumb\libg.a(libc_a-syswrite.o)
                0x02016c5c                write
 .text.frexp    0x02016c78       0x74 C:/devkitPro/devkitARM/bin/../lib/gcc/arm-none-eabi/15.1.0/../../../../arm-none-eabi/lib/thumb\libg.a(libm_a-s_frexp.o)
                0x02016c78                frexp
 .text.__sfvwrite_r
                0x02016cec      0x31c C:/devkitPro/devkitARM/bin/../lib/gcc/arm-none-eabi/15.1.0/../../../../arm-none-eabi/lib/thumb\libg.a(libc_a-fvwrite.o)
                0x02016cec                __sfvwrite_r
 .text.__sread  0x02017008       0x34 C:/devkitPro/devkitARM/bin/../lib/gcc/arm-none-eabi/15.1.0/../../../../arm-none-eabi/lib/thumb\libg.a(libc_a-stdio.o)
                0x02017008                __sread
 .text.__seofread
                0x0201703c        0x4 C:/devkitPro/devkitARM/bin/../lib/gcc/arm-none-eabi/15.1.0/../../../../arm-none-eabi/lib/thumb\libg.a(libc_a-stdio.o)
                0x0201703c                __seofread
 .text.__swrite
                0x02017040       0x4c C:/devkitPro/devkitARM/bin/../lib/gcc/arm-none-eabi/15.1.0/../../../../arm-none-eabi/lib/thumb\libg.a(libc_a-stdio.o)
                0x02017040                __swrite
 .text.__sseek  0x0201708c       0x3c C:/devkitPro/devkitARM/bin/../lib/gcc/arm-none-eabi/15.1.0/../../../../arm-none-eabi/lib/thumb\libg.a(libc_a-stdio.o)
                0x0201708c                __sseek
 .text.__sclose
                0x020170c8       0x10 C:/devkitPro/devkitARM/bin/../lib/gcc/arm-none-eabi/15.1.0/../../../../arm-none-eabi/lib/thumb\libg.a(libc_a-stdio.o)
                0x020170c8                __sclose
 .text.memmove  0x020170d8       0xcc C:/devkitPro/devkitARM/bin/../lib/gcc/arm-none-eabi/15.1.0/../../../../arm-none-eabi/lib/thumb\libg.a(libc_a-memmove.o)
                0x020170d8                memmove
 .text.__locale_mb_cur_max
                0x020171a4       0x20 C:/devkitPro/devkitARM/bin/../lib/gcc/arm-none-eabi/15.1.0/../../../../arm-none-eabi/lib/thumb\libg.a(libc_a-locale.o)
                0x020171a4                __locale_mb_cur_max
 .text.__ssprint_r
                0x020171c4       0x60 C:/devkitPro/devkitARM/bin/../lib/gcc/arm-none-eabi/15.1.0/../../../../arm-none-eabi/lib/thumb\libg.a(libc_a-ssprint_r.o)
                0x020171c4                __ssprint_r
 .text.gmtime_r
                0x02017224      0x1b4 C:/devkitPro/devkitARM/bin/../lib/gcc/arm-none-eabi/15.1.0/../../../../arm-none-eabi/lib/thumb\libg.a(libc_a-gmtime_r.o)
                0x02017224                gmtime_r
 .text.get_arg  0x020173d8      0x404 C:/devkitPro/devkitARM/bin/../lib/gcc/arm-none-eabi/15.1.0/../../../../arm-none-eabi/lib/thumb\libg.a(libc_a-vfiprintf.o)
 .text._vfiprintf_r
                0x020177dc     0x16d0 C:/devkitPro/devkitARM/bin/../lib/gcc/arm-none-eabi/15.1.0/../../../../arm-none-eabi/lib/thumb\libg.a(libc_a-vfiprintf.o)
                0x020177dc                _vfiprintf_r
 .text.__sbprintf
                0x02018eac       0x7c C:/devkitPro/devkitARM/bin/../lib/gcc/arm-none-eabi/15.1.0/../../../../arm-none-eabi/lib/thumb\libg.a(libc_a-vfiprintf.o)
 .text._memalign_r
                0x02018f28      0x118 C:/devkitPro/devkitARM/bin/../lib/gcc/arm-none-eabi/15.1.0/../../../../arm-none-eabi/lib/thumb\libg.a(libc_a-malignr.o)
                0x02018f28                _memalign_r
 .text.div      0x02019040       0x18 C:/devkitPro/devkitARM/bin/../lib/gcc/arm-none-eabi/15.1.0/../../../../arm-none-eabi/lib/thumb\libg.a(libc_a-div.o)
                0x02019040                div
 .text._wcsnrtombs_l
                0x02019058      0x11c C:/devkitPro/devkitARM/bin/../lib/gcc/arm-none-eabi/15.1.0/../../../../arm-none-eabi/lib/thumb\libg.a(libc_a-wcsnrtombs.o)
                0x02019058                _wcsnrtombs_l
 .text._wcsnrtombs_r
                0x02019174       0x40 C:/devkitPro/devkitARM/bin/../lib/gcc/arm-none-eabi/15.1.0/../../../../arm-none-eabi/lib/thumb\libg.a(libc_a-wcsnrtombs.o)
                0x02019174                _wcsnrtombs_r
 .text.get_arg  0x020191b4       0x3e C:/devkitPro/devkitARM/bin/../lib/gcc/arm-none-eabi/15.1.0/../../../../arm-none-eabi/lib/thumb\libg.a(libc_a-svfiscanf.o)
 .text._sungetc_r
                0x020191f2       0x7e C:/devkitPro/devkitARM/bin/../lib/gcc/arm-none-eabi/15.1.0/../../../../arm-none-eabi/lib/thumb\libg.a(libc_a-svfiscanf.o)
                0x020191f2                _sungetc_r
 .text.__ssrefill_r
                0x02019270       0x42 C:/devkitPro/devkitARM/bin/../lib/gcc/arm-none-eabi/15.1.0/../../../../arm-none-eabi/lib/thumb\libg.a(libc_a-svfiscanf.o)
                0x02019270                __ssrefill_r
 .text._sfread_r
                0x020192b2       0x88 C:/devkitPro/devkitARM/bin/../lib/gcc/arm-none-eabi/15.1.0/../../../../arm-none-eabi/lib/thumb\libg.a(libc_a-svfiscanf.o)
                0x020192b2                _sfread_r
 *fill*         0x0201933a        0x2 ff
 .text.__ssvfiscanf_r
                0x0201933c     0x1984 C:/devkitPro/devkitARM/bin/../lib/gcc/arm-none-eabi/15.1.0/../../../../arm-none-eabi/lib/thumb\libg.a(libc_a-svfiscanf.o)
                0x0201933c                __ssvfiscanf_r
 .text._putc_r  0x0201acc0       0x88 C:/devkitPro/devkitARM/bin/../lib/gcc/arm-none-eabi/15.1.0/../../../../arm-none-eabi/lib/thumb\libg.a(libc_a-putc.o)
                0x0201acc0                _putc_r
 .text._strtoul_l.isra.0
                0x0201ad48      0x150 C:/devkitPro/devkitARM/bin/../lib/gcc/arm-none-eabi/15.1.0/../../../../arm-none-eabi/lib/thumb\libg.a(libc_a-strtoul.o)
 .text._strtoul_r
                0x0201ae98       0x20 C:/devkitPro/devkitARM/bin/../lib/gcc/arm-none-eabi/15.1.0/../../../../arm-none-eabi/lib/thumb\libg.a(libc_a-strtoul.o)
                0x0201ae98                _strtoul_r
 .text.strtoul  0x0201aeb8       0x24 C:/devkitPro/devkitARM/bin/../lib/gcc/arm-none-eabi/15.1.0/../../../../arm-none-eabi/lib/thumb\libg.a(libc_a-strtoul.o)
                0x0201aeb8                strtoul
 .text.__utf8_mbtowc
                0x0201aedc      0x24c C:/devkitPro/devkitARM/bin/../lib/gcc/arm-none-eabi/15.1.0/../../../../arm-none-eabi/lib/thumb\libg.a(libc_a-mbtowc_r.o)
                0x0201aedc                __utf8_mbtowc
 .text._fseeko_r
                0x0201b128      0x414 C:/devkitPro/devkitARM/bin/../lib/gcc/arm-none-eabi/15.1.0/../../../../arm-none-eabi/lib/thumb\libg.a(libc_a-fseeko.o)
                0x0201b128                _fseeko_r
 .text._tzset_unlocked
                0x0201b53c       0x10 C:/devkitPro/devkitARM/bin/../lib/gcc/arm-none-eabi/15.1.0/../../../../arm-none-eabi/lib/thumb\libg.a(libc_a-tzset.o)
                0x0201b53c                _tzset_unlocked
 .text.__sprint_r
                0x0201b54c       0x24 C:/devkitPro/devkitARM/bin/../lib/gcc/arm-none-eabi/15.1.0/../../../../arm-none-eabi/lib/thumb\libg.a(libc_a-sprint_r.o)
                0x0201b54c                __sprint_r
 .text.iswspace
                0x0201b570       0x10 C:/devkitPro/devkitARM/bin/../lib/gcc/arm-none-eabi/15.1.0/../../../../arm-none-eabi/lib/thumb\libg.a(libc_a-iswspace.o)
                0x0201b570                iswspace
 .text.__gettzinfo
                0x0201b580        0x8 C:/devkitPro/devkitARM/bin/../lib/gcc/arm-none-eabi/15.1.0/../../../../arm-none-eabi/lib/thumb\libg.a(libc_a-gettzinfo.o)
                0x0201b580                __gettzinfo
 .text._localeconv_r
                0x0201b588       0x1c C:/devkitPro/devkitARM/bin/../lib/gcc/arm-none-eabi/15.1.0/../../../../arm-none-eabi/lib/thumb\libg.a(libc_a-localeconv.o)
                0x0201b588                _localeconv_r
 .text.memchr   0x0201b5a4       0x74 C:/devkitPro/devkitARM/bin/../lib/gcc/arm-none-eabi/15.1.0/../../../../arm-none-eabi/lib/thumb\libg.a(libc_a-memchr-stub.o)
                0x0201b5a4                memchr
 .text.quorem   0x0201b618      0x160 C:/devkitPro/devkitARM/bin/../lib/gcc/arm-none-eabi/15.1.0/../../../../arm-none-eabi/lib/thumb\libg.a(libc_a-dtoa.o)
 .text._dtoa_r  0x0201b778     0x10b0 C:/devkitPro/devkitARM/bin/../lib/gcc/arm-none-eabi/15.1.0/../../../../arm-none-eabi/lib/thumb\libg.a(libc_a-dtoa.o)
                0x0201b778                _dtoa_r
 .text._wcrtomb_r
                0x0201c828       0x84 C:/devkitPro/devkitARM/bin/../lib/gcc/arm-none-eabi/15.1.0/../../../../arm-none-eabi/lib/thumb\libg.a(libc_a-wcrtomb.o)
                0x0201c828                _wcrtomb_r
 .text.__sflags
                0x0201c8ac       0x98 C:/devkitPro/devkitARM/bin/../lib/gcc/arm-none-eabi/15.1.0/../../../../arm-none-eabi/lib/thumb\libg.a(libc_a-flags.o)
                0x0201c8ac                __sflags
 .text._strtol_l.part.0
                0x0201c944      0x25c C:/devkitPro/devkitARM/bin/../lib/gcc/arm-none-eabi/15.1.0/../../../../arm-none-eabi/lib/thumb\libg.a(libc_a-strtol.o)
 .text._strtol_r
                0x0201cba0       0x34 C:/devkitPro/devkitARM/bin/../lib/gcc/arm-none-eabi/15.1.0/../../../../arm-none-eabi/lib/thumb\libg.a(libc_a-strtol.o)
                0x0201cba0                _strtol_r
 .text.__libc_fini_array
                0x0201cbd4       0x30 C:/devkitPro/devkitARM/bin/../lib/gcc/arm-none-eabi/15.1.0/../../../../arm-none-eabi/lib/thumb\libg.a(libc_a-fini.o)
                0x0201cbd4                __libc_fini_array
 .text._tzset_unlocked_r
                0x0201cc04      0x490 C:/devkitPro/devkitARM/bin/../lib/gcc/arm-none-eabi/15.1.0/../../../../arm-none-eabi/lib/thumb\libg.a(libc_a-tzset_r.o)
                0x0201cc04                _tzset_unlocked_r
 .text.__sccl   0x0201d094       0xb0 C:/devkitPro/devkitARM/bin/../lib/gcc/arm-none-eabi/15.1.0/../../../../arm-none-eabi/lib/thumb\libg.a(libc_a-sccl.o)
                0x0201d094                __sccl
 .text.lflush   0x0201d144       0x24 C:/devkitPro/devkitARM/bin/../lib/gcc/arm-none-eabi/15.1.0/../../../../arm-none-eabi/lib/thumb\libg.a(libc_a-refill.o)
 .text.__srefill_r
                0x0201d168      0x108 C:/devkitPro/devkitARM/bin/../lib/gcc/arm-none-eabi/15.1.0/../../../../arm-none-eabi/lib/thumb\libg.a(libc_a-refill.o)
                0x0201d168                __srefill_r
 .text.__smakebuf_r
                0x0201d270       0xe0 C:/devkitPro/devkitARM/bin/../lib/gcc/arm-none-eabi/15.1.0/../../../../arm-none-eabi/lib/thumb\libg.a(libc_a-makebuf.o)
                0x0201d270                __smakebuf_r
 .text.__swhatbuf_r
                0x0201d350       0x5c C:/devkitPro/devkitARM/bin/../lib/gcc/arm-none-eabi/15.1.0/../../../../arm-none-eabi/lib/thumb\libg.a(libc_a-makebuf.o)
                0x0201d350                __swhatbuf_r
 .text._findenv_r
                0x0201d3ac       0x94 C:/devkitPro/devkitARM/bin/../lib/gcc/arm-none-eabi/15.1.0/../../../../arm-none-eabi/lib/thumb\libg.a(libc_a-getenv_r.o)
                0x0201d3ac                _findenv_r
 .text._getenv_r
                0x0201d440       0x10 C:/devkitPro/devkitARM/bin/../lib/gcc/arm-none-eabi/15.1.0/../../../../arm-none-eabi/lib/thumb\libg.a(libc_a-getenv_r.o)
                0x0201d440                _getenv_r
 .text.__ssputs_r
                0x0201d450       0xd4 C:/devkitPro/devkitARM/bin/../lib/gcc/arm-none-eabi/15.1.0/../../../../arm-none-eabi/lib/thumb\libg.a(libc_a-ssputs_r.o)
                0x0201d450                __ssputs_r
 .text._ftello_r
                0x0201d524      0x124 C:/devkitPro/devkitARM/bin/../lib/gcc/arm-none-eabi/15.1.0/../../../../arm-none-eabi/lib/thumb\libg.a(libc_a-ftello.o)
                0x0201d524                _ftello_r
 .text.__utf8_wctomb
                0x0201d648       0xbc C:/devkitPro/devkitARM/bin/../lib/gcc/arm-none-eabi/15.1.0/../../../../arm-none-eabi/lib/thumb\libg.a(libc_a-wctomb_r.o)
                0x0201d648                __utf8_wctomb
 .text._strtoull_l.isra.0
                0x0201d704      0x1c0 C:/devkitPro/devkitARM/bin/../lib/gcc/arm-none-eabi/15.1.0/../../../../arm-none-eabi/lib/thumb\libg.a(libc_a-strtoull.o)
 .text._strtoull_r
                0x0201d8c4       0x20 C:/devkitPro/devkitARM/bin/../lib/gcc/arm-none-eabi/15.1.0/../../../../arm-none-eabi/lib/thumb\libg.a(libc_a-strtoull.o)
                0x0201d8c4                _strtoull_r
 .text._mbrtowc_r
                0x0201d8e4       0x98 C:/devkitPro/devkitARM/bin/../lib/gcc/arm-none-eabi/15.1.0/../../../../arm-none-eabi/lib/thumb\libg.a(libc_a-mbrtowc.o)
                0x0201d8e4                _mbrtowc_r
 .text.__swsetup_r
                0x0201d97c       0xd4 C:/devkitPro/devkitARM/bin/../lib/gcc/arm-none-eabi/15.1.0/../../../../arm-none-eabi/lib/thumb\libg.a(libc_a-wsetup.o)
                0x0201d97c                __swsetup_r
 .text.strncmp  0x0201da50       0x70 C:/devkitPro/devkitARM/bin/../lib/gcc/arm-none-eabi/15.1.0/../../../../arm-none-eabi/lib/thumb\libg.a(libc_a-strncmp.o)
                0x0201da50                strncmp
 .text.__env_lock
                0x0201dac0       0x14 C:/devkitPro/devkitARM/bin/../lib/gcc/arm-none-eabi/15.1.0/../../../../arm-none-eabi/lib/thumb\libg.a(libc_a-envlock.o)
                0x0201dac0                __env_lock
 .text.__env_unlock
                0x0201dad4       0x14 C:/devkitPro/devkitARM/bin/../lib/gcc/arm-none-eabi/15.1.0/../../../../arm-none-eabi/lib/thumb\libg.a(libc_a-envlock.o)
                0x0201dad4                __env_unlock
 .text.__assert_func
                0x0201dae8       0x40 C:/devkitPro/devkitARM/bin/../lib/gcc/arm-none-eabi/15.1.0/../../../../arm-none-eabi/lib/thumb\libg.a(libc_a-assert.o)
                0x0201dae8                __assert_func
 .text.iswspace_l
                0x0201db28       0x28 C:/devkitPro/devkitARM/bin/../lib/gcc/arm-none-eabi/15.1.0/../../../../arm-none-eabi/lib/thumb\libg.a(libc_a-iswspace_l.o)
                0x0201db28                iswspace_l
 .text._Balloc  0x0201db50       0x5c C:/devkitPro/devkitARM/bin/../lib/gcc/arm-none-eabi/15.1.0/../../../../arm-none-eabi/lib/thumb\libg.a(libc_a-mprec.o)
                0x0201db50                _Balloc
 .text._Bfree   0x0201dbac       0x14 C:/devkitPro/devkitARM/bin/../lib/gcc/arm-none-eabi/15.1.0/../../../../arm-none-eabi/lib/thumb\libg.a(libc_a-mprec.o)
                0x0201dbac                _Bfree
 .text.__multadd
                0x0201dbc0       0xa8 C:/devkitPro/devkitARM/bin/../lib/gcc/arm-none-eabi/15.1.0/../../../../arm-none-eabi/lib/thumb\libg.a(libc_a-mprec.o)
                0x0201dbc0                __multadd
 .text.__hi0bits
                0x0201dc68       0x60 C:/devkitPro/devkitARM/bin/../lib/gcc/arm-none-eabi/15.1.0/../../../../arm-none-eabi/lib/thumb\libg.a(libc_a-mprec.o)
                0x0201dc68                __hi0bits
 .text.__lo0bits
                0x0201dcc8       0x8c C:/devkitPro/devkitARM/bin/../lib/gcc/arm-none-eabi/15.1.0/../../../../arm-none-eabi/lib/thumb\libg.a(libc_a-mprec.o)
                0x0201dcc8                __lo0bits
 .text.__i2b    0x0201dd54       0x64 C:/devkitPro/devkitARM/bin/../lib/gcc/arm-none-eabi/15.1.0/../../../../arm-none-eabi/lib/thumb\libg.a(libc_a-mprec.o)
                0x0201dd54                __i2b
 .text.__multiply
                0x0201ddb8      0x1b4 C:/devkitPro/devkitARM/bin/../lib/gcc/arm-none-eabi/15.1.0/../../../../arm-none-eabi/lib/thumb\libg.a(libc_a-mprec.o)
                0x0201ddb8                __multiply
 .text.__pow5mult
                0x0201df6c       0xd8 C:/devkitPro/devkitARM/bin/../lib/gcc/arm-none-eabi/15.1.0/../../../../arm-none-eabi/lib/thumb\libg.a(libc_a-mprec.o)
                0x0201df6c                __pow5mult
 .text.__lshift
                0x0201e044       0xf8 C:/devkitPro/devkitARM/bin/../lib/gcc/arm-none-eabi/15.1.0/../../../../arm-none-eabi/lib/thumb\libg.a(libc_a-mprec.o)
                0x0201e044                __lshift
 .text.__mcmp   0x0201e13c       0x50 C:/devkitPro/devkitARM/bin/../lib/gcc/arm-none-eabi/15.1.0/../../../../arm-none-eabi/lib/thumb\libg.a(libc_a-mprec.o)
                0x0201e13c                __mcmp
 .text.__mdiff  0x0201e18c      0x1a4 C:/devkitPro/devkitARM/bin/../lib/gcc/arm-none-eabi/15.1.0/../../../../arm-none-eabi/lib/thumb\libg.a(libc_a-mprec.o)
                0x0201e18c                __mdiff
 .text.__d2b    0x0201e330       0xd4 C:/devkitPro/devkitARM/bin/../lib/gcc/arm-none-eabi/15.1.0/../../../../arm-none-eabi/lib/thumb\libg.a(libc_a-mprec.o)
                0x0201e330                __d2b
 .text._strtoll_l.isra.0
                0x0201e404      0x300 C:/devkitPro/devkitARM/bin/../lib/gcc/arm-none-eabi/15.1.0/../../../../arm-none-eabi/lib/thumb\libg.a(libc_a-strtoll.o)
 .text._strtoll_r
                0x0201e704       0x20 C:/devkitPro/devkitARM/bin/../lib/gcc/arm-none-eabi/15.1.0/../../../../arm-none-eabi/lib/thumb\libg.a(libc_a-strtoll.o)
                0x0201e704                _strtoll_r
 .text.__submore
                0x0201e724       0x7c C:/devkitPro/devkitARM/bin/../lib/gcc/arm-none-eabi/15.1.0/../../../../arm-none-eabi/lib/thumb\libg.a(libc_a-ungetc.o)
                0x0201e724                __submore
 .text.fiprintf
                0x0201e7a0       0x28 C:/devkitPro/devkitARM/bin/../lib/gcc/arm-none-eabi/15.1.0/../../../../arm-none-eabi/lib/thumb\libg.a(libc_a-fiprintf.o)
                0x0201e7a0                fiprintf
 .text.__swbuf_r
                0x0201e7c8       0x98 C:/devkitPro/devkitARM/bin/../lib/gcc/arm-none-eabi/15.1.0/../../../../arm-none-eabi/lib/thumb\libg.a(libc_a-wbuf.o)
                0x0201e7c8                __swbuf_r
 .text.abort    0x0201e860       0x10 C:/devkitPro/devkitARM/bin/../lib/gcc/arm-none-eabi/15.1.0/../../../../arm-none-eabi/lib/thumb\libg.a(libc_a-abort.o)
                0x0201e860                abort
 .text.category
                0x0201e870       0x5c C:/devkitPro/devkitARM/bin/../lib/gcc/arm-none-eabi/15.1.0/../../../../arm-none-eabi/lib/thumb\libg.a(libc_a-categories.o)
                0x0201e870                category
 .text._raise_r
                0x0201e8cc       0x60 C:/devkitPro/devkitARM/bin/../lib/gcc/arm-none-eabi/15.1.0/../../../../arm-none-eabi/lib/thumb\libg.a(libc_a-signal.o)
                0x0201e8cc                _raise_r
 .text.raise    0x0201e92c       0x14 C:/devkitPro/devkitARM/bin/../lib/gcc/arm-none-eabi/15.1.0/../../../../arm-none-eabi/lib/thumb\libg.a(libc_a-signal.o)
                0x0201e92c                raise
 .text._exit    0x0201e940       0x14 C:/devkitPro/devkitARM/bin/../lib/gcc/arm-none-eabi/15.1.0/../../../../arm-none-eabi/lib/thumb\libsysbase.a(libsysbase_libsysbase_a-_exit.o)
                0x0201e940                _exit
 .text.chdir    0x0201e954       0xe4 C:/devkitPro/devkitARM/bin/../lib/gcc/arm-none-eabi/15.1.0/../../../../arm-none-eabi/lib/thumb\libsysbase.a(libsysbase_libsysbase_a-chdir.o)
                0x0201e954                chdir
 .text._concatenate_path
                0x0201ea38      0x134 C:/devkitPro/devkitARM/bin/../lib/gcc/arm-none-eabi/15.1.0/../../../../arm-none-eabi/lib/thumb\libsysbase.a(libsysbase_libsysbase_a-concatenate.o)
                0x0201ea38                _concatenate_path
 .text.__dirnext
                0x0201eb6c       0x4c C:/devkitPro/devkitARM/bin/../lib/gcc/arm-none-eabi/15.1.0/../../../../arm-none-eabi/lib/thumb\libsysbase.a(libsysbase_libsysbase_a-dirent.o)
 .text.__dirreset.isra.0
                0x0201ebb8       0x44 C:/devkitPro/devkitARM/bin/../lib/gcc/arm-none-eabi/15.1.0/../../../../arm-none-eabi/lib/thumb\libsysbase.a(libsysbase_libsysbase_a-dirent.o)
 .text.opendir  0x0201ebfc       0xc0 C:/devkitPro/devkitARM/bin/../lib/gcc/arm-none-eabi/15.1.0/../../../../arm-none-eabi/lib/thumb\libsysbase.a(libsysbase_libsysbase_a-dirent.o)
                0x0201ebfc                opendir
 .text.closedir
                0x0201ecbc       0x70 C:/devkitPro/devkitARM/bin/../lib/gcc/arm-none-eabi/15.1.0/../../../../arm-none-eabi/lib/thumb\libsysbase.a(libsysbase_libsysbase_a-dirent.o)
                0x0201ecbc                closedir
 .text.readdir_r
                0x0201ed2c       0x8c C:/devkitPro/devkitARM/bin/../lib/gcc/arm-none-eabi/15.1.0/../../../../arm-none-eabi/lib/thumb\libsysbase.a(libsysbase_libsysbase_a-dirent.o)
                0x0201ed2c                readdir_r
 .text.readdir  0x0201edb8       0x28 C:/devkitPro/devkitARM/bin/../lib/gcc/arm-none-eabi/15.1.0/../../../../arm-none-eabi/lib/thumb\libsysbase.a(libsysbase_libsysbase_a-dirent.o)
                0x0201edb8                readdir
 .text.rewinddir
                0x0201ede0       0x18 C:/devkitPro/devkitARM/bin/../lib/gcc/arm-none-eabi/15.1.0/../../../../arm-none-eabi/lib/thumb\libsysbase.a(libsysbase_libsysbase_a-dirent.o)
                0x0201ede0                rewinddir
 .text._fstat_r
                0x0201edf8       0x5c C:/devkitPro/devkitARM/bin/../lib/gcc/arm-none-eabi/15.1.0/../../../../arm-none-eabi/lib/thumb\libsysbase.a(libsysbase_libsysbase_a-fstat.o)
                0x0201edf8                _fstat_r
 .text._getpid_r
                0x0201ee54        0xc C:/devkitPro/devkitARM/bin/../lib/gcc/arm-none-eabi/15.1.0/../../../../arm-none-eabi/lib/thumb\libsysbase.a(libsysbase_libsysbase_a-getpid.o)
                0x0201ee54                _getpid_r
 .text.__getreent
                0x0201ee60       0x20 C:/devkitPro/devkitARM/bin/../lib/gcc/arm-none-eabi/15.1.0/../../../../arm-none-eabi/lib/thumb\libsysbase.a(libsysbase_libsysbase_a-getreent.o)
                0x0201ee60                __getreent
 .text._gettimeofday_r
                0x0201ee80       0x20 C:/devkitPro/devkitARM/bin/../lib/gcc/arm-none-eabi/15.1.0/../../../../arm-none-eabi/lib/thumb\libsysbase.a(libsysbase_libsysbase_a-gettod.o)
                0x0201ee80                _gettimeofday_r
 .text.__release_handle
                0x0201eea0       0x6c C:/devkitPro/devkitARM/bin/../lib/gcc/arm-none-eabi/15.1.0/../../../../arm-none-eabi/lib/thumb\libsysbase.a(libsysbase_libsysbase_a-handle_manager.o)
                0x0201eea0                __release_handle
 .text.__alloc_handle
                0x0201ef0c       0x7c C:/devkitPro/devkitARM/bin/../lib/gcc/arm-none-eabi/15.1.0/../../../../arm-none-eabi/lib/thumb\libsysbase.a(libsysbase_libsysbase_a-handle_manager.o)
                0x0201ef0c                __alloc_handle
 .text.__get_handle
                0x0201ef88       0x34 C:/devkitPro/devkitARM/bin/../lib/gcc/arm-none-eabi/15.1.0/../../../../arm-none-eabi/lib/thumb\libsysbase.a(libsysbase_libsysbase_a-handle_manager.o)
                0x0201ef88                __get_handle
 .text._close_r
                0x0201efbc       0xb0 C:/devkitPro/devkitARM/bin/../lib/gcc/arm-none-eabi/15.1.0/../../../../arm-none-eabi/lib/thumb\libsysbase.a(libsysbase_libsysbase_a-handle_manager.o)
                0x0201efbc                _close_r
 .text.null_write
                0x0201f06c        0x4 C:/devkitPro/devkitARM/bin/../lib/gcc/arm-none-eabi/15.1.0/../../../../arm-none-eabi/lib/thumb\libsysbase.a(libsysbase_libsysbase_a-iosupport.o)
 .text.setDefaultDevice
                0x0201f070       0x10 C:/devkitPro/devkitARM/bin/../lib/gcc/arm-none-eabi/15.1.0/../../../../arm-none-eabi/lib/thumb\libsysbase.a(libsysbase_libsysbase_a-iosupport.o)
                0x0201f070                setDefaultDevice
 .text.FindDevice
                0x0201f080       0x90 C:/devkitPro/devkitARM/bin/../lib/gcc/arm-none-eabi/15.1.0/../../../../arm-none-eabi/lib/thumb\libsysbase.a(libsysbase_libsysbase_a-iosupport.o)
                0x0201f080                FindDevice
 .text.AddDevice
                0x0201f110       0x7c C:/devkitPro/devkitARM/bin/../lib/gcc/arm-none-eabi/15.1.0/../../../../arm-none-eabi/lib/thumb\libsysbase.a(libsysbase_libsysbase_a-iosupport.o)
                0x0201f110                AddDevice
 .text.GetDeviceOpTab
                0x0201f18c       0x20 C:/devkitPro/devkitARM/bin/../lib/gcc/arm-none-eabi/15.1.0/../../../../arm-none-eabi/lib/thumb\libsysbase.a(libsysbase_libsysbase_a-iosupport.o)
                0x0201f18c                GetDeviceOpTab
 .text._isatty_r
                0x0201f1ac        0x4 C:/devkitPro/devkitARM/bin/../lib/gcc/arm-none-eabi/15.1.0/../../../../arm-none-eabi/lib/thumb\libsysbase.a(libsysbase_libsysbase_a-isatty.o)
                0x0201f1ac                _isatty_r
 .text._kill_r  0x0201f1b0        0xc C:/devkitPro/devkitARM/bin/../lib/gcc/arm-none-eabi/15.1.0/../../../../arm-none-eabi/lib/thumb\libsysbase.a(libsysbase_libsysbase_a-kill.o)
                0x0201f1b0                _kill_r
 .text._lseek_r
                0x0201f1bc       0x64 C:/devkitPro/devkitARM/bin/../lib/gcc/arm-none-eabi/15.1.0/../../../../arm-none-eabi/lib/thumb\libsysbase.a(libsysbase_libsysbase_a-lseek.o)
                0x0201f1bc                _lseek_r
 .text._open_r  0x0201f220       0x8c C:/devkitPro/devkitARM/bin/../lib/gcc/arm-none-eabi/15.1.0/../../../../arm-none-eabi/lib/thumb\libsysbase.a(libsysbase_libsysbase_a-open.o)