Archive member included to satisfy reference by file (symbol)

C:/devkitPro/libnds/lib\libfat.a(fat_wrappers.o)
                              main.o (fatInitDefault)
C:/devkitPro/libnds/lib\libfat.a(dvm_calico.o)
                              C:/devkitPro/libnds/lib\libfat.a(fat_wrappers.o) (dvmInit)
C:/devkitPro/libnds/lib\libfat.a(dvm_disc.o)
                              C:/devkitPro/libnds/lib\libfat.a(fat_wrappers.o) (dvmDiscCreate)
C:/devkitPro/libnds/lib\libfat.a(dvm_cache.o)
                              C:/devkitPro/libnds/lib\libfat.a(fat_wrappers.o) (dvmDiscCacheCreate)
C:/devkitPro/libnds/lib\libfat.a(dvm_volume.o)
                              C:/devkitPro/libnds/lib\libfat.a(fat_wrappers.o) (dvmMountVolume)
C:/devkitPro/libnds/lib\libfat.a(dvm_prober.o)
                              C:/devkitPro/libnds/lib\libfat.a(dvm_calico.o) (dvmProbeMountDisc)
C:/devkitPro/libnds/lib\libfat.a(fat_driver.o)
                              C:/devkitPro/libnds/lib\libfat.a(dvm_volume.o) (g_vfatFsDriver)
C:/devkitPro/libnds/lib\libfat.a(ff.o)
                              C:/devkitPro/libnds/lib\libfat.a(fat_driver.o) (f_mount)
C:/devkitPro/libnds/lib\libfat.a(ffunicode.o)
                              C:/devkitPro/libnds/lib\libfat.a(ff.o) (ff_uni2oem)
C:/devkitPro/libnds/lib\libnds9.a(background.o)
                              main.o (bgInit_call)
C:/devkitPro/libnds/lib\libnds9.a(console.o)
                              main.o (consoleInit)
C:/devkitPro/libnds/lib\libnds9.a(decompress.o)
                              main.o (decompress)
C:/devkitPro/libnds/lib\libnds9.a(exceptionDefault.o)
                              main.o (defaultExceptionHandler)
C:/devkitPro/libnds/lib\libnds9.a(gurumeditation.o)
                              C:/devkitPro/libnds/lib\libnds9.a(exceptionDefault.o) (guruMeditationDump)
C:/devkitPro/libnds/lib\libnds9.a(keyboard.o)
                              main.o (keyboardDemoInit)
C:/devkitPro/libnds/lib\libnds9.a(keys.o)
                              main.o (scanKeys)
C:/devkitPro/libnds/lib\libnds9.a(sprite_alloc.o)
                              main.o (oamAllocateGfx)
C:/devkitPro/libnds/lib\libnds9.a(sprite.o)
                              main.o (oamInit)
C:/devkitPro/libnds/lib\libnds9.a(trig.o)
                              C:/devkitPro/libnds/lib\libnds9.a(background.o) (sinLerp)
C:/devkitPro/libnds/lib\libnds9.a(exceptionEntry.o)
                              C:/devkitPro/libnds/lib\libnds9.a(exceptionDefault.o) (__libnds_excpt)
C:/devkitPro/libnds/lib\libnds9.a(default_font.bin.o)
                              C:/devkitPro/libnds/lib\libnds9.a(console.o) (default_font_bin)
C:/devkitPro/libnds/lib\libnds9.a(keyboardGfx.o)
                              C:/devkitPro/libnds/lib\libnds9.a(keyboard.o) (keyboardGfxTiles)
C:/devkitPro/calico/lib\libcalico_ds9.a(thread_cold.o)
                              main.o (threadIrqWait)
C:/devkitPro/calico/lib\libcalico_ds9.a(thread_hot.32.o)
                              C:/devkitPro/libnds/lib\libnds9.a(exceptionDefault.o) (__sched_state)
C:/devkitPro/calico/lib\libcalico_ds9.a(dietprint.o)
                              C:/devkitPro/libnds/lib\libnds9.a(exceptionDefault.o) (g_dietPrintFn)
C:/devkitPro/calico/lib\libcalico_ds9.a(newlib_syscalls.o)
                              C:/devkitPro/libnds/lib\libfat.a(fat_driver.o) (__errno)
C:/devkitPro/calico/lib\libcalico_ds9.a(arm-copy-fill.32.o)
                              C:/devkitPro/libnds/lib\libfat.a(dvm_calico.o) (armCopyMem32)
C:/devkitPro/calico/lib\libcalico_ds9.a(arm-context.32.o)
                              C:/devkitPro/calico/lib\libcalico_ds9.a(thread_cold.o) (armContextSave)
C:/devkitPro/calico/lib\libcalico_ds9.a(arm-shims.32.o)
                              C:/devkitPro/calico/lib\libcalico_ds9.a(thread_cold.o) (armWaitForIrq)
C:/devkitPro/calico/lib\libcalico_ds9.a(arm-cache.32.o)
                              main.o (armDCacheFlush)
C:/devkitPro/calico/lib\libcalico_ds9.a(startup.crt0.o)
                              C:/devkitPro/libnds/lib\libfat.a(dvm_calico.o) (g_isTwlMode)
C:/devkitPro/calico/lib\libcalico_ds9.a(utils.crt0.o)
                              C:/devkitPro/calico/lib\libcalico_ds9.a(startup.crt0.o) (crt0CopyMem32)
C:/devkitPro/calico/lib\libcalico_ds9.a(bios.o)
                              C:/devkitPro/libnds/lib\libnds9.a(decompress.o) (svcLZ77UncompWram)
C:/devkitPro/calico/lib\libcalico_ds9.a(pxi.o)
                              C:/devkitPro/calico/lib\libcalico_ds9.a(startup.crt0.o) (_pxiInit)
C:/devkitPro/calico/lib\libcalico_ds9.a(keypad.o)
                              C:/devkitPro/libnds/lib\libnds9.a(keys.o) (keypadGetState)
C:/devkitPro/calico/lib\libcalico_ds9.a(pm.o)
                              main.o (pmMainLoop)
C:/devkitPro/calico/lib\libcalico_ds9.a(bootstub_arm9.o)
                              (__ds9_bootstub)
C:/devkitPro/calico/lib\libcalico_ds9.a(mpu_setup.crt0.o)
[...]
Memory Configuration

Name             Origin             Length             Attributes
lma9             0x02004000         0x0027c000
lma9i            0x02400000         0x00280000
vectors          0x00000000         0x00000020
itcm             0x01ff8020         0x00007fe0
main             0x02001000         0x00f7f000
dtcm             0x02ff0000         0x00003e80
dldi             0x0380b000         0x00004000
stub             0x0e000000         0x00004000
tls              0x00000000         0x00000400
*default*        0x00000000         0xffffffff

Linker script and memory map

                0x00000000                        __sync_synchronize = __sync_synchronize_none
LOAD C:/devkitPro/devkitARM/bin/../lib/gcc/arm-none-eabi/15.1.0/thumb/crti.o
LOAD C:/devkitPro/devkitARM/bin/../lib/gcc/arm-none-eabi/15.1.0/thumb/crtbegin.o
LOAD GFXconsoleInput.o
LOAD GFXinput.o
LOAD GFXnewImageInput.o
LOAD GFXselector16.o
LOAD GFXselector24.o
LOAD avdslib.o
LOAD formats.o
LOAD main.o
LOAD drawSurfaceBottom16x.o
LOAD drawSurfaceBottom2x.o
LOAD drawSurfaceBottom32x.o
LOAD drawSurfaceBottom4x.o
LOAD drawSurfaceBottom8x.o
LOAD header.o
LOAD memcpy_fast_arm9.o
LOAD C:/devkitPro/libnds/lib\libfat.a
LOAD C:/devkitPro/libnds/lib\libnds9.a
LOAD C:/devkitPro/calico/lib\libcalico_ds9.a
LOAD C:/devkitPro/devkitARM/bin/../lib/gcc/arm-none-eabi/15.1.0/../../../../arm-none-eabi/lib/thumb\libstdc++.a
LOAD C:/devkitPro/devkitARM/bin/../lib/gcc/arm-none-eabi/15.1.0/../../../../arm-none-eabi/lib/thumb\libm.a
START GROUP
LOAD C:/devkitPro/devkitARM/bin/../lib/gcc/arm-none-eabi/15.1.0/thumb\libgcc.a
LOAD C:/devkitPro/devkitARM/bin/../lib/gcc/arm-none-eabi/15.1.0/../../../../arm-none-eabi/lib/thumb\libg.a
LOAD C:/devkitPro/devkitARM/bin/../lib/gcc/arm-none-eabi/15.1.0/../../../../arm-none-eabi/lib/thumb\libc.a
LOAD C:/devkitPro/devkitARM/bin/../lib/gcc/arm-none-eabi/15.1.0/../../../../arm-none-eabi/lib/thumb\libsysbase.a
END GROUP
LOAD C:/devkitPro/devkitARM/bin/../lib/gcc/arm-none-eabi/15.1.0/thumb/crtend.o
LOAD C:/devkitPro/devkitARM/bin/../lib/gcc/arm-none-eabi/15.1.0/thumb/crtn.o
                0x02ff3e80                        PROVIDE (__sp_usr = (ORIGIN (dtcm) + LENGTH (dtcm)))
                0x02ff3f80                        PROVIDE (__sp_irq = (__sp_usr + 0x100))
                0x02ff3fc0                        PROVIDE (__sp_svc = (__sp_irq + 0x40))
                0x02ff3ff8                        PROVIDE (__irq_flags = (__sp_svc + 0x38))
                [!provide]                        PROVIDE (__irq_vector = (__sp_svc + 0x3c))
                [!provide]                        PROVIDE (__arm_excpt_rst = 0xffff0000)
                [!provide]                        PROVIDE (__arm_excpt_und = 0xffff0004)
                0xffff0008                        PROVIDE (__arm_excpt_svc = 0xffff0008)
                [!provide]                        PROVIDE (__arm_excpt_pabt = 0xffff000c)
                [!provide]                        PROVIDE (__arm_excpt_dabt = 0xffff0010)
                [!provide]                        PROVIDE (__arm_excpt_irq = 0xffff0018)
                [!provide]                        PROVIDE (__arm_excpt_fiq = 0xffff001c)
                0x00000000                        PROVIDE (__end__ = 0x0)

.secure         0x0e000000      0x800 load address 0x02004000
                0x0e0007fc                        . = (. + 0x7fc)
 *fill*         0x0e000000      0x7fc 00000000
                0x0e0007fc        0x4 LONG 0x0

.bootstub       0x0e000800      0x198 load address 0x02004800
 *(.bootstub .bootstub.*)
 .bootstub.__ds9_bootstub
                0x0e000800      0x198 C:/devkitPro/calico/lib\libcalico_ds9.a(bootstub_arm9.o)
                0x0e000800                __ds9_bootstub
                0x0e000998                        . = ALIGN (0x4)

.crt0           0x02001000      0x3c0 load address 0x02004998
 *(.crt0 .crt0.*)
 .crt0.__ds9_bootstub_trampoline
                0x02001000       0x60 C:/devkitPro/calico/lib\libcalico_ds9.a(bootstub_arm9.o)
 *.crt0.*(.text .stub .text.* .gnu.linkonce.t.*)
 .text.crt0ProcessLoadList
                0x02001060       0x74 C:/devkitPro/calico/lib\libcalico_ds9.a(startup.crt0.o)
                0x02001060                crt0ProcessLoadList
 .text.crt0Startup
                0x020010d4      0x180 C:/devkitPro/calico/lib\libcalico_ds9.a(startup.crt0.o)
                0x020010d4                crt0Startup
 .text.crt0CopyMem32
                0x02001254       0x4c C:/devkitPro/calico/lib\libcalico_ds9.a(utils.crt0.o)
                0x02001254                crt0CopyMem32
 .text.crt0FillMem32
                0x020012a0       0x58 C:/devkitPro/calico/lib\libcalico_ds9.a(utils.crt0.o)
                0x020012a0                crt0FillMem32
 .text.crt0SetupMPU
                0x020012f8       0xb4 C:/devkitPro/calico/lib\libcalico_ds9.a(mpu_setup.crt0.o)
                0x020012f8                crt0SetupMPU
 *.crt0.*(.glue_7t .glue_7 .vfp11_veneer .v4_bx)
 *.crt0.*(.rodata .rodata.* .gnu.linkonce.r.*)
 *.crt0.*(.rodata1)
                0x020013c0                        . = ALIGN (0x20)
 *fill*         0x020013ac       0x14 ff
                0x02004998                        PROVIDE (__crt0_lma = LOADADDR (.crt0))
                0x02001000                        PROVIDE (__crt0_start = ADDR (.crt0))
                0x020013c0                        PROVIDE (__crt0_end = (ADDR (.crt0) + SIZEOF (.crt0)))
                0x00000001                        ASSERT (((__crt0_end <= LOADADDR (.bootstub)) || (__crt0_start >= (LOADADDR (.bootstub) + SIZEOF (.bootstub)))), Error: crt0 section overlaps initial bootstrap)

.dldi           0x0380b000     0x4000 load address 0x02004d58
 *(.dldi)
 .dldi          0x0380b000     0x4000 C:/devkitPro/calico/lib\libcalico_ds9.a(dldi_stub.o)
                0x0380b000                __dldi_start
                0x02004d58                        PROVIDE (__dldi_lma = SIZEOF (.dldi)?LOADADDR (.dldi):0x0)

.vectors        0x00000000       0x20 load address 0x02008d58
 *(.vectors)
 .vectors       0x00000000       0x20 C:/devkitPro/calico/lib\libcalico_ds9.a(bootstub_arm9.o)

.itcm           0x01ff8020      0x700 load address 0x02008d78
 *(.itcm .itcm.*)
 .itcm          0x01ff8020       0x30 C:/devkitPro/calico/lib\libcalico_ds9.a(bootstub_arm9.o)
                0x01ff8038                __excpt_vectors
 *.itcm.*(.text .stub .text.* .gnu.linkonce.t.*)
 *.32.o(.text .stub .text.* .gnu.linkonce.t.*)
 .text.threadReschedule
                0x01ff8050       0x88 C:/devkitPro/calico/lib\libcalico_ds9.a(thread_hot.32.o)
 .text.threadBlock
                0x01ff80d8       0xd8 C:/devkitPro/calico/lib\libcalico_ds9.a(thread_hot.32.o)
                0x01ff80d8                threadBlock
 .text.threadUnblockOneByValue
                0x01ff81b0       0xc0 C:/devkitPro/calico/lib\libcalico_ds9.a(thread_hot.32.o)
                0x01ff81b0                threadUnblockOneByValue
 .text.threadUnblockAllByValue
                0x01ff8270      0x130 C:/devkitPro/calico/lib\libcalico_ds9.a(thread_hot.32.o)
                0x01ff8270                threadUnblockAllByValue
 .text.threadUnblockAllByMask
                0x01ff83a0      0x134 C:/devkitPro/calico/lib\libcalico_ds9.a(thread_hot.32.o)
                0x01ff83a0                threadUnblockAllByMask
 .text.armCopyMem32
                0x01ff84d4       0x4c C:/devkitPro/calico/lib\libcalico_ds9.a(arm-copy-fill.32.o)
                0x01ff84d4                armCopyMem32
 .text.armContextSave
                0x01ff8520       0x2c C:/devkitPro/calico/lib\libcalico_ds9.a(arm-context.32.o)
                0x01ff8520                armContextSave
 .text.armContextLoad
                0x01ff854c       0x20 C:/devkitPro/calico/lib\libcalico_ds9.a(arm-context.32.o)
                0x01ff854c                armContextLoad
                0x01ff8550                armContextLoadFromSvc
 .text.armWaitForIrq
                0x01ff856c        0x8 C:/devkitPro/calico/lib\libcalico_ds9.a(arm-shims.32.o)
                0x01ff856c                armWaitForIrq
 .text.armDrainWriteBuffer
                0x01ff8574        0xc C:/devkitPro/calico/lib\libcalico_ds9.a(arm-cache.32.o)
                0x01ff8574                armDrainWriteBuffer
 .text.armDCacheFlushAll
                0x01ff8580       0x28 C:/devkitPro/calico/lib\libcalico_ds9.a(arm-cache.32.o)
                0x01ff8580                armDCacheFlushAll
 .text.armDCacheFlush
                0x01ff85a8       0x1c C:/devkitPro/calico/lib\libcalico_ds9.a(arm-cache.32.o)
                0x01ff85a8                armDCacheFlush
 .text.armDCacheInvalidate
                0x01ff85c4       0x1c C:/devkitPro/calico/lib\libcalico_ds9.a(arm-cache.32.o)
                0x01ff85c4                armDCacheInvalidate
 .text.armICacheInvalidateAll
                0x01ff85e0        0xc C:/devkitPro/calico/lib\libcalico_ds9.a(arm-cache.32.o)
                0x01ff85e0                armICacheInvalidateAll
 .text.__excpt_entry
                0x01ff85ec       0x50 C:/devkitPro/calico/lib\libcalico_ds9.a(excpt_handler.32.o)
                0x01ff85ec                __arm_excpt_rst
                0x01ff85f0                __arm_excpt_pabt
                0x01ff85f4                __arm_excpt_und
                0x01ff8600                __arm_excpt_dabt
 .text.__arm_excpt_irq
                0x01ff863c       0xe4 C:/devkitPro/calico/lib\libcalico_ds9.a(irq_handler.32.o)
                0x01ff863c                __arm_excpt_irq
 *.itcm.*(.glue_7t .glue_7 .vfp11_veneer .v4_bx)
 *.32.o(.glue_7t .glue_7 .vfp11_veneer .v4_bx)
 *.itcm.*(.rodata .rodata.* .gnu.linkonce.r.*)
 *.32.o(.rodata .rodata.* .gnu.linkonce.r.*)
 *.itcm.*(.rodata1)
 *.32.o(.rodata1)
                0x01ff8720                        . = ALIGN (0x4)
                0x02008d58                        PROVIDE (__itcm_lma = LOADADDR (.vectors))
                0x01ff8000                        PROVIDE (__itcm_start = (ADDR (.itcm) - SIZEOF (.vectors)))
                0x01ff8720                        PROVIDE (__itcm_end = (ADDR (.itcm) + SIZEOF (.itcm)))
                0x00000001                        ASSERT (((__itcm_lma + SIZEOF (.vectors)) == LOADADDR (.itcm)), Error: gap between vectors and itcm)

.dtcm           0x02ff0000        0x0 load address 0x02009478
 *(.dtcm .dtcm.*)
 *.32.o(.data .data.* .gnu.linkonce.d.*)
 *.32.o(.data1)
                0x02ff0000                        . = ALIGN (0x4)
                [!provide]                        PROVIDE (__dtcm_lma = LOADADDR (.dtcm))
                0x02ff0000                        PROVIDE (__dtcm_start = ADDR (.dtcm))
                0x02ff0000                        PROVIDE (__dtcm_end = (ADDR (.dtcm) + SIZEOF (.dtcm)))

.dtcm.bss       0x02ff0000       0x98 load address 0x02009478
 *(.sbss .sbss.*)
 *.32.o(.dynbss)
 *.32.o(.bss .bss.* .gnu.linkonce.b.*)
 .bss.__irq_table
                0x02ff0000       0x80 C:/devkitPro/calico/lib\libcalico_ds9.a(thread_hot.32.o)
                0x02ff0000                __irq_table
 .bss.__sched_state
                0x02ff0080       0x18 C:/devkitPro/calico/lib\libcalico_ds9.a(thread_hot.32.o)
                0x02ff0080                __sched_state
 *.32.o(COMMON)
                0x02ff0098                        . = ALIGN (0x4)
                [!provide]                        PROVIDE (__dtcm_bss_start = ADDR (.dtcm.bss))
                0x02ff0098                        PROVIDE (__dtcm_bss_end = (ADDR (.dtcm.bss) + SIZEOF (.dtcm.bss)))

.main           0x020013c0    0x31644 load address 0x02009478
 *(SORT_NONE(.init))
 .init          0x020013c0        0x4 C:/devkitPro/devkitARM/bin/../lib/gcc/arm-none-eabi/15.1.0/thumb/crti.o
                0x020013c0                _init
 .init          0x020013c4        0x8 C:/devkitPro/devkitARM/bin/../lib/gcc/arm-none-eabi/15.1.0/thumb/crtn.o
 EXCLUDE_FILE(*.twl.*) *(.text.unlikely .text.*_unlikely .text.unlikely.*)
 EXCLUDE_FILE(*.twl.*) *(.text.exit .text.exit.*)
 .text.exit     0x020013cc       0x24 C:/devkitPro/devkitARM/bin/../lib/gcc/arm-none-eabi/15.1.0/../../../../arm-none-eabi/lib/thumb\libg.a(libc_a-exit.o)
                0x020013cc                exit
 EXCLUDE_FILE(*.twl.*) *(.text.startup .text.startup.*)
 .text.startup.main
                0x020013f0      0xd7c main.o
                0x020013f0                main
 .text.startup._GLOBAL__sub_I_surface
                0x0200216c       0x10 main.o
 EXCLUDE_FILE(*.twl.*) *(.text.hot .text.hot.*)
 EXCLUDE_FILE(*.twl.*) *(.text .iplt .stub .text.* .gnu.linkonce.t.*)
 .text.__do_global_dtors_aux
                0x0200217c       0x2c C:/devkitPro/devkitARM/bin/../lib/gcc/arm-none-eabi/15.1.0/thumb/crtbegin.o
 .text.frame_dummy
                0x020021a8       0x24 C:/devkitPro/devkitARM/bin/../lib/gcc/arm-none-eabi/15.1.0/thumb/crtbegin.o
 .iplt          0x020021cc        0x0 C:/devkitPro/devkitARM/bin/../lib/gcc/arm-none-eabi/15.1.0/thumb/crtbegin.o
 .text._Z6AVARGBiiii
                0x020021cc       0x24 avdslib.o
                0x020021cc                AVARGB(int, int, int, int)
 .text._Z13AVinvertColort
                0x020021f0       0x10 avdslib.o
                0x020021f0                AVinvertColor(unsigned short)
 .text._Z9AVfillDMAPtiit
                0x02002200       0x44 avdslib.o
                0x02002200                AVfillDMA(unsigned short*, int, int, unsigned short)
 .text._Z15AVdrawRectanglePtiiiit
                0x02002244       0x9c avdslib.o
                0x02002244                AVdrawRectangle(unsigned short*, int, int, int, int, unsigned short)
 .text._Z18AVdrawRectangleDMAPtiiiiti
                0x020022e0       0x84 avdslib.o
                0x020022e0                AVdrawRectangleDMA(unsigned short*, int, int, int, int, unsigned short, int)
 .text._Z21AVdrawRectangleHollowPtiiiit
                0x02002364       0x9c avdslib.o
                0x02002364                AVdrawRectangleHollow(unsigned short*, int, int, int, int, unsigned short)
 .text._Z11AVdrawVlinePtiiit
                0x02002400       0x24 avdslib.o
                0x02002400                AVdrawVline(unsigned short*, int, int, int, unsigned short)
 .text._Z14AVdrawHlineDMAPtiiit
                0x02002424       0x4c avdslib.o
                0x02002424                AVdrawHlineDMA(unsigned short*, int, int, int, unsigned short)
 .text._Z9importNESPKcPt
                0x02002470      0x108 formats.o
                0x02002470                importNES(char const*, unsigned short*)
 .text._Z9exportNESPKcPti
                0x02002578       0xf8 formats.o
                0x02002578                exportNES(char const*, unsigned short*, int)
 .text._Z9importGBCPKcPt
                0x02002670       0xd8 formats.o
                0x02002670                importGBC(char const*, unsigned short*)
 .text._Z9exportGBCPKcPti
                0x02002748       0xcc formats.o
                0x02002748                exportGBC(char const*, unsigned short*, int)
 .text._Z10importSNESPKcPt
                0x02002814      0x15c formats.o
                0x02002814                importSNES(char const*, unsigned short*)
 .text._Z10exportSNESPKcPti
                0x02002970      0x15c formats.o
                0x02002970                exportSNES(char const*, unsigned short*, int)
 .text._Z9importGBAPKcPt
                0x02002acc       0xcc formats.o
                0x02002acc                importGBA(char const*, unsigned short*)
 .text._Z9exportGBAPKcPti
                0x02002b98       0xa8 formats.o
                0x02002b98                exportGBA(char const*, unsigned short*, int)
 .text._Z9importPalPKc
                0x02002c40       0xbc formats.o
                0x02002c40                importPal(char const*)
 .text._Z9exportPalPKc
                0x02002cfc       0x94 formats.o
                0x02002cfc                exportPal(char const*)
 .text._Z9importPCXPKcPt
                0x02002d90      0x1d4 formats.o
                0x02002d90                importPCX(char const*, unsigned short*)
 .text._Z9exportPCXPKcPtii
                0x02002f64      0x194 formats.o
                0x02002f64                exportPCX(char const*, unsigned short*, int, int)
 .text._Z14writeBmpHeaderP7__sFILE
                0x020030f8       0x94 formats.o
                0x020030f8                writeBmpHeader(__sFILE*)
 .text._Z7saveBMPPKcPtS1_
                0x0200318c       0x8c formats.o
                0x0200318c                saveBMP(char const*, unsigned short*, unsigned short*)
 .text._Z15saveBMP_indexedPKcPtS1_
                0x02003218      0x154 formats.o
                0x02003218                saveBMP_indexed(char const*, unsigned short*, unsigned short*)
 .text._Z15loadBMP_indexedPKcPtS1_
                0x0200336c      0x130 formats.o
                0x0200336c                loadBMP_indexed(char const*, unsigned short*, unsigned short*)
 .text._Z12saveBMP_4bppPKcPtS1_
                0x0200349c      0x1a8 formats.o
                0x0200349c                saveBMP_4bpp(char const*, unsigned short*, unsigned short*)
 .text._Z12loadBMP_4bppPKcPtS1_
                0x02003644      0x1b0 formats.o
                0x02003644                loadBMP_4bpp(char const*, unsigned short*, unsigned short*)
 .text._Z9importGIFPKcPt
                0x020037f4      0x1a8 formats.o
                0x020037f4                importGIF(char const*, unsigned short*)
 .text._Z9exportGIFPKcPtii
                0x0200399c      0x1b0 formats.o
                0x0200399c                exportGIF(char const*, unsigned short*, int, int)
 .text._Z9importTGAPKcPt
                0x02003b4c      0x130 formats.o
                0x02003b4c                importTGA(char const*, unsigned short*)
 .text._Z9exportTGAPKcPtii
                0x02003c7c      0x12c formats.o
                0x02003c7c                exportTGA(char const*, unsigned short*, int, int)
 .text._Z8textModev.part.0
                0x02003da8       0x50 main.o
 .text._Z10submitVRAMv
                0x02003df8       0xdc main.o
                0x02003df8                submitVRAM()
 .text._Z15drawSurfaceMainb
                0x02003ed4      0x110 main.o
                0x02003ed4                drawSurfaceMain(bool)
 .text._Z17drawSurfaceBottomv
                0x02003fe4      0x200 main.o
                0x02003fe4                drawSurfaceBottom()
 .text._Z16drawColorPalettev
                0x020041e4       0x5c main.o
                0x020041e4                drawColorPalette()
 .text._Z14drawNesPalettev
                0x02004240       0x5c main.o
                0x02004240                drawNesPalette()
 .text._Z9updatePaliPi
                0x0200429c      0x168 main.o
                0x0200429c                updatePal(int, int*)
 .text._Z14clearTopBitmapv
                0x02004404       0xb8 main.o
                0x02004404                clearTopBitmap()
 .text._Z10initBitmapv
                0x020044bc      0x1f8 main.o
                0x020044bc                initBitmap()
 .text._Z16setEditorSpritesv
                0x020046b4       0x48 main.o
                0x020046b4                setEditorSprites()
 .text._Z10bitmapModev.part.0
                0x020046fc       0x7c main.o
 .text._Z19getActionsFromTouchi
                0x02004778       0x40 main.o
                0x02004778                getActionsFromTouch(int)
 .text._Z12applyActionsi
                0x020047b8      0x128 main.o
                0x020047b8                applyActions(int)
 .text._Z9floodFillPtiittii
                0x020048e0       0xd0 main.o
                0x020048e0                floodFill(unsigned short*, int, int, unsigned short, unsigned short, int, int)
 .text._Z9applyTooliib
                0x020049b0      0x270 main.o
                0x020049b0                applyTool(int, int, bool)
 .text._Z22copyFromSurfaceToStackiiii
                0x02004c20       0x68 main.o
                0x02004c20                copyFromSurfaceToStack(int, int, int, int)
 .text._Z21cutFromSurfaceToStackiiii
                0x02004c88       0xc4 main.o
                0x02004c88                cutFromSurfaceToStack(int, int, int, int)
 .text._Z23pasteFromStackToSurfaceii
                0x02004d4c       0x8c main.o
                0x02004d4c                pasteFromStackToSurface(int, int)
 .text._Z5flipHv
                0x02004dd8      0x104 main.o
                0x02004dd8                flipH()
 .text._Z5flipVv
                0x02004edc       0xfc main.o
                0x02004edc                flipV()
 .text._Z7scaleUpv
                0x02004fd8      0x144 main.o
                0x02004fd8                scaleUp()
 .text._Z9scaleDownv
                0x0200511c       0xc4 main.o
                0x0200511c                scaleDown()
 .text._Z14rotatePositivev
                0x020051e0       0xe0 main.o
                0x020051e0                rotatePositive()
 .text._Z14rotateNegativev
                0x020052c0       0xe8 main.o
                0x020052c0                rotateNegative()
 .text._Z18setBackupVariablesv
                0x020053a8       0x4c main.o
                0x020053a8                setBackupVariables()
 .text._Z11backupWritev
                0x020053f4       0x6c main.o
                0x020053f4                backupWrite()
 .text._Z10backupReadv
                0x02005460       0x58 main.o
                0x02005460                backupRead()
 .text._Z7initFPSv
                0x020054b8       0x24 main.o
                0x020054b8                initFPS()
 .text          0x020054dc       0xa8 drawSurfaceBottom16x.o
                0x020054dc                drawSurfaceBottom16x
 .text          0x02005584       0x60 drawSurfaceBottom2x.o
                0x02005584                drawSurfaceBottom2x
 .text          0x020055e4       0xe8 drawSurfaceBottom32x.o
                0x020055e4                drawSurfaceBottom32x
 .text          0x020056cc       0x78 drawSurfaceBottom4x.o
                0x020056cc                drawSurfaceBottom4x
 .text          0x02005744       0x88 drawSurfaceBottom8x.o
                0x02005744                drawSurfaceBottom8x
 .text          0x020057cc       0x60 memcpy_fast_arm9.o
                0x020057cc                memcpy_fast_arm9
 .text.fatInitDefault
                0x0200582c       0x20 C:/devkitPro/libnds/lib\libfat.a(fat_wrappers.o)
                0x0200582c                fatInitDefault
 .text._dvmDiscCalicoDummy
                0x0200584c        0x4 C:/devkitPro/libnds/lib\libfat.a(dvm_calico.o)
 .text._dvmDiscCalicoWriteSectors
                0x02005850        0x8 C:/devkitPro/libnds/lib\libfat.a(dvm_calico.o)
 .text._dvmDiscCalicoReadSectors
                0x02005858        0x8 C:/devkitPro/libnds/lib\libfat.a(dvm_calico.o)
 .text._dvmIsAlignedAccess
                0x02005860       0x30 C:/devkitPro/libnds/lib\libfat.a(dvm_calico.o)
                0x02005860                _dvmIsAlignedAccess
 .text._dvmCacheCopy
                0x02005890       0x14 C:/devkitPro/libnds/lib\libfat.a(dvm_calico.o)
                0x02005890                _dvmCacheCopy
 .text.dvmInit  0x020058a4      0x268 C:/devkitPro/libnds/lib\libfat.a(dvm_calico.o)
                0x020058a4                dvmInit
 .text.dvmDiscAddUser
                0x02005b0c       0x10 C:/devkitPro/libnds/lib\libfat.a(dvm_disc.o)
                0x02005b0c                dvmDiscAddUser
 .text.dvmDiscRemoveUser
                0x02005b1c       0x28 C:/devkitPro/libnds/lib\libfat.a(dvm_disc.o)
                0x02005b1c                dvmDiscRemoveUser
 .text._dvmDiscCacheReadWrite
                0x02005b44      0x3ec C:/devkitPro/libnds/lib\libfat.a(dvm_cache.o)
 .text._dvmDiscCacheWriteSectors
                0x02005f30       0x58 C:/devkitPro/libnds/lib\libfat.a(dvm_cache.o)
 .text._dvmDiscCacheReadSectors
                0x02005f88       0x58 C:/devkitPro/libnds/lib\libfat.a(dvm_cache.o)
 .text._dvmDiscCacheFlush
                0x02005fe0       0xac C:/devkitPro/libnds/lib\libfat.a(dvm_cache.o)
 .text._dvmDiscCacheDestroy
                0x0200608c       0x28 C:/devkitPro/libnds/lib\libfat.a(dvm_cache.o)
 .text.dvmDiscCacheCreate
                0x020060b4      0x1a0 C:/devkitPro/libnds/lib\libfat.a(dvm_cache.o)
                0x020060b4                dvmDiscCacheCreate
 .text.dvmMountVolume
                0x02006254      0x188 C:/devkitPro/libnds/lib\libfat.a(dvm_volume.o)
                0x02006254                dvmMountVolume
 .text._dvmSetAppWorkingDir
                0x020063dc       0x74 C:/devkitPro/libnds/lib\libfat.a(dvm_volume.o)
                0x020063dc                _dvmSetAppWorkingDir
 .text._dvmIdentMbrVbr
                0x02006450      0x1d8 C:/devkitPro/libnds/lib\libfat.a(dvm_prober.o)
 .text._dvmReadPartitionTable
                0x02006628      0x204 C:/devkitPro/libnds/lib\libfat.a(dvm_prober.o)
 .text.dvmProbeMountDisc
                0x0200682c       0xf0 C:/devkitPro/libnds/lib\libfat.a(dvm_prober.o)
                0x0200682c                dvmProbeMountDisc
 .text._FAT_fstat_r
                0x0200691c       0xac C:/devkitPro/libnds/lib\libfat.a(fat_driver.o)
 .text._FAT_umount
                0x020069c8       0x1c C:/devkitPro/libnds/lib\libfat.a(fat_driver.o)
 .text._FAT_mount
                0x020069e4       0x44 C:/devkitPro/libnds/lib\libfat.a(fat_driver.o)
 .text._FAT_seek_r
                0x02006a28      0x13c C:/devkitPro/libnds/lib\libfat.a(fat_driver.o)
 .text._FAT_set_stat.isra.0
                0x02006b64      0x10c C:/devkitPro/libnds/lib\libfat.a(fat_driver.o)
 .text._FAT_mkdir_r
                0x02006c70       0x64 C:/devkitPro/libnds/lib\libfat.a(fat_driver.o)
 .text._FAT_chdir_r
                0x02006cd4       0x64 C:/devkitPro/libnds/lib\libfat.a(fat_driver.o)
 .text._FAT_unlink_r
                0x02006d38       0x70 C:/devkitPro/libnds/lib\libfat.a(fat_driver.o)
 .text._FAT_rmdir_r
                0x02006da8       0x6c C:/devkitPro/libnds/lib\libfat.a(fat_driver.o)
 .text._FAT_diropen_r
                0x02006e14       0x7c C:/devkitPro/libnds/lib\libfat.a(fat_driver.o)
 .text._FAT_fsync_r
                0x02006e90       0x64 C:/devkitPro/libnds/lib\libfat.a(fat_driver.o)
 .text._FAT_close_r
                0x02006ef4       0x64 C:/devkitPro/libnds/lib\libfat.a(fat_driver.o)
 .text._FAT_dirclose_r
                0x02006f58       0x64 C:/devkitPro/libnds/lib\libfat.a(fat_driver.o)
 .text._FAT_dirreset_r
                0x02006fbc       0x6c C:/devkitPro/libnds/lib\libfat.a(fat_driver.o)
 .text._FAT_rename_r
                0x02007028       0x80 C:/devkitPro/libnds/lib\libfat.a(fat_driver.o)
 .text._FAT_stat_r
                0x020070a8       0x98 C:/devkitPro/libnds/lib\libfat.a(fat_driver.o)
 .text._FAT_read_r
                0x02007140       0x7c C:/devkitPro/libnds/lib\libfat.a(fat_driver.o)
 .text._FAT_write_r
                0x020071bc       0x7c C:/devkitPro/libnds/lib\libfat.a(fat_driver.o)
 .text._FAT_statvfs_r
                0x02007238       0xf0 C:/devkitPro/libnds/lib\libfat.a(fat_driver.o)
 .text._FAT_ftruncate_r
                0x02007328      0x190 C:/devkitPro/libnds/lib\libfat.a(fat_driver.o)
 .text._FAT_dirnext_r
                0x020074b8      0x124 C:/devkitPro/libnds/lib\libfat.a(fat_driver.o)
 .text._FAT_open_r
                0x020075dc      0x124 C:/devkitPro/libnds/lib\libfat.a(fat_driver.o)
 .text.get_fattime
                0x02007700       0x64 C:/devkitPro/libnds/lib\libfat.a(fat_driver.o)
                0x02007700                get_fattime
 .text.ff_mutex_create
                0x02007764       0x18 C:/devkitPro/libnds/lib\libfat.a(fat_driver.o)
                0x02007764                ff_mutex_create
 .text.ff_mutex_delete
                0x0200777c        0x4 C:/devkitPro/libnds/lib\libfat.a(fat_driver.o)
                0x0200777c                ff_mutex_delete
 .text.ff_mutex_take
                0x02007780       0x14 C:/devkitPro/libnds/lib\libfat.a(fat_driver.o)
                0x02007780                ff_mutex_take
 .text.ff_mutex_give
                0x02007794        0x8 C:/devkitPro/libnds/lib\libfat.a(fat_driver.o)
                0x02007794                ff_mutex_give
 .text.disk_initialize
                0x0200779c       0x24 C:/devkitPro/libnds/lib\libfat.a(fat_driver.o)
                0x0200779c                disk_initialize
 .text.disk_status
                0x020077c0       0x24 C:/devkitPro/libnds/lib\libfat.a(fat_driver.o)
                0x020077c0                disk_status
 .text.disk_read
                0x020077e4       0x2c C:/devkitPro/libnds/lib\libfat.a(fat_driver.o)
                0x020077e4                disk_read
 .text.disk_write
                0x02007810       0x2c C:/devkitPro/libnds/lib\libfat.a(fat_driver.o)
                0x02007810                disk_write
 .text.disk_ioctl
                0x0200783c       0x38 C:/devkitPro/libnds/lib\libfat.a(fat_driver.o)
                0x0200783c                disk_ioctl
 .text.tchar2uni
                0x02007874       0xfc C:/devkitPro/libnds/lib\libfat.a(ff.o)
 .text.sync_window
                0x02007970       0x90 C:/devkitPro/libnds/lib\libfat.a(ff.o)
 .text.put_utf  0x02007a00      0x130 C:/devkitPro/libnds/lib\libfat.a(ff.o)
 .text.dir_clear
                0x02007b30       0x9c C:/devkitPro/libnds/lib\libfat.a(ff.o)
 .text.get_fileinfo
                0x02007bcc      0x28c C:/devkitPro/libnds/lib\libfat.a(ff.o)
 .text.sync_fs  0x02007e58      0x180 C:/devkitPro/libnds/lib\libfat.a(ff.o)
 .text.move_window
                0x02007fd8       0xc4 C:/devkitPro/libnds/lib\libfat.a(ff.o)
 .text.put_fat.part.0
                0x0200809c      0x1dc C:/devkitPro/libnds/lib\libfat.a(ff.o)
 .text.get_fat.isra.0
                0x02008278      0x160 C:/devkitPro/libnds/lib\libfat.a(ff.o)
 .text.remove_chain
                0x020083d8       0xf4 C:/devkitPro/libnds/lib\libfat.a(ff.o)
 .text.create_chain
                0x020084cc      0x21c C:/devkitPro/libnds/lib\libfat.a(ff.o)
 .text.dir_next
                0x020086e8      0x170 C:/devkitPro/libnds/lib\libfat.a(ff.o)
 .text.dir_read
                0x02008858      0x248 C:/devkitPro/libnds/lib\libfat.a(ff.o)
 .text.dir_sdi  0x02008aa0      0x128 C:/devkitPro/libnds/lib\libfat.a(ff.o)
 .text.dir_alloc
                0x02008bc8       0xcc C:/devkitPro/libnds/lib\libfat.a(ff.o)
 .text.dir_remove
                0x02008c94       0xc4 C:/devkitPro/libnds/lib\libfat.a(ff.o)
 .text.dir_find
                0x02008d58      0x2f8 C:/devkitPro/libnds/lib\libfat.a(ff.o)
 .text.follow_path
                0x02009050      0x588 C:/devkitPro/libnds/lib\libfat.a(ff.o)
 .text.dir_register
                0x020095d8      0x3f0 C:/devkitPro/libnds/lib\libfat.a(ff.o)
 .text.check_fs
                0x020099c8      0x1ec C:/devkitPro/libnds/lib\libfat.a(ff.o)
 .text.mount_volume.part.0
                0x02009bb4      0x504 C:/devkitPro/libnds/lib\libfat.a(ff.o)
 .text.validate
                0x0200a0b8       0xbc C:/devkitPro/libnds/lib\libfat.a(ff.o)
 .text.f_mount  0x0200a174       0x6c C:/devkitPro/libnds/lib\libfat.a(ff.o)
                0x0200a174                f_mount
 .text.f_umount
                0x0200a1e0       0x38 C:/devkitPro/libnds/lib\libfat.a(ff.o)
                0x0200a1e0                f_umount
 .text.f_open   0x0200a218      0x400 C:/devkitPro/libnds/lib\libfat.a(ff.o)
                0x0200a218                f_open
 .text.f_read   0x0200a618      0x2a4 C:/devkitPro/libnds/lib\libfat.a(ff.o)
                0x0200a618                f_read
 .text.f_write  0x0200a8bc      0x350 C:/devkitPro/libnds/lib\libfat.a(ff.o)
                0x0200a8bc                f_write
 .text.f_sync   0x0200ac0c      0x1a0 C:/devkitPro/libnds/lib\libfat.a(ff.o)
                0x0200ac0c                f_sync
 .text.f_close  0x0200adac       0x58 C:/devkitPro/libnds/lib\libfat.a(ff.o)
                0x0200adac                f_close
 .text.f_chdir  0x0200ae04       0xf0 C:/devkitPro/libnds/lib\libfat.a(ff.o)
                0x0200ae04                f_chdir
 .text.f_lseek  0x0200aef4      0x298 C:/devkitPro/libnds/lib\libfat.a(ff.o)
                0x0200aef4                f_lseek
 .text.f_opendir
                0x0200b18c      0x12c C:/devkitPro/libnds/lib\libfat.a(ff.o)
                0x0200b18c                f_opendir
 .text.f_closedir
                0x0200b2b8       0xb0 C:/devkitPro/libnds/lib\libfat.a(ff.o)
                0x0200b2b8                f_closedir
 .text.f_readdir
                0x0200b368       0xd0 C:/devkitPro/libnds/lib\libfat.a(ff.o)
                0x0200b368                f_readdir
 .text.f_stat   0x0200b438      0x104 C:/devkitPro/libnds/lib\libfat.a(ff.o)
                0x0200b438                f_stat
 .text.f_getfree
                0x0200b53c      0x184 C:/devkitPro/libnds/lib\libfat.a(ff.o)
                0x0200b53c                f_getfree
 .text.f_truncate
                0x0200b6c0      0x228 C:/devkitPro/libnds/lib\libfat.a(ff.o)
                0x0200b6c0                f_truncate
 .text.f_unlink
                0x0200b8e8      0x1a4 C:/devkitPro/libnds/lib\libfat.a(ff.o)
                0x0200b8e8                f_unlink
 .text.f_mkdir  0x0200ba8c      0x294 C:/devkitPro/libnds/lib\libfat.a(ff.o)
                0x0200ba8c                f_mkdir
 .text.f_rename
                0x0200bd20      0x248 C:/devkitPro/libnds/lib\libfat.a(ff.o)
                0x0200bd20                f_rename
 .text.ff_uni2oem
                0x0200bf68       0x78 C:/devkitPro/libnds/lib\libfat.a(ffunicode.o)
                0x0200bf68                ff_uni2oem
 .text.ff_oem2uni
                0x0200bfe0       0x40 C:/devkitPro/libnds/lib\libfat.a(ffunicode.o)
                0x0200bfe0                ff_oem2uni
 .text.ff_wtoupper
                0x0200c020      0x128 C:/devkitPro/libnds/lib\libfat.a(ffunicode.o)
                0x0200c020                ff_wtoupper
 .text.checkIfText
                0x0200c148       0x6c C:/devkitPro/libnds/lib\libnds9.a(background.o)
                0x0200c148                checkIfText
 .text.bgUpdate
                0x0200c1b4       0xe8 C:/devkitPro/libnds/lib\libnds9.a(background.o)
                0x0200c1b4                bgUpdate
 .text.bgInit_call
                0x0200c29c       0xa8 C:/devkitPro/libnds/lib\libnds9.a(background.o)
                0x0200c29c                bgInit_call
 .text.bgInitSub_call
                0x0200c344       0xb0 C:/devkitPro/libnds/lib\libnds9.a(background.o)
                0x0200c344                bgInitSub_call
 .text.newRow   0x0200c3f4       0xe0 C:/devkitPro/libnds/lib\libnds9.a(console.o)
 .text.consolePrintChar
                0x0200c4d4       0xe0 C:/devkitPro/libnds/lib\libnds9.a(console.o)
                0x0200c4d4                consolePrintChar
 .text.con_write
                0x0200c5b4      0x344 C:/devkitPro/libnds/lib\libnds9.a(console.o)
                0x0200c5b4                con_write
 .text.consoleLoadFont
                0x0200c8f8      0x2e8 C:/devkitPro/libnds/lib\libnds9.a(console.o)
                0x0200c8f8                consoleLoadFont
 .text.consoleInit
                0x0200cbe0      0x170 C:/devkitPro/libnds/lib\libnds9.a(console.o)
                0x0200cbe0                consoleInit
 .text.consoleDemoInit
                0x0200cd50       0x40 C:/devkitPro/libnds/lib\libnds9.a(console.o)
                0x0200cd50                consoleDemoInit
 .text.consoleClear
                0x0200cd90       0x10 C:/devkitPro/libnds/lib\libnds9.a(console.o)
                0x0200cd90                consoleClear
 .text.getHeader
                0x0200cda0        0x4 C:/devkitPro/libnds/lib\libnds9.a(decompress.o)
 .text.readByte
                0x0200cda4        0x4 C:/devkitPro/libnds/lib\libnds9.a(decompress.o)
 .text.decompress
                0x0200cda8       0x40 C:/devkitPro/libnds/lib\libnds9.a(decompress.o)
                0x0200cda8                decompress
 .text.defaultHandler
                0x0200cde8       0x6c C:/devkitPro/libnds/lib\libnds9.a(exceptionDefault.o)
 .text.excptPrint
                0x0200ce54       0x38 C:/devkitPro/libnds/lib\libnds9.a(exceptionDefault.o)
 .text.defaultExceptionHandler
                0x0200ce8c       0x20 C:/devkitPro/libnds/lib\libnds9.a(exceptionDefault.o)
                0x0200ce8c                defaultExceptionHandler
 .text.ARMShift
                0x0200ceac       0x74 C:/devkitPro/libnds/lib\libnds9.a(gurumeditation.o)
 .text.getExceptionAddress
                0x0200cf20      0x198 C:/devkitPro/libnds/lib\libnds9.a(gurumeditation.o)
                0x0200cf20                getExceptionAddress
 .text.guruMeditationDump
                0x0200d0b8      0x108 C:/devkitPro/libnds/lib\libnds9.a(gurumeditation.o)
                0x0200d0b8                guruMeditationDump
 .text.swapKeyGfx.part.0
                0x0200d1c0      0x21c C:/devkitPro/libnds/lib\libnds9.a(keyboard.o)
 .text.keyboardGetKey
                0x0200d3dc       0x4c C:/devkitPro/libnds/lib\libnds9.a(keyboard.o)
                0x0200d3dc                keyboardGetKey
 .text.keyboardShiftState
                0x0200d428       0x9c C:/devkitPro/libnds/lib\libnds9.a(keyboard.o)
                0x0200d428                keyboardShiftState
 .text.keyboardUpdate
                0x0200d4c4      0x12c C:/devkitPro/libnds/lib\libnds9.a(keyboard.o)
                0x0200d4c4                keyboardUpdate
 .text.keyboardInit
                0x0200d5f0      0x20c C:/devkitPro/libnds/lib\libnds9.a(keyboard.o)
                0x0200d5f0                keyboardInit
 .text.keyboardDemoInit
                0x0200d7fc       0x2c C:/devkitPro/libnds/lib\libnds9.a(keyboard.o)
                0x0200d7fc                keyboardDemoInit
 .text.keyboardShow
                0x0200d828       0xd8 C:/devkitPro/libnds/lib\libnds9.a(keyboard.o)
                0x0200d828                keyboardShow
 .text.keyboardHide
                0x0200d900       0x88 C:/devkitPro/libnds/lib\libnds9.a(keyboard.o)
                0x0200d900                keyboardHide
 .text.keyboardRead
                0x0200d988       0xd0 C:/devkitPro/libnds/lib\libnds9.a(keyboard.o)
                0x0200d988                keyboardRead
 .text.scanKeys
                0x0200da58       0x6c C:/devkitPro/libnds/lib\libnds9.a(keys.o)
                0x0200da58                scanKeys
 .text.keysHeld
                0x0200dac4        0xc C:/devkitPro/libnds/lib\libnds9.a(keys.o)
                0x0200dac4                keysHeld
 .text.keysDown
                0x0200dad0       0x10 C:/devkitPro/libnds/lib\libnds9.a(keys.o)
                0x0200dad0                keysDown
 .text.keysUp   0x0200dae0       0x10 C:/devkitPro/libnds/lib\libnds9.a(keys.o)
                0x0200dae0                keysUp
 .text.keysCurrent
                0x0200daf0       0x1c C:/devkitPro/libnds/lib\libnds9.a(keys.o)
                0x0200daf0                keysCurrent
 .text.oamAllocReset
                0x0200db0c       0x1c C:/devkitPro/libnds/lib\libnds9.a(sprite_alloc.o)
                0x0200db0c                oamAllocReset
 .text.oamAllocateGfx
                0x0200db28      0x578 C:/devkitPro/libnds/lib\libnds9.a(sprite_alloc.o)
                0x0200db28                oamAllocateGfx
 .text.oamInit  0x0200e0a0      0x138 C:/devkitPro/libnds/lib\libnds9.a(sprite.o)
                0x0200e0a0                oamInit
 .text.oamGetGfxPtr
                0x0200e1d8       0x34 C:/devkitPro/libnds/lib\libnds9.a(sprite.o)
                0x0200e1d8                oamGetGfxPtr
 .text.oamClear
                0x0200e20c       0x24 C:/devkitPro/libnds/lib\libnds9.a(sprite.o)
                0x0200e20c                oamClear
 .text.oamGfxPtrToOffset
                0x0200e230       0x34 C:/devkitPro/libnds/lib\libnds9.a(sprite.o)
                0x0200e230                oamGfxPtrToOffset
 .text.oamSet   0x0200e264      0x100 C:/devkitPro/libnds/lib\libnds9.a(sprite.o)
                0x0200e264                oamSet
 .text.oamUpdate
                0x0200e364       0x78 C:/devkitPro/libnds/lib\libnds9.a(sprite.o)
                0x0200e364                oamUpdate
 .text.sinLutLookup
                0x0200e3dc       0x4c C:/devkitPro/libnds/lib\libnds9.a(trig.o)
                0x0200e3dc                sinLutLookup
 .text.sinLerp  0x0200e428       0x38 C:/devkitPro/libnds/lib\libnds9.a(trig.o)
                0x0200e428                sinLerp
 .text.cosLerp  0x0200e460       0x44 C:/devkitPro/libnds/lib\libnds9.a(trig.o)
                0x0200e460                cosLerp
 .text.__libnds_excpt
                0x0200e4a4       0xf8 C:/devkitPro/libnds/lib\libnds9.a(exceptionEntry.o)
                0x0200e4a4                __libnds_excpt
 .text.threadExit
                0x0200e59c       0x9c C:/devkitPro/calico/lib\libcalico_ds9.a(thread_cold.o)
                0x0200e59c                threadExit
 .text._threadTickTask
                0x0200e638       0x10 C:/devkitPro/calico/lib\libcalico_ds9.a(thread_cold.o)
 .text._threadInit
                0x0200e648       0x98 C:/devkitPro/calico/lib\libcalico_ds9.a(thread_cold.o)
                0x0200e648                _threadInit
 .text.threadPrepare
                0x0200e6e0       0xa4 C:/devkitPro/calico/lib\libcalico_ds9.a(thread_cold.o)
                0x0200e6e0                threadPrepare
 .text.threadStart
                0x0200e784       0xc8 C:/devkitPro/calico/lib\libcalico_ds9.a(thread_cold.o)
                0x0200e784                threadStart
 .text.threadIrqWait
                0x0200e84c       0xa0 C:/devkitPro/calico/lib\libcalico_ds9.a(thread_cold.o)
                0x0200e84c                threadIrqWait
 .text.threadSleepTicks
                0x0200e8ec       0x58 C:/devkitPro/calico/lib\libcalico_ds9.a(thread_cold.o)
                0x0200e8ec                threadSleepTicks
 .text._dietPrintDefaultFunc
                0x0200e944        0x4 C:/devkitPro/calico/lib\libcalico_ds9.a(dietprint.o)
 .text._dietOutput
                0x0200e948       0x3c C:/devkitPro/calico/lib\libcalico_ds9.a(dietprint.o)
 .text._dietPrintDec32
                0x0200e984      0x110 C:/devkitPro/calico/lib\libcalico_ds9.a(dietprint.o)
 .text._dietPrintHex32
                0x0200ea94      0x170 C:/devkitPro/calico/lib\libcalico_ds9.a(dietprint.o)
 .text.dietPrintV
                0x0200ec04      0x4b8 C:/devkitPro/calico/lib\libcalico_ds9.a(dietprint.o)
                0x0200ec04                dietPrintV
 .text.dietPrint
                0x0200f0bc       0x18 C:/devkitPro/calico/lib\libcalico_ds9.a(dietprint.o)
                0x0200f0bc                dietPrint
 .text.__syscall_getreent
                0x0200f0d4       0x14 C:/devkitPro/calico/lib\libcalico_ds9.a(newlib_syscalls.o)
                0x0200f0d4                __syscall_getreent
 .text.__errno  0x0200f0e8       0x24 C:/devkitPro/calico/lib\libcalico_ds9.a(newlib_syscalls.o)
                0x0200f0e8                __errno
 .text.__syscall_gettod_r
                0x0200f10c       0x30 C:/devkitPro/calico/lib\libcalico_ds9.a(newlib_syscalls.o)
                0x0200f10c                __syscall_gettod_r
 .text.__syscall_lock_acquire
                0x0200f13c        0x4 C:/devkitPro/calico/lib\libcalico_ds9.a(newlib_syscalls.o)
                0x0200f13c                __syscall_lock_acquire
 .text.__syscall_lock_release
                0x0200f140        0x4 C:/devkitPro/calico/lib\libcalico_ds9.a(newlib_syscalls.o)
                0x0200f140                __syscall_lock_release
 .text.__syscall_lock_acquire_recursive
                0x0200f144       0x4c C:/devkitPro/calico/lib\libcalico_ds9.a(newlib_syscalls.o)
                0x0200f144                __syscall_lock_acquire_recursive
 .text.__syscall_lock_release_recursive
                0x0200f190       0x18 C:/devkitPro/calico/lib\libcalico_ds9.a(newlib_syscalls.o)
                0x0200f190                __syscall_lock_release_recursive
 .text.svcLZ77UncompWram
                0x0200f1a8        0x4 C:/devkitPro/calico/lib\libcalico_ds9.a(bios.o)
                0x0200f1a8                svcLZ77UncompWram
 .text.svcHuffUncompCallback
                0x0200f1ac        0x4 C:/devkitPro/calico/lib\libcalico_ds9.a(bios.o)
                0x0200f1ac                svcHuffUncompCallback
 .text.svcRLUncompWram
                0x0200f1b0        0x4 C:/devkitPro/calico/lib\libcalico_ds9.a(bios.o)
                0x0200f1b0                svcRLUncompWram
 .text.svcRLUncompVramCallback
                0x0200f1b4        0x4 C:/devkitPro/calico/lib\libcalico_ds9.a(bios.o)
                0x0200f1b4                svcRLUncompVramCallback
 .text.svcLZ77UncompVramCallback
                0x0200f1b8       0x18 C:/devkitPro/calico/lib\libcalico_ds9.a(bios.o)
                0x0200f1b8                svcLZ77UncompVramCallback
 .text._pxiMailboxHandler
                0x0200f1d0        0x4 C:/devkitPro/calico/lib\libcalico_ds9.a(pxi.o)
 .text._pxiRecvUnhandled
                0x0200f1d4        0x4 C:/devkitPro/calico/lib\libcalico_ds9.a(pxi.o)
                0x0200f1d4                _pxiRecvUnhandled
 .text._pxiRecvIrqHandler
                0x0200f1d8      0x154 C:/devkitPro/calico/lib\libcalico_ds9.a(pxi.o)
 .text._pxiInit
                0x0200f32c       0x58 C:/devkitPro/calico/lib\libcalico_ds9.a(pxi.o)
                0x0200f32c                _pxiInit
 .text.pxiSetHandler
                0x0200f384       0x74 C:/devkitPro/calico/lib\libcalico_ds9.a(pxi.o)
                0x0200f384                pxiSetHandler
 .text.pxiSetMailbox
                0x0200f3f8       0x68 C:/devkitPro/calico/lib\libcalico_ds9.a(pxi.o)
                0x0200f3f8                pxiSetMailbox
 .text.pxiWaitRemote
                0x0200f460       0x38 C:/devkitPro/calico/lib\libcalico_ds9.a(pxi.o)
                0x0200f460                pxiWaitRemote
 .text.pxiSendPacket
                0x0200f498       0x50 C:/devkitPro/calico/lib\libcalico_ds9.a(pxi.o)
                0x0200f498                pxiSendPacket
 .text.pxiSendExtPacket
                0x0200f4e8       0x98 C:/devkitPro/calico/lib\libcalico_ds9.a(pxi.o)
                0x0200f4e8                pxiSendExtPacket
 .text.pxiBeginReceive
                0x0200f580       0x2c C:/devkitPro/calico/lib\libcalico_ds9.a(pxi.o)
                0x0200f580                pxiBeginReceive
 .text.pxiEndReceive
                0x0200f5ac       0xac C:/devkitPro/calico/lib\libcalico_ds9.a(pxi.o)
                0x0200f5ac                pxiEndReceive
 .text.keypadGetState
                0x0200f658       0x28 C:/devkitPro/calico/lib\libcalico_ds9.a(keypad.o)
                0x0200f658                keypadGetState
 .text._pmCallEventHandlers
                0x0200f680       0x40 C:/devkitPro/calico/lib\libcalico_ds9.a(pm.o)
 .text._pmPxiThreadMain
                0x0200f6c0       0xa0 C:/devkitPro/calico/lib\libcalico_ds9.a(pm.o)
 .text._pmResetPxiHandler
                0x0200f760       0x28 C:/devkitPro/calico/lib\libcalico_ds9.a(pm.o)
 .text.systemUserExit
                0x0200f788        0x4 C:/devkitPro/calico/lib\libcalico_ds9.a(pm.o)
                0x0200f788                systemUserExit
 .text.systemErrorExit
                0x0200f78c        0x4 C:/devkitPro/calico/lib\libcalico_ds9.a(pm.o)
                0x0200f78c                systemErrorExit
 .text.__syscall_exit
                0x0200f790      0x138 C:/devkitPro/calico/lib\libcalico_ds9.a(pm.o)
                0x0200f790                __syscall_exit
 .text.pmInit   0x0200f8c8       0x58 C:/devkitPro/calico/lib\libcalico_ds9.a(pm.o)
                0x0200f8c8                pmInit
 .text.pmEnterSleep
                0x0200f920       0xcc C:/devkitPro/calico/lib\libcalico_ds9.a(pm.o)
                0x0200f920                pmEnterSleep
 .text.pmMainLoop
                0x0200f9ec       0x74 C:/devkitPro/calico/lib\libcalico_ds9.a(pm.o)
                0x0200f9ec                pmMainLoop
 .text.systemUserStartup
                0x0200fa60        0x4 C:/devkitPro/calico/lib\libcalico_ds9.a(sys_startup.o)
                0x0200fa60                systemUserStartup
 .text.systemStartup
                0x0200fa64      0x104 C:/devkitPro/calico/lib\libcalico_ds9.a(sys_startup.o)
                0x0200fa64                systemStartup
 .text.touchRead
                0x0200fb68       0x58 C:/devkitPro/calico/lib\libcalico_ds9.a(touch.o)
                0x0200fb68                touchRead
 .text._blkDevReadWriteSectors
                0x0200fbc0       0x44 C:/devkitPro/calico/lib\libcalico_ds9.a(blk.o)
 .text.blkInit  0x0200fc04        0x8 C:/devkitPro/calico/lib\libcalico_ds9.a(blk.o)
                0x0200fc04                blkInit
 .text.blkDevIsPresent
                0x0200fc0c       0x30 C:/devkitPro/calico/lib\libcalico_ds9.a(blk.o)
                0x0200fc0c                blkDevIsPresent
 .text.blkDevInit
                0x0200fc3c       0x30 C:/devkitPro/calico/lib\libcalico_ds9.a(blk.o)
                0x0200fc3c                blkDevInit
 .text.blkDevGetSectorCount
                0x0200fc6c       0x34 C:/devkitPro/calico/lib\libcalico_ds9.a(blk.o)
                0x0200fc6c                blkDevGetSectorCount
 .text.blkDevReadSectors
                0x0200fca0       0x5c C:/devkitPro/calico/lib\libcalico_ds9.a(blk.o)
                0x0200fca0                blkDevReadSectors
 .text.blkDevWriteSectors
                0x0200fcfc       0x5c C:/devkitPro/calico/lib\libcalico_ds9.a(blk.o)
                0x0200fcfc                blkDevWriteSectors
 .text.irqSet   0x0200fd58       0x64 C:/devkitPro/calico/lib\libcalico_ds9.a(irq.o)
                0x0200fd58                irqSet
 .text._tickCountIsr
                0x0200fdbc       0x1c C:/devkitPro/calico/lib\libcalico_ds9.a(tick.o)
 .text._tickTaskSchedule.part.0.isra.0
                0x0200fdd8       0x84 C:/devkitPro/calico/lib\libcalico_ds9.a(tick.o)
 .text.tickInit
                0x0200fe5c       0xa0 C:/devkitPro/calico/lib\libcalico_ds9.a(tick.o)
                0x0200fe5c                tickInit
 .text.tickGetCount
                0x0200fefc       0x5c C:/devkitPro/calico/lib\libcalico_ds9.a(tick.o)
                0x0200fefc                tickGetCount
 .text._tickTaskIsr
                0x0200ff58      0x110 C:/devkitPro/calico/lib\libcalico_ds9.a(tick.o)
 .text.tickTaskStart
                0x02010068      0x144 C:/devkitPro/calico/lib\libcalico_ds9.a(tick.o)
                0x02010068                tickTaskStart
 .text.threadUpdateDynamicPrio
                0x020101ac      0x1cc C:/devkitPro/calico/lib\libcalico_ds9.a(mutex.o)
 .text.threadRemoveWaiter
                0x02010378      0x1c8 C:/devkitPro/calico/lib\libcalico_ds9.a(mutex.o)
 .text.mutexLock
                0x02010540      0x150 C:/devkitPro/calico/lib\libcalico_ds9.a(mutex.o)
                0x02010540                mutexLock
 .text.mutexUnlock
                0x02010690       0xd0 C:/devkitPro/calico/lib\libcalico_ds9.a(mutex.o)
                0x02010690                mutexUnlock
 .text.mailboxTrySend
                0x02010760       0x98 C:/devkitPro/calico/lib\libcalico_ds9.a(mailbox.o)
                0x02010760                mailboxTrySend
 .text.mailboxRecv
                0x020107f8       0x98 C:/devkitPro/calico/lib\libcalico_ds9.a(mailbox.o)
                0x020107f8                mailboxRecv
 .text.log2     0x02010890       0x1c C:/devkitPro/devkitARM/bin/../lib/gcc/arm-none-eabi/15.1.0/../../../../arm-none-eabi/lib/thumb\libm.a(libm_a-s_log2.o)
                0x02010890                log2
 .text.log      0x020108ac       0x70 C:/devkitPro/devkitARM/bin/../lib/gcc/arm-none-eabi/15.1.0/../../../../arm-none-eabi/lib/thumb\libm.a(libm_a-w_log.o)
                0x020108ac                log
 .text.__ieee754_log
                0x0201091c      0x364 C:/devkitPro/devkitARM/bin/../lib/gcc/arm-none-eabi/15.1.0/../../../../arm-none-eabi/lib/thumb\libm.a(libm_a-e_log.o)
                0x0201091c                __ieee754_log
 .text.nan      0x02010c80        0xc C:/devkitPro/devkitARM/bin/../lib/gcc/arm-none-eabi/15.1.0/../../../../arm-none-eabi/lib/thumb\libm.a(libm_a-s_nan.o)
                0x02010c80                nan
 .text          0x02010c8c      0x11c C:/devkitPro/devkitARM/bin/../lib/gcc/arm-none-eabi/15.1.0/thumb\libgcc.a(_udivsi3.o)
                0x02010c8c                __aeabi_uidiv
                0x02010c8c                __udivsi3
                0x02010d88                __aeabi_uidivmod
 .text          0x02010da8      0x150 C:/devkitPro/devkitARM/bin/../lib/gcc/arm-none-eabi/15.1.0/thumb\libgcc.a(_divsi3.o)
                0x02010da8                __divsi3
                0x02010da8                __aeabi_idiv
                0x02010ed8                __aeabi_idivmod
 .text          0x02010ef8        0x4 C:/devkitPro/devkitARM/bin/../lib/gcc/arm-none-eabi/15.1.0/thumb\libgcc.a(_dvmd_tls.o)
                0x02010ef8                __aeabi_idiv0
                0x02010ef8                __aeabi_ldiv0
 .text          0x02010efc      0x424 C:/devkitPro/devkitARM/bin/../lib/gcc/arm-none-eabi/15.1.0/thumb\libgcc.a(_arm_addsubdf3.o)
                0x02010efc                __aeabi_drsub
                0x02010f04                __aeabi_dsub
                0x02010f04                __subdf3
                0x02010f08                __aeabi_dadd
                0x02010f08                __adddf3
                0x02011218                __floatunsidf
                0x02011218                __aeabi_ui2d
                0x0201123c                __floatsidf
                0x0201123c                __aeabi_i2d
                0x02011264                __aeabi_f2d
                0x02011264                __extendsfdf2
                0x020112ac                __floatundidf
                0x020112ac                __aeabi_ul2d
                0x020112c0                __floatdidf
                0x020112c0                __aeabi_l2d
 .text          0x02011320      0x49c C:/devkitPro/devkitARM/bin/../lib/gcc/arm-none-eabi/15.1.0/thumb\libgcc.a(_arm_muldivdf3.o)
                0x02011320                __aeabi_dmul
                0x02011320                __muldf3
                0x020115b0                __divdf3
                0x020115b0                __aeabi_ddiv
 .text          0x020117bc      0x144 C:/devkitPro/devkitARM/bin/../lib/gcc/arm-none-eabi/15.1.0/thumb\libgcc.a(_arm_cmpdf2.o)
                0x020117bc                __gtdf2
                0x020117bc                __gedf2
                0x020117c4                __ltdf2
                0x020117c4                __ledf2
                0x020117cc                __nedf2
                0x020117cc                __eqdf2
                0x020117cc                __cmpdf2
                0x02011854                __aeabi_cdrcmple
                0x02011870                __aeabi_cdcmpeq
                0x02011870                __aeabi_cdcmple
                0x02011888                __aeabi_dcmpeq
                0x020118a0                __aeabi_dcmplt
                0x020118b8                __aeabi_dcmple
                0x020118d0                __aeabi_dcmpge
                0x020118e8                __aeabi_dcmpgt
 .text          0x02011900       0x38 C:/devkitPro/devkitARM/bin/../lib/gcc/arm-none-eabi/15.1.0/thumb\libgcc.a(_arm_unorddf2.o)
                0x02011900                __unorddf2
                0x02011900                __aeabi_dcmpun
 .text          0x02011938       0x5c C:/devkitPro/devkitARM/bin/../lib/gcc/arm-none-eabi/15.1.0/thumb\libgcc.a(_arm_fixdfsi.o)
                0x02011938                __aeabi_d2iz
                0x02011938                __fixdfsi
 .text          0x02011994       0x3c C:/devkitPro/devkitARM/bin/../lib/gcc/arm-none-eabi/15.1.0/thumb\libgcc.a(_aeabi_uldivmod.o)
                0x02011994                __aeabi_uldivmod
 .text.__udivmoddi4
                0x020119d0      0x194 C:/devkitPro/devkitARM/bin/../lib/gcc/arm-none-eabi/15.1.0/thumb\libgcc.a(_udivmoddi4.o)
                0x020119d0                __udivmoddi4
 .text          0x02011b64       0x28 C:/devkitPro/devkitARM/bin/../lib/gcc/arm-none-eabi/15.1.0/thumb\libgcc.a(_clzdi2.o)
                0x02011b64                __clzdi2
 .text          0x02011b8c       0x48 C:/devkitPro/devkitARM/bin/../lib/gcc/arm-none-eabi/15.1.0/thumb\libgcc.a(_clzsi2.o)
                0x02011b8c                __clzsi2
 .text.strchr   0x02011bd4       0xbc C:/devkitPro/devkitARM/bin/../lib/gcc/arm-none-eabi/15.1.0/../../../../arm-none-eabi/lib/thumb\libg.a(libc_a-strchr.o)
                0x02011bd4                strchr
 .text._fclose_r
                0x02011c90       0xdc C:/devkitPro/devkitARM/bin/../lib/gcc/arm-none-eabi/15.1.0/../../../../arm-none-eabi/lib/thumb\libg.a(libc_a-fclose.o)
                0x02011c90                _fclose_r
 .text.fclose   0x02011d6c       0x14 C:/devkitPro/devkitARM/bin/../lib/gcc/arm-none-eabi/15.1.0/../../../../arm-none-eabi/lib/thumb\libg.a(libc_a-fclose.o)
                0x02011d6c                fclose
 .text._fwrite_r
                0x02011d80       0x9c C:/devkitPro/devkitARM/bin/../lib/gcc/arm-none-eabi/15.1.0/../../../../arm-none-eabi/lib/thumb\libg.a(libc_a-fwrite.o)
                0x02011d80                _fwrite_r
 .text.fwrite   0x02011e1c       0x24 C:/devkitPro/devkitARM/bin/../lib/gcc/arm-none-eabi/15.1.0/../../../../arm-none-eabi/lib/thumb\libg.a(libc_a-fwrite.o)
                0x02011e1c                fwrite
 .text.sprintf  0x02011e40       0x44 C:/devkitPro/devkitARM/bin/../lib/gcc/arm-none-eabi/15.1.0/../../../../arm-none-eabi/lib/thumb\libg.a(libc_a-sprintf.o)
                0x02011e40                sprintf
 .text.memcmp   0x02011e84       0x48 C:/devkitPro/devkitARM/bin/../lib/gcc/arm-none-eabi/15.1.0/../../../../arm-none-eabi/lib/thumb\libg.a(libc_a-memcmp.o)
                0x02011e84                memcmp
 .text.stdio_exit_handler
                0x02011ecc       0x20 C:/devkitPro/devkitARM/bin/../lib/gcc/arm-none-eabi/15.1.0/../../../../arm-none-eabi/lib/thumb\libg.a(libc_a-findfp.o)
 .text.cleanup_stdio
                0x02011eec       0x40 C:/devkitPro/devkitARM/bin/../lib/gcc/arm-none-eabi/15.1.0/../../../../arm-none-eabi/lib/thumb\libg.a(libc_a-findfp.o)
 .text.global_stdio_init.part.0
                0x02011f2c      0x120 C:/devkitPro/devkitARM/bin/../lib/gcc/arm-none-eabi/15.1.0/../../../../arm-none-eabi/lib/thumb\libg.a(libc_a-findfp.o)
 .text.__sfp    0x0201204c       0xcc C:/devkitPro/devkitARM/bin/../lib/gcc/arm-none-eabi/15.1.0/../../../../arm-none-eabi/lib/thumb\libg.a(libc_a-findfp.o)
                0x0201204c                __sfp
 .text.__sinit  0x02012118       0x3c C:/devkitPro/devkitARM/bin/../lib/gcc/arm-none-eabi/15.1.0/../../../../arm-none-eabi/lib/thumb\libg.a(libc_a-findfp.o)
                0x02012118                __sinit
 .text.__sfp_lock_acquire
                0x02012154       0x14 C:/devkitPro/devkitARM/bin/../lib/gcc/arm-none-eabi/15.1.0/../../../../arm-none-eabi/lib/thumb\libg.a(libc_a-findfp.o)
                0x02012154                __sfp_lock_acquire
 .text.__sfp_lock_release
                0x02012168       0x14 C:/devkitPro/devkitARM/bin/../lib/gcc/arm-none-eabi/15.1.0/../../../../arm-none-eabi/lib/thumb\libg.a(libc_a-findfp.o)
                0x02012168                __sfp_lock_release
 .text.__libc_init_array
                0x0201217c       0x54 C:/devkitPro/devkitARM/bin/../lib/gcc/arm-none-eabi/15.1.0/../../../../arm-none-eabi/lib/thumb\libg.a(libc_a-init.o)
                0x0201217c                __libc_init_array
 .text._fwalk_sglue
                0x020121d0       0x4c C:/devkitPro/devkitARM/bin/../lib/gcc/arm-none-eabi/15.1.0/../../../../arm-none-eabi/lib/thumb\libg.a(libc_a-fwalk.o)
                0x020121d0                _fwalk_sglue
 .text.calloc   0x0201221c       0x18 C:/devkitPro/devkitARM/bin/../lib/gcc/arm-none-eabi/15.1.0/../../../../arm-none-eabi/lib/thumb\libg.a(libc_a-calloc.o)
                0x0201221c                calloc
 .text.siscanf  0x02012234       0x50 C:/devkitPro/devkitARM/bin/../lib/gcc/arm-none-eabi/15.1.0/../../../../arm-none-eabi/lib/thumb\libg.a(libc_a-siscanf.o)
                0x02012234                siscanf
 .text.strrchr  0x02012284       0x30 C:/devkitPro/devkitARM/bin/../lib/gcc/arm-none-eabi/15.1.0/../../../../arm-none-eabi/lib/thumb\libg.a(libc_a-strrchr.o)
                0x02012284                strrchr
 .text.aligned_alloc
                0x020122b4       0x18 C:/devkitPro/devkitARM/bin/../lib/gcc/arm-none-eabi/15.1.0/../../../../arm-none-eabi/lib/thumb\libg.a(libc_a-aligned_alloc.o)
                0x020122b4                aligned_alloc
 .text._calloc_r
                0x020122cc       0xcc C:/devkitPro/devkitARM/bin/../lib/gcc/arm-none-eabi/15.1.0/../../../../arm-none-eabi/lib/thumb\libg.a(libc_a-callocr.o)
                0x020122cc                _calloc_r
 .text.fgetc    0x02012398       0x6c C:/devkitPro/devkitARM/bin/../lib/gcc/arm-none-eabi/15.1.0/../../../../arm-none-eabi/lib/thumb\libg.a(libc_a-fgetc.o)
                0x02012398                fgetc
 .text.realloc  0x02012404       0x18 C:/devkitPro/devkitARM/bin/../lib/gcc/arm-none-eabi/15.1.0/../../../../arm-none-eabi/lib/thumb\libg.a(libc_a-realloc.o)
                0x02012404                realloc
 .text.validate_structure
                0x0201241c      0x1e8 C:/devkitPro/devkitARM/bin/../lib/gcc/arm-none-eabi/15.1.0/../../../../arm-none-eabi/lib/thumb\libg.a(libc_a-mktime.o)
 .text.mktime   0x02012604      0x434 C:/devkitPro/devkitARM/bin/../lib/gcc/arm-none-eabi/15.1.0/../../../../arm-none-eabi/lib/thumb\libg.a(libc_a-mktime.o)
                0x02012604                mktime
 .text._fseek_r
                0x02012a38       0x14 C:/devkitPro/devkitARM/bin/../lib/gcc/arm-none-eabi/15.1.0/../../../../arm-none-eabi/lib/thumb\libg.a(libc_a-fseek.o)
                0x02012a38                _fseek_r
 .text.fseek    0x02012a4c       0x24 C:/devkitPro/devkitARM/bin/../lib/gcc/arm-none-eabi/15.1.0/../../../../arm-none-eabi/lib/thumb\libg.a(libc_a-fseek.o)
                0x02012a4c                fseek
 .text.__tz_lock
                0x02012a70       0x14 C:/devkitPro/devkitARM/bin/../lib/gcc/arm-none-eabi/15.1.0/../../../../arm-none-eabi/lib/thumb\libg.a(libc_a-tzlock.o)
                0x02012a70                __tz_lock
 .text.__tz_unlock
                0x02012a84       0x14 C:/devkitPro/devkitARM/bin/../lib/gcc/arm-none-eabi/15.1.0/../../../../arm-none-eabi/lib/thumb\libg.a(libc_a-tzlock.o)
                0x02012a84                __tz_unlock
 .text._malloc_r
                0x02012a98      0x550 C:/devkitPro/devkitARM/bin/../lib/gcc/arm-none-eabi/15.1.0/../../../../arm-none-eabi/lib/thumb\libg.a(libc_a-mallocr.o)
                0x02012a98                _malloc_r
 .text._malloc_trim_r
                0x02012fe8       0xac C:/devkitPro/devkitARM/bin/../lib/gcc/arm-none-eabi/15.1.0/../../../../arm-none-eabi/lib/thumb\libg.a(libc_a-freer.o)
                0x02012fe8                _malloc_trim_r
 .text._free_r  0x02013094      0x1d8 C:/devkitPro/devkitARM/bin/../lib/gcc/arm-none-eabi/15.1.0/../../../../arm-none-eabi/lib/thumb\libg.a(libc_a-freer.o)
                0x02013094                _free_r
 .text.get_arg  0x0201326c      0x404 C:/devkitPro/devkitARM/bin/../lib/gcc/arm-none-eabi/15.1.0/../../../../arm-none-eabi/lib/thumb\libg.a(libc_a-svfprintf.o)
 .text._svfprintf_r
                0x02013670     0x22d8 C:/devkitPro/devkitARM/bin/../lib/gcc/arm-none-eabi/15.1.0/../../../../arm-none-eabi/lib/thumb\libg.a(libc_a-svfprintf.o)
                0x02013670                _svfprintf_r
 .text.strnlen  0x02015948       0x20 C:/devkitPro/devkitARM/bin/../lib/gcc/arm-none-eabi/15.1.0/../../../../arm-none-eabi/lib/thumb\libg.a(libc_a-strnlen.o)
                0x02015948                strnlen
 .text.malloc   0x02015968       0x28 C:/devkitPro/devkitARM/bin/../lib/gcc/arm-none-eabi/15.1.0/../../../../arm-none-eabi/lib/thumb\libg.a(libc_a-malloc.o)
                0x02015968                malloc
 .text.free     0x02015990       0x14 C:/devkitPro/devkitARM/bin/../lib/gcc/arm-none-eabi/15.1.0/../../../../arm-none-eabi/lib/thumb\libg.a(libc_a-malloc.o)
                0x02015990                free
 .text.__sflush_r
                0x020159a4      0x180 C:/devkitPro/devkitARM/bin/../lib/gcc/arm-none-eabi/15.1.0/../../../../arm-none-eabi/lib/thumb\libg.a(libc_a-fflush.o)
                0x020159a4                __sflush_r
 .text._fflush_r
                0x02015b24       0x70 C:/devkitPro/devkitARM/bin/../lib/gcc/arm-none-eabi/15.1.0/../../../../arm-none-eabi/lib/thumb\libg.a(libc_a-fflush.o)
                0x02015b24                _fflush_r
 .text.time     0x02015b94       0x38 C:/devkitPro/devkitARM/bin/../lib/gcc/arm-none-eabi/15.1.0/../../../../arm-none-eabi/lib/thumb\libg.a(libc_a-time.o)
                0x02015b94                time
 .text.memset   0x02015bcc       0x8c C:/devkitPro/devkitARM/bin/../lib/gcc/arm-none-eabi/15.1.0/../../../../arm-none-eabi/lib/thumb\libg.a(libc_a-memset.o)
                0x02015bcc                memset
 .text._realloc_r
                0x02015c58      0x344 C:/devkitPro/devkitARM/bin/../lib/gcc/arm-none-eabi/15.1.0/../../../../arm-none-eabi/lib/thumb\libg.a(libc_a-reallocr.o)
                0x02015c58                _realloc_r
 .text.localtime_r
                0x02015f9c      0x228 C:/devkitPro/devkitARM/bin/../lib/gcc/arm-none-eabi/15.1.0/../../../../arm-none-eabi/lib/thumb\libg.a(libc_a-lcltime_r.o)
                0x02015f9c                localtime_r
 .text._fread_r
                0x020161c4      0x228 C:/devkitPro/devkitARM/bin/../lib/gcc/arm-none-eabi/15.1.0/../../../../arm-none-eabi/lib/thumb\libg.a(libc_a-fread.o)
                0x020161c4                _fread_r
 .text.fread    0x020163ec       0x24 C:/devkitPro/devkitARM/bin/../lib/gcc/arm-none-eabi/15.1.0/../../../../arm-none-eabi/lib/thumb\libg.a(libc_a-fread.o)
                0x020163ec                fread
 .text.__malloc_lock
                0x02016410       0x14 C:/devkitPro/devkitARM/bin/../lib/gcc/arm-none-eabi/15.1.0/../../../../arm-none-eabi/lib/thumb\libg.a(libc_a-mlock.o)
                0x02016410                __malloc_lock
 .text.__malloc_unlock
                0x02016424       0x14 C:/devkitPro/devkitARM/bin/../lib/gcc/arm-none-eabi/15.1.0/../../../../arm-none-eabi/lib/thumb\libg.a(libc_a-mlock.o)
                0x02016424                __malloc_unlock
 .text.__tzcalc_limits
                0x02016438      0x1ac C:/devkitPro/devkitARM/bin/../lib/gcc/arm-none-eabi/15.1.0/../../../../arm-none-eabi/lib/thumb\libg.a(libc_a-tzcalc_limits.o)
                0x02016438                __tzcalc_limits
 .text.fputc    0x020165e4       0x5c C:/devkitPro/devkitARM/bin/../lib/gcc/arm-none-eabi/15.1.0/../../../../arm-none-eabi/lib/thumb\libg.a(libc_a-fputc.o)
                0x020165e4                fputc
 .text          0x02016640      0x224 C:/devkitPro/devkitARM/bin/../lib/gcc/arm-none-eabi/15.1.0/../../../../arm-none-eabi/lib/thumb\libg.a(libc_a-strcmp.o)
                0x02016640                strcmp
 .text.__call_exitprocs
                0x02016864        0xc C:/devkitPro/devkitARM/bin/../lib/gcc/arm-none-eabi/15.1.0/../../../../arm-none-eabi/lib/thumb\libg.a(libc_a-exit.o)
                0x02016864                __call_exitprocs
 .text.setvbuf  0x02016870      0x1ac C:/devkitPro/devkitARM/bin/../lib/gcc/arm-none-eabi/15.1.0/../../../../arm-none-eabi/lib/thumb\libg.a(libc_a-setvbuf.o)
                0x02016870                setvbuf
 .text._fopen_r
                0x02016a1c       0xb4 C:/devkitPro/devkitARM/bin/../lib/gcc/arm-none-eabi/15.1.0/../../../../arm-none-eabi/lib/thumb\libg.a(libc_a-fopen.o)
                0x02016a1c                _fopen_r
 .text.fopen    0x02016ad0       0x18 C:/devkitPro/devkitARM/bin/../lib/gcc/arm-none-eabi/15.1.0/../../../../arm-none-eabi/lib/thumb\libg.a(libc_a-fopen.o)
                0x02016ad0                fopen
 .text.__srget_r
                0x02016ae8       0x3c C:/devkitPro/devkitARM/bin/../lib/gcc/arm-none-eabi/15.1.0/../../../../arm-none-eabi/lib/thumb\libg.a(libc_a-rget.o)
                0x02016ae8                __srget_r
 .text.strncpy  0x02016b24       0x68 C:/devkitPro/devkitARM/bin/../lib/gcc/arm-none-eabi/15.1.0/../../../../arm-none-eabi/lib/thumb\libg.a(libc_a-strncpy.o)
                0x02016b24                strncpy
 .text.ftell    0x02016b8c       0x24 C:/devkitPro/devkitARM/bin/../lib/gcc/arm-none-eabi/15.1.0/../../../../arm-none-eabi/lib/thumb\libg.a(libc_a-ftell.o)
                0x02016b8c                ftell
 .text.memcpy   0x02016bb0       0xb0 C:/devkitPro/devkitARM/bin/../lib/gcc/arm-none-eabi/15.1.0/../../../../arm-none-eabi/lib/thumb\libg.a(libc_a-memcpy-stub.o)
                0x02016bb0                memcpy
 .text._wcsrtombs_r
                0x02016c60       0x20 C:/devkitPro/devkitARM/bin/../lib/gcc/arm-none-eabi/15.1.0/../../../../arm-none-eabi/lib/thumb\libg.a(libc_a-wcsrtombs.o)
                0x02016c60                _wcsrtombs_r
 .text.iprintf  0x02016c80       0x28 C:/devkitPro/devkitARM/bin/../lib/gcc/arm-none-eabi/15.1.0/../../../../arm-none-eabi/lib/thumb\libg.a(libc_a-iprintf.o)
                0x02016c80                iprintf
 .text.write    0x02016ca8       0x1c C:/devkitPro/devkitARM/bin/../lib/gcc/arm-none-eabi/15.1.0/../../../../arm-none-eabi/lib/thumb\libg.a(libc_a-syswrite.o)
                0x02016ca8                write
 .text.frexp    0x02016cc4       0x74 C:/devkitPro/devkitARM/bin/../lib/gcc/arm-none-eabi/15.1.0/../../../../arm-none-eabi/lib/thumb\libg.a(libm_a-s_frexp.o)
                0x02016cc4                frexp
 .text.__sfvwrite_r
                0x02016d38      0x31c C:/devkitPro/devkitARM/bin/../lib/gcc/arm-none-eabi/15.1.0/../../../../arm-none-eabi/lib/thumb\libg.a(libc_a-fvwrite.o)
                0x02016d38                __sfvwrite_r
 .text.__sread  0x02017054       0x34 C:/devkitPro/devkitARM/bin/../lib/gcc/arm-none-eabi/15.1.0/../../../../arm-none-eabi/lib/thumb\libg.a(libc_a-stdio.o)
                0x02017054                __sread
 .text.__seofread
                0x02017088        0x4 C:/devkitPro/devkitARM/bin/../lib/gcc/arm-none-eabi/15.1.0/../../../../arm-none-eabi/lib/thumb\libg.a(libc_a-stdio.o)
                0x02017088                __seofread
 .text.__swrite
                0x0201708c       0x4c C:/devkitPro/devkitARM/bin/../lib/gcc/arm-none-eabi/15.1.0/../../../../arm-none-eabi/lib/thumb\libg.a(libc_a-stdio.o)
                0x0201708c                __swrite
 .text.__sseek  0x020170d8       0x3c C:/devkitPro/devkitARM/bin/../lib/gcc/arm-none-eabi/15.1.0/../../../../arm-none-eabi/lib/thumb\libg.a(libc_a-stdio.o)
                0x020170d8                __sseek
 .text.__sclose
                0x02017114       0x10 C:/devkitPro/devkitARM/bin/../lib/gcc/arm-none-eabi/15.1.0/../../../../arm-none-eabi/lib/thumb\libg.a(libc_a-stdio.o)
                0x02017114                __sclose
 .text.memmove  0x02017124       0xcc C:/devkitPro/devkitARM/bin/../lib/gcc/arm-none-eabi/15.1.0/../../../../arm-none-eabi/lib/thumb\libg.a(libc_a-memmove.o)
                0x02017124                memmove
 .text.__locale_mb_cur_max
                0x020171f0       0x20 C:/devkitPro/devkitARM/bin/../lib/gcc/arm-none-eabi/15.1.0/../../../../arm-none-eabi/lib/thumb\libg.a(libc_a-locale.o)
                0x020171f0                __locale_mb_cur_max
 .text.__ssprint_r
                0x02017210       0x60 C:/devkitPro/devkitARM/bin/../lib/gcc/arm-none-eabi/15.1.0/../../../../arm-none-eabi/lib/thumb\libg.a(libc_a-ssprint_r.o)
                0x02017210                __ssprint_r
 .text.gmtime_r
                0x02017270      0x1b4 C:/devkitPro/devkitARM/bin/../lib/gcc/arm-none-eabi/15.1.0/../../../../arm-none-eabi/lib/thumb\libg.a(libc_a-gmtime_r.o)
                0x02017270                gmtime_r
 .text.get_arg  0x02017424      0x404 C:/devkitPro/devkitARM/bin/../lib/gcc/arm-none-eabi/15.1.0/../../../../arm-none-eabi/lib/thumb\libg.a(libc_a-vfiprintf.o)
 .text._vfiprintf_r
                0x02017828     0x16d0 C:/devkitPro/devkitARM/bin/../lib/gcc/arm-none-eabi/15.1.0/../../../../arm-none-eabi/lib/thumb\libg.a(libc_a-vfiprintf.o)
                0x02017828                _vfiprintf_r
 .text.__sbprintf
                0x02018ef8       0x7c C:/devkitPro/devkitARM/bin/../lib/gcc/arm-none-eabi/15.1.0/../../../../arm-none-eabi/lib/thumb\libg.a(libc_a-vfiprintf.o)
 .text.strlen   0x02018f74       0x60 C:/devkitPro/devkitARM/bin/../lib/gcc/arm-none-eabi/15.1.0/../../../../arm-none-eabi/lib/thumb\libg.a(libc_a-strlen.o)
                0x02018f74                strlen
 .text._memalign_r
                0x02018fd4      0x118 C:/devkitPro/devkitARM/bin/../lib/gcc/arm-none-eabi/15.1.0/../../../../arm-none-eabi/lib/thumb\libg.a(libc_a-malignr.o)
                0x02018fd4                _memalign_r
 .text.div      0x020190ec       0x18 C:/devkitPro/devkitARM/bin/../lib/gcc/arm-none-eabi/15.1.0/../../../../arm-none-eabi/lib/thumb\libg.a(libc_a-div.o)
                0x020190ec                div
 .text._wcsnrtombs_l
                0x02019104      0x11c C:/devkitPro/devkitARM/bin/../lib/gcc/arm-none-eabi/15.1.0/../../../../arm-none-eabi/lib/thumb\libg.a(libc_a-wcsnrtombs.o)
                0x02019104                _wcsnrtombs_l
 .text._wcsnrtombs_r
                0x02019220       0x40 C:/devkitPro/devkitARM/bin/../lib/gcc/arm-none-eabi/15.1.0/../../../../arm-none-eabi/lib/thumb\libg.a(libc_a-wcsnrtombs.o)
                0x02019220                _wcsnrtombs_r
 .text.get_arg  0x02019260       0x3e C:/devkitPro/devkitARM/bin/../lib/gcc/arm-none-eabi/15.1.0/../../../../arm-none-eabi/lib/thumb\libg.a(libc_a-svfiscanf.o)
 .text._sungetc_r
                0x0201929e       0x7e C:/devkitPro/devkitARM/bin/../lib/gcc/arm-none-eabi/15.1.0/../../../../arm-none-eabi/lib/thumb\libg.a(libc_a-svfiscanf.o)
                0x0201929e                _sungetc_r
 .text.__ssrefill_r
                0x0201931c       0x42 C:/devkitPro/devkitARM/bin/../lib/gcc/arm-none-eabi/15.1.0/../../../../arm-none-eabi/lib/thumb\libg.a(libc_a-svfiscanf.o)
                0x0201931c                __ssrefill_r
 .text._sfread_r
                0x0201935e       0x88 C:/devkitPro/devkitARM/bin/../lib/gcc/arm-none-eabi/15.1.0/../../../../arm-none-eabi/lib/thumb\libg.a(libc_a-svfiscanf.o)
                0x0201935e                _sfread_r
 *fill*         0x020193e6        0x2 ff
 .text.__ssvfiscanf_r
                0x020193e8     0x1984 C:/devkitPro/devkitARM/bin/../lib/gcc/arm-none-eabi/15.1.0/../../../../arm-none-eabi/lib/thumb\libg.a(libc_a-svfiscanf.o)
                0x020193e8                __ssvfiscanf_r
 .text._putc_r  0x0201ad6c       0x88 C:/devkitPro/devkitARM/bin/../lib/gcc/arm-none-eabi/15.1.0/../../../../arm-none-eabi/lib/thumb\libg.a(libc_a-putc.o)
                0x0201ad6c                _putc_r
 .text._strtoul_l.isra.0
                0x0201adf4      0x150 C:/devkitPro/devkitARM/bin/../lib/gcc/arm-none-eabi/15.1.0/../../../../arm-none-eabi/lib/thumb\libg.a(libc_a-strtoul.o)
 .text._strtoul_r
                0x0201af44       0x20 C:/devkitPro/devkitARM/bin/../lib/gcc/arm-none-eabi/15.1.0/../../../../arm-none-eabi/lib/thumb\libg.a(libc_a-strtoul.o)
                0x0201af44                _strtoul_r
 .text.strtoul  0x0201af64       0x24 C:/devkitPro/devkitARM/bin/../lib/gcc/arm-none-eabi/15.1.0/../../../../arm-none-eabi/lib/thumb\libg.a(libc_a-strtoul.o)
                0x0201af64                strtoul
 .text.__utf8_mbtowc
                0x0201af88      0x24c C:/devkitPro/devkitARM/bin/../lib/gcc/arm-none-eabi/15.1.0/../../../../arm-none-eabi/lib/thumb\libg.a(libc_a-mbtowc_r.o)
                0x0201af88                __utf8_mbtowc
 .text._fseeko_r
                0x0201b1d4      0x414 C:/devkitPro/devkitARM/bin/../lib/gcc/arm-none-eabi/15.1.0/../../../../arm-none-eabi/lib/thumb\libg.a(libc_a-fseeko.o)
                0x0201b1d4                _fseeko_r
 .text._tzset_unlocked
                0x0201b5e8       0x10 C:/devkitPro/devkitARM/bin/../lib/gcc/arm-none-eabi/15.1.0/../../../../arm-none-eabi/lib/thumb\libg.a(libc_a-tzset.o)
                0x0201b5e8                _tzset_unlocked
 .text.__sprint_r
                0x0201b5f8       0x24 C:/devkitPro/devkitARM/bin/../lib/gcc/arm-none-eabi/15.1.0/../../../../arm-none-eabi/lib/thumb\libg.a(libc_a-sprint_r.o)
                0x0201b5f8                __sprint_r
 .text.iswspace
                0x0201b61c       0x10 C:/devkitPro/devkitARM/bin/../lib/gcc/arm-none-eabi/15.1.0/../../../../arm-none-eabi/lib/thumb\libg.a(libc_a-iswspace.o)
                0x0201b61c                iswspace
 .text.__gettzinfo
                0x0201b62c        0x8 C:/devkitPro/devkitARM/bin/../lib/gcc/arm-none-eabi/15.1.0/../../../../arm-none-eabi/lib/thumb\libg.a(libc_a-gettzinfo.o)
                0x0201b62c                __gettzinfo
 .text._localeconv_r
                0x0201b634       0x1c C:/devkitPro/devkitARM/bin/../lib/gcc/arm-none-eabi/15.1.0/../../../../arm-none-eabi/lib/thumb\libg.a(libc_a-localeconv.o)
                0x0201b634                _localeconv_r
 .text.memchr   0x0201b650       0x74 C:/devkitPro/devkitARM/bin/../lib/gcc/arm-none-eabi/15.1.0/../../../../arm-none-eabi/lib/thumb\libg.a(libc_a-memchr-stub.o)
                0x0201b650                memchr
 .text.quorem   0x0201b6c4      0x160 C:/devkitPro/devkitARM/bin/../lib/gcc/arm-none-eabi/15.1.0/../../../../arm-none-eabi/lib/thumb\libg.a(libc_a-dtoa.o)
 .text._dtoa_r  0x0201b824     0x10b0 C:/devkitPro/devkitARM/bin/../lib/gcc/arm-none-eabi/15.1.0/../../../../arm-none-eabi/lib/thumb\libg.a(libc_a-dtoa.o)
                0x0201b824                _dtoa_r
 .text._wcrtomb_r
                0x0201c8d4       0x84 C:/devkitPro/devkitARM/bin/../lib/gcc/arm-none-eabi/15.1.0/../../../../arm-none-eabi/lib/thumb\libg.a(libc_a-wcrtomb.o)
                0x0201c8d4                _wcrtomb_r
 .text.strcpy   0x0201c958       0x10 C:/devkitPro/devkitARM/bin/../lib/gcc/arm-none-eabi/15.1.0/../../../../arm-none-eabi/lib/thumb\libg.a(libc_a-strcpy.o)
                0x0201c958                strcpy
 .text.__sflags
                0x0201c968       0x98 C:/devkitPro/devkitARM/bin/../lib/gcc/arm-none-eabi/15.1.0/../../../../arm-none-eabi/lib/thumb\libg.a(libc_a-flags.o)
                0x0201c968                __sflags
 .text._strtol_l.part.0
                0x0201ca00      0x25c C:/devkitPro/devkitARM/bin/../lib/gcc/arm-none-eabi/15.1.0/../../../../arm-none-eabi/lib/thumb\libg.a(libc_a-strtol.o)
 .text._strtol_r
                0x0201cc5c       0x34 C:/devkitPro/devkitARM/bin/../lib/gcc/arm-none-eabi/15.1.0/../../../../arm-none-eabi/lib/thumb\libg.a(libc_a-strtol.o)
                0x0201cc5c                _strtol_r
 .text.__libc_fini_array
                0x0201cc90       0x30 C:/devkitPro/devkitARM/bin/../lib/gcc/arm-none-eabi/15.1.0/../../../../arm-none-eabi/lib/thumb\libg.a(libc_a-fini.o)
                0x0201cc90                __libc_fini_array
 .text._tzset_unlocked_r
                0x0201ccc0      0x490 C:/devkitPro/devkitARM/bin/../lib/gcc/arm-none-eabi/15.1.0/../../../../arm-none-eabi/lib/thumb\libg.a(libc_a-tzset_r.o)
                0x0201ccc0                _tzset_unlocked_r
 .text.__sccl   0x0201d150       0xb0 C:/devkitPro/devkitARM/bin/../lib/gcc/arm-none-eabi/15.1.0/../../../../arm-none-eabi/lib/thumb\libg.a(libc_a-sccl.o)
                0x0201d150                __sccl
 .text.lflush   0x0201d200       0x24 C:/devkitPro/devkitARM/bin/../lib/gcc/arm-none-eabi/15.1.0/../../../../arm-none-eabi/lib/thumb\libg.a(libc_a-refill.o)
 .text.__srefill_r
                0x0201d224      0x108 C:/devkitPro/devkitARM/bin/../lib/gcc/arm-none-eabi/15.1.0/../../../../arm-none-eabi/lib/thumb\libg.a(libc_a-refill.o)
                0x0201d224                __srefill_r
 .text.__smakebuf_r
                0x0201d32c       0xe0 C:/devkitPro/devkitARM/bin/../lib/gcc/arm-none-eabi/15.1.0/../../../../arm-none-eabi/lib/thumb\libg.a(libc_a-makebuf.o)
                0x0201d32c                __smakebuf_r
 .text.__swhatbuf_r
                0x0201d40c       0x5c C:/devkitPro/devkitARM/bin/../lib/gcc/arm-none-eabi/15.1.0/../../../../arm-none-eabi/lib/thumb\libg.a(libc_a-makebuf.o)
                0x0201d40c                __swhatbuf_r
 .text._findenv_r
                0x0201d468       0x94 C:/devkitPro/devkitARM/bin/../lib/gcc/arm-none-eabi/15.1.0/../../../../arm-none-eabi/lib/thumb\libg.a(libc_a-getenv_r.o)
                0x0201d468                _findenv_r
 .text._getenv_r
                0x0201d4fc       0x10 C:/devkitPro/devkitARM/bin/../lib/gcc/arm-none-eabi/15.1.0/../../../../arm-none-eabi/lib/thumb\libg.a(libc_a-getenv_r.o)
                0x0201d4fc                _getenv_r
 .text.__ssputs_r
                0x0201d50c       0xd4 C:/devkitPro/devkitARM/bin/../lib/gcc/arm-none-eabi/15.1.0/../../../../arm-none-eabi/lib/thumb\libg.a(libc_a-ssputs_r.o)
                0x0201d50c                __ssputs_r
 .text._ftello_r
                0x0201d5e0      0x124 C:/devkitPro/devkitARM/bin/../lib/gcc/arm-none-eabi/15.1.0/../../../../arm-none-eabi/lib/thumb\libg.a(libc_a-ftello.o)
                0x0201d5e0                _ftello_r
 .text.__utf8_wctomb
                0x0201d704       0xbc C:/devkitPro/devkitARM/bin/../lib/gcc/arm-none-eabi/15.1.0/../../../../arm-none-eabi/lib/thumb\libg.a(libc_a-wctomb_r.o)
                0x0201d704                __utf8_wctomb
 .text._strtoull_l.isra.0
                0x0201d7c0      0x1c0 C:/devkitPro/devkitARM/bin/../lib/gcc/arm-none-eabi/15.1.0/../../../../arm-none-eabi/lib/thumb\libg.a(libc_a-strtoull.o)
 .text._strtoull_r
                0x0201d980       0x20 C:/devkitPro/devkitARM/bin/../lib/gcc/arm-none-eabi/15.1.0/../../../../arm-none-eabi/lib/thumb\libg.a(libc_a-strtoull.o)
                0x0201d980                _strtoull_r
 .text._mbrtowc_r
                0x0201d9a0       0x98 C:/devkitPro/devkitARM/bin/../lib/gcc/arm-none-eabi/15.1.0/../../../../arm-none-eabi/lib/thumb\libg.a(libc_a-mbrtowc.o)
                0x0201d9a0                _mbrtowc_r
 .text.__swsetup_r
                0x0201da38       0xd4 C:/devkitPro/devkitARM/bin/../lib/gcc/arm-none-eabi/15.1.0/../../../../arm-none-eabi/lib/thumb\libg.a(libc_a-wsetup.o)
                0x0201da38                __swsetup_r
 .text.strncmp  0x0201db0c       0x70 C:/devkitPro/devkitARM/bin/../lib/gcc/arm-none-eabi/15.1.0/../../../../arm-none-eabi/lib/thumb\libg.a(libc_a-strncmp.o)
                0x0201db0c                strncmp
 .text.__env_lock
                0x0201db7c       0x14 C:/devkitPro/devkitARM/bin/../lib/gcc/arm-none-eabi/15.1.0/../../../../arm-none-eabi/lib/thumb\libg.a(libc_a-envlock.o)
                0x0201db7c                __env_lock
 .text.__env_unlock
                0x0201db90       0x14 C:/devkitPro/devkitARM/bin/../lib/gcc/arm-none-eabi/15.1.0/../../../../arm-none-eabi/lib/thumb\libg.a(libc_a-envlock.o)
                0x0201db90                __env_unlock
 .text.__assert_func
                0x0201dba4       0x40 C:/devkitPro/devkitARM/bin/../lib/gcc/arm-none-eabi/15.1.0/../../../../arm-none-eabi/lib/thumb\libg.a(libc_a-assert.o)
                0x0201dba4                __assert_func
 .text.iswspace_l
                0x0201dbe4       0x28 C:/devkitPro/devkitARM/bin/../lib/gcc/arm-none-eabi/15.1.0/../../../../arm-none-eabi/lib/thumb\libg.a(libc_a-iswspace_l.o)
                0x0201dbe4                iswspace_l
 .text._Balloc  0x0201dc0c       0x5c C:/devkitPro/devkitARM/bin/../lib/gcc/arm-none-eabi/15.1.0/../../../../arm-none-eabi/lib/thumb\libg.a(libc_a-mprec.o)
                0x0201dc0c                _Balloc
 .text._Bfree   0x0201dc68       0x14 C:/devkitPro/devkitARM/bin/../lib/gcc/arm-none-eabi/15.1.0/../../../../arm-none-eabi/lib/thumb\libg.a(libc_a-mprec.o)
                0x0201dc68                _Bfree
 .text.__multadd
                0x0201dc7c       0xa8 C:/devkitPro/devkitARM/bin/../lib/gcc/arm-none-eabi/15.1.0/../../../../arm-none-eabi/lib/thumb\libg.a(libc_a-mprec.o)
                0x0201dc7c                __multadd
 .text.__hi0bits
                0x0201dd24       0x60 C:/devkitPro/devkitARM/bin/../lib/gcc/arm-none-eabi/15.1.0/../../../../arm-none-eabi/lib/thumb\libg.a(libc_a-mprec.o)
                0x0201dd24                __hi0bits
 .text.__lo0bits
                0x0201dd84       0x8c C:/devkitPro/devkitARM/bin/../lib/gcc/arm-none-eabi/15.1.0/../../../../arm-none-eabi/lib/thumb\libg.a(libc_a-mprec.o)
                0x0201dd84                __lo0bits
 .text.__i2b    0x0201de10       0x64 C:/devkitPro/devkitARM/bin/../lib/gcc/arm-none-eabi/15.1.0/../../../../arm-none-eabi/lib/thumb\libg.a(libc_a-mprec.o)
                0x0201de10                __i2b
 .text.__multiply
                0x0201de74      0x1b4 C:/devkitPro/devkitARM/bin/../lib/gcc/arm-none-eabi/15.1.0/../../../../arm-none-eabi/lib/thumb\libg.a(libc_a-mprec.o)
                0x0201de74                __multiply
 .text.__pow5mult
                0x0201e028       0xd8 C:/devkitPro/devkitARM/bin/../lib/gcc/arm-none-eabi/15.1.0/../../../../arm-none-eabi/lib/thumb\libg.a(libc_a-mprec.o)
                0x0201e028                __pow5mult
 .text.__lshift
                0x0201e100       0xf8 C:/devkitPro/devkitARM/bin/../lib/gcc/arm-none-eabi/15.1.0/../../../../arm-none-eabi/lib/thumb\libg.a(libc_a-mprec.o)
                0x0201e100                __lshift
 .text.__mcmp   0x0201e1f8       0x50 C:/devkitPro/devkitARM/bin/../lib/gcc/arm-none-eabi/15.1.0/../../../../arm-none-eabi/lib/thumb\libg.a(libc_a-mprec.o)
                0x0201e1f8                __mcmp
 .text.__mdiff  0x0201e248      0x1a4 C:/devkitPro/devkitARM/bin/../lib/gcc/arm-none-eabi/15.1.0/../../../../arm-none-eabi/lib/thumb\libg.a(libc_a-mprec.o)
                0x0201e248                __mdiff
 .text.__d2b    0x0201e3ec       0xd4 C:/devkitPro/devkitARM/bin/../lib/gcc/arm-none-eabi/15.1.0/../../../../arm-none-eabi/lib/thumb\libg.a(libc_a-mprec.o)
                0x0201e3ec                __d2b
 .text._strtoll_l.isra.0
                0x0201e4c0      0x300 C:/devkitPro/devkitARM/bin/../lib/gcc/arm-none-eabi/15.1.0/../../../../arm-none-eabi/lib/thumb\libg.a(libc_a-strtoll.o)
 .text._strtoll_r
                0x0201e7c0       0x20 C:/devkitPro/devkitARM/bin/../lib/gcc/arm-none-eabi/15.1.0/../../../../arm-none-eabi/lib/thumb\libg.a(libc_a-strtoll.o)
                0x0201e7c0                _strtoll_r
 .text.__submore
                0x0201e7e0       0x7c C:/devkitPro/devkitARM/bin/../lib/gcc/arm-none-eabi/15.1.0/../../../../arm-none-eabi/lib/thumb\libg.a(libc_a-ungetc.o)
                0x0201e7e0                __submore
 .text.fiprintf
                0x0201e85c       0x28 C:/devkitPro/devkitARM/bin/../lib/gcc/arm-none-eabi/15.1.0/../../../../arm-none-eabi/lib/thumb\libg.a(libc_a-fiprintf.o)
                0x0201e85c                fiprintf
 .text.__swbuf_r
                0x0201e884       0x98 C:/devkitPro/devkitARM/bin/../lib/gcc/arm-none-eabi/15.1.0/../../../../arm-none-eabi/lib/thumb\libg.a(libc_a-wbuf.o)
                0x0201e884                __swbuf_r
 .text.abort    0x0201e91c       0x10 C:/devkitPro/devkitARM/bin/../lib/gcc/arm-none-eabi/15.1.0/../../../../arm-none-eabi/lib/thumb\libg.a(libc_a-abort.o)
                0x0201e91c                abort
 .text.category
                0x0201e92c       0x5c C:/devkitPro/devkitARM/bin/../lib/gcc/arm-none-eabi/15.1.0/../../../../arm-none-eabi/lib/thumb\libg.a(libc_a-categories.o)
                0x0201e92c                category
 .text._raise_r
                0x0201e988       0x60 C:/devkitPro/devkitARM/bin/../lib/gcc/arm-none-eabi/15.1.0/../../../../arm-none-eabi/lib/thumb\libg.a(libc_a-signal.o)
                0x0201e988                _raise_r
 .text.raise    0x0201e9e8       0x14 C:/devkitPro/devkitARM/bin/../lib/gcc/arm-none-eabi/15.1.0/../../../../arm-none-eabi/lib/thumb\libg.a(libc_a-signal.o)
                0x0201e9e8                raise
 .text._exit    0x0201e9fc       0x14 C:/devkitPro/devkitARM/bin/../lib/gcc/arm-none-eabi/15.1.0/../../../../arm-none-eabi/lib/thumb\libsysbase.a(libsysbase_libsysbase_a-_exit.o)
                0x0201e9fc                _exit
 .text.chdir    0x0201ea10       0xe4 C:/devkitPro/devkitARM/bin/../lib/gcc/arm-none-eabi/15.1.0/../../../../arm-none-eabi/lib/thumb\libsysbase.a(libsysbase_libsysbase_a-chdir.o)
                0x0201ea10                chdir
 .text._concatenate_path
                0x0201eaf4      0x134 C:/devkitPro/devkitARM/bin/../lib/gcc/arm-none-eabi/15.1.0/../../../../arm-none-eabi/lib/thumb\libsysbase.a(libsysbase_libsysbase_a-concatenate.o)
                0x0201eaf4                _concatenate_path
 .text._fstat_r
                0x0201ec28       0x5c C:/devkitPro/devkitARM/bin/../lib/gcc/arm-none-eabi/15.1.0/../../../../arm-none-eabi/lib/thumb\libsysbase.a(libsysbase_libsysbase_a-fstat.o)
                0x0201ec28                _fstat_r
 .text._getpid_r
                0x0201ec84        0xc C:/devkitPro/devkitARM/bin/../lib/gcc/arm-none-eabi/15.1.0/../../../../arm-none-eabi/lib/thumb\libsysbase.a(libsysbase_libsysbase_a-getpid.o)
                0x0201ec84                _getpid_r
 .text.__getreent
                0x0201ec90       0x20 C:/devkitPro/devkitARM/bin/../lib/gcc/arm-none-eabi/15.1.0/../../../../arm-none-eabi/lib/thumb\libsysbase.a(libsysbase_libsysbase_a-getreent.o)
                0x0201ec90                __getreent
 .text._gettimeofday_r
                0x0201ecb0       0x20 C:/devkitPro/devkitARM/bin/../lib/gcc/arm-none-eabi/15.1.0/../../../../arm-none-eabi/lib/thumb\libsysbase.a(libsysbase_libsysbase_a-gettod.o)
                0x0201ecb0                _gettimeofday_r
 .text.__release_handle
                0x0201ecd0       0x6c C:/devkitPro/devkitARM/bin/../lib/gcc/arm-none-eabi/15.1.0/../../../../arm-none-eabi/lib/thumb\libsysbase.a(libsysbase_libsysbase_a-handle_manager.o)
                0x0201ecd0                __release_handle
 .text.__alloc_handle
                0x0201ed3c       0x7c C:/devkitPro/devkitARM/bin/../lib/gcc/arm-none-eabi/15.1.0/../../../../arm-none-eabi/lib/thumb\libsysbase.a(libsysbase_libsysbase_a-handle_manager.o)
                0x0201ed3c                __alloc_handle
 .text.__get_handle
                0x0201edb8       0x34 C:/devkitPro/devkitARM/bin/../lib/gcc/arm-none-eabi/15.1.0/../../../../arm-none-eabi/lib/thumb\libsysbase.a(libsysbase_libsysbase_a-handle_manager.o)
                0x0201edb8                __get_handle
 .text._close_r
                0x0201edec       0xb0 C:/devkitPro/devkitARM/bin/../lib/gcc/arm-none-eabi/15.1.0/../../../../arm-none-eabi/lib/thumb\libsysbase.a(libsysbase_libsysbase_a-handle_manager.o)
                0x0201edec                _close_r
 .text.null_write
                0x0201ee9c        0x4 C:/devkitPro/devkitARM/bin/../lib/gcc/arm-none-eabi/15.1.0/../../../../arm-none-eabi/lib/thumb\libsysbase.a(libsysbase_libsysbase_a-iosupport.o)
 .text.setDefaultDevice
                0x0201eea0       0x10 C:/devkitPro/devkitARM/bin/../lib/gcc/arm-none-eabi/15.1.0/../../../../arm-none-eabi/lib/thumb\libsysbase.a(libsysbase_libsysbase_a-iosupport.o)
                0x0201eea0                setDefaultDevice
 .text.FindDevice
                0x0201eeb0       0x90 C:/devkitPro/devkitARM/bin/../lib/gcc/arm-none-eabi/15.1.0/../../../../arm-none-eabi/lib/thumb\libsysbase.a(libsysbase_libsysbase_a-iosupport.o)
                0x0201eeb0                FindDevice
 .text.AddDevice
                0x0201ef40       0x7c C:/devkitPro/devkitARM/bin/../lib/gcc/arm-none-eabi/15.1.0/../../../../arm-none-eabi/lib/thumb\libsysbase.a(libsysbase_libsysbase_a-iosupport.o)
                0x0201ef40                AddDevice
 .text.GetDeviceOpTab
                0x0201efbc       0x20 C:/devkitPro/devkitARM/bin/../lib/gcc/arm-none-eabi/15.1.0/../../../../arm-none-eabi/lib/thumb\libsysbase.a(libsysbase_libsysbase_a-iosupport.o)
                0x0201efbc                GetDeviceOpTab
 .text._isatty_r
                0x0201efdc        0x4 C:/devkitPro/devkitARM/bin/../lib/gcc/arm-none-eabi/15.1.0/../../../../arm-none-eabi/lib/thumb\libsysbase.a(libsysbase_libsysbase_a-isatty.o)
                0x0201efdc                _isatty_r
 .text._kill_r  0x0201efe0        0xc C:/devkitPro/devkitARM/bin/../lib/gcc/arm-none-eabi/15.1.0/../../../../arm-none-eabi/lib/thumb\libsysbase.a(libsysbase_libsysbase_a-kill.o)
                0x0201efe0                _kill_r
 .text._lseek_r
                0x0201efec       0x64 C:/devkitPro/devkitARM/bin/../lib/gcc/arm-none-eabi/15.1.0/../../../../arm-none-eabi/lib/thumb\libsysbase.a(libsysbase_libsysbase_a-lseek.o)
                0x0201efec                _lseek_r
 .text._open_r  0x0201f050       0x8c C:/devkitPro/devkitARM/bin/../lib/gcc/arm-none-eabi/15.1.0/../../../../arm-none-eabi/lib/thumb\libsysbase.a(libsysbase_libsysbase_a-open.o)
                0x0201f050                _open_r
 .text._read_r  0x0201f0dc       0x5c C:/devkitPro/devkitARM/bin/../lib/gcc/arm-none-eabi/15.1.0/../../../../arm-none-eabi/lib/thumb\libsysbase.a(libsysbase_libsysbase_a-read.o)
                0x0201f0dc                _read_r
 .text._sbrk_r  0x0201f138       0x50 C:/devkitPro/devkitARM/bin/../lib/gcc/arm-none-eabi/15.1.0/../../../../arm-none-eabi/lib/thumb\libsysbase.a(libsysbase_libsysbase_a-sbrk.o)
                0x0201f138                _sbrk_r
 .text.__libc_lock_acquire
                0x0201f188       0x18 C:/devkitPro/devkitARM/bin/../lib/gcc/arm-none-eabi/15.1.0/../../../../arm-none-eabi/lib/thumb\libsysbase.a(libsysbase_libsysbase_a-syscall_support.o)
                0x0201f188                __libc_lock_acquire
 .text.__libc_lock_release
                0x0201f1a0       0x18 C:/devkitPro/devkitARM/bin/../lib/gcc/arm-none-eabi/15.1.0/../../../../arm-none-eabi/lib/thumb\libsysbase.a(libsysbase_libsysbase_a-syscall_support.o)
                0x0201f1a0                __libc_lock_release
 .text.__libc_lock_acquire_recursive
                0x0201f1b8       0x18 C:/devkitPro/devkitARM/bin/../lib/gcc/arm-none-eabi/15.1.0/../../../../arm-none-eabi/lib/thumb\libsysbase.a(libsysbase_libsysbase_a-syscall_support.o)
                0x0201f1b8                __libc_lock_acquire_recursive
 .text.__libc_lock_release_recursive
                0x0201f1d0       0x18 C:/devkitPro/devkitARM/bin/../lib/gcc/arm-none-eabi/15.1.0/../../../../arm-none-eabi/lib/thumb\libsysbase.a(libsysbase_libsysbase_a-syscall_support.o)
                0x0201f1d0                __libc_lock_release_recursive
 .text._write_r