Archive member included to satisfy reference by file (symbol)

C:/devkitPro/libnds/lib\libfat.a(fat_wrappers.o)
                              main.o (fatInitDefault)
C:/devkitPro/libnds/lib\libfat.a(dvm_calico.o)
                              C:/devkitPro/libnds/lib\libfat.a(fat_wrappers.o) (dvmInit)
C:/devkitPro/libnds/lib\libfat.a(dvm_disc.o)
                              C:/devkitPro/libnds/lib\libfat.a(fat_wrappers.o) (dvmDiscCreate)
C:/devkitPro/libnds/lib\libfat.a(dvm_cache.o)
                              C:/devkitPro/libnds/lib\libfat.a(fat_wrappers.o) (dvmDiscCacheCreate)
C:/devkitPro/libnds/lib\libfat.a(dvm_volume.o)
                              C:/devkitPro/libnds/lib\libfat.a(fat_wrappers.o) (dvmMountVolume)
C:/devkitPro/libnds/lib\libfat.a(dvm_prober.o)
                              C:/devkitPro/libnds/lib\libfat.a(dvm_calico.o) (dvmProbeMountDisc)
C:/devkitPro/libnds/lib\libfat.a(fat_driver.o)
                              C:/devkitPro/libnds/lib\libfat.a(dvm_volume.o) (g_vfatFsDriver)
C:/devkitPro/libnds/lib\libfat.a(ff.o)
                              C:/devkitPro/libnds/lib\libfat.a(fat_driver.o) (f_mount)
C:/devkitPro/libnds/lib\libfat.a(ffunicode.o)
                              C:/devkitPro/libnds/lib\libfat.a(ff.o) (ff_uni2oem)
C:/devkitPro/libnds/lib\libnds9.a(background.o)
                              intro.o (bgState)
C:/devkitPro/libnds/lib\libnds9.a(console.o)
                              main.o (consoleInit)
C:/devkitPro/libnds/lib\libnds9.a(decompress.o)
                              intro.o (decompress)
C:/devkitPro/libnds/lib\libnds9.a(exceptionDefault.o)
                              main.o (defaultExceptionHandler)
C:/devkitPro/libnds/lib\libnds9.a(gurumeditation.o)
                              C:/devkitPro/libnds/lib\libnds9.a(exceptionDefault.o) (guruMeditationDump)
C:/devkitPro/libnds/lib\libnds9.a(keys.o)
                              intro.o (scanKeys)
C:/devkitPro/libnds/lib\libnds9.a(sprite_alloc.o)
                              main.o (oamAllocateGfx)
C:/devkitPro/libnds/lib\libnds9.a(sprite.o)
                              intro.o (oamInit)
C:/devkitPro/libnds/lib\libnds9.a(trig.o)
                              C:/devkitPro/libnds/lib\libnds9.a(background.o) (sinLerp)
C:/devkitPro/libnds/lib\libnds9.a(exceptionEntry.o)
                              C:/devkitPro/libnds/lib\libnds9.a(exceptionDefault.o) (__libnds_excpt)
C:/devkitPro/libnds/lib\libnds9.a(default_font.bin.o)
                              C:/devkitPro/libnds/lib\libnds9.a(console.o) (default_font_bin)
C:/devkitPro/libnds/lib\libmm9.a(mm_comms9.o)
                              intro.o (mmStart)
C:/devkitPro/libnds/lib\libmm9.a(mm_loader.o)
                              intro.o (mmInitDefaultMem)
C:/devkitPro/calico/lib\libcalico_ds9.a(tick.o)
                              C:/devkitPro/libnds/lib\libmm9.a(mm_comms9.o) (tickInit)
C:/devkitPro/calico/lib\libcalico_ds9.a(thread_cold.o)
                              intro.o (threadIrqWait)
C:/devkitPro/calico/lib\libcalico_ds9.a(thread_hot.32.o)
                              C:/devkitPro/libnds/lib\libnds9.a(exceptionDefault.o) (__sched_state)
C:/devkitPro/calico/lib\libcalico_ds9.a(dietprint.o)
                              C:/devkitPro/libnds/lib\libnds9.a(exceptionDefault.o) (g_dietPrintFn)
C:/devkitPro/calico/lib\libcalico_ds9.a(newlib_syscalls.o)
                              C:/devkitPro/libnds/lib\libfat.a(fat_driver.o) (__errno)
C:/devkitPro/calico/lib\libcalico_ds9.a(arm-copy-fill.32.o)
                              C:/devkitPro/libnds/lib\libfat.a(dvm_calico.o) (armCopyMem32)
C:/devkitPro/calico/lib\libcalico_ds9.a(arm-context.32.o)
                              C:/devkitPro/calico/lib\libcalico_ds9.a(thread_cold.o) (armContextSave)
C:/devkitPro/calico/lib\libcalico_ds9.a(arm-shims.32.o)
                              C:/devkitPro/calico/lib\libcalico_ds9.a(thread_cold.o) (armWaitForIrq)
C:/devkitPro/calico/lib\libcalico_ds9.a(arm-cache.32.o)
                              main.o (armDCacheFlush)
C:/devkitPro/calico/lib\libcalico_ds9.a(startup.crt0.o)
                              C:/devkitPro/libnds/lib\libfat.a(dvm_calico.o) (g_isTwlMode)
C:/devkitPro/calico/lib\libcalico_ds9.a(utils.crt0.o)
                              C:/devkitPro/calico/lib\libcalico_ds9.a(startup.crt0.o) (crt0CopyMem32)
C:/devkitPro/calico/lib\libcalico_ds9.a(bios.o)
                              C:/devkitPro/libnds/lib\libnds9.a(decompress.o) (svcLZ77UncompWram)
C:/devkitPro/calico/lib\libcalico_ds9.a(pxi.o)
                              C:/devkitPro/calico/lib\libcalico_ds9.a(startup.crt0.o) (_pxiInit)
C:/devkitPro/calico/lib\libcalico_ds9.a(keypad.o)
                              C:/devkitPro/libnds/lib\libnds9.a(keys.o) (keypadGetState)
C:/devkitPro/calico/lib\libcalico_ds9.a(pm.o)
                              main.o (pmMainLoop)
C:/devkitPro/calico/lib\libcalico_ds9.a(bootstub_arm9.o)
                              (__ds9_bootstub)
[...]
Memory Configuration

Name             Origin             Length             Attributes
lma9             0x02004000         0x0027c000
lma9i            0x02400000         0x00280000
vectors          0x00000000         0x00000020
itcm             0x01ff8020         0x00007fe0
main             0x02001000         0x00f7f000
dtcm             0x02ff0000         0x00003e80
dldi             0x0380b000         0x00004000
stub             0x0e000000         0x00004000
tls              0x00000000         0x00000400
*default*        0x00000000         0xffffffff

Linker script and memory map

                0x00000000                        __sync_synchronize = __sync_synchronize_none
LOAD C:/devkitPro/devkitARM/bin/../lib/gcc/arm-none-eabi/15.1.0/thumb/crti.o
LOAD C:/devkitPro/devkitARM/bin/../lib/gcc/arm-none-eabi/15.1.0/thumb/crtbegin.o
LOAD soundbank.bin.o
LOAD GFXalfPresents.o
LOAD GFXbackground.o
LOAD GFXconsoleInput.o
LOAD GFXinput.o
LOAD GFXintro.o
LOAD GFXnewImageInput.o
LOAD GFXselector16.o
LOAD GFXselector24.o
LOAD avdslib.o
LOAD formats.o
LOAD intro.o
LOAD main.o
LOAD drawSurfaceBottom16x.o
LOAD drawSurfaceBottom2x.o
LOAD drawSurfaceBottom32x.o
LOAD drawSurfaceBottom4x.o
LOAD drawSurfaceBottom8x.o
LOAD header.o
LOAD memcpy_fast_arm9.o
LOAD C:/devkitPro/libnds/lib\libfat.a
LOAD C:/devkitPro/libnds/lib\libnds9.a
LOAD C:/devkitPro/libnds/lib\libmm9.a
LOAD C:/devkitPro/calico/lib\libcalico_ds9.a
LOAD C:/devkitPro/devkitARM/bin/../lib/gcc/arm-none-eabi/15.1.0/../../../../arm-none-eabi/lib/thumb\libstdc++.a
LOAD C:/devkitPro/devkitARM/bin/../lib/gcc/arm-none-eabi/15.1.0/../../../../arm-none-eabi/lib/thumb\libm.a
START GROUP
LOAD C:/devkitPro/devkitARM/bin/../lib/gcc/arm-none-eabi/15.1.0/thumb\libgcc.a
LOAD C:/devkitPro/devkitARM/bin/../lib/gcc/arm-none-eabi/15.1.0/../../../../arm-none-eabi/lib/thumb\libg.a
LOAD C:/devkitPro/devkitARM/bin/../lib/gcc/arm-none-eabi/15.1.0/../../../../arm-none-eabi/lib/thumb\libc.a
LOAD C:/devkitPro/devkitARM/bin/../lib/gcc/arm-none-eabi/15.1.0/../../../../arm-none-eabi/lib/thumb\libsysbase.a
END GROUP
LOAD C:/devkitPro/devkitARM/bin/../lib/gcc/arm-none-eabi/15.1.0/thumb/crtend.o
LOAD C:/devkitPro/devkitARM/bin/../lib/gcc/arm-none-eabi/15.1.0/thumb/crtn.o
                0x02ff3e80                        PROVIDE (__sp_usr = (ORIGIN (dtcm) + LENGTH (dtcm)))
                0x02ff3f80                        PROVIDE (__sp_irq = (__sp_usr + 0x100))
                0x02ff3fc0                        PROVIDE (__sp_svc = (__sp_irq + 0x40))
                0x02ff3ff8                        PROVIDE (__irq_flags = (__sp_svc + 0x38))
                [!provide]                        PROVIDE (__irq_vector = (__sp_svc + 0x3c))
                [!provide]                        PROVIDE (__arm_excpt_rst = 0xffff0000)
                [!provide]                        PROVIDE (__arm_excpt_und = 0xffff0004)
                0xffff0008                        PROVIDE (__arm_excpt_svc = 0xffff0008)
                [!provide]                        PROVIDE (__arm_excpt_pabt = 0xffff000c)
                [!provide]                        PROVIDE (__arm_excpt_dabt = 0xffff0010)
                [!provide]                        PROVIDE (__arm_excpt_irq = 0xffff0018)
                [!provide]                        PROVIDE (__arm_excpt_fiq = 0xffff001c)
                0x00000000                        PROVIDE (__end__ = 0x0)

.secure         0x0e000000      0x800 load address 0x02004000
                0x0e0007fc                        . = (. + 0x7fc)
 *fill*         0x0e000000      0x7fc 00000000
                0x0e0007fc        0x4 LONG 0x0

.bootstub       0x0e000800      0x198 load address 0x02004800
 *(.bootstub .bootstub.*)
 .bootstub.__ds9_bootstub
                0x0e000800      0x198 C:/devkitPro/calico/lib\libcalico_ds9.a(bootstub_arm9.o)
                0x0e000800                __ds9_bootstub
                0x0e000998                        . = ALIGN (0x4)

.crt0           0x02001000      0x3c0 load address 0x02004998
 *(.crt0 .crt0.*)
 .crt0.__ds9_bootstub_trampoline
                0x02001000       0x60 C:/devkitPro/calico/lib\libcalico_ds9.a(bootstub_arm9.o)
 *.crt0.*(.text .stub .text.* .gnu.linkonce.t.*)
 .text.crt0ProcessLoadList
                0x02001060       0x74 C:/devkitPro/calico/lib\libcalico_ds9.a(startup.crt0.o)
                0x02001060                crt0ProcessLoadList
 .text.crt0Startup
                0x020010d4      0x180 C:/devkitPro/calico/lib\libcalico_ds9.a(startup.crt0.o)
                0x020010d4                crt0Startup
 .text.crt0CopyMem32
                0x02001254       0x4c C:/devkitPro/calico/lib\libcalico_ds9.a(utils.crt0.o)
                0x02001254                crt0CopyMem32
 .text.crt0FillMem32
                0x020012a0       0x58 C:/devkitPro/calico/lib\libcalico_ds9.a(utils.crt0.o)
                0x020012a0                crt0FillMem32
 .text.crt0SetupMPU
                0x020012f8       0xb4 C:/devkitPro/calico/lib\libcalico_ds9.a(mpu_setup.crt0.o)
                0x020012f8                crt0SetupMPU
 *.crt0.*(.glue_7t .glue_7 .vfp11_veneer .v4_bx)
 *.crt0.*(.rodata .rodata.* .gnu.linkonce.r.*)
 *.crt0.*(.rodata1)
                0x020013c0                        . = ALIGN (0x20)
 *fill*         0x020013ac       0x14 ff
                0x02004998                        PROVIDE (__crt0_lma = LOADADDR (.crt0))
                0x02001000                        PROVIDE (__crt0_start = ADDR (.crt0))
                0x020013c0                        PROVIDE (__crt0_end = (ADDR (.crt0) + SIZEOF (.crt0)))
                0x00000001                        ASSERT (((__crt0_end <= LOADADDR (.bootstub)) || (__crt0_start >= (LOADADDR (.bootstub) + SIZEOF (.bootstub)))), Error: crt0 section overlaps initial bootstrap)

.dldi           0x0380b000     0x4000 load address 0x02004d58
 *(.dldi)
 .dldi          0x0380b000     0x4000 C:/devkitPro/calico/lib\libcalico_ds9.a(dldi_stub.o)
                0x0380b000                __dldi_start
                0x02004d58                        PROVIDE (__dldi_lma = SIZEOF (.dldi)?LOADADDR (.dldi):0x0)

.vectors        0x00000000       0x20 load address 0x02008d58
 *(.vectors)
 .vectors       0x00000000       0x20 C:/devkitPro/calico/lib\libcalico_ds9.a(bootstub_arm9.o)

.itcm           0x01ff8020      0x700 load address 0x02008d78
 *(.itcm .itcm.*)
 .itcm          0x01ff8020       0x30 C:/devkitPro/calico/lib\libcalico_ds9.a(bootstub_arm9.o)
                0x01ff8038                __excpt_vectors
 *.itcm.*(.text .stub .text.* .gnu.linkonce.t.*)
 *.32.o(.text .stub .text.* .gnu.linkonce.t.*)
 .text.threadReschedule
                0x01ff8050       0x88 C:/devkitPro/calico/lib\libcalico_ds9.a(thread_hot.32.o)
 .text.threadBlock
                0x01ff80d8       0xd8 C:/devkitPro/calico/lib\libcalico_ds9.a(thread_hot.32.o)
                0x01ff80d8                threadBlock
 .text.threadUnblockOneByValue
                0x01ff81b0       0xc0 C:/devkitPro/calico/lib\libcalico_ds9.a(thread_hot.32.o)
                0x01ff81b0                threadUnblockOneByValue
 .text.threadUnblockAllByValue
                0x01ff8270      0x130 C:/devkitPro/calico/lib\libcalico_ds9.a(thread_hot.32.o)
                0x01ff8270                threadUnblockAllByValue
 .text.threadUnblockAllByMask
                0x01ff83a0      0x134 C:/devkitPro/calico/lib\libcalico_ds9.a(thread_hot.32.o)
                0x01ff83a0                threadUnblockAllByMask
 .text.armCopyMem32
                0x01ff84d4       0x4c C:/devkitPro/calico/lib\libcalico_ds9.a(arm-copy-fill.32.o)
                0x01ff84d4                armCopyMem32
 .text.armContextSave
                0x01ff8520       0x2c C:/devkitPro/calico/lib\libcalico_ds9.a(arm-context.32.o)
                0x01ff8520                armContextSave
 .text.armContextLoad
                0x01ff854c       0x20 C:/devkitPro/calico/lib\libcalico_ds9.a(arm-context.32.o)
                0x01ff854c                armContextLoad
                0x01ff8550                armContextLoadFromSvc
 .text.armWaitForIrq
                0x01ff856c        0x8 C:/devkitPro/calico/lib\libcalico_ds9.a(arm-shims.32.o)
                0x01ff856c                armWaitForIrq
 .text.armDrainWriteBuffer
                0x01ff8574        0xc C:/devkitPro/calico/lib\libcalico_ds9.a(arm-cache.32.o)
                0x01ff8574                armDrainWriteBuffer
 .text.armDCacheFlushAll
                0x01ff8580       0x28 C:/devkitPro/calico/lib\libcalico_ds9.a(arm-cache.32.o)
                0x01ff8580                armDCacheFlushAll
 .text.armDCacheFlush
                0x01ff85a8       0x1c C:/devkitPro/calico/lib\libcalico_ds9.a(arm-cache.32.o)
                0x01ff85a8                armDCacheFlush
 .text.armDCacheInvalidate
                0x01ff85c4       0x1c C:/devkitPro/calico/lib\libcalico_ds9.a(arm-cache.32.o)
                0x01ff85c4                armDCacheInvalidate
 .text.armICacheInvalidateAll
                0x01ff85e0        0xc C:/devkitPro/calico/lib\libcalico_ds9.a(arm-cache.32.o)
                0x01ff85e0                armICacheInvalidateAll
 .text.__excpt_entry
                0x01ff85ec       0x50 C:/devkitPro/calico/lib\libcalico_ds9.a(excpt_handler.32.o)
                0x01ff85ec                __arm_excpt_rst
                0x01ff85f0                __arm_excpt_pabt
                0x01ff85f4                __arm_excpt_und
                0x01ff8600                __arm_excpt_dabt
 .text.__arm_excpt_irq
                0x01ff863c       0xe4 C:/devkitPro/calico/lib\libcalico_ds9.a(irq_handler.32.o)
                0x01ff863c                __arm_excpt_irq
 *.itcm.*(.glue_7t .glue_7 .vfp11_veneer .v4_bx)
 *.32.o(.glue_7t .glue_7 .vfp11_veneer .v4_bx)
 *.itcm.*(.rodata .rodata.* .gnu.linkonce.r.*)
 *.32.o(.rodata .rodata.* .gnu.linkonce.r.*)
 *.itcm.*(.rodata1)
 *.32.o(.rodata1)
                0x01ff8720                        . = ALIGN (0x4)
                0x02008d58                        PROVIDE (__itcm_lma = LOADADDR (.vectors))
                0x01ff8000                        PROVIDE (__itcm_start = (ADDR (.itcm) - SIZEOF (.vectors)))
                0x01ff8720                        PROVIDE (__itcm_end = (ADDR (.itcm) + SIZEOF (.itcm)))
                0x00000001                        ASSERT (((__itcm_lma + SIZEOF (.vectors)) == LOADADDR (.itcm)), Error: gap between vectors and itcm)

.dtcm           0x02ff0000        0x0 load address 0x02009478
 *(.dtcm .dtcm.*)
 *.32.o(.data .data.* .gnu.linkonce.d.*)
 *.32.o(.data1)
                0x02ff0000                        . = ALIGN (0x4)
                [!provide]                        PROVIDE (__dtcm_lma = LOADADDR (.dtcm))
                0x02ff0000                        PROVIDE (__dtcm_start = ADDR (.dtcm))
                0x02ff0000                        PROVIDE (__dtcm_end = (ADDR (.dtcm) + SIZEOF (.dtcm)))

.dtcm.bss       0x02ff0000       0x98 load address 0x02009478
 *(.sbss .sbss.*)
 *.32.o(.dynbss)
 *.32.o(.bss .bss.* .gnu.linkonce.b.*)
 .bss.__irq_table
                0x02ff0000       0x80 C:/devkitPro/calico/lib\libcalico_ds9.a(thread_hot.32.o)
                0x02ff0000                __irq_table
 .bss.__sched_state
                0x02ff0080       0x18 C:/devkitPro/calico/lib\libcalico_ds9.a(thread_hot.32.o)
                0x02ff0080                __sched_state
 *.32.o(COMMON)
                0x02ff0098                        . = ALIGN (0x4)
                [!provide]                        PROVIDE (__dtcm_bss_start = ADDR (.dtcm.bss))
                0x02ff0098                        PROVIDE (__dtcm_bss_end = (ADDR (.dtcm.bss) + SIZEOF (.dtcm.bss)))

.main           0x020013c0    0x36dcc load address 0x02009478
 *(SORT_NONE(.init))
 .init          0x020013c0        0x4 C:/devkitPro/devkitARM/bin/../lib/gcc/arm-none-eabi/15.1.0/thumb/crti.o
                0x020013c0                _init
 .init          0x020013c4        0x8 C:/devkitPro/devkitARM/bin/../lib/gcc/arm-none-eabi/15.1.0/thumb/crtn.o
 EXCLUDE_FILE(*.twl.*) *(.text.unlikely .text.*_unlikely .text.unlikely.*)
 EXCLUDE_FILE(*.twl.*) *(.text.exit .text.exit.*)
 .text.exit     0x020013cc       0x24 C:/devkitPro/devkitARM/bin/../lib/gcc/arm-none-eabi/15.1.0/../../../../arm-none-eabi/lib/thumb\libg.a(libc_a-exit.o)
                0x020013cc                exit
 EXCLUDE_FILE(*.twl.*) *(.text.startup .text.startup.*)
 .text.startup.main
                0x020013f0      0xf90 main.o
                0x020013f0                main
 EXCLUDE_FILE(*.twl.*) *(.text.hot .text.hot.*)
 EXCLUDE_FILE(*.twl.*) *(.text .iplt .stub .text.* .gnu.linkonce.t.*)
 .text.__do_global_dtors_aux
                0x02002380       0x2c C:/devkitPro/devkitARM/bin/../lib/gcc/arm-none-eabi/15.1.0/thumb/crtbegin.o
 .text.frame_dummy
                0x020023ac       0x24 C:/devkitPro/devkitARM/bin/../lib/gcc/arm-none-eabi/15.1.0/thumb/crtbegin.o
 .iplt          0x020023d0        0x0 C:/devkitPro/devkitARM/bin/../lib/gcc/arm-none-eabi/15.1.0/thumb/crtbegin.o
 .text._Z6AVARGBiiii
                0x020023d0       0x24 avdslib.o
                0x020023d0                AVARGB(int, int, int, int)
 .text._Z13AVinvertColort
                0x020023f4       0x10 avdslib.o
                0x020023f4                AVinvertColor(unsigned short)
 .text._Z9AVfillDMAPtiit
                0x02002404       0x44 avdslib.o
                0x02002404                AVfillDMA(unsigned short*, int, int, unsigned short)
 .text._Z15AVdrawRectanglePtiiiit
                0x02002448       0x9c avdslib.o
                0x02002448                AVdrawRectangle(unsigned short*, int, int, int, int, unsigned short)
 .text._Z18AVdrawRectangleDMAPtiiiiti
                0x020024e4       0x84 avdslib.o
                0x020024e4                AVdrawRectangleDMA(unsigned short*, int, int, int, int, unsigned short, int)
 .text._Z21AVdrawRectangleHollowPtiiiit
                0x02002568       0x9c avdslib.o
                0x02002568                AVdrawRectangleHollow(unsigned short*, int, int, int, int, unsigned short)
 .text._Z11AVdrawVlinePtiiit
                0x02002604       0x24 avdslib.o
                0x02002604                AVdrawVline(unsigned short*, int, int, int, unsigned short)
 .text._Z11AVdrawHlinePtiiit
                0x02002628       0x24 avdslib.o
                0x02002628                AVdrawHline(unsigned short*, int, int, int, unsigned short)
 .text._Z9importNESPKcPt
                0x0200264c      0x108 formats.o
                0x0200264c                importNES(char const*, unsigned short*)
 .text._Z9exportNESPKcPti
                0x02002754       0xf8 formats.o
                0x02002754                exportNES(char const*, unsigned short*, int)
 .text._Z9importGBCPKcPt
                0x0200284c       0xd8 formats.o
                0x0200284c                importGBC(char const*, unsigned short*)
 .text._Z9exportGBCPKcPti
                0x02002924       0xcc formats.o
                0x02002924                exportGBC(char const*, unsigned short*, int)
 .text._Z10importSNESPKcPt
                0x020029f0      0x15c formats.o
                0x020029f0                importSNES(char const*, unsigned short*)
 .text._Z10exportSNESPKcPti
                0x02002b4c      0x15c formats.o
                0x02002b4c                exportSNES(char const*, unsigned short*, int)
 .text._Z9importGBAPKcPt
                0x02002ca8       0xcc formats.o
                0x02002ca8                importGBA(char const*, unsigned short*)
 .text._Z9exportGBAPKcPti
                0x02002d74       0xa8 formats.o
                0x02002d74                exportGBA(char const*, unsigned short*, int)
 .text._Z9importPalPKc
                0x02002e1c       0xbc formats.o
                0x02002e1c                importPal(char const*)
 .text._Z9exportPalPKc
                0x02002ed8       0x94 formats.o
                0x02002ed8                exportPal(char const*)
 .text._Z9importPCXPKcPt
                0x02002f6c      0x1d4 formats.o
                0x02002f6c                importPCX(char const*, unsigned short*)
 .text._Z9exportPCXPKcPtii
                0x02003140      0x194 formats.o
                0x02003140                exportPCX(char const*, unsigned short*, int, int)
 .text._Z14writeBmpHeaderP7__sFILE
                0x020032d4       0x94 formats.o
                0x020032d4                writeBmpHeader(__sFILE*)
 .text._Z7saveBMPPKcPtS1_
                0x02003368       0x8c formats.o
                0x02003368                saveBMP(char const*, unsigned short*, unsigned short*)
 .text._Z14loadBMP_directPKcPt
                0x020033f4      0x1fc formats.o
                0x020033f4                loadBMP_direct(char const*, unsigned short*)
 .text._Z15saveBMP_indexedPKcPtS1_
                0x020035f0      0x154 formats.o
                0x020035f0                saveBMP_indexed(char const*, unsigned short*, unsigned short*)
 .text._Z15loadBMP_indexedPKcPtS1_
                0x02003744      0x218 formats.o
                0x02003744                loadBMP_indexed(char const*, unsigned short*, unsigned short*)
 .text._Z12saveBMP_4bppPKcPtS1_
                0x0200395c      0x1a8 formats.o
                0x0200395c                saveBMP_4bpp(char const*, unsigned short*, unsigned short*)
 .text._Z12loadBMP_4bppPKcPtS1_
                0x02003b04      0x1c0 formats.o
                0x02003b04                loadBMP_4bpp(char const*, unsigned short*, unsigned short*)
 .text._Z9importGIFPKcPt
                0x02003cc4      0x1a8 formats.o
                0x02003cc4                importGIF(char const*, unsigned short*)
 .text._Z9exportGIFPKcPtii
                0x02003e6c      0x1b0 formats.o
                0x02003e6c                exportGIF(char const*, unsigned short*, int, int)
 .text._Z9importTGAPKcPt
                0x0200401c      0x130 formats.o
                0x0200401c                importTGA(char const*, unsigned short*)
 .text._Z9exportTGAPKcPtii
                0x0200414c      0x12c formats.o
                0x0200414c                exportTGA(char const*, unsigned short*, int, int)
 .text._Z9clearVRAMv
                0x02004278       0xbc intro.o
                0x02004278                clearVRAM()
 .text._Z14topBackground8v
                0x02004334       0x6c intro.o
                0x02004334                topBackground8()
 .text._Z9drawStarsv
                0x020043a0       0x80 intro.o
                0x020043a0                drawStars()
 .text._Z5introv
                0x02004420      0x210 intro.o
                0x02004420                intro()
 .text._Z9listFilesv.part.0
                0x02004630      0x208 main.o
 .text._Z8textModev.part.0
                0x02004838       0x6c main.o
 .text._Z11enterFolderi
                0x020048a4       0x84 main.o
                0x020048a4                enterFolder(int)
 .text._Z6goBackv
                0x02004928       0x58 main.o
                0x02004928                goBack()
 .text._Z9listFilesv
                0x02004980       0x24 main.o
                0x02004980                listFiles()
 .text._Z10submitVRAMbbb
                0x020049a4      0x148 main.o
                0x020049a4                submitVRAM(bool, bool, bool)
 .text._Z15drawSurfaceMainb
                0x02004aec      0x17c main.o
                0x02004aec                drawSurfaceMain(bool)
 .text._Z17drawSurfaceBottomv
                0x02004c68      0x200 main.o
                0x02004c68                drawSurfaceBottom()
 .text._Z16drawColorPalettev
                0x02004e68       0x74 main.o
                0x02004e68                drawColorPalette()
 .text._Z14drawNesPalettev
                0x02004edc       0x74 main.o
                0x02004edc                drawNesPalette()
 .text._Z9updatePaliPi
                0x02004f50      0x170 main.o
                0x02004f50                updatePal(int, int*)
 .text._Z14clearTopBitmapv
                0x020050c0       0xb8 main.o
                0x020050c0                clearTopBitmap()
 .text._Z10initBitmapv
                0x02005178      0x1f8 main.o
                0x02005178                initBitmap()
 .text._Z16setEditorSpritesv
                0x02005370       0xb4 main.o
                0x02005370                setEditorSprites()
 .text._Z8setOamBGv
                0x02005424       0xa8 main.o
                0x02005424                setOamBG()
 .text._Z10bitmapModev
                0x020054cc       0x98 main.o
                0x020054cc                bitmapMode()
 .text._Z19getActionsFromTouchi
                0x02005564       0x40 main.o
                0x02005564                getActionsFromTouch(int)
 .text._Z12applyActionsi
                0x020055a4      0x15c main.o
                0x020055a4                applyActions(int)
 .text._Z9handleKeyc
                0x02005700       0x78 main.o
                0x02005700                handleKey(char)
 .text._Z9floodFillPtiittii
                0x02005778      0x154 main.o
                0x02005778                floodFill(unsigned short*, int, int, unsigned short, unsigned short, int, int)
 .text._Z9applyTooliib
                0x020058cc      0x298 main.o
                0x020058cc                applyTool(int, int, bool)
 .text._Z22copyFromSurfaceToStackv
                0x02005b64       0x98 main.o
                0x02005b64                copyFromSurfaceToStack()
 .text._Z21cutFromSurfaceToStackv
                0x02005bfc       0x44 main.o
                0x02005bfc                cutFromSurfaceToStack()
 .text._Z23pasteFromStackToSurfacev
                0x02005c40       0x98 main.o
                0x02005c40                pasteFromStackToSurface()
 .text._Z5flipHv
                0x02005cd8       0xa4 main.o
                0x02005cd8                flipH()
 .text._Z5flipVv
                0x02005d7c       0x98 main.o
                0x02005d7c                flipV()
 .text._Z7scaleUpv
                0x02005e14      0x114 main.o
                0x02005e14                scaleUp()
 .text._Z9scaleDownv
                0x02005f28       0xd4 main.o
                0x02005f28                scaleDown()
 .text._Z14rotatePositivev
                0x02005ffc       0x80 main.o
                0x02005ffc                rotatePositive()
 .text._Z14rotateNegativev
                0x0200607c       0x8c main.o
                0x0200607c                rotateNegative()
 .text._Z18setBackupVariablesv
                0x02006108       0x4c main.o
                0x02006108                setBackupVariables()
 .text._Z11backupWritev
                0x02006154       0x6c main.o
                0x02006154                backupWrite()
 .text._Z10backupReadv
                0x020061c0       0x58 main.o
                0x020061c0                backupRead()
 .text._Z7initFPSv
                0x02006218       0x24 main.o
                0x02006218                initFPS()
 .text          0x0200623c       0xa8 drawSurfaceBottom16x.o
                0x0200623c                drawSurfaceBottom16x
 .text          0x020062e4       0x60 drawSurfaceBottom2x.o
                0x020062e4                drawSurfaceBottom2x
 .text          0x02006344       0xe8 drawSurfaceBottom32x.o
                0x02006344                drawSurfaceBottom32x
 .text          0x0200642c       0x78 drawSurfaceBottom4x.o
                0x0200642c                drawSurfaceBottom4x
 .text          0x020064a4       0x88 drawSurfaceBottom8x.o
                0x020064a4                drawSurfaceBottom8x
 .text          0x0200652c       0x60 memcpy_fast_arm9.o
                0x0200652c                memcpy_fast_arm9
 .text.fatInitDefault
                0x0200658c       0x20 C:/devkitPro/libnds/lib\libfat.a(fat_wrappers.o)
                0x0200658c                fatInitDefault
 .text._dvmDiscCalicoDummy
                0x020065ac        0x4 C:/devkitPro/libnds/lib\libfat.a(dvm_calico.o)
 .text._dvmDiscCalicoWriteSectors
                0x020065b0        0x8 C:/devkitPro/libnds/lib\libfat.a(dvm_calico.o)
 .text._dvmDiscCalicoReadSectors
                0x020065b8        0x8 C:/devkitPro/libnds/lib\libfat.a(dvm_calico.o)
 .text._dvmIsAlignedAccess
                0x020065c0       0x30 C:/devkitPro/libnds/lib\libfat.a(dvm_calico.o)
                0x020065c0                _dvmIsAlignedAccess
 .text._dvmCacheCopy
                0x020065f0       0x14 C:/devkitPro/libnds/lib\libfat.a(dvm_calico.o)
                0x020065f0                _dvmCacheCopy
 .text.dvmInit  0x02006604      0x268 C:/devkitPro/libnds/lib\libfat.a(dvm_calico.o)
                0x02006604                dvmInit
 .text.dvmDiscAddUser
                0x0200686c       0x10 C:/devkitPro/libnds/lib\libfat.a(dvm_disc.o)
                0x0200686c                dvmDiscAddUser
 .text.dvmDiscRemoveUser
                0x0200687c       0x28 C:/devkitPro/libnds/lib\libfat.a(dvm_disc.o)
                0x0200687c                dvmDiscRemoveUser
 .text._dvmDiscCacheReadWrite
                0x020068a4      0x3ec C:/devkitPro/libnds/lib\libfat.a(dvm_cache.o)
 .text._dvmDiscCacheWriteSectors
                0x02006c90       0x58 C:/devkitPro/libnds/lib\libfat.a(dvm_cache.o)
 .text._dvmDiscCacheReadSectors
                0x02006ce8       0x58 C:/devkitPro/libnds/lib\libfat.a(dvm_cache.o)
 .text._dvmDiscCacheFlush
                0x02006d40       0xac C:/devkitPro/libnds/lib\libfat.a(dvm_cache.o)
 .text._dvmDiscCacheDestroy
                0x02006dec       0x28 C:/devkitPro/libnds/lib\libfat.a(dvm_cache.o)
 .text.dvmDiscCacheCreate
                0x02006e14      0x1a0 C:/devkitPro/libnds/lib\libfat.a(dvm_cache.o)
                0x02006e14                dvmDiscCacheCreate
 .text.dvmMountVolume
                0x02006fb4      0x188 C:/devkitPro/libnds/lib\libfat.a(dvm_volume.o)
                0x02006fb4                dvmMountVolume
 .text._dvmSetAppWorkingDir
                0x0200713c       0x74 C:/devkitPro/libnds/lib\libfat.a(dvm_volume.o)
                0x0200713c                _dvmSetAppWorkingDir
 .text._dvmIdentMbrVbr
                0x020071b0      0x1d8 C:/devkitPro/libnds/lib\libfat.a(dvm_prober.o)
 .text._dvmReadPartitionTable
                0x02007388      0x204 C:/devkitPro/libnds/lib\libfat.a(dvm_prober.o)
 .text.dvmProbeMountDisc
                0x0200758c       0xf0 C:/devkitPro/libnds/lib\libfat.a(dvm_prober.o)
                0x0200758c                dvmProbeMountDisc
 .text._FAT_fstat_r
                0x0200767c       0xac C:/devkitPro/libnds/lib\libfat.a(fat_driver.o)
 .text._FAT_umount
                0x02007728       0x1c C:/devkitPro/libnds/lib\libfat.a(fat_driver.o)
 .text._FAT_mount
                0x02007744       0x44 C:/devkitPro/libnds/lib\libfat.a(fat_driver.o)
 .text._FAT_seek_r
                0x02007788      0x13c C:/devkitPro/libnds/lib\libfat.a(fat_driver.o)
 .text._FAT_set_stat.isra.0
                0x020078c4      0x10c C:/devkitPro/libnds/lib\libfat.a(fat_driver.o)
 .text._FAT_mkdir_r
                0x020079d0       0x64 C:/devkitPro/libnds/lib\libfat.a(fat_driver.o)
 .text._FAT_chdir_r
                0x02007a34       0x64 C:/devkitPro/libnds/lib\libfat.a(fat_driver.o)
 .text._FAT_unlink_r
                0x02007a98       0x70 C:/devkitPro/libnds/lib\libfat.a(fat_driver.o)
 .text._FAT_rmdir_r
                0x02007b08       0x6c C:/devkitPro/libnds/lib\libfat.a(fat_driver.o)
 .text._FAT_diropen_r
                0x02007b74       0x7c C:/devkitPro/libnds/lib\libfat.a(fat_driver.o)
 .text._FAT_fsync_r
                0x02007bf0       0x64 C:/devkitPro/libnds/lib\libfat.a(fat_driver.o)
 .text._FAT_close_r
                0x02007c54       0x64 C:/devkitPro/libnds/lib\libfat.a(fat_driver.o)
 .text._FAT_dirclose_r
                0x02007cb8       0x64 C:/devkitPro/libnds/lib\libfat.a(fat_driver.o)
 .text._FAT_dirreset_r
                0x02007d1c       0x6c C:/devkitPro/libnds/lib\libfat.a(fat_driver.o)
 .text._FAT_rename_r
                0x02007d88       0x80 C:/devkitPro/libnds/lib\libfat.a(fat_driver.o)
 .text._FAT_stat_r
                0x02007e08       0x98 C:/devkitPro/libnds/lib\libfat.a(fat_driver.o)
 .text._FAT_read_r
                0x02007ea0       0x7c C:/devkitPro/libnds/lib\libfat.a(fat_driver.o)
 .text._FAT_write_r
                0x02007f1c       0x7c C:/devkitPro/libnds/lib\libfat.a(fat_driver.o)
 .text._FAT_statvfs_r
                0x02007f98       0xf0 C:/devkitPro/libnds/lib\libfat.a(fat_driver.o)
 .text._FAT_ftruncate_r
                0x02008088      0x190 C:/devkitPro/libnds/lib\libfat.a(fat_driver.o)
 .text._FAT_dirnext_r
                0x02008218      0x124 C:/devkitPro/libnds/lib\libfat.a(fat_driver.o)
 .text._FAT_open_r
                0x0200833c      0x124 C:/devkitPro/libnds/lib\libfat.a(fat_driver.o)
 .text.get_fattime
                0x02008460       0x64 C:/devkitPro/libnds/lib\libfat.a(fat_driver.o)
                0x02008460                get_fattime
 .text.ff_mutex_create
                0x020084c4       0x18 C:/devkitPro/libnds/lib\libfat.a(fat_driver.o)
                0x020084c4                ff_mutex_create
 .text.ff_mutex_delete
                0x020084dc        0x4 C:/devkitPro/libnds/lib\libfat.a(fat_driver.o)
                0x020084dc                ff_mutex_delete
 .text.ff_mutex_take
                0x020084e0       0x14 C:/devkitPro/libnds/lib\libfat.a(fat_driver.o)
                0x020084e0                ff_mutex_take
 .text.ff_mutex_give
                0x020084f4        0x8 C:/devkitPro/libnds/lib\libfat.a(fat_driver.o)
                0x020084f4                ff_mutex_give
 .text.disk_initialize
                0x020084fc       0x24 C:/devkitPro/libnds/lib\libfat.a(fat_driver.o)
                0x020084fc                disk_initialize
 .text.disk_status
                0x02008520       0x24 C:/devkitPro/libnds/lib\libfat.a(fat_driver.o)
                0x02008520                disk_status
 .text.disk_read
                0x02008544       0x2c C:/devkitPro/libnds/lib\libfat.a(fat_driver.o)
                0x02008544                disk_read
 .text.disk_write
                0x02008570       0x2c C:/devkitPro/libnds/lib\libfat.a(fat_driver.o)
                0x02008570                disk_write
 .text.disk_ioctl
                0x0200859c       0x38 C:/devkitPro/libnds/lib\libfat.a(fat_driver.o)
                0x0200859c                disk_ioctl
 .text.tchar2uni
                0x020085d4       0xfc C:/devkitPro/libnds/lib\libfat.a(ff.o)
 .text.sync_window
                0x020086d0       0x90 C:/devkitPro/libnds/lib\libfat.a(ff.o)
 .text.put_utf  0x02008760      0x130 C:/devkitPro/libnds/lib\libfat.a(ff.o)
 .text.dir_clear
                0x02008890       0x9c C:/devkitPro/libnds/lib\libfat.a(ff.o)
 .text.get_fileinfo
                0x0200892c      0x28c C:/devkitPro/libnds/lib\libfat.a(ff.o)
 .text.sync_fs  0x02008bb8      0x180 C:/devkitPro/libnds/lib\libfat.a(ff.o)
 .text.move_window
                0x02008d38       0xc4 C:/devkitPro/libnds/lib\libfat.a(ff.o)
 .text.put_fat.part.0
                0x02008dfc      0x1dc C:/devkitPro/libnds/lib\libfat.a(ff.o)
 .text.get_fat.isra.0
                0x02008fd8      0x160 C:/devkitPro/libnds/lib\libfat.a(ff.o)
 .text.remove_chain
                0x02009138       0xf4 C:/devkitPro/libnds/lib\libfat.a(ff.o)
 .text.create_chain
                0x0200922c      0x21c C:/devkitPro/libnds/lib\libfat.a(ff.o)
 .text.dir_next
                0x02009448      0x170 C:/devkitPro/libnds/lib\libfat.a(ff.o)
 .text.dir_read
                0x020095b8      0x248 C:/devkitPro/libnds/lib\libfat.a(ff.o)
 .text.dir_sdi  0x02009800      0x128 C:/devkitPro/libnds/lib\libfat.a(ff.o)
 .text.dir_alloc
                0x02009928       0xcc C:/devkitPro/libnds/lib\libfat.a(ff.o)
 .text.dir_remove
                0x020099f4       0xc4 C:/devkitPro/libnds/lib\libfat.a(ff.o)
 .text.dir_find
                0x02009ab8      0x2f8 C:/devkitPro/libnds/lib\libfat.a(ff.o)
 .text.follow_path
                0x02009db0      0x588 C:/devkitPro/libnds/lib\libfat.a(ff.o)
 .text.dir_register
                0x0200a338      0x3f0 C:/devkitPro/libnds/lib\libfat.a(ff.o)
 .text.check_fs
                0x0200a728      0x1ec C:/devkitPro/libnds/lib\libfat.a(ff.o)
 .text.mount_volume.part.0
                0x0200a914      0x504 C:/devkitPro/libnds/lib\libfat.a(ff.o)
 .text.validate
                0x0200ae18       0xbc C:/devkitPro/libnds/lib\libfat.a(ff.o)
 .text.f_mount  0x0200aed4       0x6c C:/devkitPro/libnds/lib\libfat.a(ff.o)
                0x0200aed4                f_mount
 .text.f_umount
                0x0200af40       0x38 C:/devkitPro/libnds/lib\libfat.a(ff.o)
                0x0200af40                f_umount
 .text.f_open   0x0200af78      0x400 C:/devkitPro/libnds/lib\libfat.a(ff.o)
                0x0200af78                f_open
 .text.f_read   0x0200b378      0x2a4 C:/devkitPro/libnds/lib\libfat.a(ff.o)
                0x0200b378                f_read
 .text.f_write  0x0200b61c      0x350 C:/devkitPro/libnds/lib\libfat.a(ff.o)
                0x0200b61c                f_write
 .text.f_sync   0x0200b96c      0x1a0 C:/devkitPro/libnds/lib\libfat.a(ff.o)
                0x0200b96c                f_sync
 .text.f_close  0x0200bb0c       0x58 C:/devkitPro/libnds/lib\libfat.a(ff.o)
                0x0200bb0c                f_close
 .text.f_chdir  0x0200bb64       0xf0 C:/devkitPro/libnds/lib\libfat.a(ff.o)
                0x0200bb64                f_chdir
 .text.f_lseek  0x0200bc54      0x298 C:/devkitPro/libnds/lib\libfat.a(ff.o)
                0x0200bc54                f_lseek
 .text.f_opendir
                0x0200beec      0x12c C:/devkitPro/libnds/lib\libfat.a(ff.o)
                0x0200beec                f_opendir
 .text.f_closedir
                0x0200c018       0xb0 C:/devkitPro/libnds/lib\libfat.a(ff.o)
                0x0200c018                f_closedir
 .text.f_readdir
                0x0200c0c8       0xd0 C:/devkitPro/libnds/lib\libfat.a(ff.o)
                0x0200c0c8                f_readdir
 .text.f_stat   0x0200c198      0x104 C:/devkitPro/libnds/lib\libfat.a(ff.o)
                0x0200c198                f_stat
 .text.f_getfree
                0x0200c29c      0x184 C:/devkitPro/libnds/lib\libfat.a(ff.o)
                0x0200c29c                f_getfree
 .text.f_truncate
                0x0200c420      0x228 C:/devkitPro/libnds/lib\libfat.a(ff.o)
                0x0200c420                f_truncate
 .text.f_unlink
                0x0200c648      0x1a4 C:/devkitPro/libnds/lib\libfat.a(ff.o)
                0x0200c648                f_unlink
 .text.f_mkdir  0x0200c7ec      0x294 C:/devkitPro/libnds/lib\libfat.a(ff.o)
                0x0200c7ec                f_mkdir
 .text.f_rename
                0x0200ca80      0x248 C:/devkitPro/libnds/lib\libfat.a(ff.o)
                0x0200ca80                f_rename
 .text.ff_uni2oem
                0x0200ccc8       0x78 C:/devkitPro/libnds/lib\libfat.a(ffunicode.o)
                0x0200ccc8                ff_uni2oem
 .text.ff_oem2uni
                0x0200cd40       0x40 C:/devkitPro/libnds/lib\libfat.a(ffunicode.o)
                0x0200cd40                ff_oem2uni
 .text.ff_wtoupper
                0x0200cd80      0x128 C:/devkitPro/libnds/lib\libfat.a(ffunicode.o)
                0x0200cd80                ff_wtoupper
 .text.checkIfText
                0x0200cea8       0x6c C:/devkitPro/libnds/lib\libnds9.a(background.o)
                0x0200cea8                checkIfText
 .text.bgUpdate
                0x0200cf14       0xe8 C:/devkitPro/libnds/lib\libnds9.a(background.o)
                0x0200cf14                bgUpdate
 .text.bgInit_call
                0x0200cffc       0xa8 C:/devkitPro/libnds/lib\libnds9.a(background.o)
                0x0200cffc                bgInit_call
 .text.bgInitSub_call
                0x0200d0a4       0xb0 C:/devkitPro/libnds/lib\libnds9.a(background.o)
                0x0200d0a4                bgInitSub_call
 .text.newRow   0x0200d154       0xe0 C:/devkitPro/libnds/lib\libnds9.a(console.o)
 .text.consolePrintChar
                0x0200d234       0xe0 C:/devkitPro/libnds/lib\libnds9.a(console.o)
                0x0200d234                consolePrintChar
 .text.con_write
                0x0200d314      0x344 C:/devkitPro/libnds/lib\libnds9.a(console.o)
                0x0200d314                con_write
 .text.consoleLoadFont
                0x0200d658      0x2e8 C:/devkitPro/libnds/lib\libnds9.a(console.o)
                0x0200d658                consoleLoadFont
 .text.consoleInit
                0x0200d940      0x170 C:/devkitPro/libnds/lib\libnds9.a(console.o)
                0x0200d940                consoleInit
 .text.consoleDemoInit
                0x0200dab0       0x40 C:/devkitPro/libnds/lib\libnds9.a(console.o)
                0x0200dab0                consoleDemoInit
 .text.consoleClear
                0x0200daf0       0x10 C:/devkitPro/libnds/lib\libnds9.a(console.o)
                0x0200daf0                consoleClear
 .text.getHeader
                0x0200db00        0x4 C:/devkitPro/libnds/lib\libnds9.a(decompress.o)
 .text.readByte
                0x0200db04        0x4 C:/devkitPro/libnds/lib\libnds9.a(decompress.o)
 .text.decompress
                0x0200db08       0x40 C:/devkitPro/libnds/lib\libnds9.a(decompress.o)
                0x0200db08                decompress
 .text.defaultHandler
                0x0200db48       0x6c C:/devkitPro/libnds/lib\libnds9.a(exceptionDefault.o)
 .text.excptPrint
                0x0200dbb4       0x38 C:/devkitPro/libnds/lib\libnds9.a(exceptionDefault.o)
 .text.defaultExceptionHandler
                0x0200dbec       0x20 C:/devkitPro/libnds/lib\libnds9.a(exceptionDefault.o)
                0x0200dbec                defaultExceptionHandler
 .text.ARMShift
                0x0200dc0c       0x74 C:/devkitPro/libnds/lib\libnds9.a(gurumeditation.o)
 .text.getExceptionAddress
                0x0200dc80      0x198 C:/devkitPro/libnds/lib\libnds9.a(gurumeditation.o)
                0x0200dc80                getExceptionAddress
 .text.guruMeditationDump
                0x0200de18      0x108 C:/devkitPro/libnds/lib\libnds9.a(gurumeditation.o)
                0x0200de18                guruMeditationDump
 .text.scanKeys
                0x0200df20       0x6c C:/devkitPro/libnds/lib\libnds9.a(keys.o)
                0x0200df20                scanKeys
 .text.keysHeld
                0x0200df8c        0xc C:/devkitPro/libnds/lib\libnds9.a(keys.o)
                0x0200df8c                keysHeld
 .text.keysDown
                0x0200df98       0x10 C:/devkitPro/libnds/lib\libnds9.a(keys.o)
                0x0200df98                keysDown
 .text.keysUp   0x0200dfa8       0x10 C:/devkitPro/libnds/lib\libnds9.a(keys.o)
                0x0200dfa8                keysUp
 .text.oamAllocReset
                0x0200dfb8       0x1c C:/devkitPro/libnds/lib\libnds9.a(sprite_alloc.o)
                0x0200dfb8                oamAllocReset
 .text.oamAllocateGfx
                0x0200dfd4      0x578 C:/devkitPro/libnds/lib\libnds9.a(sprite_alloc.o)
                0x0200dfd4                oamAllocateGfx
 .text.oamInit  0x0200e54c      0x138 C:/devkitPro/libnds/lib\libnds9.a(sprite.o)
                0x0200e54c                oamInit
 .text.oamGetGfxPtr
                0x0200e684       0x34 C:/devkitPro/libnds/lib\libnds9.a(sprite.o)
                0x0200e684                oamGetGfxPtr
 .text.oamClear
                0x0200e6b8       0x24 C:/devkitPro/libnds/lib\libnds9.a(sprite.o)
                0x0200e6b8                oamClear
 .text.oamGfxPtrToOffset
                0x0200e6dc       0x34 C:/devkitPro/libnds/lib\libnds9.a(sprite.o)
                0x0200e6dc                oamGfxPtrToOffset
 .text.oamSet   0x0200e710      0x100 C:/devkitPro/libnds/lib\libnds9.a(sprite.o)
                0x0200e710                oamSet
 .text.oamUpdate
                0x0200e810       0x78 C:/devkitPro/libnds/lib\libnds9.a(sprite.o)
                0x0200e810                oamUpdate
 .text.sinLutLookup
                0x0200e888       0x4c C:/devkitPro/libnds/lib\libnds9.a(trig.o)
                0x0200e888                sinLutLookup
 .text.sinLerp  0x0200e8d4       0x38 C:/devkitPro/libnds/lib\libnds9.a(trig.o)
                0x0200e8d4                sinLerp
 .text.cosLerp  0x0200e90c       0x44 C:/devkitPro/libnds/lib\libnds9.a(trig.o)
                0x0200e90c                cosLerp
 .text.__libnds_excpt
                0x0200e950       0xf8 C:/devkitPro/libnds/lib\libnds9.a(exceptionEntry.o)
                0x0200e950                __libnds_excpt
 .text._mmPxiHandler
                0x0200ea48       0x78 C:/devkitPro/libnds/lib\libmm9.a(mm_comms9.o)
 .text.mmInit   0x0200eac0       0x78 C:/devkitPro/libnds/lib\libmm9.a(mm_comms9.o)
                0x0200eac0                mmInit
 .text.mmStart  0x0200eb38       0x44 C:/devkitPro/libnds/lib\libmm9.a(mm_comms9.o)
                0x0200eb38                mmStart
 .text.mmStop   0x0200eb7c       0x24 C:/devkitPro/libnds/lib\libmm9.a(mm_comms9.o)
                0x0200eb7c                mmStop
 .text._mmLoadSample
                0x0200eba0       0x80 C:/devkitPro/libnds/lib\libmm9.a(mm_loader.o)
 .text.mmInitDefaultMem
                0x0200ec20       0xc0 C:/devkitPro/libnds/lib\libmm9.a(mm_loader.o)
                0x0200ec20                mmInitDefaultMem
 .text.mmLoad   0x0200ece0       0xa8 C:/devkitPro/libnds/lib\libmm9.a(mm_loader.o)
                0x0200ece0                mmLoad
 .text._tickCountIsr
                0x0200ed88       0x1c C:/devkitPro/calico/lib\libcalico_ds9.a(tick.o)
 .text._tickTaskSchedule.part.0.isra.0
                0x0200eda4       0x84 C:/devkitPro/calico/lib\libcalico_ds9.a(tick.o)
 .text.tickInit
                0x0200ee28       0xa0 C:/devkitPro/calico/lib\libcalico_ds9.a(tick.o)
                0x0200ee28                tickInit
 .text.tickGetCount
                0x0200eec8       0x5c C:/devkitPro/calico/lib\libcalico_ds9.a(tick.o)
                0x0200eec8                tickGetCount
 .text._tickTaskIsr
                0x0200ef24      0x110 C:/devkitPro/calico/lib\libcalico_ds9.a(tick.o)
 .text.tickTaskStart
                0x0200f034      0x144 C:/devkitPro/calico/lib\libcalico_ds9.a(tick.o)
                0x0200f034                tickTaskStart
 .text.threadExit
                0x0200f178       0x9c C:/devkitPro/calico/lib\libcalico_ds9.a(thread_cold.o)
                0x0200f178                threadExit
 .text._threadTickTask
                0x0200f214       0x10 C:/devkitPro/calico/lib\libcalico_ds9.a(thread_cold.o)
 .text._threadInit
                0x0200f224       0x98 C:/devkitPro/calico/lib\libcalico_ds9.a(thread_cold.o)
                0x0200f224                _threadInit
 .text.threadPrepare
                0x0200f2bc       0xa4 C:/devkitPro/calico/lib\libcalico_ds9.a(thread_cold.o)
                0x0200f2bc                threadPrepare
 .text.threadStart
                0x0200f360       0xc8 C:/devkitPro/calico/lib\libcalico_ds9.a(thread_cold.o)
                0x0200f360                threadStart
 .text.threadIrqWait
                0x0200f428       0xa0 C:/devkitPro/calico/lib\libcalico_ds9.a(thread_cold.o)
                0x0200f428                threadIrqWait
 .text.threadSleepTicks
                0x0200f4c8       0x58 C:/devkitPro/calico/lib\libcalico_ds9.a(thread_cold.o)
                0x0200f4c8                threadSleepTicks
 .text._dietPrintDefaultFunc
                0x0200f520        0x4 C:/devkitPro/calico/lib\libcalico_ds9.a(dietprint.o)
 .text._dietOutput
                0x0200f524       0x3c C:/devkitPro/calico/lib\libcalico_ds9.a(dietprint.o)
 .text._dietPrintDec32
                0x0200f560      0x110 C:/devkitPro/calico/lib\libcalico_ds9.a(dietprint.o)
 .text._dietPrintHex32
                0x0200f670      0x170 C:/devkitPro/calico/lib\libcalico_ds9.a(dietprint.o)
 .text.dietPrintV
                0x0200f7e0      0x4b8 C:/devkitPro/calico/lib\libcalico_ds9.a(dietprint.o)
                0x0200f7e0                dietPrintV
 .text.dietPrint
                0x0200fc98       0x18 C:/devkitPro/calico/lib\libcalico_ds9.a(dietprint.o)
                0x0200fc98                dietPrint
 .text.__syscall_getreent
                0x0200fcb0       0x14 C:/devkitPro/calico/lib\libcalico_ds9.a(newlib_syscalls.o)
                0x0200fcb0                __syscall_getreent
 .text.__errno  0x0200fcc4       0x24 C:/devkitPro/calico/lib\libcalico_ds9.a(newlib_syscalls.o)
                0x0200fcc4                __errno
 .text.__syscall_gettod_r
                0x0200fce8       0x30 C:/devkitPro/calico/lib\libcalico_ds9.a(newlib_syscalls.o)
                0x0200fce8                __syscall_gettod_r
 .text.__syscall_lock_acquire
                0x0200fd18        0x4 C:/devkitPro/calico/lib\libcalico_ds9.a(newlib_syscalls.o)
                0x0200fd18                __syscall_lock_acquire
 .text.__syscall_lock_release
                0x0200fd1c        0x4 C:/devkitPro/calico/lib\libcalico_ds9.a(newlib_syscalls.o)
                0x0200fd1c                __syscall_lock_release
 .text.__syscall_lock_acquire_recursive
                0x0200fd20       0x4c C:/devkitPro/calico/lib\libcalico_ds9.a(newlib_syscalls.o)
                0x0200fd20                __syscall_lock_acquire_recursive
 .text.__syscall_lock_release_recursive
                0x0200fd6c       0x18 C:/devkitPro/calico/lib\libcalico_ds9.a(newlib_syscalls.o)
                0x0200fd6c                __syscall_lock_release_recursive
 .text.svcLZ77UncompWram
                0x0200fd84        0x4 C:/devkitPro/calico/lib\libcalico_ds9.a(bios.o)
                0x0200fd84                svcLZ77UncompWram
 .text.svcHuffUncompCallback
                0x0200fd88        0x4 C:/devkitPro/calico/lib\libcalico_ds9.a(bios.o)
                0x0200fd88                svcHuffUncompCallback
 .text.svcRLUncompWram
                0x0200fd8c        0x4 C:/devkitPro/calico/lib\libcalico_ds9.a(bios.o)
                0x0200fd8c                svcRLUncompWram
 .text.svcRLUncompVramCallback
                0x0200fd90        0x4 C:/devkitPro/calico/lib\libcalico_ds9.a(bios.o)
                0x0200fd90                svcRLUncompVramCallback
 .text.svcLZ77UncompVramCallback
                0x0200fd94       0x18 C:/devkitPro/calico/lib\libcalico_ds9.a(bios.o)
                0x0200fd94                svcLZ77UncompVramCallback
 .text._pxiMailboxHandler
                0x0200fdac        0x4 C:/devkitPro/calico/lib\libcalico_ds9.a(pxi.o)
 .text._pxiRecvUnhandled
                0x0200fdb0        0x4 C:/devkitPro/calico/lib\libcalico_ds9.a(pxi.o)
                0x0200fdb0                _pxiRecvUnhandled
 .text._pxiRecvIrqHandler
                0x0200fdb4      0x154 C:/devkitPro/calico/lib\libcalico_ds9.a(pxi.o)
 .text._pxiInit
                0x0200ff08       0x58 C:/devkitPro/calico/lib\libcalico_ds9.a(pxi.o)
                0x0200ff08                _pxiInit
 .text.pxiSetHandler
                0x0200ff60       0x74 C:/devkitPro/calico/lib\libcalico_ds9.a(pxi.o)
                0x0200ff60                pxiSetHandler
 .text.pxiSetMailbox
                0x0200ffd4       0x68 C:/devkitPro/calico/lib\libcalico_ds9.a(pxi.o)
                0x0200ffd4                pxiSetMailbox
 .text.pxiWaitRemote
                0x0201003c       0x38 C:/devkitPro/calico/lib\libcalico_ds9.a(pxi.o)
                0x0201003c                pxiWaitRemote
 .text.pxiSendPacket
                0x02010074       0x50 C:/devkitPro/calico/lib\libcalico_ds9.a(pxi.o)
                0x02010074                pxiSendPacket
 .text.pxiSendExtPacket
                0x020100c4       0x98 C:/devkitPro/calico/lib\libcalico_ds9.a(pxi.o)
                0x020100c4                pxiSendExtPacket
 .text.pxiBeginReceive
                0x0201015c       0x2c C:/devkitPro/calico/lib\libcalico_ds9.a(pxi.o)
                0x0201015c                pxiBeginReceive
 .text.pxiEndReceive
                0x02010188       0xac C:/devkitPro/calico/lib\libcalico_ds9.a(pxi.o)
                0x02010188                pxiEndReceive
 .text.keypadGetState
                0x02010234       0x28 C:/devkitPro/calico/lib\libcalico_ds9.a(keypad.o)
                0x02010234                keypadGetState
 .text._pmCallEventHandlers
                0x0201025c       0x40 C:/devkitPro/calico/lib\libcalico_ds9.a(pm.o)
 .text._pmPxiThreadMain
                0x0201029c       0xa0 C:/devkitPro/calico/lib\libcalico_ds9.a(pm.o)
 .text._pmResetPxiHandler
                0x0201033c       0x28 C:/devkitPro/calico/lib\libcalico_ds9.a(pm.o)
 .text.systemUserExit
                0x02010364        0x4 C:/devkitPro/calico/lib\libcalico_ds9.a(pm.o)
                0x02010364                systemUserExit
 .text.systemErrorExit
                0x02010368        0x4 C:/devkitPro/calico/lib\libcalico_ds9.a(pm.o)
                0x02010368                systemErrorExit
 .text.__syscall_exit
                0x0201036c      0x138 C:/devkitPro/calico/lib\libcalico_ds9.a(pm.o)
                0x0201036c                __syscall_exit
 .text.pmInit   0x020104a4       0x58 C:/devkitPro/calico/lib\libcalico_ds9.a(pm.o)
                0x020104a4                pmInit
 .text.pmEnterSleep
                0x020104fc       0xcc C:/devkitPro/calico/lib\libcalico_ds9.a(pm.o)
                0x020104fc                pmEnterSleep
 .text.pmMainLoop
                0x020105c8       0x74 C:/devkitPro/calico/lib\libcalico_ds9.a(pm.o)
                0x020105c8                pmMainLoop
 .text.systemUserStartup
                0x0201063c        0x4 C:/devkitPro/calico/lib\libcalico_ds9.a(sys_startup.o)
                0x0201063c                systemUserStartup
 .text.systemStartup
                0x02010640      0x104 C:/devkitPro/calico/lib\libcalico_ds9.a(sys_startup.o)
                0x02010640                systemStartup
 .text.touchRead
                0x02010744       0x58 C:/devkitPro/calico/lib\libcalico_ds9.a(touch.o)
                0x02010744                touchRead
 .text._soundPxiCheckCredits
                0x0201079c       0x70 C:/devkitPro/calico/lib\libcalico_ds9.a(sound.o)
 .text._soundPxiHandler
                0x0201080c       0x3c C:/devkitPro/calico/lib\libcalico_ds9.a(sound.o)
 .text.soundInit
                0x02010848       0x64 C:/devkitPro/calico/lib\libcalico_ds9.a(sound.o)
                0x02010848                soundInit
 .text.soundSetMixerSleep
                0x020108ac       0x2c C:/devkitPro/calico/lib\libcalico_ds9.a(sound.o)
                0x020108ac                soundSetMixerSleep
 .text._blkDevReadWriteSectors
                0x020108d8       0x44 C:/devkitPro/calico/lib\libcalico_ds9.a(blk.o)
 .text.blkInit  0x0201091c        0x8 C:/devkitPro/calico/lib\libcalico_ds9.a(blk.o)
                0x0201091c                blkInit
 .text.blkDevIsPresent
                0x02010924       0x30 C:/devkitPro/calico/lib\libcalico_ds9.a(blk.o)
                0x02010924                blkDevIsPresent
 .text.blkDevInit
                0x02010954       0x30 C:/devkitPro/calico/lib\libcalico_ds9.a(blk.o)
                0x02010954                blkDevInit
 .text.blkDevGetSectorCount
                0x02010984       0x34 C:/devkitPro/calico/lib\libcalico_ds9.a(blk.o)
                0x02010984                blkDevGetSectorCount
 .text.blkDevReadSectors
                0x020109b8       0x5c C:/devkitPro/calico/lib\libcalico_ds9.a(blk.o)
                0x020109b8                blkDevReadSectors
 .text.blkDevWriteSectors
                0x02010a14       0x5c C:/devkitPro/calico/lib\libcalico_ds9.a(blk.o)
                0x02010a14                blkDevWriteSectors
 .text.irqSet   0x02010a70       0x64 C:/devkitPro/calico/lib\libcalico_ds9.a(irq.o)
                0x02010a70                irqSet
 .text.threadUpdateDynamicPrio
                0x02010ad4      0x1cc C:/devkitPro/calico/lib\libcalico_ds9.a(mutex.o)
 .text.threadRemoveWaiter
                0x02010ca0      0x1c8 C:/devkitPro/calico/lib\libcalico_ds9.a(mutex.o)
 .text.mutexLock
                0x02010e68      0x150 C:/devkitPro/calico/lib\libcalico_ds9.a(mutex.o)
                0x02010e68                mutexLock
 .text.mutexUnlock
                0x02010fb8       0xd0 C:/devkitPro/calico/lib\libcalico_ds9.a(mutex.o)
                0x02010fb8                mutexUnlock
 .text.mailboxTrySend
                0x02011088       0x98 C:/devkitPro/calico/lib\libcalico_ds9.a(mailbox.o)
                0x02011088                mailboxTrySend
 .text.mailboxRecv
                0x02011120       0x98 C:/devkitPro/calico/lib\libcalico_ds9.a(mailbox.o)
                0x02011120                mailboxRecv
 .text.log2     0x020111b8       0x1c C:/devkitPro/devkitARM/bin/../lib/gcc/arm-none-eabi/15.1.0/../../../../arm-none-eabi/lib/thumb\libm.a(libm_a-s_log2.o)
                0x020111b8                log2
 .text.log      0x020111d4       0x70 C:/devkitPro/devkitARM/bin/../lib/gcc/arm-none-eabi/15.1.0/../../../../arm-none-eabi/lib/thumb\libm.a(libm_a-w_log.o)
                0x020111d4                log
 .text.__ieee754_log
                0x02011244      0x364 C:/devkitPro/devkitARM/bin/../lib/gcc/arm-none-eabi/15.1.0/../../../../arm-none-eabi/lib/thumb\libm.a(libm_a-e_log.o)
                0x02011244                __ieee754_log
 .text.nan      0x020115a8        0xc C:/devkitPro/devkitARM/bin/../lib/gcc/arm-none-eabi/15.1.0/../../../../arm-none-eabi/lib/thumb\libm.a(libm_a-s_nan.o)
                0x020115a8                nan
 .text          0x020115b4      0x11c C:/devkitPro/devkitARM/bin/../lib/gcc/arm-none-eabi/15.1.0/thumb\libgcc.a(_udivsi3.o)
                0x020115b4                __aeabi_uidiv
                0x020115b4                __udivsi3
                0x020116b0                __aeabi_uidivmod
 .text          0x020116d0      0x150 C:/devkitPro/devkitARM/bin/../lib/gcc/arm-none-eabi/15.1.0/thumb\libgcc.a(_divsi3.o)
                0x020116d0                __divsi3
                0x020116d0                __aeabi_idiv
                0x02011800                __aeabi_idivmod
 .text          0x02011820        0x4 C:/devkitPro/devkitARM/bin/../lib/gcc/arm-none-eabi/15.1.0/thumb\libgcc.a(_dvmd_tls.o)
                0x02011820                __aeabi_idiv0
                0x02011820                __aeabi_ldiv0
 .text          0x02011824      0x424 C:/devkitPro/devkitARM/bin/../lib/gcc/arm-none-eabi/15.1.0/thumb\libgcc.a(_arm_addsubdf3.o)
                0x02011824                __aeabi_drsub
                0x0201182c                __aeabi_dsub
                0x0201182c                __subdf3
                0x02011830                __aeabi_dadd
                0x02011830                __adddf3
                0x02011b40                __floatunsidf
                0x02011b40                __aeabi_ui2d
                0x02011b64                __floatsidf
                0x02011b64                __aeabi_i2d
                0x02011b8c                __aeabi_f2d
                0x02011b8c                __extendsfdf2
                0x02011bd4                __floatundidf
                0x02011bd4                __aeabi_ul2d
                0x02011be8                __floatdidf
                0x02011be8                __aeabi_l2d
 .text          0x02011c48      0x49c C:/devkitPro/devkitARM/bin/../lib/gcc/arm-none-eabi/15.1.0/thumb\libgcc.a(_arm_muldivdf3.o)
                0x02011c48                __aeabi_dmul
                0x02011c48                __muldf3
                0x02011ed8                __divdf3
                0x02011ed8                __aeabi_ddiv
 .text          0x020120e4      0x144 C:/devkitPro/devkitARM/bin/../lib/gcc/arm-none-eabi/15.1.0/thumb\libgcc.a(_arm_cmpdf2.o)
                0x020120e4                __gtdf2
                0x020120e4                __gedf2
                0x020120ec                __ltdf2
                0x020120ec                __ledf2
                0x020120f4                __nedf2
                0x020120f4                __eqdf2
                0x020120f4                __cmpdf2
                0x0201217c                __aeabi_cdrcmple
                0x02012198                __aeabi_cdcmpeq
                0x02012198                __aeabi_cdcmple
                0x020121b0                __aeabi_dcmpeq
                0x020121c8                __aeabi_dcmplt
                0x020121e0                __aeabi_dcmple
                0x020121f8                __aeabi_dcmpge
                0x02012210                __aeabi_dcmpgt
 .text          0x02012228       0x38 C:/devkitPro/devkitARM/bin/../lib/gcc/arm-none-eabi/15.1.0/thumb\libgcc.a(_arm_unorddf2.o)
                0x02012228                __unorddf2
                0x02012228                __aeabi_dcmpun
 .text          0x02012260       0x5c C:/devkitPro/devkitARM/bin/../lib/gcc/arm-none-eabi/15.1.0/thumb\libgcc.a(_arm_fixdfsi.o)
                0x02012260                __aeabi_d2iz
                0x02012260                __fixdfsi
 .text          0x020122bc       0x3c C:/devkitPro/devkitARM/bin/../lib/gcc/arm-none-eabi/15.1.0/thumb\libgcc.a(_aeabi_uldivmod.o)
                0x020122bc                __aeabi_uldivmod
 .text.__udivmoddi4
                0x020122f8      0x194 C:/devkitPro/devkitARM/bin/../lib/gcc/arm-none-eabi/15.1.0/thumb\libgcc.a(_udivmoddi4.o)
                0x020122f8                __udivmoddi4
 .text          0x0201248c       0x28 C:/devkitPro/devkitARM/bin/../lib/gcc/arm-none-eabi/15.1.0/thumb\libgcc.a(_clzdi2.o)
                0x0201248c                __clzdi2
 .text          0x020124b4       0x48 C:/devkitPro/devkitARM/bin/../lib/gcc/arm-none-eabi/15.1.0/thumb\libgcc.a(_clzsi2.o)
                0x020124b4                __clzsi2
 .text.strchr   0x020124fc       0xbc C:/devkitPro/devkitARM/bin/../lib/gcc/arm-none-eabi/15.1.0/../../../../arm-none-eabi/lib/thumb\libg.a(libc_a-strchr.o)
                0x020124fc                strchr
 .text.rand     0x020125b8       0x30 C:/devkitPro/devkitARM/bin/../lib/gcc/arm-none-eabi/15.1.0/../../../../arm-none-eabi/lib/thumb\libg.a(libc_a-rand.o)
                0x020125b8                rand
 .text._fclose_r
                0x020125e8       0xdc C:/devkitPro/devkitARM/bin/../lib/gcc/arm-none-eabi/15.1.0/../../../../arm-none-eabi/lib/thumb\libg.a(libc_a-fclose.o)
                0x020125e8                _fclose_r
 .text.fclose   0x020126c4       0x14 C:/devkitPro/devkitARM/bin/../lib/gcc/arm-none-eabi/15.1.0/../../../../arm-none-eabi/lib/thumb\libg.a(libc_a-fclose.o)
                0x020126c4                fclose
 .text._fwrite_r
                0x020126d8       0x9c C:/devkitPro/devkitARM/bin/../lib/gcc/arm-none-eabi/15.1.0/../../../../arm-none-eabi/lib/thumb\libg.a(libc_a-fwrite.o)
                0x020126d8                _fwrite_r
 .text.fwrite   0x02012774       0x24 C:/devkitPro/devkitARM/bin/../lib/gcc/arm-none-eabi/15.1.0/../../../../arm-none-eabi/lib/thumb\libg.a(libc_a-fwrite.o)
                0x02012774                fwrite
 .text.strlen   0x02012798       0x60 C:/devkitPro/devkitARM/bin/../lib/gcc/arm-none-eabi/15.1.0/../../../../arm-none-eabi/lib/thumb\libg.a(libc_a-strlen.o)
                0x02012798                strlen
 .text.memcmp   0x020127f8       0x48 C:/devkitPro/devkitARM/bin/../lib/gcc/arm-none-eabi/15.1.0/../../../../arm-none-eabi/lib/thumb\libg.a(libc_a-memcmp.o)
                0x020127f8                memcmp
 .text.stdio_exit_handler
                0x02012840       0x20 C:/devkitPro/devkitARM/bin/../lib/gcc/arm-none-eabi/15.1.0/../../../../arm-none-eabi/lib/thumb\libg.a(libc_a-findfp.o)
 .text.cleanup_stdio
                0x02012860       0x40 C:/devkitPro/devkitARM/bin/../lib/gcc/arm-none-eabi/15.1.0/../../../../arm-none-eabi/lib/thumb\libg.a(libc_a-findfp.o)
 .text.global_stdio_init.part.0
                0x020128a0      0x120 C:/devkitPro/devkitARM/bin/../lib/gcc/arm-none-eabi/15.1.0/../../../../arm-none-eabi/lib/thumb\libg.a(libc_a-findfp.o)
 .text.__sfp    0x020129c0       0xcc C:/devkitPro/devkitARM/bin/../lib/gcc/arm-none-eabi/15.1.0/../../../../arm-none-eabi/lib/thumb\libg.a(libc_a-findfp.o)
                0x020129c0                __sfp
 .text.__sinit  0x02012a8c       0x3c C:/devkitPro/devkitARM/bin/../lib/gcc/arm-none-eabi/15.1.0/../../../../arm-none-eabi/lib/thumb\libg.a(libc_a-findfp.o)
                0x02012a8c                __sinit
 .text.__sfp_lock_acquire
                0x02012ac8       0x14 C:/devkitPro/devkitARM/bin/../lib/gcc/arm-none-eabi/15.1.0/../../../../arm-none-eabi/lib/thumb\libg.a(libc_a-findfp.o)
                0x02012ac8                __sfp_lock_acquire
 .text.__sfp_lock_release
                0x02012adc       0x14 C:/devkitPro/devkitARM/bin/../lib/gcc/arm-none-eabi/15.1.0/../../../../arm-none-eabi/lib/thumb\libg.a(libc_a-findfp.o)
                0x02012adc                __sfp_lock_release
 .text.__libc_init_array
                0x02012af0       0x54 C:/devkitPro/devkitARM/bin/../lib/gcc/arm-none-eabi/15.1.0/../../../../arm-none-eabi/lib/thumb\libg.a(libc_a-init.o)
                0x02012af0                __libc_init_array
 .text._fwalk_sglue
                0x02012b44       0x4c C:/devkitPro/devkitARM/bin/../lib/gcc/arm-none-eabi/15.1.0/../../../../arm-none-eabi/lib/thumb\libg.a(libc_a-fwalk.o)
                0x02012b44                _fwalk_sglue
 .text.calloc   0x02012b90       0x18 C:/devkitPro/devkitARM/bin/../lib/gcc/arm-none-eabi/15.1.0/../../../../arm-none-eabi/lib/thumb\libg.a(libc_a-calloc.o)
                0x02012b90                calloc
 .text.siscanf  0x02012ba8       0x50 C:/devkitPro/devkitARM/bin/../lib/gcc/arm-none-eabi/15.1.0/../../../../arm-none-eabi/lib/thumb\libg.a(libc_a-siscanf.o)
                0x02012ba8                siscanf
 .text.strrchr  0x02012bf8       0x30 C:/devkitPro/devkitARM/bin/../lib/gcc/arm-none-eabi/15.1.0/../../../../arm-none-eabi/lib/thumb\libg.a(libc_a-strrchr.o)
                0x02012bf8                strrchr
 .text.aligned_alloc
                0x02012c28       0x18 C:/devkitPro/devkitARM/bin/../lib/gcc/arm-none-eabi/15.1.0/../../../../arm-none-eabi/lib/thumb\libg.a(libc_a-aligned_alloc.o)
                0x02012c28                aligned_alloc
 .text._calloc_r
                0x02012c40       0xcc C:/devkitPro/devkitARM/bin/../lib/gcc/arm-none-eabi/15.1.0/../../../../arm-none-eabi/lib/thumb\libg.a(libc_a-callocr.o)
                0x02012c40                _calloc_r
 .text.fgetc    0x02012d0c       0x6c C:/devkitPro/devkitARM/bin/../lib/gcc/arm-none-eabi/15.1.0/../../../../arm-none-eabi/lib/thumb\libg.a(libc_a-fgetc.o)
                0x02012d0c                fgetc
 .text.realloc  0x02012d78       0x18 C:/devkitPro/devkitARM/bin/../lib/gcc/arm-none-eabi/15.1.0/../../../../arm-none-eabi/lib/thumb\libg.a(libc_a-realloc.o)
                0x02012d78                realloc
 .text.validate_structure
                0x02012d90      0x1e8 C:/devkitPro/devkitARM/bin/../lib/gcc/arm-none-eabi/15.1.0/../../../../arm-none-eabi/lib/thumb\libg.a(libc_a-mktime.o)
 .text.mktime   0x02012f78      0x434 C:/devkitPro/devkitARM/bin/../lib/gcc/arm-none-eabi/15.1.0/../../../../arm-none-eabi/lib/thumb\libg.a(libc_a-mktime.o)
                0x02012f78                mktime
 .text._fseek_r
                0x020133ac       0x14 C:/devkitPro/devkitARM/bin/../lib/gcc/arm-none-eabi/15.1.0/../../../../arm-none-eabi/lib/thumb\libg.a(libc_a-fseek.o)
                0x020133ac                _fseek_r
 .text.fseek    0x020133c0       0x24 C:/devkitPro/devkitARM/bin/../lib/gcc/arm-none-eabi/15.1.0/../../../../arm-none-eabi/lib/thumb\libg.a(libc_a-fseek.o)
                0x020133c0                fseek
 .text.__tz_lock
                0x020133e4       0x14 C:/devkitPro/devkitARM/bin/../lib/gcc/arm-none-eabi/15.1.0/../../../../arm-none-eabi/lib/thumb\libg.a(libc_a-tzlock.o)
                0x020133e4                __tz_lock
 .text.__tz_unlock
                0x020133f8       0x14 C:/devkitPro/devkitARM/bin/../lib/gcc/arm-none-eabi/15.1.0/../../../../arm-none-eabi/lib/thumb\libg.a(libc_a-tzlock.o)
                0x020133f8                __tz_unlock
 .text._malloc_r
                0x0201340c      0x550 C:/devkitPro/devkitARM/bin/../lib/gcc/arm-none-eabi/15.1.0/../../../../arm-none-eabi/lib/thumb\libg.a(libc_a-mallocr.o)
                0x0201340c                _malloc_r
 .text.strcasecmp
                0x0201395c       0x4c C:/devkitPro/devkitARM/bin/../lib/gcc/arm-none-eabi/15.1.0/../../../../arm-none-eabi/lib/thumb\libg.a(libc_a-strcasecmp.o)
                0x0201395c                strcasecmp
 .text.strcpy   0x020139a8       0x10 C:/devkitPro/devkitARM/bin/../lib/gcc/arm-none-eabi/15.1.0/../../../../arm-none-eabi/lib/thumb\libg.a(libc_a-strcpy.o)
                0x020139a8                strcpy
 .text._malloc_trim_r
                0x020139b8       0xac C:/devkitPro/devkitARM/bin/../lib/gcc/arm-none-eabi/15.1.0/../../../../arm-none-eabi/lib/thumb\libg.a(libc_a-freer.o)
                0x020139b8                _malloc_trim_r
 .text._free_r  0x02013a64      0x1d8 C:/devkitPro/devkitARM/bin/../lib/gcc/arm-none-eabi/15.1.0/../../../../arm-none-eabi/lib/thumb\libg.a(libc_a-freer.o)
                0x02013a64                _free_r
 .text.snprintf
                0x02013c3c       0x64 C:/devkitPro/devkitARM/bin/../lib/gcc/arm-none-eabi/15.1.0/../../../../arm-none-eabi/lib/thumb\libg.a(libc_a-snprintf.o)
                0x02013c3c                snprintf
 .text.get_arg  0x02013ca0      0x404 C:/devkitPro/devkitARM/bin/../lib/gcc/arm-none-eabi/15.1.0/../../../../arm-none-eabi/lib/thumb\libg.a(libc_a-svfprintf.o)
 .text._svfprintf_r
                0x020140a4     0x22d8 C:/devkitPro/devkitARM/bin/../lib/gcc/arm-none-eabi/15.1.0/../../../../arm-none-eabi/lib/thumb\libg.a(libc_a-svfprintf.o)
                0x020140a4                _svfprintf_r
 .text.strnlen  0x0201637c       0x20 C:/devkitPro/devkitARM/bin/../lib/gcc/arm-none-eabi/15.1.0/../../../../arm-none-eabi/lib/thumb\libg.a(libc_a-strnlen.o)
                0x0201637c                strnlen
 .text.stpcpy   0x0201639c       0x4c C:/devkitPro/devkitARM/bin/../lib/gcc/arm-none-eabi/15.1.0/../../../../arm-none-eabi/lib/thumb\libg.a(libc_a-stpcpy.o)
                0x0201639c                stpcpy
 .text.malloc   0x020163e8       0x28 C:/devkitPro/devkitARM/bin/../lib/gcc/arm-none-eabi/15.1.0/../../../../arm-none-eabi/lib/thumb\libg.a(libc_a-malloc.o)
                0x020163e8                malloc
 .text.free     0x02016410       0x14 C:/devkitPro/devkitARM/bin/../lib/gcc/arm-none-eabi/15.1.0/../../../../arm-none-eabi/lib/thumb\libg.a(libc_a-malloc.o)
                0x02016410                free
 .text.__sflush_r
                0x02016424      0x180 C:/devkitPro/devkitARM/bin/../lib/gcc/arm-none-eabi/15.1.0/../../../../arm-none-eabi/lib/thumb\libg.a(libc_a-fflush.o)
                0x02016424                __sflush_r
 .text._fflush_r
                0x020165a4       0x70 C:/devkitPro/devkitARM/bin/../lib/gcc/arm-none-eabi/15.1.0/../../../../arm-none-eabi/lib/thumb\libg.a(libc_a-fflush.o)
                0x020165a4                _fflush_r
 .text.time     0x02016614       0x38 C:/devkitPro/devkitARM/bin/../lib/gcc/arm-none-eabi/15.1.0/../../../../arm-none-eabi/lib/thumb\libg.a(libc_a-time.o)
                0x02016614                time
 .text.memset   0x0201664c       0x8c C:/devkitPro/devkitARM/bin/../lib/gcc/arm-none-eabi/15.1.0/../../../../arm-none-eabi/lib/thumb\libg.a(libc_a-memset.o)
                0x0201664c                memset
 .text._realloc_r
                0x020166d8      0x344 C:/devkitPro/devkitARM/bin/../lib/gcc/arm-none-eabi/15.1.0/../../../../arm-none-eabi/lib/thumb\libg.a(libc_a-reallocr.o)
                0x020166d8                _realloc_r
 .text.localtime_r
                0x02016a1c      0x228 C:/devkitPro/devkitARM/bin/../lib/gcc/arm-none-eabi/15.1.0/../../../../arm-none-eabi/lib/thumb\libg.a(libc_a-lcltime_r.o)
                0x02016a1c                localtime_r
 .text._fread_r
                0x02016c44      0x228 C:/devkitPro/devkitARM/bin/../lib/gcc/arm-none-eabi/15.1.0/../../../../arm-none-eabi/lib/thumb\libg.a(libc_a-fread.o)
                0x02016c44                _fread_r
 .text.fread    0x02016e6c       0x24 C:/devkitPro/devkitARM/bin/../lib/gcc/arm-none-eabi/15.1.0/../../../../arm-none-eabi/lib/thumb\libg.a(libc_a-fread.o)
                0x02016e6c                fread
 .text.__malloc_lock
                0x02016e90       0x14 C:/devkitPro/devkitARM/bin/../lib/gcc/arm-none-eabi/15.1.0/../../../../arm-none-eabi/lib/thumb\libg.a(libc_a-mlock.o)
                0x02016e90                __malloc_lock
 .text.__malloc_unlock
                0x02016ea4       0x14 C:/devkitPro/devkitARM/bin/../lib/gcc/arm-none-eabi/15.1.0/../../../../arm-none-eabi/lib/thumb\libg.a(libc_a-mlock.o)
                0x02016ea4                __malloc_unlock
 .text.__tzcalc_limits
                0x02016eb8      0x1ac C:/devkitPro/devkitARM/bin/../lib/gcc/arm-none-eabi/15.1.0/../../../../arm-none-eabi/lib/thumb\libg.a(libc_a-tzcalc_limits.o)
                0x02016eb8                __tzcalc_limits
 .text.fputc    0x02017064       0x5c C:/devkitPro/devkitARM/bin/../lib/gcc/arm-none-eabi/15.1.0/../../../../arm-none-eabi/lib/thumb\libg.a(libc_a-fputc.o)
                0x02017064                fputc
 .text          0x020170c0      0x224 C:/devkitPro/devkitARM/bin/../lib/gcc/arm-none-eabi/15.1.0/../../../../arm-none-eabi/lib/thumb\libg.a(libc_a-strcmp.o)
                0x020170c0                strcmp
 .text.__call_exitprocs
                0x020172e4        0xc C:/devkitPro/devkitARM/bin/../lib/gcc/arm-none-eabi/15.1.0/../../../../arm-none-eabi/lib/thumb\libg.a(libc_a-exit.o)
                0x020172e4                __call_exitprocs
 .text.setvbuf  0x020172f0      0x1ac C:/devkitPro/devkitARM/bin/../lib/gcc/arm-none-eabi/15.1.0/../../../../arm-none-eabi/lib/thumb\libg.a(libc_a-setvbuf.o)
                0x020172f0                setvbuf
 .text._fopen_r
                0x0201749c       0xb4 C:/devkitPro/devkitARM/bin/../lib/gcc/arm-none-eabi/15.1.0/../../../../arm-none-eabi/lib/thumb\libg.a(libc_a-fopen.o)
                0x0201749c                _fopen_r
 .text.fopen    0x02017550       0x18 C:/devkitPro/devkitARM/bin/../lib/gcc/arm-none-eabi/15.1.0/../../../../arm-none-eabi/lib/thumb\libg.a(libc_a-fopen.o)
                0x02017550                fopen
 .text.__srget_r
                0x02017568       0x3c C:/devkitPro/devkitARM/bin/../lib/gcc/arm-none-eabi/15.1.0/../../../../arm-none-eabi/lib/thumb\libg.a(libc_a-rget.o)
                0x02017568                __srget_r
 .text.strncpy  0x020175a4       0x68 C:/devkitPro/devkitARM/bin/../lib/gcc/arm-none-eabi/15.1.0/../../../../arm-none-eabi/lib/thumb\libg.a(libc_a-strncpy.o)
                0x020175a4                strncpy
 .text.ftell    0x0201760c       0x24 C:/devkitPro/devkitARM/bin/../lib/gcc/arm-none-eabi/15.1.0/../../../../arm-none-eabi/lib/thumb\libg.a(libc_a-ftell.o)
                0x0201760c                ftell
 .text.memcpy   0x02017630       0xb0 C:/devkitPro/devkitARM/bin/../lib/gcc/arm-none-eabi/15.1.0/../../../../arm-none-eabi/lib/thumb\libg.a(libc_a-memcpy-stub.o)
                0x02017630                memcpy
 .text._wcsrtombs_r
                0x020176e0       0x20 C:/devkitPro/devkitARM/bin/../lib/gcc/arm-none-eabi/15.1.0/../../../../arm-none-eabi/lib/thumb\libg.a(libc_a-wcsrtombs.o)
                0x020176e0                _wcsrtombs_r
 .text.iprintf  0x02017700       0x28 C:/devkitPro/devkitARM/bin/../lib/gcc/arm-none-eabi/15.1.0/../../../../arm-none-eabi/lib/thumb\libg.a(libc_a-iprintf.o)
                0x02017700                iprintf
 .text.write    0x02017728       0x1c C:/devkitPro/devkitARM/bin/../lib/gcc/arm-none-eabi/15.1.0/../../../../arm-none-eabi/lib/thumb\libg.a(libc_a-syswrite.o)
                0x02017728                write
 .text.frexp    0x02017744       0x74 C:/devkitPro/devkitARM/bin/../lib/gcc/arm-none-eabi/15.1.0/../../../../arm-none-eabi/lib/thumb\libg.a(libm_a-s_frexp.o)
                0x02017744                frexp
 .text.__sfvwrite_r
                0x020177b8      0x31c C:/devkitPro/devkitARM/bin/../lib/gcc/arm-none-eabi/15.1.0/../../../../arm-none-eabi/lib/thumb\libg.a(libc_a-fvwrite.o)
                0x020177b8                __sfvwrite_r
 .text.__sread  0x02017ad4       0x34 C:/devkitPro/devkitARM/bin/../lib/gcc/arm-none-eabi/15.1.0/../../../../arm-none-eabi/lib/thumb\libg.a(libc_a-stdio.o)
                0x02017ad4                __sread
 .text.__seofread
                0x02017b08        0x4 C:/devkitPro/devkitARM/bin/../lib/gcc/arm-none-eabi/15.1.0/../../../../arm-none-eabi/lib/thumb\libg.a(libc_a-stdio.o)
                0x02017b08                __seofread
 .text.__swrite
                0x02017b0c       0x4c C:/devkitPro/devkitARM/bin/../lib/gcc/arm-none-eabi/15.1.0/../../../../arm-none-eabi/lib/thumb\libg.a(libc_a-stdio.o)
                0x02017b0c                __swrite
 .text.__sseek  0x02017b58       0x3c C:/devkitPro/devkitARM/bin/../lib/gcc/arm-none-eabi/15.1.0/../../../../arm-none-eabi/lib/thumb\libg.a(libc_a-stdio.o)
                0x02017b58                __sseek
 .text.__sclose
                0x02017b94       0x10 C:/devkitPro/devkitARM/bin/../lib/gcc/arm-none-eabi/15.1.0/../../../../arm-none-eabi/lib/thumb\libg.a(libc_a-stdio.o)
                0x02017b94                __sclose
 .text.memmove  0x02017ba4       0xcc C:/devkitPro/devkitARM/bin/../lib/gcc/arm-none-eabi/15.1.0/../../../../arm-none-eabi/lib/thumb\libg.a(libc_a-memmove.o)
                0x02017ba4                memmove
 .text.__locale_mb_cur_max
                0x02017c70       0x20 C:/devkitPro/devkitARM/bin/../lib/gcc/arm-none-eabi/15.1.0/../../../../arm-none-eabi/lib/thumb\libg.a(libc_a-locale.o)
                0x02017c70                __locale_mb_cur_max
 .text.__ssprint_r
                0x02017c90       0x60 C:/devkitPro/devkitARM/bin/../lib/gcc/arm-none-eabi/15.1.0/../../../../arm-none-eabi/lib/thumb\libg.a(libc_a-ssprint_r.o)
                0x02017c90                __ssprint_r
 .text.gmtime_r
                0x02017cf0      0x1b4 C:/devkitPro/devkitARM/bin/../lib/gcc/arm-none-eabi/15.1.0/../../../../arm-none-eabi/lib/thumb\libg.a(libc_a-gmtime_r.o)
                0x02017cf0                gmtime_r
 .text.get_arg  0x02017ea4      0x404 C:/devkitPro/devkitARM/bin/../lib/gcc/arm-none-eabi/15.1.0/../../../../arm-none-eabi/lib/thumb\libg.a(libc_a-vfiprintf.o)
 .text._vfiprintf_r
                0x020182a8     0x16d0 C:/devkitPro/devkitARM/bin/../lib/gcc/arm-none-eabi/15.1.0/../../../../arm-none-eabi/lib/thumb\libg.a(libc_a-vfiprintf.o)
                0x020182a8                _vfiprintf_r
 .text.__sbprintf
                0x02019978       0x7c C:/devkitPro/devkitARM/bin/../lib/gcc/arm-none-eabi/15.1.0/../../../../arm-none-eabi/lib/thumb\libg.a(libc_a-vfiprintf.o)
 .text._memalign_r
                0x020199f4      0x118 C:/devkitPro/devkitARM/bin/../lib/gcc/arm-none-eabi/15.1.0/../../../../arm-none-eabi/lib/thumb\libg.a(libc_a-malignr.o)
                0x020199f4                _memalign_r
 .text.div      0x02019b0c       0x18 C:/devkitPro/devkitARM/bin/../lib/gcc/arm-none-eabi/15.1.0/../../../../arm-none-eabi/lib/thumb\libg.a(libc_a-div.o)
                0x02019b0c                div
 .text._wcsnrtombs_l
                0x02019b24      0x11c C:/devkitPro/devkitARM/bin/../lib/gcc/arm-none-eabi/15.1.0/../../../../arm-none-eabi/lib/thumb\libg.a(libc_a-wcsnrtombs.o)
                0x02019b24                _wcsnrtombs_l
 .text._wcsnrtombs_r
                0x02019c40       0x40 C:/devkitPro/devkitARM/bin/../lib/gcc/arm-none-eabi/15.1.0/../../../../arm-none-eabi/lib/thumb\libg.a(libc_a-wcsnrtombs.o)
                0x02019c40                _wcsnrtombs_r
 .text.get_arg  0x02019c80       0x3e C:/devkitPro/devkitARM/bin/../lib/gcc/arm-none-eabi/15.1.0/../../../../arm-none-eabi/lib/thumb\libg.a(libc_a-svfiscanf.o)
 .text._sungetc_r
                0x02019cbe       0x7e C:/devkitPro/devkitARM/bin/../lib/gcc/arm-none-eabi/15.1.0/../../../../arm-none-eabi/lib/thumb\libg.a(libc_a-svfiscanf.o)
                0x02019cbe                _sungetc_r
 .text.__ssrefill_r
                0x02019d3c       0x42 C:/devkitPro/devkitARM/bin/../lib/gcc/arm-none-eabi/15.1.0/../../../../arm-none-eabi/lib/thumb\libg.a(libc_a-svfiscanf.o)
                0x02019d3c                __ssrefill_r
 .text._sfread_r
                0x02019d7e       0x88 C:/devkitPro/devkitARM/bin/../lib/gcc/arm-none-eabi/15.1.0/../../../../arm-none-eabi/lib/thumb\libg.a(libc_a-svfiscanf.o)
                0x02019d7e                _sfread_r
 *fill*         0x02019e06        0x2 ff
 .text.__ssvfiscanf_r
                0x02019e08     0x1984 C:/devkitPro/devkitARM/bin/../lib/gcc/arm-none-eabi/15.1.0/../../../../arm-none-eabi/lib/thumb\libg.a(libc_a-svfiscanf.o)
                0x02019e08                __ssvfiscanf_r
 .text._putc_r  0x0201b78c       0x88 C:/devkitPro/devkitARM/bin/../lib/gcc/arm-none-eabi/15.1.0/../../../../arm-none-eabi/lib/thumb\libg.a(libc_a-putc.o)
                0x0201b78c                _putc_r
 .text._strtoul_l.isra.0
                0x0201b814      0x150 C:/devkitPro/devkitARM/bin/../lib/gcc/arm-none-eabi/15.1.0/../../../../arm-none-eabi/lib/thumb\libg.a(libc_a-strtoul.o)
 .text._strtoul_r
                0x0201b964       0x20 C:/devkitPro/devkitARM/bin/../lib/gcc/arm-none-eabi/15.1.0/../../../../arm-none-eabi/lib/thumb\libg.a(libc_a-strtoul.o)
                0x0201b964                _strtoul_r
 .text.strtoul  0x0201b984       0x24 C:/devkitPro/devkitARM/bin/../lib/gcc/arm-none-eabi/15.1.0/../../../../arm-none-eabi/lib/thumb\libg.a(libc_a-strtoul.o)
                0x0201b984                strtoul
 .text.__utf8_mbtowc
                0x0201b9a8      0x24c C:/devkitPro/devkitARM/bin/../lib/gcc/arm-none-eabi/15.1.0/../../../../arm-none-eabi/lib/thumb\libg.a(libc_a-mbtowc_r.o)
                0x0201b9a8                __utf8_mbtowc
 .text._fseeko_r
                0x0201bbf4      0x414 C:/devkitPro/devkitARM/bin/../lib/gcc/arm-none-eabi/15.1.0/../../../../arm-none-eabi/lib/thumb\libg.a(libc_a-fseeko.o)
                0x0201bbf4                _fseeko_r
 .text._tzset_unlocked
                0x0201c008       0x10 C:/devkitPro/devkitARM/bin/../lib/gcc/arm-none-eabi/15.1.0/../../../../arm-none-eabi/lib/thumb\libg.a(libc_a-tzset.o)
                0x0201c008                _tzset_unlocked
 .text.__sprint_r
                0x0201c018       0x24 C:/devkitPro/devkitARM/bin/../lib/gcc/arm-none-eabi/15.1.0/../../../../arm-none-eabi/lib/thumb\libg.a(libc_a-sprint_r.o)
                0x0201c018                __sprint_r
 .text.iswspace
                0x0201c03c       0x10 C:/devkitPro/devkitARM/bin/../lib/gcc/arm-none-eabi/15.1.0/../../../../arm-none-eabi/lib/thumb\libg.a(libc_a-iswspace.o)
                0x0201c03c                iswspace
 .text.__gettzinfo
                0x0201c04c        0x8 C:/devkitPro/devkitARM/bin/../lib/gcc/arm-none-eabi/15.1.0/../../../../arm-none-eabi/lib/thumb\libg.a(libc_a-gettzinfo.o)
                0x0201c04c                __gettzinfo
 .text._localeconv_r
                0x0201c054       0x1c C:/devkitPro/devkitARM/bin/../lib/gcc/arm-none-eabi/15.1.0/../../../../arm-none-eabi/lib/thumb\libg.a(libc_a-localeconv.o)
                0x0201c054                _localeconv_r
 .text.memchr   0x0201c070       0x74 C:/devkitPro/devkitARM/bin/../lib/gcc/arm-none-eabi/15.1.0/../../../../arm-none-eabi/lib/thumb\libg.a(libc_a-memchr-stub.o)
                0x0201c070                memchr
 .text.quorem   0x0201c0e4      0x160 C:/devkitPro/devkitARM/bin/../lib/gcc/arm-none-eabi/15.1.0/../../../../arm-none-eabi/lib/thumb\libg.a(libc_a-dtoa.o)
 .text._dtoa_r  0x0201c244     0x10b0 C:/devkitPro/devkitARM/bin/../lib/gcc/arm-none-eabi/15.1.0/../../../../arm-none-eabi/lib/thumb\libg.a(libc_a-dtoa.o)
                0x0201c244                _dtoa_r
 .text._wcrtomb_r
                0x0201d2f4       0x84 C:/devkitPro/devkitARM/bin/../lib/gcc/arm-none-eabi/15.1.0/../../../../arm-none-eabi/lib/thumb\libg.a(libc_a-wcrtomb.o)
                0x0201d2f4                _wcrtomb_r
 .text.__sflags
                0x0201d378       0x98 C:/devkitPro/devkitARM/bin/../lib/gcc/arm-none-eabi/15.1.0/../../../../arm-none-eabi/lib/thumb\libg.a(libc_a-flags.o)
                0x0201d378                __sflags
 .text._strtol_l.part.0
                0x0201d410      0x25c C:/devkitPro/devkitARM/bin/../lib/gcc/arm-none-eabi/15.1.0/../../../../arm-none-eabi/lib/thumb\libg.a(libc_a-strtol.o)
 .text._strtol_r
                0x0201d66c       0x34 C:/devkitPro/devkitARM/bin/../lib/gcc/arm-none-eabi/15.1.0/../../../../arm-none-eabi/lib/thumb\libg.a(libc_a-strtol.o)
                0x0201d66c                _strtol_r
 .text.__libc_fini_array
                0x0201d6a0       0x30 C:/devkitPro/devkitARM/bin/../lib/gcc/arm-none-eabi/15.1.0/../../../../arm-none-eabi/lib/thumb\libg.a(libc_a-fini.o)
                0x0201d6a0                __libc_fini_array
 .text._tzset_unlocked_r
                0x0201d6d0      0x490 C:/devkitPro/devkitARM/bin/../lib/gcc/arm-none-eabi/15.1.0/../../../../arm-none-eabi/lib/thumb\libg.a(libc_a-tzset_r.o)
                0x0201d6d0                _tzset_unlocked_r
 .text.__sccl   0x0201db60       0xb0 C:/devkitPro/devkitARM/bin/../lib/gcc/arm-none-eabi/15.1.0/../../../../arm-none-eabi/lib/thumb\libg.a(libc_a-sccl.o)
                0x0201db60                __sccl
 .text.lflush   0x0201dc10       0x24 C:/devkitPro/devkitARM/bin/../lib/gcc/arm-none-eabi/15.1.0/../../../../arm-none-eabi/lib/thumb\libg.a(libc_a-refill.o)
 .text.__srefill_r
                0x0201dc34      0x108 C:/devkitPro/devkitARM/bin/../lib/gcc/arm-none-eabi/15.1.0/../../../../arm-none-eabi/lib/thumb\libg.a(libc_a-refill.o)
                0x0201dc34                __srefill_r
 .text.__smakebuf_r
                0x0201dd3c       0xe0 C:/devkitPro/devkitARM/bin/../lib/gcc/arm-none-eabi/15.1.0/../../../../arm-none-eabi/lib/thumb\libg.a(libc_a-makebuf.o)
                0x0201dd3c                __smakebuf_r
 .text.__swhatbuf_r
                0x0201de1c       0x5c C:/devkitPro/devkitARM/bin/../lib/gcc/arm-none-eabi/15.1.0/../../../../arm-none-eabi/lib/thumb\libg.a(libc_a-makebuf.o)
                0x0201de1c                __swhatbuf_r
 .text._findenv_r
                0x0201de78       0x94 C:/devkitPro/devkitARM/bin/../lib/gcc/arm-none-eabi/15.1.0/../../../../arm-none-eabi/lib/thumb\libg.a(libc_a-getenv_r.o)
                0x0201de78                _findenv_r
 .text._getenv_r
                0x0201df0c       0x10 C:/devkitPro/devkitARM/bin/../lib/gcc/arm-none-eabi/15.1.0/../../../../arm-none-eabi/lib/thumb\libg.a(libc_a-getenv_r.o)
                0x0201df0c                _getenv_r
 .text.__ssputs_r
                0x0201df1c       0xd4 C:/devkitPro/devkitARM/bin/../lib/gcc/arm-none-eabi/15.1.0/../../../../arm-none-eabi/lib/thumb\libg.a(libc_a-ssputs_r.o)
                0x0201df1c                __ssputs_r
 .text._ftello_r
                0x0201dff0      0x124 C:/devkitPro/devkitARM/bin/../lib/gcc/arm-none-eabi/15.1.0/../../../../arm-none-eabi/lib/thumb\libg.a(libc_a-ftello.o)
                0x0201dff0                _ftello_r
 .text.__utf8_wctomb
                0x0201e114       0xbc C:/devkitPro/devkitARM/bin/../lib/gcc/arm-none-eabi/15.1.0/../../../../arm-none-eabi/lib/thumb\libg.a(libc_a-wctomb_r.o)
                0x0201e114                __utf8_wctomb
 .text._strtoull_l.isra.0
                0x0201e1d0      0x1c0 C:/devkitPro/devkitARM/bin/../lib/gcc/arm-none-eabi/15.1.0/../../../../arm-none-eabi/lib/thumb\libg.a(libc_a-strtoull.o)
 .text._strtoull_r
                0x0201e390       0x20 C:/devkitPro/devkitARM/bin/../lib/gcc/arm-none-eabi/15.1.0/../../../../arm-none-eabi/lib/thumb\libg.a(libc_a-strtoull.o)
                0x0201e390                _strtoull_r
 .text._mbrtowc_r
                0x0201e3b0       0x98 C:/devkitPro/devkitARM/bin/../lib/gcc/arm-none-eabi/15.1.0/../../../../arm-none-eabi/lib/thumb\libg.a(libc_a-mbrtowc.o)
                0x0201e3b0                _mbrtowc_r
 .text.__swsetup_r
                0x0201e448       0xd4 C:/devkitPro/devkitARM/bin/../lib/gcc/arm-none-eabi/15.1.0/../../../../arm-none-eabi/lib/thumb\libg.a(libc_a-wsetup.o)
                0x0201e448                __swsetup_r
 .text.strncmp  0x0201e51c       0x70 C:/devkitPro/devkitARM/bin/../lib/gcc/arm-none-eabi/15.1.0/../../../../arm-none-eabi/lib/thumb\libg.a(libc_a-strncmp.o)
                0x0201e51c                strncmp
 .text.__env_lock
                0x0201e58c       0x14 C:/devkitPro/devkitARM/bin/../lib/gcc/arm-none-eabi/15.1.0/../../../../arm-none-eabi/lib/thumb\libg.a(libc_a-envlock.o)
                0x0201e58c                __env_lock
 .text.__env_unlock
                0x0201e5a0       0x14 C:/devkitPro/devkitARM/bin/../lib/gcc/arm-none-eabi/15.1.0/../../../../arm-none-eabi/lib/thumb\libg.a(libc_a-envlock.o)
                0x0201e5a0                __env_unlock
 .text.__assert_func
                0x0201e5b4       0x40 C:/devkitPro/devkitARM/bin/../lib/gcc/arm-none-eabi/15.1.0/../../../../arm-none-eabi/lib/thumb\libg.a(libc_a-assert.o)
                0x0201e5b4                __assert_func
 .text.iswspace_l
                0x0201e5f4       0x28 C:/devkitPro/devkitARM/bin/../lib/gcc/arm-none-eabi/15.1.0/../../../../arm-none-eabi/lib/thumb\libg.a(libc_a-iswspace_l.o)
                0x0201e5f4                iswspace_l
 .text._Balloc  0x0201e61c       0x5c C:/devkitPro/devkitARM/bin/../lib/gcc/arm-none-eabi/15.1.0/../../../../arm-none-eabi/lib/thumb\libg.a(libc_a-mprec.o)
                0x0201e61c                _Balloc
 .text._Bfree   0x0201e678       0x14 C:/devkitPro/devkitARM/bin/../lib/gcc/arm-none-eabi/15.1.0/../../../../arm-none-eabi/lib/thumb\libg.a(libc_a-mprec.o)
                0x0201e678                _Bfree
 .text.__multadd
                0x0201e68c       0xa8 C:/devkitPro/devkitARM/bin/../lib/gcc/arm-none-eabi/15.1.0/../../../../arm-none-eabi/lib/thumb\libg.a(libc_a-mprec.o)
                0x0201e68c                __multadd
 .text.__hi0bits
                0x0201e734       0x60 C:/devkitPro/devkitARM/bin/../lib/gcc/arm-none-eabi/15.1.0/../../../../arm-none-eabi/lib/thumb\libg.a(libc_a-mprec.o)
                0x0201e734                __hi0bits
 .text.__lo0bits
                0x0201e794       0x8c C:/devkitPro/devkitARM/bin/../lib/gcc/arm-none-eabi/15.1.0/../../../../arm-none-eabi/lib/thumb\libg.a(libc_a-mprec.o)
                0x0201e794                __lo0bits
 .text.__i2b    0x0201e820       0x64 C:/devkitPro/devkitARM/bin/../lib/gcc/arm-none-eabi/15.1.0/../../../../arm-none-eabi/lib/thumb\libg.a(libc_a-mprec.o)
                0x0201e820                __i2b
 .text.__multiply
                0x0201e884      0x1b4 C:/devkitPro/devkitARM/bin/../lib/gcc/arm-none-eabi/15.1.0/../../../../arm-none-eabi/lib/thumb\libg.a(libc_a-mprec.o)
                0x0201e884                __multiply
 .text.__pow5mult
                0x0201ea38       0xd8 C:/devkitPro/devkitARM/bin/../lib/gcc/arm-none-eabi/15.1.0/../../../../arm-none-eabi/lib/thumb\libg.a(libc_a-mprec.o)
                0x0201ea38                __pow5mult
 .text.__lshift
                0x0201eb10       0xf8 C:/devkitPro/devkitARM/bin/../lib/gcc/arm-none-eabi/15.1.0/../../../../arm-none-eabi/lib/thumb\libg.a(libc_a-mprec.o)
                0x0201eb10                __lshift
 .text.__mcmp   0x0201ec08       0x50 C:/devkitPro/devkitARM/bin/../lib/gcc/arm-none-eabi/15.1.0/../../../../arm-none-eabi/lib/thumb\libg.a(libc_a-mprec.o)
                0x0201ec08                __mcmp
 .text.__mdiff  0x0201ec58      0x1a4 C:/devkitPro/devkitARM/bin/../lib/gcc/arm-none-eabi/15.1.0/../../../../arm-none-eabi/lib/thumb\libg.a(libc_a-mprec.o)
                0x0201ec58                __mdiff
 .text.__d2b    0x0201edfc       0xd4 C:/devkitPro/devkitARM/bin/../lib/gcc/arm-none-eabi/15.1.0/../../../../arm-none-eabi/lib/thumb\libg.a(libc_a-mprec.o)
                0x0201edfc                __d2b
 .text._strtoll_l.isra.0
                0x0201eed0      0x300 C:/devkitPro/devkitARM/bin/../lib/gcc/arm-none-eabi/15.1.0/../../../../arm-none-eabi/lib/thumb\libg.a(libc_a-strtoll.o)
 .text._strtoll_r
                0x0201f1d0       0x20 C:/devkitPro/devkitARM/bin/../lib/gcc/arm-none-eabi/15.1.0/../../../../arm-none-eabi/lib/thumb\libg.a(libc_a-strtoll.o)
                0x0201f1d0                _strtoll_r
 .text.__submore
                0x0201f1f0       0x7c C:/devkitPro/devkitARM/bin/../lib/gcc/arm-none-eabi/15.1.0/../../../../arm-none-eabi/lib/thumb\libg.a(libc_a-ungetc.o)
                0x0201f1f0                __submore
 .text.fiprintf
                0x0201f26c       0x28 C:/devkitPro/devkitARM/bin/../lib/gcc/arm-none-eabi/15.1.0/../../../../arm-none-eabi/lib/thumb\libg.a(libc_a-fiprintf.o)
                0x0201f26c                fiprintf
 .text.__swbuf_r
                0x0201f294       0x98 C:/devkitPro/devkitARM/bin/../lib/gcc/arm-none-eabi/15.1.0/../../../../arm-none-eabi/lib/thumb\libg.a(libc_a-wbuf.o)
                0x0201f294                __swbuf_r
 .text.abort    0x0201f32c       0x10 C:/devkitPro/devkitARM/bin/../lib/gcc/arm-none-eabi/15.1.0/../../../../arm-none-eabi/lib/thumb\libg.a(libc_a-abort.o)
                0x0201f32c                abort
 .text.category
                0x0201f33c       0x5c C:/devkitPro/devkitARM/bin/../lib/gcc/arm-none-eabi/15.1.0/../../../../arm-none-eabi/lib/thumb\libg.a(libc_a-categories.o)
                0x0201f33c                category
 .text._raise_r
                0x0201f398       0x60 C:/devkitPro/devkitARM/bin/../lib/gcc/arm-none-eabi/15.1.0/../../../../arm-none-eabi/lib/thumb\libg.a(libc_a-signal.o)
                0x0201f398                _raise_r
 .text.raise    0x0201f3f8       0x14 C:/devkitPro/devkitARM/bin/../lib/gcc/arm-none-eabi/15.1.0/../../../../arm-none-eabi/lib/thumb\libg.a(libc_a-signal.o)
                0x0201f3f8                raise
 .text._exit    0x0201f40c       0x14 C:/devkitPro/devkitARM/bin/../lib/gcc/arm-none-eabi/15.1.0/../../../../arm-none-eabi/lib/thumb\libsysbase.a(libsysbase_libsysbase_a-_exit.o)
                0x0201f40c                _exit
 .text.chdir    0x0201f420       0xe4 C:/devkitPro/devkitARM/bin/../lib/gcc/arm-none-eabi/15.1.0/../../../../arm-none-eabi/lib/thumb\libsysbase.a(libsysbase_libsysbase_a-chdir.o)
                0x0201f420                chdir
 .text._concatenate_path
                0x0201f504      0x134 C:/devkitPro/devkitARM/bin/../lib/gcc/arm-none-eabi/15.1.0/../../../../arm-none-eabi/lib/thumb\libsysbase.a(libsysbase_libsysbase_a-concatenate.o)
                0x0201f504                _concatenate_path
 .text.__dirnext
                0x0201f638       0x4c C:/devkitPro/devkitARM/bin/../lib/gcc/arm-none-eabi/15.1.0/../../../../arm-none-eabi/lib/thumb\libsysbase.a(libsysbase_libsysbase_a-dirent.o)
 .text.__dirreset.isra.0
                0x0201f684       0x44 C:/devkitPro/devkitARM/bin/../lib/gcc/arm-none-eabi/15.1.0/../../../../arm-none-eabi/lib/thumb\libsysbase.a(libsysbase_libsysbase_a-dirent.o)
 .text.opendir  0x0201f6c8       0xc0 C:/devkitPro/devkitARM/bin/../lib/gcc/arm-none-eabi/15.1.0/../../../../arm-none-eabi/lib/thumb\libsysbase.a(libsysbase_libsysbase_a-dirent.o)
                0x0201f6c8                opendir
 .text.closedir
                0x0201f788       0x70 C:/devkitPro/devkitARM/bin/../lib/gcc/arm-none-eabi/15.1.0/../../../../arm-none-eabi/lib/thumb\libsysbase.a(libsysbase_libsysbase_a-dirent.o)
                0x0201f788                closedir
 .text.readdir_r
                0x0201f7f8       0x8c C:/devkitPro/devkitARM/bin/../lib/gcc/arm-none-eabi/15.1.0/../../../../arm-none-eabi/lib/thumb\libsysbase.a(libsysbase_libsysbase_a-dirent.o)
                0x0201f7f8                readdir_r
 .text.readdir  0x0201f884       0x28 C:/devkitPro/devkitARM/bin/../lib/gcc/arm-none-eabi/15.1.0/../../../../arm-none-eabi/lib/thumb\libsysbase.a(libsysbase_libsysbase_a-dirent.o)
                0x0201f884                readdir
 .text.rewinddir
                0x0201f8ac       0x18 C:/devkitPro/devkitARM/bin/../lib/gcc/arm-none-eabi/15.1.0/../../../../arm-none-eabi/lib/thumb\libsysbase.a(libsysbase_libsysbase_a-dirent.o)
                0x0201f8ac                rewinddir
 .text._fstat_r
                0x0201f8c4       0x5c C:/devkitPro/devkitARM/bin/../lib/gcc/arm-none-eabi/15.1.0/../../../../arm-none-eabi/lib/thumb\libsysbase.a(libsysbase_libsysbase_a-fstat.o)
                0x0201f8c4                _fstat_r
 .text._getpid_r
                0x0201f920        0xc C:/devkitPro/devkitARM/bin/../lib/gcc/arm-none-eabi/15.1.0/../../../../arm-none-eabi/lib/thumb\libsysbase.a(libsysbase_libsysbase_a-getpid.o)
                0x0201f920                _getpid_r
 .text.__getreent
                0x0201f92c       0x20 C:/devkitPro/devkitARM/bin/../lib/gcc/arm-none-eabi/15.1.0/../../../../arm-none-eabi/lib/thumb\libsysbase.a(libsysbase_libsysbase_a-getreent.o)
                0x0201f92c                __getreent
 .text._gettimeofday_r
                0x0201f94c       0x20 C:/devkitPro/devkitARM/bin/../lib/gcc/arm-none-eabi/15.1.0/../../../../arm-none-eabi/lib/thumb\libsysbase.a(libsysbase_libsysbase_a-gettod.o)
                0x0201f94c                _gettimeofday_r
 .text.__release_handle
                0x0201f96c       0x6c C:/devkitPro/devkitARM/bin/../lib/gcc/arm-none-eabi/15.1.0/../../../../arm-none-eabi/lib/thumb\libsysbase.a(libsysbase_libsysbase_a-handle_manager.o)
                0x0201f96c                __release_handle
 .text.__alloc_handle
                0x0201f9d8       0x7c C:/devkitPro/devkitARM/bin/../lib/gcc/arm-none-eabi/15.1.0/../../../../arm-none-eabi/lib/thumb\libsysbase.a(libsysbase_libsysbase_a-handle_manager.o)
                0x0201f9d8                __alloc_handle
 .text.__get_handle
                0x0201fa54       0x34 C:/devkitPro/devkitARM/bin/../lib/gcc/arm-none-eabi/15.1.0/../../../../arm-none-eabi/lib/thumb\libsysbase.a(libsysbase_libsysbase_a-handle_manager.o)
                0x0201fa54                __get_handle
 .text._close_r
                0x0201fa88       0xb0 C:/devkitPro/devkitARM/bin/../lib/gcc/arm-none-eabi/15.1.0/../../../../arm-none-eabi/lib/thumb\libsysbase.a(libsysbase_libsysbase_a-handle_manager.o)
                0x0201fa88                _close_r
 .text.null_write
                0x0201fb38        0x4 C:/devkitPro/devkitARM/bin/../lib/gcc/arm-none-eabi/15.1.0/../../../../arm-none-eabi/lib/thumb\libsysbase.a(libsysbase_libsysbase_a-iosupport.o)
 .text.setDefaultDevice