Archive member included to satisfy reference by file (symbol)

C:/devkitPro/libnds/lib\libfat.a(fat_wrappers.o)
                              main.o (fatInitDefault)
C:/devkitPro/libnds/lib\libfat.a(dvm_calico.o)
                              C:/devkitPro/libnds/lib\libfat.a(fat_wrappers.o) (dvmInit)
C:/devkitPro/libnds/lib\libfat.a(dvm_disc.o)
                              C:/devkitPro/libnds/lib\libfat.a(fat_wrappers.o) (dvmDiscCreate)
C:/devkitPro/libnds/lib\libfat.a(dvm_cache.o)
                              C:/devkitPro/libnds/lib\libfat.a(fat_wrappers.o) (dvmDiscCacheCreate)
C:/devkitPro/libnds/lib\libfat.a(dvm_volume.o)
                              C:/devkitPro/libnds/lib\libfat.a(fat_wrappers.o) (dvmMountVolume)
C:/devkitPro/libnds/lib\libfat.a(dvm_prober.o)
                              C:/devkitPro/libnds/lib\libfat.a(dvm_calico.o) (dvmProbeMountDisc)
C:/devkitPro/libnds/lib\libfat.a(fat_driver.o)
                              C:/devkitPro/libnds/lib\libfat.a(dvm_volume.o) (g_vfatFsDriver)
C:/devkitPro/libnds/lib\libfat.a(ff.o)
                              C:/devkitPro/libnds/lib\libfat.a(fat_driver.o) (f_mount)
C:/devkitPro/libnds/lib\libfat.a(ffunicode.o)
                              C:/devkitPro/libnds/lib\libfat.a(ff.o) (ff_uni2oem)
C:/devkitPro/libnds/lib\libnds9.a(background.o)
                              main.o (bgInit_call)
C:/devkitPro/libnds/lib\libnds9.a(console.o)
                              main.o (consoleInit)
C:/devkitPro/libnds/lib\libnds9.a(decompress.o)
                              main.o (decompress)
C:/devkitPro/libnds/lib\libnds9.a(exceptionDefault.o)
                              main.o (defaultExceptionHandler)
C:/devkitPro/libnds/lib\libnds9.a(gurumeditation.o)
                              C:/devkitPro/libnds/lib\libnds9.a(exceptionDefault.o) (guruMeditationDump)
C:/devkitPro/libnds/lib\libnds9.a(keyboard.o)
                              main.o (keyboardDemoInit)
C:/devkitPro/libnds/lib\libnds9.a(keys.o)
                              main.o (scanKeys)
C:/devkitPro/libnds/lib\libnds9.a(sprite_alloc.o)
                              main.o (oamAllocateGfx)
C:/devkitPro/libnds/lib\libnds9.a(sprite.o)
                              main.o (oamInit)
C:/devkitPro/libnds/lib\libnds9.a(trig.o)
                              C:/devkitPro/libnds/lib\libnds9.a(background.o) (sinLerp)
C:/devkitPro/libnds/lib\libnds9.a(exceptionEntry.o)
                              C:/devkitPro/libnds/lib\libnds9.a(exceptionDefault.o) (__libnds_excpt)
C:/devkitPro/libnds/lib\libnds9.a(default_font.bin.o)
                              C:/devkitPro/libnds/lib\libnds9.a(console.o) (default_font_bin)
C:/devkitPro/libnds/lib\libnds9.a(keyboardGfx.o)
                              C:/devkitPro/libnds/lib\libnds9.a(keyboard.o) (keyboardGfxTiles)
C:/devkitPro/calico/lib\libcalico_ds9.a(thread_cold.o)
                              main.o (threadIrqWait)
C:/devkitPro/calico/lib\libcalico_ds9.a(thread_hot.32.o)
                              C:/devkitPro/libnds/lib\libnds9.a(exceptionDefault.o) (__sched_state)
C:/devkitPro/calico/lib\libcalico_ds9.a(dietprint.o)
                              C:/devkitPro/libnds/lib\libnds9.a(exceptionDefault.o) (g_dietPrintFn)
C:/devkitPro/calico/lib\libcalico_ds9.a(newlib_syscalls.o)
                              C:/devkitPro/libnds/lib\libfat.a(fat_driver.o) (__errno)
C:/devkitPro/calico/lib\libcalico_ds9.a(arm-copy-fill.32.o)
                              C:/devkitPro/libnds/lib\libfat.a(dvm_calico.o) (armCopyMem32)
C:/devkitPro/calico/lib\libcalico_ds9.a(arm-context.32.o)
                              C:/devkitPro/calico/lib\libcalico_ds9.a(thread_cold.o) (armContextSave)
C:/devkitPro/calico/lib\libcalico_ds9.a(arm-shims.32.o)
                              C:/devkitPro/calico/lib\libcalico_ds9.a(thread_cold.o) (armWaitForIrq)
C:/devkitPro/calico/lib\libcalico_ds9.a(arm-cache.32.o)
                              main.o (armDCacheFlush)
C:/devkitPro/calico/lib\libcalico_ds9.a(startup.crt0.o)
                              C:/devkitPro/libnds/lib\libfat.a(dvm_calico.o) (g_isTwlMode)
C:/devkitPro/calico/lib\libcalico_ds9.a(utils.crt0.o)
                              C:/devkitPro/calico/lib\libcalico_ds9.a(startup.crt0.o) (crt0CopyMem32)
C:/devkitPro/calico/lib\libcalico_ds9.a(bios.o)
                              C:/devkitPro/libnds/lib\libnds9.a(decompress.o) (svcLZ77UncompWram)
C:/devkitPro/calico/lib\libcalico_ds9.a(pxi.o)
                              C:/devkitPro/calico/lib\libcalico_ds9.a(startup.crt0.o) (_pxiInit)
C:/devkitPro/calico/lib\libcalico_ds9.a(keypad.o)
                              C:/devkitPro/libnds/lib\libnds9.a(keys.o) (keypadGetState)
C:/devkitPro/calico/lib\libcalico_ds9.a(pm.o)
                              main.o (pmMainLoop)
C:/devkitPro/calico/lib\libcalico_ds9.a(bootstub_arm9.o)
                              (__ds9_bootstub)
C:/devkitPro/calico/lib\libcalico_ds9.a(mpu_setup.crt0.o)
[...]
Memory Configuration

Name             Origin             Length             Attributes
lma9             0x02004000         0x0027c000
lma9i            0x02400000         0x00280000
vectors          0x00000000         0x00000020
itcm             0x01ff8020         0x00007fe0
main             0x02001000         0x00f7f000
dtcm             0x02ff0000         0x00003e80
dldi             0x0380b000         0x00004000
stub             0x0e000000         0x00004000
tls              0x00000000         0x00000400
*default*        0x00000000         0xffffffff

Linker script and memory map

                0x00000000                        __sync_synchronize = __sync_synchronize_none
LOAD C:/devkitPro/devkitARM/bin/../lib/gcc/arm-none-eabi/15.1.0/thumb/crti.o
LOAD C:/devkitPro/devkitARM/bin/../lib/gcc/arm-none-eabi/15.1.0/thumb/crtbegin.o
LOAD GFXconsoleInput.o
LOAD GFXinput.o
LOAD GFXselector16.o
LOAD GFXselector24.o
LOAD avdslib.o
LOAD formats.o
LOAD main.o
LOAD memcpy_fast_arm9.o
LOAD C:/devkitPro/libnds/lib\libfat.a
LOAD C:/devkitPro/libnds/lib\libnds9.a
LOAD C:/devkitPro/calico/lib\libcalico_ds9.a
LOAD C:/devkitPro/devkitARM/bin/../lib/gcc/arm-none-eabi/15.1.0/../../../../arm-none-eabi/lib/thumb\libstdc++.a
LOAD C:/devkitPro/devkitARM/bin/../lib/gcc/arm-none-eabi/15.1.0/../../../../arm-none-eabi/lib/thumb\libm.a
START GROUP
LOAD C:/devkitPro/devkitARM/bin/../lib/gcc/arm-none-eabi/15.1.0/thumb\libgcc.a
LOAD C:/devkitPro/devkitARM/bin/../lib/gcc/arm-none-eabi/15.1.0/../../../../arm-none-eabi/lib/thumb\libg.a
LOAD C:/devkitPro/devkitARM/bin/../lib/gcc/arm-none-eabi/15.1.0/../../../../arm-none-eabi/lib/thumb\libc.a
LOAD C:/devkitPro/devkitARM/bin/../lib/gcc/arm-none-eabi/15.1.0/../../../../arm-none-eabi/lib/thumb\libsysbase.a
END GROUP
LOAD C:/devkitPro/devkitARM/bin/../lib/gcc/arm-none-eabi/15.1.0/thumb/crtend.o
LOAD C:/devkitPro/devkitARM/bin/../lib/gcc/arm-none-eabi/15.1.0/thumb/crtn.o
                0x02ff3e80                        PROVIDE (__sp_usr = (ORIGIN (dtcm) + LENGTH (dtcm)))
                0x02ff3f80                        PROVIDE (__sp_irq = (__sp_usr + 0x100))
                0x02ff3fc0                        PROVIDE (__sp_svc = (__sp_irq + 0x40))
                0x02ff3ff8                        PROVIDE (__irq_flags = (__sp_svc + 0x38))
                [!provide]                        PROVIDE (__irq_vector = (__sp_svc + 0x3c))
                [!provide]                        PROVIDE (__arm_excpt_rst = 0xffff0000)
                [!provide]                        PROVIDE (__arm_excpt_und = 0xffff0004)
                0xffff0008                        PROVIDE (__arm_excpt_svc = 0xffff0008)
                [!provide]                        PROVIDE (__arm_excpt_pabt = 0xffff000c)
                [!provide]                        PROVIDE (__arm_excpt_dabt = 0xffff0010)
                [!provide]                        PROVIDE (__arm_excpt_irq = 0xffff0018)
                [!provide]                        PROVIDE (__arm_excpt_fiq = 0xffff001c)
                0x00000000                        PROVIDE (__end__ = 0x0)

.secure         0x0e000000      0x800 load address 0x02004000
                0x0e0007fc                        . = (. + 0x7fc)
 *fill*         0x0e000000      0x7fc 00000000
                0x0e0007fc        0x4 LONG 0x0

.bootstub       0x0e000800      0x198 load address 0x02004800
 *(.bootstub .bootstub.*)
 .bootstub.__ds9_bootstub
                0x0e000800      0x198 C:/devkitPro/calico/lib\libcalico_ds9.a(bootstub_arm9.o)
                0x0e000800                __ds9_bootstub
                0x0e000998                        . = ALIGN (0x4)

.crt0           0x02001000      0x3c0 load address 0x02004998
 *(.crt0 .crt0.*)
 .crt0.__ds9_bootstub_trampoline
                0x02001000       0x60 C:/devkitPro/calico/lib\libcalico_ds9.a(bootstub_arm9.o)
 *.crt0.*(.text .stub .text.* .gnu.linkonce.t.*)
 .text.crt0ProcessLoadList
                0x02001060       0x74 C:/devkitPro/calico/lib\libcalico_ds9.a(startup.crt0.o)
                0x02001060                crt0ProcessLoadList
 .text.crt0Startup
                0x020010d4      0x180 C:/devkitPro/calico/lib\libcalico_ds9.a(startup.crt0.o)
                0x020010d4                crt0Startup
 .text.crt0CopyMem32
                0x02001254       0x4c C:/devkitPro/calico/lib\libcalico_ds9.a(utils.crt0.o)
                0x02001254                crt0CopyMem32
 .text.crt0FillMem32
                0x020012a0       0x58 C:/devkitPro/calico/lib\libcalico_ds9.a(utils.crt0.o)
                0x020012a0                crt0FillMem32
 .text.crt0SetupMPU
                0x020012f8       0xb4 C:/devkitPro/calico/lib\libcalico_ds9.a(mpu_setup.crt0.o)
                0x020012f8                crt0SetupMPU
 *.crt0.*(.glue_7t .glue_7 .vfp11_veneer .v4_bx)
 *.crt0.*(.rodata .rodata.* .gnu.linkonce.r.*)
 *.crt0.*(.rodata1)
                0x020013c0                        . = ALIGN (0x20)
 *fill*         0x020013ac       0x14 ff
                0x02004998                        PROVIDE (__crt0_lma = LOADADDR (.crt0))
                0x02001000                        PROVIDE (__crt0_start = ADDR (.crt0))
                0x020013c0                        PROVIDE (__crt0_end = (ADDR (.crt0) + SIZEOF (.crt0)))
                0x00000001                        ASSERT (((__crt0_end <= LOADADDR (.bootstub)) || (__crt0_start >= (LOADADDR (.bootstub) + SIZEOF (.bootstub)))), Error: crt0 section overlaps initial bootstrap)

.dldi           0x0380b000     0x4000 load address 0x02004d58
 *(.dldi)
 .dldi          0x0380b000     0x4000 C:/devkitPro/calico/lib\libcalico_ds9.a(dldi_stub.o)
                0x0380b000                __dldi_start
                0x02004d58                        PROVIDE (__dldi_lma = SIZEOF (.dldi)?LOADADDR (.dldi):0x0)

.vectors        0x00000000       0x20 load address 0x02008d58
 *(.vectors)
 .vectors       0x00000000       0x20 C:/devkitPro/calico/lib\libcalico_ds9.a(bootstub_arm9.o)

.itcm           0x01ff8020      0x700 load address 0x02008d78
 *(.itcm .itcm.*)
 .itcm          0x01ff8020       0x30 C:/devkitPro/calico/lib\libcalico_ds9.a(bootstub_arm9.o)
                0x01ff8038                __excpt_vectors
 *.itcm.*(.text .stub .text.* .gnu.linkonce.t.*)
 *.32.o(.text .stub .text.* .gnu.linkonce.t.*)
 .text.threadReschedule
                0x01ff8050       0x88 C:/devkitPro/calico/lib\libcalico_ds9.a(thread_hot.32.o)
 .text.threadBlock
                0x01ff80d8       0xd8 C:/devkitPro/calico/lib\libcalico_ds9.a(thread_hot.32.o)
                0x01ff80d8                threadBlock
 .text.threadUnblockOneByValue
                0x01ff81b0       0xc0 C:/devkitPro/calico/lib\libcalico_ds9.a(thread_hot.32.o)
                0x01ff81b0                threadUnblockOneByValue
 .text.threadUnblockAllByValue
                0x01ff8270      0x130 C:/devkitPro/calico/lib\libcalico_ds9.a(thread_hot.32.o)
                0x01ff8270                threadUnblockAllByValue
 .text.threadUnblockAllByMask
                0x01ff83a0      0x134 C:/devkitPro/calico/lib\libcalico_ds9.a(thread_hot.32.o)
                0x01ff83a0                threadUnblockAllByMask
 .text.armCopyMem32
                0x01ff84d4       0x4c C:/devkitPro/calico/lib\libcalico_ds9.a(arm-copy-fill.32.o)
                0x01ff84d4                armCopyMem32
 .text.armContextSave
                0x01ff8520       0x2c C:/devkitPro/calico/lib\libcalico_ds9.a(arm-context.32.o)
                0x01ff8520                armContextSave
 .text.armContextLoad
                0x01ff854c       0x20 C:/devkitPro/calico/lib\libcalico_ds9.a(arm-context.32.o)
                0x01ff854c                armContextLoad
                0x01ff8550                armContextLoadFromSvc
 .text.armWaitForIrq
                0x01ff856c        0x8 C:/devkitPro/calico/lib\libcalico_ds9.a(arm-shims.32.o)
                0x01ff856c                armWaitForIrq
 .text.armDrainWriteBuffer
                0x01ff8574        0xc C:/devkitPro/calico/lib\libcalico_ds9.a(arm-cache.32.o)
                0x01ff8574                armDrainWriteBuffer
 .text.armDCacheFlushAll
                0x01ff8580       0x28 C:/devkitPro/calico/lib\libcalico_ds9.a(arm-cache.32.o)
                0x01ff8580                armDCacheFlushAll
 .text.armDCacheFlush
                0x01ff85a8       0x1c C:/devkitPro/calico/lib\libcalico_ds9.a(arm-cache.32.o)
                0x01ff85a8                armDCacheFlush
 .text.armDCacheInvalidate
                0x01ff85c4       0x1c C:/devkitPro/calico/lib\libcalico_ds9.a(arm-cache.32.o)
                0x01ff85c4                armDCacheInvalidate
 .text.armICacheInvalidateAll
                0x01ff85e0        0xc C:/devkitPro/calico/lib\libcalico_ds9.a(arm-cache.32.o)
                0x01ff85e0                armICacheInvalidateAll
 .text.__excpt_entry
                0x01ff85ec       0x50 C:/devkitPro/calico/lib\libcalico_ds9.a(excpt_handler.32.o)
                0x01ff85ec                __arm_excpt_rst
                0x01ff85f0                __arm_excpt_pabt
                0x01ff85f4                __arm_excpt_und
                0x01ff8600                __arm_excpt_dabt
 .text.__arm_excpt_irq
                0x01ff863c       0xe4 C:/devkitPro/calico/lib\libcalico_ds9.a(irq_handler.32.o)
                0x01ff863c                __arm_excpt_irq
 *.itcm.*(.glue_7t .glue_7 .vfp11_veneer .v4_bx)
 *.32.o(.glue_7t .glue_7 .vfp11_veneer .v4_bx)
 *.itcm.*(.rodata .rodata.* .gnu.linkonce.r.*)
 *.32.o(.rodata .rodata.* .gnu.linkonce.r.*)
 *.itcm.*(.rodata1)
 *.32.o(.rodata1)
                0x01ff8720                        . = ALIGN (0x4)
                0x02008d58                        PROVIDE (__itcm_lma = LOADADDR (.vectors))
                0x01ff8000                        PROVIDE (__itcm_start = (ADDR (.itcm) - SIZEOF (.vectors)))
                0x01ff8720                        PROVIDE (__itcm_end = (ADDR (.itcm) + SIZEOF (.itcm)))
                0x00000001                        ASSERT (((__itcm_lma + SIZEOF (.vectors)) == LOADADDR (.itcm)), Error: gap between vectors and itcm)

.dtcm           0x02ff0000        0x0 load address 0x02009478
 *(.dtcm .dtcm.*)
 *.32.o(.data .data.* .gnu.linkonce.d.*)
 *.32.o(.data1)
                0x02ff0000                        . = ALIGN (0x4)
                [!provide]                        PROVIDE (__dtcm_lma = LOADADDR (.dtcm))
                0x02ff0000                        PROVIDE (__dtcm_start = ADDR (.dtcm))
                0x02ff0000                        PROVIDE (__dtcm_end = (ADDR (.dtcm) + SIZEOF (.dtcm)))

.dtcm.bss       0x02ff0000       0x98 load address 0x02009478
 *(.sbss .sbss.*)
 *.32.o(.dynbss)
 *.32.o(.bss .bss.* .gnu.linkonce.b.*)
 .bss.__irq_table
                0x02ff0000       0x80 C:/devkitPro/calico/lib\libcalico_ds9.a(thread_hot.32.o)
                0x02ff0000                __irq_table
 .bss.__sched_state
                0x02ff0080       0x18 C:/devkitPro/calico/lib\libcalico_ds9.a(thread_hot.32.o)
                0x02ff0080                __sched_state
 *.32.o(COMMON)
                0x02ff0098                        . = ALIGN (0x4)
                [!provide]                        PROVIDE (__dtcm_bss_start = ADDR (.dtcm.bss))
                0x02ff0098                        PROVIDE (__dtcm_bss_end = (ADDR (.dtcm.bss) + SIZEOF (.dtcm.bss)))

.main           0x020013c0    0x2d714 load address 0x02009478
 *(SORT_NONE(.init))
 .init          0x020013c0        0x4 C:/devkitPro/devkitARM/bin/../lib/gcc/arm-none-eabi/15.1.0/thumb/crti.o
                0x020013c0                _init
 .init          0x020013c4        0x8 C:/devkitPro/devkitARM/bin/../lib/gcc/arm-none-eabi/15.1.0/thumb/crtn.o
 EXCLUDE_FILE(*.twl.*) *(.text.unlikely .text.*_unlikely .text.unlikely.*)
 EXCLUDE_FILE(*.twl.*) *(.text.exit .text.exit.*)
 .text.exit     0x020013cc       0x24 C:/devkitPro/devkitARM/bin/../lib/gcc/arm-none-eabi/15.1.0/../../../../arm-none-eabi/lib/thumb\libg.a(libc_a-exit.o)
                0x020013cc                exit
 EXCLUDE_FILE(*.twl.*) *(.text.startup .text.startup.*)
 .text.startup.main
                0x020013f0      0xd48 main.o
                0x020013f0                main
 .text.startup._GLOBAL__sub_I_surface
                0x02002138       0x10 main.o
 EXCLUDE_FILE(*.twl.*) *(.text.hot .text.hot.*)
 EXCLUDE_FILE(*.twl.*) *(.text .iplt .stub .text.* .gnu.linkonce.t.*)
 .text.__do_global_dtors_aux
                0x02002148       0x2c C:/devkitPro/devkitARM/bin/../lib/gcc/arm-none-eabi/15.1.0/thumb/crtbegin.o
 .text.frame_dummy
                0x02002174       0x24 C:/devkitPro/devkitARM/bin/../lib/gcc/arm-none-eabi/15.1.0/thumb/crtbegin.o
 .iplt          0x02002198        0x0 C:/devkitPro/devkitARM/bin/../lib/gcc/arm-none-eabi/15.1.0/thumb/crtbegin.o
 .text._Z6AVARGBiiii
                0x02002198       0x24 avdslib.o
                0x02002198                AVARGB(int, int, int, int)
 .text._Z13AVinvertColort
                0x020021bc       0x10 avdslib.o
                0x020021bc                AVinvertColor(unsigned short)
 .text._Z9AVfillDMAPtiit
                0x020021cc       0x44 avdslib.o
                0x020021cc                AVfillDMA(unsigned short*, int, int, unsigned short)
 .text._Z15AVdrawRectanglePtiiiit
                0x02002210       0x3c avdslib.o
                0x02002210                AVdrawRectangle(unsigned short*, int, int, int, int, unsigned short)
 .text._Z18AVdrawRectangleDMAPtiiiiti
                0x0200224c       0x84 avdslib.o
                0x0200224c                AVdrawRectangleDMA(unsigned short*, int, int, int, int, unsigned short, int)
 .text._Z21AVdrawRectangleHollowPtiiiit
                0x020022d0       0x9c avdslib.o
                0x020022d0                AVdrawRectangleHollow(unsigned short*, int, int, int, int, unsigned short)
 .text._Z11AVdrawVlinePtiiit
                0x0200236c       0x24 avdslib.o
                0x0200236c                AVdrawVline(unsigned short*, int, int, int, unsigned short)
 .text._Z14AVdrawHlineDMAPtiiit
                0x02002390       0x4c avdslib.o
                0x02002390                AVdrawHlineDMA(unsigned short*, int, int, int, unsigned short)
 .text._Z9importNESPKcPt
                0x020023dc      0x108 formats.o
                0x020023dc                importNES(char const*, unsigned short*)
 .text._Z9exportNESPKcPti
                0x020024e4       0xf8 formats.o
                0x020024e4                exportNES(char const*, unsigned short*, int)
 .text._Z9importGBCPKcPt
                0x020025dc       0xd8 formats.o
                0x020025dc                importGBC(char const*, unsigned short*)
 .text._Z9exportGBCPKcPti
                0x020026b4       0xcc formats.o
                0x020026b4                exportGBC(char const*, unsigned short*, int)
 .text._Z10importSNESPKcPt
                0x02002780      0x15c formats.o
                0x02002780                importSNES(char const*, unsigned short*)
 .text._Z10exportSNESPKcPti
                0x020028dc      0x15c formats.o
                0x020028dc                exportSNES(char const*, unsigned short*, int)
 .text._Z9importGBAPKcPt
                0x02002a38       0xcc formats.o
                0x02002a38                importGBA(char const*, unsigned short*)
 .text._Z9exportGBAPKcPti
                0x02002b04       0xa8 formats.o
                0x02002b04                exportGBA(char const*, unsigned short*, int)
 .text._Z9importPalPKc
                0x02002bac       0xbc formats.o
                0x02002bac                importPal(char const*)
 .text._Z9exportPalPKc
                0x02002c68       0x94 formats.o
                0x02002c68                exportPal(char const*)
 .text._Z9importPCXPKcPt
                0x02002cfc      0x1d4 formats.o
                0x02002cfc                importPCX(char const*, unsigned short*)
 .text._Z9exportPCXPKcPtii
                0x02002ed0      0x194 formats.o
                0x02002ed0                exportPCX(char const*, unsigned short*, int, int)
 .text._Z14writeBmpHeaderP7__sFILE
                0x02003064       0x94 formats.o
                0x02003064                writeBmpHeader(__sFILE*)
 .text._Z7saveBMPPKcPtS1_
                0x020030f8       0x8c formats.o
                0x020030f8                saveBMP(char const*, unsigned short*, unsigned short*)
 .text._Z15saveBMP_indexedPKcPtS1_
                0x02003184      0x154 formats.o
                0x02003184                saveBMP_indexed(char const*, unsigned short*, unsigned short*)
 .text._Z15loadBMP_indexedPKcPtS1_
                0x020032d8      0x130 formats.o
                0x020032d8                loadBMP_indexed(char const*, unsigned short*, unsigned short*)
 .text._Z12saveBMP_4bppPKcPtS1_
                0x02003408      0x1a8 formats.o
                0x02003408                saveBMP_4bpp(char const*, unsigned short*, unsigned short*)
 .text._Z12loadBMP_4bppPKcPtS1_
                0x020035b0      0x1b0 formats.o
                0x020035b0                loadBMP_4bpp(char const*, unsigned short*, unsigned short*)
 .text._Z8textModev.part.0
                0x02003760       0x60 main.o
 .text._Z10bitmapModev.part.0
                0x020037c0      0x1c0 main.o
 .text._Z15drawSurfaceMainii
                0x02003980      0x100 main.o
                0x02003980                drawSurfaceMain(int, int)
 .text._Z17drawSurfaceBottomii
                0x02003a80      0x1d0 main.o
                0x02003a80                drawSurfaceBottom(int, int)
 .text._Z16drawColorPalettev
                0x02003c50       0x5c main.o
                0x02003c50                drawColorPalette()
 .text._Z14drawNesPalettev
                0x02003cac       0x5c main.o
                0x02003cac                drawNesPalette()
 .text._Z9updatePaliPi
                0x02003d08      0x184 main.o
                0x02003d08                updatePal(int, int*)
 .text._Z19getActionsFromTouchi
                0x02003e8c       0x50 main.o
                0x02003e8c                getActionsFromTouch(int)
 .text._Z12applyActionsi
                0x02003edc      0x12c main.o
                0x02003edc                applyActions(int)
 .text._Z9floodFillPtiittii
                0x02004008       0xd0 main.o
                0x02004008                floodFill(unsigned short*, int, int, unsigned short, unsigned short, int, int)
 .text._Z9applyTooliib
                0x020040d8      0x270 main.o
                0x020040d8                applyTool(int, int, bool)
 .text._Z22copyFromSurfaceToStackiiii
                0x02004348       0x68 main.o
                0x02004348                copyFromSurfaceToStack(int, int, int, int)
 .text._Z21cutFromSurfaceToStackiiii
                0x020043b0       0xc4 main.o
                0x020043b0                cutFromSurfaceToStack(int, int, int, int)
 .text._Z23pasteFromStackToSurfaceii
                0x02004474       0x8c main.o
                0x02004474                pasteFromStackToSurface(int, int)
 .text._Z5flipHv
                0x02004500      0x104 main.o
                0x02004500                flipH()
 .text._Z5flipVv
                0x02004604       0xfc main.o
                0x02004604                flipV()
 .text._Z7scaleUpv
                0x02004700      0x144 main.o
                0x02004700                scaleUp()
 .text._Z9scaleDownv
                0x02004844       0xc4 main.o
                0x02004844                scaleDown()
 .text._Z14rotatePositivev
                0x02004908       0xe0 main.o
                0x02004908                rotatePositive()
 .text._Z14rotateNegativev
                0x020049e8       0xe8 main.o
                0x020049e8                rotateNegative()
 .text._Z18setBackupVariablesv
                0x02004ad0       0x4c main.o
                0x02004ad0                setBackupVariables()
 .text._Z11backupWritev
                0x02004b1c       0x6c main.o
                0x02004b1c                backupWrite()
 .text._Z10backupReadv
                0x02004b88       0x58 main.o
                0x02004b88                backupRead()
 .text._Z7initFPSv
                0x02004be0       0x24 main.o
                0x02004be0                initFPS()
 .text._Z10initBitmapv
                0x02004c04      0x2b4 main.o
                0x02004c04                initBitmap()
 .text          0x02004eb8       0x60 memcpy_fast_arm9.o
                0x02004eb8                memcpy_fast_arm9
 .text.fatInitDefault
                0x02004f18       0x20 C:/devkitPro/libnds/lib\libfat.a(fat_wrappers.o)
                0x02004f18                fatInitDefault
 .text._dvmDiscCalicoDummy
                0x02004f38        0x4 C:/devkitPro/libnds/lib\libfat.a(dvm_calico.o)
 .text._dvmDiscCalicoWriteSectors
                0x02004f3c        0x8 C:/devkitPro/libnds/lib\libfat.a(dvm_calico.o)
 .text._dvmDiscCalicoReadSectors
                0x02004f44        0x8 C:/devkitPro/libnds/lib\libfat.a(dvm_calico.o)
 .text._dvmIsAlignedAccess
                0x02004f4c       0x30 C:/devkitPro/libnds/lib\libfat.a(dvm_calico.o)
                0x02004f4c                _dvmIsAlignedAccess
 .text._dvmCacheCopy
                0x02004f7c       0x14 C:/devkitPro/libnds/lib\libfat.a(dvm_calico.o)
                0x02004f7c                _dvmCacheCopy
 .text.dvmInit  0x02004f90      0x268 C:/devkitPro/libnds/lib\libfat.a(dvm_calico.o)
                0x02004f90                dvmInit
 .text.dvmDiscAddUser
                0x020051f8       0x10 C:/devkitPro/libnds/lib\libfat.a(dvm_disc.o)
                0x020051f8                dvmDiscAddUser
 .text.dvmDiscRemoveUser
                0x02005208       0x28 C:/devkitPro/libnds/lib\libfat.a(dvm_disc.o)
                0x02005208                dvmDiscRemoveUser
 .text._dvmDiscCacheReadWrite
                0x02005230      0x3ec C:/devkitPro/libnds/lib\libfat.a(dvm_cache.o)
 .text._dvmDiscCacheWriteSectors
                0x0200561c       0x58 C:/devkitPro/libnds/lib\libfat.a(dvm_cache.o)
 .text._dvmDiscCacheReadSectors
                0x02005674       0x58 C:/devkitPro/libnds/lib\libfat.a(dvm_cache.o)
 .text._dvmDiscCacheFlush
                0x020056cc       0xac C:/devkitPro/libnds/lib\libfat.a(dvm_cache.o)
 .text._dvmDiscCacheDestroy
                0x02005778       0x28 C:/devkitPro/libnds/lib\libfat.a(dvm_cache.o)
 .text.dvmDiscCacheCreate
                0x020057a0      0x1a0 C:/devkitPro/libnds/lib\libfat.a(dvm_cache.o)
                0x020057a0                dvmDiscCacheCreate
 .text.dvmMountVolume
                0x02005940      0x188 C:/devkitPro/libnds/lib\libfat.a(dvm_volume.o)
                0x02005940                dvmMountVolume
 .text._dvmSetAppWorkingDir
                0x02005ac8       0x74 C:/devkitPro/libnds/lib\libfat.a(dvm_volume.o)
                0x02005ac8                _dvmSetAppWorkingDir
 .text._dvmIdentMbrVbr
                0x02005b3c      0x1d8 C:/devkitPro/libnds/lib\libfat.a(dvm_prober.o)
 .text._dvmReadPartitionTable
                0x02005d14      0x204 C:/devkitPro/libnds/lib\libfat.a(dvm_prober.o)
 .text.dvmProbeMountDisc
                0x02005f18       0xf0 C:/devkitPro/libnds/lib\libfat.a(dvm_prober.o)
                0x02005f18                dvmProbeMountDisc
 .text._FAT_fstat_r
                0x02006008       0xac C:/devkitPro/libnds/lib\libfat.a(fat_driver.o)
 .text._FAT_umount
                0x020060b4       0x1c C:/devkitPro/libnds/lib\libfat.a(fat_driver.o)
 .text._FAT_mount
                0x020060d0       0x44 C:/devkitPro/libnds/lib\libfat.a(fat_driver.o)
 .text._FAT_seek_r
                0x02006114      0x13c C:/devkitPro/libnds/lib\libfat.a(fat_driver.o)
 .text._FAT_set_stat.isra.0
                0x02006250      0x10c C:/devkitPro/libnds/lib\libfat.a(fat_driver.o)
 .text._FAT_mkdir_r
                0x0200635c       0x64 C:/devkitPro/libnds/lib\libfat.a(fat_driver.o)
 .text._FAT_chdir_r
                0x020063c0       0x64 C:/devkitPro/libnds/lib\libfat.a(fat_driver.o)
 .text._FAT_unlink_r
                0x02006424       0x70 C:/devkitPro/libnds/lib\libfat.a(fat_driver.o)
 .text._FAT_rmdir_r
                0x02006494       0x6c C:/devkitPro/libnds/lib\libfat.a(fat_driver.o)
 .text._FAT_diropen_r
                0x02006500       0x7c C:/devkitPro/libnds/lib\libfat.a(fat_driver.o)
 .text._FAT_fsync_r
                0x0200657c       0x64 C:/devkitPro/libnds/lib\libfat.a(fat_driver.o)
 .text._FAT_close_r
                0x020065e0       0x64 C:/devkitPro/libnds/lib\libfat.a(fat_driver.o)
 .text._FAT_dirclose_r
                0x02006644       0x64 C:/devkitPro/libnds/lib\libfat.a(fat_driver.o)
 .text._FAT_dirreset_r
                0x020066a8       0x6c C:/devkitPro/libnds/lib\libfat.a(fat_driver.o)
 .text._FAT_rename_r
                0x02006714       0x80 C:/devkitPro/libnds/lib\libfat.a(fat_driver.o)
 .text._FAT_stat_r
                0x02006794       0x98 C:/devkitPro/libnds/lib\libfat.a(fat_driver.o)
 .text._FAT_read_r
                0x0200682c       0x7c C:/devkitPro/libnds/lib\libfat.a(fat_driver.o)
 .text._FAT_write_r
                0x020068a8       0x7c C:/devkitPro/libnds/lib\libfat.a(fat_driver.o)
 .text._FAT_statvfs_r
                0x02006924       0xf0 C:/devkitPro/libnds/lib\libfat.a(fat_driver.o)
 .text._FAT_ftruncate_r
                0x02006a14      0x190 C:/devkitPro/libnds/lib\libfat.a(fat_driver.o)
 .text._FAT_dirnext_r
                0x02006ba4      0x124 C:/devkitPro/libnds/lib\libfat.a(fat_driver.o)
 .text._FAT_open_r
                0x02006cc8      0x124 C:/devkitPro/libnds/lib\libfat.a(fat_driver.o)
 .text.get_fattime
                0x02006dec       0x64 C:/devkitPro/libnds/lib\libfat.a(fat_driver.o)
                0x02006dec                get_fattime
 .text.ff_mutex_create
                0x02006e50       0x18 C:/devkitPro/libnds/lib\libfat.a(fat_driver.o)
                0x02006e50                ff_mutex_create
 .text.ff_mutex_delete
                0x02006e68        0x4 C:/devkitPro/libnds/lib\libfat.a(fat_driver.o)
                0x02006e68                ff_mutex_delete
 .text.ff_mutex_take
                0x02006e6c       0x14 C:/devkitPro/libnds/lib\libfat.a(fat_driver.o)
                0x02006e6c                ff_mutex_take
 .text.ff_mutex_give
                0x02006e80        0x8 C:/devkitPro/libnds/lib\libfat.a(fat_driver.o)
                0x02006e80                ff_mutex_give
 .text.disk_initialize
                0x02006e88       0x24 C:/devkitPro/libnds/lib\libfat.a(fat_driver.o)
                0x02006e88                disk_initialize
 .text.disk_status
                0x02006eac       0x24 C:/devkitPro/libnds/lib\libfat.a(fat_driver.o)
                0x02006eac                disk_status
 .text.disk_read
                0x02006ed0       0x2c C:/devkitPro/libnds/lib\libfat.a(fat_driver.o)
                0x02006ed0                disk_read
 .text.disk_write
                0x02006efc       0x2c C:/devkitPro/libnds/lib\libfat.a(fat_driver.o)
                0x02006efc                disk_write
 .text.disk_ioctl
                0x02006f28       0x38 C:/devkitPro/libnds/lib\libfat.a(fat_driver.o)
                0x02006f28                disk_ioctl
 .text.tchar2uni
                0x02006f60       0xfc C:/devkitPro/libnds/lib\libfat.a(ff.o)
 .text.sync_window
                0x0200705c       0x90 C:/devkitPro/libnds/lib\libfat.a(ff.o)
 .text.put_utf  0x020070ec      0x130 C:/devkitPro/libnds/lib\libfat.a(ff.o)
 .text.dir_clear
                0x0200721c       0x9c C:/devkitPro/libnds/lib\libfat.a(ff.o)
 .text.get_fileinfo
                0x020072b8      0x28c C:/devkitPro/libnds/lib\libfat.a(ff.o)
 .text.sync_fs  0x02007544      0x180 C:/devkitPro/libnds/lib\libfat.a(ff.o)
 .text.move_window
                0x020076c4       0xc4 C:/devkitPro/libnds/lib\libfat.a(ff.o)
 .text.put_fat.part.0
                0x02007788      0x1dc C:/devkitPro/libnds/lib\libfat.a(ff.o)
 .text.get_fat.isra.0
                0x02007964      0x160 C:/devkitPro/libnds/lib\libfat.a(ff.o)
 .text.remove_chain
                0x02007ac4       0xf4 C:/devkitPro/libnds/lib\libfat.a(ff.o)
 .text.create_chain
                0x02007bb8      0x21c C:/devkitPro/libnds/lib\libfat.a(ff.o)
 .text.dir_next
                0x02007dd4      0x170 C:/devkitPro/libnds/lib\libfat.a(ff.o)
 .text.dir_read
                0x02007f44      0x248 C:/devkitPro/libnds/lib\libfat.a(ff.o)
 .text.dir_sdi  0x0200818c      0x128 C:/devkitPro/libnds/lib\libfat.a(ff.o)
 .text.dir_alloc
                0x020082b4       0xcc C:/devkitPro/libnds/lib\libfat.a(ff.o)
 .text.dir_remove
                0x02008380       0xc4 C:/devkitPro/libnds/lib\libfat.a(ff.o)
 .text.dir_find
                0x02008444      0x2f8 C:/devkitPro/libnds/lib\libfat.a(ff.o)
 .text.follow_path
                0x0200873c      0x588 C:/devkitPro/libnds/lib\libfat.a(ff.o)
 .text.dir_register
                0x02008cc4      0x3f0 C:/devkitPro/libnds/lib\libfat.a(ff.o)
 .text.check_fs
                0x020090b4      0x1ec C:/devkitPro/libnds/lib\libfat.a(ff.o)
 .text.mount_volume.part.0
                0x020092a0      0x504 C:/devkitPro/libnds/lib\libfat.a(ff.o)
 .text.validate
                0x020097a4       0xbc C:/devkitPro/libnds/lib\libfat.a(ff.o)
 .text.f_mount  0x02009860       0x6c C:/devkitPro/libnds/lib\libfat.a(ff.o)
                0x02009860                f_mount
 .text.f_umount
                0x020098cc       0x38 C:/devkitPro/libnds/lib\libfat.a(ff.o)
                0x020098cc                f_umount
 .text.f_open   0x02009904      0x400 C:/devkitPro/libnds/lib\libfat.a(ff.o)
                0x02009904                f_open
 .text.f_read   0x02009d04      0x2a4 C:/devkitPro/libnds/lib\libfat.a(ff.o)
                0x02009d04                f_read
 .text.f_write  0x02009fa8      0x350 C:/devkitPro/libnds/lib\libfat.a(ff.o)
                0x02009fa8                f_write
 .text.f_sync   0x0200a2f8      0x1a0 C:/devkitPro/libnds/lib\libfat.a(ff.o)
                0x0200a2f8                f_sync
 .text.f_close  0x0200a498       0x58 C:/devkitPro/libnds/lib\libfat.a(ff.o)
                0x0200a498                f_close
 .text.f_chdir  0x0200a4f0       0xf0 C:/devkitPro/libnds/lib\libfat.a(ff.o)
                0x0200a4f0                f_chdir
 .text.f_lseek  0x0200a5e0      0x298 C:/devkitPro/libnds/lib\libfat.a(ff.o)
                0x0200a5e0                f_lseek
 .text.f_opendir
                0x0200a878      0x12c C:/devkitPro/libnds/lib\libfat.a(ff.o)
                0x0200a878                f_opendir
 .text.f_closedir
                0x0200a9a4       0xb0 C:/devkitPro/libnds/lib\libfat.a(ff.o)
                0x0200a9a4                f_closedir
 .text.f_readdir
                0x0200aa54       0xd0 C:/devkitPro/libnds/lib\libfat.a(ff.o)
                0x0200aa54                f_readdir
 .text.f_stat   0x0200ab24      0x104 C:/devkitPro/libnds/lib\libfat.a(ff.o)
                0x0200ab24                f_stat
 .text.f_getfree
                0x0200ac28      0x184 C:/devkitPro/libnds/lib\libfat.a(ff.o)
                0x0200ac28                f_getfree
 .text.f_truncate
                0x0200adac      0x228 C:/devkitPro/libnds/lib\libfat.a(ff.o)
                0x0200adac                f_truncate
 .text.f_unlink
                0x0200afd4      0x1a4 C:/devkitPro/libnds/lib\libfat.a(ff.o)
                0x0200afd4                f_unlink
 .text.f_mkdir  0x0200b178      0x294 C:/devkitPro/libnds/lib\libfat.a(ff.o)
                0x0200b178                f_mkdir
 .text.f_rename
                0x0200b40c      0x248 C:/devkitPro/libnds/lib\libfat.a(ff.o)
                0x0200b40c                f_rename
 .text.ff_uni2oem
                0x0200b654       0x78 C:/devkitPro/libnds/lib\libfat.a(ffunicode.o)
                0x0200b654                ff_uni2oem
 .text.ff_oem2uni
                0x0200b6cc       0x40 C:/devkitPro/libnds/lib\libfat.a(ffunicode.o)
                0x0200b6cc                ff_oem2uni
 .text.ff_wtoupper
                0x0200b70c      0x128 C:/devkitPro/libnds/lib\libfat.a(ffunicode.o)
                0x0200b70c                ff_wtoupper
 .text.checkIfText
                0x0200b834       0x6c C:/devkitPro/libnds/lib\libnds9.a(background.o)
                0x0200b834                checkIfText
 .text.bgUpdate
                0x0200b8a0       0xe8 C:/devkitPro/libnds/lib\libnds9.a(background.o)
                0x0200b8a0                bgUpdate
 .text.bgInit_call
                0x0200b988       0xa8 C:/devkitPro/libnds/lib\libnds9.a(background.o)
                0x0200b988                bgInit_call
 .text.bgInitSub_call
                0x0200ba30       0xb0 C:/devkitPro/libnds/lib\libnds9.a(background.o)
                0x0200ba30                bgInitSub_call
 .text.newRow   0x0200bae0       0xe0 C:/devkitPro/libnds/lib\libnds9.a(console.o)
 .text.consolePrintChar
                0x0200bbc0       0xe0 C:/devkitPro/libnds/lib\libnds9.a(console.o)
                0x0200bbc0                consolePrintChar
 .text.con_write
                0x0200bca0      0x344 C:/devkitPro/libnds/lib\libnds9.a(console.o)
                0x0200bca0                con_write
 .text.consoleLoadFont
                0x0200bfe4      0x2e8 C:/devkitPro/libnds/lib\libnds9.a(console.o)
                0x0200bfe4                consoleLoadFont
 .text.consoleInit
                0x0200c2cc      0x170 C:/devkitPro/libnds/lib\libnds9.a(console.o)
                0x0200c2cc                consoleInit
 .text.consoleDemoInit
                0x0200c43c       0x40 C:/devkitPro/libnds/lib\libnds9.a(console.o)
                0x0200c43c                consoleDemoInit
 .text.consoleClear
                0x0200c47c       0x10 C:/devkitPro/libnds/lib\libnds9.a(console.o)
                0x0200c47c                consoleClear
 .text.getHeader
                0x0200c48c        0x4 C:/devkitPro/libnds/lib\libnds9.a(decompress.o)
 .text.readByte
                0x0200c490        0x4 C:/devkitPro/libnds/lib\libnds9.a(decompress.o)
 .text.decompress
                0x0200c494       0x40 C:/devkitPro/libnds/lib\libnds9.a(decompress.o)
                0x0200c494                decompress
 .text.defaultHandler
                0x0200c4d4       0x6c C:/devkitPro/libnds/lib\libnds9.a(exceptionDefault.o)
 .text.excptPrint
                0x0200c540       0x38 C:/devkitPro/libnds/lib\libnds9.a(exceptionDefault.o)
 .text.defaultExceptionHandler
                0x0200c578       0x20 C:/devkitPro/libnds/lib\libnds9.a(exceptionDefault.o)
                0x0200c578                defaultExceptionHandler
 .text.ARMShift
                0x0200c598       0x74 C:/devkitPro/libnds/lib\libnds9.a(gurumeditation.o)
 .text.getExceptionAddress
                0x0200c60c      0x198 C:/devkitPro/libnds/lib\libnds9.a(gurumeditation.o)
                0x0200c60c                getExceptionAddress
 .text.guruMeditationDump
                0x0200c7a4      0x108 C:/devkitPro/libnds/lib\libnds9.a(gurumeditation.o)
                0x0200c7a4                guruMeditationDump
 .text.swapKeyGfx.part.0
                0x0200c8ac      0x21c C:/devkitPro/libnds/lib\libnds9.a(keyboard.o)
 .text.keyboardGetKey
                0x0200cac8       0x4c C:/devkitPro/libnds/lib\libnds9.a(keyboard.o)
                0x0200cac8                keyboardGetKey
 .text.keyboardShiftState
                0x0200cb14       0x9c C:/devkitPro/libnds/lib\libnds9.a(keyboard.o)
                0x0200cb14                keyboardShiftState
 .text.keyboardUpdate
                0x0200cbb0      0x12c C:/devkitPro/libnds/lib\libnds9.a(keyboard.o)
                0x0200cbb0                keyboardUpdate
 .text.keyboardInit
                0x0200ccdc      0x20c C:/devkitPro/libnds/lib\libnds9.a(keyboard.o)
                0x0200ccdc                keyboardInit
 .text.keyboardDemoInit
                0x0200cee8       0x2c C:/devkitPro/libnds/lib\libnds9.a(keyboard.o)
                0x0200cee8                keyboardDemoInit
 .text.keyboardShow
                0x0200cf14       0xd8 C:/devkitPro/libnds/lib\libnds9.a(keyboard.o)
                0x0200cf14                keyboardShow
 .text.keyboardHide
                0x0200cfec       0x88 C:/devkitPro/libnds/lib\libnds9.a(keyboard.o)
                0x0200cfec                keyboardHide
 .text.keyboardRead
                0x0200d074       0xd0 C:/devkitPro/libnds/lib\libnds9.a(keyboard.o)
                0x0200d074                keyboardRead
 .text.scanKeys
                0x0200d144       0x6c C:/devkitPro/libnds/lib\libnds9.a(keys.o)
                0x0200d144                scanKeys
 .text.keysHeld
                0x0200d1b0        0xc C:/devkitPro/libnds/lib\libnds9.a(keys.o)
                0x0200d1b0                keysHeld
 .text.keysDown
                0x0200d1bc       0x10 C:/devkitPro/libnds/lib\libnds9.a(keys.o)
                0x0200d1bc                keysDown
 .text.keysUp   0x0200d1cc       0x10 C:/devkitPro/libnds/lib\libnds9.a(keys.o)
                0x0200d1cc                keysUp
 .text.keysCurrent
                0x0200d1dc       0x1c C:/devkitPro/libnds/lib\libnds9.a(keys.o)
                0x0200d1dc                keysCurrent
 .text.oamAllocReset
                0x0200d1f8       0x1c C:/devkitPro/libnds/lib\libnds9.a(sprite_alloc.o)
                0x0200d1f8                oamAllocReset
 .text.oamAllocateGfx
                0x0200d214      0x578 C:/devkitPro/libnds/lib\libnds9.a(sprite_alloc.o)
                0x0200d214                oamAllocateGfx
 .text.oamInit  0x0200d78c      0x138 C:/devkitPro/libnds/lib\libnds9.a(sprite.o)
                0x0200d78c                oamInit
 .text.oamGetGfxPtr
                0x0200d8c4       0x34 C:/devkitPro/libnds/lib\libnds9.a(sprite.o)
                0x0200d8c4                oamGetGfxPtr
 .text.oamClear
                0x0200d8f8       0x24 C:/devkitPro/libnds/lib\libnds9.a(sprite.o)
                0x0200d8f8                oamClear
 .text.oamGfxPtrToOffset
                0x0200d91c       0x34 C:/devkitPro/libnds/lib\libnds9.a(sprite.o)
                0x0200d91c                oamGfxPtrToOffset
 .text.oamSet   0x0200d950      0x100 C:/devkitPro/libnds/lib\libnds9.a(sprite.o)
                0x0200d950                oamSet
 .text.oamUpdate
                0x0200da50       0x78 C:/devkitPro/libnds/lib\libnds9.a(sprite.o)
                0x0200da50                oamUpdate
 .text.sinLutLookup
                0x0200dac8       0x4c C:/devkitPro/libnds/lib\libnds9.a(trig.o)
                0x0200dac8                sinLutLookup
 .text.sinLerp  0x0200db14       0x38 C:/devkitPro/libnds/lib\libnds9.a(trig.o)
                0x0200db14                sinLerp
 .text.cosLerp  0x0200db4c       0x44 C:/devkitPro/libnds/lib\libnds9.a(trig.o)
                0x0200db4c                cosLerp
 .text.__libnds_excpt
                0x0200db90       0xf8 C:/devkitPro/libnds/lib\libnds9.a(exceptionEntry.o)
                0x0200db90                __libnds_excpt
 .text.threadExit
                0x0200dc88       0x9c C:/devkitPro/calico/lib\libcalico_ds9.a(thread_cold.o)
                0x0200dc88                threadExit
 .text._threadTickTask
                0x0200dd24       0x10 C:/devkitPro/calico/lib\libcalico_ds9.a(thread_cold.o)
 .text._threadInit
                0x0200dd34       0x98 C:/devkitPro/calico/lib\libcalico_ds9.a(thread_cold.o)
                0x0200dd34                _threadInit
 .text.threadPrepare
                0x0200ddcc       0xa4 C:/devkitPro/calico/lib\libcalico_ds9.a(thread_cold.o)
                0x0200ddcc                threadPrepare
 .text.threadStart
                0x0200de70       0xc8 C:/devkitPro/calico/lib\libcalico_ds9.a(thread_cold.o)
                0x0200de70                threadStart
 .text.threadIrqWait
                0x0200df38       0xa0 C:/devkitPro/calico/lib\libcalico_ds9.a(thread_cold.o)
                0x0200df38                threadIrqWait
 .text.threadSleepTicks
                0x0200dfd8       0x58 C:/devkitPro/calico/lib\libcalico_ds9.a(thread_cold.o)
                0x0200dfd8                threadSleepTicks
 .text._dietPrintDefaultFunc
                0x0200e030        0x4 C:/devkitPro/calico/lib\libcalico_ds9.a(dietprint.o)
 .text._dietOutput
                0x0200e034       0x3c C:/devkitPro/calico/lib\libcalico_ds9.a(dietprint.o)
 .text._dietPrintDec32
                0x0200e070      0x110 C:/devkitPro/calico/lib\libcalico_ds9.a(dietprint.o)
 .text._dietPrintHex32
                0x0200e180      0x170 C:/devkitPro/calico/lib\libcalico_ds9.a(dietprint.o)
 .text.dietPrintV
                0x0200e2f0      0x4b8 C:/devkitPro/calico/lib\libcalico_ds9.a(dietprint.o)
                0x0200e2f0                dietPrintV
 .text.dietPrint
                0x0200e7a8       0x18 C:/devkitPro/calico/lib\libcalico_ds9.a(dietprint.o)
                0x0200e7a8                dietPrint
 .text.__syscall_getreent
                0x0200e7c0       0x14 C:/devkitPro/calico/lib\libcalico_ds9.a(newlib_syscalls.o)
                0x0200e7c0                __syscall_getreent
 .text.__errno  0x0200e7d4       0x24 C:/devkitPro/calico/lib\libcalico_ds9.a(newlib_syscalls.o)
                0x0200e7d4                __errno
 .text.__syscall_gettod_r
                0x0200e7f8       0x30 C:/devkitPro/calico/lib\libcalico_ds9.a(newlib_syscalls.o)
                0x0200e7f8                __syscall_gettod_r
 .text.__syscall_lock_acquire
                0x0200e828        0x4 C:/devkitPro/calico/lib\libcalico_ds9.a(newlib_syscalls.o)
                0x0200e828                __syscall_lock_acquire
 .text.__syscall_lock_release
                0x0200e82c        0x4 C:/devkitPro/calico/lib\libcalico_ds9.a(newlib_syscalls.o)
                0x0200e82c                __syscall_lock_release
 .text.__syscall_lock_acquire_recursive
                0x0200e830       0x4c C:/devkitPro/calico/lib\libcalico_ds9.a(newlib_syscalls.o)
                0x0200e830                __syscall_lock_acquire_recursive
 .text.__syscall_lock_release_recursive
                0x0200e87c       0x18 C:/devkitPro/calico/lib\libcalico_ds9.a(newlib_syscalls.o)
                0x0200e87c                __syscall_lock_release_recursive
 .text.svcLZ77UncompWram
                0x0200e894        0x4 C:/devkitPro/calico/lib\libcalico_ds9.a(bios.o)
                0x0200e894                svcLZ77UncompWram
 .text.svcHuffUncompCallback
                0x0200e898        0x4 C:/devkitPro/calico/lib\libcalico_ds9.a(bios.o)
                0x0200e898                svcHuffUncompCallback
 .text.svcRLUncompWram
                0x0200e89c        0x4 C:/devkitPro/calico/lib\libcalico_ds9.a(bios.o)
                0x0200e89c                svcRLUncompWram
 .text.svcRLUncompVramCallback
                0x0200e8a0        0x4 C:/devkitPro/calico/lib\libcalico_ds9.a(bios.o)
                0x0200e8a0                svcRLUncompVramCallback
 .text.svcLZ77UncompVramCallback
                0x0200e8a4       0x18 C:/devkitPro/calico/lib\libcalico_ds9.a(bios.o)
                0x0200e8a4                svcLZ77UncompVramCallback
 .text._pxiMailboxHandler
                0x0200e8bc        0x4 C:/devkitPro/calico/lib\libcalico_ds9.a(pxi.o)
 .text._pxiRecvUnhandled
                0x0200e8c0        0x4 C:/devkitPro/calico/lib\libcalico_ds9.a(pxi.o)
                0x0200e8c0                _pxiRecvUnhandled
 .text._pxiRecvIrqHandler
                0x0200e8c4      0x154 C:/devkitPro/calico/lib\libcalico_ds9.a(pxi.o)
 .text._pxiInit
                0x0200ea18       0x58 C:/devkitPro/calico/lib\libcalico_ds9.a(pxi.o)
                0x0200ea18                _pxiInit
 .text.pxiSetHandler
                0x0200ea70       0x74 C:/devkitPro/calico/lib\libcalico_ds9.a(pxi.o)
                0x0200ea70                pxiSetHandler
 .text.pxiSetMailbox
                0x0200eae4       0x68 C:/devkitPro/calico/lib\libcalico_ds9.a(pxi.o)
                0x0200eae4                pxiSetMailbox
 .text.pxiWaitRemote
                0x0200eb4c       0x38 C:/devkitPro/calico/lib\libcalico_ds9.a(pxi.o)
                0x0200eb4c                pxiWaitRemote
 .text.pxiSendPacket
                0x0200eb84       0x50 C:/devkitPro/calico/lib\libcalico_ds9.a(pxi.o)
                0x0200eb84                pxiSendPacket
 .text.pxiSendExtPacket
                0x0200ebd4       0x98 C:/devkitPro/calico/lib\libcalico_ds9.a(pxi.o)
                0x0200ebd4                pxiSendExtPacket
 .text.pxiBeginReceive
                0x0200ec6c       0x2c C:/devkitPro/calico/lib\libcalico_ds9.a(pxi.o)
                0x0200ec6c                pxiBeginReceive
 .text.pxiEndReceive
                0x0200ec98       0xac C:/devkitPro/calico/lib\libcalico_ds9.a(pxi.o)
                0x0200ec98                pxiEndReceive
 .text.keypadGetState
                0x0200ed44       0x28 C:/devkitPro/calico/lib\libcalico_ds9.a(keypad.o)
                0x0200ed44                keypadGetState
 .text._pmCallEventHandlers
                0x0200ed6c       0x40 C:/devkitPro/calico/lib\libcalico_ds9.a(pm.o)
 .text._pmPxiThreadMain
                0x0200edac       0xa0 C:/devkitPro/calico/lib\libcalico_ds9.a(pm.o)
 .text._pmResetPxiHandler
                0x0200ee4c       0x28 C:/devkitPro/calico/lib\libcalico_ds9.a(pm.o)
 .text.systemUserExit
                0x0200ee74        0x4 C:/devkitPro/calico/lib\libcalico_ds9.a(pm.o)
                0x0200ee74                systemUserExit
 .text.systemErrorExit
                0x0200ee78        0x4 C:/devkitPro/calico/lib\libcalico_ds9.a(pm.o)
                0x0200ee78                systemErrorExit
 .text.__syscall_exit
                0x0200ee7c      0x138 C:/devkitPro/calico/lib\libcalico_ds9.a(pm.o)
                0x0200ee7c                __syscall_exit
 .text.pmInit   0x0200efb4       0x58 C:/devkitPro/calico/lib\libcalico_ds9.a(pm.o)
                0x0200efb4                pmInit
 .text.pmEnterSleep
                0x0200f00c       0xcc C:/devkitPro/calico/lib\libcalico_ds9.a(pm.o)
                0x0200f00c                pmEnterSleep
 .text.pmMainLoop
                0x0200f0d8       0x74 C:/devkitPro/calico/lib\libcalico_ds9.a(pm.o)
                0x0200f0d8                pmMainLoop
 .text.systemUserStartup
                0x0200f14c        0x4 C:/devkitPro/calico/lib\libcalico_ds9.a(sys_startup.o)
                0x0200f14c                systemUserStartup
 .text.systemStartup
                0x0200f150      0x104 C:/devkitPro/calico/lib\libcalico_ds9.a(sys_startup.o)
                0x0200f150                systemStartup
 .text.touchRead
                0x0200f254       0x58 C:/devkitPro/calico/lib\libcalico_ds9.a(touch.o)
                0x0200f254                touchRead
 .text._blkDevReadWriteSectors
                0x0200f2ac       0x44 C:/devkitPro/calico/lib\libcalico_ds9.a(blk.o)
 .text.blkInit  0x0200f2f0        0x8 C:/devkitPro/calico/lib\libcalico_ds9.a(blk.o)
                0x0200f2f0                blkInit
 .text.blkDevIsPresent
                0x0200f2f8       0x30 C:/devkitPro/calico/lib\libcalico_ds9.a(blk.o)
                0x0200f2f8                blkDevIsPresent
 .text.blkDevInit
                0x0200f328       0x30 C:/devkitPro/calico/lib\libcalico_ds9.a(blk.o)
                0x0200f328                blkDevInit
 .text.blkDevGetSectorCount
                0x0200f358       0x34 C:/devkitPro/calico/lib\libcalico_ds9.a(blk.o)
                0x0200f358                blkDevGetSectorCount
 .text.blkDevReadSectors
                0x0200f38c       0x5c C:/devkitPro/calico/lib\libcalico_ds9.a(blk.o)
                0x0200f38c                blkDevReadSectors
 .text.blkDevWriteSectors
                0x0200f3e8       0x5c C:/devkitPro/calico/lib\libcalico_ds9.a(blk.o)
                0x0200f3e8                blkDevWriteSectors
 .text.irqSet   0x0200f444       0x64 C:/devkitPro/calico/lib\libcalico_ds9.a(irq.o)
                0x0200f444                irqSet
 .text._tickCountIsr
                0x0200f4a8       0x1c C:/devkitPro/calico/lib\libcalico_ds9.a(tick.o)
 .text._tickTaskSchedule.part.0.isra.0
                0x0200f4c4       0x84 C:/devkitPro/calico/lib\libcalico_ds9.a(tick.o)
 .text.tickInit
                0x0200f548       0xa0 C:/devkitPro/calico/lib\libcalico_ds9.a(tick.o)
                0x0200f548                tickInit
 .text.tickGetCount
                0x0200f5e8       0x5c C:/devkitPro/calico/lib\libcalico_ds9.a(tick.o)
                0x0200f5e8                tickGetCount
 .text._tickTaskIsr
                0x0200f644      0x110 C:/devkitPro/calico/lib\libcalico_ds9.a(tick.o)
 .text.tickTaskStart
                0x0200f754      0x144 C:/devkitPro/calico/lib\libcalico_ds9.a(tick.o)
                0x0200f754                tickTaskStart
 .text.threadUpdateDynamicPrio
                0x0200f898      0x1cc C:/devkitPro/calico/lib\libcalico_ds9.a(mutex.o)
 .text.threadRemoveWaiter
                0x0200fa64      0x1c8 C:/devkitPro/calico/lib\libcalico_ds9.a(mutex.o)
 .text.mutexLock
                0x0200fc2c      0x150 C:/devkitPro/calico/lib\libcalico_ds9.a(mutex.o)
                0x0200fc2c                mutexLock
 .text.mutexUnlock
                0x0200fd7c       0xd0 C:/devkitPro/calico/lib\libcalico_ds9.a(mutex.o)
                0x0200fd7c                mutexUnlock
 .text.mailboxTrySend
                0x0200fe4c       0x98 C:/devkitPro/calico/lib\libcalico_ds9.a(mailbox.o)
                0x0200fe4c                mailboxTrySend
 .text.mailboxRecv
                0x0200fee4       0x98 C:/devkitPro/calico/lib\libcalico_ds9.a(mailbox.o)
                0x0200fee4                mailboxRecv
 .text.log2     0x0200ff7c       0x1c C:/devkitPro/devkitARM/bin/../lib/gcc/arm-none-eabi/15.1.0/../../../../arm-none-eabi/lib/thumb\libm.a(libm_a-s_log2.o)
                0x0200ff7c                log2
 .text.log      0x0200ff98       0x70 C:/devkitPro/devkitARM/bin/../lib/gcc/arm-none-eabi/15.1.0/../../../../arm-none-eabi/lib/thumb\libm.a(libm_a-w_log.o)
                0x0200ff98                log
 .text.__ieee754_log
                0x02010008      0x364 C:/devkitPro/devkitARM/bin/../lib/gcc/arm-none-eabi/15.1.0/../../../../arm-none-eabi/lib/thumb\libm.a(libm_a-e_log.o)
                0x02010008                __ieee754_log
 .text.nan      0x0201036c        0xc C:/devkitPro/devkitARM/bin/../lib/gcc/arm-none-eabi/15.1.0/../../../../arm-none-eabi/lib/thumb\libm.a(libm_a-s_nan.o)
                0x0201036c                nan
 .text          0x02010378      0x11c C:/devkitPro/devkitARM/bin/../lib/gcc/arm-none-eabi/15.1.0/thumb\libgcc.a(_udivsi3.o)
                0x02010378                __aeabi_uidiv
                0x02010378                __udivsi3
                0x02010474                __aeabi_uidivmod
 .text          0x02010494      0x150 C:/devkitPro/devkitARM/bin/../lib/gcc/arm-none-eabi/15.1.0/thumb\libgcc.a(_divsi3.o)
                0x02010494                __divsi3
                0x02010494                __aeabi_idiv
                0x020105c4                __aeabi_idivmod
 .text          0x020105e4        0x4 C:/devkitPro/devkitARM/bin/../lib/gcc/arm-none-eabi/15.1.0/thumb\libgcc.a(_dvmd_tls.o)
                0x020105e4                __aeabi_idiv0
                0x020105e4                __aeabi_ldiv0
 .text          0x020105e8      0x424 C:/devkitPro/devkitARM/bin/../lib/gcc/arm-none-eabi/15.1.0/thumb\libgcc.a(_arm_addsubdf3.o)
                0x020105e8                __aeabi_drsub
                0x020105f0                __aeabi_dsub
                0x020105f0                __subdf3
                0x020105f4                __aeabi_dadd
                0x020105f4                __adddf3
                0x02010904                __floatunsidf
                0x02010904                __aeabi_ui2d
                0x02010928                __floatsidf
                0x02010928                __aeabi_i2d
                0x02010950                __aeabi_f2d
                0x02010950                __extendsfdf2
                0x02010998                __floatundidf
                0x02010998                __aeabi_ul2d
                0x020109ac                __floatdidf
                0x020109ac                __aeabi_l2d
 .text          0x02010a0c      0x49c C:/devkitPro/devkitARM/bin/../lib/gcc/arm-none-eabi/15.1.0/thumb\libgcc.a(_arm_muldivdf3.o)
                0x02010a0c                __aeabi_dmul
                0x02010a0c                __muldf3
                0x02010c9c                __divdf3
                0x02010c9c                __aeabi_ddiv
 .text          0x02010ea8      0x144 C:/devkitPro/devkitARM/bin/../lib/gcc/arm-none-eabi/15.1.0/thumb\libgcc.a(_arm_cmpdf2.o)
                0x02010ea8                __gtdf2
                0x02010ea8                __gedf2
                0x02010eb0                __ltdf2
                0x02010eb0                __ledf2
                0x02010eb8                __nedf2
                0x02010eb8                __eqdf2
                0x02010eb8                __cmpdf2
                0x02010f40                __aeabi_cdrcmple
                0x02010f5c                __aeabi_cdcmpeq
                0x02010f5c                __aeabi_cdcmple
                0x02010f74                __aeabi_dcmpeq
                0x02010f8c                __aeabi_dcmplt
                0x02010fa4                __aeabi_dcmple
                0x02010fbc                __aeabi_dcmpge
                0x02010fd4                __aeabi_dcmpgt
 .text          0x02010fec       0x38 C:/devkitPro/devkitARM/bin/../lib/gcc/arm-none-eabi/15.1.0/thumb\libgcc.a(_arm_unorddf2.o)
                0x02010fec                __unorddf2
                0x02010fec                __aeabi_dcmpun
 .text          0x02011024       0x5c C:/devkitPro/devkitARM/bin/../lib/gcc/arm-none-eabi/15.1.0/thumb\libgcc.a(_arm_fixdfsi.o)
                0x02011024                __aeabi_d2iz
                0x02011024                __fixdfsi
 .text          0x02011080       0x3c C:/devkitPro/devkitARM/bin/../lib/gcc/arm-none-eabi/15.1.0/thumb\libgcc.a(_aeabi_uldivmod.o)
                0x02011080                __aeabi_uldivmod
 .text.__udivmoddi4
                0x020110bc      0x194 C:/devkitPro/devkitARM/bin/../lib/gcc/arm-none-eabi/15.1.0/thumb\libgcc.a(_udivmoddi4.o)
                0x020110bc                __udivmoddi4
 .text          0x02011250       0x28 C:/devkitPro/devkitARM/bin/../lib/gcc/arm-none-eabi/15.1.0/thumb\libgcc.a(_clzdi2.o)
                0x02011250                __clzdi2
 .text          0x02011278       0x48 C:/devkitPro/devkitARM/bin/../lib/gcc/arm-none-eabi/15.1.0/thumb\libgcc.a(_clzsi2.o)
                0x02011278                __clzsi2
 .text.strchr   0x020112c0       0xbc C:/devkitPro/devkitARM/bin/../lib/gcc/arm-none-eabi/15.1.0/../../../../arm-none-eabi/lib/thumb\libg.a(libc_a-strchr.o)
                0x020112c0                strchr
 .text._fclose_r
                0x0201137c       0xdc C:/devkitPro/devkitARM/bin/../lib/gcc/arm-none-eabi/15.1.0/../../../../arm-none-eabi/lib/thumb\libg.a(libc_a-fclose.o)
                0x0201137c                _fclose_r
 .text.fclose   0x02011458       0x14 C:/devkitPro/devkitARM/bin/../lib/gcc/arm-none-eabi/15.1.0/../../../../arm-none-eabi/lib/thumb\libg.a(libc_a-fclose.o)
                0x02011458                fclose
 .text._fwrite_r
                0x0201146c       0x9c C:/devkitPro/devkitARM/bin/../lib/gcc/arm-none-eabi/15.1.0/../../../../arm-none-eabi/lib/thumb\libg.a(libc_a-fwrite.o)
                0x0201146c                _fwrite_r
 .text.fwrite   0x02011508       0x24 C:/devkitPro/devkitARM/bin/../lib/gcc/arm-none-eabi/15.1.0/../../../../arm-none-eabi/lib/thumb\libg.a(libc_a-fwrite.o)
                0x02011508                fwrite
 .text.sprintf  0x0201152c       0x44 C:/devkitPro/devkitARM/bin/../lib/gcc/arm-none-eabi/15.1.0/../../../../arm-none-eabi/lib/thumb\libg.a(libc_a-sprintf.o)
                0x0201152c                sprintf
 .text.memcmp   0x02011570       0x48 C:/devkitPro/devkitARM/bin/../lib/gcc/arm-none-eabi/15.1.0/../../../../arm-none-eabi/lib/thumb\libg.a(libc_a-memcmp.o)
                0x02011570                memcmp
 .text.stdio_exit_handler
                0x020115b8       0x20 C:/devkitPro/devkitARM/bin/../lib/gcc/arm-none-eabi/15.1.0/../../../../arm-none-eabi/lib/thumb\libg.a(libc_a-findfp.o)
 .text.cleanup_stdio
                0x020115d8       0x40 C:/devkitPro/devkitARM/bin/../lib/gcc/arm-none-eabi/15.1.0/../../../../arm-none-eabi/lib/thumb\libg.a(libc_a-findfp.o)
 .text.global_stdio_init.part.0
                0x02011618      0x120 C:/devkitPro/devkitARM/bin/../lib/gcc/arm-none-eabi/15.1.0/../../../../arm-none-eabi/lib/thumb\libg.a(libc_a-findfp.o)
 .text.__sfp    0x02011738       0xcc C:/devkitPro/devkitARM/bin/../lib/gcc/arm-none-eabi/15.1.0/../../../../arm-none-eabi/lib/thumb\libg.a(libc_a-findfp.o)
                0x02011738                __sfp
 .text.__sinit  0x02011804       0x3c C:/devkitPro/devkitARM/bin/../lib/gcc/arm-none-eabi/15.1.0/../../../../arm-none-eabi/lib/thumb\libg.a(libc_a-findfp.o)
                0x02011804                __sinit
 .text.__sfp_lock_acquire
                0x02011840       0x14 C:/devkitPro/devkitARM/bin/../lib/gcc/arm-none-eabi/15.1.0/../../../../arm-none-eabi/lib/thumb\libg.a(libc_a-findfp.o)
                0x02011840                __sfp_lock_acquire
 .text.__sfp_lock_release
                0x02011854       0x14 C:/devkitPro/devkitARM/bin/../lib/gcc/arm-none-eabi/15.1.0/../../../../arm-none-eabi/lib/thumb\libg.a(libc_a-findfp.o)
                0x02011854                __sfp_lock_release
 .text.__libc_init_array
                0x02011868       0x54 C:/devkitPro/devkitARM/bin/../lib/gcc/arm-none-eabi/15.1.0/../../../../arm-none-eabi/lib/thumb\libg.a(libc_a-init.o)
                0x02011868                __libc_init_array
 .text._fwalk_sglue
                0x020118bc       0x4c C:/devkitPro/devkitARM/bin/../lib/gcc/arm-none-eabi/15.1.0/../../../../arm-none-eabi/lib/thumb\libg.a(libc_a-fwalk.o)
                0x020118bc                _fwalk_sglue
 .text.calloc   0x02011908       0x18 C:/devkitPro/devkitARM/bin/../lib/gcc/arm-none-eabi/15.1.0/../../../../arm-none-eabi/lib/thumb\libg.a(libc_a-calloc.o)
                0x02011908                calloc
 .text.siscanf  0x02011920       0x50 C:/devkitPro/devkitARM/bin/../lib/gcc/arm-none-eabi/15.1.0/../../../../arm-none-eabi/lib/thumb\libg.a(libc_a-siscanf.o)
                0x02011920                siscanf
 .text.strrchr  0x02011970       0x30 C:/devkitPro/devkitARM/bin/../lib/gcc/arm-none-eabi/15.1.0/../../../../arm-none-eabi/lib/thumb\libg.a(libc_a-strrchr.o)
                0x02011970                strrchr
 .text.aligned_alloc
                0x020119a0       0x18 C:/devkitPro/devkitARM/bin/../lib/gcc/arm-none-eabi/15.1.0/../../../../arm-none-eabi/lib/thumb\libg.a(libc_a-aligned_alloc.o)
                0x020119a0                aligned_alloc
 .text._calloc_r
                0x020119b8       0xcc C:/devkitPro/devkitARM/bin/../lib/gcc/arm-none-eabi/15.1.0/../../../../arm-none-eabi/lib/thumb\libg.a(libc_a-callocr.o)
                0x020119b8                _calloc_r
 .text.fgetc    0x02011a84       0x6c C:/devkitPro/devkitARM/bin/../lib/gcc/arm-none-eabi/15.1.0/../../../../arm-none-eabi/lib/thumb\libg.a(libc_a-fgetc.o)
                0x02011a84                fgetc
 .text.realloc  0x02011af0       0x18 C:/devkitPro/devkitARM/bin/../lib/gcc/arm-none-eabi/15.1.0/../../../../arm-none-eabi/lib/thumb\libg.a(libc_a-realloc.o)
                0x02011af0                realloc
 .text.validate_structure
                0x02011b08      0x1e8 C:/devkitPro/devkitARM/bin/../lib/gcc/arm-none-eabi/15.1.0/../../../../arm-none-eabi/lib/thumb\libg.a(libc_a-mktime.o)
 .text.mktime   0x02011cf0      0x434 C:/devkitPro/devkitARM/bin/../lib/gcc/arm-none-eabi/15.1.0/../../../../arm-none-eabi/lib/thumb\libg.a(libc_a-mktime.o)
                0x02011cf0                mktime
 .text._fseek_r
                0x02012124       0x14 C:/devkitPro/devkitARM/bin/../lib/gcc/arm-none-eabi/15.1.0/../../../../arm-none-eabi/lib/thumb\libg.a(libc_a-fseek.o)
                0x02012124                _fseek_r
 .text.fseek    0x02012138       0x24 C:/devkitPro/devkitARM/bin/../lib/gcc/arm-none-eabi/15.1.0/../../../../arm-none-eabi/lib/thumb\libg.a(libc_a-fseek.o)
                0x02012138                fseek
 .text.__tz_lock
                0x0201215c       0x14 C:/devkitPro/devkitARM/bin/../lib/gcc/arm-none-eabi/15.1.0/../../../../arm-none-eabi/lib/thumb\libg.a(libc_a-tzlock.o)
                0x0201215c                __tz_lock
 .text.__tz_unlock
                0x02012170       0x14 C:/devkitPro/devkitARM/bin/../lib/gcc/arm-none-eabi/15.1.0/../../../../arm-none-eabi/lib/thumb\libg.a(libc_a-tzlock.o)
                0x02012170                __tz_unlock
 .text._malloc_r
                0x02012184      0x550 C:/devkitPro/devkitARM/bin/../lib/gcc/arm-none-eabi/15.1.0/../../../../arm-none-eabi/lib/thumb\libg.a(libc_a-mallocr.o)
                0x02012184                _malloc_r
 .text._malloc_trim_r
                0x020126d4       0xac C:/devkitPro/devkitARM/bin/../lib/gcc/arm-none-eabi/15.1.0/../../../../arm-none-eabi/lib/thumb\libg.a(libc_a-freer.o)
                0x020126d4                _malloc_trim_r
 .text._free_r  0x02012780      0x1d8 C:/devkitPro/devkitARM/bin/../lib/gcc/arm-none-eabi/15.1.0/../../../../arm-none-eabi/lib/thumb\libg.a(libc_a-freer.o)
                0x02012780                _free_r
 .text.get_arg  0x02012958      0x404 C:/devkitPro/devkitARM/bin/../lib/gcc/arm-none-eabi/15.1.0/../../../../arm-none-eabi/lib/thumb\libg.a(libc_a-svfprintf.o)
 .text._svfprintf_r
                0x02012d5c     0x22d8 C:/devkitPro/devkitARM/bin/../lib/gcc/arm-none-eabi/15.1.0/../../../../arm-none-eabi/lib/thumb\libg.a(libc_a-svfprintf.o)
                0x02012d5c                _svfprintf_r
 .text.strnlen  0x02015034       0x20 C:/devkitPro/devkitARM/bin/../lib/gcc/arm-none-eabi/15.1.0/../../../../arm-none-eabi/lib/thumb\libg.a(libc_a-strnlen.o)
                0x02015034                strnlen
 .text.malloc   0x02015054       0x28 C:/devkitPro/devkitARM/bin/../lib/gcc/arm-none-eabi/15.1.0/../../../../arm-none-eabi/lib/thumb\libg.a(libc_a-malloc.o)
                0x02015054                malloc
 .text.free     0x0201507c       0x14 C:/devkitPro/devkitARM/bin/../lib/gcc/arm-none-eabi/15.1.0/../../../../arm-none-eabi/lib/thumb\libg.a(libc_a-malloc.o)
                0x0201507c                free
 .text.__sflush_r
                0x02015090      0x180 C:/devkitPro/devkitARM/bin/../lib/gcc/arm-none-eabi/15.1.0/../../../../arm-none-eabi/lib/thumb\libg.a(libc_a-fflush.o)
                0x02015090                __sflush_r
 .text._fflush_r
                0x02015210       0x70 C:/devkitPro/devkitARM/bin/../lib/gcc/arm-none-eabi/15.1.0/../../../../arm-none-eabi/lib/thumb\libg.a(libc_a-fflush.o)
                0x02015210                _fflush_r
 .text.time     0x02015280       0x38 C:/devkitPro/devkitARM/bin/../lib/gcc/arm-none-eabi/15.1.0/../../../../arm-none-eabi/lib/thumb\libg.a(libc_a-time.o)
                0x02015280                time
 .text.memset   0x020152b8       0x8c C:/devkitPro/devkitARM/bin/../lib/gcc/arm-none-eabi/15.1.0/../../../../arm-none-eabi/lib/thumb\libg.a(libc_a-memset.o)
                0x020152b8                memset
 .text._realloc_r
                0x02015344      0x344 C:/devkitPro/devkitARM/bin/../lib/gcc/arm-none-eabi/15.1.0/../../../../arm-none-eabi/lib/thumb\libg.a(libc_a-reallocr.o)
                0x02015344                _realloc_r
 .text.localtime_r
                0x02015688      0x228 C:/devkitPro/devkitARM/bin/../lib/gcc/arm-none-eabi/15.1.0/../../../../arm-none-eabi/lib/thumb\libg.a(libc_a-lcltime_r.o)
                0x02015688                localtime_r
 .text._fread_r
                0x020158b0      0x228 C:/devkitPro/devkitARM/bin/../lib/gcc/arm-none-eabi/15.1.0/../../../../arm-none-eabi/lib/thumb\libg.a(libc_a-fread.o)
                0x020158b0                _fread_r
 .text.fread    0x02015ad8       0x24 C:/devkitPro/devkitARM/bin/../lib/gcc/arm-none-eabi/15.1.0/../../../../arm-none-eabi/lib/thumb\libg.a(libc_a-fread.o)
                0x02015ad8                fread
 .text.__malloc_lock
                0x02015afc       0x14 C:/devkitPro/devkitARM/bin/../lib/gcc/arm-none-eabi/15.1.0/../../../../arm-none-eabi/lib/thumb\libg.a(libc_a-mlock.o)
                0x02015afc                __malloc_lock
 .text.__malloc_unlock
                0x02015b10       0x14 C:/devkitPro/devkitARM/bin/../lib/gcc/arm-none-eabi/15.1.0/../../../../arm-none-eabi/lib/thumb\libg.a(libc_a-mlock.o)
                0x02015b10                __malloc_unlock
 .text.__tzcalc_limits
                0x02015b24      0x1ac C:/devkitPro/devkitARM/bin/../lib/gcc/arm-none-eabi/15.1.0/../../../../arm-none-eabi/lib/thumb\libg.a(libc_a-tzcalc_limits.o)
                0x02015b24                __tzcalc_limits
 .text.fputc    0x02015cd0       0x5c C:/devkitPro/devkitARM/bin/../lib/gcc/arm-none-eabi/15.1.0/../../../../arm-none-eabi/lib/thumb\libg.a(libc_a-fputc.o)
                0x02015cd0                fputc
 .text          0x02015d2c      0x224 C:/devkitPro/devkitARM/bin/../lib/gcc/arm-none-eabi/15.1.0/../../../../arm-none-eabi/lib/thumb\libg.a(libc_a-strcmp.o)
                0x02015d2c                strcmp
 .text.__call_exitprocs
                0x02015f50        0xc C:/devkitPro/devkitARM/bin/../lib/gcc/arm-none-eabi/15.1.0/../../../../arm-none-eabi/lib/thumb\libg.a(libc_a-exit.o)
                0x02015f50                __call_exitprocs
 .text.setvbuf  0x02015f5c      0x1ac C:/devkitPro/devkitARM/bin/../lib/gcc/arm-none-eabi/15.1.0/../../../../arm-none-eabi/lib/thumb\libg.a(libc_a-setvbuf.o)
                0x02015f5c                setvbuf
 .text._fopen_r
                0x02016108       0xb4 C:/devkitPro/devkitARM/bin/../lib/gcc/arm-none-eabi/15.1.0/../../../../arm-none-eabi/lib/thumb\libg.a(libc_a-fopen.o)
                0x02016108                _fopen_r
 .text.fopen    0x020161bc       0x18 C:/devkitPro/devkitARM/bin/../lib/gcc/arm-none-eabi/15.1.0/../../../../arm-none-eabi/lib/thumb\libg.a(libc_a-fopen.o)
                0x020161bc                fopen
 .text.__srget_r
                0x020161d4       0x3c C:/devkitPro/devkitARM/bin/../lib/gcc/arm-none-eabi/15.1.0/../../../../arm-none-eabi/lib/thumb\libg.a(libc_a-rget.o)
                0x020161d4                __srget_r
 .text.strncpy  0x02016210       0x68 C:/devkitPro/devkitARM/bin/../lib/gcc/arm-none-eabi/15.1.0/../../../../arm-none-eabi/lib/thumb\libg.a(libc_a-strncpy.o)
                0x02016210                strncpy
 .text.ftell    0x02016278       0x24 C:/devkitPro/devkitARM/bin/../lib/gcc/arm-none-eabi/15.1.0/../../../../arm-none-eabi/lib/thumb\libg.a(libc_a-ftell.o)
                0x02016278                ftell
 .text.memcpy   0x0201629c       0xb0 C:/devkitPro/devkitARM/bin/../lib/gcc/arm-none-eabi/15.1.0/../../../../arm-none-eabi/lib/thumb\libg.a(libc_a-memcpy-stub.o)
                0x0201629c                memcpy
 .text._wcsrtombs_r
                0x0201634c       0x20 C:/devkitPro/devkitARM/bin/../lib/gcc/arm-none-eabi/15.1.0/../../../../arm-none-eabi/lib/thumb\libg.a(libc_a-wcsrtombs.o)
                0x0201634c                _wcsrtombs_r
 .text.iprintf  0x0201636c       0x28 C:/devkitPro/devkitARM/bin/../lib/gcc/arm-none-eabi/15.1.0/../../../../arm-none-eabi/lib/thumb\libg.a(libc_a-iprintf.o)
                0x0201636c                iprintf
 .text.write    0x02016394       0x1c C:/devkitPro/devkitARM/bin/../lib/gcc/arm-none-eabi/15.1.0/../../../../arm-none-eabi/lib/thumb\libg.a(libc_a-syswrite.o)
                0x02016394                write
 .text.frexp    0x020163b0       0x74 C:/devkitPro/devkitARM/bin/../lib/gcc/arm-none-eabi/15.1.0/../../../../arm-none-eabi/lib/thumb\libg.a(libm_a-s_frexp.o)
                0x020163b0                frexp
 .text.__sfvwrite_r
                0x02016424      0x31c C:/devkitPro/devkitARM/bin/../lib/gcc/arm-none-eabi/15.1.0/../../../../arm-none-eabi/lib/thumb\libg.a(libc_a-fvwrite.o)
                0x02016424                __sfvwrite_r
 .text.__sread  0x02016740       0x34 C:/devkitPro/devkitARM/bin/../lib/gcc/arm-none-eabi/15.1.0/../../../../arm-none-eabi/lib/thumb\libg.a(libc_a-stdio.o)
                0x02016740                __sread
 .text.__seofread
                0x02016774        0x4 C:/devkitPro/devkitARM/bin/../lib/gcc/arm-none-eabi/15.1.0/../../../../arm-none-eabi/lib/thumb\libg.a(libc_a-stdio.o)
                0x02016774                __seofread
 .text.__swrite
                0x02016778       0x4c C:/devkitPro/devkitARM/bin/../lib/gcc/arm-none-eabi/15.1.0/../../../../arm-none-eabi/lib/thumb\libg.a(libc_a-stdio.o)
                0x02016778                __swrite
 .text.__sseek  0x020167c4       0x3c C:/devkitPro/devkitARM/bin/../lib/gcc/arm-none-eabi/15.1.0/../../../../arm-none-eabi/lib/thumb\libg.a(libc_a-stdio.o)
                0x020167c4                __sseek
 .text.__sclose
                0x02016800       0x10 C:/devkitPro/devkitARM/bin/../lib/gcc/arm-none-eabi/15.1.0/../../../../arm-none-eabi/lib/thumb\libg.a(libc_a-stdio.o)
                0x02016800                __sclose
 .text.memmove  0x02016810       0xcc C:/devkitPro/devkitARM/bin/../lib/gcc/arm-none-eabi/15.1.0/../../../../arm-none-eabi/lib/thumb\libg.a(libc_a-memmove.o)
                0x02016810                memmove
 .text.__locale_mb_cur_max
                0x020168dc       0x20 C:/devkitPro/devkitARM/bin/../lib/gcc/arm-none-eabi/15.1.0/../../../../arm-none-eabi/lib/thumb\libg.a(libc_a-locale.o)
                0x020168dc                __locale_mb_cur_max
 .text.__ssprint_r
                0x020168fc       0x60 C:/devkitPro/devkitARM/bin/../lib/gcc/arm-none-eabi/15.1.0/../../../../arm-none-eabi/lib/thumb\libg.a(libc_a-ssprint_r.o)
                0x020168fc                __ssprint_r
 .text.gmtime_r
                0x0201695c      0x1b4 C:/devkitPro/devkitARM/bin/../lib/gcc/arm-none-eabi/15.1.0/../../../../arm-none-eabi/lib/thumb\libg.a(libc_a-gmtime_r.o)
                0x0201695c                gmtime_r
 .text.get_arg  0x02016b10      0x404 C:/devkitPro/devkitARM/bin/../lib/gcc/arm-none-eabi/15.1.0/../../../../arm-none-eabi/lib/thumb\libg.a(libc_a-vfiprintf.o)
 .text._vfiprintf_r
                0x02016f14     0x16d0 C:/devkitPro/devkitARM/bin/../lib/gcc/arm-none-eabi/15.1.0/../../../../arm-none-eabi/lib/thumb\libg.a(libc_a-vfiprintf.o)
                0x02016f14                _vfiprintf_r
 .text.__sbprintf
                0x020185e4       0x7c C:/devkitPro/devkitARM/bin/../lib/gcc/arm-none-eabi/15.1.0/../../../../arm-none-eabi/lib/thumb\libg.a(libc_a-vfiprintf.o)
 .text.strlen   0x02018660       0x60 C:/devkitPro/devkitARM/bin/../lib/gcc/arm-none-eabi/15.1.0/../../../../arm-none-eabi/lib/thumb\libg.a(libc_a-strlen.o)
                0x02018660                strlen
 .text._memalign_r
                0x020186c0      0x118 C:/devkitPro/devkitARM/bin/../lib/gcc/arm-none-eabi/15.1.0/../../../../arm-none-eabi/lib/thumb\libg.a(libc_a-malignr.o)
                0x020186c0                _memalign_r
 .text.div      0x020187d8       0x18 C:/devkitPro/devkitARM/bin/../lib/gcc/arm-none-eabi/15.1.0/../../../../arm-none-eabi/lib/thumb\libg.a(libc_a-div.o)
                0x020187d8                div
 .text._wcsnrtombs_l
                0x020187f0      0x11c C:/devkitPro/devkitARM/bin/../lib/gcc/arm-none-eabi/15.1.0/../../../../arm-none-eabi/lib/thumb\libg.a(libc_a-wcsnrtombs.o)
                0x020187f0                _wcsnrtombs_l
 .text._wcsnrtombs_r
                0x0201890c       0x40 C:/devkitPro/devkitARM/bin/../lib/gcc/arm-none-eabi/15.1.0/../../../../arm-none-eabi/lib/thumb\libg.a(libc_a-wcsnrtombs.o)
                0x0201890c                _wcsnrtombs_r
 .text.get_arg  0x0201894c       0x3e C:/devkitPro/devkitARM/bin/../lib/gcc/arm-none-eabi/15.1.0/../../../../arm-none-eabi/lib/thumb\libg.a(libc_a-svfiscanf.o)
 .text._sungetc_r
                0x0201898a       0x7e C:/devkitPro/devkitARM/bin/../lib/gcc/arm-none-eabi/15.1.0/../../../../arm-none-eabi/lib/thumb\libg.a(libc_a-svfiscanf.o)
                0x0201898a                _sungetc_r
 .text.__ssrefill_r
                0x02018a08       0x42 C:/devkitPro/devkitARM/bin/../lib/gcc/arm-none-eabi/15.1.0/../../../../arm-none-eabi/lib/thumb\libg.a(libc_a-svfiscanf.o)
                0x02018a08                __ssrefill_r
 .text._sfread_r
                0x02018a4a       0x88 C:/devkitPro/devkitARM/bin/../lib/gcc/arm-none-eabi/15.1.0/../../../../arm-none-eabi/lib/thumb\libg.a(libc_a-svfiscanf.o)
                0x02018a4a                _sfread_r
 *fill*         0x02018ad2        0x2 ff
 .text.__ssvfiscanf_r
                0x02018ad4     0x1984 C:/devkitPro/devkitARM/bin/../lib/gcc/arm-none-eabi/15.1.0/../../../../arm-none-eabi/lib/thumb\libg.a(libc_a-svfiscanf.o)
                0x02018ad4                __ssvfiscanf_r
 .text._putc_r  0x0201a458       0x88 C:/devkitPro/devkitARM/bin/../lib/gcc/arm-none-eabi/15.1.0/../../../../arm-none-eabi/lib/thumb\libg.a(libc_a-putc.o)
                0x0201a458                _putc_r
 .text._strtoul_l.isra.0
                0x0201a4e0      0x150 C:/devkitPro/devkitARM/bin/../lib/gcc/arm-none-eabi/15.1.0/../../../../arm-none-eabi/lib/thumb\libg.a(libc_a-strtoul.o)
 .text._strtoul_r
                0x0201a630       0x20 C:/devkitPro/devkitARM/bin/../lib/gcc/arm-none-eabi/15.1.0/../../../../arm-none-eabi/lib/thumb\libg.a(libc_a-strtoul.o)
                0x0201a630                _strtoul_r
 .text.strtoul  0x0201a650       0x24 C:/devkitPro/devkitARM/bin/../lib/gcc/arm-none-eabi/15.1.0/../../../../arm-none-eabi/lib/thumb\libg.a(libc_a-strtoul.o)
                0x0201a650                strtoul
 .text.__utf8_mbtowc
                0x0201a674      0x24c C:/devkitPro/devkitARM/bin/../lib/gcc/arm-none-eabi/15.1.0/../../../../arm-none-eabi/lib/thumb\libg.a(libc_a-mbtowc_r.o)
                0x0201a674                __utf8_mbtowc
 .text._fseeko_r
                0x0201a8c0      0x414 C:/devkitPro/devkitARM/bin/../lib/gcc/arm-none-eabi/15.1.0/../../../../arm-none-eabi/lib/thumb\libg.a(libc_a-fseeko.o)
                0x0201a8c0                _fseeko_r
 .text._tzset_unlocked
                0x0201acd4       0x10 C:/devkitPro/devkitARM/bin/../lib/gcc/arm-none-eabi/15.1.0/../../../../arm-none-eabi/lib/thumb\libg.a(libc_a-tzset.o)
                0x0201acd4                _tzset_unlocked
 .text.__sprint_r
                0x0201ace4       0x24 C:/devkitPro/devkitARM/bin/../lib/gcc/arm-none-eabi/15.1.0/../../../../arm-none-eabi/lib/thumb\libg.a(libc_a-sprint_r.o)
                0x0201ace4                __sprint_r
 .text.iswspace
                0x0201ad08       0x10 C:/devkitPro/devkitARM/bin/../lib/gcc/arm-none-eabi/15.1.0/../../../../arm-none-eabi/lib/thumb\libg.a(libc_a-iswspace.o)
                0x0201ad08                iswspace
 .text.__gettzinfo
                0x0201ad18        0x8 C:/devkitPro/devkitARM/bin/../lib/gcc/arm-none-eabi/15.1.0/../../../../arm-none-eabi/lib/thumb\libg.a(libc_a-gettzinfo.o)
                0x0201ad18                __gettzinfo
 .text._localeconv_r
                0x0201ad20       0x1c C:/devkitPro/devkitARM/bin/../lib/gcc/arm-none-eabi/15.1.0/../../../../arm-none-eabi/lib/thumb\libg.a(libc_a-localeconv.o)
                0x0201ad20                _localeconv_r
 .text.memchr   0x0201ad3c       0x74 C:/devkitPro/devkitARM/bin/../lib/gcc/arm-none-eabi/15.1.0/../../../../arm-none-eabi/lib/thumb\libg.a(libc_a-memchr-stub.o)
                0x0201ad3c                memchr
 .text.quorem   0x0201adb0      0x160 C:/devkitPro/devkitARM/bin/../lib/gcc/arm-none-eabi/15.1.0/../../../../arm-none-eabi/lib/thumb\libg.a(libc_a-dtoa.o)
 .text._dtoa_r  0x0201af10     0x10b0 C:/devkitPro/devkitARM/bin/../lib/gcc/arm-none-eabi/15.1.0/../../../../arm-none-eabi/lib/thumb\libg.a(libc_a-dtoa.o)
                0x0201af10                _dtoa_r
 .text._wcrtomb_r
                0x0201bfc0       0x84 C:/devkitPro/devkitARM/bin/../lib/gcc/arm-none-eabi/15.1.0/../../../../arm-none-eabi/lib/thumb\libg.a(libc_a-wcrtomb.o)
                0x0201bfc0                _wcrtomb_r
 .text.strcpy   0x0201c044       0x10 C:/devkitPro/devkitARM/bin/../lib/gcc/arm-none-eabi/15.1.0/../../../../arm-none-eabi/lib/thumb\libg.a(libc_a-strcpy.o)
                0x0201c044                strcpy
 .text.__sflags
                0x0201c054       0x98 C:/devkitPro/devkitARM/bin/../lib/gcc/arm-none-eabi/15.1.0/../../../../arm-none-eabi/lib/thumb\libg.a(libc_a-flags.o)
                0x0201c054                __sflags
 .text._strtol_l.part.0
                0x0201c0ec      0x25c C:/devkitPro/devkitARM/bin/../lib/gcc/arm-none-eabi/15.1.0/../../../../arm-none-eabi/lib/thumb\libg.a(libc_a-strtol.o)
 .text._strtol_r
                0x0201c348       0x34 C:/devkitPro/devkitARM/bin/../lib/gcc/arm-none-eabi/15.1.0/../../../../arm-none-eabi/lib/thumb\libg.a(libc_a-strtol.o)
                0x0201c348                _strtol_r
 .text.__libc_fini_array
                0x0201c37c       0x30 C:/devkitPro/devkitARM/bin/../lib/gcc/arm-none-eabi/15.1.0/../../../../arm-none-eabi/lib/thumb\libg.a(libc_a-fini.o)
                0x0201c37c                __libc_fini_array
 .text._tzset_unlocked_r
                0x0201c3ac      0x490 C:/devkitPro/devkitARM/bin/../lib/gcc/arm-none-eabi/15.1.0/../../../../arm-none-eabi/lib/thumb\libg.a(libc_a-tzset_r.o)
                0x0201c3ac                _tzset_unlocked_r
 .text.__sccl   0x0201c83c       0xb0 C:/devkitPro/devkitARM/bin/../lib/gcc/arm-none-eabi/15.1.0/../../../../arm-none-eabi/lib/thumb\libg.a(libc_a-sccl.o)
                0x0201c83c                __sccl
 .text.lflush   0x0201c8ec       0x24 C:/devkitPro/devkitARM/bin/../lib/gcc/arm-none-eabi/15.1.0/../../../../arm-none-eabi/lib/thumb\libg.a(libc_a-refill.o)
 .text.__srefill_r
                0x0201c910      0x108 C:/devkitPro/devkitARM/bin/../lib/gcc/arm-none-eabi/15.1.0/../../../../arm-none-eabi/lib/thumb\libg.a(libc_a-refill.o)
                0x0201c910                __srefill_r
 .text.__smakebuf_r
                0x0201ca18       0xe0 C:/devkitPro/devkitARM/bin/../lib/gcc/arm-none-eabi/15.1.0/../../../../arm-none-eabi/lib/thumb\libg.a(libc_a-makebuf.o)
                0x0201ca18                __smakebuf_r
 .text.__swhatbuf_r
                0x0201caf8       0x5c C:/devkitPro/devkitARM/bin/../lib/gcc/arm-none-eabi/15.1.0/../../../../arm-none-eabi/lib/thumb\libg.a(libc_a-makebuf.o)
                0x0201caf8                __swhatbuf_r
 .text._findenv_r
                0x0201cb54       0x94 C:/devkitPro/devkitARM/bin/../lib/gcc/arm-none-eabi/15.1.0/../../../../arm-none-eabi/lib/thumb\libg.a(libc_a-getenv_r.o)
                0x0201cb54                _findenv_r
 .text._getenv_r
                0x0201cbe8       0x10 C:/devkitPro/devkitARM/bin/../lib/gcc/arm-none-eabi/15.1.0/../../../../arm-none-eabi/lib/thumb\libg.a(libc_a-getenv_r.o)
                0x0201cbe8                _getenv_r
 .text.__ssputs_r
                0x0201cbf8       0xd4 C:/devkitPro/devkitARM/bin/../lib/gcc/arm-none-eabi/15.1.0/../../../../arm-none-eabi/lib/thumb\libg.a(libc_a-ssputs_r.o)
                0x0201cbf8                __ssputs_r
 .text._ftello_r
                0x0201cccc      0x124 C:/devkitPro/devkitARM/bin/../lib/gcc/arm-none-eabi/15.1.0/../../../../arm-none-eabi/lib/thumb\libg.a(libc_a-ftello.o)
                0x0201cccc                _ftello_r
 .text.__utf8_wctomb
                0x0201cdf0       0xbc C:/devkitPro/devkitARM/bin/../lib/gcc/arm-none-eabi/15.1.0/../../../../arm-none-eabi/lib/thumb\libg.a(libc_a-wctomb_r.o)
                0x0201cdf0                __utf8_wctomb
 .text._strtoull_l.isra.0
                0x0201ceac      0x1c0 C:/devkitPro/devkitARM/bin/../lib/gcc/arm-none-eabi/15.1.0/../../../../arm-none-eabi/lib/thumb\libg.a(libc_a-strtoull.o)
 .text._strtoull_r
                0x0201d06c       0x20 C:/devkitPro/devkitARM/bin/../lib/gcc/arm-none-eabi/15.1.0/../../../../arm-none-eabi/lib/thumb\libg.a(libc_a-strtoull.o)
                0x0201d06c                _strtoull_r
 .text._mbrtowc_r
                0x0201d08c       0x98 C:/devkitPro/devkitARM/bin/../lib/gcc/arm-none-eabi/15.1.0/../../../../arm-none-eabi/lib/thumb\libg.a(libc_a-mbrtowc.o)
                0x0201d08c                _mbrtowc_r
 .text.__swsetup_r
                0x0201d124       0xd4 C:/devkitPro/devkitARM/bin/../lib/gcc/arm-none-eabi/15.1.0/../../../../arm-none-eabi/lib/thumb\libg.a(libc_a-wsetup.o)
                0x0201d124                __swsetup_r
 .text.strncmp  0x0201d1f8       0x70 C:/devkitPro/devkitARM/bin/../lib/gcc/arm-none-eabi/15.1.0/../../../../arm-none-eabi/lib/thumb\libg.a(libc_a-strncmp.o)
                0x0201d1f8                strncmp
 .text.__env_lock
                0x0201d268       0x14 C:/devkitPro/devkitARM/bin/../lib/gcc/arm-none-eabi/15.1.0/../../../../arm-none-eabi/lib/thumb\libg.a(libc_a-envlock.o)
                0x0201d268                __env_lock
 .text.__env_unlock
                0x0201d27c       0x14 C:/devkitPro/devkitARM/bin/../lib/gcc/arm-none-eabi/15.1.0/../../../../arm-none-eabi/lib/thumb\libg.a(libc_a-envlock.o)
                0x0201d27c                __env_unlock
 .text.__assert_func
                0x0201d290       0x40 C:/devkitPro/devkitARM/bin/../lib/gcc/arm-none-eabi/15.1.0/../../../../arm-none-eabi/lib/thumb\libg.a(libc_a-assert.o)
                0x0201d290                __assert_func
 .text.iswspace_l
                0x0201d2d0       0x28 C:/devkitPro/devkitARM/bin/../lib/gcc/arm-none-eabi/15.1.0/../../../../arm-none-eabi/lib/thumb\libg.a(libc_a-iswspace_l.o)
                0x0201d2d0                iswspace_l
 .text._Balloc  0x0201d2f8       0x5c C:/devkitPro/devkitARM/bin/../lib/gcc/arm-none-eabi/15.1.0/../../../../arm-none-eabi/lib/thumb\libg.a(libc_a-mprec.o)
                0x0201d2f8                _Balloc
 .text._Bfree   0x0201d354       0x14 C:/devkitPro/devkitARM/bin/../lib/gcc/arm-none-eabi/15.1.0/../../../../arm-none-eabi/lib/thumb\libg.a(libc_a-mprec.o)
                0x0201d354                _Bfree
 .text.__multadd
                0x0201d368       0xa8 C:/devkitPro/devkitARM/bin/../lib/gcc/arm-none-eabi/15.1.0/../../../../arm-none-eabi/lib/thumb\libg.a(libc_a-mprec.o)
                0x0201d368                __multadd
 .text.__hi0bits
                0x0201d410       0x60 C:/devkitPro/devkitARM/bin/../lib/gcc/arm-none-eabi/15.1.0/../../../../arm-none-eabi/lib/thumb\libg.a(libc_a-mprec.o)
                0x0201d410                __hi0bits
 .text.__lo0bits
                0x0201d470       0x8c C:/devkitPro/devkitARM/bin/../lib/gcc/arm-none-eabi/15.1.0/../../../../arm-none-eabi/lib/thumb\libg.a(libc_a-mprec.o)
                0x0201d470                __lo0bits
 .text.__i2b    0x0201d4fc       0x64 C:/devkitPro/devkitARM/bin/../lib/gcc/arm-none-eabi/15.1.0/../../../../arm-none-eabi/lib/thumb\libg.a(libc_a-mprec.o)
                0x0201d4fc                __i2b
 .text.__multiply
                0x0201d560      0x1b4 C:/devkitPro/devkitARM/bin/../lib/gcc/arm-none-eabi/15.1.0/../../../../arm-none-eabi/lib/thumb\libg.a(libc_a-mprec.o)
                0x0201d560                __multiply
 .text.__pow5mult
                0x0201d714       0xd8 C:/devkitPro/devkitARM/bin/../lib/gcc/arm-none-eabi/15.1.0/../../../../arm-none-eabi/lib/thumb\libg.a(libc_a-mprec.o)
                0x0201d714                __pow5mult
 .text.__lshift
                0x0201d7ec       0xf8 C:/devkitPro/devkitARM/bin/../lib/gcc/arm-none-eabi/15.1.0/../../../../arm-none-eabi/lib/thumb\libg.a(libc_a-mprec.o)
                0x0201d7ec                __lshift
 .text.__mcmp   0x0201d8e4       0x50 C:/devkitPro/devkitARM/bin/../lib/gcc/arm-none-eabi/15.1.0/../../../../arm-none-eabi/lib/thumb\libg.a(libc_a-mprec.o)
                0x0201d8e4                __mcmp
 .text.__mdiff  0x0201d934      0x1a4 C:/devkitPro/devkitARM/bin/../lib/gcc/arm-none-eabi/15.1.0/../../../../arm-none-eabi/lib/thumb\libg.a(libc_a-mprec.o)
                0x0201d934                __mdiff
 .text.__d2b    0x0201dad8       0xd4 C:/devkitPro/devkitARM/bin/../lib/gcc/arm-none-eabi/15.1.0/../../../../arm-none-eabi/lib/thumb\libg.a(libc_a-mprec.o)
                0x0201dad8                __d2b
 .text._strtoll_l.isra.0
                0x0201dbac      0x300 C:/devkitPro/devkitARM/bin/../lib/gcc/arm-none-eabi/15.1.0/../../../../arm-none-eabi/lib/thumb\libg.a(libc_a-strtoll.o)
 .text._strtoll_r
                0x0201deac       0x20 C:/devkitPro/devkitARM/bin/../lib/gcc/arm-none-eabi/15.1.0/../../../../arm-none-eabi/lib/thumb\libg.a(libc_a-strtoll.o)
                0x0201deac                _strtoll_r
 .text.__submore
                0x0201decc       0x7c C:/devkitPro/devkitARM/bin/../lib/gcc/arm-none-eabi/15.1.0/../../../../arm-none-eabi/lib/thumb\libg.a(libc_a-ungetc.o)
                0x0201decc                __submore
 .text.fiprintf
                0x0201df48       0x28 C:/devkitPro/devkitARM/bin/../lib/gcc/arm-none-eabi/15.1.0/../../../../arm-none-eabi/lib/thumb\libg.a(libc_a-fiprintf.o)
                0x0201df48                fiprintf
 .text.__swbuf_r
                0x0201df70       0x98 C:/devkitPro/devkitARM/bin/../lib/gcc/arm-none-eabi/15.1.0/../../../../arm-none-eabi/lib/thumb\libg.a(libc_a-wbuf.o)
                0x0201df70                __swbuf_r
 .text.abort    0x0201e008       0x10 C:/devkitPro/devkitARM/bin/../lib/gcc/arm-none-eabi/15.1.0/../../../../arm-none-eabi/lib/thumb\libg.a(libc_a-abort.o)
                0x0201e008                abort
 .text.category
                0x0201e018       0x5c C:/devkitPro/devkitARM/bin/../lib/gcc/arm-none-eabi/15.1.0/../../../../arm-none-eabi/lib/thumb\libg.a(libc_a-categories.o)
                0x0201e018                category
 .text._raise_r
                0x0201e074       0x60 C:/devkitPro/devkitARM/bin/../lib/gcc/arm-none-eabi/15.1.0/../../../../arm-none-eabi/lib/thumb\libg.a(libc_a-signal.o)
                0x0201e074                _raise_r
 .text.raise    0x0201e0d4       0x14 C:/devkitPro/devkitARM/bin/../lib/gcc/arm-none-eabi/15.1.0/../../../../arm-none-eabi/lib/thumb\libg.a(libc_a-signal.o)
                0x0201e0d4                raise
 .text._exit    0x0201e0e8       0x14 C:/devkitPro/devkitARM/bin/../lib/gcc/arm-none-eabi/15.1.0/../../../../arm-none-eabi/lib/thumb\libsysbase.a(libsysbase_libsysbase_a-_exit.o)
                0x0201e0e8                _exit
 .text.chdir    0x0201e0fc       0xe4 C:/devkitPro/devkitARM/bin/../lib/gcc/arm-none-eabi/15.1.0/../../../../arm-none-eabi/lib/thumb\libsysbase.a(libsysbase_libsysbase_a-chdir.o)
                0x0201e0fc                chdir
 .text._concatenate_path
                0x0201e1e0      0x134 C:/devkitPro/devkitARM/bin/../lib/gcc/arm-none-eabi/15.1.0/../../../../arm-none-eabi/lib/thumb\libsysbase.a(libsysbase_libsysbase_a-concatenate.o)
                0x0201e1e0                _concatenate_path
 .text._fstat_r
                0x0201e314       0x5c C:/devkitPro/devkitARM/bin/../lib/gcc/arm-none-eabi/15.1.0/../../../../arm-none-eabi/lib/thumb\libsysbase.a(libsysbase_libsysbase_a-fstat.o)
                0x0201e314                _fstat_r
 .text._getpid_r
                0x0201e370        0xc C:/devkitPro/devkitARM/bin/../lib/gcc/arm-none-eabi/15.1.0/../../../../arm-none-eabi/lib/thumb\libsysbase.a(libsysbase_libsysbase_a-getpid.o)
                0x0201e370                _getpid_r
 .text.__getreent
                0x0201e37c       0x20 C:/devkitPro/devkitARM/bin/../lib/gcc/arm-none-eabi/15.1.0/../../../../arm-none-eabi/lib/thumb\libsysbase.a(libsysbase_libsysbase_a-getreent.o)
                0x0201e37c                __getreent
 .text._gettimeofday_r
                0x0201e39c       0x20 C:/devkitPro/devkitARM/bin/../lib/gcc/arm-none-eabi/15.1.0/../../../../arm-none-eabi/lib/thumb\libsysbase.a(libsysbase_libsysbase_a-gettod.o)
                0x0201e39c                _gettimeofday_r
 .text.__release_handle
                0x0201e3bc       0x6c C:/devkitPro/devkitARM/bin/../lib/gcc/arm-none-eabi/15.1.0/../../../../arm-none-eabi/lib/thumb\libsysbase.a(libsysbase_libsysbase_a-handle_manager.o)
                0x0201e3bc                __release_handle
 .text.__alloc_handle
                0x0201e428       0x7c C:/devkitPro/devkitARM/bin/../lib/gcc/arm-none-eabi/15.1.0/../../../../arm-none-eabi/lib/thumb\libsysbase.a(libsysbase_libsysbase_a-handle_manager.o)
                0x0201e428                __alloc_handle
 .text.__get_handle
                0x0201e4a4       0x34 C:/devkitPro/devkitARM/bin/../lib/gcc/arm-none-eabi/15.1.0/../../../../arm-none-eabi/lib/thumb\libsysbase.a(libsysbase_libsysbase_a-handle_manager.o)
                0x0201e4a4                __get_handle
 .text._close_r
                0x0201e4d8       0xb0 C:/devkitPro/devkitARM/bin/../lib/gcc/arm-none-eabi/15.1.0/../../../../arm-none-eabi/lib/thumb\libsysbase.a(libsysbase_libsysbase_a-handle_manager.o)
                0x0201e4d8                _close_r
 .text.null_write
                0x0201e588        0x4 C:/devkitPro/devkitARM/bin/../lib/gcc/arm-none-eabi/15.1.0/../../../../arm-none-eabi/lib/thumb\libsysbase.a(libsysbase_libsysbase_a-iosupport.o)
 .text.setDefaultDevice
                0x0201e58c       0x10 C:/devkitPro/devkitARM/bin/../lib/gcc/arm-none-eabi/15.1.0/../../../../arm-none-eabi/lib/thumb\libsysbase.a(libsysbase_libsysbase_a-iosupport.o)
                0x0201e58c                setDefaultDevice
 .text.FindDevice
                0x0201e59c       0x90 C:/devkitPro/devkitARM/bin/../lib/gcc/arm-none-eabi/15.1.0/../../../../arm-none-eabi/lib/thumb\libsysbase.a(libsysbase_libsysbase_a-iosupport.o)
                0x0201e59c                FindDevice
 .text.AddDevice
                0x0201e62c       0x7c C:/devkitPro/devkitARM/bin/../lib/gcc/arm-none-eabi/15.1.0/../../../../arm-none-eabi/lib/thumb\libsysbase.a(libsysbase_libsysbase_a-iosupport.o)
                0x0201e62c                AddDevice
 .text.GetDeviceOpTab
                0x0201e6a8       0x20 C:/devkitPro/devkitARM/bin/../lib/gcc/arm-none-eabi/15.1.0/../../../../arm-none-eabi/lib/thumb\libsysbase.a(libsysbase_libsysbase_a-iosupport.o)
                0x0201e6a8                GetDeviceOpTab
 .text._isatty_r
                0x0201e6c8        0x4 C:/devkitPro/devkitARM/bin/../lib/gcc/arm-none-eabi/15.1.0/../../../../arm-none-eabi/lib/thumb\libsysbase.a(libsysbase_libsysbase_a-isatty.o)
                0x0201e6c8                _isatty_r
 .text._kill_r  0x0201e6cc        0xc C:/devkitPro/devkitARM/bin/../lib/gcc/arm-none-eabi/15.1.0/../../../../arm-none-eabi/lib/thumb\libsysbase.a(libsysbase_libsysbase_a-kill.o)
                0x0201e6cc                _kill_r
 .text._lseek_r
                0x0201e6d8       0x64 C:/devkitPro/devkitARM/bin/../lib/gcc/arm-none-eabi/15.1.0/../../../../arm-none-eabi/lib/thumb\libsysbase.a(libsysbase_libsysbase_a-lseek.o)
                0x0201e6d8                _lseek_r
 .text._open_r  0x0201e73c       0x8c C:/devkitPro/devkitARM/bin/../lib/gcc/arm-none-eabi/15.1.0/../../../../arm-none-eabi/lib/thumb\libsysbase.a(libsysbase_libsysbase_a-open.o)
                0x0201e73c                _open_r
 .text._read_r  0x0201e7c8       0x5c C:/devkitPro/devkitARM/bin/../lib/gcc/arm-none-eabi/15.1.0/../../../../arm-none-eabi/lib/thumb\libsysbase.a(libsysbase_libsysbase_a-read.o)
                0x0201e7c8                _read_r
 .text._sbrk_r  0x0201e824       0x50 C:/devkitPro/devkitARM/bin/../lib/gcc/arm-none-eabi/15.1.0/../../../../arm-none-eabi/lib/thumb\libsysbase.a(libsysbase_libsysbase_a-sbrk.o)
                0x0201e824                _sbrk_r
 .text.__libc_lock_acquire
                0x0201e874       0x18 C:/devkitPro/devkitARM/bin/../lib/gcc/arm-none-eabi/15.1.0/../../../../arm-none-eabi/lib/thumb\libsysbase.a(libsysbase_libsysbase_a-syscall_support.o)
                0x0201e874                __libc_lock_acquire
 .text.__libc_lock_release
                0x0201e88c       0x18 C:/devkitPro/devkitARM/bin/../lib/gcc/arm-none-eabi/15.1.0/../../../../arm-none-eabi/lib/thumb\libsysbase.a(libsysbase_libsysbase_a-syscall_support.o)
                0x0201e88c                __libc_lock_release
 .text.__libc_lock_acquire_recursive
                0x0201e8a4       0x18 C:/devkitPro/devkitARM/bin/../lib/gcc/arm-none-eabi/15.1.0/../../../../arm-none-eabi/lib/thumb\libsysbase.a(libsysbase_libsysbase_a-syscall_support.o)
                0x0201e8a4                __libc_lock_acquire_recursive
 .text.__libc_lock_release_recursive
                0x0201e8bc       0x18 C:/devkitPro/devkitARM/bin/../lib/gcc/arm-none-eabi/15.1.0/../../../../arm-none-eabi/lib/thumb\libsysbase.a(libsysbase_libsysbase_a-syscall_support.o)
                0x0201e8bc                __libc_lock_release_recursive
 .text._write_r
                0x0201e8d4       0x5c C:/devkitPro/devkitARM/bin/../lib/gcc/arm-none-eabi/15.1.0/../../../../arm-none-eabi/lib/thumb\libsysbase.a(libsysbase_libsysbase_a-write.o)
                0x0201e8d4                _write_r
 .text          0x0201e930       0x14 C:/devkitPro/devkitARM/bin/../lib/gcc/arm-none-eabi/15.1.0/thumb\libgcc.a(_thumb1_case_uqi.o)
                0x0201e930                __gnu_thumb1_case_uqi
 .text          0x0201e944       0x14 C:/devkitPro/devkitARM/bin/../lib/gcc/arm-none-eabi/15.1.0/thumb\libgcc.a(_thumb1_case_uhi.o)
                0x0201e944                __gnu_thumb1_case_uhi
 .text          0x0201e958       0xd4 C:/devkitPro/devkitARM/bin/../lib/gcc/arm-none-eabi/15.1.0/thumb\libgcc.a(_aeabi_ldivmod.o)
                0x0201e958                __aeabi_ldivmod
 .text.__muldi3
                0x0201ea2c       0x58 C:/devkitPro/devkitARM/bin/../lib/gcc/arm-none-eabi/15.1.0/thumb\libgcc.a(_muldi3.o)
                0x0201ea2c                __muldi3
                0x0201ea2c                __aeabi_lmul
 EXCLUDE_FILE(*.twl.*) *(.glue_7t .glue_7 .vfp11_veneer .v4_bx)
 .glue_7        0x0201ea84        0x0 linker stubs
 .glue_7t       0x0201ea84        0x0 linker stubs
 .vfp11_veneer  0x0201ea84        0x0 linker stubs
 .v4_bx         0x0201ea84        0x0 linker stubs
 *(SORT_NONE(.fini))
 .fini          0x0201ea84        0x4 C:/devkitPro/devkitARM/bin/../lib/gcc/arm-none-eabi/15.1.0/thumb/crti.o
                0x0201ea84                _fini
 .fini          0x0201ea88        0x8 C:/devkitPro/devkitARM/bin/../lib/gcc/arm-none-eabi/15.1.0/thumb/crtn.o
 .fini.__stub   0x0201ea90       0x28 linker stubs
 EXCLUDE_FILE(*.twl.*) *(.rodata .rodata.* .gnu.linkonce.r.*)
 .rodata        0x0201eab8     0x3be0 GFXconsoleInput.o
                0x0201eab8                GFXconsoleInputBitmap
 .rodata        0x02022698     0x3734 GFXinput.o