Archive member included to satisfy reference by file (symbol)

C:/devkitPro/libnds/lib\libfat.a(fat_wrappers.o)
                              main.o (fatInitDefault)
C:/devkitPro/libnds/lib\libfat.a(dvm_calico.o)
                              C:/devkitPro/libnds/lib\libfat.a(fat_wrappers.o) (dvmInit)
C:/devkitPro/libnds/lib\libfat.a(dvm_disc.o)
                              C:/devkitPro/libnds/lib\libfat.a(fat_wrappers.o) (dvmDiscCreate)
C:/devkitPro/libnds/lib\libfat.a(dvm_cache.o)
                              C:/devkitPro/libnds/lib\libfat.a(fat_wrappers.o) (dvmDiscCacheCreate)
C:/devkitPro/libnds/lib\libfat.a(dvm_volume.o)
                              C:/devkitPro/libnds/lib\libfat.a(fat_wrappers.o) (dvmMountVolume)
C:/devkitPro/libnds/lib\libfat.a(dvm_prober.o)
                              C:/devkitPro/libnds/lib\libfat.a(dvm_calico.o) (dvmProbeMountDisc)
C:/devkitPro/libnds/lib\libfat.a(fat_driver.o)
                              C:/devkitPro/libnds/lib\libfat.a(dvm_volume.o) (g_vfatFsDriver)
C:/devkitPro/libnds/lib\libfat.a(ff.o)
                              C:/devkitPro/libnds/lib\libfat.a(fat_driver.o) (f_mount)
C:/devkitPro/libnds/lib\libfat.a(ffunicode.o)
                              C:/devkitPro/libnds/lib\libfat.a(ff.o) (ff_uni2oem)
C:/devkitPro/libnds/lib\libnds9.a(background.o)
                              main.o (bgInit_call)
C:/devkitPro/libnds/lib\libnds9.a(console.o)
                              main.o (consoleInit)
C:/devkitPro/libnds/lib\libnds9.a(decompress.o)
                              main.o (decompress)
C:/devkitPro/libnds/lib\libnds9.a(exceptionDefault.o)
                              main.o (defaultExceptionHandler)
C:/devkitPro/libnds/lib\libnds9.a(gurumeditation.o)
                              C:/devkitPro/libnds/lib\libnds9.a(exceptionDefault.o) (guruMeditationDump)
C:/devkitPro/libnds/lib\libnds9.a(keyboard.o)
                              main.o (keyboardDemoInit)
C:/devkitPro/libnds/lib\libnds9.a(keys.o)
                              main.o (scanKeys)
C:/devkitPro/libnds/lib\libnds9.a(sprite_alloc.o)
                              main.o (oamAllocateGfx)
C:/devkitPro/libnds/lib\libnds9.a(sprite.o)
                              main.o (oamInit)
C:/devkitPro/libnds/lib\libnds9.a(trig.o)
                              C:/devkitPro/libnds/lib\libnds9.a(background.o) (sinLerp)
C:/devkitPro/libnds/lib\libnds9.a(exceptionEntry.o)
                              C:/devkitPro/libnds/lib\libnds9.a(exceptionDefault.o) (__libnds_excpt)
C:/devkitPro/libnds/lib\libnds9.a(default_font.bin.o)
                              C:/devkitPro/libnds/lib\libnds9.a(console.o) (default_font_bin)
C:/devkitPro/libnds/lib\libnds9.a(keyboardGfx.o)
                              C:/devkitPro/libnds/lib\libnds9.a(keyboard.o) (keyboardGfxTiles)
C:/devkitPro/calico/lib\libcalico_ds9.a(thread_cold.o)
                              main.o (threadIrqWait)
C:/devkitPro/calico/lib\libcalico_ds9.a(thread_hot.32.o)
                              C:/devkitPro/libnds/lib\libnds9.a(exceptionDefault.o) (__sched_state)
C:/devkitPro/calico/lib\libcalico_ds9.a(dietprint.o)
                              C:/devkitPro/libnds/lib\libnds9.a(exceptionDefault.o) (g_dietPrintFn)
C:/devkitPro/calico/lib\libcalico_ds9.a(newlib_syscalls.o)
                              C:/devkitPro/libnds/lib\libfat.a(fat_driver.o) (__errno)
C:/devkitPro/calico/lib\libcalico_ds9.a(arm-copy-fill.32.o)
                              C:/devkitPro/libnds/lib\libfat.a(dvm_calico.o) (armCopyMem32)
C:/devkitPro/calico/lib\libcalico_ds9.a(arm-context.32.o)
                              C:/devkitPro/calico/lib\libcalico_ds9.a(thread_cold.o) (armContextSave)
C:/devkitPro/calico/lib\libcalico_ds9.a(arm-shims.32.o)
                              C:/devkitPro/calico/lib\libcalico_ds9.a(thread_cold.o) (armWaitForIrq)
C:/devkitPro/calico/lib\libcalico_ds9.a(arm-cache.32.o)
                              main.o (armDCacheFlush)
C:/devkitPro/calico/lib\libcalico_ds9.a(startup.crt0.o)
                              C:/devkitPro/libnds/lib\libfat.a(dvm_calico.o) (g_isTwlMode)
C:/devkitPro/calico/lib\libcalico_ds9.a(utils.crt0.o)
                              C:/devkitPro/calico/lib\libcalico_ds9.a(startup.crt0.o) (crt0CopyMem32)
C:/devkitPro/calico/lib\libcalico_ds9.a(bios.o)
                              C:/devkitPro/libnds/lib\libnds9.a(decompress.o) (svcLZ77UncompWram)
C:/devkitPro/calico/lib\libcalico_ds9.a(pxi.o)
                              C:/devkitPro/calico/lib\libcalico_ds9.a(startup.crt0.o) (_pxiInit)
C:/devkitPro/calico/lib\libcalico_ds9.a(keypad.o)
                              C:/devkitPro/libnds/lib\libnds9.a(keys.o) (keypadGetState)
C:/devkitPro/calico/lib\libcalico_ds9.a(pm.o)
                              main.o (pmMainLoop)
C:/devkitPro/calico/lib\libcalico_ds9.a(bootstub_arm9.o)
                              (__ds9_bootstub)
C:/devkitPro/calico/lib\libcalico_ds9.a(mpu_setup.crt0.o)
[...]
Memory Configuration

Name             Origin             Length             Attributes
lma9             0x02004000         0x0027c000
lma9i            0x02400000         0x00280000
vectors          0x00000000         0x00000020
itcm             0x01ff8020         0x00007fe0
main             0x02001000         0x00f7f000
dtcm             0x02ff0000         0x00003e80
dldi             0x0380b000         0x00004000
stub             0x0e000000         0x00004000
tls              0x00000000         0x00000400
*default*        0x00000000         0xffffffff

Linker script and memory map

                0x00000000                        __sync_synchronize = __sync_synchronize_none
LOAD C:/devkitPro/devkitARM/bin/../lib/gcc/arm-none-eabi/15.1.0/thumb/crti.o
LOAD C:/devkitPro/devkitARM/bin/../lib/gcc/arm-none-eabi/15.1.0/thumb/crtbegin.o
LOAD GFXinput.o
LOAD GFXselector16.o
LOAD GFXselector24.o
LOAD avdslib.o
LOAD formats.o
LOAD main.o
LOAD memcpy_fast_arm9.o
LOAD C:/devkitPro/libnds/lib\libfat.a
LOAD C:/devkitPro/libnds/lib\libnds9.a
LOAD C:/devkitPro/calico/lib\libcalico_ds9.a
LOAD C:/devkitPro/devkitARM/bin/../lib/gcc/arm-none-eabi/15.1.0/../../../../arm-none-eabi/lib/thumb\libstdc++.a
LOAD C:/devkitPro/devkitARM/bin/../lib/gcc/arm-none-eabi/15.1.0/../../../../arm-none-eabi/lib/thumb\libm.a
START GROUP
LOAD C:/devkitPro/devkitARM/bin/../lib/gcc/arm-none-eabi/15.1.0/thumb\libgcc.a
LOAD C:/devkitPro/devkitARM/bin/../lib/gcc/arm-none-eabi/15.1.0/../../../../arm-none-eabi/lib/thumb\libg.a
LOAD C:/devkitPro/devkitARM/bin/../lib/gcc/arm-none-eabi/15.1.0/../../../../arm-none-eabi/lib/thumb\libc.a
LOAD C:/devkitPro/devkitARM/bin/../lib/gcc/arm-none-eabi/15.1.0/../../../../arm-none-eabi/lib/thumb\libsysbase.a
END GROUP
LOAD C:/devkitPro/devkitARM/bin/../lib/gcc/arm-none-eabi/15.1.0/thumb/crtend.o
LOAD C:/devkitPro/devkitARM/bin/../lib/gcc/arm-none-eabi/15.1.0/thumb/crtn.o
                0x02ff3e80                        PROVIDE (__sp_usr = (ORIGIN (dtcm) + LENGTH (dtcm)))
                0x02ff3f80                        PROVIDE (__sp_irq = (__sp_usr + 0x100))
                0x02ff3fc0                        PROVIDE (__sp_svc = (__sp_irq + 0x40))
                0x02ff3ff8                        PROVIDE (__irq_flags = (__sp_svc + 0x38))
                [!provide]                        PROVIDE (__irq_vector = (__sp_svc + 0x3c))
                [!provide]                        PROVIDE (__arm_excpt_rst = 0xffff0000)
                [!provide]                        PROVIDE (__arm_excpt_und = 0xffff0004)
                0xffff0008                        PROVIDE (__arm_excpt_svc = 0xffff0008)
                [!provide]                        PROVIDE (__arm_excpt_pabt = 0xffff000c)
                [!provide]                        PROVIDE (__arm_excpt_dabt = 0xffff0010)
                [!provide]                        PROVIDE (__arm_excpt_irq = 0xffff0018)
                [!provide]                        PROVIDE (__arm_excpt_fiq = 0xffff001c)
                0x00000000                        PROVIDE (__end__ = 0x0)

.secure         0x0e000000      0x800 load address 0x02004000
                0x0e0007fc                        . = (. + 0x7fc)
 *fill*         0x0e000000      0x7fc 00000000
                0x0e0007fc        0x4 LONG 0x0

.bootstub       0x0e000800      0x198 load address 0x02004800
 *(.bootstub .bootstub.*)
 .bootstub.__ds9_bootstub
                0x0e000800      0x198 C:/devkitPro/calico/lib\libcalico_ds9.a(bootstub_arm9.o)
                0x0e000800                __ds9_bootstub
                0x0e000998                        . = ALIGN (0x4)

.crt0           0x02001000      0x3c0 load address 0x02004998
 *(.crt0 .crt0.*)
 .crt0.__ds9_bootstub_trampoline
                0x02001000       0x60 C:/devkitPro/calico/lib\libcalico_ds9.a(bootstub_arm9.o)
 *.crt0.*(.text .stub .text.* .gnu.linkonce.t.*)
 .text.crt0ProcessLoadList
                0x02001060       0x74 C:/devkitPro/calico/lib\libcalico_ds9.a(startup.crt0.o)
                0x02001060                crt0ProcessLoadList
 .text.crt0Startup
                0x020010d4      0x180 C:/devkitPro/calico/lib\libcalico_ds9.a(startup.crt0.o)
                0x020010d4                crt0Startup
 .text.crt0CopyMem32
                0x02001254       0x4c C:/devkitPro/calico/lib\libcalico_ds9.a(utils.crt0.o)
                0x02001254                crt0CopyMem32
 .text.crt0FillMem32
                0x020012a0       0x58 C:/devkitPro/calico/lib\libcalico_ds9.a(utils.crt0.o)
                0x020012a0                crt0FillMem32
 .text.crt0SetupMPU
                0x020012f8       0xb4 C:/devkitPro/calico/lib\libcalico_ds9.a(mpu_setup.crt0.o)
                0x020012f8                crt0SetupMPU
 *.crt0.*(.glue_7t .glue_7 .vfp11_veneer .v4_bx)
 *.crt0.*(.rodata .rodata.* .gnu.linkonce.r.*)
 *.crt0.*(.rodata1)
                0x020013c0                        . = ALIGN (0x20)
 *fill*         0x020013ac       0x14 ff
                0x02004998                        PROVIDE (__crt0_lma = LOADADDR (.crt0))
                0x02001000                        PROVIDE (__crt0_start = ADDR (.crt0))
                0x020013c0                        PROVIDE (__crt0_end = (ADDR (.crt0) + SIZEOF (.crt0)))
                0x00000001                        ASSERT (((__crt0_end <= LOADADDR (.bootstub)) || (__crt0_start >= (LOADADDR (.bootstub) + SIZEOF (.bootstub)))), Error: crt0 section overlaps initial bootstrap)

.dldi           0x0380b000     0x4000 load address 0x02004d58
 *(.dldi)
 .dldi          0x0380b000     0x4000 C:/devkitPro/calico/lib\libcalico_ds9.a(dldi_stub.o)
                0x0380b000                __dldi_start
                0x02004d58                        PROVIDE (__dldi_lma = SIZEOF (.dldi)?LOADADDR (.dldi):0x0)

.vectors        0x00000000       0x20 load address 0x02008d58
 *(.vectors)
 .vectors       0x00000000       0x20 C:/devkitPro/calico/lib\libcalico_ds9.a(bootstub_arm9.o)

.itcm           0x01ff8020      0x700 load address 0x02008d78
 *(.itcm .itcm.*)
 .itcm          0x01ff8020       0x30 C:/devkitPro/calico/lib\libcalico_ds9.a(bootstub_arm9.o)
                0x01ff8038                __excpt_vectors
 *.itcm.*(.text .stub .text.* .gnu.linkonce.t.*)
 *.32.o(.text .stub .text.* .gnu.linkonce.t.*)
 .text.threadReschedule
                0x01ff8050       0x88 C:/devkitPro/calico/lib\libcalico_ds9.a(thread_hot.32.o)
 .text.threadBlock
                0x01ff80d8       0xd8 C:/devkitPro/calico/lib\libcalico_ds9.a(thread_hot.32.o)
                0x01ff80d8                threadBlock
 .text.threadUnblockOneByValue
                0x01ff81b0       0xc0 C:/devkitPro/calico/lib\libcalico_ds9.a(thread_hot.32.o)
                0x01ff81b0                threadUnblockOneByValue
 .text.threadUnblockAllByValue
                0x01ff8270      0x130 C:/devkitPro/calico/lib\libcalico_ds9.a(thread_hot.32.o)
                0x01ff8270                threadUnblockAllByValue
 .text.threadUnblockAllByMask
                0x01ff83a0      0x134 C:/devkitPro/calico/lib\libcalico_ds9.a(thread_hot.32.o)
                0x01ff83a0                threadUnblockAllByMask
 .text.armCopyMem32
                0x01ff84d4       0x4c C:/devkitPro/calico/lib\libcalico_ds9.a(arm-copy-fill.32.o)
                0x01ff84d4                armCopyMem32
 .text.armContextSave
                0x01ff8520       0x2c C:/devkitPro/calico/lib\libcalico_ds9.a(arm-context.32.o)
                0x01ff8520                armContextSave
 .text.armContextLoad
                0x01ff854c       0x20 C:/devkitPro/calico/lib\libcalico_ds9.a(arm-context.32.o)
                0x01ff854c                armContextLoad
                0x01ff8550                armContextLoadFromSvc
 .text.armWaitForIrq
                0x01ff856c        0x8 C:/devkitPro/calico/lib\libcalico_ds9.a(arm-shims.32.o)
                0x01ff856c                armWaitForIrq
 .text.armDrainWriteBuffer
                0x01ff8574        0xc C:/devkitPro/calico/lib\libcalico_ds9.a(arm-cache.32.o)
                0x01ff8574                armDrainWriteBuffer
 .text.armDCacheFlushAll
                0x01ff8580       0x28 C:/devkitPro/calico/lib\libcalico_ds9.a(arm-cache.32.o)
                0x01ff8580                armDCacheFlushAll
 .text.armDCacheFlush
                0x01ff85a8       0x1c C:/devkitPro/calico/lib\libcalico_ds9.a(arm-cache.32.o)
                0x01ff85a8                armDCacheFlush
 .text.armDCacheInvalidate
                0x01ff85c4       0x1c C:/devkitPro/calico/lib\libcalico_ds9.a(arm-cache.32.o)
                0x01ff85c4                armDCacheInvalidate
 .text.armICacheInvalidateAll
                0x01ff85e0        0xc C:/devkitPro/calico/lib\libcalico_ds9.a(arm-cache.32.o)
                0x01ff85e0                armICacheInvalidateAll
 .text.__excpt_entry
                0x01ff85ec       0x50 C:/devkitPro/calico/lib\libcalico_ds9.a(excpt_handler.32.o)
                0x01ff85ec                __arm_excpt_rst
                0x01ff85f0                __arm_excpt_pabt
                0x01ff85f4                __arm_excpt_und
                0x01ff8600                __arm_excpt_dabt
 .text.__arm_excpt_irq
                0x01ff863c       0xe4 C:/devkitPro/calico/lib\libcalico_ds9.a(irq_handler.32.o)
                0x01ff863c                __arm_excpt_irq
 *.itcm.*(.glue_7t .glue_7 .vfp11_veneer .v4_bx)
 *.32.o(.glue_7t .glue_7 .vfp11_veneer .v4_bx)
 *.itcm.*(.rodata .rodata.* .gnu.linkonce.r.*)
 *.32.o(.rodata .rodata.* .gnu.linkonce.r.*)
 *.itcm.*(.rodata1)
 *.32.o(.rodata1)
                0x01ff8720                        . = ALIGN (0x4)
                0x02008d58                        PROVIDE (__itcm_lma = LOADADDR (.vectors))
                0x01ff8000                        PROVIDE (__itcm_start = (ADDR (.itcm) - SIZEOF (.vectors)))
                0x01ff8720                        PROVIDE (__itcm_end = (ADDR (.itcm) + SIZEOF (.itcm)))
                0x00000001                        ASSERT (((__itcm_lma + SIZEOF (.vectors)) == LOADADDR (.itcm)), Error: gap between vectors and itcm)

.dtcm           0x02ff0000        0x0 load address 0x02009478
 *(.dtcm .dtcm.*)
 *.32.o(.data .data.* .gnu.linkonce.d.*)
 *.32.o(.data1)
                0x02ff0000                        . = ALIGN (0x4)
                [!provide]                        PROVIDE (__dtcm_lma = LOADADDR (.dtcm))
                0x02ff0000                        PROVIDE (__dtcm_start = ADDR (.dtcm))
                0x02ff0000                        PROVIDE (__dtcm_end = (ADDR (.dtcm) + SIZEOF (.dtcm)))

.dtcm.bss       0x02ff0000       0x98 load address 0x02009478
 *(.sbss .sbss.*)
 *.32.o(.dynbss)
 *.32.o(.bss .bss.* .gnu.linkonce.b.*)
 .bss.__irq_table
                0x02ff0000       0x80 C:/devkitPro/calico/lib\libcalico_ds9.a(thread_hot.32.o)
                0x02ff0000                __irq_table
 .bss.__sched_state
                0x02ff0080       0x18 C:/devkitPro/calico/lib\libcalico_ds9.a(thread_hot.32.o)
                0x02ff0080                __sched_state
 *.32.o(COMMON)
                0x02ff0098                        . = ALIGN (0x4)
                [!provide]                        PROVIDE (__dtcm_bss_start = ADDR (.dtcm.bss))
                0x02ff0098                        PROVIDE (__dtcm_bss_end = (ADDR (.dtcm.bss) + SIZEOF (.dtcm.bss)))

.main           0x020013c0    0x291bc load address 0x02009478
 *(SORT_NONE(.init))
 .init          0x020013c0        0x4 C:/devkitPro/devkitARM/bin/../lib/gcc/arm-none-eabi/15.1.0/thumb/crti.o
                0x020013c0                _init
 .init          0x020013c4        0x8 C:/devkitPro/devkitARM/bin/../lib/gcc/arm-none-eabi/15.1.0/thumb/crtn.o
 EXCLUDE_FILE(*.twl.*) *(.text.unlikely .text.*_unlikely .text.unlikely.*)
 EXCLUDE_FILE(*.twl.*) *(.text.exit .text.exit.*)
 .text.exit     0x020013cc       0x24 C:/devkitPro/devkitARM/bin/../lib/gcc/arm-none-eabi/15.1.0/../../../../arm-none-eabi/lib/thumb\libg.a(libc_a-exit.o)
                0x020013cc                exit
 EXCLUDE_FILE(*.twl.*) *(.text.startup .text.startup.*)
 .text.startup.main
                0x020013f0      0xb6c main.o
                0x020013f0                main
 .text.startup._GLOBAL__sub_I_surface
                0x02001f5c       0x10 main.o
 EXCLUDE_FILE(*.twl.*) *(.text.hot .text.hot.*)
 EXCLUDE_FILE(*.twl.*) *(.text .iplt .stub .text.* .gnu.linkonce.t.*)
 .text.__do_global_dtors_aux
                0x02001f6c       0x2c C:/devkitPro/devkitARM/bin/../lib/gcc/arm-none-eabi/15.1.0/thumb/crtbegin.o
 .text.frame_dummy
                0x02001f98       0x24 C:/devkitPro/devkitARM/bin/../lib/gcc/arm-none-eabi/15.1.0/thumb/crtbegin.o
 .iplt          0x02001fbc        0x0 C:/devkitPro/devkitARM/bin/../lib/gcc/arm-none-eabi/15.1.0/thumb/crtbegin.o
 .text._Z6AVARGBiiii
                0x02001fbc       0x24 avdslib.o
                0x02001fbc                AVARGB(int, int, int, int)
 .text._Z13AVinvertColort
                0x02001fe0       0x10 avdslib.o
                0x02001fe0                AVinvertColor(unsigned short)
 .text._Z9AVfillDMAPtiit
                0x02001ff0       0x44 avdslib.o
                0x02001ff0                AVfillDMA(unsigned short*, int, int, unsigned short)
 .text._Z15AVdrawRectanglePtiiiit
                0x02002034       0x3c avdslib.o
                0x02002034                AVdrawRectangle(unsigned short*, int, int, int, int, unsigned short)
 .text._Z18AVdrawRectangleDMAPtiiiiti
                0x02002070       0x84 avdslib.o
                0x02002070                AVdrawRectangleDMA(unsigned short*, int, int, int, int, unsigned short, int)
 .text._Z21AVdrawRectangleHollowPtiiiit
                0x020020f4       0x9c avdslib.o
                0x020020f4                AVdrawRectangleHollow(unsigned short*, int, int, int, int, unsigned short)
 .text._Z11AVdrawVlinePtiiit
                0x02002190       0x24 avdslib.o
                0x02002190                AVdrawVline(unsigned short*, int, int, int, unsigned short)
 .text._Z14AVdrawHlineDMAPtiiit
                0x020021b4       0x4c avdslib.o
                0x020021b4                AVdrawHlineDMA(unsigned short*, int, int, int, unsigned short)
 .text._Z9importNESPKcPt
                0x02002200      0x108 formats.o
                0x02002200                importNES(char const*, unsigned short*)
 .text._Z9exportNESPKcPti
                0x02002308       0xf8 formats.o
                0x02002308                exportNES(char const*, unsigned short*, int)
 .text._Z10importSNESPKcPt
                0x02002400      0x15c formats.o
                0x02002400                importSNES(char const*, unsigned short*)
 .text._Z10exportSNESPKcPti
                0x0200255c      0x15c formats.o
                0x0200255c                exportSNES(char const*, unsigned short*, int)
 .text._Z9importPalPKc
                0x020026b8       0xbc formats.o
                0x020026b8                importPal(char const*)
 .text._Z9exportPalPKc
                0x02002774       0x94 formats.o
                0x02002774                exportPal(char const*)
 .text._Z11use_commandhiPhi
                0x02002808       0xdc formats.o
                0x02002808                use_command(unsigned char, int, unsigned char*, int)
 .text._Z9decodeAcsPKcPt
                0x020028e4      0x54c formats.o
                0x020028e4                decodeAcs(char const*, unsigned short*)
 .text._Z14writeBmpHeaderP7__sFILE
                0x02002e30       0x48 formats.o
                0x02002e30                writeBmpHeader(__sFILE*)
 .text._Z7saveBMPPKcPtS1_
                0x02002e78       0x8c formats.o
                0x02002e78                saveBMP(char const*, unsigned short*, unsigned short*)
 .text._Z15saveBMP_indexedPKcPtS1_
                0x02002f04       0xf8 formats.o
                0x02002f04                saveBMP_indexed(char const*, unsigned short*, unsigned short*)
 .text._Z15loadBMP_indexedPKcPtS1_
                0x02002ffc      0x130 formats.o
                0x02002ffc                loadBMP_indexed(char const*, unsigned short*, unsigned short*)
 .text._Z12saveBMP_4bppPKcPtS1_
                0x0200312c      0x1a8 formats.o
                0x0200312c                saveBMP_4bpp(char const*, unsigned short*, unsigned short*)
 .text._Z12loadBMP_4bppPKcPtS1_
                0x020032d4      0x1b0 formats.o
                0x020032d4                loadBMP_4bpp(char const*, unsigned short*, unsigned short*)
 .text._Z12OnKeyPressedi
                0x02003484       0x58 main.o
                0x02003484                OnKeyPressed(int)
 .text._Z8textModev.part.0
                0x020034dc       0x6c main.o
 .text._Z10bitmapModev.part.0
                0x02003548      0x184 main.o
 .text._Z15drawSurfaceMainii
                0x020036cc      0x100 main.o
                0x020036cc                drawSurfaceMain(int, int)
 .text._Z17drawSurfaceBottomii
                0x020037cc      0x1d0 main.o
                0x020037cc                drawSurfaceBottom(int, int)
 .text._Z16drawColorPalettev
                0x0200399c       0x5c main.o
                0x0200399c                drawColorPalette()
 .text._Z9updatePaliPi
                0x020039f8      0x170 main.o
                0x020039f8                updatePal(int, int*)
 .text._Z19getActionsFromTouchi
                0x02003b68       0x50 main.o
                0x02003b68                getActionsFromTouch(int)
 .text._Z12applyActionsi
                0x02003bb8      0x12c main.o
                0x02003bb8                applyActions(int)
 .text._Z9floodFillPtiittii
                0x02003ce4       0xd0 main.o
                0x02003ce4                floodFill(unsigned short*, int, int, unsigned short, unsigned short, int, int)
 .text._Z9applyTooliib
                0x02003db4      0x270 main.o
                0x02003db4                applyTool(int, int, bool)
 .text._Z22copyFromSurfaceToStackiiii
                0x02004024       0x68 main.o
                0x02004024                copyFromSurfaceToStack(int, int, int, int)
 .text._Z21cutFromSurfaceToStackiiii
                0x0200408c       0xc4 main.o
                0x0200408c                cutFromSurfaceToStack(int, int, int, int)
 .text._Z23pasteFromStackToSurfaceii
                0x02004150       0x8c main.o
                0x02004150                pasteFromStackToSurface(int, int)
 .text._Z5flipHv
                0x020041dc      0x104 main.o
                0x020041dc                flipH()
 .text._Z5flipVv
                0x020042e0       0xfc main.o
                0x020042e0                flipV()
 .text._Z7scaleUpv
                0x020043dc      0x13c main.o
                0x020043dc                scaleUp()
 .text._Z9scaleDownv
                0x02004518       0xc4 main.o
                0x02004518                scaleDown()
 .text._Z14rotatePositivev
                0x020045dc       0xe0 main.o
                0x020045dc                rotatePositive()
 .text._Z14rotateNegativev
                0x020046bc       0xe8 main.o
                0x020046bc                rotateNegative()
 .text._Z7initFPSv
                0x020047a4       0x24 main.o
                0x020047a4                initFPS()
 .text._Z10initBitmapv
                0x020047c8      0x2a8 main.o
                0x020047c8                initBitmap()
 .text          0x02004a70       0x60 memcpy_fast_arm9.o
                0x02004a70                memcpy_fast_arm9
 .text.fatInitDefault
                0x02004ad0       0x20 C:/devkitPro/libnds/lib\libfat.a(fat_wrappers.o)
                0x02004ad0                fatInitDefault
 .text._dvmDiscCalicoDummy
                0x02004af0        0x4 C:/devkitPro/libnds/lib\libfat.a(dvm_calico.o)
 .text._dvmDiscCalicoWriteSectors
                0x02004af4        0x8 C:/devkitPro/libnds/lib\libfat.a(dvm_calico.o)
 .text._dvmDiscCalicoReadSectors
                0x02004afc        0x8 C:/devkitPro/libnds/lib\libfat.a(dvm_calico.o)
 .text._dvmIsAlignedAccess
                0x02004b04       0x30 C:/devkitPro/libnds/lib\libfat.a(dvm_calico.o)
                0x02004b04                _dvmIsAlignedAccess
 .text._dvmCacheCopy
                0x02004b34       0x14 C:/devkitPro/libnds/lib\libfat.a(dvm_calico.o)
                0x02004b34                _dvmCacheCopy
 .text.dvmInit  0x02004b48      0x268 C:/devkitPro/libnds/lib\libfat.a(dvm_calico.o)
                0x02004b48                dvmInit
 .text.dvmDiscAddUser
                0x02004db0       0x10 C:/devkitPro/libnds/lib\libfat.a(dvm_disc.o)
                0x02004db0                dvmDiscAddUser
 .text.dvmDiscRemoveUser
                0x02004dc0       0x28 C:/devkitPro/libnds/lib\libfat.a(dvm_disc.o)
                0x02004dc0                dvmDiscRemoveUser
 .text._dvmDiscCacheReadWrite
                0x02004de8      0x3ec C:/devkitPro/libnds/lib\libfat.a(dvm_cache.o)
 .text._dvmDiscCacheWriteSectors
                0x020051d4       0x58 C:/devkitPro/libnds/lib\libfat.a(dvm_cache.o)
 .text._dvmDiscCacheReadSectors
                0x0200522c       0x58 C:/devkitPro/libnds/lib\libfat.a(dvm_cache.o)
 .text._dvmDiscCacheFlush
                0x02005284       0xac C:/devkitPro/libnds/lib\libfat.a(dvm_cache.o)
 .text._dvmDiscCacheDestroy
                0x02005330       0x28 C:/devkitPro/libnds/lib\libfat.a(dvm_cache.o)
 .text.dvmDiscCacheCreate
                0x02005358      0x1a0 C:/devkitPro/libnds/lib\libfat.a(dvm_cache.o)
                0x02005358                dvmDiscCacheCreate
 .text.dvmMountVolume
                0x020054f8      0x188 C:/devkitPro/libnds/lib\libfat.a(dvm_volume.o)
                0x020054f8                dvmMountVolume
 .text._dvmSetAppWorkingDir
                0x02005680       0x74 C:/devkitPro/libnds/lib\libfat.a(dvm_volume.o)
                0x02005680                _dvmSetAppWorkingDir
 .text._dvmIdentMbrVbr
                0x020056f4      0x1d8 C:/devkitPro/libnds/lib\libfat.a(dvm_prober.o)
 .text._dvmReadPartitionTable
                0x020058cc      0x204 C:/devkitPro/libnds/lib\libfat.a(dvm_prober.o)
 .text.dvmProbeMountDisc
                0x02005ad0       0xf0 C:/devkitPro/libnds/lib\libfat.a(dvm_prober.o)
                0x02005ad0                dvmProbeMountDisc
 .text._FAT_fstat_r
                0x02005bc0       0xac C:/devkitPro/libnds/lib\libfat.a(fat_driver.o)
 .text._FAT_umount
                0x02005c6c       0x1c C:/devkitPro/libnds/lib\libfat.a(fat_driver.o)
 .text._FAT_mount
                0x02005c88       0x44 C:/devkitPro/libnds/lib\libfat.a(fat_driver.o)
 .text._FAT_seek_r
                0x02005ccc      0x13c C:/devkitPro/libnds/lib\libfat.a(fat_driver.o)
 .text._FAT_set_stat.isra.0
                0x02005e08      0x10c C:/devkitPro/libnds/lib\libfat.a(fat_driver.o)
 .text._FAT_mkdir_r
                0x02005f14       0x64 C:/devkitPro/libnds/lib\libfat.a(fat_driver.o)
 .text._FAT_chdir_r
                0x02005f78       0x64 C:/devkitPro/libnds/lib\libfat.a(fat_driver.o)
 .text._FAT_unlink_r
                0x02005fdc       0x70 C:/devkitPro/libnds/lib\libfat.a(fat_driver.o)
 .text._FAT_rmdir_r
                0x0200604c       0x6c C:/devkitPro/libnds/lib\libfat.a(fat_driver.o)
 .text._FAT_diropen_r
                0x020060b8       0x7c C:/devkitPro/libnds/lib\libfat.a(fat_driver.o)
 .text._FAT_fsync_r
                0x02006134       0x64 C:/devkitPro/libnds/lib\libfat.a(fat_driver.o)
 .text._FAT_close_r
                0x02006198       0x64 C:/devkitPro/libnds/lib\libfat.a(fat_driver.o)
 .text._FAT_dirclose_r
                0x020061fc       0x64 C:/devkitPro/libnds/lib\libfat.a(fat_driver.o)
 .text._FAT_dirreset_r
                0x02006260       0x6c C:/devkitPro/libnds/lib\libfat.a(fat_driver.o)
 .text._FAT_rename_r
                0x020062cc       0x80 C:/devkitPro/libnds/lib\libfat.a(fat_driver.o)
 .text._FAT_stat_r
                0x0200634c       0x98 C:/devkitPro/libnds/lib\libfat.a(fat_driver.o)
 .text._FAT_read_r
                0x020063e4       0x7c C:/devkitPro/libnds/lib\libfat.a(fat_driver.o)
 .text._FAT_write_r
                0x02006460       0x7c C:/devkitPro/libnds/lib\libfat.a(fat_driver.o)
 .text._FAT_statvfs_r
                0x020064dc       0xf0 C:/devkitPro/libnds/lib\libfat.a(fat_driver.o)
 .text._FAT_ftruncate_r
                0x020065cc      0x190 C:/devkitPro/libnds/lib\libfat.a(fat_driver.o)
 .text._FAT_dirnext_r
                0x0200675c      0x124 C:/devkitPro/libnds/lib\libfat.a(fat_driver.o)
 .text._FAT_open_r
                0x02006880      0x124 C:/devkitPro/libnds/lib\libfat.a(fat_driver.o)
 .text.get_fattime
                0x020069a4       0x64 C:/devkitPro/libnds/lib\libfat.a(fat_driver.o)
                0x020069a4                get_fattime
 .text.ff_mutex_create
                0x02006a08       0x18 C:/devkitPro/libnds/lib\libfat.a(fat_driver.o)
                0x02006a08                ff_mutex_create
 .text.ff_mutex_delete
                0x02006a20        0x4 C:/devkitPro/libnds/lib\libfat.a(fat_driver.o)
                0x02006a20                ff_mutex_delete
 .text.ff_mutex_take
                0x02006a24       0x14 C:/devkitPro/libnds/lib\libfat.a(fat_driver.o)
                0x02006a24                ff_mutex_take
 .text.ff_mutex_give
                0x02006a38        0x8 C:/devkitPro/libnds/lib\libfat.a(fat_driver.o)
                0x02006a38                ff_mutex_give
 .text.disk_initialize
                0x02006a40       0x24 C:/devkitPro/libnds/lib\libfat.a(fat_driver.o)
                0x02006a40                disk_initialize
 .text.disk_status
                0x02006a64       0x24 C:/devkitPro/libnds/lib\libfat.a(fat_driver.o)
                0x02006a64                disk_status
 .text.disk_read
                0x02006a88       0x2c C:/devkitPro/libnds/lib\libfat.a(fat_driver.o)
                0x02006a88                disk_read
 .text.disk_write
                0x02006ab4       0x2c C:/devkitPro/libnds/lib\libfat.a(fat_driver.o)
                0x02006ab4                disk_write
 .text.disk_ioctl
                0x02006ae0       0x38 C:/devkitPro/libnds/lib\libfat.a(fat_driver.o)
                0x02006ae0                disk_ioctl
 .text.tchar2uni
                0x02006b18       0xfc C:/devkitPro/libnds/lib\libfat.a(ff.o)
 .text.sync_window
                0x02006c14       0x90 C:/devkitPro/libnds/lib\libfat.a(ff.o)
 .text.put_utf  0x02006ca4      0x130 C:/devkitPro/libnds/lib\libfat.a(ff.o)
 .text.dir_clear
                0x02006dd4       0x9c C:/devkitPro/libnds/lib\libfat.a(ff.o)
 .text.get_fileinfo
                0x02006e70      0x28c C:/devkitPro/libnds/lib\libfat.a(ff.o)
 .text.sync_fs  0x020070fc      0x180 C:/devkitPro/libnds/lib\libfat.a(ff.o)
 .text.move_window
                0x0200727c       0xc4 C:/devkitPro/libnds/lib\libfat.a(ff.o)
 .text.put_fat.part.0
                0x02007340      0x1dc C:/devkitPro/libnds/lib\libfat.a(ff.o)
 .text.get_fat.isra.0
                0x0200751c      0x160 C:/devkitPro/libnds/lib\libfat.a(ff.o)
 .text.remove_chain
                0x0200767c       0xf4 C:/devkitPro/libnds/lib\libfat.a(ff.o)
 .text.create_chain
                0x02007770      0x21c C:/devkitPro/libnds/lib\libfat.a(ff.o)
 .text.dir_next
                0x0200798c      0x170 C:/devkitPro/libnds/lib\libfat.a(ff.o)
 .text.dir_read
                0x02007afc      0x248 C:/devkitPro/libnds/lib\libfat.a(ff.o)
 .text.dir_sdi  0x02007d44      0x128 C:/devkitPro/libnds/lib\libfat.a(ff.o)
 .text.dir_alloc
                0x02007e6c       0xcc C:/devkitPro/libnds/lib\libfat.a(ff.o)
 .text.dir_remove
                0x02007f38       0xc4 C:/devkitPro/libnds/lib\libfat.a(ff.o)
 .text.dir_find
                0x02007ffc      0x2f8 C:/devkitPro/libnds/lib\libfat.a(ff.o)
 .text.follow_path
                0x020082f4      0x588 C:/devkitPro/libnds/lib\libfat.a(ff.o)
 .text.dir_register
                0x0200887c      0x3f0 C:/devkitPro/libnds/lib\libfat.a(ff.o)
 .text.check_fs
                0x02008c6c      0x1ec C:/devkitPro/libnds/lib\libfat.a(ff.o)
 .text.mount_volume.part.0
                0x02008e58      0x504 C:/devkitPro/libnds/lib\libfat.a(ff.o)
 .text.validate
                0x0200935c       0xbc C:/devkitPro/libnds/lib\libfat.a(ff.o)
 .text.f_mount  0x02009418       0x6c C:/devkitPro/libnds/lib\libfat.a(ff.o)
                0x02009418                f_mount
 .text.f_umount
                0x02009484       0x38 C:/devkitPro/libnds/lib\libfat.a(ff.o)
                0x02009484                f_umount
 .text.f_open   0x020094bc      0x400 C:/devkitPro/libnds/lib\libfat.a(ff.o)
                0x020094bc                f_open
 .text.f_read   0x020098bc      0x2a4 C:/devkitPro/libnds/lib\libfat.a(ff.o)
                0x020098bc                f_read
 .text.f_write  0x02009b60      0x350 C:/devkitPro/libnds/lib\libfat.a(ff.o)
                0x02009b60                f_write
 .text.f_sync   0x02009eb0      0x1a0 C:/devkitPro/libnds/lib\libfat.a(ff.o)
                0x02009eb0                f_sync
 .text.f_close  0x0200a050       0x58 C:/devkitPro/libnds/lib\libfat.a(ff.o)
                0x0200a050                f_close
 .text.f_chdir  0x0200a0a8       0xf0 C:/devkitPro/libnds/lib\libfat.a(ff.o)
                0x0200a0a8                f_chdir
 .text.f_lseek  0x0200a198      0x298 C:/devkitPro/libnds/lib\libfat.a(ff.o)
                0x0200a198                f_lseek
 .text.f_opendir
                0x0200a430      0x12c C:/devkitPro/libnds/lib\libfat.a(ff.o)
                0x0200a430                f_opendir
 .text.f_closedir
                0x0200a55c       0xb0 C:/devkitPro/libnds/lib\libfat.a(ff.o)
                0x0200a55c                f_closedir
 .text.f_readdir
                0x0200a60c       0xd0 C:/devkitPro/libnds/lib\libfat.a(ff.o)
                0x0200a60c                f_readdir
 .text.f_stat   0x0200a6dc      0x104 C:/devkitPro/libnds/lib\libfat.a(ff.o)
                0x0200a6dc                f_stat
 .text.f_getfree
                0x0200a7e0      0x184 C:/devkitPro/libnds/lib\libfat.a(ff.o)
                0x0200a7e0                f_getfree
 .text.f_truncate
                0x0200a964      0x228 C:/devkitPro/libnds/lib\libfat.a(ff.o)
                0x0200a964                f_truncate
 .text.f_unlink
                0x0200ab8c      0x1a4 C:/devkitPro/libnds/lib\libfat.a(ff.o)
                0x0200ab8c                f_unlink
 .text.f_mkdir  0x0200ad30      0x294 C:/devkitPro/libnds/lib\libfat.a(ff.o)
                0x0200ad30                f_mkdir
 .text.f_rename
                0x0200afc4      0x248 C:/devkitPro/libnds/lib\libfat.a(ff.o)
                0x0200afc4                f_rename
 .text.ff_uni2oem
                0x0200b20c       0x78 C:/devkitPro/libnds/lib\libfat.a(ffunicode.o)
                0x0200b20c                ff_uni2oem
 .text.ff_oem2uni
                0x0200b284       0x40 C:/devkitPro/libnds/lib\libfat.a(ffunicode.o)
                0x0200b284                ff_oem2uni
 .text.ff_wtoupper
                0x0200b2c4      0x128 C:/devkitPro/libnds/lib\libfat.a(ffunicode.o)
                0x0200b2c4                ff_wtoupper
 .text.checkIfText
                0x0200b3ec       0x6c C:/devkitPro/libnds/lib\libnds9.a(background.o)
                0x0200b3ec                checkIfText
 .text.bgUpdate
                0x0200b458       0xe8 C:/devkitPro/libnds/lib\libnds9.a(background.o)
                0x0200b458                bgUpdate
 .text.bgInit_call
                0x0200b540       0xa8 C:/devkitPro/libnds/lib\libnds9.a(background.o)
                0x0200b540                bgInit_call
 .text.bgInitSub_call
                0x0200b5e8       0xb0 C:/devkitPro/libnds/lib\libnds9.a(background.o)
                0x0200b5e8                bgInitSub_call
 .text.newRow   0x0200b698       0xe0 C:/devkitPro/libnds/lib\libnds9.a(console.o)
 .text.consolePrintChar
                0x0200b778       0xe0 C:/devkitPro/libnds/lib\libnds9.a(console.o)
                0x0200b778                consolePrintChar
 .text.con_write
                0x0200b858      0x344 C:/devkitPro/libnds/lib\libnds9.a(console.o)
                0x0200b858                con_write
 .text.consoleLoadFont
                0x0200bb9c      0x2e8 C:/devkitPro/libnds/lib\libnds9.a(console.o)
                0x0200bb9c                consoleLoadFont
 .text.consoleInit
                0x0200be84      0x170 C:/devkitPro/libnds/lib\libnds9.a(console.o)
                0x0200be84                consoleInit
 .text.consoleDemoInit
                0x0200bff4       0x40 C:/devkitPro/libnds/lib\libnds9.a(console.o)
                0x0200bff4                consoleDemoInit
 .text.consoleClear
                0x0200c034       0x10 C:/devkitPro/libnds/lib\libnds9.a(console.o)
                0x0200c034                consoleClear
 .text.getHeader
                0x0200c044        0x4 C:/devkitPro/libnds/lib\libnds9.a(decompress.o)
 .text.readByte
                0x0200c048        0x4 C:/devkitPro/libnds/lib\libnds9.a(decompress.o)
 .text.decompress
                0x0200c04c       0x40 C:/devkitPro/libnds/lib\libnds9.a(decompress.o)
                0x0200c04c                decompress
 .text.defaultHandler
                0x0200c08c       0x6c C:/devkitPro/libnds/lib\libnds9.a(exceptionDefault.o)
 .text.excptPrint
                0x0200c0f8       0x38 C:/devkitPro/libnds/lib\libnds9.a(exceptionDefault.o)
 .text.defaultExceptionHandler
                0x0200c130       0x20 C:/devkitPro/libnds/lib\libnds9.a(exceptionDefault.o)
                0x0200c130                defaultExceptionHandler
 .text.ARMShift
                0x0200c150       0x74 C:/devkitPro/libnds/lib\libnds9.a(gurumeditation.o)
 .text.getExceptionAddress
                0x0200c1c4      0x198 C:/devkitPro/libnds/lib\libnds9.a(gurumeditation.o)
                0x0200c1c4                getExceptionAddress
 .text.guruMeditationDump
                0x0200c35c      0x108 C:/devkitPro/libnds/lib\libnds9.a(gurumeditation.o)
                0x0200c35c                guruMeditationDump
 .text.swapKeyGfx.part.0
                0x0200c464      0x21c C:/devkitPro/libnds/lib\libnds9.a(keyboard.o)
 .text.keyboardGetKey
                0x0200c680       0x4c C:/devkitPro/libnds/lib\libnds9.a(keyboard.o)
                0x0200c680                keyboardGetKey
 .text.keyboardShiftState
                0x0200c6cc       0x9c C:/devkitPro/libnds/lib\libnds9.a(keyboard.o)
                0x0200c6cc                keyboardShiftState
 .text.keyboardUpdate
                0x0200c768      0x12c C:/devkitPro/libnds/lib\libnds9.a(keyboard.o)
                0x0200c768                keyboardUpdate
 .text.keyboardInit
                0x0200c894      0x20c C:/devkitPro/libnds/lib\libnds9.a(keyboard.o)
                0x0200c894                keyboardInit
 .text.keyboardDemoInit
                0x0200caa0       0x2c C:/devkitPro/libnds/lib\libnds9.a(keyboard.o)
                0x0200caa0                keyboardDemoInit
 .text.keyboardShow
                0x0200cacc       0xd8 C:/devkitPro/libnds/lib\libnds9.a(keyboard.o)
                0x0200cacc                keyboardShow
 .text.keyboardHide
                0x0200cba4       0x88 C:/devkitPro/libnds/lib\libnds9.a(keyboard.o)
                0x0200cba4                keyboardHide
 .text.keyboardRead
                0x0200cc2c       0xd0 C:/devkitPro/libnds/lib\libnds9.a(keyboard.o)
                0x0200cc2c                keyboardRead
 .text.scanKeys
                0x0200ccfc       0x6c C:/devkitPro/libnds/lib\libnds9.a(keys.o)
                0x0200ccfc                scanKeys
 .text.keysHeld
                0x0200cd68        0xc C:/devkitPro/libnds/lib\libnds9.a(keys.o)
                0x0200cd68                keysHeld
 .text.keysDown
                0x0200cd74       0x10 C:/devkitPro/libnds/lib\libnds9.a(keys.o)
                0x0200cd74                keysDown
 .text.keysUp   0x0200cd84       0x10 C:/devkitPro/libnds/lib\libnds9.a(keys.o)
                0x0200cd84                keysUp
 .text.keysCurrent
                0x0200cd94       0x1c C:/devkitPro/libnds/lib\libnds9.a(keys.o)
                0x0200cd94                keysCurrent
 .text.oamAllocReset
                0x0200cdb0       0x1c C:/devkitPro/libnds/lib\libnds9.a(sprite_alloc.o)
                0x0200cdb0                oamAllocReset
 .text.oamAllocateGfx
                0x0200cdcc      0x578 C:/devkitPro/libnds/lib\libnds9.a(sprite_alloc.o)
                0x0200cdcc                oamAllocateGfx
 .text.oamInit  0x0200d344      0x138 C:/devkitPro/libnds/lib\libnds9.a(sprite.o)
                0x0200d344                oamInit
 .text.oamGetGfxPtr
                0x0200d47c       0x34 C:/devkitPro/libnds/lib\libnds9.a(sprite.o)
                0x0200d47c                oamGetGfxPtr
 .text.oamClear
                0x0200d4b0       0x24 C:/devkitPro/libnds/lib\libnds9.a(sprite.o)
                0x0200d4b0                oamClear
 .text.oamGfxPtrToOffset
                0x0200d4d4       0x34 C:/devkitPro/libnds/lib\libnds9.a(sprite.o)
                0x0200d4d4                oamGfxPtrToOffset
 .text.oamSet   0x0200d508      0x100 C:/devkitPro/libnds/lib\libnds9.a(sprite.o)
                0x0200d508                oamSet
 .text.oamUpdate
                0x0200d608       0x78 C:/devkitPro/libnds/lib\libnds9.a(sprite.o)
                0x0200d608                oamUpdate
 .text.sinLutLookup
                0x0200d680       0x4c C:/devkitPro/libnds/lib\libnds9.a(trig.o)
                0x0200d680                sinLutLookup
 .text.sinLerp  0x0200d6cc       0x38 C:/devkitPro/libnds/lib\libnds9.a(trig.o)
                0x0200d6cc                sinLerp
 .text.cosLerp  0x0200d704       0x44 C:/devkitPro/libnds/lib\libnds9.a(trig.o)
                0x0200d704                cosLerp
 .text.__libnds_excpt
                0x0200d748       0xf8 C:/devkitPro/libnds/lib\libnds9.a(exceptionEntry.o)
                0x0200d748                __libnds_excpt
 .text.threadExit
                0x0200d840       0x9c C:/devkitPro/calico/lib\libcalico_ds9.a(thread_cold.o)
                0x0200d840                threadExit
 .text._threadTickTask
                0x0200d8dc       0x10 C:/devkitPro/calico/lib\libcalico_ds9.a(thread_cold.o)
 .text._threadInit
                0x0200d8ec       0x98 C:/devkitPro/calico/lib\libcalico_ds9.a(thread_cold.o)
                0x0200d8ec                _threadInit
 .text.threadPrepare
                0x0200d984       0xa4 C:/devkitPro/calico/lib\libcalico_ds9.a(thread_cold.o)
                0x0200d984                threadPrepare
 .text.threadStart
                0x0200da28       0xc8 C:/devkitPro/calico/lib\libcalico_ds9.a(thread_cold.o)
                0x0200da28                threadStart
 .text.threadIrqWait
                0x0200daf0       0xa0 C:/devkitPro/calico/lib\libcalico_ds9.a(thread_cold.o)
                0x0200daf0                threadIrqWait
 .text.threadSleepTicks
                0x0200db90       0x58 C:/devkitPro/calico/lib\libcalico_ds9.a(thread_cold.o)
                0x0200db90                threadSleepTicks
 .text._dietPrintDefaultFunc
                0x0200dbe8        0x4 C:/devkitPro/calico/lib\libcalico_ds9.a(dietprint.o)
 .text._dietOutput
                0x0200dbec       0x3c C:/devkitPro/calico/lib\libcalico_ds9.a(dietprint.o)
 .text._dietPrintDec32
                0x0200dc28      0x110 C:/devkitPro/calico/lib\libcalico_ds9.a(dietprint.o)
 .text._dietPrintHex32
                0x0200dd38      0x170 C:/devkitPro/calico/lib\libcalico_ds9.a(dietprint.o)
 .text.dietPrintV
                0x0200dea8      0x4b8 C:/devkitPro/calico/lib\libcalico_ds9.a(dietprint.o)
                0x0200dea8                dietPrintV
 .text.dietPrint
                0x0200e360       0x18 C:/devkitPro/calico/lib\libcalico_ds9.a(dietprint.o)
                0x0200e360                dietPrint
 .text.__syscall_getreent
                0x0200e378       0x14 C:/devkitPro/calico/lib\libcalico_ds9.a(newlib_syscalls.o)
                0x0200e378                __syscall_getreent
 .text.__errno  0x0200e38c       0x24 C:/devkitPro/calico/lib\libcalico_ds9.a(newlib_syscalls.o)
                0x0200e38c                __errno
 .text.__syscall_gettod_r
                0x0200e3b0       0x30 C:/devkitPro/calico/lib\libcalico_ds9.a(newlib_syscalls.o)
                0x0200e3b0                __syscall_gettod_r
 .text.__syscall_lock_acquire
                0x0200e3e0        0x4 C:/devkitPro/calico/lib\libcalico_ds9.a(newlib_syscalls.o)
                0x0200e3e0                __syscall_lock_acquire
 .text.__syscall_lock_release
                0x0200e3e4        0x4 C:/devkitPro/calico/lib\libcalico_ds9.a(newlib_syscalls.o)
                0x0200e3e4                __syscall_lock_release
 .text.__syscall_lock_acquire_recursive
                0x0200e3e8       0x4c C:/devkitPro/calico/lib\libcalico_ds9.a(newlib_syscalls.o)
                0x0200e3e8                __syscall_lock_acquire_recursive
 .text.__syscall_lock_release_recursive
                0x0200e434       0x18 C:/devkitPro/calico/lib\libcalico_ds9.a(newlib_syscalls.o)
                0x0200e434                __syscall_lock_release_recursive
 .text.svcLZ77UncompWram
                0x0200e44c        0x4 C:/devkitPro/calico/lib\libcalico_ds9.a(bios.o)
                0x0200e44c                svcLZ77UncompWram
 .text.svcHuffUncompCallback
                0x0200e450        0x4 C:/devkitPro/calico/lib\libcalico_ds9.a(bios.o)
                0x0200e450                svcHuffUncompCallback
 .text.svcRLUncompWram
                0x0200e454        0x4 C:/devkitPro/calico/lib\libcalico_ds9.a(bios.o)
                0x0200e454                svcRLUncompWram
 .text.svcRLUncompVramCallback
                0x0200e458        0x4 C:/devkitPro/calico/lib\libcalico_ds9.a(bios.o)
                0x0200e458                svcRLUncompVramCallback
 .text.svcLZ77UncompVramCallback
                0x0200e45c       0x18 C:/devkitPro/calico/lib\libcalico_ds9.a(bios.o)
                0x0200e45c                svcLZ77UncompVramCallback
 .text._pxiMailboxHandler
                0x0200e474        0x4 C:/devkitPro/calico/lib\libcalico_ds9.a(pxi.o)
 .text._pxiRecvUnhandled
                0x0200e478        0x4 C:/devkitPro/calico/lib\libcalico_ds9.a(pxi.o)
                0x0200e478                _pxiRecvUnhandled
 .text._pxiRecvIrqHandler
                0x0200e47c      0x154 C:/devkitPro/calico/lib\libcalico_ds9.a(pxi.o)
 .text._pxiInit
                0x0200e5d0       0x58 C:/devkitPro/calico/lib\libcalico_ds9.a(pxi.o)
                0x0200e5d0                _pxiInit
 .text.pxiSetHandler
                0x0200e628       0x74 C:/devkitPro/calico/lib\libcalico_ds9.a(pxi.o)
                0x0200e628                pxiSetHandler
 .text.pxiSetMailbox
                0x0200e69c       0x68 C:/devkitPro/calico/lib\libcalico_ds9.a(pxi.o)
                0x0200e69c                pxiSetMailbox
 .text.pxiWaitRemote
                0x0200e704       0x38 C:/devkitPro/calico/lib\libcalico_ds9.a(pxi.o)
                0x0200e704                pxiWaitRemote
 .text.pxiSendPacket
                0x0200e73c       0x50 C:/devkitPro/calico/lib\libcalico_ds9.a(pxi.o)
                0x0200e73c                pxiSendPacket
 .text.pxiSendExtPacket
                0x0200e78c       0x98 C:/devkitPro/calico/lib\libcalico_ds9.a(pxi.o)
                0x0200e78c                pxiSendExtPacket
 .text.pxiBeginReceive
                0x0200e824       0x2c C:/devkitPro/calico/lib\libcalico_ds9.a(pxi.o)
                0x0200e824                pxiBeginReceive
 .text.pxiEndReceive
                0x0200e850       0xac C:/devkitPro/calico/lib\libcalico_ds9.a(pxi.o)
                0x0200e850                pxiEndReceive
 .text.keypadGetState
                0x0200e8fc       0x28 C:/devkitPro/calico/lib\libcalico_ds9.a(keypad.o)
                0x0200e8fc                keypadGetState
 .text._pmCallEventHandlers
                0x0200e924       0x40 C:/devkitPro/calico/lib\libcalico_ds9.a(pm.o)
 .text._pmPxiThreadMain
                0x0200e964       0xa0 C:/devkitPro/calico/lib\libcalico_ds9.a(pm.o)
 .text._pmResetPxiHandler
                0x0200ea04       0x28 C:/devkitPro/calico/lib\libcalico_ds9.a(pm.o)
 .text.systemUserExit
                0x0200ea2c        0x4 C:/devkitPro/calico/lib\libcalico_ds9.a(pm.o)
                0x0200ea2c                systemUserExit
 .text.systemErrorExit
                0x0200ea30        0x4 C:/devkitPro/calico/lib\libcalico_ds9.a(pm.o)
                0x0200ea30                systemErrorExit
 .text.__syscall_exit
                0x0200ea34      0x138 C:/devkitPro/calico/lib\libcalico_ds9.a(pm.o)
                0x0200ea34                __syscall_exit
 .text.pmInit   0x0200eb6c       0x58 C:/devkitPro/calico/lib\libcalico_ds9.a(pm.o)
                0x0200eb6c                pmInit
 .text.pmEnterSleep
                0x0200ebc4       0xcc C:/devkitPro/calico/lib\libcalico_ds9.a(pm.o)
                0x0200ebc4                pmEnterSleep
 .text.pmMainLoop
                0x0200ec90       0x74 C:/devkitPro/calico/lib\libcalico_ds9.a(pm.o)
                0x0200ec90                pmMainLoop
 .text.systemUserStartup
                0x0200ed04        0x4 C:/devkitPro/calico/lib\libcalico_ds9.a(sys_startup.o)
                0x0200ed04                systemUserStartup
 .text.systemStartup
                0x0200ed08      0x104 C:/devkitPro/calico/lib\libcalico_ds9.a(sys_startup.o)
                0x0200ed08                systemStartup
 .text.touchRead
                0x0200ee0c       0x58 C:/devkitPro/calico/lib\libcalico_ds9.a(touch.o)
                0x0200ee0c                touchRead
 .text._blkDevReadWriteSectors
                0x0200ee64       0x44 C:/devkitPro/calico/lib\libcalico_ds9.a(blk.o)
 .text.blkInit  0x0200eea8        0x8 C:/devkitPro/calico/lib\libcalico_ds9.a(blk.o)
                0x0200eea8                blkInit
 .text.blkDevIsPresent
                0x0200eeb0       0x30 C:/devkitPro/calico/lib\libcalico_ds9.a(blk.o)
                0x0200eeb0                blkDevIsPresent
 .text.blkDevInit
                0x0200eee0       0x30 C:/devkitPro/calico/lib\libcalico_ds9.a(blk.o)
                0x0200eee0                blkDevInit
 .text.blkDevGetSectorCount
                0x0200ef10       0x34 C:/devkitPro/calico/lib\libcalico_ds9.a(blk.o)
                0x0200ef10                blkDevGetSectorCount
 .text.blkDevReadSectors
                0x0200ef44       0x5c C:/devkitPro/calico/lib\libcalico_ds9.a(blk.o)
                0x0200ef44                blkDevReadSectors
 .text.blkDevWriteSectors
                0x0200efa0       0x5c C:/devkitPro/calico/lib\libcalico_ds9.a(blk.o)
                0x0200efa0                blkDevWriteSectors
 .text.irqSet   0x0200effc       0x64 C:/devkitPro/calico/lib\libcalico_ds9.a(irq.o)
                0x0200effc                irqSet
 .text._tickCountIsr
                0x0200f060       0x1c C:/devkitPro/calico/lib\libcalico_ds9.a(tick.o)
 .text._tickTaskSchedule.part.0.isra.0
                0x0200f07c       0x84 C:/devkitPro/calico/lib\libcalico_ds9.a(tick.o)
 .text.tickInit
                0x0200f100       0xa0 C:/devkitPro/calico/lib\libcalico_ds9.a(tick.o)
                0x0200f100                tickInit
 .text.tickGetCount
                0x0200f1a0       0x5c C:/devkitPro/calico/lib\libcalico_ds9.a(tick.o)
                0x0200f1a0                tickGetCount
 .text._tickTaskIsr
                0x0200f1fc      0x110 C:/devkitPro/calico/lib\libcalico_ds9.a(tick.o)
 .text.tickTaskStart
                0x0200f30c      0x144 C:/devkitPro/calico/lib\libcalico_ds9.a(tick.o)
                0x0200f30c                tickTaskStart
 .text.threadUpdateDynamicPrio
                0x0200f450      0x1cc C:/devkitPro/calico/lib\libcalico_ds9.a(mutex.o)
 .text.threadRemoveWaiter
                0x0200f61c      0x1c8 C:/devkitPro/calico/lib\libcalico_ds9.a(mutex.o)
 .text.mutexLock
                0x0200f7e4      0x150 C:/devkitPro/calico/lib\libcalico_ds9.a(mutex.o)
                0x0200f7e4                mutexLock
 .text.mutexUnlock
                0x0200f934       0xd0 C:/devkitPro/calico/lib\libcalico_ds9.a(mutex.o)
                0x0200f934                mutexUnlock
 .text.mailboxTrySend
                0x0200fa04       0x98 C:/devkitPro/calico/lib\libcalico_ds9.a(mailbox.o)
                0x0200fa04                mailboxTrySend
 .text.mailboxRecv
                0x0200fa9c       0x98 C:/devkitPro/calico/lib\libcalico_ds9.a(mailbox.o)
                0x0200fa9c                mailboxRecv
 .text.log2     0x0200fb34       0x1c C:/devkitPro/devkitARM/bin/../lib/gcc/arm-none-eabi/15.1.0/../../../../arm-none-eabi/lib/thumb\libm.a(libm_a-s_log2.o)
                0x0200fb34                log2
 .text.log      0x0200fb50       0x70 C:/devkitPro/devkitARM/bin/../lib/gcc/arm-none-eabi/15.1.0/../../../../arm-none-eabi/lib/thumb\libm.a(libm_a-w_log.o)
                0x0200fb50                log
 .text.__ieee754_log
                0x0200fbc0      0x364 C:/devkitPro/devkitARM/bin/../lib/gcc/arm-none-eabi/15.1.0/../../../../arm-none-eabi/lib/thumb\libm.a(libm_a-e_log.o)
                0x0200fbc0                __ieee754_log
 .text.nan      0x0200ff24        0xc C:/devkitPro/devkitARM/bin/../lib/gcc/arm-none-eabi/15.1.0/../../../../arm-none-eabi/lib/thumb\libm.a(libm_a-s_nan.o)
                0x0200ff24                nan
 .text          0x0200ff30      0x11c C:/devkitPro/devkitARM/bin/../lib/gcc/arm-none-eabi/15.1.0/thumb\libgcc.a(_udivsi3.o)
                0x0200ff30                __aeabi_uidiv
                0x0200ff30                __udivsi3
                0x0201002c                __aeabi_uidivmod
 .text          0x0201004c      0x150 C:/devkitPro/devkitARM/bin/../lib/gcc/arm-none-eabi/15.1.0/thumb\libgcc.a(_divsi3.o)
                0x0201004c                __divsi3
                0x0201004c                __aeabi_idiv
                0x0201017c                __aeabi_idivmod
 .text          0x0201019c        0x4 C:/devkitPro/devkitARM/bin/../lib/gcc/arm-none-eabi/15.1.0/thumb\libgcc.a(_dvmd_tls.o)
                0x0201019c                __aeabi_idiv0
                0x0201019c                __aeabi_ldiv0
 .text          0x020101a0      0x424 C:/devkitPro/devkitARM/bin/../lib/gcc/arm-none-eabi/15.1.0/thumb\libgcc.a(_arm_addsubdf3.o)
                0x020101a0                __aeabi_drsub
                0x020101a8                __aeabi_dsub
                0x020101a8                __subdf3
                0x020101ac                __aeabi_dadd
                0x020101ac                __adddf3
                0x020104bc                __floatunsidf
                0x020104bc                __aeabi_ui2d
                0x020104e0                __floatsidf
                0x020104e0                __aeabi_i2d
                0x02010508                __aeabi_f2d
                0x02010508                __extendsfdf2
                0x02010550                __floatundidf
                0x02010550                __aeabi_ul2d
                0x02010564                __floatdidf
                0x02010564                __aeabi_l2d
 .text          0x020105c4      0x49c C:/devkitPro/devkitARM/bin/../lib/gcc/arm-none-eabi/15.1.0/thumb\libgcc.a(_arm_muldivdf3.o)
                0x020105c4                __aeabi_dmul
                0x020105c4                __muldf3
                0x02010854                __divdf3
                0x02010854                __aeabi_ddiv
 .text          0x02010a60      0x144 C:/devkitPro/devkitARM/bin/../lib/gcc/arm-none-eabi/15.1.0/thumb\libgcc.a(_arm_cmpdf2.o)
                0x02010a60                __gtdf2
                0x02010a60                __gedf2
                0x02010a68                __ltdf2
                0x02010a68                __ledf2
                0x02010a70                __nedf2
                0x02010a70                __eqdf2
                0x02010a70                __cmpdf2
                0x02010af8                __aeabi_cdrcmple
                0x02010b14                __aeabi_cdcmpeq
                0x02010b14                __aeabi_cdcmple
                0x02010b2c                __aeabi_dcmpeq
                0x02010b44                __aeabi_dcmplt
                0x02010b5c                __aeabi_dcmple
                0x02010b74                __aeabi_dcmpge
                0x02010b8c                __aeabi_dcmpgt
 .text          0x02010ba4       0x38 C:/devkitPro/devkitARM/bin/../lib/gcc/arm-none-eabi/15.1.0/thumb\libgcc.a(_arm_unorddf2.o)
                0x02010ba4                __unorddf2
                0x02010ba4                __aeabi_dcmpun
 .text          0x02010bdc       0x5c C:/devkitPro/devkitARM/bin/../lib/gcc/arm-none-eabi/15.1.0/thumb\libgcc.a(_arm_fixdfsi.o)
                0x02010bdc                __aeabi_d2iz
                0x02010bdc                __fixdfsi
 .text          0x02010c38       0x3c C:/devkitPro/devkitARM/bin/../lib/gcc/arm-none-eabi/15.1.0/thumb\libgcc.a(_aeabi_uldivmod.o)
                0x02010c38                __aeabi_uldivmod
 .text.__udivmoddi4
                0x02010c74      0x194 C:/devkitPro/devkitARM/bin/../lib/gcc/arm-none-eabi/15.1.0/thumb\libgcc.a(_udivmoddi4.o)
                0x02010c74                __udivmoddi4
 .text          0x02010e08       0x28 C:/devkitPro/devkitARM/bin/../lib/gcc/arm-none-eabi/15.1.0/thumb\libgcc.a(_clzdi2.o)
                0x02010e08                __clzdi2
 .text          0x02010e30       0x48 C:/devkitPro/devkitARM/bin/../lib/gcc/arm-none-eabi/15.1.0/thumb\libgcc.a(_clzsi2.o)
                0x02010e30                __clzsi2
 .text.strchr   0x02010e78       0xbc C:/devkitPro/devkitARM/bin/../lib/gcc/arm-none-eabi/15.1.0/../../../../arm-none-eabi/lib/thumb\libg.a(libc_a-strchr.o)
                0x02010e78                strchr
 .text._fclose_r
                0x02010f34       0xdc C:/devkitPro/devkitARM/bin/../lib/gcc/arm-none-eabi/15.1.0/../../../../arm-none-eabi/lib/thumb\libg.a(libc_a-fclose.o)
                0x02010f34                _fclose_r
 .text.fclose   0x02011010       0x14 C:/devkitPro/devkitARM/bin/../lib/gcc/arm-none-eabi/15.1.0/../../../../arm-none-eabi/lib/thumb\libg.a(libc_a-fclose.o)
                0x02011010                fclose
 .text._fwrite_r
                0x02011024       0x9c C:/devkitPro/devkitARM/bin/../lib/gcc/arm-none-eabi/15.1.0/../../../../arm-none-eabi/lib/thumb\libg.a(libc_a-fwrite.o)
                0x02011024                _fwrite_r
 .text.fwrite   0x020110c0       0x24 C:/devkitPro/devkitARM/bin/../lib/gcc/arm-none-eabi/15.1.0/../../../../arm-none-eabi/lib/thumb\libg.a(libc_a-fwrite.o)
                0x020110c0                fwrite
 .text.sprintf  0x020110e4       0x44 C:/devkitPro/devkitARM/bin/../lib/gcc/arm-none-eabi/15.1.0/../../../../arm-none-eabi/lib/thumb\libg.a(libc_a-sprintf.o)
                0x020110e4                sprintf
 .text.memcmp   0x02011128       0x48 C:/devkitPro/devkitARM/bin/../lib/gcc/arm-none-eabi/15.1.0/../../../../arm-none-eabi/lib/thumb\libg.a(libc_a-memcmp.o)
                0x02011128                memcmp
 .text.stdio_exit_handler
                0x02011170       0x20 C:/devkitPro/devkitARM/bin/../lib/gcc/arm-none-eabi/15.1.0/../../../../arm-none-eabi/lib/thumb\libg.a(libc_a-findfp.o)
 .text.cleanup_stdio
                0x02011190       0x40 C:/devkitPro/devkitARM/bin/../lib/gcc/arm-none-eabi/15.1.0/../../../../arm-none-eabi/lib/thumb\libg.a(libc_a-findfp.o)
 .text.global_stdio_init.part.0
                0x020111d0      0x120 C:/devkitPro/devkitARM/bin/../lib/gcc/arm-none-eabi/15.1.0/../../../../arm-none-eabi/lib/thumb\libg.a(libc_a-findfp.o)
 .text.__sfp    0x020112f0       0xcc C:/devkitPro/devkitARM/bin/../lib/gcc/arm-none-eabi/15.1.0/../../../../arm-none-eabi/lib/thumb\libg.a(libc_a-findfp.o)
                0x020112f0                __sfp
 .text.__sinit  0x020113bc       0x3c C:/devkitPro/devkitARM/bin/../lib/gcc/arm-none-eabi/15.1.0/../../../../arm-none-eabi/lib/thumb\libg.a(libc_a-findfp.o)
                0x020113bc                __sinit
 .text.__sfp_lock_acquire
                0x020113f8       0x14 C:/devkitPro/devkitARM/bin/../lib/gcc/arm-none-eabi/15.1.0/../../../../arm-none-eabi/lib/thumb\libg.a(libc_a-findfp.o)
                0x020113f8                __sfp_lock_acquire
 .text.__sfp_lock_release
                0x0201140c       0x14 C:/devkitPro/devkitARM/bin/../lib/gcc/arm-none-eabi/15.1.0/../../../../arm-none-eabi/lib/thumb\libg.a(libc_a-findfp.o)
                0x0201140c                __sfp_lock_release
 .text.__libc_init_array
                0x02011420       0x54 C:/devkitPro/devkitARM/bin/../lib/gcc/arm-none-eabi/15.1.0/../../../../arm-none-eabi/lib/thumb\libg.a(libc_a-init.o)
                0x02011420                __libc_init_array
 .text._fwalk_sglue
                0x02011474       0x4c C:/devkitPro/devkitARM/bin/../lib/gcc/arm-none-eabi/15.1.0/../../../../arm-none-eabi/lib/thumb\libg.a(libc_a-fwalk.o)
                0x02011474                _fwalk_sglue
 .text.calloc   0x020114c0       0x18 C:/devkitPro/devkitARM/bin/../lib/gcc/arm-none-eabi/15.1.0/../../../../arm-none-eabi/lib/thumb\libg.a(libc_a-calloc.o)
                0x020114c0                calloc
 .text.siscanf  0x020114d8       0x50 C:/devkitPro/devkitARM/bin/../lib/gcc/arm-none-eabi/15.1.0/../../../../arm-none-eabi/lib/thumb\libg.a(libc_a-siscanf.o)
                0x020114d8                siscanf
 .text.strrchr  0x02011528       0x30 C:/devkitPro/devkitARM/bin/../lib/gcc/arm-none-eabi/15.1.0/../../../../arm-none-eabi/lib/thumb\libg.a(libc_a-strrchr.o)
                0x02011528                strrchr
 .text.aligned_alloc
                0x02011558       0x18 C:/devkitPro/devkitARM/bin/../lib/gcc/arm-none-eabi/15.1.0/../../../../arm-none-eabi/lib/thumb\libg.a(libc_a-aligned_alloc.o)
                0x02011558                aligned_alloc
 .text._calloc_r
                0x02011570       0xcc C:/devkitPro/devkitARM/bin/../lib/gcc/arm-none-eabi/15.1.0/../../../../arm-none-eabi/lib/thumb\libg.a(libc_a-callocr.o)
                0x02011570                _calloc_r
 .text.realloc  0x0201163c       0x18 C:/devkitPro/devkitARM/bin/../lib/gcc/arm-none-eabi/15.1.0/../../../../arm-none-eabi/lib/thumb\libg.a(libc_a-realloc.o)
                0x0201163c                realloc
 .text.validate_structure
                0x02011654      0x1e8 C:/devkitPro/devkitARM/bin/../lib/gcc/arm-none-eabi/15.1.0/../../../../arm-none-eabi/lib/thumb\libg.a(libc_a-mktime.o)
 .text.mktime   0x0201183c      0x434 C:/devkitPro/devkitARM/bin/../lib/gcc/arm-none-eabi/15.1.0/../../../../arm-none-eabi/lib/thumb\libg.a(libc_a-mktime.o)
                0x0201183c                mktime
 .text._fseek_r
                0x02011c70       0x14 C:/devkitPro/devkitARM/bin/../lib/gcc/arm-none-eabi/15.1.0/../../../../arm-none-eabi/lib/thumb\libg.a(libc_a-fseek.o)
                0x02011c70                _fseek_r
 .text.fseek    0x02011c84       0x24 C:/devkitPro/devkitARM/bin/../lib/gcc/arm-none-eabi/15.1.0/../../../../arm-none-eabi/lib/thumb\libg.a(libc_a-fseek.o)
                0x02011c84                fseek
 .text.__tz_lock
                0x02011ca8       0x14 C:/devkitPro/devkitARM/bin/../lib/gcc/arm-none-eabi/15.1.0/../../../../arm-none-eabi/lib/thumb\libg.a(libc_a-tzlock.o)
                0x02011ca8                __tz_lock
 .text.__tz_unlock
                0x02011cbc       0x14 C:/devkitPro/devkitARM/bin/../lib/gcc/arm-none-eabi/15.1.0/../../../../arm-none-eabi/lib/thumb\libg.a(libc_a-tzlock.o)
                0x02011cbc                __tz_unlock
 .text._malloc_r
                0x02011cd0      0x550 C:/devkitPro/devkitARM/bin/../lib/gcc/arm-none-eabi/15.1.0/../../../../arm-none-eabi/lib/thumb\libg.a(libc_a-mallocr.o)
                0x02011cd0                _malloc_r
 .text._malloc_trim_r
                0x02012220       0xac C:/devkitPro/devkitARM/bin/../lib/gcc/arm-none-eabi/15.1.0/../../../../arm-none-eabi/lib/thumb\libg.a(libc_a-freer.o)
                0x02012220                _malloc_trim_r
 .text._free_r  0x020122cc      0x1d8 C:/devkitPro/devkitARM/bin/../lib/gcc/arm-none-eabi/15.1.0/../../../../arm-none-eabi/lib/thumb\libg.a(libc_a-freer.o)
                0x020122cc                _free_r
 .text.get_arg  0x020124a4      0x404 C:/devkitPro/devkitARM/bin/../lib/gcc/arm-none-eabi/15.1.0/../../../../arm-none-eabi/lib/thumb\libg.a(libc_a-svfprintf.o)
 .text._svfprintf_r
                0x020128a8     0x22d8 C:/devkitPro/devkitARM/bin/../lib/gcc/arm-none-eabi/15.1.0/../../../../arm-none-eabi/lib/thumb\libg.a(libc_a-svfprintf.o)
                0x020128a8                _svfprintf_r
 .text.strnlen  0x02014b80       0x20 C:/devkitPro/devkitARM/bin/../lib/gcc/arm-none-eabi/15.1.0/../../../../arm-none-eabi/lib/thumb\libg.a(libc_a-strnlen.o)
                0x02014b80                strnlen
 .text.malloc   0x02014ba0       0x28 C:/devkitPro/devkitARM/bin/../lib/gcc/arm-none-eabi/15.1.0/../../../../arm-none-eabi/lib/thumb\libg.a(libc_a-malloc.o)
                0x02014ba0                malloc
 .text.free     0x02014bc8       0x14 C:/devkitPro/devkitARM/bin/../lib/gcc/arm-none-eabi/15.1.0/../../../../arm-none-eabi/lib/thumb\libg.a(libc_a-malloc.o)
                0x02014bc8                free
 .text.__sflush_r
                0x02014bdc      0x180 C:/devkitPro/devkitARM/bin/../lib/gcc/arm-none-eabi/15.1.0/../../../../arm-none-eabi/lib/thumb\libg.a(libc_a-fflush.o)
                0x02014bdc                __sflush_r
 .text._fflush_r
                0x02014d5c       0x70 C:/devkitPro/devkitARM/bin/../lib/gcc/arm-none-eabi/15.1.0/../../../../arm-none-eabi/lib/thumb\libg.a(libc_a-fflush.o)
                0x02014d5c                _fflush_r
 .text.time     0x02014dcc       0x38 C:/devkitPro/devkitARM/bin/../lib/gcc/arm-none-eabi/15.1.0/../../../../arm-none-eabi/lib/thumb\libg.a(libc_a-time.o)
                0x02014dcc                time
 .text.memset   0x02014e04       0x8c C:/devkitPro/devkitARM/bin/../lib/gcc/arm-none-eabi/15.1.0/../../../../arm-none-eabi/lib/thumb\libg.a(libc_a-memset.o)
                0x02014e04                memset
 .text._realloc_r
                0x02014e90      0x344 C:/devkitPro/devkitARM/bin/../lib/gcc/arm-none-eabi/15.1.0/../../../../arm-none-eabi/lib/thumb\libg.a(libc_a-reallocr.o)
                0x02014e90                _realloc_r
 .text.localtime_r
                0x020151d4      0x228 C:/devkitPro/devkitARM/bin/../lib/gcc/arm-none-eabi/15.1.0/../../../../arm-none-eabi/lib/thumb\libg.a(libc_a-lcltime_r.o)
                0x020151d4                localtime_r
 .text._fread_r
                0x020153fc      0x228 C:/devkitPro/devkitARM/bin/../lib/gcc/arm-none-eabi/15.1.0/../../../../arm-none-eabi/lib/thumb\libg.a(libc_a-fread.o)
                0x020153fc                _fread_r
 .text.fread    0x02015624       0x24 C:/devkitPro/devkitARM/bin/../lib/gcc/arm-none-eabi/15.1.0/../../../../arm-none-eabi/lib/thumb\libg.a(libc_a-fread.o)
                0x02015624                fread
 .text.__malloc_lock
                0x02015648       0x14 C:/devkitPro/devkitARM/bin/../lib/gcc/arm-none-eabi/15.1.0/../../../../arm-none-eabi/lib/thumb\libg.a(libc_a-mlock.o)
                0x02015648                __malloc_lock
 .text.__malloc_unlock
                0x0201565c       0x14 C:/devkitPro/devkitARM/bin/../lib/gcc/arm-none-eabi/15.1.0/../../../../arm-none-eabi/lib/thumb\libg.a(libc_a-mlock.o)
                0x0201565c                __malloc_unlock
 .text.__tzcalc_limits
                0x02015670      0x1ac C:/devkitPro/devkitARM/bin/../lib/gcc/arm-none-eabi/15.1.0/../../../../arm-none-eabi/lib/thumb\libg.a(libc_a-tzcalc_limits.o)
                0x02015670                __tzcalc_limits
 .text          0x0201581c      0x224 C:/devkitPro/devkitARM/bin/../lib/gcc/arm-none-eabi/15.1.0/../../../../arm-none-eabi/lib/thumb\libg.a(libc_a-strcmp.o)
                0x0201581c                strcmp
 .text.__call_exitprocs
                0x02015a40        0xc C:/devkitPro/devkitARM/bin/../lib/gcc/arm-none-eabi/15.1.0/../../../../arm-none-eabi/lib/thumb\libg.a(libc_a-exit.o)
                0x02015a40                __call_exitprocs
 .text.setvbuf  0x02015a4c      0x1ac C:/devkitPro/devkitARM/bin/../lib/gcc/arm-none-eabi/15.1.0/../../../../arm-none-eabi/lib/thumb\libg.a(libc_a-setvbuf.o)
                0x02015a4c                setvbuf
 .text._fopen_r
                0x02015bf8       0xb4 C:/devkitPro/devkitARM/bin/../lib/gcc/arm-none-eabi/15.1.0/../../../../arm-none-eabi/lib/thumb\libg.a(libc_a-fopen.o)
                0x02015bf8                _fopen_r
 .text.fopen    0x02015cac       0x18 C:/devkitPro/devkitARM/bin/../lib/gcc/arm-none-eabi/15.1.0/../../../../arm-none-eabi/lib/thumb\libg.a(libc_a-fopen.o)
                0x02015cac                fopen
 .text.strncpy  0x02015cc4       0x68 C:/devkitPro/devkitARM/bin/../lib/gcc/arm-none-eabi/15.1.0/../../../../arm-none-eabi/lib/thumb\libg.a(libc_a-strncpy.o)
                0x02015cc4                strncpy
 .text.ftell    0x02015d2c       0x24 C:/devkitPro/devkitARM/bin/../lib/gcc/arm-none-eabi/15.1.0/../../../../arm-none-eabi/lib/thumb\libg.a(libc_a-ftell.o)
                0x02015d2c                ftell
 .text.memcpy   0x02015d50       0xb0 C:/devkitPro/devkitARM/bin/../lib/gcc/arm-none-eabi/15.1.0/../../../../arm-none-eabi/lib/thumb\libg.a(libc_a-memcpy-stub.o)
                0x02015d50                memcpy
 .text._wcsrtombs_r
                0x02015e00       0x20 C:/devkitPro/devkitARM/bin/../lib/gcc/arm-none-eabi/15.1.0/../../../../arm-none-eabi/lib/thumb\libg.a(libc_a-wcsrtombs.o)
                0x02015e00                _wcsrtombs_r
 .text.iprintf  0x02015e20       0x28 C:/devkitPro/devkitARM/bin/../lib/gcc/arm-none-eabi/15.1.0/../../../../arm-none-eabi/lib/thumb\libg.a(libc_a-iprintf.o)
                0x02015e20                iprintf
 .text.write    0x02015e48       0x1c C:/devkitPro/devkitARM/bin/../lib/gcc/arm-none-eabi/15.1.0/../../../../arm-none-eabi/lib/thumb\libg.a(libc_a-syswrite.o)
                0x02015e48                write
 .text.frexp    0x02015e64       0x74 C:/devkitPro/devkitARM/bin/../lib/gcc/arm-none-eabi/15.1.0/../../../../arm-none-eabi/lib/thumb\libg.a(libm_a-s_frexp.o)
                0x02015e64                frexp
 .text.__sfvwrite_r
                0x02015ed8      0x31c C:/devkitPro/devkitARM/bin/../lib/gcc/arm-none-eabi/15.1.0/../../../../arm-none-eabi/lib/thumb\libg.a(libc_a-fvwrite.o)
                0x02015ed8                __sfvwrite_r
 .text.__sread  0x020161f4       0x34 C:/devkitPro/devkitARM/bin/../lib/gcc/arm-none-eabi/15.1.0/../../../../arm-none-eabi/lib/thumb\libg.a(libc_a-stdio.o)
                0x020161f4                __sread
 .text.__seofread
                0x02016228        0x4 C:/devkitPro/devkitARM/bin/../lib/gcc/arm-none-eabi/15.1.0/../../../../arm-none-eabi/lib/thumb\libg.a(libc_a-stdio.o)
                0x02016228                __seofread
 .text.__swrite
                0x0201622c       0x4c C:/devkitPro/devkitARM/bin/../lib/gcc/arm-none-eabi/15.1.0/../../../../arm-none-eabi/lib/thumb\libg.a(libc_a-stdio.o)
                0x0201622c                __swrite
 .text.__sseek  0x02016278       0x3c C:/devkitPro/devkitARM/bin/../lib/gcc/arm-none-eabi/15.1.0/../../../../arm-none-eabi/lib/thumb\libg.a(libc_a-stdio.o)
                0x02016278                __sseek
 .text.__sclose
                0x020162b4       0x10 C:/devkitPro/devkitARM/bin/../lib/gcc/arm-none-eabi/15.1.0/../../../../arm-none-eabi/lib/thumb\libg.a(libc_a-stdio.o)
                0x020162b4                __sclose
 .text.memmove  0x020162c4       0xcc C:/devkitPro/devkitARM/bin/../lib/gcc/arm-none-eabi/15.1.0/../../../../arm-none-eabi/lib/thumb\libg.a(libc_a-memmove.o)
                0x020162c4                memmove
 .text.__locale_mb_cur_max
                0x02016390       0x20 C:/devkitPro/devkitARM/bin/../lib/gcc/arm-none-eabi/15.1.0/../../../../arm-none-eabi/lib/thumb\libg.a(libc_a-locale.o)
                0x02016390                __locale_mb_cur_max
 .text.__ssprint_r
                0x020163b0       0x60 C:/devkitPro/devkitARM/bin/../lib/gcc/arm-none-eabi/15.1.0/../../../../arm-none-eabi/lib/thumb\libg.a(libc_a-ssprint_r.o)
                0x020163b0                __ssprint_r
 .text.gmtime_r
                0x02016410      0x1b4 C:/devkitPro/devkitARM/bin/../lib/gcc/arm-none-eabi/15.1.0/../../../../arm-none-eabi/lib/thumb\libg.a(libc_a-gmtime_r.o)
                0x02016410                gmtime_r
 .text.get_arg  0x020165c4      0x404 C:/devkitPro/devkitARM/bin/../lib/gcc/arm-none-eabi/15.1.0/../../../../arm-none-eabi/lib/thumb\libg.a(libc_a-vfiprintf.o)
 .text._vfiprintf_r
                0x020169c8     0x16d0 C:/devkitPro/devkitARM/bin/../lib/gcc/arm-none-eabi/15.1.0/../../../../arm-none-eabi/lib/thumb\libg.a(libc_a-vfiprintf.o)
                0x020169c8                _vfiprintf_r
 .text.__sbprintf
                0x02018098       0x7c C:/devkitPro/devkitARM/bin/../lib/gcc/arm-none-eabi/15.1.0/../../../../arm-none-eabi/lib/thumb\libg.a(libc_a-vfiprintf.o)
 .text.strlen   0x02018114       0x60 C:/devkitPro/devkitARM/bin/../lib/gcc/arm-none-eabi/15.1.0/../../../../arm-none-eabi/lib/thumb\libg.a(libc_a-strlen.o)
                0x02018114                strlen
 .text._memalign_r
                0x02018174      0x118 C:/devkitPro/devkitARM/bin/../lib/gcc/arm-none-eabi/15.1.0/../../../../arm-none-eabi/lib/thumb\libg.a(libc_a-malignr.o)
                0x02018174                _memalign_r
 .text.div      0x0201828c       0x18 C:/devkitPro/devkitARM/bin/../lib/gcc/arm-none-eabi/15.1.0/../../../../arm-none-eabi/lib/thumb\libg.a(libc_a-div.o)
                0x0201828c                div
 .text._wcsnrtombs_l
                0x020182a4      0x11c C:/devkitPro/devkitARM/bin/../lib/gcc/arm-none-eabi/15.1.0/../../../../arm-none-eabi/lib/thumb\libg.a(libc_a-wcsnrtombs.o)
                0x020182a4                _wcsnrtombs_l
 .text._wcsnrtombs_r
                0x020183c0       0x40 C:/devkitPro/devkitARM/bin/../lib/gcc/arm-none-eabi/15.1.0/../../../../arm-none-eabi/lib/thumb\libg.a(libc_a-wcsnrtombs.o)
                0x020183c0                _wcsnrtombs_r
 .text.get_arg  0x02018400       0x3e C:/devkitPro/devkitARM/bin/../lib/gcc/arm-none-eabi/15.1.0/../../../../arm-none-eabi/lib/thumb\libg.a(libc_a-svfiscanf.o)
 .text._sungetc_r
                0x0201843e       0x7e C:/devkitPro/devkitARM/bin/../lib/gcc/arm-none-eabi/15.1.0/../../../../arm-none-eabi/lib/thumb\libg.a(libc_a-svfiscanf.o)
                0x0201843e                _sungetc_r
 .text.__ssrefill_r
                0x020184bc       0x42 C:/devkitPro/devkitARM/bin/../lib/gcc/arm-none-eabi/15.1.0/../../../../arm-none-eabi/lib/thumb\libg.a(libc_a-svfiscanf.o)
                0x020184bc                __ssrefill_r
 .text._sfread_r
                0x020184fe       0x88 C:/devkitPro/devkitARM/bin/../lib/gcc/arm-none-eabi/15.1.0/../../../../arm-none-eabi/lib/thumb\libg.a(libc_a-svfiscanf.o)
                0x020184fe                _sfread_r
 *fill*         0x02018586        0x2 ff
 .text.__ssvfiscanf_r
                0x02018588     0x1984 C:/devkitPro/devkitARM/bin/../lib/gcc/arm-none-eabi/15.1.0/../../../../arm-none-eabi/lib/thumb\libg.a(libc_a-svfiscanf.o)
                0x02018588                __ssvfiscanf_r
 .text._strtoul_l.isra.0
                0x02019f0c      0x150 C:/devkitPro/devkitARM/bin/../lib/gcc/arm-none-eabi/15.1.0/../../../../arm-none-eabi/lib/thumb\libg.a(libc_a-strtoul.o)
 .text._strtoul_r
                0x0201a05c       0x20 C:/devkitPro/devkitARM/bin/../lib/gcc/arm-none-eabi/15.1.0/../../../../arm-none-eabi/lib/thumb\libg.a(libc_a-strtoul.o)
                0x0201a05c                _strtoul_r
 .text.strtoul  0x0201a07c       0x24 C:/devkitPro/devkitARM/bin/../lib/gcc/arm-none-eabi/15.1.0/../../../../arm-none-eabi/lib/thumb\libg.a(libc_a-strtoul.o)
                0x0201a07c                strtoul
 .text.__utf8_mbtowc
                0x0201a0a0      0x24c C:/devkitPro/devkitARM/bin/../lib/gcc/arm-none-eabi/15.1.0/../../../../arm-none-eabi/lib/thumb\libg.a(libc_a-mbtowc_r.o)
                0x0201a0a0                __utf8_mbtowc
 .text._fseeko_r
                0x0201a2ec      0x414 C:/devkitPro/devkitARM/bin/../lib/gcc/arm-none-eabi/15.1.0/../../../../arm-none-eabi/lib/thumb\libg.a(libc_a-fseeko.o)
                0x0201a2ec                _fseeko_r
 .text._tzset_unlocked
                0x0201a700       0x10 C:/devkitPro/devkitARM/bin/../lib/gcc/arm-none-eabi/15.1.0/../../../../arm-none-eabi/lib/thumb\libg.a(libc_a-tzset.o)
                0x0201a700                _tzset_unlocked
 .text.__sprint_r
                0x0201a710       0x24 C:/devkitPro/devkitARM/bin/../lib/gcc/arm-none-eabi/15.1.0/../../../../arm-none-eabi/lib/thumb\libg.a(libc_a-sprint_r.o)
                0x0201a710                __sprint_r
 .text.iswspace
                0x0201a734       0x10 C:/devkitPro/devkitARM/bin/../lib/gcc/arm-none-eabi/15.1.0/../../../../arm-none-eabi/lib/thumb\libg.a(libc_a-iswspace.o)
                0x0201a734                iswspace
 .text.__gettzinfo
                0x0201a744        0x8 C:/devkitPro/devkitARM/bin/../lib/gcc/arm-none-eabi/15.1.0/../../../../arm-none-eabi/lib/thumb\libg.a(libc_a-gettzinfo.o)
                0x0201a744                __gettzinfo
 .text._localeconv_r
                0x0201a74c       0x1c C:/devkitPro/devkitARM/bin/../lib/gcc/arm-none-eabi/15.1.0/../../../../arm-none-eabi/lib/thumb\libg.a(libc_a-localeconv.o)
                0x0201a74c                _localeconv_r
 .text.memchr   0x0201a768       0x74 C:/devkitPro/devkitARM/bin/../lib/gcc/arm-none-eabi/15.1.0/../../../../arm-none-eabi/lib/thumb\libg.a(libc_a-memchr-stub.o)
                0x0201a768                memchr
 .text.quorem   0x0201a7dc      0x160 C:/devkitPro/devkitARM/bin/../lib/gcc/arm-none-eabi/15.1.0/../../../../arm-none-eabi/lib/thumb\libg.a(libc_a-dtoa.o)
 .text._dtoa_r  0x0201a93c     0x10b0 C:/devkitPro/devkitARM/bin/../lib/gcc/arm-none-eabi/15.1.0/../../../../arm-none-eabi/lib/thumb\libg.a(libc_a-dtoa.o)
                0x0201a93c                _dtoa_r
 .text._wcrtomb_r
                0x0201b9ec       0x84 C:/devkitPro/devkitARM/bin/../lib/gcc/arm-none-eabi/15.1.0/../../../../arm-none-eabi/lib/thumb\libg.a(libc_a-wcrtomb.o)
                0x0201b9ec                _wcrtomb_r
 .text.strcpy   0x0201ba70       0x10 C:/devkitPro/devkitARM/bin/../lib/gcc/arm-none-eabi/15.1.0/../../../../arm-none-eabi/lib/thumb\libg.a(libc_a-strcpy.o)
                0x0201ba70                strcpy
 .text.__sflags
                0x0201ba80       0x98 C:/devkitPro/devkitARM/bin/../lib/gcc/arm-none-eabi/15.1.0/../../../../arm-none-eabi/lib/thumb\libg.a(libc_a-flags.o)
                0x0201ba80                __sflags
 .text._strtol_l.part.0
                0x0201bb18      0x25c C:/devkitPro/devkitARM/bin/../lib/gcc/arm-none-eabi/15.1.0/../../../../arm-none-eabi/lib/thumb\libg.a(libc_a-strtol.o)
 .text._strtol_r
                0x0201bd74       0x34 C:/devkitPro/devkitARM/bin/../lib/gcc/arm-none-eabi/15.1.0/../../../../arm-none-eabi/lib/thumb\libg.a(libc_a-strtol.o)
                0x0201bd74                _strtol_r
 .text.__libc_fini_array
                0x0201bda8       0x30 C:/devkitPro/devkitARM/bin/../lib/gcc/arm-none-eabi/15.1.0/../../../../arm-none-eabi/lib/thumb\libg.a(libc_a-fini.o)
                0x0201bda8                __libc_fini_array
 .text._tzset_unlocked_r
                0x0201bdd8      0x490 C:/devkitPro/devkitARM/bin/../lib/gcc/arm-none-eabi/15.1.0/../../../../arm-none-eabi/lib/thumb\libg.a(libc_a-tzset_r.o)
                0x0201bdd8                _tzset_unlocked_r
 .text.__sccl   0x0201c268       0xb0 C:/devkitPro/devkitARM/bin/../lib/gcc/arm-none-eabi/15.1.0/../../../../arm-none-eabi/lib/thumb\libg.a(libc_a-sccl.o)
                0x0201c268                __sccl
 .text.lflush   0x0201c318       0x24 C:/devkitPro/devkitARM/bin/../lib/gcc/arm-none-eabi/15.1.0/../../../../arm-none-eabi/lib/thumb\libg.a(libc_a-refill.o)
 .text.__srefill_r
                0x0201c33c      0x108 C:/devkitPro/devkitARM/bin/../lib/gcc/arm-none-eabi/15.1.0/../../../../arm-none-eabi/lib/thumb\libg.a(libc_a-refill.o)
                0x0201c33c                __srefill_r
 .text.__smakebuf_r
                0x0201c444       0xe0 C:/devkitPro/devkitARM/bin/../lib/gcc/arm-none-eabi/15.1.0/../../../../arm-none-eabi/lib/thumb\libg.a(libc_a-makebuf.o)
                0x0201c444                __smakebuf_r
 .text.__swhatbuf_r
                0x0201c524       0x5c C:/devkitPro/devkitARM/bin/../lib/gcc/arm-none-eabi/15.1.0/../../../../arm-none-eabi/lib/thumb\libg.a(libc_a-makebuf.o)
                0x0201c524                __swhatbuf_r
 .text._findenv_r
                0x0201c580       0x94 C:/devkitPro/devkitARM/bin/../lib/gcc/arm-none-eabi/15.1.0/../../../../arm-none-eabi/lib/thumb\libg.a(libc_a-getenv_r.o)
                0x0201c580                _findenv_r
 .text._getenv_r
                0x0201c614       0x10 C:/devkitPro/devkitARM/bin/../lib/gcc/arm-none-eabi/15.1.0/../../../../arm-none-eabi/lib/thumb\libg.a(libc_a-getenv_r.o)
                0x0201c614                _getenv_r
 .text.__ssputs_r
                0x0201c624       0xd4 C:/devkitPro/devkitARM/bin/../lib/gcc/arm-none-eabi/15.1.0/../../../../arm-none-eabi/lib/thumb\libg.a(libc_a-ssputs_r.o)
                0x0201c624                __ssputs_r
 .text._ftello_r
                0x0201c6f8      0x124 C:/devkitPro/devkitARM/bin/../lib/gcc/arm-none-eabi/15.1.0/../../../../arm-none-eabi/lib/thumb\libg.a(libc_a-ftello.o)
                0x0201c6f8                _ftello_r
 .text.__utf8_wctomb
                0x0201c81c       0xbc C:/devkitPro/devkitARM/bin/../lib/gcc/arm-none-eabi/15.1.0/../../../../arm-none-eabi/lib/thumb\libg.a(libc_a-wctomb_r.o)
                0x0201c81c                __utf8_wctomb
 .text._strtoull_l.isra.0
                0x0201c8d8      0x1c0 C:/devkitPro/devkitARM/bin/../lib/gcc/arm-none-eabi/15.1.0/../../../../arm-none-eabi/lib/thumb\libg.a(libc_a-strtoull.o)
 .text._strtoull_r
                0x0201ca98       0x20 C:/devkitPro/devkitARM/bin/../lib/gcc/arm-none-eabi/15.1.0/../../../../arm-none-eabi/lib/thumb\libg.a(libc_a-strtoull.o)
                0x0201ca98                _strtoull_r
 .text._mbrtowc_r
                0x0201cab8       0x98 C:/devkitPro/devkitARM/bin/../lib/gcc/arm-none-eabi/15.1.0/../../../../arm-none-eabi/lib/thumb\libg.a(libc_a-mbrtowc.o)
                0x0201cab8                _mbrtowc_r
 .text.__swsetup_r
                0x0201cb50       0xd4 C:/devkitPro/devkitARM/bin/../lib/gcc/arm-none-eabi/15.1.0/../../../../arm-none-eabi/lib/thumb\libg.a(libc_a-wsetup.o)
                0x0201cb50                __swsetup_r
 .text.strncmp  0x0201cc24       0x70 C:/devkitPro/devkitARM/bin/../lib/gcc/arm-none-eabi/15.1.0/../../../../arm-none-eabi/lib/thumb\libg.a(libc_a-strncmp.o)
                0x0201cc24                strncmp
 .text.__env_lock
                0x0201cc94       0x14 C:/devkitPro/devkitARM/bin/../lib/gcc/arm-none-eabi/15.1.0/../../../../arm-none-eabi/lib/thumb\libg.a(libc_a-envlock.o)
                0x0201cc94                __env_lock
 .text.__env_unlock
                0x0201cca8       0x14 C:/devkitPro/devkitARM/bin/../lib/gcc/arm-none-eabi/15.1.0/../../../../arm-none-eabi/lib/thumb\libg.a(libc_a-envlock.o)
                0x0201cca8                __env_unlock
 .text.__assert_func
                0x0201ccbc       0x40 C:/devkitPro/devkitARM/bin/../lib/gcc/arm-none-eabi/15.1.0/../../../../arm-none-eabi/lib/thumb\libg.a(libc_a-assert.o)
                0x0201ccbc                __assert_func
 .text.iswspace_l
                0x0201ccfc       0x28 C:/devkitPro/devkitARM/bin/../lib/gcc/arm-none-eabi/15.1.0/../../../../arm-none-eabi/lib/thumb\libg.a(libc_a-iswspace_l.o)
                0x0201ccfc                iswspace_l
 .text._Balloc  0x0201cd24       0x5c C:/devkitPro/devkitARM/bin/../lib/gcc/arm-none-eabi/15.1.0/../../../../arm-none-eabi/lib/thumb\libg.a(libc_a-mprec.o)
                0x0201cd24                _Balloc
 .text._Bfree   0x0201cd80       0x14 C:/devkitPro/devkitARM/bin/../lib/gcc/arm-none-eabi/15.1.0/../../../../arm-none-eabi/lib/thumb\libg.a(libc_a-mprec.o)
                0x0201cd80                _Bfree
 .text.__multadd
                0x0201cd94       0xa8 C:/devkitPro/devkitARM/bin/../lib/gcc/arm-none-eabi/15.1.0/../../../../arm-none-eabi/lib/thumb\libg.a(libc_a-mprec.o)
                0x0201cd94                __multadd
 .text.__hi0bits
                0x0201ce3c       0x60 C:/devkitPro/devkitARM/bin/../lib/gcc/arm-none-eabi/15.1.0/../../../../arm-none-eabi/lib/thumb\libg.a(libc_a-mprec.o)
                0x0201ce3c                __hi0bits
 .text.__lo0bits
                0x0201ce9c       0x8c C:/devkitPro/devkitARM/bin/../lib/gcc/arm-none-eabi/15.1.0/../../../../arm-none-eabi/lib/thumb\libg.a(libc_a-mprec.o)
                0x0201ce9c                __lo0bits
 .text.__i2b    0x0201cf28       0x64 C:/devkitPro/devkitARM/bin/../lib/gcc/arm-none-eabi/15.1.0/../../../../arm-none-eabi/lib/thumb\libg.a(libc_a-mprec.o)
                0x0201cf28                __i2b
 .text.__multiply
                0x0201cf8c      0x1b4 C:/devkitPro/devkitARM/bin/../lib/gcc/arm-none-eabi/15.1.0/../../../../arm-none-eabi/lib/thumb\libg.a(libc_a-mprec.o)
                0x0201cf8c                __multiply
 .text.__pow5mult
                0x0201d140       0xd8 C:/devkitPro/devkitARM/bin/../lib/gcc/arm-none-eabi/15.1.0/../../../../arm-none-eabi/lib/thumb\libg.a(libc_a-mprec.o)
                0x0201d140                __pow5mult
 .text.__lshift
                0x0201d218       0xf8 C:/devkitPro/devkitARM/bin/../lib/gcc/arm-none-eabi/15.1.0/../../../../arm-none-eabi/lib/thumb\libg.a(libc_a-mprec.o)
                0x0201d218                __lshift
 .text.__mcmp   0x0201d310       0x50 C:/devkitPro/devkitARM/bin/../lib/gcc/arm-none-eabi/15.1.0/../../../../arm-none-eabi/lib/thumb\libg.a(libc_a-mprec.o)
                0x0201d310                __mcmp
 .text.__mdiff  0x0201d360      0x1a4 C:/devkitPro/devkitARM/bin/../lib/gcc/arm-none-eabi/15.1.0/../../../../arm-none-eabi/lib/thumb\libg.a(libc_a-mprec.o)
                0x0201d360                __mdiff
 .text.__d2b    0x0201d504       0xd4 C:/devkitPro/devkitARM/bin/../lib/gcc/arm-none-eabi/15.1.0/../../../../arm-none-eabi/lib/thumb\libg.a(libc_a-mprec.o)
                0x0201d504                __d2b
 .text._strtoll_l.isra.0
                0x0201d5d8      0x300 C:/devkitPro/devkitARM/bin/../lib/gcc/arm-none-eabi/15.1.0/../../../../arm-none-eabi/lib/thumb\libg.a(libc_a-strtoll.o)
 .text._strtoll_r
                0x0201d8d8       0x20 C:/devkitPro/devkitARM/bin/../lib/gcc/arm-none-eabi/15.1.0/../../../../arm-none-eabi/lib/thumb\libg.a(libc_a-strtoll.o)
                0x0201d8d8                _strtoll_r
 .text.__submore
                0x0201d8f8       0x7c C:/devkitPro/devkitARM/bin/../lib/gcc/arm-none-eabi/15.1.0/../../../../arm-none-eabi/lib/thumb\libg.a(libc_a-ungetc.o)
                0x0201d8f8                __submore
 .text.fiprintf
                0x0201d974       0x28 C:/devkitPro/devkitARM/bin/../lib/gcc/arm-none-eabi/15.1.0/../../../../arm-none-eabi/lib/thumb\libg.a(libc_a-fiprintf.o)
                0x0201d974                fiprintf
 .text.abort    0x0201d99c       0x10 C:/devkitPro/devkitARM/bin/../lib/gcc/arm-none-eabi/15.1.0/../../../../arm-none-eabi/lib/thumb\libg.a(libc_a-abort.o)
                0x0201d99c                abort
 .text.category
                0x0201d9ac       0x5c C:/devkitPro/devkitARM/bin/../lib/gcc/arm-none-eabi/15.1.0/../../../../arm-none-eabi/lib/thumb\libg.a(libc_a-categories.o)
                0x0201d9ac                category
 .text._raise_r
                0x0201da08       0x60 C:/devkitPro/devkitARM/bin/../lib/gcc/arm-none-eabi/15.1.0/../../../../arm-none-eabi/lib/thumb\libg.a(libc_a-signal.o)
                0x0201da08                _raise_r
 .text.raise    0x0201da68       0x14 C:/devkitPro/devkitARM/bin/../lib/gcc/arm-none-eabi/15.1.0/../../../../arm-none-eabi/lib/thumb\libg.a(libc_a-signal.o)
                0x0201da68                raise
 .text._exit    0x0201da7c       0x14 C:/devkitPro/devkitARM/bin/../lib/gcc/arm-none-eabi/15.1.0/../../../../arm-none-eabi/lib/thumb\libsysbase.a(libsysbase_libsysbase_a-_exit.o)
                0x0201da7c                _exit
 .text.chdir    0x0201da90       0xe4 C:/devkitPro/devkitARM/bin/../lib/gcc/arm-none-eabi/15.1.0/../../../../arm-none-eabi/lib/thumb\libsysbase.a(libsysbase_libsysbase_a-chdir.o)
                0x0201da90                chdir
 .text._concatenate_path
                0x0201db74      0x134 C:/devkitPro/devkitARM/bin/../lib/gcc/arm-none-eabi/15.1.0/../../../../arm-none-eabi/lib/thumb\libsysbase.a(libsysbase_libsysbase_a-concatenate.o)
                0x0201db74                _concatenate_path
 .text._fstat_r
                0x0201dca8       0x5c C:/devkitPro/devkitARM/bin/../lib/gcc/arm-none-eabi/15.1.0/../../../../arm-none-eabi/lib/thumb\libsysbase.a(libsysbase_libsysbase_a-fstat.o)
                0x0201dca8                _fstat_r
 .text._getpid_r
                0x0201dd04        0xc C:/devkitPro/devkitARM/bin/../lib/gcc/arm-none-eabi/15.1.0/../../../../arm-none-eabi/lib/thumb\libsysbase.a(libsysbase_libsysbase_a-getpid.o)
                0x0201dd04                _getpid_r
 .text.__getreent
                0x0201dd10       0x20 C:/devkitPro/devkitARM/bin/../lib/gcc/arm-none-eabi/15.1.0/../../../../arm-none-eabi/lib/thumb\libsysbase.a(libsysbase_libsysbase_a-getreent.o)
                0x0201dd10                __getreent
 .text._gettimeofday_r
                0x0201dd30       0x20 C:/devkitPro/devkitARM/bin/../lib/gcc/arm-none-eabi/15.1.0/../../../../arm-none-eabi/lib/thumb\libsysbase.a(libsysbase_libsysbase_a-gettod.o)
                0x0201dd30                _gettimeofday_r
 .text.__release_handle
                0x0201dd50       0x6c C:/devkitPro/devkitARM/bin/../lib/gcc/arm-none-eabi/15.1.0/../../../../arm-none-eabi/lib/thumb\libsysbase.a(libsysbase_libsysbase_a-handle_manager.o)
                0x0201dd50                __release_handle
 .text.__alloc_handle
                0x0201ddbc       0x7c C:/devkitPro/devkitARM/bin/../lib/gcc/arm-none-eabi/15.1.0/../../../../arm-none-eabi/lib/thumb\libsysbase.a(libsysbase_libsysbase_a-handle_manager.o)
                0x0201ddbc                __alloc_handle
 .text.__get_handle
                0x0201de38       0x34 C:/devkitPro/devkitARM/bin/../lib/gcc/arm-none-eabi/15.1.0/../../../../arm-none-eabi/lib/thumb\libsysbase.a(libsysbase_libsysbase_a-handle_manager.o)
                0x0201de38                __get_handle
 .text._close_r
                0x0201de6c       0xb0 C:/devkitPro/devkitARM/bin/../lib/gcc/arm-none-eabi/15.1.0/../../../../arm-none-eabi/lib/thumb\libsysbase.a(libsysbase_libsysbase_a-handle_manager.o)
                0x0201de6c                _close_r
 .text.null_write
                0x0201df1c        0x4 C:/devkitPro/devkitARM/bin/../lib/gcc/arm-none-eabi/15.1.0/../../../../arm-none-eabi/lib/thumb\libsysbase.a(libsysbase_libsysbase_a-iosupport.o)
 .text.setDefaultDevice
                0x0201df20       0x10 C:/devkitPro/devkitARM/bin/../lib/gcc/arm-none-eabi/15.1.0/../../../../arm-none-eabi/lib/thumb\libsysbase.a(libsysbase_libsysbase_a-iosupport.o)
                0x0201df20                setDefaultDevice
 .text.FindDevice
                0x0201df30       0x90 C:/devkitPro/devkitARM/bin/../lib/gcc/arm-none-eabi/15.1.0/../../../../arm-none-eabi/lib/thumb\libsysbase.a(libsysbase_libsysbase_a-iosupport.o)
                0x0201df30                FindDevice
 .text.AddDevice
                0x0201dfc0       0x7c C:/devkitPro/devkitARM/bin/../lib/gcc/arm-none-eabi/15.1.0/../../../../arm-none-eabi/lib/thumb\libsysbase.a(libsysbase_libsysbase_a-iosupport.o)
                0x0201dfc0                AddDevice
 .text.GetDeviceOpTab
                0x0201e03c       0x20 C:/devkitPro/devkitARM/bin/../lib/gcc/arm-none-eabi/15.1.0/../../../../arm-none-eabi/lib/thumb\libsysbase.a(libsysbase_libsysbase_a-iosupport.o)
                0x0201e03c                GetDeviceOpTab
 .text._isatty_r
                0x0201e05c        0x4 C:/devkitPro/devkitARM/bin/../lib/gcc/arm-none-eabi/15.1.0/../../../../arm-none-eabi/lib/thumb\libsysbase.a(libsysbase_libsysbase_a-isatty.o)
                0x0201e05c                _isatty_r
 .text._kill_r  0x0201e060        0xc C:/devkitPro/devkitARM/bin/../lib/gcc/arm-none-eabi/15.1.0/../../../../arm-none-eabi/lib/thumb\libsysbase.a(libsysbase_libsysbase_a-kill.o)
                0x0201e060                _kill_r
 .text._lseek_r
                0x0201e06c       0x64 C:/devkitPro/devkitARM/bin/../lib/gcc/arm-none-eabi/15.1.0/../../../../arm-none-eabi/lib/thumb\libsysbase.a(libsysbase_libsysbase_a-lseek.o)
                0x0201e06c                _lseek_r
 .text._open_r  0x0201e0d0       0x8c C:/devkitPro/devkitARM/bin/../lib/gcc/arm-none-eabi/15.1.0/../../../../arm-none-eabi/lib/thumb\libsysbase.a(libsysbase_libsysbase_a-open.o)
                0x0201e0d0                _open_r
 .text._read_r  0x0201e15c       0x5c C:/devkitPro/devkitARM/bin/../lib/gcc/arm-none-eabi/15.1.0/../../../../arm-none-eabi/lib/thumb\libsysbase.a(libsysbase_libsysbase_a-read.o)
                0x0201e15c                _read_r
 .text._sbrk_r  0x0201e1b8       0x50 C:/devkitPro/devkitARM/bin/../lib/gcc/arm-none-eabi/15.1.0/../../../../arm-none-eabi/lib/thumb\libsysbase.a(libsysbase_libsysbase_a-sbrk.o)
                0x0201e1b8                _sbrk_r
 .text.__libc_lock_acquire
                0x0201e208       0x18 C:/devkitPro/devkitARM/bin/../lib/gcc/arm-none-eabi/15.1.0/../../../../arm-none-eabi/lib/thumb\libsysbase.a(libsysbase_libsysbase_a-syscall_support.o)
                0x0201e208                __libc_lock_acquire
 .text.__libc_lock_release
                0x0201e220       0x18 C:/devkitPro/devkitARM/bin/../lib/gcc/arm-none-eabi/15.1.0/../../../../arm-none-eabi/lib/thumb\libsysbase.a(libsysbase_libsysbase_a-syscall_support.o)
                0x0201e220                __libc_lock_release
 .text.__libc_lock_acquire_recursive
                0x0201e238       0x18 C:/devkitPro/devkitARM/bin/../lib/gcc/arm-none-eabi/15.1.0/../../../../arm-none-eabi/lib/thumb\libsysbase.a(libsysbase_libsysbase_a-syscall_support.o)
                0x0201e238                __libc_lock_acquire_recursive
 .text.__libc_lock_release_recursive
                0x0201e250       0x18 C:/devkitPro/devkitARM/bin/../lib/gcc/arm-none-eabi/15.1.0/../../../../arm-none-eabi/lib/thumb\libsysbase.a(libsysbase_libsysbase_a-syscall_support.o)
                0x0201e250                __libc_lock_release_recursive
 .text._write_r
                0x0201e268       0x5c C:/devkitPro/devkitARM/bin/../lib/gcc/arm-none-eabi/15.1.0/../../../../arm-none-eabi/lib/thumb\libsysbase.a(libsysbase_libsysbase_a-write.o)
                0x0201e268                _write_r
 .text          0x0201e2c4       0x14 C:/devkitPro/devkitARM/bin/../lib/gcc/arm-none-eabi/15.1.0/thumb\libgcc.a(_thumb1_case_uqi.o)
                0x0201e2c4                __gnu_thumb1_case_uqi
 .text          0x0201e2d8       0x14 C:/devkitPro/devkitARM/bin/../lib/gcc/arm-none-eabi/15.1.0/thumb\libgcc.a(_thumb1_case_uhi.o)
                0x0201e2d8                __gnu_thumb1_case_uhi
 .text          0x0201e2ec       0xd4 C:/devkitPro/devkitARM/bin/../lib/gcc/arm-none-eabi/15.1.0/thumb\libgcc.a(_aeabi_ldivmod.o)
                0x0201e2ec                __aeabi_ldivmod
 .text.__muldi3
                0x0201e3c0       0x58 C:/devkitPro/devkitARM/bin/../lib/gcc/arm-none-eabi/15.1.0/thumb\libgcc.a(_muldi3.o)
                0x0201e3c0                __muldi3
                0x0201e3c0                __aeabi_lmul
 EXCLUDE_FILE(*.twl.*) *(.glue_7t .glue_7 .vfp11_veneer .v4_bx)
 .glue_7        0x0201e418        0x0 linker stubs
 .glue_7t       0x0201e418        0x0 linker stubs
 .vfp11_veneer  0x0201e418        0x0 linker stubs
 .v4_bx         0x0201e418        0x0 linker stubs
 *(SORT_NONE(.fini))
 .fini          0x0201e418        0x4 C:/devkitPro/devkitARM/bin/../lib/gcc/arm-none-eabi/15.1.0/thumb/crti.o
                0x0201e418                _fini
 .fini          0x0201e41c        0x8 C:/devkitPro/devkitARM/bin/../lib/gcc/arm-none-eabi/15.1.0/thumb/crtn.o
 *fill*         0x0201e424        0x4 ff
 .fini.__stub   0x0201e428       0x28 linker stubs
 EXCLUDE_FILE(*.twl.*) *(.rodata .rodata.* .gnu.linkonce.r.*)
 .rodata        0x0201e450     0x34c4 GFXinput.o
                0x0201e450                GFXinputBitmap
 .rodata        0x02021914      0x200 GFXselector16.o
                0x02021914                GFXselector16Bitmap
 .rodata        0x02021b14      0x800 GFXselector24.o
                0x02021b14                GFXselector24Bitmap
 .rodata._Z9importNESPKcPt.str1.4
                0x02022314      0x65c formats.o
                                 0x33 (size before relaxing)
 .rodata._Z9exportNESPKcPti.str1.4
                0x02022970       0x20 formats.o
 .rodata._Z9importPalPKc.str1.4
                0x02022970       0x1c formats.o
 .rodata._Z9decodeAcsPKcPt
                0x02022970       0x24 formats.o
 .rodata._ZL3res
                0x02022994       0x1e formats.o
 *fill*         0x020229b2        0x2 ff
 .rodata        0x020229b4       0x44 formats.o
 .rodata._Z19getActionsFromTouchi
                0x020229f8       0x1c main.o
 .rodata.main.str1.4
                0x02022a14      0x218 main.o
 .rodata.main   0x02022a14       0x5c main.o
 .rodata        0x02022a70      0x10c main.o
 .rodata.dvmInit.str1.4
                0x02022b7c        0xd C:/devkitPro/libnds/lib\libfat.a(dvm_calico.o)
 .rodata.s_dvmDiscCalicoIface
                0x02022b7c       0x10 C:/devkitPro/libnds/lib\libfat.a(dvm_calico.o)
 .rodata.s_dvmDiscCacheIface
                0x02022b8c       0x10 C:/devkitPro/libnds/lib\libfat.a(dvm_cache.o)
 .rodata.dvmMountVolume.str1.4
                0x02022b9c        0xc C:/devkitPro/libnds/lib\libfat.a(dvm_volume.o)
 .rodata._dvmIdentMbrVbr.str1.4
                0x02022b9c       0x3d C:/devkitPro/libnds/lib\libfat.a(dvm_prober.o)
 .rodata.fr_to_errno.0
                0x02022b9c       0x14 C:/devkitPro/libnds/lib\libfat.a(fat_driver.o)
 .rodata.str1.4
                0x02022bb0        0x5 C:/devkitPro/libnds/lib\libfat.a(fat_driver.o)
 .rodata.g_vfatFsDriver
                0x02022bb0       0x14 C:/devkitPro/libnds/lib\libfat.a(fat_driver.o)
                0x02022bb0                g_vfatFsDriver
 .rodata._FAT_devoptab
                0x02022bc4       0x80 C:/devkitPro/libnds/lib\libfat.a(fat_driver.o)
 .rodata.follow_path.str1.4