Archive member included to satisfy reference by file (symbol)

C:/devkitPro/libnds/lib\libfat.a(fat_wrappers.o)
                              main.o (fatInitDefault)
C:/devkitPro/libnds/lib\libfat.a(dvm_calico.o)
                              C:/devkitPro/libnds/lib\libfat.a(fat_wrappers.o) (dvmInit)
C:/devkitPro/libnds/lib\libfat.a(dvm_disc.o)
                              C:/devkitPro/libnds/lib\libfat.a(fat_wrappers.o) (dvmDiscCreate)
C:/devkitPro/libnds/lib\libfat.a(dvm_cache.o)
                              C:/devkitPro/libnds/lib\libfat.a(fat_wrappers.o) (dvmDiscCacheCreate)
C:/devkitPro/libnds/lib\libfat.a(dvm_volume.o)
                              C:/devkitPro/libnds/lib\libfat.a(fat_wrappers.o) (dvmMountVolume)
C:/devkitPro/libnds/lib\libfat.a(dvm_prober.o)
                              C:/devkitPro/libnds/lib\libfat.a(dvm_calico.o) (dvmProbeMountDisc)
C:/devkitPro/libnds/lib\libfat.a(fat_driver.o)
                              C:/devkitPro/libnds/lib\libfat.a(dvm_volume.o) (g_vfatFsDriver)
C:/devkitPro/libnds/lib\libfat.a(ff.o)
                              C:/devkitPro/libnds/lib\libfat.a(fat_driver.o) (f_mount)
C:/devkitPro/libnds/lib\libfat.a(ffunicode.o)
                              C:/devkitPro/libnds/lib\libfat.a(ff.o) (ff_uni2oem)
C:/devkitPro/libnds/lib\libnds9.a(background.o)
                              main.o (bgInit_call)
C:/devkitPro/libnds/lib\libnds9.a(console.o)
                              main.o (consoleInit)
C:/devkitPro/libnds/lib\libnds9.a(decompress.o)
                              main.o (decompress)
C:/devkitPro/libnds/lib\libnds9.a(exceptionDefault.o)
                              main.o (defaultExceptionHandler)
C:/devkitPro/libnds/lib\libnds9.a(gurumeditation.o)
                              C:/devkitPro/libnds/lib\libnds9.a(exceptionDefault.o) (guruMeditationDump)
C:/devkitPro/libnds/lib\libnds9.a(keyboard.o)
                              main.o (keyboardDemoInit)
C:/devkitPro/libnds/lib\libnds9.a(keys.o)
                              main.o (scanKeys)
C:/devkitPro/libnds/lib\libnds9.a(sprite_alloc.o)
                              main.o (oamAllocateGfx)
C:/devkitPro/libnds/lib\libnds9.a(sprite.o)
                              main.o (oamInit)
C:/devkitPro/libnds/lib\libnds9.a(trig.o)
                              C:/devkitPro/libnds/lib\libnds9.a(background.o) (sinLerp)
C:/devkitPro/libnds/lib\libnds9.a(exceptionEntry.o)
                              C:/devkitPro/libnds/lib\libnds9.a(exceptionDefault.o) (__libnds_excpt)
C:/devkitPro/libnds/lib\libnds9.a(default_font.bin.o)
                              C:/devkitPro/libnds/lib\libnds9.a(console.o) (default_font_bin)
C:/devkitPro/libnds/lib\libnds9.a(keyboardGfx.o)
                              C:/devkitPro/libnds/lib\libnds9.a(keyboard.o) (keyboardGfxTiles)
C:/devkitPro/calico/lib\libcalico_ds9.a(thread_cold.o)
                              main.o (threadIrqWait)
C:/devkitPro/calico/lib\libcalico_ds9.a(thread_hot.32.o)
                              C:/devkitPro/libnds/lib\libnds9.a(exceptionDefault.o) (__sched_state)
C:/devkitPro/calico/lib\libcalico_ds9.a(dietprint.o)
                              C:/devkitPro/libnds/lib\libnds9.a(exceptionDefault.o) (g_dietPrintFn)
C:/devkitPro/calico/lib\libcalico_ds9.a(newlib_syscalls.o)
                              C:/devkitPro/libnds/lib\libfat.a(fat_driver.o) (__errno)
C:/devkitPro/calico/lib\libcalico_ds9.a(arm-copy-fill.32.o)
                              C:/devkitPro/libnds/lib\libfat.a(dvm_calico.o) (armCopyMem32)
C:/devkitPro/calico/lib\libcalico_ds9.a(arm-context.32.o)
                              C:/devkitPro/calico/lib\libcalico_ds9.a(thread_cold.o) (armContextSave)
C:/devkitPro/calico/lib\libcalico_ds9.a(arm-shims.32.o)
                              C:/devkitPro/calico/lib\libcalico_ds9.a(thread_cold.o) (armWaitForIrq)
C:/devkitPro/calico/lib\libcalico_ds9.a(arm-cache.32.o)
                              C:/devkitPro/libnds/lib\libnds9.a(sprite.o) (armDCacheFlush)
C:/devkitPro/calico/lib\libcalico_ds9.a(startup.crt0.o)
                              C:/devkitPro/libnds/lib\libfat.a(dvm_calico.o) (g_isTwlMode)
C:/devkitPro/calico/lib\libcalico_ds9.a(utils.crt0.o)
                              C:/devkitPro/calico/lib\libcalico_ds9.a(startup.crt0.o) (crt0CopyMem32)
C:/devkitPro/calico/lib\libcalico_ds9.a(bios.o)
                              C:/devkitPro/libnds/lib\libnds9.a(decompress.o) (svcLZ77UncompWram)
C:/devkitPro/calico/lib\libcalico_ds9.a(pxi.o)
                              C:/devkitPro/calico/lib\libcalico_ds9.a(startup.crt0.o) (_pxiInit)
C:/devkitPro/calico/lib\libcalico_ds9.a(keypad.o)
                              C:/devkitPro/libnds/lib\libnds9.a(keys.o) (keypadGetState)
C:/devkitPro/calico/lib\libcalico_ds9.a(pm.o)
                              main.o (pmMainLoop)
C:/devkitPro/calico/lib\libcalico_ds9.a(bootstub_arm9.o)
                              (__ds9_bootstub)
C:/devkitPro/calico/lib\libcalico_ds9.a(mpu_setup.crt0.o)
[...]
Memory Configuration

Name             Origin             Length             Attributes
lma9             0x02004000         0x0027c000
lma9i            0x02400000         0x00280000
vectors          0x00000000         0x00000020
itcm             0x01ff8020         0x00007fe0
main             0x02001000         0x00f7f000
dtcm             0x02ff0000         0x00003e80
dldi             0x0380b000         0x00004000
stub             0x0e000000         0x00004000
tls              0x00000000         0x00000400
*default*        0x00000000         0xffffffff

Linker script and memory map

                0x00000000                        __sync_synchronize = __sync_synchronize_none
LOAD C:/devkitPro/devkitARM/bin/../lib/gcc/arm-none-eabi/15.1.0/thumb/crti.o
LOAD C:/devkitPro/devkitARM/bin/../lib/gcc/arm-none-eabi/15.1.0/thumb/crtbegin.o
LOAD GFXinput.o
LOAD GFXselector16.o
LOAD GFXselector24.o
LOAD avdslib.o
LOAD main.o
LOAD C:/devkitPro/libnds/lib\libfat.a
LOAD C:/devkitPro/libnds/lib\libnds9.a
LOAD C:/devkitPro/calico/lib\libcalico_ds9.a
LOAD C:/devkitPro/devkitARM/bin/../lib/gcc/arm-none-eabi/15.1.0/../../../../arm-none-eabi/lib/thumb\libstdc++.a
LOAD C:/devkitPro/devkitARM/bin/../lib/gcc/arm-none-eabi/15.1.0/../../../../arm-none-eabi/lib/thumb\libm.a
START GROUP
LOAD C:/devkitPro/devkitARM/bin/../lib/gcc/arm-none-eabi/15.1.0/thumb\libgcc.a
LOAD C:/devkitPro/devkitARM/bin/../lib/gcc/arm-none-eabi/15.1.0/../../../../arm-none-eabi/lib/thumb\libg.a
LOAD C:/devkitPro/devkitARM/bin/../lib/gcc/arm-none-eabi/15.1.0/../../../../arm-none-eabi/lib/thumb\libc.a
LOAD C:/devkitPro/devkitARM/bin/../lib/gcc/arm-none-eabi/15.1.0/../../../../arm-none-eabi/lib/thumb\libsysbase.a
END GROUP
LOAD C:/devkitPro/devkitARM/bin/../lib/gcc/arm-none-eabi/15.1.0/thumb/crtend.o
LOAD C:/devkitPro/devkitARM/bin/../lib/gcc/arm-none-eabi/15.1.0/thumb/crtn.o
                0x02ff3e80                        PROVIDE (__sp_usr = (ORIGIN (dtcm) + LENGTH (dtcm)))
                0x02ff3f80                        PROVIDE (__sp_irq = (__sp_usr + 0x100))
                0x02ff3fc0                        PROVIDE (__sp_svc = (__sp_irq + 0x40))
                0x02ff3ff8                        PROVIDE (__irq_flags = (__sp_svc + 0x38))
                [!provide]                        PROVIDE (__irq_vector = (__sp_svc + 0x3c))
                [!provide]                        PROVIDE (__arm_excpt_rst = 0xffff0000)
                [!provide]                        PROVIDE (__arm_excpt_und = 0xffff0004)
                0xffff0008                        PROVIDE (__arm_excpt_svc = 0xffff0008)
                [!provide]                        PROVIDE (__arm_excpt_pabt = 0xffff000c)
                [!provide]                        PROVIDE (__arm_excpt_dabt = 0xffff0010)
                [!provide]                        PROVIDE (__arm_excpt_irq = 0xffff0018)
                [!provide]                        PROVIDE (__arm_excpt_fiq = 0xffff001c)
                0x00000000                        PROVIDE (__end__ = 0x0)

.secure         0x0e000000      0x800 load address 0x02004000
                0x0e0007fc                        . = (. + 0x7fc)
 *fill*         0x0e000000      0x7fc 00000000
                0x0e0007fc        0x4 LONG 0x0

.bootstub       0x0e000800      0x198 load address 0x02004800
 *(.bootstub .bootstub.*)
 .bootstub.__ds9_bootstub
                0x0e000800      0x198 C:/devkitPro/calico/lib\libcalico_ds9.a(bootstub_arm9.o)
                0x0e000800                __ds9_bootstub
                0x0e000998                        . = ALIGN (0x4)

.crt0           0x02001000      0x3c0 load address 0x02004998
 *(.crt0 .crt0.*)
 .crt0.__ds9_bootstub_trampoline
                0x02001000       0x60 C:/devkitPro/calico/lib\libcalico_ds9.a(bootstub_arm9.o)
 *.crt0.*(.text .stub .text.* .gnu.linkonce.t.*)
 .text.crt0ProcessLoadList
                0x02001060       0x74 C:/devkitPro/calico/lib\libcalico_ds9.a(startup.crt0.o)
                0x02001060                crt0ProcessLoadList
 .text.crt0Startup
                0x020010d4      0x180 C:/devkitPro/calico/lib\libcalico_ds9.a(startup.crt0.o)
                0x020010d4                crt0Startup
 .text.crt0CopyMem32
                0x02001254       0x4c C:/devkitPro/calico/lib\libcalico_ds9.a(utils.crt0.o)
                0x02001254                crt0CopyMem32
 .text.crt0FillMem32
                0x020012a0       0x58 C:/devkitPro/calico/lib\libcalico_ds9.a(utils.crt0.o)
                0x020012a0                crt0FillMem32
 .text.crt0SetupMPU
                0x020012f8       0xb4 C:/devkitPro/calico/lib\libcalico_ds9.a(mpu_setup.crt0.o)
                0x020012f8                crt0SetupMPU
 *.crt0.*(.glue_7t .glue_7 .vfp11_veneer .v4_bx)
 *.crt0.*(.rodata .rodata.* .gnu.linkonce.r.*)
 *.crt0.*(.rodata1)
                0x020013c0                        . = ALIGN (0x20)
 *fill*         0x020013ac       0x14 ff
                0x02004998                        PROVIDE (__crt0_lma = LOADADDR (.crt0))
                0x02001000                        PROVIDE (__crt0_start = ADDR (.crt0))
                0x020013c0                        PROVIDE (__crt0_end = (ADDR (.crt0) + SIZEOF (.crt0)))
                0x00000001                        ASSERT (((__crt0_end <= LOADADDR (.bootstub)) || (__crt0_start >= (LOADADDR (.bootstub) + SIZEOF (.bootstub)))), Error: crt0 section overlaps initial bootstrap)

.dldi           0x0380b000     0x4000 load address 0x02004d58
 *(.dldi)
 .dldi          0x0380b000     0x4000 C:/devkitPro/calico/lib\libcalico_ds9.a(dldi_stub.o)
                0x0380b000                __dldi_start
                0x02004d58                        PROVIDE (__dldi_lma = SIZEOF (.dldi)?LOADADDR (.dldi):0x0)

.vectors        0x00000000       0x20 load address 0x02008d58
 *(.vectors)
 .vectors       0x00000000       0x20 C:/devkitPro/calico/lib\libcalico_ds9.a(bootstub_arm9.o)

.itcm           0x01ff8020      0x700 load address 0x02008d78
 *(.itcm .itcm.*)
 .itcm          0x01ff8020       0x30 C:/devkitPro/calico/lib\libcalico_ds9.a(bootstub_arm9.o)
                0x01ff8038                __excpt_vectors
 *.itcm.*(.text .stub .text.* .gnu.linkonce.t.*)
 *.32.o(.text .stub .text.* .gnu.linkonce.t.*)
 .text.threadReschedule
                0x01ff8050       0x88 C:/devkitPro/calico/lib\libcalico_ds9.a(thread_hot.32.o)
 .text.threadBlock
                0x01ff80d8       0xd8 C:/devkitPro/calico/lib\libcalico_ds9.a(thread_hot.32.o)
                0x01ff80d8                threadBlock
 .text.threadUnblockOneByValue
                0x01ff81b0       0xc0 C:/devkitPro/calico/lib\libcalico_ds9.a(thread_hot.32.o)
                0x01ff81b0                threadUnblockOneByValue
 .text.threadUnblockAllByValue
                0x01ff8270      0x130 C:/devkitPro/calico/lib\libcalico_ds9.a(thread_hot.32.o)
                0x01ff8270                threadUnblockAllByValue
 .text.threadUnblockAllByMask
                0x01ff83a0      0x134 C:/devkitPro/calico/lib\libcalico_ds9.a(thread_hot.32.o)
                0x01ff83a0                threadUnblockAllByMask
 .text.armCopyMem32
                0x01ff84d4       0x4c C:/devkitPro/calico/lib\libcalico_ds9.a(arm-copy-fill.32.o)
                0x01ff84d4                armCopyMem32
 .text.armContextSave
                0x01ff8520       0x2c C:/devkitPro/calico/lib\libcalico_ds9.a(arm-context.32.o)
                0x01ff8520                armContextSave
 .text.armContextLoad
                0x01ff854c       0x20 C:/devkitPro/calico/lib\libcalico_ds9.a(arm-context.32.o)
                0x01ff854c                armContextLoad
                0x01ff8550                armContextLoadFromSvc
 .text.armWaitForIrq
                0x01ff856c        0x8 C:/devkitPro/calico/lib\libcalico_ds9.a(arm-shims.32.o)
                0x01ff856c                armWaitForIrq
 .text.armDrainWriteBuffer
                0x01ff8574        0xc C:/devkitPro/calico/lib\libcalico_ds9.a(arm-cache.32.o)
                0x01ff8574                armDrainWriteBuffer
 .text.armDCacheFlushAll
                0x01ff8580       0x28 C:/devkitPro/calico/lib\libcalico_ds9.a(arm-cache.32.o)
                0x01ff8580                armDCacheFlushAll
 .text.armDCacheFlush
                0x01ff85a8       0x1c C:/devkitPro/calico/lib\libcalico_ds9.a(arm-cache.32.o)
                0x01ff85a8                armDCacheFlush
 .text.armDCacheInvalidate
                0x01ff85c4       0x1c C:/devkitPro/calico/lib\libcalico_ds9.a(arm-cache.32.o)
                0x01ff85c4                armDCacheInvalidate
 .text.armICacheInvalidateAll
                0x01ff85e0        0xc C:/devkitPro/calico/lib\libcalico_ds9.a(arm-cache.32.o)
                0x01ff85e0                armICacheInvalidateAll
 .text.__excpt_entry
                0x01ff85ec       0x50 C:/devkitPro/calico/lib\libcalico_ds9.a(excpt_handler.32.o)
                0x01ff85ec                __arm_excpt_rst
                0x01ff85f0                __arm_excpt_pabt
                0x01ff85f4                __arm_excpt_und
                0x01ff8600                __arm_excpt_dabt
 .text.__arm_excpt_irq
                0x01ff863c       0xe4 C:/devkitPro/calico/lib\libcalico_ds9.a(irq_handler.32.o)
                0x01ff863c                __arm_excpt_irq
 *.itcm.*(.glue_7t .glue_7 .vfp11_veneer .v4_bx)
 *.32.o(.glue_7t .glue_7 .vfp11_veneer .v4_bx)
 *.itcm.*(.rodata .rodata.* .gnu.linkonce.r.*)
 *.32.o(.rodata .rodata.* .gnu.linkonce.r.*)
 *.itcm.*(.rodata1)
 *.32.o(.rodata1)
                0x01ff8720                        . = ALIGN (0x4)
                0x02008d58                        PROVIDE (__itcm_lma = LOADADDR (.vectors))
                0x01ff8000                        PROVIDE (__itcm_start = (ADDR (.itcm) - SIZEOF (.vectors)))
                0x01ff8720                        PROVIDE (__itcm_end = (ADDR (.itcm) + SIZEOF (.itcm)))
                0x00000001                        ASSERT (((__itcm_lma + SIZEOF (.vectors)) == LOADADDR (.itcm)), Error: gap between vectors and itcm)

.dtcm           0x02ff0000        0x0 load address 0x02009478
 *(.dtcm .dtcm.*)
 *.32.o(.data .data.* .gnu.linkonce.d.*)
 *.32.o(.data1)
                0x02ff0000                        . = ALIGN (0x4)
                [!provide]                        PROVIDE (__dtcm_lma = LOADADDR (.dtcm))
                0x02ff0000                        PROVIDE (__dtcm_start = ADDR (.dtcm))
                0x02ff0000                        PROVIDE (__dtcm_end = (ADDR (.dtcm) + SIZEOF (.dtcm)))

.dtcm.bss       0x02ff0000       0x98 load address 0x02009478
 *(.sbss .sbss.*)
 *.32.o(.dynbss)
 *.32.o(.bss .bss.* .gnu.linkonce.b.*)
 .bss.__irq_table
                0x02ff0000       0x80 C:/devkitPro/calico/lib\libcalico_ds9.a(thread_hot.32.o)
                0x02ff0000                __irq_table
 .bss.__sched_state
                0x02ff0080       0x18 C:/devkitPro/calico/lib\libcalico_ds9.a(thread_hot.32.o)
                0x02ff0080                __sched_state
 *.32.o(COMMON)
                0x02ff0098                        . = ALIGN (0x4)
                [!provide]                        PROVIDE (__dtcm_bss_start = ADDR (.dtcm.bss))
                0x02ff0098                        PROVIDE (__dtcm_bss_end = (ADDR (.dtcm.bss) + SIZEOF (.dtcm.bss)))

.main           0x020013c0    0x26464 load address 0x02009478
 *(SORT_NONE(.init))
 .init          0x020013c0        0x4 C:/devkitPro/devkitARM/bin/../lib/gcc/arm-none-eabi/15.1.0/thumb/crti.o
                0x020013c0                _init
 .init          0x020013c4        0x8 C:/devkitPro/devkitARM/bin/../lib/gcc/arm-none-eabi/15.1.0/thumb/crtn.o
 EXCLUDE_FILE(*.twl.*) *(.text.unlikely .text.*_unlikely .text.unlikely.*)
 EXCLUDE_FILE(*.twl.*) *(.text.exit .text.exit.*)
 .text.exit     0x020013cc       0x24 C:/devkitPro/devkitARM/bin/../lib/gcc/arm-none-eabi/15.1.0/../../../../arm-none-eabi/lib/thumb\libg.a(libc_a-exit.o)
                0x020013cc                exit
 EXCLUDE_FILE(*.twl.*) *(.text.startup .text.startup.*)
 .text.startup.main
                0x020013f0      0x924 main.o
                0x020013f0                main
 .text.startup._GLOBAL__sub_I_surface
                0x02001d14       0x10 main.o
 EXCLUDE_FILE(*.twl.*) *(.text.hot .text.hot.*)
 EXCLUDE_FILE(*.twl.*) *(.text .iplt .stub .text.* .gnu.linkonce.t.*)
 .text.__do_global_dtors_aux
                0x02001d24       0x2c C:/devkitPro/devkitARM/bin/../lib/gcc/arm-none-eabi/15.1.0/thumb/crtbegin.o
 .text.frame_dummy
                0x02001d50       0x24 C:/devkitPro/devkitARM/bin/../lib/gcc/arm-none-eabi/15.1.0/thumb/crtbegin.o
 .iplt          0x02001d74        0x0 C:/devkitPro/devkitARM/bin/../lib/gcc/arm-none-eabi/15.1.0/thumb/crtbegin.o
 .text._Z6AVARGBiiii
                0x02001d74       0x24 avdslib.o
                0x02001d74                AVARGB(int, int, int, int)
 .text._Z13AVinvertColort
                0x02001d98       0x10 avdslib.o
                0x02001d98                AVinvertColor(unsigned short)
 .text._Z9AVfillDMAPtiit
                0x02001da8       0x44 avdslib.o
                0x02001da8                AVfillDMA(unsigned short*, int, int, unsigned short)
 .text._Z15AVdrawRectanglePtiiiit
                0x02001dec       0x3c avdslib.o
                0x02001dec                AVdrawRectangle(unsigned short*, int, int, int, int, unsigned short)
 .text._Z18AVdrawRectangleDMAPtiiiit
                0x02001e28       0x84 avdslib.o
                0x02001e28                AVdrawRectangleDMA(unsigned short*, int, int, int, int, unsigned short)
 .text._Z21AVdrawRectangleHollowPtiiiit
                0x02001eac       0x9c avdslib.o
                0x02001eac                AVdrawRectangleHollow(unsigned short*, int, int, int, int, unsigned short)
 .text._Z11AVdrawVlinePtiiit
                0x02001f48       0x24 avdslib.o
                0x02001f48                AVdrawVline(unsigned short*, int, int, int, unsigned short)
 .text._Z14AVdrawHlineDMAPtiiit
                0x02001f6c       0x4c avdslib.o
                0x02001f6c                AVdrawHlineDMA(unsigned short*, int, int, int, unsigned short)
 .text._Z12OnKeyPressedi
                0x02001fb8       0x58 main.o
                0x02001fb8                OnKeyPressed(int)
 .text._Z10bitmapModev.part.0
                0x02002010      0x1b8 main.o
 .text._Z9updatePaliPi
                0x020021c8      0x178 main.o
                0x020021c8                updatePal(int, int*)
 .text._Z15drawSurfaceMainii
                0x02002340      0x100 main.o
                0x02002340                drawSurfaceMain(int, int)
 .text._Z17drawSurfaceBottomii
                0x02002440      0x1d0 main.o
                0x02002440                drawSurfaceBottom(int, int)
 .text._Z16drawColorPalettev
                0x02002610       0x5c main.o
                0x02002610                drawColorPalette()
 .text._Z14clearTopBitmapv
                0x0200266c       0xb8 main.o
                0x0200266c                clearTopBitmap()
 .text._Z15saveBMP_indexedPKcPtS1_
                0x02002724       0xf8 main.o
                0x02002724                saveBMP_indexed(char const*, unsigned short*, unsigned short*)
 .text._Z15loadBMP_indexedPKcPtS1_
                0x0200281c      0x130 main.o
                0x0200281c                loadBMP_indexed(char const*, unsigned short*, unsigned short*)
 .text._Z19getActionsFromTouchi
                0x0200294c      0x11c main.o
                0x0200294c                getActionsFromTouch(int)
 .text._Z12applyActionsi
                0x02002a68      0x114 main.o
                0x02002a68                applyActions(int)
 .text._Z9floodFillPtiittii
                0x02002b7c       0xd0 main.o
                0x02002b7c                floodFill(unsigned short*, int, int, unsigned short, unsigned short, int, int)
 .text._Z9applyTooliib
                0x02002c4c      0x260 main.o
                0x02002c4c                applyTool(int, int, bool)
 .text._Z5flipHv
                0x02002eac       0xb4 main.o
                0x02002eac                flipH()
 .text._Z7initFPSv
                0x02002f60       0x24 main.o
                0x02002f60                initFPS()
 .text.fatInitDefault
                0x02002f84       0x20 C:/devkitPro/libnds/lib\libfat.a(fat_wrappers.o)
                0x02002f84                fatInitDefault
 .text._dvmDiscCalicoDummy
                0x02002fa4        0x4 C:/devkitPro/libnds/lib\libfat.a(dvm_calico.o)
 .text._dvmDiscCalicoWriteSectors
                0x02002fa8        0x8 C:/devkitPro/libnds/lib\libfat.a(dvm_calico.o)
 .text._dvmDiscCalicoReadSectors
                0x02002fb0        0x8 C:/devkitPro/libnds/lib\libfat.a(dvm_calico.o)
 .text._dvmIsAlignedAccess
                0x02002fb8       0x30 C:/devkitPro/libnds/lib\libfat.a(dvm_calico.o)
                0x02002fb8                _dvmIsAlignedAccess
 .text._dvmCacheCopy
                0x02002fe8       0x14 C:/devkitPro/libnds/lib\libfat.a(dvm_calico.o)
                0x02002fe8                _dvmCacheCopy
 .text.dvmInit  0x02002ffc      0x268 C:/devkitPro/libnds/lib\libfat.a(dvm_calico.o)
                0x02002ffc                dvmInit
 .text.dvmDiscAddUser
                0x02003264       0x10 C:/devkitPro/libnds/lib\libfat.a(dvm_disc.o)
                0x02003264                dvmDiscAddUser
 .text.dvmDiscRemoveUser
                0x02003274       0x28 C:/devkitPro/libnds/lib\libfat.a(dvm_disc.o)
                0x02003274                dvmDiscRemoveUser
 .text._dvmDiscCacheReadWrite
                0x0200329c      0x3ec C:/devkitPro/libnds/lib\libfat.a(dvm_cache.o)
 .text._dvmDiscCacheWriteSectors
                0x02003688       0x58 C:/devkitPro/libnds/lib\libfat.a(dvm_cache.o)
 .text._dvmDiscCacheReadSectors
                0x020036e0       0x58 C:/devkitPro/libnds/lib\libfat.a(dvm_cache.o)
 .text._dvmDiscCacheFlush
                0x02003738       0xac C:/devkitPro/libnds/lib\libfat.a(dvm_cache.o)
 .text._dvmDiscCacheDestroy
                0x020037e4       0x28 C:/devkitPro/libnds/lib\libfat.a(dvm_cache.o)
 .text.dvmDiscCacheCreate
                0x0200380c      0x1a0 C:/devkitPro/libnds/lib\libfat.a(dvm_cache.o)
                0x0200380c                dvmDiscCacheCreate
 .text.dvmMountVolume
                0x020039ac      0x188 C:/devkitPro/libnds/lib\libfat.a(dvm_volume.o)
                0x020039ac                dvmMountVolume
 .text._dvmSetAppWorkingDir
                0x02003b34       0x74 C:/devkitPro/libnds/lib\libfat.a(dvm_volume.o)
                0x02003b34                _dvmSetAppWorkingDir
 .text._dvmIdentMbrVbr
                0x02003ba8      0x1d8 C:/devkitPro/libnds/lib\libfat.a(dvm_prober.o)
 .text._dvmReadPartitionTable
                0x02003d80      0x204 C:/devkitPro/libnds/lib\libfat.a(dvm_prober.o)
 .text.dvmProbeMountDisc
                0x02003f84       0xf0 C:/devkitPro/libnds/lib\libfat.a(dvm_prober.o)
                0x02003f84                dvmProbeMountDisc
 .text._FAT_fstat_r
                0x02004074       0xac C:/devkitPro/libnds/lib\libfat.a(fat_driver.o)
 .text._FAT_umount
                0x02004120       0x1c C:/devkitPro/libnds/lib\libfat.a(fat_driver.o)
 .text._FAT_mount
                0x0200413c       0x44 C:/devkitPro/libnds/lib\libfat.a(fat_driver.o)
 .text._FAT_seek_r
                0x02004180      0x13c C:/devkitPro/libnds/lib\libfat.a(fat_driver.o)
 .text._FAT_set_stat.isra.0
                0x020042bc      0x10c C:/devkitPro/libnds/lib\libfat.a(fat_driver.o)
 .text._FAT_mkdir_r
                0x020043c8       0x64 C:/devkitPro/libnds/lib\libfat.a(fat_driver.o)
 .text._FAT_chdir_r
                0x0200442c       0x64 C:/devkitPro/libnds/lib\libfat.a(fat_driver.o)
 .text._FAT_unlink_r
                0x02004490       0x70 C:/devkitPro/libnds/lib\libfat.a(fat_driver.o)
 .text._FAT_rmdir_r
                0x02004500       0x6c C:/devkitPro/libnds/lib\libfat.a(fat_driver.o)
 .text._FAT_diropen_r
                0x0200456c       0x7c C:/devkitPro/libnds/lib\libfat.a(fat_driver.o)
 .text._FAT_fsync_r
                0x020045e8       0x64 C:/devkitPro/libnds/lib\libfat.a(fat_driver.o)
 .text._FAT_close_r
                0x0200464c       0x64 C:/devkitPro/libnds/lib\libfat.a(fat_driver.o)
 .text._FAT_dirclose_r
                0x020046b0       0x64 C:/devkitPro/libnds/lib\libfat.a(fat_driver.o)
 .text._FAT_dirreset_r
                0x02004714       0x6c C:/devkitPro/libnds/lib\libfat.a(fat_driver.o)
 .text._FAT_rename_r
                0x02004780       0x80 C:/devkitPro/libnds/lib\libfat.a(fat_driver.o)
 .text._FAT_stat_r
                0x02004800       0x98 C:/devkitPro/libnds/lib\libfat.a(fat_driver.o)
 .text._FAT_read_r
                0x02004898       0x7c C:/devkitPro/libnds/lib\libfat.a(fat_driver.o)
 .text._FAT_write_r
                0x02004914       0x7c C:/devkitPro/libnds/lib\libfat.a(fat_driver.o)
 .text._FAT_statvfs_r
                0x02004990       0xf0 C:/devkitPro/libnds/lib\libfat.a(fat_driver.o)
 .text._FAT_ftruncate_r
                0x02004a80      0x190 C:/devkitPro/libnds/lib\libfat.a(fat_driver.o)
 .text._FAT_dirnext_r
                0x02004c10      0x124 C:/devkitPro/libnds/lib\libfat.a(fat_driver.o)
 .text._FAT_open_r
                0x02004d34      0x124 C:/devkitPro/libnds/lib\libfat.a(fat_driver.o)
 .text.get_fattime
                0x02004e58       0x64 C:/devkitPro/libnds/lib\libfat.a(fat_driver.o)
                0x02004e58                get_fattime
 .text.ff_mutex_create
                0x02004ebc       0x18 C:/devkitPro/libnds/lib\libfat.a(fat_driver.o)
                0x02004ebc                ff_mutex_create
 .text.ff_mutex_delete
                0x02004ed4        0x4 C:/devkitPro/libnds/lib\libfat.a(fat_driver.o)
                0x02004ed4                ff_mutex_delete
 .text.ff_mutex_take
                0x02004ed8       0x14 C:/devkitPro/libnds/lib\libfat.a(fat_driver.o)
                0x02004ed8                ff_mutex_take
 .text.ff_mutex_give
                0x02004eec        0x8 C:/devkitPro/libnds/lib\libfat.a(fat_driver.o)
                0x02004eec                ff_mutex_give
 .text.disk_initialize
                0x02004ef4       0x24 C:/devkitPro/libnds/lib\libfat.a(fat_driver.o)
                0x02004ef4                disk_initialize
 .text.disk_status
                0x02004f18       0x24 C:/devkitPro/libnds/lib\libfat.a(fat_driver.o)
                0x02004f18                disk_status
 .text.disk_read
                0x02004f3c       0x2c C:/devkitPro/libnds/lib\libfat.a(fat_driver.o)
                0x02004f3c                disk_read
 .text.disk_write
                0x02004f68       0x2c C:/devkitPro/libnds/lib\libfat.a(fat_driver.o)
                0x02004f68                disk_write
 .text.disk_ioctl
                0x02004f94       0x38 C:/devkitPro/libnds/lib\libfat.a(fat_driver.o)
                0x02004f94                disk_ioctl
 .text.tchar2uni
                0x02004fcc       0xfc C:/devkitPro/libnds/lib\libfat.a(ff.o)
 .text.sync_window
                0x020050c8       0x90 C:/devkitPro/libnds/lib\libfat.a(ff.o)
 .text.put_utf  0x02005158      0x130 C:/devkitPro/libnds/lib\libfat.a(ff.o)
 .text.dir_clear
                0x02005288       0x9c C:/devkitPro/libnds/lib\libfat.a(ff.o)
 .text.get_fileinfo
                0x02005324      0x28c C:/devkitPro/libnds/lib\libfat.a(ff.o)
 .text.sync_fs  0x020055b0      0x180 C:/devkitPro/libnds/lib\libfat.a(ff.o)
 .text.move_window
                0x02005730       0xc4 C:/devkitPro/libnds/lib\libfat.a(ff.o)
 .text.put_fat.part.0
                0x020057f4      0x1dc C:/devkitPro/libnds/lib\libfat.a(ff.o)
 .text.get_fat.isra.0
                0x020059d0      0x160 C:/devkitPro/libnds/lib\libfat.a(ff.o)
 .text.remove_chain
                0x02005b30       0xf4 C:/devkitPro/libnds/lib\libfat.a(ff.o)
 .text.create_chain
                0x02005c24      0x21c C:/devkitPro/libnds/lib\libfat.a(ff.o)
 .text.dir_next
                0x02005e40      0x170 C:/devkitPro/libnds/lib\libfat.a(ff.o)
 .text.dir_read
                0x02005fb0      0x248 C:/devkitPro/libnds/lib\libfat.a(ff.o)
 .text.dir_sdi  0x020061f8      0x128 C:/devkitPro/libnds/lib\libfat.a(ff.o)
 .text.dir_alloc
                0x02006320       0xcc C:/devkitPro/libnds/lib\libfat.a(ff.o)
 .text.dir_remove
                0x020063ec       0xc4 C:/devkitPro/libnds/lib\libfat.a(ff.o)
 .text.dir_find
                0x020064b0      0x2f8 C:/devkitPro/libnds/lib\libfat.a(ff.o)
 .text.follow_path
                0x020067a8      0x588 C:/devkitPro/libnds/lib\libfat.a(ff.o)
 .text.dir_register
                0x02006d30      0x3f0 C:/devkitPro/libnds/lib\libfat.a(ff.o)
 .text.check_fs
                0x02007120      0x1ec C:/devkitPro/libnds/lib\libfat.a(ff.o)
 .text.mount_volume.part.0
                0x0200730c      0x504 C:/devkitPro/libnds/lib\libfat.a(ff.o)
 .text.validate
                0x02007810       0xbc C:/devkitPro/libnds/lib\libfat.a(ff.o)
 .text.f_mount  0x020078cc       0x6c C:/devkitPro/libnds/lib\libfat.a(ff.o)
                0x020078cc                f_mount
 .text.f_umount
                0x02007938       0x38 C:/devkitPro/libnds/lib\libfat.a(ff.o)
                0x02007938                f_umount
 .text.f_open   0x02007970      0x400 C:/devkitPro/libnds/lib\libfat.a(ff.o)
                0x02007970                f_open
 .text.f_read   0x02007d70      0x2a4 C:/devkitPro/libnds/lib\libfat.a(ff.o)
                0x02007d70                f_read
 .text.f_write  0x02008014      0x350 C:/devkitPro/libnds/lib\libfat.a(ff.o)
                0x02008014                f_write
 .text.f_sync   0x02008364      0x1a0 C:/devkitPro/libnds/lib\libfat.a(ff.o)
                0x02008364                f_sync
 .text.f_close  0x02008504       0x58 C:/devkitPro/libnds/lib\libfat.a(ff.o)
                0x02008504                f_close
 .text.f_chdir  0x0200855c       0xf0 C:/devkitPro/libnds/lib\libfat.a(ff.o)
                0x0200855c                f_chdir
 .text.f_lseek  0x0200864c      0x298 C:/devkitPro/libnds/lib\libfat.a(ff.o)
                0x0200864c                f_lseek
 .text.f_opendir
                0x020088e4      0x12c C:/devkitPro/libnds/lib\libfat.a(ff.o)
                0x020088e4                f_opendir
 .text.f_closedir
                0x02008a10       0xb0 C:/devkitPro/libnds/lib\libfat.a(ff.o)
                0x02008a10                f_closedir
 .text.f_readdir
                0x02008ac0       0xd0 C:/devkitPro/libnds/lib\libfat.a(ff.o)
                0x02008ac0                f_readdir
 .text.f_stat   0x02008b90      0x104 C:/devkitPro/libnds/lib\libfat.a(ff.o)
                0x02008b90                f_stat
 .text.f_getfree
                0x02008c94      0x184 C:/devkitPro/libnds/lib\libfat.a(ff.o)
                0x02008c94                f_getfree
 .text.f_truncate
                0x02008e18      0x228 C:/devkitPro/libnds/lib\libfat.a(ff.o)
                0x02008e18                f_truncate
 .text.f_unlink
                0x02009040      0x1a4 C:/devkitPro/libnds/lib\libfat.a(ff.o)
                0x02009040                f_unlink
 .text.f_mkdir  0x020091e4      0x294 C:/devkitPro/libnds/lib\libfat.a(ff.o)
                0x020091e4                f_mkdir
 .text.f_rename
                0x02009478      0x248 C:/devkitPro/libnds/lib\libfat.a(ff.o)
                0x02009478                f_rename
 .text.ff_uni2oem
                0x020096c0       0x78 C:/devkitPro/libnds/lib\libfat.a(ffunicode.o)
                0x020096c0                ff_uni2oem
 .text.ff_oem2uni
                0x02009738       0x40 C:/devkitPro/libnds/lib\libfat.a(ffunicode.o)
                0x02009738                ff_oem2uni
 .text.ff_wtoupper
                0x02009778      0x128 C:/devkitPro/libnds/lib\libfat.a(ffunicode.o)
                0x02009778                ff_wtoupper
 .text.checkIfText
                0x020098a0       0x6c C:/devkitPro/libnds/lib\libnds9.a(background.o)
                0x020098a0                checkIfText
 .text.bgUpdate
                0x0200990c       0xe8 C:/devkitPro/libnds/lib\libnds9.a(background.o)
                0x0200990c                bgUpdate
 .text.bgInit_call
                0x020099f4       0xa8 C:/devkitPro/libnds/lib\libnds9.a(background.o)
                0x020099f4                bgInit_call
 .text.bgInitSub_call
                0x02009a9c       0xb0 C:/devkitPro/libnds/lib\libnds9.a(background.o)
                0x02009a9c                bgInitSub_call
 .text.newRow   0x02009b4c       0xe0 C:/devkitPro/libnds/lib\libnds9.a(console.o)
 .text.consolePrintChar
                0x02009c2c       0xe0 C:/devkitPro/libnds/lib\libnds9.a(console.o)
                0x02009c2c                consolePrintChar
 .text.con_write
                0x02009d0c      0x344 C:/devkitPro/libnds/lib\libnds9.a(console.o)
                0x02009d0c                con_write
 .text.consoleLoadFont
                0x0200a050      0x2e8 C:/devkitPro/libnds/lib\libnds9.a(console.o)
                0x0200a050                consoleLoadFont
 .text.consoleInit
                0x0200a338      0x170 C:/devkitPro/libnds/lib\libnds9.a(console.o)
                0x0200a338                consoleInit
 .text.consoleDemoInit
                0x0200a4a8       0x40 C:/devkitPro/libnds/lib\libnds9.a(console.o)
                0x0200a4a8                consoleDemoInit
 .text.consoleClear
                0x0200a4e8       0x10 C:/devkitPro/libnds/lib\libnds9.a(console.o)
                0x0200a4e8                consoleClear
 .text.getHeader
                0x0200a4f8        0x4 C:/devkitPro/libnds/lib\libnds9.a(decompress.o)
 .text.readByte
                0x0200a4fc        0x4 C:/devkitPro/libnds/lib\libnds9.a(decompress.o)
 .text.decompress
                0x0200a500       0x40 C:/devkitPro/libnds/lib\libnds9.a(decompress.o)
                0x0200a500                decompress
 .text.defaultHandler
                0x0200a540       0x6c C:/devkitPro/libnds/lib\libnds9.a(exceptionDefault.o)
 .text.excptPrint
                0x0200a5ac       0x38 C:/devkitPro/libnds/lib\libnds9.a(exceptionDefault.o)
 .text.defaultExceptionHandler
                0x0200a5e4       0x20 C:/devkitPro/libnds/lib\libnds9.a(exceptionDefault.o)
                0x0200a5e4                defaultExceptionHandler
 .text.ARMShift
                0x0200a604       0x74 C:/devkitPro/libnds/lib\libnds9.a(gurumeditation.o)
 .text.getExceptionAddress
                0x0200a678      0x198 C:/devkitPro/libnds/lib\libnds9.a(gurumeditation.o)
                0x0200a678                getExceptionAddress
 .text.guruMeditationDump
                0x0200a810      0x108 C:/devkitPro/libnds/lib\libnds9.a(gurumeditation.o)
                0x0200a810                guruMeditationDump
 .text.swapKeyGfx.part.0
                0x0200a918      0x21c C:/devkitPro/libnds/lib\libnds9.a(keyboard.o)
 .text.keyboardGetKey
                0x0200ab34       0x4c C:/devkitPro/libnds/lib\libnds9.a(keyboard.o)
                0x0200ab34                keyboardGetKey
 .text.keyboardShiftState
                0x0200ab80       0x9c C:/devkitPro/libnds/lib\libnds9.a(keyboard.o)
                0x0200ab80                keyboardShiftState
 .text.keyboardUpdate
                0x0200ac1c      0x12c C:/devkitPro/libnds/lib\libnds9.a(keyboard.o)
                0x0200ac1c                keyboardUpdate
 .text.keyboardInit
                0x0200ad48      0x20c C:/devkitPro/libnds/lib\libnds9.a(keyboard.o)
                0x0200ad48                keyboardInit
 .text.keyboardDemoInit
                0x0200af54       0x2c C:/devkitPro/libnds/lib\libnds9.a(keyboard.o)
                0x0200af54                keyboardDemoInit
 .text.keyboardShow
                0x0200af80       0xd8 C:/devkitPro/libnds/lib\libnds9.a(keyboard.o)
                0x0200af80                keyboardShow
 .text.keyboardHide
                0x0200b058       0x88 C:/devkitPro/libnds/lib\libnds9.a(keyboard.o)
                0x0200b058                keyboardHide
 .text.keyboardRead
                0x0200b0e0       0xd0 C:/devkitPro/libnds/lib\libnds9.a(keyboard.o)
                0x0200b0e0                keyboardRead
 .text.scanKeys
                0x0200b1b0       0x6c C:/devkitPro/libnds/lib\libnds9.a(keys.o)
                0x0200b1b0                scanKeys
 .text.keysHeld
                0x0200b21c        0xc C:/devkitPro/libnds/lib\libnds9.a(keys.o)
                0x0200b21c                keysHeld
 .text.keysDown
                0x0200b228       0x10 C:/devkitPro/libnds/lib\libnds9.a(keys.o)
                0x0200b228                keysDown
 .text.keysCurrent
                0x0200b238       0x1c C:/devkitPro/libnds/lib\libnds9.a(keys.o)
                0x0200b238                keysCurrent
 .text.oamAllocReset
                0x0200b254       0x1c C:/devkitPro/libnds/lib\libnds9.a(sprite_alloc.o)
                0x0200b254                oamAllocReset
 .text.oamAllocateGfx
                0x0200b270      0x578 C:/devkitPro/libnds/lib\libnds9.a(sprite_alloc.o)
                0x0200b270                oamAllocateGfx
 .text.oamInit  0x0200b7e8      0x138 C:/devkitPro/libnds/lib\libnds9.a(sprite.o)
                0x0200b7e8                oamInit
 .text.oamGetGfxPtr
                0x0200b920       0x34 C:/devkitPro/libnds/lib\libnds9.a(sprite.o)
                0x0200b920                oamGetGfxPtr
 .text.oamClear
                0x0200b954       0x24 C:/devkitPro/libnds/lib\libnds9.a(sprite.o)
                0x0200b954                oamClear
 .text.oamGfxPtrToOffset
                0x0200b978       0x34 C:/devkitPro/libnds/lib\libnds9.a(sprite.o)
                0x0200b978                oamGfxPtrToOffset
 .text.oamSet   0x0200b9ac      0x100 C:/devkitPro/libnds/lib\libnds9.a(sprite.o)
                0x0200b9ac                oamSet
 .text.oamUpdate
                0x0200baac       0x78 C:/devkitPro/libnds/lib\libnds9.a(sprite.o)
                0x0200baac                oamUpdate
 .text.sinLutLookup
                0x0200bb24       0x4c C:/devkitPro/libnds/lib\libnds9.a(trig.o)
                0x0200bb24                sinLutLookup
 .text.sinLerp  0x0200bb70       0x38 C:/devkitPro/libnds/lib\libnds9.a(trig.o)
                0x0200bb70                sinLerp
 .text.cosLerp  0x0200bba8       0x44 C:/devkitPro/libnds/lib\libnds9.a(trig.o)
                0x0200bba8                cosLerp
 .text.__libnds_excpt
                0x0200bbec       0xf8 C:/devkitPro/libnds/lib\libnds9.a(exceptionEntry.o)
                0x0200bbec                __libnds_excpt
 .text.threadExit
                0x0200bce4       0x9c C:/devkitPro/calico/lib\libcalico_ds9.a(thread_cold.o)
                0x0200bce4                threadExit
 .text._threadTickTask
                0x0200bd80       0x10 C:/devkitPro/calico/lib\libcalico_ds9.a(thread_cold.o)
 .text._threadInit
                0x0200bd90       0x98 C:/devkitPro/calico/lib\libcalico_ds9.a(thread_cold.o)
                0x0200bd90                _threadInit
 .text.threadPrepare
                0x0200be28       0xa4 C:/devkitPro/calico/lib\libcalico_ds9.a(thread_cold.o)
                0x0200be28                threadPrepare
 .text.threadStart
                0x0200becc       0xc8 C:/devkitPro/calico/lib\libcalico_ds9.a(thread_cold.o)
                0x0200becc                threadStart
 .text.threadIrqWait
                0x0200bf94       0xa0 C:/devkitPro/calico/lib\libcalico_ds9.a(thread_cold.o)
                0x0200bf94                threadIrqWait
 .text.threadSleepTicks
                0x0200c034       0x58 C:/devkitPro/calico/lib\libcalico_ds9.a(thread_cold.o)
                0x0200c034                threadSleepTicks
 .text._dietPrintDefaultFunc
                0x0200c08c        0x4 C:/devkitPro/calico/lib\libcalico_ds9.a(dietprint.o)
 .text._dietOutput
                0x0200c090       0x3c C:/devkitPro/calico/lib\libcalico_ds9.a(dietprint.o)
 .text._dietPrintDec32
                0x0200c0cc      0x110 C:/devkitPro/calico/lib\libcalico_ds9.a(dietprint.o)
 .text._dietPrintHex32
                0x0200c1dc      0x170 C:/devkitPro/calico/lib\libcalico_ds9.a(dietprint.o)
 .text.dietPrintV
                0x0200c34c      0x4b8 C:/devkitPro/calico/lib\libcalico_ds9.a(dietprint.o)
                0x0200c34c                dietPrintV
 .text.dietPrint
                0x0200c804       0x18 C:/devkitPro/calico/lib\libcalico_ds9.a(dietprint.o)
                0x0200c804                dietPrint
 .text.__syscall_getreent
                0x0200c81c       0x14 C:/devkitPro/calico/lib\libcalico_ds9.a(newlib_syscalls.o)
                0x0200c81c                __syscall_getreent
 .text.__errno  0x0200c830       0x24 C:/devkitPro/calico/lib\libcalico_ds9.a(newlib_syscalls.o)
                0x0200c830                __errno
 .text.__syscall_gettod_r
                0x0200c854       0x30 C:/devkitPro/calico/lib\libcalico_ds9.a(newlib_syscalls.o)
                0x0200c854                __syscall_gettod_r
 .text.__syscall_lock_acquire
                0x0200c884        0x4 C:/devkitPro/calico/lib\libcalico_ds9.a(newlib_syscalls.o)
                0x0200c884                __syscall_lock_acquire
 .text.__syscall_lock_release
                0x0200c888        0x4 C:/devkitPro/calico/lib\libcalico_ds9.a(newlib_syscalls.o)
                0x0200c888                __syscall_lock_release
 .text.__syscall_lock_acquire_recursive
                0x0200c88c       0x4c C:/devkitPro/calico/lib\libcalico_ds9.a(newlib_syscalls.o)
                0x0200c88c                __syscall_lock_acquire_recursive
 .text.__syscall_lock_release_recursive
                0x0200c8d8       0x18 C:/devkitPro/calico/lib\libcalico_ds9.a(newlib_syscalls.o)
                0x0200c8d8                __syscall_lock_release_recursive
 .text.svcLZ77UncompWram
                0x0200c8f0        0x4 C:/devkitPro/calico/lib\libcalico_ds9.a(bios.o)
                0x0200c8f0                svcLZ77UncompWram
 .text.svcHuffUncompCallback
                0x0200c8f4        0x4 C:/devkitPro/calico/lib\libcalico_ds9.a(bios.o)
                0x0200c8f4                svcHuffUncompCallback
 .text.svcRLUncompWram
                0x0200c8f8        0x4 C:/devkitPro/calico/lib\libcalico_ds9.a(bios.o)
                0x0200c8f8                svcRLUncompWram
 .text.svcRLUncompVramCallback
                0x0200c8fc        0x4 C:/devkitPro/calico/lib\libcalico_ds9.a(bios.o)
                0x0200c8fc                svcRLUncompVramCallback
 .text.svcLZ77UncompVramCallback
                0x0200c900       0x18 C:/devkitPro/calico/lib\libcalico_ds9.a(bios.o)
                0x0200c900                svcLZ77UncompVramCallback
 .text._pxiMailboxHandler
                0x0200c918        0x4 C:/devkitPro/calico/lib\libcalico_ds9.a(pxi.o)
 .text._pxiRecvUnhandled
                0x0200c91c        0x4 C:/devkitPro/calico/lib\libcalico_ds9.a(pxi.o)
                0x0200c91c                _pxiRecvUnhandled
 .text._pxiRecvIrqHandler
                0x0200c920      0x154 C:/devkitPro/calico/lib\libcalico_ds9.a(pxi.o)
 .text._pxiInit
                0x0200ca74       0x58 C:/devkitPro/calico/lib\libcalico_ds9.a(pxi.o)
                0x0200ca74                _pxiInit
 .text.pxiSetHandler
                0x0200cacc       0x74 C:/devkitPro/calico/lib\libcalico_ds9.a(pxi.o)
                0x0200cacc                pxiSetHandler
 .text.pxiSetMailbox
                0x0200cb40       0x68 C:/devkitPro/calico/lib\libcalico_ds9.a(pxi.o)
                0x0200cb40                pxiSetMailbox
 .text.pxiWaitRemote
                0x0200cba8       0x38 C:/devkitPro/calico/lib\libcalico_ds9.a(pxi.o)
                0x0200cba8                pxiWaitRemote
 .text.pxiSendPacket
                0x0200cbe0       0x50 C:/devkitPro/calico/lib\libcalico_ds9.a(pxi.o)
                0x0200cbe0                pxiSendPacket
 .text.pxiSendExtPacket
                0x0200cc30       0x98 C:/devkitPro/calico/lib\libcalico_ds9.a(pxi.o)
                0x0200cc30                pxiSendExtPacket
 .text.pxiBeginReceive
                0x0200ccc8       0x2c C:/devkitPro/calico/lib\libcalico_ds9.a(pxi.o)
                0x0200ccc8                pxiBeginReceive
 .text.pxiEndReceive
                0x0200ccf4       0xac C:/devkitPro/calico/lib\libcalico_ds9.a(pxi.o)
                0x0200ccf4                pxiEndReceive
 .text.keypadGetState
                0x0200cda0       0x28 C:/devkitPro/calico/lib\libcalico_ds9.a(keypad.o)
                0x0200cda0                keypadGetState
 .text._pmCallEventHandlers
                0x0200cdc8       0x40 C:/devkitPro/calico/lib\libcalico_ds9.a(pm.o)
 .text._pmPxiThreadMain
                0x0200ce08       0xa0 C:/devkitPro/calico/lib\libcalico_ds9.a(pm.o)
 .text._pmResetPxiHandler
                0x0200cea8       0x28 C:/devkitPro/calico/lib\libcalico_ds9.a(pm.o)
 .text.systemUserExit
                0x0200ced0        0x4 C:/devkitPro/calico/lib\libcalico_ds9.a(pm.o)
                0x0200ced0                systemUserExit
 .text.systemErrorExit
                0x0200ced4        0x4 C:/devkitPro/calico/lib\libcalico_ds9.a(pm.o)
                0x0200ced4                systemErrorExit
 .text.__syscall_exit
                0x0200ced8      0x138 C:/devkitPro/calico/lib\libcalico_ds9.a(pm.o)
                0x0200ced8                __syscall_exit
 .text.pmInit   0x0200d010       0x58 C:/devkitPro/calico/lib\libcalico_ds9.a(pm.o)
                0x0200d010                pmInit
 .text.pmEnterSleep
                0x0200d068       0xcc C:/devkitPro/calico/lib\libcalico_ds9.a(pm.o)
                0x0200d068                pmEnterSleep
 .text.pmMainLoop
                0x0200d134       0x74 C:/devkitPro/calico/lib\libcalico_ds9.a(pm.o)
                0x0200d134                pmMainLoop
 .text.systemUserStartup
                0x0200d1a8        0x4 C:/devkitPro/calico/lib\libcalico_ds9.a(sys_startup.o)
                0x0200d1a8                systemUserStartup
 .text.systemStartup
                0x0200d1ac      0x104 C:/devkitPro/calico/lib\libcalico_ds9.a(sys_startup.o)
                0x0200d1ac                systemStartup
 .text.touchRead
                0x0200d2b0       0x58 C:/devkitPro/calico/lib\libcalico_ds9.a(touch.o)
                0x0200d2b0                touchRead
 .text._blkDevReadWriteSectors
                0x0200d308       0x44 C:/devkitPro/calico/lib\libcalico_ds9.a(blk.o)
 .text.blkInit  0x0200d34c        0x8 C:/devkitPro/calico/lib\libcalico_ds9.a(blk.o)
                0x0200d34c                blkInit
 .text.blkDevIsPresent
                0x0200d354       0x30 C:/devkitPro/calico/lib\libcalico_ds9.a(blk.o)
                0x0200d354                blkDevIsPresent
 .text.blkDevInit
                0x0200d384       0x30 C:/devkitPro/calico/lib\libcalico_ds9.a(blk.o)
                0x0200d384                blkDevInit
 .text.blkDevGetSectorCount
                0x0200d3b4       0x34 C:/devkitPro/calico/lib\libcalico_ds9.a(blk.o)
                0x0200d3b4                blkDevGetSectorCount
 .text.blkDevReadSectors
                0x0200d3e8       0x5c C:/devkitPro/calico/lib\libcalico_ds9.a(blk.o)
                0x0200d3e8                blkDevReadSectors
 .text.blkDevWriteSectors
                0x0200d444       0x5c C:/devkitPro/calico/lib\libcalico_ds9.a(blk.o)
                0x0200d444                blkDevWriteSectors
 .text.irqSet   0x0200d4a0       0x64 C:/devkitPro/calico/lib\libcalico_ds9.a(irq.o)
                0x0200d4a0                irqSet
 .text._tickCountIsr
                0x0200d504       0x1c C:/devkitPro/calico/lib\libcalico_ds9.a(tick.o)
 .text._tickTaskSchedule.part.0.isra.0
                0x0200d520       0x84 C:/devkitPro/calico/lib\libcalico_ds9.a(tick.o)
 .text.tickInit
                0x0200d5a4       0xa0 C:/devkitPro/calico/lib\libcalico_ds9.a(tick.o)
                0x0200d5a4                tickInit
 .text.tickGetCount
                0x0200d644       0x5c C:/devkitPro/calico/lib\libcalico_ds9.a(tick.o)
                0x0200d644                tickGetCount
 .text._tickTaskIsr
                0x0200d6a0      0x110 C:/devkitPro/calico/lib\libcalico_ds9.a(tick.o)
 .text.tickTaskStart
                0x0200d7b0      0x144 C:/devkitPro/calico/lib\libcalico_ds9.a(tick.o)
                0x0200d7b0                tickTaskStart
 .text.threadUpdateDynamicPrio
                0x0200d8f4      0x1cc C:/devkitPro/calico/lib\libcalico_ds9.a(mutex.o)
 .text.threadRemoveWaiter
                0x0200dac0      0x1c8 C:/devkitPro/calico/lib\libcalico_ds9.a(mutex.o)
 .text.mutexLock
                0x0200dc88      0x150 C:/devkitPro/calico/lib\libcalico_ds9.a(mutex.o)
                0x0200dc88                mutexLock
 .text.mutexUnlock
                0x0200ddd8       0xd0 C:/devkitPro/calico/lib\libcalico_ds9.a(mutex.o)
                0x0200ddd8                mutexUnlock
 .text.mailboxTrySend
                0x0200dea8       0x98 C:/devkitPro/calico/lib\libcalico_ds9.a(mailbox.o)
                0x0200dea8                mailboxTrySend
 .text.mailboxRecv
                0x0200df40       0x98 C:/devkitPro/calico/lib\libcalico_ds9.a(mailbox.o)
                0x0200df40                mailboxRecv
 .text          0x0200dfd8      0x11c C:/devkitPro/devkitARM/bin/../lib/gcc/arm-none-eabi/15.1.0/thumb\libgcc.a(_udivsi3.o)
                0x0200dfd8                __aeabi_uidiv
                0x0200dfd8                __udivsi3
                0x0200e0d4                __aeabi_uidivmod
 .text          0x0200e0f4      0x150 C:/devkitPro/devkitARM/bin/../lib/gcc/arm-none-eabi/15.1.0/thumb\libgcc.a(_divsi3.o)
                0x0200e0f4                __divsi3
                0x0200e0f4                __aeabi_idiv
                0x0200e224                __aeabi_idivmod
 .text          0x0200e244        0x4 C:/devkitPro/devkitARM/bin/../lib/gcc/arm-none-eabi/15.1.0/thumb\libgcc.a(_dvmd_tls.o)
                0x0200e244                __aeabi_idiv0
                0x0200e244                __aeabi_ldiv0
 .text          0x0200e248       0x3c C:/devkitPro/devkitARM/bin/../lib/gcc/arm-none-eabi/15.1.0/thumb\libgcc.a(_aeabi_uldivmod.o)
                0x0200e248                __aeabi_uldivmod
 .text.__udivmoddi4
                0x0200e284      0x194 C:/devkitPro/devkitARM/bin/../lib/gcc/arm-none-eabi/15.1.0/thumb\libgcc.a(_udivmoddi4.o)
                0x0200e284                __udivmoddi4
 .text          0x0200e418       0x28 C:/devkitPro/devkitARM/bin/../lib/gcc/arm-none-eabi/15.1.0/thumb\libgcc.a(_clzdi2.o)
                0x0200e418                __clzdi2
 .text          0x0200e440       0x48 C:/devkitPro/devkitARM/bin/../lib/gcc/arm-none-eabi/15.1.0/thumb\libgcc.a(_clzsi2.o)
                0x0200e440                __clzsi2
 .text.strchr   0x0200e488       0xbc C:/devkitPro/devkitARM/bin/../lib/gcc/arm-none-eabi/15.1.0/../../../../arm-none-eabi/lib/thumb\libg.a(libc_a-strchr.o)
                0x0200e488                strchr
 .text._fclose_r
                0x0200e544       0xdc C:/devkitPro/devkitARM/bin/../lib/gcc/arm-none-eabi/15.1.0/../../../../arm-none-eabi/lib/thumb\libg.a(libc_a-fclose.o)
                0x0200e544                _fclose_r
 .text.fclose   0x0200e620       0x14 C:/devkitPro/devkitARM/bin/../lib/gcc/arm-none-eabi/15.1.0/../../../../arm-none-eabi/lib/thumb\libg.a(libc_a-fclose.o)
                0x0200e620                fclose
 .text._fwrite_r
                0x0200e634       0x9c C:/devkitPro/devkitARM/bin/../lib/gcc/arm-none-eabi/15.1.0/../../../../arm-none-eabi/lib/thumb\libg.a(libc_a-fwrite.o)
                0x0200e634                _fwrite_r
 .text.fwrite   0x0200e6d0       0x24 C:/devkitPro/devkitARM/bin/../lib/gcc/arm-none-eabi/15.1.0/../../../../arm-none-eabi/lib/thumb\libg.a(libc_a-fwrite.o)
                0x0200e6d0                fwrite
 .text.sprintf  0x0200e6f4       0x44 C:/devkitPro/devkitARM/bin/../lib/gcc/arm-none-eabi/15.1.0/../../../../arm-none-eabi/lib/thumb\libg.a(libc_a-sprintf.o)
                0x0200e6f4                sprintf
 .text.memcmp   0x0200e738       0x48 C:/devkitPro/devkitARM/bin/../lib/gcc/arm-none-eabi/15.1.0/../../../../arm-none-eabi/lib/thumb\libg.a(libc_a-memcmp.o)
                0x0200e738                memcmp
 .text.stdio_exit_handler
                0x0200e780       0x20 C:/devkitPro/devkitARM/bin/../lib/gcc/arm-none-eabi/15.1.0/../../../../arm-none-eabi/lib/thumb\libg.a(libc_a-findfp.o)
 .text.cleanup_stdio
                0x0200e7a0       0x40 C:/devkitPro/devkitARM/bin/../lib/gcc/arm-none-eabi/15.1.0/../../../../arm-none-eabi/lib/thumb\libg.a(libc_a-findfp.o)
 .text.global_stdio_init.part.0
                0x0200e7e0      0x120 C:/devkitPro/devkitARM/bin/../lib/gcc/arm-none-eabi/15.1.0/../../../../arm-none-eabi/lib/thumb\libg.a(libc_a-findfp.o)
 .text.__sfp    0x0200e900       0xcc C:/devkitPro/devkitARM/bin/../lib/gcc/arm-none-eabi/15.1.0/../../../../arm-none-eabi/lib/thumb\libg.a(libc_a-findfp.o)
                0x0200e900                __sfp
 .text.__sinit  0x0200e9cc       0x3c C:/devkitPro/devkitARM/bin/../lib/gcc/arm-none-eabi/15.1.0/../../../../arm-none-eabi/lib/thumb\libg.a(libc_a-findfp.o)
                0x0200e9cc                __sinit
 .text.__sfp_lock_acquire
                0x0200ea08       0x14 C:/devkitPro/devkitARM/bin/../lib/gcc/arm-none-eabi/15.1.0/../../../../arm-none-eabi/lib/thumb\libg.a(libc_a-findfp.o)
                0x0200ea08                __sfp_lock_acquire
 .text.__sfp_lock_release
                0x0200ea1c       0x14 C:/devkitPro/devkitARM/bin/../lib/gcc/arm-none-eabi/15.1.0/../../../../arm-none-eabi/lib/thumb\libg.a(libc_a-findfp.o)
                0x0200ea1c                __sfp_lock_release
 .text.__libc_init_array
                0x0200ea30       0x54 C:/devkitPro/devkitARM/bin/../lib/gcc/arm-none-eabi/15.1.0/../../../../arm-none-eabi/lib/thumb\libg.a(libc_a-init.o)
                0x0200ea30                __libc_init_array
 .text._fwalk_sglue
                0x0200ea84       0x4c C:/devkitPro/devkitARM/bin/../lib/gcc/arm-none-eabi/15.1.0/../../../../arm-none-eabi/lib/thumb\libg.a(libc_a-fwalk.o)
                0x0200ea84                _fwalk_sglue
 .text.calloc   0x0200ead0       0x18 C:/devkitPro/devkitARM/bin/../lib/gcc/arm-none-eabi/15.1.0/../../../../arm-none-eabi/lib/thumb\libg.a(libc_a-calloc.o)
                0x0200ead0                calloc
 .text.siscanf  0x0200eae8       0x50 C:/devkitPro/devkitARM/bin/../lib/gcc/arm-none-eabi/15.1.0/../../../../arm-none-eabi/lib/thumb\libg.a(libc_a-siscanf.o)
                0x0200eae8                siscanf
 .text.strrchr  0x0200eb38       0x30 C:/devkitPro/devkitARM/bin/../lib/gcc/arm-none-eabi/15.1.0/../../../../arm-none-eabi/lib/thumb\libg.a(libc_a-strrchr.o)
                0x0200eb38                strrchr
 .text.aligned_alloc
                0x0200eb68       0x18 C:/devkitPro/devkitARM/bin/../lib/gcc/arm-none-eabi/15.1.0/../../../../arm-none-eabi/lib/thumb\libg.a(libc_a-aligned_alloc.o)
                0x0200eb68                aligned_alloc
 .text._calloc_r
                0x0200eb80       0xcc C:/devkitPro/devkitARM/bin/../lib/gcc/arm-none-eabi/15.1.0/../../../../arm-none-eabi/lib/thumb\libg.a(libc_a-callocr.o)
                0x0200eb80                _calloc_r
 .text.realloc  0x0200ec4c       0x18 C:/devkitPro/devkitARM/bin/../lib/gcc/arm-none-eabi/15.1.0/../../../../arm-none-eabi/lib/thumb\libg.a(libc_a-realloc.o)
                0x0200ec4c                realloc
 .text.validate_structure
                0x0200ec64      0x1e8 C:/devkitPro/devkitARM/bin/../lib/gcc/arm-none-eabi/15.1.0/../../../../arm-none-eabi/lib/thumb\libg.a(libc_a-mktime.o)
 .text.mktime   0x0200ee4c      0x434 C:/devkitPro/devkitARM/bin/../lib/gcc/arm-none-eabi/15.1.0/../../../../arm-none-eabi/lib/thumb\libg.a(libc_a-mktime.o)
                0x0200ee4c                mktime
 .text._fseek_r
                0x0200f280       0x14 C:/devkitPro/devkitARM/bin/../lib/gcc/arm-none-eabi/15.1.0/../../../../arm-none-eabi/lib/thumb\libg.a(libc_a-fseek.o)
                0x0200f280                _fseek_r
 .text.fseek    0x0200f294       0x24 C:/devkitPro/devkitARM/bin/../lib/gcc/arm-none-eabi/15.1.0/../../../../arm-none-eabi/lib/thumb\libg.a(libc_a-fseek.o)
                0x0200f294                fseek
 .text.__tz_lock
                0x0200f2b8       0x14 C:/devkitPro/devkitARM/bin/../lib/gcc/arm-none-eabi/15.1.0/../../../../arm-none-eabi/lib/thumb\libg.a(libc_a-tzlock.o)
                0x0200f2b8                __tz_lock
 .text.__tz_unlock
                0x0200f2cc       0x14 C:/devkitPro/devkitARM/bin/../lib/gcc/arm-none-eabi/15.1.0/../../../../arm-none-eabi/lib/thumb\libg.a(libc_a-tzlock.o)
                0x0200f2cc                __tz_unlock
 .text._malloc_r
                0x0200f2e0      0x550 C:/devkitPro/devkitARM/bin/../lib/gcc/arm-none-eabi/15.1.0/../../../../arm-none-eabi/lib/thumb\libg.a(libc_a-mallocr.o)
                0x0200f2e0                _malloc_r
 .text._malloc_trim_r
                0x0200f830       0xac C:/devkitPro/devkitARM/bin/../lib/gcc/arm-none-eabi/15.1.0/../../../../arm-none-eabi/lib/thumb\libg.a(libc_a-freer.o)
                0x0200f830                _malloc_trim_r
 .text._free_r  0x0200f8dc      0x1d8 C:/devkitPro/devkitARM/bin/../lib/gcc/arm-none-eabi/15.1.0/../../../../arm-none-eabi/lib/thumb\libg.a(libc_a-freer.o)
                0x0200f8dc                _free_r
 .text.get_arg  0x0200fab4      0x404 C:/devkitPro/devkitARM/bin/../lib/gcc/arm-none-eabi/15.1.0/../../../../arm-none-eabi/lib/thumb\libg.a(libc_a-svfprintf.o)
 .text._svfprintf_r
                0x0200feb8     0x22d8 C:/devkitPro/devkitARM/bin/../lib/gcc/arm-none-eabi/15.1.0/../../../../arm-none-eabi/lib/thumb\libg.a(libc_a-svfprintf.o)
                0x0200feb8                _svfprintf_r
 .text.strnlen  0x02012190       0x20 C:/devkitPro/devkitARM/bin/../lib/gcc/arm-none-eabi/15.1.0/../../../../arm-none-eabi/lib/thumb\libg.a(libc_a-strnlen.o)
                0x02012190                strnlen
 .text.malloc   0x020121b0       0x28 C:/devkitPro/devkitARM/bin/../lib/gcc/arm-none-eabi/15.1.0/../../../../arm-none-eabi/lib/thumb\libg.a(libc_a-malloc.o)
                0x020121b0                malloc
 .text.free     0x020121d8       0x14 C:/devkitPro/devkitARM/bin/../lib/gcc/arm-none-eabi/15.1.0/../../../../arm-none-eabi/lib/thumb\libg.a(libc_a-malloc.o)
                0x020121d8                free
 .text.__sflush_r
                0x020121ec      0x180 C:/devkitPro/devkitARM/bin/../lib/gcc/arm-none-eabi/15.1.0/../../../../arm-none-eabi/lib/thumb\libg.a(libc_a-fflush.o)
                0x020121ec                __sflush_r
 .text._fflush_r
                0x0201236c       0x70 C:/devkitPro/devkitARM/bin/../lib/gcc/arm-none-eabi/15.1.0/../../../../arm-none-eabi/lib/thumb\libg.a(libc_a-fflush.o)
                0x0201236c                _fflush_r
 .text.time     0x020123dc       0x38 C:/devkitPro/devkitARM/bin/../lib/gcc/arm-none-eabi/15.1.0/../../../../arm-none-eabi/lib/thumb\libg.a(libc_a-time.o)
                0x020123dc                time
 .text.memset   0x02012414       0x8c C:/devkitPro/devkitARM/bin/../lib/gcc/arm-none-eabi/15.1.0/../../../../arm-none-eabi/lib/thumb\libg.a(libc_a-memset.o)
                0x02012414                memset
 .text._realloc_r
                0x020124a0      0x344 C:/devkitPro/devkitARM/bin/../lib/gcc/arm-none-eabi/15.1.0/../../../../arm-none-eabi/lib/thumb\libg.a(libc_a-reallocr.o)
                0x020124a0                _realloc_r
 .text.localtime_r
                0x020127e4      0x228 C:/devkitPro/devkitARM/bin/../lib/gcc/arm-none-eabi/15.1.0/../../../../arm-none-eabi/lib/thumb\libg.a(libc_a-lcltime_r.o)
                0x020127e4                localtime_r
 .text._fread_r
                0x02012a0c      0x228 C:/devkitPro/devkitARM/bin/../lib/gcc/arm-none-eabi/15.1.0/../../../../arm-none-eabi/lib/thumb\libg.a(libc_a-fread.o)
                0x02012a0c                _fread_r
 .text.fread    0x02012c34       0x24 C:/devkitPro/devkitARM/bin/../lib/gcc/arm-none-eabi/15.1.0/../../../../arm-none-eabi/lib/thumb\libg.a(libc_a-fread.o)
                0x02012c34                fread
 .text.__malloc_lock
                0x02012c58       0x14 C:/devkitPro/devkitARM/bin/../lib/gcc/arm-none-eabi/15.1.0/../../../../arm-none-eabi/lib/thumb\libg.a(libc_a-mlock.o)
                0x02012c58                __malloc_lock
 .text.__malloc_unlock
                0x02012c6c       0x14 C:/devkitPro/devkitARM/bin/../lib/gcc/arm-none-eabi/15.1.0/../../../../arm-none-eabi/lib/thumb\libg.a(libc_a-mlock.o)
                0x02012c6c                __malloc_unlock
 .text.__tzcalc_limits
                0x02012c80      0x1ac C:/devkitPro/devkitARM/bin/../lib/gcc/arm-none-eabi/15.1.0/../../../../arm-none-eabi/lib/thumb\libg.a(libc_a-tzcalc_limits.o)
                0x02012c80                __tzcalc_limits
 .text          0x02012e2c      0x224 C:/devkitPro/devkitARM/bin/../lib/gcc/arm-none-eabi/15.1.0/../../../../arm-none-eabi/lib/thumb\libg.a(libc_a-strcmp.o)
                0x02012e2c                strcmp
 .text.__call_exitprocs
                0x02013050        0xc C:/devkitPro/devkitARM/bin/../lib/gcc/arm-none-eabi/15.1.0/../../../../arm-none-eabi/lib/thumb\libg.a(libc_a-exit.o)
                0x02013050                __call_exitprocs
 .text.setvbuf  0x0201305c      0x1ac C:/devkitPro/devkitARM/bin/../lib/gcc/arm-none-eabi/15.1.0/../../../../arm-none-eabi/lib/thumb\libg.a(libc_a-setvbuf.o)
                0x0201305c                setvbuf
 .text._fopen_r
                0x02013208       0xb4 C:/devkitPro/devkitARM/bin/../lib/gcc/arm-none-eabi/15.1.0/../../../../arm-none-eabi/lib/thumb\libg.a(libc_a-fopen.o)
                0x02013208                _fopen_r
 .text.fopen    0x020132bc       0x18 C:/devkitPro/devkitARM/bin/../lib/gcc/arm-none-eabi/15.1.0/../../../../arm-none-eabi/lib/thumb\libg.a(libc_a-fopen.o)
                0x020132bc                fopen
 .text.strncpy  0x020132d4       0x68 C:/devkitPro/devkitARM/bin/../lib/gcc/arm-none-eabi/15.1.0/../../../../arm-none-eabi/lib/thumb\libg.a(libc_a-strncpy.o)
                0x020132d4                strncpy
 .text.memcpy   0x0201333c       0xb0 C:/devkitPro/devkitARM/bin/../lib/gcc/arm-none-eabi/15.1.0/../../../../arm-none-eabi/lib/thumb\libg.a(libc_a-memcpy-stub.o)
                0x0201333c                memcpy
 .text._wcsrtombs_r
                0x020133ec       0x20 C:/devkitPro/devkitARM/bin/../lib/gcc/arm-none-eabi/15.1.0/../../../../arm-none-eabi/lib/thumb\libg.a(libc_a-wcsrtombs.o)
                0x020133ec                _wcsrtombs_r
 .text.iprintf  0x0201340c       0x28 C:/devkitPro/devkitARM/bin/../lib/gcc/arm-none-eabi/15.1.0/../../../../arm-none-eabi/lib/thumb\libg.a(libc_a-iprintf.o)
                0x0201340c                iprintf
 .text.write    0x02013434       0x1c C:/devkitPro/devkitARM/bin/../lib/gcc/arm-none-eabi/15.1.0/../../../../arm-none-eabi/lib/thumb\libg.a(libc_a-syswrite.o)
                0x02013434                write
 .text.frexp    0x02013450       0x74 C:/devkitPro/devkitARM/bin/../lib/gcc/arm-none-eabi/15.1.0/../../../../arm-none-eabi/lib/thumb\libg.a(libm_a-s_frexp.o)
                0x02013450                frexp
 .text.__sfvwrite_r
                0x020134c4      0x31c C:/devkitPro/devkitARM/bin/../lib/gcc/arm-none-eabi/15.1.0/../../../../arm-none-eabi/lib/thumb\libg.a(libc_a-fvwrite.o)
                0x020134c4                __sfvwrite_r
 .text.__sread  0x020137e0       0x34 C:/devkitPro/devkitARM/bin/../lib/gcc/arm-none-eabi/15.1.0/../../../../arm-none-eabi/lib/thumb\libg.a(libc_a-stdio.o)
                0x020137e0                __sread
 .text.__seofread
                0x02013814        0x4 C:/devkitPro/devkitARM/bin/../lib/gcc/arm-none-eabi/15.1.0/../../../../arm-none-eabi/lib/thumb\libg.a(libc_a-stdio.o)
                0x02013814                __seofread
 .text.__swrite
                0x02013818       0x4c C:/devkitPro/devkitARM/bin/../lib/gcc/arm-none-eabi/15.1.0/../../../../arm-none-eabi/lib/thumb\libg.a(libc_a-stdio.o)
                0x02013818                __swrite
 .text.__sseek  0x02013864       0x3c C:/devkitPro/devkitARM/bin/../lib/gcc/arm-none-eabi/15.1.0/../../../../arm-none-eabi/lib/thumb\libg.a(libc_a-stdio.o)
                0x02013864                __sseek
 .text.__sclose
                0x020138a0       0x10 C:/devkitPro/devkitARM/bin/../lib/gcc/arm-none-eabi/15.1.0/../../../../arm-none-eabi/lib/thumb\libg.a(libc_a-stdio.o)
                0x020138a0                __sclose
 .text.memmove  0x020138b0       0xcc C:/devkitPro/devkitARM/bin/../lib/gcc/arm-none-eabi/15.1.0/../../../../arm-none-eabi/lib/thumb\libg.a(libc_a-memmove.o)
                0x020138b0                memmove
 .text.__locale_mb_cur_max
                0x0201397c       0x20 C:/devkitPro/devkitARM/bin/../lib/gcc/arm-none-eabi/15.1.0/../../../../arm-none-eabi/lib/thumb\libg.a(libc_a-locale.o)
                0x0201397c                __locale_mb_cur_max
 .text.__ssprint_r
                0x0201399c       0x60 C:/devkitPro/devkitARM/bin/../lib/gcc/arm-none-eabi/15.1.0/../../../../arm-none-eabi/lib/thumb\libg.a(libc_a-ssprint_r.o)
                0x0201399c                __ssprint_r
 .text.gmtime_r
                0x020139fc      0x1b4 C:/devkitPro/devkitARM/bin/../lib/gcc/arm-none-eabi/15.1.0/../../../../arm-none-eabi/lib/thumb\libg.a(libc_a-gmtime_r.o)
                0x020139fc                gmtime_r
 .text.get_arg  0x02013bb0      0x404 C:/devkitPro/devkitARM/bin/../lib/gcc/arm-none-eabi/15.1.0/../../../../arm-none-eabi/lib/thumb\libg.a(libc_a-vfiprintf.o)
 .text._vfiprintf_r
                0x02013fb4     0x16d0 C:/devkitPro/devkitARM/bin/../lib/gcc/arm-none-eabi/15.1.0/../../../../arm-none-eabi/lib/thumb\libg.a(libc_a-vfiprintf.o)
                0x02013fb4                _vfiprintf_r
 .text.__sbprintf
                0x02015684       0x7c C:/devkitPro/devkitARM/bin/../lib/gcc/arm-none-eabi/15.1.0/../../../../arm-none-eabi/lib/thumb\libg.a(libc_a-vfiprintf.o)
 .text.strlen   0x02015700       0x60 C:/devkitPro/devkitARM/bin/../lib/gcc/arm-none-eabi/15.1.0/../../../../arm-none-eabi/lib/thumb\libg.a(libc_a-strlen.o)
                0x02015700                strlen
 .text._memalign_r
                0x02015760      0x118 C:/devkitPro/devkitARM/bin/../lib/gcc/arm-none-eabi/15.1.0/../../../../arm-none-eabi/lib/thumb\libg.a(libc_a-malignr.o)
                0x02015760                _memalign_r
 .text.div      0x02015878       0x18 C:/devkitPro/devkitARM/bin/../lib/gcc/arm-none-eabi/15.1.0/../../../../arm-none-eabi/lib/thumb\libg.a(libc_a-div.o)
                0x02015878                div
 .text._wcsnrtombs_l
                0x02015890      0x11c C:/devkitPro/devkitARM/bin/../lib/gcc/arm-none-eabi/15.1.0/../../../../arm-none-eabi/lib/thumb\libg.a(libc_a-wcsnrtombs.o)
                0x02015890                _wcsnrtombs_l
 .text._wcsnrtombs_r
                0x020159ac       0x40 C:/devkitPro/devkitARM/bin/../lib/gcc/arm-none-eabi/15.1.0/../../../../arm-none-eabi/lib/thumb\libg.a(libc_a-wcsnrtombs.o)
                0x020159ac                _wcsnrtombs_r
 .text.get_arg  0x020159ec       0x3e C:/devkitPro/devkitARM/bin/../lib/gcc/arm-none-eabi/15.1.0/../../../../arm-none-eabi/lib/thumb\libg.a(libc_a-svfiscanf.o)
 .text._sungetc_r
                0x02015a2a       0x7e C:/devkitPro/devkitARM/bin/../lib/gcc/arm-none-eabi/15.1.0/../../../../arm-none-eabi/lib/thumb\libg.a(libc_a-svfiscanf.o)
                0x02015a2a                _sungetc_r
 .text.__ssrefill_r
                0x02015aa8       0x42 C:/devkitPro/devkitARM/bin/../lib/gcc/arm-none-eabi/15.1.0/../../../../arm-none-eabi/lib/thumb\libg.a(libc_a-svfiscanf.o)
                0x02015aa8                __ssrefill_r
 .text._sfread_r
                0x02015aea       0x88 C:/devkitPro/devkitARM/bin/../lib/gcc/arm-none-eabi/15.1.0/../../../../arm-none-eabi/lib/thumb\libg.a(libc_a-svfiscanf.o)
                0x02015aea                _sfread_r
 *fill*         0x02015b72        0x2 ff
 .text.__ssvfiscanf_r
                0x02015b74     0x1984 C:/devkitPro/devkitARM/bin/../lib/gcc/arm-none-eabi/15.1.0/../../../../arm-none-eabi/lib/thumb\libg.a(libc_a-svfiscanf.o)
                0x02015b74                __ssvfiscanf_r
 .text._strtoul_l.isra.0
                0x020174f8      0x150 C:/devkitPro/devkitARM/bin/../lib/gcc/arm-none-eabi/15.1.0/../../../../arm-none-eabi/lib/thumb\libg.a(libc_a-strtoul.o)
 .text._strtoul_r
                0x02017648       0x20 C:/devkitPro/devkitARM/bin/../lib/gcc/arm-none-eabi/15.1.0/../../../../arm-none-eabi/lib/thumb\libg.a(libc_a-strtoul.o)
                0x02017648                _strtoul_r
 .text.strtoul  0x02017668       0x24 C:/devkitPro/devkitARM/bin/../lib/gcc/arm-none-eabi/15.1.0/../../../../arm-none-eabi/lib/thumb\libg.a(libc_a-strtoul.o)
                0x02017668                strtoul
 .text.__utf8_mbtowc
                0x0201768c      0x24c C:/devkitPro/devkitARM/bin/../lib/gcc/arm-none-eabi/15.1.0/../../../../arm-none-eabi/lib/thumb\libg.a(libc_a-mbtowc_r.o)
                0x0201768c                __utf8_mbtowc
 .text._fseeko_r
                0x020178d8      0x414 C:/devkitPro/devkitARM/bin/../lib/gcc/arm-none-eabi/15.1.0/../../../../arm-none-eabi/lib/thumb\libg.a(libc_a-fseeko.o)
                0x020178d8                _fseeko_r
 .text._tzset_unlocked
                0x02017cec       0x10 C:/devkitPro/devkitARM/bin/../lib/gcc/arm-none-eabi/15.1.0/../../../../arm-none-eabi/lib/thumb\libg.a(libc_a-tzset.o)
                0x02017cec                _tzset_unlocked
 .text.__sprint_r
                0x02017cfc       0x24 C:/devkitPro/devkitARM/bin/../lib/gcc/arm-none-eabi/15.1.0/../../../../arm-none-eabi/lib/thumb\libg.a(libc_a-sprint_r.o)
                0x02017cfc                __sprint_r
 .text.iswspace
                0x02017d20       0x10 C:/devkitPro/devkitARM/bin/../lib/gcc/arm-none-eabi/15.1.0/../../../../arm-none-eabi/lib/thumb\libg.a(libc_a-iswspace.o)
                0x02017d20                iswspace
 .text.__gettzinfo
                0x02017d30        0x8 C:/devkitPro/devkitARM/bin/../lib/gcc/arm-none-eabi/15.1.0/../../../../arm-none-eabi/lib/thumb\libg.a(libc_a-gettzinfo.o)
                0x02017d30                __gettzinfo
 .text._localeconv_r
                0x02017d38       0x1c C:/devkitPro/devkitARM/bin/../lib/gcc/arm-none-eabi/15.1.0/../../../../arm-none-eabi/lib/thumb\libg.a(libc_a-localeconv.o)
                0x02017d38                _localeconv_r
 .text.memchr   0x02017d54       0x74 C:/devkitPro/devkitARM/bin/../lib/gcc/arm-none-eabi/15.1.0/../../../../arm-none-eabi/lib/thumb\libg.a(libc_a-memchr-stub.o)
                0x02017d54                memchr
 .text.quorem   0x02017dc8      0x160 C:/devkitPro/devkitARM/bin/../lib/gcc/arm-none-eabi/15.1.0/../../../../arm-none-eabi/lib/thumb\libg.a(libc_a-dtoa.o)
 .text._dtoa_r  0x02017f28     0x10b0 C:/devkitPro/devkitARM/bin/../lib/gcc/arm-none-eabi/15.1.0/../../../../arm-none-eabi/lib/thumb\libg.a(libc_a-dtoa.o)
                0x02017f28                _dtoa_r
 .text._wcrtomb_r
                0x02018fd8       0x84 C:/devkitPro/devkitARM/bin/../lib/gcc/arm-none-eabi/15.1.0/../../../../arm-none-eabi/lib/thumb\libg.a(libc_a-wcrtomb.o)
                0x02018fd8                _wcrtomb_r
 .text.strcpy   0x0201905c       0x10 C:/devkitPro/devkitARM/bin/../lib/gcc/arm-none-eabi/15.1.0/../../../../arm-none-eabi/lib/thumb\libg.a(libc_a-strcpy.o)
                0x0201905c                strcpy
 .text.__sflags
                0x0201906c       0x98 C:/devkitPro/devkitARM/bin/../lib/gcc/arm-none-eabi/15.1.0/../../../../arm-none-eabi/lib/thumb\libg.a(libc_a-flags.o)
                0x0201906c                __sflags
 .text._strtol_l.part.0
                0x02019104      0x25c C:/devkitPro/devkitARM/bin/../lib/gcc/arm-none-eabi/15.1.0/../../../../arm-none-eabi/lib/thumb\libg.a(libc_a-strtol.o)
 .text._strtol_r
                0x02019360       0x34 C:/devkitPro/devkitARM/bin/../lib/gcc/arm-none-eabi/15.1.0/../../../../arm-none-eabi/lib/thumb\libg.a(libc_a-strtol.o)
                0x02019360                _strtol_r
 .text.__libc_fini_array
                0x02019394       0x30 C:/devkitPro/devkitARM/bin/../lib/gcc/arm-none-eabi/15.1.0/../../../../arm-none-eabi/lib/thumb\libg.a(libc_a-fini.o)
                0x02019394                __libc_fini_array
 .text._tzset_unlocked_r
                0x020193c4      0x490 C:/devkitPro/devkitARM/bin/../lib/gcc/arm-none-eabi/15.1.0/../../../../arm-none-eabi/lib/thumb\libg.a(libc_a-tzset_r.o)
                0x020193c4                _tzset_unlocked_r
 .text.__sccl   0x02019854       0xb0 C:/devkitPro/devkitARM/bin/../lib/gcc/arm-none-eabi/15.1.0/../../../../arm-none-eabi/lib/thumb\libg.a(libc_a-sccl.o)
                0x02019854                __sccl
 .text.lflush   0x02019904       0x24 C:/devkitPro/devkitARM/bin/../lib/gcc/arm-none-eabi/15.1.0/../../../../arm-none-eabi/lib/thumb\libg.a(libc_a-refill.o)
 .text.__srefill_r
                0x02019928      0x108 C:/devkitPro/devkitARM/bin/../lib/gcc/arm-none-eabi/15.1.0/../../../../arm-none-eabi/lib/thumb\libg.a(libc_a-refill.o)
                0x02019928                __srefill_r
 .text.__smakebuf_r
                0x02019a30       0xe0 C:/devkitPro/devkitARM/bin/../lib/gcc/arm-none-eabi/15.1.0/../../../../arm-none-eabi/lib/thumb\libg.a(libc_a-makebuf.o)
                0x02019a30                __smakebuf_r
 .text.__swhatbuf_r
                0x02019b10       0x5c C:/devkitPro/devkitARM/bin/../lib/gcc/arm-none-eabi/15.1.0/../../../../arm-none-eabi/lib/thumb\libg.a(libc_a-makebuf.o)
                0x02019b10                __swhatbuf_r
 .text._findenv_r
                0x02019b6c       0x94 C:/devkitPro/devkitARM/bin/../lib/gcc/arm-none-eabi/15.1.0/../../../../arm-none-eabi/lib/thumb\libg.a(libc_a-getenv_r.o)
                0x02019b6c                _findenv_r
 .text._getenv_r
                0x02019c00       0x10 C:/devkitPro/devkitARM/bin/../lib/gcc/arm-none-eabi/15.1.0/../../../../arm-none-eabi/lib/thumb\libg.a(libc_a-getenv_r.o)
                0x02019c00                _getenv_r
 .text.__ssputs_r
                0x02019c10       0xd4 C:/devkitPro/devkitARM/bin/../lib/gcc/arm-none-eabi/15.1.0/../../../../arm-none-eabi/lib/thumb\libg.a(libc_a-ssputs_r.o)
                0x02019c10                __ssputs_r
 .text.__utf8_wctomb
                0x02019ce4       0xbc C:/devkitPro/devkitARM/bin/../lib/gcc/arm-none-eabi/15.1.0/../../../../arm-none-eabi/lib/thumb\libg.a(libc_a-wctomb_r.o)
                0x02019ce4                __utf8_wctomb
 .text._strtoull_l.isra.0
                0x02019da0      0x1c0 C:/devkitPro/devkitARM/bin/../lib/gcc/arm-none-eabi/15.1.0/../../../../arm-none-eabi/lib/thumb\libg.a(libc_a-strtoull.o)
 .text._strtoull_r
                0x02019f60       0x20 C:/devkitPro/devkitARM/bin/../lib/gcc/arm-none-eabi/15.1.0/../../../../arm-none-eabi/lib/thumb\libg.a(libc_a-strtoull.o)
                0x02019f60                _strtoull_r
 .text._mbrtowc_r
                0x02019f80       0x98 C:/devkitPro/devkitARM/bin/../lib/gcc/arm-none-eabi/15.1.0/../../../../arm-none-eabi/lib/thumb\libg.a(libc_a-mbrtowc.o)
                0x02019f80                _mbrtowc_r
 .text.__swsetup_r
                0x0201a018       0xd4 C:/devkitPro/devkitARM/bin/../lib/gcc/arm-none-eabi/15.1.0/../../../../arm-none-eabi/lib/thumb\libg.a(libc_a-wsetup.o)
                0x0201a018                __swsetup_r
 .text.strncmp  0x0201a0ec       0x70 C:/devkitPro/devkitARM/bin/../lib/gcc/arm-none-eabi/15.1.0/../../../../arm-none-eabi/lib/thumb\libg.a(libc_a-strncmp.o)
                0x0201a0ec                strncmp
 .text.__env_lock
                0x0201a15c       0x14 C:/devkitPro/devkitARM/bin/../lib/gcc/arm-none-eabi/15.1.0/../../../../arm-none-eabi/lib/thumb\libg.a(libc_a-envlock.o)
                0x0201a15c                __env_lock
 .text.__env_unlock
                0x0201a170       0x14 C:/devkitPro/devkitARM/bin/../lib/gcc/arm-none-eabi/15.1.0/../../../../arm-none-eabi/lib/thumb\libg.a(libc_a-envlock.o)
                0x0201a170                __env_unlock
 .text.__assert_func
                0x0201a184       0x40 C:/devkitPro/devkitARM/bin/../lib/gcc/arm-none-eabi/15.1.0/../../../../arm-none-eabi/lib/thumb\libg.a(libc_a-assert.o)
                0x0201a184                __assert_func
 .text.iswspace_l
                0x0201a1c4       0x28 C:/devkitPro/devkitARM/bin/../lib/gcc/arm-none-eabi/15.1.0/../../../../arm-none-eabi/lib/thumb\libg.a(libc_a-iswspace_l.o)
                0x0201a1c4                iswspace_l
 .text._Balloc  0x0201a1ec       0x5c C:/devkitPro/devkitARM/bin/../lib/gcc/arm-none-eabi/15.1.0/../../../../arm-none-eabi/lib/thumb\libg.a(libc_a-mprec.o)
                0x0201a1ec                _Balloc
 .text._Bfree   0x0201a248       0x14 C:/devkitPro/devkitARM/bin/../lib/gcc/arm-none-eabi/15.1.0/../../../../arm-none-eabi/lib/thumb\libg.a(libc_a-mprec.o)
                0x0201a248                _Bfree
 .text.__multadd
                0x0201a25c       0xa8 C:/devkitPro/devkitARM/bin/../lib/gcc/arm-none-eabi/15.1.0/../../../../arm-none-eabi/lib/thumb\libg.a(libc_a-mprec.o)
                0x0201a25c                __multadd
 .text.__hi0bits
                0x0201a304       0x60 C:/devkitPro/devkitARM/bin/../lib/gcc/arm-none-eabi/15.1.0/../../../../arm-none-eabi/lib/thumb\libg.a(libc_a-mprec.o)
                0x0201a304                __hi0bits
 .text.__lo0bits
                0x0201a364       0x8c C:/devkitPro/devkitARM/bin/../lib/gcc/arm-none-eabi/15.1.0/../../../../arm-none-eabi/lib/thumb\libg.a(libc_a-mprec.o)
                0x0201a364                __lo0bits
 .text.__i2b    0x0201a3f0       0x64 C:/devkitPro/devkitARM/bin/../lib/gcc/arm-none-eabi/15.1.0/../../../../arm-none-eabi/lib/thumb\libg.a(libc_a-mprec.o)
                0x0201a3f0                __i2b
 .text.__multiply
                0x0201a454      0x1b4 C:/devkitPro/devkitARM/bin/../lib/gcc/arm-none-eabi/15.1.0/../../../../arm-none-eabi/lib/thumb\libg.a(libc_a-mprec.o)
                0x0201a454                __multiply
 .text.__pow5mult
                0x0201a608       0xd8 C:/devkitPro/devkitARM/bin/../lib/gcc/arm-none-eabi/15.1.0/../../../../arm-none-eabi/lib/thumb\libg.a(libc_a-mprec.o)
                0x0201a608                __pow5mult
 .text.__lshift
                0x0201a6e0       0xf8 C:/devkitPro/devkitARM/bin/../lib/gcc/arm-none-eabi/15.1.0/../../../../arm-none-eabi/lib/thumb\libg.a(libc_a-mprec.o)
                0x0201a6e0                __lshift
 .text.__mcmp   0x0201a7d8       0x50 C:/devkitPro/devkitARM/bin/../lib/gcc/arm-none-eabi/15.1.0/../../../../arm-none-eabi/lib/thumb\libg.a(libc_a-mprec.o)
                0x0201a7d8                __mcmp
 .text.__mdiff  0x0201a828      0x1a4 C:/devkitPro/devkitARM/bin/../lib/gcc/arm-none-eabi/15.1.0/../../../../arm-none-eabi/lib/thumb\libg.a(libc_a-mprec.o)
                0x0201a828                __mdiff
 .text.__d2b    0x0201a9cc       0xd4 C:/devkitPro/devkitARM/bin/../lib/gcc/arm-none-eabi/15.1.0/../../../../arm-none-eabi/lib/thumb\libg.a(libc_a-mprec.o)
                0x0201a9cc                __d2b
 .text._strtoll_l.isra.0
                0x0201aaa0      0x300 C:/devkitPro/devkitARM/bin/../lib/gcc/arm-none-eabi/15.1.0/../../../../arm-none-eabi/lib/thumb\libg.a(libc_a-strtoll.o)
 .text._strtoll_r
                0x0201ada0       0x20 C:/devkitPro/devkitARM/bin/../lib/gcc/arm-none-eabi/15.1.0/../../../../arm-none-eabi/lib/thumb\libg.a(libc_a-strtoll.o)
                0x0201ada0                _strtoll_r
 .text.__submore
                0x0201adc0       0x7c C:/devkitPro/devkitARM/bin/../lib/gcc/arm-none-eabi/15.1.0/../../../../arm-none-eabi/lib/thumb\libg.a(libc_a-ungetc.o)
                0x0201adc0                __submore
 .text.fiprintf
                0x0201ae3c       0x28 C:/devkitPro/devkitARM/bin/../lib/gcc/arm-none-eabi/15.1.0/../../../../arm-none-eabi/lib/thumb\libg.a(libc_a-fiprintf.o)
                0x0201ae3c                fiprintf
 .text.abort    0x0201ae64       0x10 C:/devkitPro/devkitARM/bin/../lib/gcc/arm-none-eabi/15.1.0/../../../../arm-none-eabi/lib/thumb\libg.a(libc_a-abort.o)
                0x0201ae64                abort
 .text.category
                0x0201ae74       0x5c C:/devkitPro/devkitARM/bin/../lib/gcc/arm-none-eabi/15.1.0/../../../../arm-none-eabi/lib/thumb\libg.a(libc_a-categories.o)
                0x0201ae74                category
 .text._raise_r
                0x0201aed0       0x60 C:/devkitPro/devkitARM/bin/../lib/gcc/arm-none-eabi/15.1.0/../../../../arm-none-eabi/lib/thumb\libg.a(libc_a-signal.o)
                0x0201aed0                _raise_r
 .text.raise    0x0201af30       0x14 C:/devkitPro/devkitARM/bin/../lib/gcc/arm-none-eabi/15.1.0/../../../../arm-none-eabi/lib/thumb\libg.a(libc_a-signal.o)
                0x0201af30                raise
 .text._exit    0x0201af44       0x14 C:/devkitPro/devkitARM/bin/../lib/gcc/arm-none-eabi/15.1.0/../../../../arm-none-eabi/lib/thumb\libsysbase.a(libsysbase_libsysbase_a-_exit.o)
                0x0201af44                _exit
 .text.chdir    0x0201af58       0xe4 C:/devkitPro/devkitARM/bin/../lib/gcc/arm-none-eabi/15.1.0/../../../../arm-none-eabi/lib/thumb\libsysbase.a(libsysbase_libsysbase_a-chdir.o)
                0x0201af58                chdir
 .text._concatenate_path
                0x0201b03c      0x134 C:/devkitPro/devkitARM/bin/../lib/gcc/arm-none-eabi/15.1.0/../../../../arm-none-eabi/lib/thumb\libsysbase.a(libsysbase_libsysbase_a-concatenate.o)
                0x0201b03c                _concatenate_path
 .text._fstat_r
                0x0201b170       0x5c C:/devkitPro/devkitARM/bin/../lib/gcc/arm-none-eabi/15.1.0/../../../../arm-none-eabi/lib/thumb\libsysbase.a(libsysbase_libsysbase_a-fstat.o)
                0x0201b170                _fstat_r
 .text._getpid_r
                0x0201b1cc        0xc C:/devkitPro/devkitARM/bin/../lib/gcc/arm-none-eabi/15.1.0/../../../../arm-none-eabi/lib/thumb\libsysbase.a(libsysbase_libsysbase_a-getpid.o)
                0x0201b1cc                _getpid_r
 .text.__getreent
                0x0201b1d8       0x20 C:/devkitPro/devkitARM/bin/../lib/gcc/arm-none-eabi/15.1.0/../../../../arm-none-eabi/lib/thumb\libsysbase.a(libsysbase_libsysbase_a-getreent.o)
                0x0201b1d8                __getreent
 .text._gettimeofday_r
                0x0201b1f8       0x20 C:/devkitPro/devkitARM/bin/../lib/gcc/arm-none-eabi/15.1.0/../../../../arm-none-eabi/lib/thumb\libsysbase.a(libsysbase_libsysbase_a-gettod.o)
                0x0201b1f8                _gettimeofday_r
 .text.__release_handle
                0x0201b218       0x6c C:/devkitPro/devkitARM/bin/../lib/gcc/arm-none-eabi/15.1.0/../../../../arm-none-eabi/lib/thumb\libsysbase.a(libsysbase_libsysbase_a-handle_manager.o)
                0x0201b218                __release_handle
 .text.__alloc_handle
                0x0201b284       0x7c C:/devkitPro/devkitARM/bin/../lib/gcc/arm-none-eabi/15.1.0/../../../../arm-none-eabi/lib/thumb\libsysbase.a(libsysbase_libsysbase_a-handle_manager.o)
                0x0201b284                __alloc_handle
 .text.__get_handle
                0x0201b300       0x34 C:/devkitPro/devkitARM/bin/../lib/gcc/arm-none-eabi/15.1.0/../../../../arm-none-eabi/lib/thumb\libsysbase.a(libsysbase_libsysbase_a-handle_manager.o)
                0x0201b300                __get_handle
 .text._close_r
                0x0201b334       0xb0 C:/devkitPro/devkitARM/bin/../lib/gcc/arm-none-eabi/15.1.0/../../../../arm-none-eabi/lib/thumb\libsysbase.a(libsysbase_libsysbase_a-handle_manager.o)
                0x0201b334                _close_r
 .text.null_write
                0x0201b3e4        0x4 C:/devkitPro/devkitARM/bin/../lib/gcc/arm-none-eabi/15.1.0/../../../../arm-none-eabi/lib/thumb\libsysbase.a(libsysbase_libsysbase_a-iosupport.o)
 .text.setDefaultDevice
                0x0201b3e8       0x10 C:/devkitPro/devkitARM/bin/../lib/gcc/arm-none-eabi/15.1.0/../../../../arm-none-eabi/lib/thumb\libsysbase.a(libsysbase_libsysbase_a-iosupport.o)
                0x0201b3e8                setDefaultDevice
 .text.FindDevice
                0x0201b3f8       0x90 C:/devkitPro/devkitARM/bin/../lib/gcc/arm-none-eabi/15.1.0/../../../../arm-none-eabi/lib/thumb\libsysbase.a(libsysbase_libsysbase_a-iosupport.o)
                0x0201b3f8                FindDevice
 .text.AddDevice
                0x0201b488       0x7c C:/devkitPro/devkitARM/bin/../lib/gcc/arm-none-eabi/15.1.0/../../../../arm-none-eabi/lib/thumb\libsysbase.a(libsysbase_libsysbase_a-iosupport.o)
                0x0201b488                AddDevice
 .text.GetDeviceOpTab
                0x0201b504       0x20 C:/devkitPro/devkitARM/bin/../lib/gcc/arm-none-eabi/15.1.0/../../../../arm-none-eabi/lib/thumb\libsysbase.a(libsysbase_libsysbase_a-iosupport.o)
                0x0201b504                GetDeviceOpTab
 .text._isatty_r
                0x0201b524        0x4 C:/devkitPro/devkitARM/bin/../lib/gcc/arm-none-eabi/15.1.0/../../../../arm-none-eabi/lib/thumb\libsysbase.a(libsysbase_libsysbase_a-isatty.o)
                0x0201b524                _isatty_r
 .text._kill_r  0x0201b528        0xc C:/devkitPro/devkitARM/bin/../lib/gcc/arm-none-eabi/15.1.0/../../../../arm-none-eabi/lib/thumb\libsysbase.a(libsysbase_libsysbase_a-kill.o)
                0x0201b528                _kill_r
 .text._lseek_r
                0x0201b534       0x64 C:/devkitPro/devkitARM/bin/../lib/gcc/arm-none-eabi/15.1.0/../../../../arm-none-eabi/lib/thumb\libsysbase.a(libsysbase_libsysbase_a-lseek.o)
                0x0201b534                _lseek_r
 .text._open_r  0x0201b598       0x8c C:/devkitPro/devkitARM/bin/../lib/gcc/arm-none-eabi/15.1.0/../../../../arm-none-eabi/lib/thumb\libsysbase.a(libsysbase_libsysbase_a-open.o)
                0x0201b598                _open_r
 .text._read_r  0x0201b624       0x5c C:/devkitPro/devkitARM/bin/../lib/gcc/arm-none-eabi/15.1.0/../../../../arm-none-eabi/lib/thumb\libsysbase.a(libsysbase_libsysbase_a-read.o)
                0x0201b624                _read_r
 .text._sbrk_r  0x0201b680       0x50 C:/devkitPro/devkitARM/bin/../lib/gcc/arm-none-eabi/15.1.0/../../../../arm-none-eabi/lib/thumb\libsysbase.a(libsysbase_libsysbase_a-sbrk.o)
                0x0201b680                _sbrk_r
 .text.__libc_lock_acquire
                0x0201b6d0       0x18 C:/devkitPro/devkitARM/bin/../lib/gcc/arm-none-eabi/15.1.0/../../../../arm-none-eabi/lib/thumb\libsysbase.a(libsysbase_libsysbase_a-syscall_support.o)
                0x0201b6d0                __libc_lock_acquire
 .text.__libc_lock_release
                0x0201b6e8       0x18 C:/devkitPro/devkitARM/bin/../lib/gcc/arm-none-eabi/15.1.0/../../../../arm-none-eabi/lib/thumb\libsysbase.a(libsysbase_libsysbase_a-syscall_support.o)
                0x0201b6e8                __libc_lock_release
 .text.__libc_lock_acquire_recursive
                0x0201b700       0x18 C:/devkitPro/devkitARM/bin/../lib/gcc/arm-none-eabi/15.1.0/../../../../arm-none-eabi/lib/thumb\libsysbase.a(libsysbase_libsysbase_a-syscall_support.o)
                0x0201b700                __libc_lock_acquire_recursive
 .text.__libc_lock_release_recursive
                0x0201b718       0x18 C:/devkitPro/devkitARM/bin/../lib/gcc/arm-none-eabi/15.1.0/../../../../arm-none-eabi/lib/thumb\libsysbase.a(libsysbase_libsysbase_a-syscall_support.o)
                0x0201b718                __libc_lock_release_recursive
 .text._write_r
                0x0201b730       0x5c C:/devkitPro/devkitARM/bin/../lib/gcc/arm-none-eabi/15.1.0/../../../../arm-none-eabi/lib/thumb\libsysbase.a(libsysbase_libsysbase_a-write.o)
                0x0201b730                _write_r
 .text          0x0201b78c       0x14 C:/devkitPro/devkitARM/bin/../lib/gcc/arm-none-eabi/15.1.0/thumb\libgcc.a(_thumb1_case_uqi.o)
                0x0201b78c                __gnu_thumb1_case_uqi
 .text          0x0201b7a0       0x14 C:/devkitPro/devkitARM/bin/../lib/gcc/arm-none-eabi/15.1.0/thumb\libgcc.a(_thumb1_case_uhi.o)
                0x0201b7a0                __gnu_thumb1_case_uhi
 .text          0x0201b7b4      0x424 C:/devkitPro/devkitARM/bin/../lib/gcc/arm-none-eabi/15.1.0/thumb\libgcc.a(_arm_addsubdf3.o)
                0x0201b7b4                __aeabi_drsub
                0x0201b7bc                __aeabi_dsub
                0x0201b7bc                __subdf3
                0x0201b7c0                __aeabi_dadd
                0x0201b7c0                __adddf3
                0x0201bad0                __floatunsidf
                0x0201bad0                __aeabi_ui2d
                0x0201baf4                __floatsidf
                0x0201baf4                __aeabi_i2d
                0x0201bb1c                __aeabi_f2d
                0x0201bb1c                __extendsfdf2
                0x0201bb64                __floatundidf
                0x0201bb64                __aeabi_ul2d
                0x0201bb78                __floatdidf
                0x0201bb78                __aeabi_l2d
 .text          0x0201bbd8      0x49c C:/devkitPro/devkitARM/bin/../lib/gcc/arm-none-eabi/15.1.0/thumb\libgcc.a(_arm_muldivdf3.o)
                0x0201bbd8                __aeabi_dmul
                0x0201bbd8                __muldf3
                0x0201be68                __divdf3
                0x0201be68                __aeabi_ddiv
 .text          0x0201c074      0x144 C:/devkitPro/devkitARM/bin/../lib/gcc/arm-none-eabi/15.1.0/thumb\libgcc.a(_arm_cmpdf2.o)
                0x0201c074                __gtdf2
                0x0201c074                __gedf2
                0x0201c07c                __ltdf2
                0x0201c07c                __ledf2
                0x0201c084                __nedf2
                0x0201c084                __eqdf2
                0x0201c084                __cmpdf2
                0x0201c10c                __aeabi_cdrcmple
                0x0201c128                __aeabi_cdcmpeq
                0x0201c128                __aeabi_cdcmple
                0x0201c140                __aeabi_dcmpeq
                0x0201c158                __aeabi_dcmplt
                0x0201c170                __aeabi_dcmple
                0x0201c188                __aeabi_dcmpge
                0x0201c1a0                __aeabi_dcmpgt
 .text          0x0201c1b8       0x38 C:/devkitPro/devkitARM/bin/../lib/gcc/arm-none-eabi/15.1.0/thumb\libgcc.a(_arm_unorddf2.o)
                0x0201c1b8                __unorddf2
                0x0201c1b8                __aeabi_dcmpun
 .text          0x0201c1f0       0x5c C:/devkitPro/devkitARM/bin/../lib/gcc/arm-none-eabi/15.1.0/thumb\libgcc.a(_arm_fixdfsi.o)
                0x0201c1f0                __aeabi_d2iz
                0x0201c1f0                __fixdfsi
 .text          0x0201c24c       0xd4 C:/devkitPro/devkitARM/bin/../lib/gcc/arm-none-eabi/15.1.0/thumb\libgcc.a(_aeabi_ldivmod.o)
                0x0201c24c                __aeabi_ldivmod
 .text.__muldi3
                0x0201c320       0x58 C:/devkitPro/devkitARM/bin/../lib/gcc/arm-none-eabi/15.1.0/thumb\libgcc.a(_muldi3.o)
                0x0201c320                __muldi3
                0x0201c320                __aeabi_lmul
 EXCLUDE_FILE(*.twl.*) *(.glue_7t .glue_7 .vfp11_veneer .v4_bx)
 .glue_7        0x0201c378        0x0 linker stubs
 .glue_7t       0x0201c378        0x0 linker stubs
 .vfp11_veneer  0x0201c378        0x0 linker stubs
 .v4_bx         0x0201c378        0x0 linker stubs
 *(SORT_NONE(.fini))
 .fini          0x0201c378        0x4 C:/devkitPro/devkitARM/bin/../lib/gcc/arm-none-eabi/15.1.0/thumb/crti.o
                0x0201c378                _fini
 .fini          0x0201c37c        0x8 C:/devkitPro/devkitARM/bin/../lib/gcc/arm-none-eabi/15.1.0/thumb/crtn.o
 *fill*         0x0201c384        0x4 ff
 .fini.__stub   0x0201c388       0x28 linker stubs
 EXCLUDE_FILE(*.twl.*) *(.rodata .rodata.* .gnu.linkonce.r.*)
 .rodata        0x0201c3b0     0x2b7c GFXinput.o
                0x0201c3b0                GFXinputBitmap
 .rodata        0x0201ef2c      0x200 GFXselector16.o
                0x0201ef2c                GFXselector16Bitmap
 .rodata        0x0201f12c      0x800 GFXselector24.o
                0x0201f12c                GFXselector24Bitmap
 .rodata._Z9saveArrayPKcPvj.str1.4
                0x0201f92c      0x4d8 main.o
                                  0x3 (size before relaxing)
 .rodata._Z9loadArrayPKcPvj.str1.4
                0x0201fe04        0x3 main.o
 .rodata._Z19getActionsFromTouchi
                0x0201fe04       0x20 main.o
 .rodata.main.str1.4
                0x0201fe24       0xfc main.o
 .rodata.dvmInit.str1.4
                0x0201fe24        0xd C:/devkitPro/libnds/lib\libfat.a(dvm_calico.o)
 .rodata.s_dvmDiscCalicoIface
                0x0201fe24       0x10 C:/devkitPro/libnds/lib\libfat.a(dvm_calico.o)
 .rodata.s_dvmDiscCacheIface
                0x0201fe34       0x10 C:/devkitPro/libnds/lib\libfat.a(dvm_cache.o)
 .rodata.dvmMountVolume.str1.4
                0x0201fe44        0xc C:/devkitPro/libnds/lib\libfat.a(dvm_volume.o)
 .rodata._dvmIdentMbrVbr.str1.4
                0x0201fe44       0x3d C:/devkitPro/libnds/lib\libfat.a(dvm_prober.o)
 .rodata.fr_to_errno.0
                0x0201fe44       0x14 C:/devkitPro/libnds/lib\libfat.a(fat_driver.o)
 .rodata.str1.4
                0x0201fe58        0x5 C:/devkitPro/libnds/lib\libfat.a(fat_driver.o)
 .rodata.g_vfatFsDriver
                0x0201fe58       0x14 C:/devkitPro/libnds/lib\libfat.a(fat_driver.o)
                0x0201fe58                g_vfatFsDriver
 .rodata._FAT_devoptab
                0x0201fe6c       0x80 C:/devkitPro/libnds/lib\libfat.a(fat_driver.o)
 .rodata.follow_path.str1.4
                0x0201feec       0x13 C:/devkitPro/libnds/lib\libfat.a(ff.o)
 .rodata.check_fs.str1.4
                0x0201feec        0x9 C:/devkitPro/libnds/lib\libfat.a(ff.o)
 .rodata.ExCvt  0x0201feec       0x80 C:/devkitPro/libnds/lib\libfat.a(ff.o)
 .rodata.LfnOfs
                0x0201ff6c        0xd C:/devkitPro/libnds/lib\libfat.a(ff.o)
 .rodata.ff_wtoupper
                0x0201ff79        0x9 C:/devkitPro/libnds/lib\libfat.a(ffunicode.o)
 *fill*         0x0201ff82        0x2 ff
 .rodata.cvt2.0
                0x0201ff84       0xbc C:/devkitPro/libnds/lib\libfat.a(ffunicode.o)
 .rodata.cvt1.1
                0x02020040      0x1f2 C:/devkitPro/libnds/lib\libfat.a(ffunicode.o)
 *fill*         0x02020232        0x6 ff
 .rodata.uc437  0x02020238      0x100 C:/devkitPro/libnds/lib\libfat.a(ffunicode.o)
 .rodata.con_write.str1.4
                0x02020338       0x30 C:/devkitPro/libnds/lib\libnds9.a(console.o)
 .rodata.con_write
                0x02020338       0xd4 C:/devkitPro/libnds/lib\libnds9.a(console.o)
 .rodata.consoleClear.str1.4
                0x0202040c        0x5 C:/devkitPro/libnds/lib\libnds9.a(console.o)
 .rodata.str1.4
                0x0202040c       0x14 C:/devkitPro/libnds/lib\libnds9.a(console.o)
 .rodata.dotab_stdout
                0x0202040c       0x80 C:/devkitPro/libnds/lib\libnds9.a(console.o)
 .rodata.decompress
                0x0202048c       0x14 C:/devkitPro/libnds/lib\libnds9.a(decompress.o)
 .rodata.defaultHandler.str1.4
                0x020204a0       0x33 C:/devkitPro/libnds/lib\libnds9.a(exceptionDefault.o)
 .rodata.guruMeditationDump.str1.4
                0x020204a0       0xf6 C:/devkitPro/libnds/lib\libnds9.a(gurumeditation.o)
 .rodata.str1.4
                0x020204a0       0x3c C:/devkitPro/libnds/lib\libnds9.a(gurumeditation.o)
 .rodata.registerNames
                0x020204a0       0x40 C:/devkitPro/libnds/lib\libnds9.a(gurumeditation.o)
 .rodata.str1.4
                0x020204e0        0x6 C:/devkitPro/libnds/lib\libnds9.a(keyboard.o)
 .rodata.std_in
                0x020204e0       0x80 C:/devkitPro/libnds/lib\libnds9.a(keyboard.o)
                0x020204e0                std_in
 .rodata.SIN_LUT
                0x02020560      0x102 C:/devkitPro/libnds/lib\libnds9.a(trig.o)
                0x02020560                SIN_LUT
 *fill*         0x02020662        0x2 ff
 .rodata.default_font_bin
                0x02020664      0x800 C:/devkitPro/libnds/lib\libnds9.a(default_font.bin.o)
                0x02020664                default_font_bin
                0x02020e64                default_font_bin_end
 .rodata        0x02020e64     0x2d0c C:/devkitPro/libnds/lib\libnds9.a(keyboardGfx.o)
                0x02020e64                keyboardGfxTiles
                0x02023150                keyboardGfxMap
                0x02023b50                keyboardGfxPal
 .rodata.dietPrintV.str1.4
                0x02023b70       0x1a C:/devkitPro/calico/lib\libcalico_ds9.a(dietprint.o)
 .rodata.dietPrintV
                0x02023b70      0x11c C:/devkitPro/calico/lib\libcalico_ds9.a(dietprint.o)
 .rodata._DAYS_BEFORE_MONTH
                0x02023c8c       0x30 C:/devkitPro/devkitARM/bin/../lib/gcc/arm-none-eabi/15.1.0/../../../../arm-none-eabi/lib/thumb\libg.a(libc_a-mktime.o)
 .rodata.DAYS_IN_MONTH
                0x02023cbc       0x30 C:/devkitPro/devkitARM/bin/../lib/gcc/arm-none-eabi/15.1.0/../../../../arm-none-eabi/lib/thumb\libg.a(libc_a-mktime.o)
 .rodata._svfprintf_r.str1.1
                0x02023cec       0x3b C:/devkitPro/devkitARM/bin/../lib/gcc/arm-none-eabi/15.1.0/../../../../arm-none-eabi/lib/thumb\libg.a(libc_a-svfprintf.o)
 *fill*         0x02023d27        0x1 ff
 .rodata.zeroes.0
                0x02023d28       0x10 C:/devkitPro/devkitARM/bin/../lib/gcc/arm-none-eabi/15.1.0/../../../../arm-none-eabi/lib/thumb\libg.a(libc_a-svfprintf.o)
 .rodata.blanks.1
                0x02023d38       0x10 C:/devkitPro/devkitARM/bin/../lib/gcc/arm-none-eabi/15.1.0/../../../../arm-none-eabi/lib/thumb\libg.a(libc_a-svfprintf.o)
 .rodata.str1.4
                0x02023d48        0x4 C:/devkitPro/devkitARM/bin/../lib/gcc/arm-none-eabi/15.1.0/../../../../arm-none-eabi/lib/thumb\libg.a(libc_a-tzvars.o)
 .rodata.__action_table
                0x02023d48       0x6c C:/devkitPro/devkitARM/bin/../lib/gcc/arm-none-eabi/15.1.0/../../../../arm-none-eabi/lib/thumb\libg.a(libc_a-svfiprintf.o)
                0x02023d48                __action_table
 .rodata.__state_table
                0x02023db4       0x6c C:/devkitPro/devkitARM/bin/../lib/gcc/arm-none-eabi/15.1.0/../../../../arm-none-eabi/lib/thumb\libg.a(libc_a-svfiprintf.o)
                0x02023db4                __state_table
 .rodata.__chclass
                0x02023e20      0x100 C:/devkitPro/devkitARM/bin/../lib/gcc/arm-none-eabi/15.1.0/../../../../arm-none-eabi/lib/thumb\libg.a(libc_a-svfiprintf.o)
                0x02023e20                __chclass
 .rodata.str1.4
                0x02023f20       0x4c C:/devkitPro/devkitARM/bin/../lib/gcc/arm-none-eabi/15.1.0/../../../../arm-none-eabi/lib/thumb\libg.a(libc_a-locale.o)