Archive member included to satisfy reference by file (symbol)

C:/devkitPro/libnds/lib\libfat.a(fat_wrappers.o)
                              main.o (fatInitDefault)
C:/devkitPro/libnds/lib\libfat.a(dvm_calico.o)
                              C:/devkitPro/libnds/lib\libfat.a(fat_wrappers.o) (dvmInit)
C:/devkitPro/libnds/lib\libfat.a(dvm_disc.o)
                              C:/devkitPro/libnds/lib\libfat.a(fat_wrappers.o) (dvmDiscCreate)
C:/devkitPro/libnds/lib\libfat.a(dvm_cache.o)
                              C:/devkitPro/libnds/lib\libfat.a(fat_wrappers.o) (dvmDiscCacheCreate)
C:/devkitPro/libnds/lib\libfat.a(dvm_volume.o)
                              C:/devkitPro/libnds/lib\libfat.a(fat_wrappers.o) (dvmMountVolume)
C:/devkitPro/libnds/lib\libfat.a(dvm_prober.o)
                              C:/devkitPro/libnds/lib\libfat.a(dvm_calico.o) (dvmProbeMountDisc)
C:/devkitPro/libnds/lib\libfat.a(fat_driver.o)
                              C:/devkitPro/libnds/lib\libfat.a(dvm_volume.o) (g_vfatFsDriver)
C:/devkitPro/libnds/lib\libfat.a(ff.o)
                              C:/devkitPro/libnds/lib\libfat.a(fat_driver.o) (f_mount)
C:/devkitPro/libnds/lib\libfat.a(ffunicode.o)
                              C:/devkitPro/libnds/lib\libfat.a(ff.o) (ff_uni2oem)
C:/devkitPro/libnds/lib\libnds9.a(background.o)
                              intro.o (bgInit_call)
C:/devkitPro/libnds/lib\libnds9.a(console.o)
                              main.o (consoleInit)
C:/devkitPro/libnds/lib\libnds9.a(decompress.o)
                              intro.o (decompress)
C:/devkitPro/libnds/lib\libnds9.a(exceptionDefault.o)
                              main.o (defaultExceptionHandler)
C:/devkitPro/libnds/lib\libnds9.a(gurumeditation.o)
                              C:/devkitPro/libnds/lib\libnds9.a(exceptionDefault.o) (guruMeditationDump)
C:/devkitPro/libnds/lib\libnds9.a(keys.o)
                              intro.o (scanKeys)
C:/devkitPro/libnds/lib\libnds9.a(sprite_alloc.o)
                              main.o (oamAllocateGfx)
C:/devkitPro/libnds/lib\libnds9.a(sprite.o)
                              main.o (oamInit)
C:/devkitPro/libnds/lib\libnds9.a(trig.o)
                              C:/devkitPro/libnds/lib\libnds9.a(background.o) (sinLerp)
C:/devkitPro/libnds/lib\libnds9.a(exceptionEntry.o)
                              C:/devkitPro/libnds/lib\libnds9.a(exceptionDefault.o) (__libnds_excpt)
C:/devkitPro/libnds/lib\libnds9.a(default_font.bin.o)
                              C:/devkitPro/libnds/lib\libnds9.a(console.o) (default_font_bin)
C:/devkitPro/libnds/lib\libmm9.a(mm_comms9.o)
                              intro.o (mmStart)
C:/devkitPro/libnds/lib\libmm9.a(mm_loader.o)
                              intro.o (mmInitDefaultMem)
C:/devkitPro/calico/lib\libcalico_ds9.a(tick.o)
                              C:/devkitPro/libnds/lib\libmm9.a(mm_comms9.o) (tickInit)
C:/devkitPro/calico/lib\libcalico_ds9.a(thread_cold.o)
                              main.o (threadIrqWait)
C:/devkitPro/calico/lib\libcalico_ds9.a(thread_hot.32.o)
                              C:/devkitPro/libnds/lib\libnds9.a(exceptionDefault.o) (__sched_state)
C:/devkitPro/calico/lib\libcalico_ds9.a(dietprint.o)
                              C:/devkitPro/libnds/lib\libnds9.a(exceptionDefault.o) (g_dietPrintFn)
C:/devkitPro/calico/lib\libcalico_ds9.a(newlib_syscalls.o)
                              C:/devkitPro/libnds/lib\libfat.a(fat_driver.o) (__errno)
C:/devkitPro/calico/lib\libcalico_ds9.a(arm-copy-fill.32.o)
                              C:/devkitPro/libnds/lib\libfat.a(dvm_calico.o) (armCopyMem32)
C:/devkitPro/calico/lib\libcalico_ds9.a(arm-context.32.o)
                              C:/devkitPro/calico/lib\libcalico_ds9.a(thread_cold.o) (armContextSave)
C:/devkitPro/calico/lib\libcalico_ds9.a(arm-shims.32.o)
                              C:/devkitPro/calico/lib\libcalico_ds9.a(thread_cold.o) (armWaitForIrq)
C:/devkitPro/calico/lib\libcalico_ds9.a(arm-cache.32.o)
                              main.o (armDCacheFlush)
C:/devkitPro/calico/lib\libcalico_ds9.a(startup.crt0.o)
                              C:/devkitPro/libnds/lib\libfat.a(dvm_calico.o) (g_isTwlMode)
C:/devkitPro/calico/lib\libcalico_ds9.a(utils.crt0.o)
                              C:/devkitPro/calico/lib\libcalico_ds9.a(startup.crt0.o) (crt0CopyMem32)
C:/devkitPro/calico/lib\libcalico_ds9.a(bios.o)
                              C:/devkitPro/libnds/lib\libnds9.a(decompress.o) (svcLZ77UncompWram)
C:/devkitPro/calico/lib\libcalico_ds9.a(pxi.o)
                              C:/devkitPro/calico/lib\libcalico_ds9.a(startup.crt0.o) (_pxiInit)
C:/devkitPro/calico/lib\libcalico_ds9.a(keypad.o)
                              C:/devkitPro/libnds/lib\libnds9.a(keys.o) (keypadGetState)
C:/devkitPro/calico/lib\libcalico_ds9.a(pm.o)
                              main.o (pmMainLoop)
C:/devkitPro/calico/lib\libcalico_ds9.a(bootstub_arm9.o)
                              (__ds9_bootstub)
[...]
Memory Configuration

Name             Origin             Length             Attributes
lma9             0x02004000         0x0027c000
lma9i            0x02400000         0x00280000
vectors          0x00000000         0x00000020
itcm             0x01ff8020         0x00007fe0
main             0x02001000         0x00f7f000
dtcm             0x02ff0000         0x00003e80
dldi             0x0380b000         0x00004000
stub             0x0e000000         0x00004000
tls              0x00000000         0x00000400
*default*        0x00000000         0xffffffff

Linker script and memory map

                0x00000000                        __sync_synchronize = __sync_synchronize_none
LOAD C:/devkitPro/devkitARM/bin/../lib/gcc/arm-none-eabi/15.1.0/thumb/crti.o
LOAD C:/devkitPro/devkitARM/bin/../lib/gcc/arm-none-eabi/15.1.0/thumb/crtbegin.o
LOAD soundbank.bin.o
LOAD GFXbackground.o
LOAD GFXconsoleInput.o
LOAD GFXinput.o
LOAD GFXintro.o
LOAD GFXnewImageInput.o
LOAD GFXselector16.o
LOAD GFXselector24.o
LOAD avdslib.o
LOAD formats.o
LOAD intro.o
LOAD main.o
LOAD drawSurfaceBottom16x.o
LOAD drawSurfaceBottom2x.o
LOAD drawSurfaceBottom32x.o
LOAD drawSurfaceBottom4x.o
LOAD drawSurfaceBottom8x.o
LOAD header.o
LOAD memcpy_fast_arm9.o
LOAD C:/devkitPro/libnds/lib\libfat.a
LOAD C:/devkitPro/libnds/lib\libnds9.a
LOAD C:/devkitPro/libnds/lib\libmm9.a
LOAD C:/devkitPro/calico/lib\libcalico_ds9.a
LOAD C:/devkitPro/devkitARM/bin/../lib/gcc/arm-none-eabi/15.1.0/../../../../arm-none-eabi/lib/thumb\libstdc++.a
LOAD C:/devkitPro/devkitARM/bin/../lib/gcc/arm-none-eabi/15.1.0/../../../../arm-none-eabi/lib/thumb\libm.a
START GROUP
LOAD C:/devkitPro/devkitARM/bin/../lib/gcc/arm-none-eabi/15.1.0/thumb\libgcc.a
LOAD C:/devkitPro/devkitARM/bin/../lib/gcc/arm-none-eabi/15.1.0/../../../../arm-none-eabi/lib/thumb\libg.a
LOAD C:/devkitPro/devkitARM/bin/../lib/gcc/arm-none-eabi/15.1.0/../../../../arm-none-eabi/lib/thumb\libc.a
LOAD C:/devkitPro/devkitARM/bin/../lib/gcc/arm-none-eabi/15.1.0/../../../../arm-none-eabi/lib/thumb\libsysbase.a
END GROUP
LOAD C:/devkitPro/devkitARM/bin/../lib/gcc/arm-none-eabi/15.1.0/thumb/crtend.o
LOAD C:/devkitPro/devkitARM/bin/../lib/gcc/arm-none-eabi/15.1.0/thumb/crtn.o
                0x02ff3e80                        PROVIDE (__sp_usr = (ORIGIN (dtcm) + LENGTH (dtcm)))
                0x02ff3f80                        PROVIDE (__sp_irq = (__sp_usr + 0x100))
                0x02ff3fc0                        PROVIDE (__sp_svc = (__sp_irq + 0x40))
                0x02ff3ff8                        PROVIDE (__irq_flags = (__sp_svc + 0x38))
                [!provide]                        PROVIDE (__irq_vector = (__sp_svc + 0x3c))
                [!provide]                        PROVIDE (__arm_excpt_rst = 0xffff0000)
                [!provide]                        PROVIDE (__arm_excpt_und = 0xffff0004)
                0xffff0008                        PROVIDE (__arm_excpt_svc = 0xffff0008)
                [!provide]                        PROVIDE (__arm_excpt_pabt = 0xffff000c)
                [!provide]                        PROVIDE (__arm_excpt_dabt = 0xffff0010)
                [!provide]                        PROVIDE (__arm_excpt_irq = 0xffff0018)
                [!provide]                        PROVIDE (__arm_excpt_fiq = 0xffff001c)
                0x00000000                        PROVIDE (__end__ = 0x0)

.secure         0x0e000000      0x800 load address 0x02004000
                0x0e0007fc                        . = (. + 0x7fc)
 *fill*         0x0e000000      0x7fc 00000000
                0x0e0007fc        0x4 LONG 0x0

.bootstub       0x0e000800      0x198 load address 0x02004800
 *(.bootstub .bootstub.*)
 .bootstub.__ds9_bootstub
                0x0e000800      0x198 C:/devkitPro/calico/lib\libcalico_ds9.a(bootstub_arm9.o)
                0x0e000800                __ds9_bootstub
                0x0e000998                        . = ALIGN (0x4)

.crt0           0x02001000      0x3c0 load address 0x02004998
 *(.crt0 .crt0.*)
 .crt0.__ds9_bootstub_trampoline
                0x02001000       0x60 C:/devkitPro/calico/lib\libcalico_ds9.a(bootstub_arm9.o)
 *.crt0.*(.text .stub .text.* .gnu.linkonce.t.*)
 .text.crt0ProcessLoadList
                0x02001060       0x74 C:/devkitPro/calico/lib\libcalico_ds9.a(startup.crt0.o)
                0x02001060                crt0ProcessLoadList
 .text.crt0Startup
                0x020010d4      0x180 C:/devkitPro/calico/lib\libcalico_ds9.a(startup.crt0.o)
                0x020010d4                crt0Startup
 .text.crt0CopyMem32
                0x02001254       0x4c C:/devkitPro/calico/lib\libcalico_ds9.a(utils.crt0.o)
                0x02001254                crt0CopyMem32
 .text.crt0FillMem32
                0x020012a0       0x58 C:/devkitPro/calico/lib\libcalico_ds9.a(utils.crt0.o)
                0x020012a0                crt0FillMem32
 .text.crt0SetupMPU
                0x020012f8       0xb4 C:/devkitPro/calico/lib\libcalico_ds9.a(mpu_setup.crt0.o)
                0x020012f8                crt0SetupMPU
 *.crt0.*(.glue_7t .glue_7 .vfp11_veneer .v4_bx)
 *.crt0.*(.rodata .rodata.* .gnu.linkonce.r.*)
 *.crt0.*(.rodata1)
                0x020013c0                        . = ALIGN (0x20)
 *fill*         0x020013ac       0x14 ff
                0x02004998                        PROVIDE (__crt0_lma = LOADADDR (.crt0))
                0x02001000                        PROVIDE (__crt0_start = ADDR (.crt0))
                0x020013c0                        PROVIDE (__crt0_end = (ADDR (.crt0) + SIZEOF (.crt0)))
                0x00000001                        ASSERT (((__crt0_end <= LOADADDR (.bootstub)) || (__crt0_start >= (LOADADDR (.bootstub) + SIZEOF (.bootstub)))), Error: crt0 section overlaps initial bootstrap)

.dldi           0x0380b000     0x4000 load address 0x02004d58
 *(.dldi)
 .dldi          0x0380b000     0x4000 C:/devkitPro/calico/lib\libcalico_ds9.a(dldi_stub.o)
                0x0380b000                __dldi_start
                0x02004d58                        PROVIDE (__dldi_lma = SIZEOF (.dldi)?LOADADDR (.dldi):0x0)

.vectors        0x00000000       0x20 load address 0x02008d58
 *(.vectors)
 .vectors       0x00000000       0x20 C:/devkitPro/calico/lib\libcalico_ds9.a(bootstub_arm9.o)

.itcm           0x01ff8020      0x700 load address 0x02008d78
 *(.itcm .itcm.*)
 .itcm          0x01ff8020       0x30 C:/devkitPro/calico/lib\libcalico_ds9.a(bootstub_arm9.o)
                0x01ff8038                __excpt_vectors
 *.itcm.*(.text .stub .text.* .gnu.linkonce.t.*)
 *.32.o(.text .stub .text.* .gnu.linkonce.t.*)
 .text.threadReschedule
                0x01ff8050       0x88 C:/devkitPro/calico/lib\libcalico_ds9.a(thread_hot.32.o)
 .text.threadBlock
                0x01ff80d8       0xd8 C:/devkitPro/calico/lib\libcalico_ds9.a(thread_hot.32.o)
                0x01ff80d8                threadBlock
 .text.threadUnblockOneByValue
                0x01ff81b0       0xc0 C:/devkitPro/calico/lib\libcalico_ds9.a(thread_hot.32.o)
                0x01ff81b0                threadUnblockOneByValue
 .text.threadUnblockAllByValue
                0x01ff8270      0x130 C:/devkitPro/calico/lib\libcalico_ds9.a(thread_hot.32.o)
                0x01ff8270                threadUnblockAllByValue
 .text.threadUnblockAllByMask
                0x01ff83a0      0x134 C:/devkitPro/calico/lib\libcalico_ds9.a(thread_hot.32.o)
                0x01ff83a0                threadUnblockAllByMask
 .text.armCopyMem32
                0x01ff84d4       0x4c C:/devkitPro/calico/lib\libcalico_ds9.a(arm-copy-fill.32.o)
                0x01ff84d4                armCopyMem32
 .text.armContextSave
                0x01ff8520       0x2c C:/devkitPro/calico/lib\libcalico_ds9.a(arm-context.32.o)
                0x01ff8520                armContextSave
 .text.armContextLoad
                0x01ff854c       0x20 C:/devkitPro/calico/lib\libcalico_ds9.a(arm-context.32.o)
                0x01ff854c                armContextLoad
                0x01ff8550                armContextLoadFromSvc
 .text.armWaitForIrq
                0x01ff856c        0x8 C:/devkitPro/calico/lib\libcalico_ds9.a(arm-shims.32.o)
                0x01ff856c                armWaitForIrq
 .text.armDrainWriteBuffer
                0x01ff8574        0xc C:/devkitPro/calico/lib\libcalico_ds9.a(arm-cache.32.o)
                0x01ff8574                armDrainWriteBuffer
 .text.armDCacheFlushAll
                0x01ff8580       0x28 C:/devkitPro/calico/lib\libcalico_ds9.a(arm-cache.32.o)
                0x01ff8580                armDCacheFlushAll
 .text.armDCacheFlush
                0x01ff85a8       0x1c C:/devkitPro/calico/lib\libcalico_ds9.a(arm-cache.32.o)
                0x01ff85a8                armDCacheFlush
 .text.armDCacheInvalidate
                0x01ff85c4       0x1c C:/devkitPro/calico/lib\libcalico_ds9.a(arm-cache.32.o)
                0x01ff85c4                armDCacheInvalidate
 .text.armICacheInvalidateAll
                0x01ff85e0        0xc C:/devkitPro/calico/lib\libcalico_ds9.a(arm-cache.32.o)
                0x01ff85e0                armICacheInvalidateAll
 .text.__excpt_entry
                0x01ff85ec       0x50 C:/devkitPro/calico/lib\libcalico_ds9.a(excpt_handler.32.o)
                0x01ff85ec                __arm_excpt_rst
                0x01ff85f0                __arm_excpt_pabt
                0x01ff85f4                __arm_excpt_und
                0x01ff8600                __arm_excpt_dabt
 .text.__arm_excpt_irq
                0x01ff863c       0xe4 C:/devkitPro/calico/lib\libcalico_ds9.a(irq_handler.32.o)
                0x01ff863c                __arm_excpt_irq
 *.itcm.*(.glue_7t .glue_7 .vfp11_veneer .v4_bx)
 *.32.o(.glue_7t .glue_7 .vfp11_veneer .v4_bx)
 *.itcm.*(.rodata .rodata.* .gnu.linkonce.r.*)
 *.32.o(.rodata .rodata.* .gnu.linkonce.r.*)
 *.itcm.*(.rodata1)
 *.32.o(.rodata1)
                0x01ff8720                        . = ALIGN (0x4)
                0x02008d58                        PROVIDE (__itcm_lma = LOADADDR (.vectors))
                0x01ff8000                        PROVIDE (__itcm_start = (ADDR (.itcm) - SIZEOF (.vectors)))
                0x01ff8720                        PROVIDE (__itcm_end = (ADDR (.itcm) + SIZEOF (.itcm)))
                0x00000001                        ASSERT (((__itcm_lma + SIZEOF (.vectors)) == LOADADDR (.itcm)), Error: gap between vectors and itcm)

.dtcm           0x02ff0000        0x0 load address 0x02009478
 *(.dtcm .dtcm.*)
 *.32.o(.data .data.* .gnu.linkonce.d.*)
 *.32.o(.data1)
                0x02ff0000                        . = ALIGN (0x4)
                [!provide]                        PROVIDE (__dtcm_lma = LOADADDR (.dtcm))
                0x02ff0000                        PROVIDE (__dtcm_start = ADDR (.dtcm))
                0x02ff0000                        PROVIDE (__dtcm_end = (ADDR (.dtcm) + SIZEOF (.dtcm)))

.dtcm.bss       0x02ff0000       0x98 load address 0x02009478
 *(.sbss .sbss.*)
 *.32.o(.dynbss)
 *.32.o(.bss .bss.* .gnu.linkonce.b.*)
 .bss.__irq_table
                0x02ff0000       0x80 C:/devkitPro/calico/lib\libcalico_ds9.a(thread_hot.32.o)
                0x02ff0000                __irq_table
 .bss.__sched_state
                0x02ff0080       0x18 C:/devkitPro/calico/lib\libcalico_ds9.a(thread_hot.32.o)
                0x02ff0080                __sched_state
 *.32.o(COMMON)
                0x02ff0098                        . = ALIGN (0x4)
                [!provide]                        PROVIDE (__dtcm_bss_start = ADDR (.dtcm.bss))
                0x02ff0098                        PROVIDE (__dtcm_bss_end = (ADDR (.dtcm.bss) + SIZEOF (.dtcm.bss)))

.main           0x020013c0    0x36654 load address 0x02009478
 *(SORT_NONE(.init))
 .init          0x020013c0        0x4 C:/devkitPro/devkitARM/bin/../lib/gcc/arm-none-eabi/15.1.0/thumb/crti.o
                0x020013c0                _init
 .init          0x020013c4        0x8 C:/devkitPro/devkitARM/bin/../lib/gcc/arm-none-eabi/15.1.0/thumb/crtn.o
 EXCLUDE_FILE(*.twl.*) *(.text.unlikely .text.*_unlikely .text.unlikely.*)
 EXCLUDE_FILE(*.twl.*) *(.text.exit .text.exit.*)
 .text.exit     0x020013cc       0x24 C:/devkitPro/devkitARM/bin/../lib/gcc/arm-none-eabi/15.1.0/../../../../arm-none-eabi/lib/thumb\libg.a(libc_a-exit.o)
                0x020013cc                exit
 EXCLUDE_FILE(*.twl.*) *(.text.startup .text.startup.*)
 .text.startup.main
                0x020013f0      0xfb4 main.o
                0x020013f0                main
 EXCLUDE_FILE(*.twl.*) *(.text.hot .text.hot.*)
 EXCLUDE_FILE(*.twl.*) *(.text .iplt .stub .text.* .gnu.linkonce.t.*)
 .text.__do_global_dtors_aux
                0x020023a4       0x2c C:/devkitPro/devkitARM/bin/../lib/gcc/arm-none-eabi/15.1.0/thumb/crtbegin.o
 .text.frame_dummy
                0x020023d0       0x24 C:/devkitPro/devkitARM/bin/../lib/gcc/arm-none-eabi/15.1.0/thumb/crtbegin.o
 .iplt          0x020023f4        0x0 C:/devkitPro/devkitARM/bin/../lib/gcc/arm-none-eabi/15.1.0/thumb/crtbegin.o
 .text._Z6AVARGBiiii
                0x020023f4       0x24 avdslib.o
                0x020023f4                AVARGB(int, int, int, int)
 .text._Z13AVinvertColort
                0x02002418       0x10 avdslib.o
                0x02002418                AVinvertColor(unsigned short)
 .text._Z9AVfillDMAPtiit
                0x02002428       0x44 avdslib.o
                0x02002428                AVfillDMA(unsigned short*, int, int, unsigned short)
 .text._Z15AVdrawRectanglePtiiiit
                0x0200246c       0x9c avdslib.o
                0x0200246c                AVdrawRectangle(unsigned short*, int, int, int, int, unsigned short)
 .text._Z18AVdrawRectangleDMAPtiiiiti
                0x02002508       0x84 avdslib.o
                0x02002508                AVdrawRectangleDMA(unsigned short*, int, int, int, int, unsigned short, int)
 .text._Z21AVdrawRectangleHollowPtiiiit
                0x0200258c       0x9c avdslib.o
                0x0200258c                AVdrawRectangleHollow(unsigned short*, int, int, int, int, unsigned short)
 .text._Z11AVdrawVlinePtiiit
                0x02002628       0x24 avdslib.o
                0x02002628                AVdrawVline(unsigned short*, int, int, int, unsigned short)
 .text._Z11AVdrawHlinePtiiit
                0x0200264c       0x24 avdslib.o
                0x0200264c                AVdrawHline(unsigned short*, int, int, int, unsigned short)
 .text._Z9importNESPKcPt
                0x02002670      0x108 formats.o
                0x02002670                importNES(char const*, unsigned short*)
 .text._Z9exportNESPKcPti
                0x02002778       0xf8 formats.o
                0x02002778                exportNES(char const*, unsigned short*, int)
 .text._Z9importGBCPKcPt
                0x02002870       0xd8 formats.o
                0x02002870                importGBC(char const*, unsigned short*)
 .text._Z9exportGBCPKcPti
                0x02002948       0xcc formats.o
                0x02002948                exportGBC(char const*, unsigned short*, int)
 .text._Z10importSNESPKcPt
                0x02002a14      0x15c formats.o
                0x02002a14                importSNES(char const*, unsigned short*)
 .text._Z10exportSNESPKcPti
                0x02002b70      0x15c formats.o
                0x02002b70                exportSNES(char const*, unsigned short*, int)
 .text._Z9importGBAPKcPt
                0x02002ccc       0xcc formats.o
                0x02002ccc                importGBA(char const*, unsigned short*)
 .text._Z9exportGBAPKcPti
                0x02002d98       0xa8 formats.o
                0x02002d98                exportGBA(char const*, unsigned short*, int)
 .text._Z9importPalPKc
                0x02002e40       0xbc formats.o
                0x02002e40                importPal(char const*)
 .text._Z9exportPalPKc
                0x02002efc       0x94 formats.o
                0x02002efc                exportPal(char const*)
 .text._Z9importPCXPKcPt
                0x02002f90      0x1d4 formats.o
                0x02002f90                importPCX(char const*, unsigned short*)
 .text._Z9exportPCXPKcPtii
                0x02003164      0x194 formats.o
                0x02003164                exportPCX(char const*, unsigned short*, int, int)
 .text._Z14writeBmpHeaderP7__sFILE
                0x020032f8       0x94 formats.o
                0x020032f8                writeBmpHeader(__sFILE*)
 .text._Z7saveBMPPKcPtS1_
                0x0200338c       0x8c formats.o
                0x0200338c                saveBMP(char const*, unsigned short*, unsigned short*)
 .text._Z14loadBMP_directPKcPt
                0x02003418      0x1fc formats.o
                0x02003418                loadBMP_direct(char const*, unsigned short*)
 .text._Z15saveBMP_indexedPKcPtS1_
                0x02003614      0x154 formats.o
                0x02003614                saveBMP_indexed(char const*, unsigned short*, unsigned short*)
 .text._Z15loadBMP_indexedPKcPtS1_
                0x02003768      0x218 formats.o
                0x02003768                loadBMP_indexed(char const*, unsigned short*, unsigned short*)
 .text._Z12saveBMP_4bppPKcPtS1_
                0x02003980      0x1a8 formats.o
                0x02003980                saveBMP_4bpp(char const*, unsigned short*, unsigned short*)
 .text._Z12loadBMP_4bppPKcPtS1_
                0x02003b28      0x1c0 formats.o
                0x02003b28                loadBMP_4bpp(char const*, unsigned short*, unsigned short*)
 .text._Z9importGIFPKcPt
                0x02003ce8      0x1a8 formats.o
                0x02003ce8                importGIF(char const*, unsigned short*)
 .text._Z9exportGIFPKcPtii
                0x02003e90      0x1b0 formats.o
                0x02003e90                exportGIF(char const*, unsigned short*, int, int)
 .text._Z9importTGAPKcPt
                0x02004040      0x130 formats.o
                0x02004040                importTGA(char const*, unsigned short*)
 .text._Z9exportTGAPKcPtii
                0x02004170      0x12c formats.o
                0x02004170                exportTGA(char const*, unsigned short*, int, int)
 .text._Z13topBackgroundv
                0x0200429c       0xa8 intro.o
                0x0200429c                topBackground()
 .text._Z5introv
                0x02004344      0x138 intro.o
                0x02004344                intro()
 .text._Z9listFilesv.part.0
                0x0200447c      0x208 main.o
 .text._Z8textModev.part.0
                0x02004684       0x6c main.o
 .text._Z11enterFolderi
                0x020046f0       0x84 main.o
                0x020046f0                enterFolder(int)
 .text._Z6goBackv
                0x02004774       0x58 main.o
                0x02004774                goBack()
 .text._Z9listFilesv
                0x020047cc       0x24 main.o
                0x020047cc                listFiles()
 .text._Z10submitVRAMbbb
                0x020047f0      0x148 main.o
                0x020047f0                submitVRAM(bool, bool, bool)
 .text._Z15drawSurfaceMainb
                0x02004938      0x17c main.o
                0x02004938                drawSurfaceMain(bool)
 .text._Z17drawSurfaceBottomv
                0x02004ab4      0x200 main.o
                0x02004ab4                drawSurfaceBottom()
 .text._Z16drawColorPalettev
                0x02004cb4       0x74 main.o
                0x02004cb4                drawColorPalette()
 .text._Z14drawNesPalettev
                0x02004d28       0x74 main.o
                0x02004d28                drawNesPalette()
 .text._Z9updatePaliPi
                0x02004d9c      0x170 main.o
                0x02004d9c                updatePal(int, int*)
 .text._Z14clearTopBitmapv
                0x02004f0c       0xb8 main.o
                0x02004f0c                clearTopBitmap()
 .text._Z10initBitmapv
                0x02004fc4      0x1f8 main.o
                0x02004fc4                initBitmap()
 .text._Z16setEditorSpritesv
                0x020051bc       0xb4 main.o
                0x020051bc                setEditorSprites()
 .text._Z8setOamBGv
                0x02005270       0xa8 main.o
                0x02005270                setOamBG()
 .text._Z10bitmapModev
                0x02005318       0x98 main.o
                0x02005318                bitmapMode()
 .text._Z19getActionsFromTouchi
                0x020053b0       0x40 main.o
                0x020053b0                getActionsFromTouch(int)
 .text._Z12applyActionsi
                0x020053f0      0x15c main.o
                0x020053f0                applyActions(int)
 .text._Z9handleKeyc
                0x0200554c       0x78 main.o
                0x0200554c                handleKey(char)
 .text._Z9floodFillPtiittii
                0x020055c4      0x154 main.o
                0x020055c4                floodFill(unsigned short*, int, int, unsigned short, unsigned short, int, int)
 .text._Z9applyTooliib
                0x02005718      0x298 main.o
                0x02005718                applyTool(int, int, bool)
 .text._Z22copyFromSurfaceToStackv
                0x020059b0       0x98 main.o
                0x020059b0                copyFromSurfaceToStack()
 .text._Z21cutFromSurfaceToStackv
                0x02005a48       0x44 main.o
                0x02005a48                cutFromSurfaceToStack()
 .text._Z23pasteFromStackToSurfacev
                0x02005a8c       0x98 main.o
                0x02005a8c                pasteFromStackToSurface()
 .text._Z5flipHv
                0x02005b24       0xa4 main.o
                0x02005b24                flipH()
 .text._Z5flipVv
                0x02005bc8       0x98 main.o
                0x02005bc8                flipV()
 .text._Z7scaleUpv
                0x02005c60      0x114 main.o
                0x02005c60                scaleUp()
 .text._Z9scaleDownv
                0x02005d74       0xd4 main.o
                0x02005d74                scaleDown()
 .text._Z14rotatePositivev
                0x02005e48       0x80 main.o
                0x02005e48                rotatePositive()
 .text._Z14rotateNegativev
                0x02005ec8       0x8c main.o
                0x02005ec8                rotateNegative()
 .text._Z18setBackupVariablesv
                0x02005f54       0x4c main.o
                0x02005f54                setBackupVariables()
 .text._Z11backupWritev
                0x02005fa0       0x6c main.o
                0x02005fa0                backupWrite()
 .text._Z10backupReadv
                0x0200600c       0x58 main.o
                0x0200600c                backupRead()
 .text._Z7initFPSv
                0x02006064       0x24 main.o
                0x02006064                initFPS()
 .text._Z9updateFPSv
                0x02006088       0x3c main.o
                0x02006088                updateFPS()
 .text          0x020060c4       0xa8 drawSurfaceBottom16x.o
                0x020060c4                drawSurfaceBottom16x
 .text          0x0200616c       0x60 drawSurfaceBottom2x.o
                0x0200616c                drawSurfaceBottom2x
 .text          0x020061cc       0xe8 drawSurfaceBottom32x.o
                0x020061cc                drawSurfaceBottom32x
 .text          0x020062b4       0x78 drawSurfaceBottom4x.o
                0x020062b4                drawSurfaceBottom4x
 .text          0x0200632c       0x88 drawSurfaceBottom8x.o
                0x0200632c                drawSurfaceBottom8x
 .text          0x020063b4       0x60 memcpy_fast_arm9.o
                0x020063b4                memcpy_fast_arm9
 .text.fatInitDefault
                0x02006414       0x20 C:/devkitPro/libnds/lib\libfat.a(fat_wrappers.o)
                0x02006414                fatInitDefault
 .text._dvmDiscCalicoDummy
                0x02006434        0x4 C:/devkitPro/libnds/lib\libfat.a(dvm_calico.o)
 .text._dvmDiscCalicoWriteSectors
                0x02006438        0x8 C:/devkitPro/libnds/lib\libfat.a(dvm_calico.o)
 .text._dvmDiscCalicoReadSectors
                0x02006440        0x8 C:/devkitPro/libnds/lib\libfat.a(dvm_calico.o)
 .text._dvmIsAlignedAccess
                0x02006448       0x30 C:/devkitPro/libnds/lib\libfat.a(dvm_calico.o)
                0x02006448                _dvmIsAlignedAccess
 .text._dvmCacheCopy
                0x02006478       0x14 C:/devkitPro/libnds/lib\libfat.a(dvm_calico.o)
                0x02006478                _dvmCacheCopy
 .text.dvmInit  0x0200648c      0x268 C:/devkitPro/libnds/lib\libfat.a(dvm_calico.o)
                0x0200648c                dvmInit
 .text.dvmDiscAddUser
                0x020066f4       0x10 C:/devkitPro/libnds/lib\libfat.a(dvm_disc.o)
                0x020066f4                dvmDiscAddUser
 .text.dvmDiscRemoveUser
                0x02006704       0x28 C:/devkitPro/libnds/lib\libfat.a(dvm_disc.o)
                0x02006704                dvmDiscRemoveUser
 .text._dvmDiscCacheReadWrite
                0x0200672c      0x3ec C:/devkitPro/libnds/lib\libfat.a(dvm_cache.o)
 .text._dvmDiscCacheWriteSectors
                0x02006b18       0x58 C:/devkitPro/libnds/lib\libfat.a(dvm_cache.o)
 .text._dvmDiscCacheReadSectors
                0x02006b70       0x58 C:/devkitPro/libnds/lib\libfat.a(dvm_cache.o)
 .text._dvmDiscCacheFlush
                0x02006bc8       0xac C:/devkitPro/libnds/lib\libfat.a(dvm_cache.o)
 .text._dvmDiscCacheDestroy
                0x02006c74       0x28 C:/devkitPro/libnds/lib\libfat.a(dvm_cache.o)
 .text.dvmDiscCacheCreate
                0x02006c9c      0x1a0 C:/devkitPro/libnds/lib\libfat.a(dvm_cache.o)
                0x02006c9c                dvmDiscCacheCreate
 .text.dvmMountVolume
                0x02006e3c      0x188 C:/devkitPro/libnds/lib\libfat.a(dvm_volume.o)
                0x02006e3c                dvmMountVolume
 .text._dvmSetAppWorkingDir
                0x02006fc4       0x74 C:/devkitPro/libnds/lib\libfat.a(dvm_volume.o)
                0x02006fc4                _dvmSetAppWorkingDir
 .text._dvmIdentMbrVbr
                0x02007038      0x1d8 C:/devkitPro/libnds/lib\libfat.a(dvm_prober.o)
 .text._dvmReadPartitionTable
                0x02007210      0x204 C:/devkitPro/libnds/lib\libfat.a(dvm_prober.o)
 .text.dvmProbeMountDisc
                0x02007414       0xf0 C:/devkitPro/libnds/lib\libfat.a(dvm_prober.o)
                0x02007414                dvmProbeMountDisc
 .text._FAT_fstat_r
                0x02007504       0xac C:/devkitPro/libnds/lib\libfat.a(fat_driver.o)
 .text._FAT_umount
                0x020075b0       0x1c C:/devkitPro/libnds/lib\libfat.a(fat_driver.o)
 .text._FAT_mount
                0x020075cc       0x44 C:/devkitPro/libnds/lib\libfat.a(fat_driver.o)
 .text._FAT_seek_r
                0x02007610      0x13c C:/devkitPro/libnds/lib\libfat.a(fat_driver.o)
 .text._FAT_set_stat.isra.0
                0x0200774c      0x10c C:/devkitPro/libnds/lib\libfat.a(fat_driver.o)
 .text._FAT_mkdir_r
                0x02007858       0x64 C:/devkitPro/libnds/lib\libfat.a(fat_driver.o)
 .text._FAT_chdir_r
                0x020078bc       0x64 C:/devkitPro/libnds/lib\libfat.a(fat_driver.o)
 .text._FAT_unlink_r
                0x02007920       0x70 C:/devkitPro/libnds/lib\libfat.a(fat_driver.o)
 .text._FAT_rmdir_r
                0x02007990       0x6c C:/devkitPro/libnds/lib\libfat.a(fat_driver.o)
 .text._FAT_diropen_r
                0x020079fc       0x7c C:/devkitPro/libnds/lib\libfat.a(fat_driver.o)
 .text._FAT_fsync_r
                0x02007a78       0x64 C:/devkitPro/libnds/lib\libfat.a(fat_driver.o)
 .text._FAT_close_r
                0x02007adc       0x64 C:/devkitPro/libnds/lib\libfat.a(fat_driver.o)
 .text._FAT_dirclose_r
                0x02007b40       0x64 C:/devkitPro/libnds/lib\libfat.a(fat_driver.o)
 .text._FAT_dirreset_r
                0x02007ba4       0x6c C:/devkitPro/libnds/lib\libfat.a(fat_driver.o)
 .text._FAT_rename_r
                0x02007c10       0x80 C:/devkitPro/libnds/lib\libfat.a(fat_driver.o)
 .text._FAT_stat_r
                0x02007c90       0x98 C:/devkitPro/libnds/lib\libfat.a(fat_driver.o)
 .text._FAT_read_r
                0x02007d28       0x7c C:/devkitPro/libnds/lib\libfat.a(fat_driver.o)
 .text._FAT_write_r
                0x02007da4       0x7c C:/devkitPro/libnds/lib\libfat.a(fat_driver.o)
 .text._FAT_statvfs_r
                0x02007e20       0xf0 C:/devkitPro/libnds/lib\libfat.a(fat_driver.o)
 .text._FAT_ftruncate_r
                0x02007f10      0x190 C:/devkitPro/libnds/lib\libfat.a(fat_driver.o)
 .text._FAT_dirnext_r
                0x020080a0      0x124 C:/devkitPro/libnds/lib\libfat.a(fat_driver.o)
 .text._FAT_open_r
                0x020081c4      0x124 C:/devkitPro/libnds/lib\libfat.a(fat_driver.o)
 .text.get_fattime
                0x020082e8       0x64 C:/devkitPro/libnds/lib\libfat.a(fat_driver.o)
                0x020082e8                get_fattime
 .text.ff_mutex_create
                0x0200834c       0x18 C:/devkitPro/libnds/lib\libfat.a(fat_driver.o)
                0x0200834c                ff_mutex_create
 .text.ff_mutex_delete
                0x02008364        0x4 C:/devkitPro/libnds/lib\libfat.a(fat_driver.o)
                0x02008364                ff_mutex_delete
 .text.ff_mutex_take
                0x02008368       0x14 C:/devkitPro/libnds/lib\libfat.a(fat_driver.o)
                0x02008368                ff_mutex_take
 .text.ff_mutex_give
                0x0200837c        0x8 C:/devkitPro/libnds/lib\libfat.a(fat_driver.o)
                0x0200837c                ff_mutex_give
 .text.disk_initialize
                0x02008384       0x24 C:/devkitPro/libnds/lib\libfat.a(fat_driver.o)
                0x02008384                disk_initialize
 .text.disk_status
                0x020083a8       0x24 C:/devkitPro/libnds/lib\libfat.a(fat_driver.o)
                0x020083a8                disk_status
 .text.disk_read
                0x020083cc       0x2c C:/devkitPro/libnds/lib\libfat.a(fat_driver.o)
                0x020083cc                disk_read
 .text.disk_write
                0x020083f8       0x2c C:/devkitPro/libnds/lib\libfat.a(fat_driver.o)
                0x020083f8                disk_write
 .text.disk_ioctl
                0x02008424       0x38 C:/devkitPro/libnds/lib\libfat.a(fat_driver.o)
                0x02008424                disk_ioctl
 .text.tchar2uni
                0x0200845c       0xfc C:/devkitPro/libnds/lib\libfat.a(ff.o)
 .text.sync_window
                0x02008558       0x90 C:/devkitPro/libnds/lib\libfat.a(ff.o)
 .text.put_utf  0x020085e8      0x130 C:/devkitPro/libnds/lib\libfat.a(ff.o)
 .text.dir_clear
                0x02008718       0x9c C:/devkitPro/libnds/lib\libfat.a(ff.o)
 .text.get_fileinfo
                0x020087b4      0x28c C:/devkitPro/libnds/lib\libfat.a(ff.o)
 .text.sync_fs  0x02008a40      0x180 C:/devkitPro/libnds/lib\libfat.a(ff.o)
 .text.move_window
                0x02008bc0       0xc4 C:/devkitPro/libnds/lib\libfat.a(ff.o)
 .text.put_fat.part.0
                0x02008c84      0x1dc C:/devkitPro/libnds/lib\libfat.a(ff.o)
 .text.get_fat.isra.0
                0x02008e60      0x160 C:/devkitPro/libnds/lib\libfat.a(ff.o)
 .text.remove_chain
                0x02008fc0       0xf4 C:/devkitPro/libnds/lib\libfat.a(ff.o)
 .text.create_chain
                0x020090b4      0x21c C:/devkitPro/libnds/lib\libfat.a(ff.o)
 .text.dir_next
                0x020092d0      0x170 C:/devkitPro/libnds/lib\libfat.a(ff.o)
 .text.dir_read
                0x02009440      0x248 C:/devkitPro/libnds/lib\libfat.a(ff.o)
 .text.dir_sdi  0x02009688      0x128 C:/devkitPro/libnds/lib\libfat.a(ff.o)
 .text.dir_alloc
                0x020097b0       0xcc C:/devkitPro/libnds/lib\libfat.a(ff.o)
 .text.dir_remove
                0x0200987c       0xc4 C:/devkitPro/libnds/lib\libfat.a(ff.o)
 .text.dir_find
                0x02009940      0x2f8 C:/devkitPro/libnds/lib\libfat.a(ff.o)
 .text.follow_path
                0x02009c38      0x588 C:/devkitPro/libnds/lib\libfat.a(ff.o)
 .text.dir_register
                0x0200a1c0      0x3f0 C:/devkitPro/libnds/lib\libfat.a(ff.o)
 .text.check_fs
                0x0200a5b0      0x1ec C:/devkitPro/libnds/lib\libfat.a(ff.o)
 .text.mount_volume.part.0
                0x0200a79c      0x504 C:/devkitPro/libnds/lib\libfat.a(ff.o)
 .text.validate
                0x0200aca0       0xbc C:/devkitPro/libnds/lib\libfat.a(ff.o)
 .text.f_mount  0x0200ad5c       0x6c C:/devkitPro/libnds/lib\libfat.a(ff.o)
                0x0200ad5c                f_mount
 .text.f_umount
                0x0200adc8       0x38 C:/devkitPro/libnds/lib\libfat.a(ff.o)
                0x0200adc8                f_umount
 .text.f_open   0x0200ae00      0x400 C:/devkitPro/libnds/lib\libfat.a(ff.o)
                0x0200ae00                f_open
 .text.f_read   0x0200b200      0x2a4 C:/devkitPro/libnds/lib\libfat.a(ff.o)
                0x0200b200                f_read
 .text.f_write  0x0200b4a4      0x350 C:/devkitPro/libnds/lib\libfat.a(ff.o)
                0x0200b4a4                f_write
 .text.f_sync   0x0200b7f4      0x1a0 C:/devkitPro/libnds/lib\libfat.a(ff.o)
                0x0200b7f4                f_sync
 .text.f_close  0x0200b994       0x58 C:/devkitPro/libnds/lib\libfat.a(ff.o)
                0x0200b994                f_close
 .text.f_chdir  0x0200b9ec       0xf0 C:/devkitPro/libnds/lib\libfat.a(ff.o)
                0x0200b9ec                f_chdir
 .text.f_lseek  0x0200badc      0x298 C:/devkitPro/libnds/lib\libfat.a(ff.o)
                0x0200badc                f_lseek
 .text.f_opendir
                0x0200bd74      0x12c C:/devkitPro/libnds/lib\libfat.a(ff.o)
                0x0200bd74                f_opendir
 .text.f_closedir
                0x0200bea0       0xb0 C:/devkitPro/libnds/lib\libfat.a(ff.o)
                0x0200bea0                f_closedir
 .text.f_readdir
                0x0200bf50       0xd0 C:/devkitPro/libnds/lib\libfat.a(ff.o)
                0x0200bf50                f_readdir
 .text.f_stat   0x0200c020      0x104 C:/devkitPro/libnds/lib\libfat.a(ff.o)
                0x0200c020                f_stat
 .text.f_getfree
                0x0200c124      0x184 C:/devkitPro/libnds/lib\libfat.a(ff.o)
                0x0200c124                f_getfree
 .text.f_truncate
                0x0200c2a8      0x228 C:/devkitPro/libnds/lib\libfat.a(ff.o)
                0x0200c2a8                f_truncate
 .text.f_unlink
                0x0200c4d0      0x1a4 C:/devkitPro/libnds/lib\libfat.a(ff.o)
                0x0200c4d0                f_unlink
 .text.f_mkdir  0x0200c674      0x294 C:/devkitPro/libnds/lib\libfat.a(ff.o)
                0x0200c674                f_mkdir
 .text.f_rename
                0x0200c908      0x248 C:/devkitPro/libnds/lib\libfat.a(ff.o)
                0x0200c908                f_rename
 .text.ff_uni2oem
                0x0200cb50       0x78 C:/devkitPro/libnds/lib\libfat.a(ffunicode.o)
                0x0200cb50                ff_uni2oem
 .text.ff_oem2uni
                0x0200cbc8       0x40 C:/devkitPro/libnds/lib\libfat.a(ffunicode.o)
                0x0200cbc8                ff_oem2uni
 .text.ff_wtoupper
                0x0200cc08      0x128 C:/devkitPro/libnds/lib\libfat.a(ffunicode.o)
                0x0200cc08                ff_wtoupper
 .text.checkIfText
                0x0200cd30       0x6c C:/devkitPro/libnds/lib\libnds9.a(background.o)
                0x0200cd30                checkIfText
 .text.bgUpdate
                0x0200cd9c       0xe8 C:/devkitPro/libnds/lib\libnds9.a(background.o)
                0x0200cd9c                bgUpdate
 .text.bgInit_call
                0x0200ce84       0xa8 C:/devkitPro/libnds/lib\libnds9.a(background.o)
                0x0200ce84                bgInit_call
 .text.bgInitSub_call
                0x0200cf2c       0xb0 C:/devkitPro/libnds/lib\libnds9.a(background.o)
                0x0200cf2c                bgInitSub_call
 .text.newRow   0x0200cfdc       0xe0 C:/devkitPro/libnds/lib\libnds9.a(console.o)
 .text.consolePrintChar
                0x0200d0bc       0xe0 C:/devkitPro/libnds/lib\libnds9.a(console.o)
                0x0200d0bc                consolePrintChar
 .text.con_write
                0x0200d19c      0x344 C:/devkitPro/libnds/lib\libnds9.a(console.o)
                0x0200d19c                con_write
 .text.consoleLoadFont
                0x0200d4e0      0x2e8 C:/devkitPro/libnds/lib\libnds9.a(console.o)
                0x0200d4e0                consoleLoadFont
 .text.consoleInit
                0x0200d7c8      0x170 C:/devkitPro/libnds/lib\libnds9.a(console.o)
                0x0200d7c8                consoleInit
 .text.consoleDemoInit
                0x0200d938       0x40 C:/devkitPro/libnds/lib\libnds9.a(console.o)
                0x0200d938                consoleDemoInit
 .text.consoleClear
                0x0200d978       0x10 C:/devkitPro/libnds/lib\libnds9.a(console.o)
                0x0200d978                consoleClear
 .text.getHeader
                0x0200d988        0x4 C:/devkitPro/libnds/lib\libnds9.a(decompress.o)
 .text.readByte
                0x0200d98c        0x4 C:/devkitPro/libnds/lib\libnds9.a(decompress.o)
 .text.decompress
                0x0200d990       0x40 C:/devkitPro/libnds/lib\libnds9.a(decompress.o)
                0x0200d990                decompress
 .text.defaultHandler
                0x0200d9d0       0x6c C:/devkitPro/libnds/lib\libnds9.a(exceptionDefault.o)
 .text.excptPrint
                0x0200da3c       0x38 C:/devkitPro/libnds/lib\libnds9.a(exceptionDefault.o)
 .text.defaultExceptionHandler
                0x0200da74       0x20 C:/devkitPro/libnds/lib\libnds9.a(exceptionDefault.o)
                0x0200da74                defaultExceptionHandler
 .text.ARMShift
                0x0200da94       0x74 C:/devkitPro/libnds/lib\libnds9.a(gurumeditation.o)
 .text.getExceptionAddress
                0x0200db08      0x198 C:/devkitPro/libnds/lib\libnds9.a(gurumeditation.o)
                0x0200db08                getExceptionAddress
 .text.guruMeditationDump
                0x0200dca0      0x108 C:/devkitPro/libnds/lib\libnds9.a(gurumeditation.o)
                0x0200dca0                guruMeditationDump
 .text.scanKeys
                0x0200dda8       0x6c C:/devkitPro/libnds/lib\libnds9.a(keys.o)
                0x0200dda8                scanKeys
 .text.keysHeld
                0x0200de14        0xc C:/devkitPro/libnds/lib\libnds9.a(keys.o)
                0x0200de14                keysHeld
 .text.keysDown
                0x0200de20       0x10 C:/devkitPro/libnds/lib\libnds9.a(keys.o)
                0x0200de20                keysDown
 .text.keysUp   0x0200de30       0x10 C:/devkitPro/libnds/lib\libnds9.a(keys.o)
                0x0200de30                keysUp
 .text.oamAllocReset
                0x0200de40       0x1c C:/devkitPro/libnds/lib\libnds9.a(sprite_alloc.o)
                0x0200de40                oamAllocReset
 .text.oamAllocateGfx
                0x0200de5c      0x578 C:/devkitPro/libnds/lib\libnds9.a(sprite_alloc.o)
                0x0200de5c                oamAllocateGfx
 .text.oamInit  0x0200e3d4      0x138 C:/devkitPro/libnds/lib\libnds9.a(sprite.o)
                0x0200e3d4                oamInit
 .text.oamGetGfxPtr
                0x0200e50c       0x34 C:/devkitPro/libnds/lib\libnds9.a(sprite.o)
                0x0200e50c                oamGetGfxPtr
 .text.oamClear
                0x0200e540       0x24 C:/devkitPro/libnds/lib\libnds9.a(sprite.o)
                0x0200e540                oamClear
 .text.oamGfxPtrToOffset
                0x0200e564       0x34 C:/devkitPro/libnds/lib\libnds9.a(sprite.o)
                0x0200e564                oamGfxPtrToOffset
 .text.oamSet   0x0200e598      0x100 C:/devkitPro/libnds/lib\libnds9.a(sprite.o)
                0x0200e598                oamSet
 .text.oamUpdate
                0x0200e698       0x78 C:/devkitPro/libnds/lib\libnds9.a(sprite.o)
                0x0200e698                oamUpdate
 .text.sinLutLookup
                0x0200e710       0x4c C:/devkitPro/libnds/lib\libnds9.a(trig.o)
                0x0200e710                sinLutLookup
 .text.sinLerp  0x0200e75c       0x38 C:/devkitPro/libnds/lib\libnds9.a(trig.o)
                0x0200e75c                sinLerp
 .text.cosLerp  0x0200e794       0x44 C:/devkitPro/libnds/lib\libnds9.a(trig.o)
                0x0200e794                cosLerp
 .text.__libnds_excpt
                0x0200e7d8       0xf8 C:/devkitPro/libnds/lib\libnds9.a(exceptionEntry.o)
                0x0200e7d8                __libnds_excpt
 .text._mmPxiHandler
                0x0200e8d0       0x78 C:/devkitPro/libnds/lib\libmm9.a(mm_comms9.o)
 .text.mmInit   0x0200e948       0x78 C:/devkitPro/libnds/lib\libmm9.a(mm_comms9.o)
                0x0200e948                mmInit
 .text.mmStart  0x0200e9c0       0x44 C:/devkitPro/libnds/lib\libmm9.a(mm_comms9.o)
                0x0200e9c0                mmStart
 .text._mmLoadSample
                0x0200ea04       0x80 C:/devkitPro/libnds/lib\libmm9.a(mm_loader.o)
 .text.mmInitDefaultMem
                0x0200ea84       0xc0 C:/devkitPro/libnds/lib\libmm9.a(mm_loader.o)
                0x0200ea84                mmInitDefaultMem
 .text.mmLoad   0x0200eb44       0xa8 C:/devkitPro/libnds/lib\libmm9.a(mm_loader.o)
                0x0200eb44                mmLoad
 .text._tickCountIsr
                0x0200ebec       0x1c C:/devkitPro/calico/lib\libcalico_ds9.a(tick.o)
 .text._tickTaskSchedule.part.0.isra.0
                0x0200ec08       0x84 C:/devkitPro/calico/lib\libcalico_ds9.a(tick.o)
 .text.tickInit
                0x0200ec8c       0xa0 C:/devkitPro/calico/lib\libcalico_ds9.a(tick.o)
                0x0200ec8c                tickInit
 .text.tickGetCount
                0x0200ed2c       0x5c C:/devkitPro/calico/lib\libcalico_ds9.a(tick.o)
                0x0200ed2c                tickGetCount
 .text._tickTaskIsr
                0x0200ed88      0x110 C:/devkitPro/calico/lib\libcalico_ds9.a(tick.o)
 .text.tickTaskStart
                0x0200ee98      0x144 C:/devkitPro/calico/lib\libcalico_ds9.a(tick.o)
                0x0200ee98                tickTaskStart
 .text.threadExit
                0x0200efdc       0x9c C:/devkitPro/calico/lib\libcalico_ds9.a(thread_cold.o)
                0x0200efdc                threadExit
 .text._threadTickTask
                0x0200f078       0x10 C:/devkitPro/calico/lib\libcalico_ds9.a(thread_cold.o)
 .text._threadInit
                0x0200f088       0x98 C:/devkitPro/calico/lib\libcalico_ds9.a(thread_cold.o)
                0x0200f088                _threadInit
 .text.threadPrepare
                0x0200f120       0xa4 C:/devkitPro/calico/lib\libcalico_ds9.a(thread_cold.o)
                0x0200f120                threadPrepare
 .text.threadStart
                0x0200f1c4       0xc8 C:/devkitPro/calico/lib\libcalico_ds9.a(thread_cold.o)
                0x0200f1c4                threadStart
 .text.threadIrqWait
                0x0200f28c       0xa0 C:/devkitPro/calico/lib\libcalico_ds9.a(thread_cold.o)
                0x0200f28c                threadIrqWait
 .text.threadSleepTicks
                0x0200f32c       0x58 C:/devkitPro/calico/lib\libcalico_ds9.a(thread_cold.o)
                0x0200f32c                threadSleepTicks
 .text._dietPrintDefaultFunc
                0x0200f384        0x4 C:/devkitPro/calico/lib\libcalico_ds9.a(dietprint.o)
 .text._dietOutput
                0x0200f388       0x3c C:/devkitPro/calico/lib\libcalico_ds9.a(dietprint.o)
 .text._dietPrintDec32
                0x0200f3c4      0x110 C:/devkitPro/calico/lib\libcalico_ds9.a(dietprint.o)
 .text._dietPrintHex32
                0x0200f4d4      0x170 C:/devkitPro/calico/lib\libcalico_ds9.a(dietprint.o)
 .text.dietPrintV
                0x0200f644      0x4b8 C:/devkitPro/calico/lib\libcalico_ds9.a(dietprint.o)
                0x0200f644                dietPrintV
 .text.dietPrint
                0x0200fafc       0x18 C:/devkitPro/calico/lib\libcalico_ds9.a(dietprint.o)
                0x0200fafc                dietPrint
 .text.__syscall_getreent
                0x0200fb14       0x14 C:/devkitPro/calico/lib\libcalico_ds9.a(newlib_syscalls.o)
                0x0200fb14                __syscall_getreent
 .text.__errno  0x0200fb28       0x24 C:/devkitPro/calico/lib\libcalico_ds9.a(newlib_syscalls.o)
                0x0200fb28                __errno
 .text.__syscall_gettod_r
                0x0200fb4c       0x30 C:/devkitPro/calico/lib\libcalico_ds9.a(newlib_syscalls.o)
                0x0200fb4c                __syscall_gettod_r
 .text.__syscall_lock_acquire
                0x0200fb7c        0x4 C:/devkitPro/calico/lib\libcalico_ds9.a(newlib_syscalls.o)
                0x0200fb7c                __syscall_lock_acquire
 .text.__syscall_lock_release
                0x0200fb80        0x4 C:/devkitPro/calico/lib\libcalico_ds9.a(newlib_syscalls.o)
                0x0200fb80                __syscall_lock_release
 .text.__syscall_lock_acquire_recursive
                0x0200fb84       0x4c C:/devkitPro/calico/lib\libcalico_ds9.a(newlib_syscalls.o)
                0x0200fb84                __syscall_lock_acquire_recursive
 .text.__syscall_lock_release_recursive
                0x0200fbd0       0x18 C:/devkitPro/calico/lib\libcalico_ds9.a(newlib_syscalls.o)
                0x0200fbd0                __syscall_lock_release_recursive
 .text.svcLZ77UncompWram
                0x0200fbe8        0x4 C:/devkitPro/calico/lib\libcalico_ds9.a(bios.o)
                0x0200fbe8                svcLZ77UncompWram
 .text.svcHuffUncompCallback
                0x0200fbec        0x4 C:/devkitPro/calico/lib\libcalico_ds9.a(bios.o)
                0x0200fbec                svcHuffUncompCallback
 .text.svcRLUncompWram
                0x0200fbf0        0x4 C:/devkitPro/calico/lib\libcalico_ds9.a(bios.o)
                0x0200fbf0                svcRLUncompWram
 .text.svcRLUncompVramCallback
                0x0200fbf4        0x4 C:/devkitPro/calico/lib\libcalico_ds9.a(bios.o)
                0x0200fbf4                svcRLUncompVramCallback
 .text.svcLZ77UncompVramCallback
                0x0200fbf8       0x18 C:/devkitPro/calico/lib\libcalico_ds9.a(bios.o)
                0x0200fbf8                svcLZ77UncompVramCallback
 .text._pxiMailboxHandler
                0x0200fc10        0x4 C:/devkitPro/calico/lib\libcalico_ds9.a(pxi.o)
 .text._pxiRecvUnhandled
                0x0200fc14        0x4 C:/devkitPro/calico/lib\libcalico_ds9.a(pxi.o)
                0x0200fc14                _pxiRecvUnhandled
 .text._pxiRecvIrqHandler
                0x0200fc18      0x154 C:/devkitPro/calico/lib\libcalico_ds9.a(pxi.o)
 .text._pxiInit
                0x0200fd6c       0x58 C:/devkitPro/calico/lib\libcalico_ds9.a(pxi.o)
                0x0200fd6c                _pxiInit
 .text.pxiSetHandler
                0x0200fdc4       0x74 C:/devkitPro/calico/lib\libcalico_ds9.a(pxi.o)
                0x0200fdc4                pxiSetHandler
 .text.pxiSetMailbox
                0x0200fe38       0x68 C:/devkitPro/calico/lib\libcalico_ds9.a(pxi.o)
                0x0200fe38                pxiSetMailbox
 .text.pxiWaitRemote
                0x0200fea0       0x38 C:/devkitPro/calico/lib\libcalico_ds9.a(pxi.o)
                0x0200fea0                pxiWaitRemote
 .text.pxiSendPacket
                0x0200fed8       0x50 C:/devkitPro/calico/lib\libcalico_ds9.a(pxi.o)
                0x0200fed8                pxiSendPacket
 .text.pxiSendExtPacket
                0x0200ff28       0x98 C:/devkitPro/calico/lib\libcalico_ds9.a(pxi.o)
                0x0200ff28                pxiSendExtPacket
 .text.pxiBeginReceive
                0x0200ffc0       0x2c C:/devkitPro/calico/lib\libcalico_ds9.a(pxi.o)
                0x0200ffc0                pxiBeginReceive
 .text.pxiEndReceive
                0x0200ffec       0xac C:/devkitPro/calico/lib\libcalico_ds9.a(pxi.o)
                0x0200ffec                pxiEndReceive
 .text.keypadGetState
                0x02010098       0x28 C:/devkitPro/calico/lib\libcalico_ds9.a(keypad.o)
                0x02010098                keypadGetState
 .text._pmCallEventHandlers
                0x020100c0       0x40 C:/devkitPro/calico/lib\libcalico_ds9.a(pm.o)
 .text._pmPxiThreadMain
                0x02010100       0xa0 C:/devkitPro/calico/lib\libcalico_ds9.a(pm.o)
 .text._pmResetPxiHandler
                0x020101a0       0x28 C:/devkitPro/calico/lib\libcalico_ds9.a(pm.o)
 .text.systemUserExit
                0x020101c8        0x4 C:/devkitPro/calico/lib\libcalico_ds9.a(pm.o)
                0x020101c8                systemUserExit
 .text.systemErrorExit
                0x020101cc        0x4 C:/devkitPro/calico/lib\libcalico_ds9.a(pm.o)
                0x020101cc                systemErrorExit
 .text.__syscall_exit
                0x020101d0      0x138 C:/devkitPro/calico/lib\libcalico_ds9.a(pm.o)
                0x020101d0                __syscall_exit
 .text.pmInit   0x02010308       0x58 C:/devkitPro/calico/lib\libcalico_ds9.a(pm.o)
                0x02010308                pmInit
 .text.pmEnterSleep
                0x02010360       0xcc C:/devkitPro/calico/lib\libcalico_ds9.a(pm.o)
                0x02010360                pmEnterSleep
 .text.pmMainLoop
                0x0201042c       0x74 C:/devkitPro/calico/lib\libcalico_ds9.a(pm.o)
                0x0201042c                pmMainLoop
 .text.systemUserStartup
                0x020104a0        0x4 C:/devkitPro/calico/lib\libcalico_ds9.a(sys_startup.o)
                0x020104a0                systemUserStartup
 .text.systemStartup
                0x020104a4      0x104 C:/devkitPro/calico/lib\libcalico_ds9.a(sys_startup.o)
                0x020104a4                systemStartup
 .text.touchRead
                0x020105a8       0x58 C:/devkitPro/calico/lib\libcalico_ds9.a(touch.o)
                0x020105a8                touchRead
 .text._soundPxiCheckCredits
                0x02010600       0x70 C:/devkitPro/calico/lib\libcalico_ds9.a(sound.o)
 .text._soundPxiHandler
                0x02010670       0x3c C:/devkitPro/calico/lib\libcalico_ds9.a(sound.o)
 .text.soundInit
                0x020106ac       0x64 C:/devkitPro/calico/lib\libcalico_ds9.a(sound.o)
                0x020106ac                soundInit
 .text.soundSetMixerSleep
                0x02010710       0x2c C:/devkitPro/calico/lib\libcalico_ds9.a(sound.o)
                0x02010710                soundSetMixerSleep
 .text._blkDevReadWriteSectors
                0x0201073c       0x44 C:/devkitPro/calico/lib\libcalico_ds9.a(blk.o)
 .text.blkInit  0x02010780        0x8 C:/devkitPro/calico/lib\libcalico_ds9.a(blk.o)
                0x02010780                blkInit
 .text.blkDevIsPresent
                0x02010788       0x30 C:/devkitPro/calico/lib\libcalico_ds9.a(blk.o)
                0x02010788                blkDevIsPresent
 .text.blkDevInit
                0x020107b8       0x30 C:/devkitPro/calico/lib\libcalico_ds9.a(blk.o)
                0x020107b8                blkDevInit
 .text.blkDevGetSectorCount
                0x020107e8       0x34 C:/devkitPro/calico/lib\libcalico_ds9.a(blk.o)
                0x020107e8                blkDevGetSectorCount
 .text.blkDevReadSectors
                0x0201081c       0x5c C:/devkitPro/calico/lib\libcalico_ds9.a(blk.o)
                0x0201081c                blkDevReadSectors
 .text.blkDevWriteSectors
                0x02010878       0x5c C:/devkitPro/calico/lib\libcalico_ds9.a(blk.o)
                0x02010878                blkDevWriteSectors
 .text.irqSet   0x020108d4       0x64 C:/devkitPro/calico/lib\libcalico_ds9.a(irq.o)
                0x020108d4                irqSet
 .text.threadUpdateDynamicPrio
                0x02010938      0x1cc C:/devkitPro/calico/lib\libcalico_ds9.a(mutex.o)
 .text.threadRemoveWaiter
                0x02010b04      0x1c8 C:/devkitPro/calico/lib\libcalico_ds9.a(mutex.o)
 .text.mutexLock
                0x02010ccc      0x150 C:/devkitPro/calico/lib\libcalico_ds9.a(mutex.o)
                0x02010ccc                mutexLock
 .text.mutexUnlock
                0x02010e1c       0xd0 C:/devkitPro/calico/lib\libcalico_ds9.a(mutex.o)
                0x02010e1c                mutexUnlock
 .text.mailboxTrySend
                0x02010eec       0x98 C:/devkitPro/calico/lib\libcalico_ds9.a(mailbox.o)
                0x02010eec                mailboxTrySend
 .text.mailboxRecv
                0x02010f84       0x98 C:/devkitPro/calico/lib\libcalico_ds9.a(mailbox.o)
                0x02010f84                mailboxRecv
 .text.log2     0x0201101c       0x1c C:/devkitPro/devkitARM/bin/../lib/gcc/arm-none-eabi/15.1.0/../../../../arm-none-eabi/lib/thumb\libm.a(libm_a-s_log2.o)
                0x0201101c                log2
 .text.log      0x02011038       0x70 C:/devkitPro/devkitARM/bin/../lib/gcc/arm-none-eabi/15.1.0/../../../../arm-none-eabi/lib/thumb\libm.a(libm_a-w_log.o)
                0x02011038                log
 .text.__ieee754_log
                0x020110a8      0x364 C:/devkitPro/devkitARM/bin/../lib/gcc/arm-none-eabi/15.1.0/../../../../arm-none-eabi/lib/thumb\libm.a(libm_a-e_log.o)
                0x020110a8                __ieee754_log
 .text.nan      0x0201140c        0xc C:/devkitPro/devkitARM/bin/../lib/gcc/arm-none-eabi/15.1.0/../../../../arm-none-eabi/lib/thumb\libm.a(libm_a-s_nan.o)
                0x0201140c                nan
 .text          0x02011418      0x11c C:/devkitPro/devkitARM/bin/../lib/gcc/arm-none-eabi/15.1.0/thumb\libgcc.a(_udivsi3.o)
                0x02011418                __aeabi_uidiv
                0x02011418                __udivsi3
                0x02011514                __aeabi_uidivmod
 .text          0x02011534      0x150 C:/devkitPro/devkitARM/bin/../lib/gcc/arm-none-eabi/15.1.0/thumb\libgcc.a(_divsi3.o)
                0x02011534                __divsi3
                0x02011534                __aeabi_idiv
                0x02011664                __aeabi_idivmod
 .text          0x02011684        0x4 C:/devkitPro/devkitARM/bin/../lib/gcc/arm-none-eabi/15.1.0/thumb\libgcc.a(_dvmd_tls.o)
                0x02011684                __aeabi_idiv0
                0x02011684                __aeabi_ldiv0
 .text          0x02011688      0x424 C:/devkitPro/devkitARM/bin/../lib/gcc/arm-none-eabi/15.1.0/thumb\libgcc.a(_arm_addsubdf3.o)
                0x02011688                __aeabi_drsub
                0x02011690                __aeabi_dsub
                0x02011690                __subdf3
                0x02011694                __aeabi_dadd
                0x02011694                __adddf3
                0x020119a4                __floatunsidf
                0x020119a4                __aeabi_ui2d
                0x020119c8                __floatsidf
                0x020119c8                __aeabi_i2d
                0x020119f0                __aeabi_f2d
                0x020119f0                __extendsfdf2
                0x02011a38                __floatundidf
                0x02011a38                __aeabi_ul2d
                0x02011a4c                __floatdidf
                0x02011a4c                __aeabi_l2d
 .text          0x02011aac      0x49c C:/devkitPro/devkitARM/bin/../lib/gcc/arm-none-eabi/15.1.0/thumb\libgcc.a(_arm_muldivdf3.o)
                0x02011aac                __aeabi_dmul
                0x02011aac                __muldf3
                0x02011d3c                __divdf3
                0x02011d3c                __aeabi_ddiv
 .text          0x02011f48      0x144 C:/devkitPro/devkitARM/bin/../lib/gcc/arm-none-eabi/15.1.0/thumb\libgcc.a(_arm_cmpdf2.o)
                0x02011f48                __gtdf2
                0x02011f48                __gedf2
                0x02011f50                __ltdf2
                0x02011f50                __ledf2
                0x02011f58                __nedf2
                0x02011f58                __eqdf2
                0x02011f58                __cmpdf2
                0x02011fe0                __aeabi_cdrcmple
                0x02011ffc                __aeabi_cdcmpeq
                0x02011ffc                __aeabi_cdcmple
                0x02012014                __aeabi_dcmpeq
                0x0201202c                __aeabi_dcmplt
                0x02012044                __aeabi_dcmple
                0x0201205c                __aeabi_dcmpge
                0x02012074                __aeabi_dcmpgt
 .text          0x0201208c       0x38 C:/devkitPro/devkitARM/bin/../lib/gcc/arm-none-eabi/15.1.0/thumb\libgcc.a(_arm_unorddf2.o)
                0x0201208c                __unorddf2
                0x0201208c                __aeabi_dcmpun
 .text          0x020120c4       0x5c C:/devkitPro/devkitARM/bin/../lib/gcc/arm-none-eabi/15.1.0/thumb\libgcc.a(_arm_fixdfsi.o)
                0x020120c4                __aeabi_d2iz
                0x020120c4                __fixdfsi
 .text          0x02012120       0x3c C:/devkitPro/devkitARM/bin/../lib/gcc/arm-none-eabi/15.1.0/thumb\libgcc.a(_aeabi_uldivmod.o)
                0x02012120                __aeabi_uldivmod
 .text.__udivmoddi4
                0x0201215c      0x194 C:/devkitPro/devkitARM/bin/../lib/gcc/arm-none-eabi/15.1.0/thumb\libgcc.a(_udivmoddi4.o)
                0x0201215c                __udivmoddi4
 .text          0x020122f0       0x28 C:/devkitPro/devkitARM/bin/../lib/gcc/arm-none-eabi/15.1.0/thumb\libgcc.a(_clzdi2.o)
                0x020122f0                __clzdi2
 .text          0x02012318       0x48 C:/devkitPro/devkitARM/bin/../lib/gcc/arm-none-eabi/15.1.0/thumb\libgcc.a(_clzsi2.o)
                0x02012318                __clzsi2
 .text.strchr   0x02012360       0xbc C:/devkitPro/devkitARM/bin/../lib/gcc/arm-none-eabi/15.1.0/../../../../arm-none-eabi/lib/thumb\libg.a(libc_a-strchr.o)
                0x02012360                strchr
 .text.srand    0x0201241c       0x18 C:/devkitPro/devkitARM/bin/../lib/gcc/arm-none-eabi/15.1.0/../../../../arm-none-eabi/lib/thumb\libg.a(libc_a-rand.o)
                0x0201241c                srand
 .text.rand     0x02012434       0x30 C:/devkitPro/devkitARM/bin/../lib/gcc/arm-none-eabi/15.1.0/../../../../arm-none-eabi/lib/thumb\libg.a(libc_a-rand.o)
                0x02012434                rand
 .text._fclose_r
                0x02012464       0xdc C:/devkitPro/devkitARM/bin/../lib/gcc/arm-none-eabi/15.1.0/../../../../arm-none-eabi/lib/thumb\libg.a(libc_a-fclose.o)
                0x02012464                _fclose_r
 .text.fclose   0x02012540       0x14 C:/devkitPro/devkitARM/bin/../lib/gcc/arm-none-eabi/15.1.0/../../../../arm-none-eabi/lib/thumb\libg.a(libc_a-fclose.o)
                0x02012540                fclose
 .text._fwrite_r
                0x02012554       0x9c C:/devkitPro/devkitARM/bin/../lib/gcc/arm-none-eabi/15.1.0/../../../../arm-none-eabi/lib/thumb\libg.a(libc_a-fwrite.o)
                0x02012554                _fwrite_r
 .text.fwrite   0x020125f0       0x24 C:/devkitPro/devkitARM/bin/../lib/gcc/arm-none-eabi/15.1.0/../../../../arm-none-eabi/lib/thumb\libg.a(libc_a-fwrite.o)
                0x020125f0                fwrite
 .text.strlen   0x02012614       0x60 C:/devkitPro/devkitARM/bin/../lib/gcc/arm-none-eabi/15.1.0/../../../../arm-none-eabi/lib/thumb\libg.a(libc_a-strlen.o)
                0x02012614                strlen
 .text.memcmp   0x02012674       0x48 C:/devkitPro/devkitARM/bin/../lib/gcc/arm-none-eabi/15.1.0/../../../../arm-none-eabi/lib/thumb\libg.a(libc_a-memcmp.o)
                0x02012674                memcmp
 .text.stdio_exit_handler
                0x020126bc       0x20 C:/devkitPro/devkitARM/bin/../lib/gcc/arm-none-eabi/15.1.0/../../../../arm-none-eabi/lib/thumb\libg.a(libc_a-findfp.o)
 .text.cleanup_stdio
                0x020126dc       0x40 C:/devkitPro/devkitARM/bin/../lib/gcc/arm-none-eabi/15.1.0/../../../../arm-none-eabi/lib/thumb\libg.a(libc_a-findfp.o)
 .text.global_stdio_init.part.0
                0x0201271c      0x120 C:/devkitPro/devkitARM/bin/../lib/gcc/arm-none-eabi/15.1.0/../../../../arm-none-eabi/lib/thumb\libg.a(libc_a-findfp.o)
 .text.__sfp    0x0201283c       0xcc C:/devkitPro/devkitARM/bin/../lib/gcc/arm-none-eabi/15.1.0/../../../../arm-none-eabi/lib/thumb\libg.a(libc_a-findfp.o)
                0x0201283c                __sfp
 .text.__sinit  0x02012908       0x3c C:/devkitPro/devkitARM/bin/../lib/gcc/arm-none-eabi/15.1.0/../../../../arm-none-eabi/lib/thumb\libg.a(libc_a-findfp.o)
                0x02012908                __sinit
 .text.__sfp_lock_acquire
                0x02012944       0x14 C:/devkitPro/devkitARM/bin/../lib/gcc/arm-none-eabi/15.1.0/../../../../arm-none-eabi/lib/thumb\libg.a(libc_a-findfp.o)
                0x02012944                __sfp_lock_acquire
 .text.__sfp_lock_release
                0x02012958       0x14 C:/devkitPro/devkitARM/bin/../lib/gcc/arm-none-eabi/15.1.0/../../../../arm-none-eabi/lib/thumb\libg.a(libc_a-findfp.o)
                0x02012958                __sfp_lock_release
 .text.__libc_init_array
                0x0201296c       0x54 C:/devkitPro/devkitARM/bin/../lib/gcc/arm-none-eabi/15.1.0/../../../../arm-none-eabi/lib/thumb\libg.a(libc_a-init.o)
                0x0201296c                __libc_init_array
 .text._fwalk_sglue
                0x020129c0       0x4c C:/devkitPro/devkitARM/bin/../lib/gcc/arm-none-eabi/15.1.0/../../../../arm-none-eabi/lib/thumb\libg.a(libc_a-fwalk.o)
                0x020129c0                _fwalk_sglue
 .text.calloc   0x02012a0c       0x18 C:/devkitPro/devkitARM/bin/../lib/gcc/arm-none-eabi/15.1.0/../../../../arm-none-eabi/lib/thumb\libg.a(libc_a-calloc.o)
                0x02012a0c                calloc
 .text.siscanf  0x02012a24       0x50 C:/devkitPro/devkitARM/bin/../lib/gcc/arm-none-eabi/15.1.0/../../../../arm-none-eabi/lib/thumb\libg.a(libc_a-siscanf.o)
                0x02012a24                siscanf
 .text.strrchr  0x02012a74       0x30 C:/devkitPro/devkitARM/bin/../lib/gcc/arm-none-eabi/15.1.0/../../../../arm-none-eabi/lib/thumb\libg.a(libc_a-strrchr.o)
                0x02012a74                strrchr
 .text.aligned_alloc
                0x02012aa4       0x18 C:/devkitPro/devkitARM/bin/../lib/gcc/arm-none-eabi/15.1.0/../../../../arm-none-eabi/lib/thumb\libg.a(libc_a-aligned_alloc.o)
                0x02012aa4                aligned_alloc
 .text._calloc_r
                0x02012abc       0xcc C:/devkitPro/devkitARM/bin/../lib/gcc/arm-none-eabi/15.1.0/../../../../arm-none-eabi/lib/thumb\libg.a(libc_a-callocr.o)
                0x02012abc                _calloc_r
 .text.fgetc    0x02012b88       0x6c C:/devkitPro/devkitARM/bin/../lib/gcc/arm-none-eabi/15.1.0/../../../../arm-none-eabi/lib/thumb\libg.a(libc_a-fgetc.o)
                0x02012b88                fgetc
 .text.realloc  0x02012bf4       0x18 C:/devkitPro/devkitARM/bin/../lib/gcc/arm-none-eabi/15.1.0/../../../../arm-none-eabi/lib/thumb\libg.a(libc_a-realloc.o)
                0x02012bf4                realloc
 .text.validate_structure
                0x02012c0c      0x1e8 C:/devkitPro/devkitARM/bin/../lib/gcc/arm-none-eabi/15.1.0/../../../../arm-none-eabi/lib/thumb\libg.a(libc_a-mktime.o)
 .text.mktime   0x02012df4      0x434 C:/devkitPro/devkitARM/bin/../lib/gcc/arm-none-eabi/15.1.0/../../../../arm-none-eabi/lib/thumb\libg.a(libc_a-mktime.o)
                0x02012df4                mktime
 .text._fseek_r
                0x02013228       0x14 C:/devkitPro/devkitARM/bin/../lib/gcc/arm-none-eabi/15.1.0/../../../../arm-none-eabi/lib/thumb\libg.a(libc_a-fseek.o)
                0x02013228                _fseek_r
 .text.fseek    0x0201323c       0x24 C:/devkitPro/devkitARM/bin/../lib/gcc/arm-none-eabi/15.1.0/../../../../arm-none-eabi/lib/thumb\libg.a(libc_a-fseek.o)
                0x0201323c                fseek
 .text.__tz_lock
                0x02013260       0x14 C:/devkitPro/devkitARM/bin/../lib/gcc/arm-none-eabi/15.1.0/../../../../arm-none-eabi/lib/thumb\libg.a(libc_a-tzlock.o)
                0x02013260                __tz_lock
 .text.__tz_unlock
                0x02013274       0x14 C:/devkitPro/devkitARM/bin/../lib/gcc/arm-none-eabi/15.1.0/../../../../arm-none-eabi/lib/thumb\libg.a(libc_a-tzlock.o)
                0x02013274                __tz_unlock
 .text._malloc_r
                0x02013288      0x550 C:/devkitPro/devkitARM/bin/../lib/gcc/arm-none-eabi/15.1.0/../../../../arm-none-eabi/lib/thumb\libg.a(libc_a-mallocr.o)
                0x02013288                _malloc_r
 .text.strcasecmp
                0x020137d8       0x4c C:/devkitPro/devkitARM/bin/../lib/gcc/arm-none-eabi/15.1.0/../../../../arm-none-eabi/lib/thumb\libg.a(libc_a-strcasecmp.o)
                0x020137d8                strcasecmp
 .text.strcpy   0x02013824       0x10 C:/devkitPro/devkitARM/bin/../lib/gcc/arm-none-eabi/15.1.0/../../../../arm-none-eabi/lib/thumb\libg.a(libc_a-strcpy.o)
                0x02013824                strcpy
 .text._malloc_trim_r
                0x02013834       0xac C:/devkitPro/devkitARM/bin/../lib/gcc/arm-none-eabi/15.1.0/../../../../arm-none-eabi/lib/thumb\libg.a(libc_a-freer.o)
                0x02013834                _malloc_trim_r
 .text._free_r  0x020138e0      0x1d8 C:/devkitPro/devkitARM/bin/../lib/gcc/arm-none-eabi/15.1.0/../../../../arm-none-eabi/lib/thumb\libg.a(libc_a-freer.o)
                0x020138e0                _free_r
 .text.snprintf
                0x02013ab8       0x64 C:/devkitPro/devkitARM/bin/../lib/gcc/arm-none-eabi/15.1.0/../../../../arm-none-eabi/lib/thumb\libg.a(libc_a-snprintf.o)
                0x02013ab8                snprintf
 .text.get_arg  0x02013b1c      0x404 C:/devkitPro/devkitARM/bin/../lib/gcc/arm-none-eabi/15.1.0/../../../../arm-none-eabi/lib/thumb\libg.a(libc_a-svfprintf.o)
 .text._svfprintf_r
                0x02013f20     0x22d8 C:/devkitPro/devkitARM/bin/../lib/gcc/arm-none-eabi/15.1.0/../../../../arm-none-eabi/lib/thumb\libg.a(libc_a-svfprintf.o)
                0x02013f20                _svfprintf_r
 .text.strnlen  0x020161f8       0x20 C:/devkitPro/devkitARM/bin/../lib/gcc/arm-none-eabi/15.1.0/../../../../arm-none-eabi/lib/thumb\libg.a(libc_a-strnlen.o)
                0x020161f8                strnlen
 .text.stpcpy   0x02016218       0x4c C:/devkitPro/devkitARM/bin/../lib/gcc/arm-none-eabi/15.1.0/../../../../arm-none-eabi/lib/thumb\libg.a(libc_a-stpcpy.o)
                0x02016218                stpcpy
 .text.malloc   0x02016264       0x28 C:/devkitPro/devkitARM/bin/../lib/gcc/arm-none-eabi/15.1.0/../../../../arm-none-eabi/lib/thumb\libg.a(libc_a-malloc.o)
                0x02016264                malloc
 .text.free     0x0201628c       0x14 C:/devkitPro/devkitARM/bin/../lib/gcc/arm-none-eabi/15.1.0/../../../../arm-none-eabi/lib/thumb\libg.a(libc_a-malloc.o)
                0x0201628c                free
 .text.__sflush_r
                0x020162a0      0x180 C:/devkitPro/devkitARM/bin/../lib/gcc/arm-none-eabi/15.1.0/../../../../arm-none-eabi/lib/thumb\libg.a(libc_a-fflush.o)
                0x020162a0                __sflush_r
 .text._fflush_r
                0x02016420       0x70 C:/devkitPro/devkitARM/bin/../lib/gcc/arm-none-eabi/15.1.0/../../../../arm-none-eabi/lib/thumb\libg.a(libc_a-fflush.o)
                0x02016420                _fflush_r
 .text.time     0x02016490       0x38 C:/devkitPro/devkitARM/bin/../lib/gcc/arm-none-eabi/15.1.0/../../../../arm-none-eabi/lib/thumb\libg.a(libc_a-time.o)
                0x02016490                time
 .text.memset   0x020164c8       0x8c C:/devkitPro/devkitARM/bin/../lib/gcc/arm-none-eabi/15.1.0/../../../../arm-none-eabi/lib/thumb\libg.a(libc_a-memset.o)
                0x020164c8                memset
 .text._realloc_r
                0x02016554      0x344 C:/devkitPro/devkitARM/bin/../lib/gcc/arm-none-eabi/15.1.0/../../../../arm-none-eabi/lib/thumb\libg.a(libc_a-reallocr.o)
                0x02016554                _realloc_r
 .text.localtime_r
                0x02016898      0x228 C:/devkitPro/devkitARM/bin/../lib/gcc/arm-none-eabi/15.1.0/../../../../arm-none-eabi/lib/thumb\libg.a(libc_a-lcltime_r.o)
                0x02016898                localtime_r
 .text._fread_r
                0x02016ac0      0x228 C:/devkitPro/devkitARM/bin/../lib/gcc/arm-none-eabi/15.1.0/../../../../arm-none-eabi/lib/thumb\libg.a(libc_a-fread.o)
                0x02016ac0                _fread_r
 .text.fread    0x02016ce8       0x24 C:/devkitPro/devkitARM/bin/../lib/gcc/arm-none-eabi/15.1.0/../../../../arm-none-eabi/lib/thumb\libg.a(libc_a-fread.o)
                0x02016ce8                fread
 .text.__malloc_lock
                0x02016d0c       0x14 C:/devkitPro/devkitARM/bin/../lib/gcc/arm-none-eabi/15.1.0/../../../../arm-none-eabi/lib/thumb\libg.a(libc_a-mlock.o)
                0x02016d0c                __malloc_lock
 .text.__malloc_unlock
                0x02016d20       0x14 C:/devkitPro/devkitARM/bin/../lib/gcc/arm-none-eabi/15.1.0/../../../../arm-none-eabi/lib/thumb\libg.a(libc_a-mlock.o)
                0x02016d20                __malloc_unlock
 .text.__tzcalc_limits
                0x02016d34      0x1ac C:/devkitPro/devkitARM/bin/../lib/gcc/arm-none-eabi/15.1.0/../../../../arm-none-eabi/lib/thumb\libg.a(libc_a-tzcalc_limits.o)
                0x02016d34                __tzcalc_limits
 .text.fputc    0x02016ee0       0x5c C:/devkitPro/devkitARM/bin/../lib/gcc/arm-none-eabi/15.1.0/../../../../arm-none-eabi/lib/thumb\libg.a(libc_a-fputc.o)
                0x02016ee0                fputc
 .text          0x02016f3c      0x224 C:/devkitPro/devkitARM/bin/../lib/gcc/arm-none-eabi/15.1.0/../../../../arm-none-eabi/lib/thumb\libg.a(libc_a-strcmp.o)
                0x02016f3c                strcmp
 .text.__call_exitprocs
                0x02017160        0xc C:/devkitPro/devkitARM/bin/../lib/gcc/arm-none-eabi/15.1.0/../../../../arm-none-eabi/lib/thumb\libg.a(libc_a-exit.o)
                0x02017160                __call_exitprocs
 .text.setvbuf  0x0201716c      0x1ac C:/devkitPro/devkitARM/bin/../lib/gcc/arm-none-eabi/15.1.0/../../../../arm-none-eabi/lib/thumb\libg.a(libc_a-setvbuf.o)
                0x0201716c                setvbuf
 .text._fopen_r
                0x02017318       0xb4 C:/devkitPro/devkitARM/bin/../lib/gcc/arm-none-eabi/15.1.0/../../../../arm-none-eabi/lib/thumb\libg.a(libc_a-fopen.o)
                0x02017318                _fopen_r
 .text.fopen    0x020173cc       0x18 C:/devkitPro/devkitARM/bin/../lib/gcc/arm-none-eabi/15.1.0/../../../../arm-none-eabi/lib/thumb\libg.a(libc_a-fopen.o)
                0x020173cc                fopen
 .text.__srget_r
                0x020173e4       0x3c C:/devkitPro/devkitARM/bin/../lib/gcc/arm-none-eabi/15.1.0/../../../../arm-none-eabi/lib/thumb\libg.a(libc_a-rget.o)
                0x020173e4                __srget_r
 .text.strncpy  0x02017420       0x68 C:/devkitPro/devkitARM/bin/../lib/gcc/arm-none-eabi/15.1.0/../../../../arm-none-eabi/lib/thumb\libg.a(libc_a-strncpy.o)
                0x02017420                strncpy
 .text.ftell    0x02017488       0x24 C:/devkitPro/devkitARM/bin/../lib/gcc/arm-none-eabi/15.1.0/../../../../arm-none-eabi/lib/thumb\libg.a(libc_a-ftell.o)
                0x02017488                ftell
 .text.memcpy   0x020174ac       0xb0 C:/devkitPro/devkitARM/bin/../lib/gcc/arm-none-eabi/15.1.0/../../../../arm-none-eabi/lib/thumb\libg.a(libc_a-memcpy-stub.o)
                0x020174ac                memcpy
 .text._wcsrtombs_r
                0x0201755c       0x20 C:/devkitPro/devkitARM/bin/../lib/gcc/arm-none-eabi/15.1.0/../../../../arm-none-eabi/lib/thumb\libg.a(libc_a-wcsrtombs.o)
                0x0201755c                _wcsrtombs_r
 .text.iprintf  0x0201757c       0x28 C:/devkitPro/devkitARM/bin/../lib/gcc/arm-none-eabi/15.1.0/../../../../arm-none-eabi/lib/thumb\libg.a(libc_a-iprintf.o)
                0x0201757c                iprintf
 .text.write    0x020175a4       0x1c C:/devkitPro/devkitARM/bin/../lib/gcc/arm-none-eabi/15.1.0/../../../../arm-none-eabi/lib/thumb\libg.a(libc_a-syswrite.o)
                0x020175a4                write
 .text.frexp    0x020175c0       0x74 C:/devkitPro/devkitARM/bin/../lib/gcc/arm-none-eabi/15.1.0/../../../../arm-none-eabi/lib/thumb\libg.a(libm_a-s_frexp.o)
                0x020175c0                frexp
 .text.__sfvwrite_r
                0x02017634      0x31c C:/devkitPro/devkitARM/bin/../lib/gcc/arm-none-eabi/15.1.0/../../../../arm-none-eabi/lib/thumb\libg.a(libc_a-fvwrite.o)
                0x02017634                __sfvwrite_r
 .text.__sread  0x02017950       0x34 C:/devkitPro/devkitARM/bin/../lib/gcc/arm-none-eabi/15.1.0/../../../../arm-none-eabi/lib/thumb\libg.a(libc_a-stdio.o)
                0x02017950                __sread
 .text.__seofread
                0x02017984        0x4 C:/devkitPro/devkitARM/bin/../lib/gcc/arm-none-eabi/15.1.0/../../../../arm-none-eabi/lib/thumb\libg.a(libc_a-stdio.o)
                0x02017984                __seofread
 .text.__swrite
                0x02017988       0x4c C:/devkitPro/devkitARM/bin/../lib/gcc/arm-none-eabi/15.1.0/../../../../arm-none-eabi/lib/thumb\libg.a(libc_a-stdio.o)
                0x02017988                __swrite
 .text.__sseek  0x020179d4       0x3c C:/devkitPro/devkitARM/bin/../lib/gcc/arm-none-eabi/15.1.0/../../../../arm-none-eabi/lib/thumb\libg.a(libc_a-stdio.o)
                0x020179d4                __sseek
 .text.__sclose
                0x02017a10       0x10 C:/devkitPro/devkitARM/bin/../lib/gcc/arm-none-eabi/15.1.0/../../../../arm-none-eabi/lib/thumb\libg.a(libc_a-stdio.o)
                0x02017a10                __sclose
 .text.memmove  0x02017a20       0xcc C:/devkitPro/devkitARM/bin/../lib/gcc/arm-none-eabi/15.1.0/../../../../arm-none-eabi/lib/thumb\libg.a(libc_a-memmove.o)
                0x02017a20                memmove
 .text.__locale_mb_cur_max
                0x02017aec       0x20 C:/devkitPro/devkitARM/bin/../lib/gcc/arm-none-eabi/15.1.0/../../../../arm-none-eabi/lib/thumb\libg.a(libc_a-locale.o)
                0x02017aec                __locale_mb_cur_max
 .text.__ssprint_r
                0x02017b0c       0x60 C:/devkitPro/devkitARM/bin/../lib/gcc/arm-none-eabi/15.1.0/../../../../arm-none-eabi/lib/thumb\libg.a(libc_a-ssprint_r.o)
                0x02017b0c                __ssprint_r
 .text.gmtime_r
                0x02017b6c      0x1b4 C:/devkitPro/devkitARM/bin/../lib/gcc/arm-none-eabi/15.1.0/../../../../arm-none-eabi/lib/thumb\libg.a(libc_a-gmtime_r.o)
                0x02017b6c                gmtime_r
 .text.get_arg  0x02017d20      0x404 C:/devkitPro/devkitARM/bin/../lib/gcc/arm-none-eabi/15.1.0/../../../../arm-none-eabi/lib/thumb\libg.a(libc_a-vfiprintf.o)
 .text._vfiprintf_r
                0x02018124     0x16d0 C:/devkitPro/devkitARM/bin/../lib/gcc/arm-none-eabi/15.1.0/../../../../arm-none-eabi/lib/thumb\libg.a(libc_a-vfiprintf.o)
                0x02018124                _vfiprintf_r
 .text.__sbprintf
                0x020197f4       0x7c C:/devkitPro/devkitARM/bin/../lib/gcc/arm-none-eabi/15.1.0/../../../../arm-none-eabi/lib/thumb\libg.a(libc_a-vfiprintf.o)
 .text._memalign_r
                0x02019870      0x118 C:/devkitPro/devkitARM/bin/../lib/gcc/arm-none-eabi/15.1.0/../../../../arm-none-eabi/lib/thumb\libg.a(libc_a-malignr.o)
                0x02019870                _memalign_r
 .text.div      0x02019988       0x18 C:/devkitPro/devkitARM/bin/../lib/gcc/arm-none-eabi/15.1.0/../../../../arm-none-eabi/lib/thumb\libg.a(libc_a-div.o)
                0x02019988                div
 .text._wcsnrtombs_l
                0x020199a0      0x11c C:/devkitPro/devkitARM/bin/../lib/gcc/arm-none-eabi/15.1.0/../../../../arm-none-eabi/lib/thumb\libg.a(libc_a-wcsnrtombs.o)
                0x020199a0                _wcsnrtombs_l
 .text._wcsnrtombs_r
                0x02019abc       0x40 C:/devkitPro/devkitARM/bin/../lib/gcc/arm-none-eabi/15.1.0/../../../../arm-none-eabi/lib/thumb\libg.a(libc_a-wcsnrtombs.o)
                0x02019abc                _wcsnrtombs_r
 .text.get_arg  0x02019afc       0x3e C:/devkitPro/devkitARM/bin/../lib/gcc/arm-none-eabi/15.1.0/../../../../arm-none-eabi/lib/thumb\libg.a(libc_a-svfiscanf.o)
 .text._sungetc_r
                0x02019b3a       0x7e C:/devkitPro/devkitARM/bin/../lib/gcc/arm-none-eabi/15.1.0/../../../../arm-none-eabi/lib/thumb\libg.a(libc_a-svfiscanf.o)
                0x02019b3a                _sungetc_r
 .text.__ssrefill_r
                0x02019bb8       0x42 C:/devkitPro/devkitARM/bin/../lib/gcc/arm-none-eabi/15.1.0/../../../../arm-none-eabi/lib/thumb\libg.a(libc_a-svfiscanf.o)
                0x02019bb8                __ssrefill_r
 .text._sfread_r
                0x02019bfa       0x88 C:/devkitPro/devkitARM/bin/../lib/gcc/arm-none-eabi/15.1.0/../../../../arm-none-eabi/lib/thumb\libg.a(libc_a-svfiscanf.o)
                0x02019bfa                _sfread_r
 *fill*         0x02019c82        0x2 ff
 .text.__ssvfiscanf_r
                0x02019c84     0x1984 C:/devkitPro/devkitARM/bin/../lib/gcc/arm-none-eabi/15.1.0/../../../../arm-none-eabi/lib/thumb\libg.a(libc_a-svfiscanf.o)
                0x02019c84                __ssvfiscanf_r
 .text._putc_r  0x0201b608       0x88 C:/devkitPro/devkitARM/bin/../lib/gcc/arm-none-eabi/15.1.0/../../../../arm-none-eabi/lib/thumb\libg.a(libc_a-putc.o)
                0x0201b608                _putc_r
 .text._strtoul_l.isra.0
                0x0201b690      0x150 C:/devkitPro/devkitARM/bin/../lib/gcc/arm-none-eabi/15.1.0/../../../../arm-none-eabi/lib/thumb\libg.a(libc_a-strtoul.o)
 .text._strtoul_r
                0x0201b7e0       0x20 C:/devkitPro/devkitARM/bin/../lib/gcc/arm-none-eabi/15.1.0/../../../../arm-none-eabi/lib/thumb\libg.a(libc_a-strtoul.o)
                0x0201b7e0                _strtoul_r
 .text.strtoul  0x0201b800       0x24 C:/devkitPro/devkitARM/bin/../lib/gcc/arm-none-eabi/15.1.0/../../../../arm-none-eabi/lib/thumb\libg.a(libc_a-strtoul.o)
                0x0201b800                strtoul
 .text.__utf8_mbtowc
                0x0201b824      0x24c C:/devkitPro/devkitARM/bin/../lib/gcc/arm-none-eabi/15.1.0/../../../../arm-none-eabi/lib/thumb\libg.a(libc_a-mbtowc_r.o)
                0x0201b824                __utf8_mbtowc
 .text._fseeko_r
                0x0201ba70      0x414 C:/devkitPro/devkitARM/bin/../lib/gcc/arm-none-eabi/15.1.0/../../../../arm-none-eabi/lib/thumb\libg.a(libc_a-fseeko.o)
                0x0201ba70                _fseeko_r
 .text._tzset_unlocked
                0x0201be84       0x10 C:/devkitPro/devkitARM/bin/../lib/gcc/arm-none-eabi/15.1.0/../../../../arm-none-eabi/lib/thumb\libg.a(libc_a-tzset.o)
                0x0201be84                _tzset_unlocked
 .text.__sprint_r
                0x0201be94       0x24 C:/devkitPro/devkitARM/bin/../lib/gcc/arm-none-eabi/15.1.0/../../../../arm-none-eabi/lib/thumb\libg.a(libc_a-sprint_r.o)
                0x0201be94                __sprint_r
 .text.iswspace
                0x0201beb8       0x10 C:/devkitPro/devkitARM/bin/../lib/gcc/arm-none-eabi/15.1.0/../../../../arm-none-eabi/lib/thumb\libg.a(libc_a-iswspace.o)
                0x0201beb8                iswspace
 .text.__gettzinfo
                0x0201bec8        0x8 C:/devkitPro/devkitARM/bin/../lib/gcc/arm-none-eabi/15.1.0/../../../../arm-none-eabi/lib/thumb\libg.a(libc_a-gettzinfo.o)
                0x0201bec8                __gettzinfo
 .text._localeconv_r
                0x0201bed0       0x1c C:/devkitPro/devkitARM/bin/../lib/gcc/arm-none-eabi/15.1.0/../../../../arm-none-eabi/lib/thumb\libg.a(libc_a-localeconv.o)
                0x0201bed0                _localeconv_r
 .text.memchr   0x0201beec       0x74 C:/devkitPro/devkitARM/bin/../lib/gcc/arm-none-eabi/15.1.0/../../../../arm-none-eabi/lib/thumb\libg.a(libc_a-memchr-stub.o)
                0x0201beec                memchr
 .text.quorem   0x0201bf60      0x160 C:/devkitPro/devkitARM/bin/../lib/gcc/arm-none-eabi/15.1.0/../../../../arm-none-eabi/lib/thumb\libg.a(libc_a-dtoa.o)
 .text._dtoa_r  0x0201c0c0     0x10b0 C:/devkitPro/devkitARM/bin/../lib/gcc/arm-none-eabi/15.1.0/../../../../arm-none-eabi/lib/thumb\libg.a(libc_a-dtoa.o)
                0x0201c0c0                _dtoa_r
 .text._wcrtomb_r
                0x0201d170       0x84 C:/devkitPro/devkitARM/bin/../lib/gcc/arm-none-eabi/15.1.0/../../../../arm-none-eabi/lib/thumb\libg.a(libc_a-wcrtomb.o)
                0x0201d170                _wcrtomb_r
 .text.__sflags
                0x0201d1f4       0x98 C:/devkitPro/devkitARM/bin/../lib/gcc/arm-none-eabi/15.1.0/../../../../arm-none-eabi/lib/thumb\libg.a(libc_a-flags.o)
                0x0201d1f4                __sflags
 .text._strtol_l.part.0
                0x0201d28c      0x25c C:/devkitPro/devkitARM/bin/../lib/gcc/arm-none-eabi/15.1.0/../../../../arm-none-eabi/lib/thumb\libg.a(libc_a-strtol.o)
 .text._strtol_r
                0x0201d4e8       0x34 C:/devkitPro/devkitARM/bin/../lib/gcc/arm-none-eabi/15.1.0/../../../../arm-none-eabi/lib/thumb\libg.a(libc_a-strtol.o)
                0x0201d4e8                _strtol_r
 .text.__libc_fini_array
                0x0201d51c       0x30 C:/devkitPro/devkitARM/bin/../lib/gcc/arm-none-eabi/15.1.0/../../../../arm-none-eabi/lib/thumb\libg.a(libc_a-fini.o)
                0x0201d51c                __libc_fini_array
 .text._tzset_unlocked_r
                0x0201d54c      0x490 C:/devkitPro/devkitARM/bin/../lib/gcc/arm-none-eabi/15.1.0/../../../../arm-none-eabi/lib/thumb\libg.a(libc_a-tzset_r.o)
                0x0201d54c                _tzset_unlocked_r
 .text.__sccl   0x0201d9dc       0xb0 C:/devkitPro/devkitARM/bin/../lib/gcc/arm-none-eabi/15.1.0/../../../../arm-none-eabi/lib/thumb\libg.a(libc_a-sccl.o)
                0x0201d9dc                __sccl
 .text.lflush   0x0201da8c       0x24 C:/devkitPro/devkitARM/bin/../lib/gcc/arm-none-eabi/15.1.0/../../../../arm-none-eabi/lib/thumb\libg.a(libc_a-refill.o)
 .text.__srefill_r
                0x0201dab0      0x108 C:/devkitPro/devkitARM/bin/../lib/gcc/arm-none-eabi/15.1.0/../../../../arm-none-eabi/lib/thumb\libg.a(libc_a-refill.o)
                0x0201dab0                __srefill_r
 .text.__smakebuf_r
                0x0201dbb8       0xe0 C:/devkitPro/devkitARM/bin/../lib/gcc/arm-none-eabi/15.1.0/../../../../arm-none-eabi/lib/thumb\libg.a(libc_a-makebuf.o)
                0x0201dbb8                __smakebuf_r
 .text.__swhatbuf_r
                0x0201dc98       0x5c C:/devkitPro/devkitARM/bin/../lib/gcc/arm-none-eabi/15.1.0/../../../../arm-none-eabi/lib/thumb\libg.a(libc_a-makebuf.o)
                0x0201dc98                __swhatbuf_r
 .text._findenv_r
                0x0201dcf4       0x94 C:/devkitPro/devkitARM/bin/../lib/gcc/arm-none-eabi/15.1.0/../../../../arm-none-eabi/lib/thumb\libg.a(libc_a-getenv_r.o)
                0x0201dcf4                _findenv_r
 .text._getenv_r
                0x0201dd88       0x10 C:/devkitPro/devkitARM/bin/../lib/gcc/arm-none-eabi/15.1.0/../../../../arm-none-eabi/lib/thumb\libg.a(libc_a-getenv_r.o)
                0x0201dd88                _getenv_r
 .text.__ssputs_r
                0x0201dd98       0xd4 C:/devkitPro/devkitARM/bin/../lib/gcc/arm-none-eabi/15.1.0/../../../../arm-none-eabi/lib/thumb\libg.a(libc_a-ssputs_r.o)
                0x0201dd98                __ssputs_r
 .text._ftello_r
                0x0201de6c      0x124 C:/devkitPro/devkitARM/bin/../lib/gcc/arm-none-eabi/15.1.0/../../../../arm-none-eabi/lib/thumb\libg.a(libc_a-ftello.o)
                0x0201de6c                _ftello_r
 .text.__utf8_wctomb
                0x0201df90       0xbc C:/devkitPro/devkitARM/bin/../lib/gcc/arm-none-eabi/15.1.0/../../../../arm-none-eabi/lib/thumb\libg.a(libc_a-wctomb_r.o)
                0x0201df90                __utf8_wctomb
 .text._strtoull_l.isra.0
                0x0201e04c      0x1c0 C:/devkitPro/devkitARM/bin/../lib/gcc/arm-none-eabi/15.1.0/../../../../arm-none-eabi/lib/thumb\libg.a(libc_a-strtoull.o)
 .text._strtoull_r
                0x0201e20c       0x20 C:/devkitPro/devkitARM/bin/../lib/gcc/arm-none-eabi/15.1.0/../../../../arm-none-eabi/lib/thumb\libg.a(libc_a-strtoull.o)
                0x0201e20c                _strtoull_r
 .text._mbrtowc_r
                0x0201e22c       0x98 C:/devkitPro/devkitARM/bin/../lib/gcc/arm-none-eabi/15.1.0/../../../../arm-none-eabi/lib/thumb\libg.a(libc_a-mbrtowc.o)
                0x0201e22c                _mbrtowc_r
 .text.__swsetup_r
                0x0201e2c4       0xd4 C:/devkitPro/devkitARM/bin/../lib/gcc/arm-none-eabi/15.1.0/../../../../arm-none-eabi/lib/thumb\libg.a(libc_a-wsetup.o)
                0x0201e2c4                __swsetup_r
 .text.strncmp  0x0201e398       0x70 C:/devkitPro/devkitARM/bin/../lib/gcc/arm-none-eabi/15.1.0/../../../../arm-none-eabi/lib/thumb\libg.a(libc_a-strncmp.o)
                0x0201e398                strncmp
 .text.__env_lock
                0x0201e408       0x14 C:/devkitPro/devkitARM/bin/../lib/gcc/arm-none-eabi/15.1.0/../../../../arm-none-eabi/lib/thumb\libg.a(libc_a-envlock.o)
                0x0201e408                __env_lock
 .text.__env_unlock
                0x0201e41c       0x14 C:/devkitPro/devkitARM/bin/../lib/gcc/arm-none-eabi/15.1.0/../../../../arm-none-eabi/lib/thumb\libg.a(libc_a-envlock.o)
                0x0201e41c                __env_unlock
 .text.__assert_func
                0x0201e430       0x40 C:/devkitPro/devkitARM/bin/../lib/gcc/arm-none-eabi/15.1.0/../../../../arm-none-eabi/lib/thumb\libg.a(libc_a-assert.o)
                0x0201e430                __assert_func
 .text.iswspace_l
                0x0201e470       0x28 C:/devkitPro/devkitARM/bin/../lib/gcc/arm-none-eabi/15.1.0/../../../../arm-none-eabi/lib/thumb\libg.a(libc_a-iswspace_l.o)
                0x0201e470                iswspace_l
 .text._Balloc  0x0201e498       0x5c C:/devkitPro/devkitARM/bin/../lib/gcc/arm-none-eabi/15.1.0/../../../../arm-none-eabi/lib/thumb\libg.a(libc_a-mprec.o)
                0x0201e498                _Balloc
 .text._Bfree   0x0201e4f4       0x14 C:/devkitPro/devkitARM/bin/../lib/gcc/arm-none-eabi/15.1.0/../../../../arm-none-eabi/lib/thumb\libg.a(libc_a-mprec.o)
                0x0201e4f4                _Bfree
 .text.__multadd
                0x0201e508       0xa8 C:/devkitPro/devkitARM/bin/../lib/gcc/arm-none-eabi/15.1.0/../../../../arm-none-eabi/lib/thumb\libg.a(libc_a-mprec.o)
                0x0201e508                __multadd
 .text.__hi0bits
                0x0201e5b0       0x60 C:/devkitPro/devkitARM/bin/../lib/gcc/arm-none-eabi/15.1.0/../../../../arm-none-eabi/lib/thumb\libg.a(libc_a-mprec.o)
                0x0201e5b0                __hi0bits
 .text.__lo0bits
                0x0201e610       0x8c C:/devkitPro/devkitARM/bin/../lib/gcc/arm-none-eabi/15.1.0/../../../../arm-none-eabi/lib/thumb\libg.a(libc_a-mprec.o)
                0x0201e610                __lo0bits
 .text.__i2b    0x0201e69c       0x64 C:/devkitPro/devkitARM/bin/../lib/gcc/arm-none-eabi/15.1.0/../../../../arm-none-eabi/lib/thumb\libg.a(libc_a-mprec.o)
                0x0201e69c                __i2b
 .text.__multiply
                0x0201e700      0x1b4 C:/devkitPro/devkitARM/bin/../lib/gcc/arm-none-eabi/15.1.0/../../../../arm-none-eabi/lib/thumb\libg.a(libc_a-mprec.o)
                0x0201e700                __multiply
 .text.__pow5mult
                0x0201e8b4       0xd8 C:/devkitPro/devkitARM/bin/../lib/gcc/arm-none-eabi/15.1.0/../../../../arm-none-eabi/lib/thumb\libg.a(libc_a-mprec.o)
                0x0201e8b4                __pow5mult
 .text.__lshift
                0x0201e98c       0xf8 C:/devkitPro/devkitARM/bin/../lib/gcc/arm-none-eabi/15.1.0/../../../../arm-none-eabi/lib/thumb\libg.a(libc_a-mprec.o)
                0x0201e98c                __lshift
 .text.__mcmp   0x0201ea84       0x50 C:/devkitPro/devkitARM/bin/../lib/gcc/arm-none-eabi/15.1.0/../../../../arm-none-eabi/lib/thumb\libg.a(libc_a-mprec.o)
                0x0201ea84                __mcmp
 .text.__mdiff  0x0201ead4      0x1a4 C:/devkitPro/devkitARM/bin/../lib/gcc/arm-none-eabi/15.1.0/../../../../arm-none-eabi/lib/thumb\libg.a(libc_a-mprec.o)
                0x0201ead4                __mdiff
 .text.__d2b    0x0201ec78       0xd4 C:/devkitPro/devkitARM/bin/../lib/gcc/arm-none-eabi/15.1.0/../../../../arm-none-eabi/lib/thumb\libg.a(libc_a-mprec.o)
                0x0201ec78                __d2b
 .text._strtoll_l.isra.0
                0x0201ed4c      0x300 C:/devkitPro/devkitARM/bin/../lib/gcc/arm-none-eabi/15.1.0/../../../../arm-none-eabi/lib/thumb\libg.a(libc_a-strtoll.o)
 .text._strtoll_r
                0x0201f04c       0x20 C:/devkitPro/devkitARM/bin/../lib/gcc/arm-none-eabi/15.1.0/../../../../arm-none-eabi/lib/thumb\libg.a(libc_a-strtoll.o)
                0x0201f04c                _strtoll_r
 .text.__submore
                0x0201f06c       0x7c C:/devkitPro/devkitARM/bin/../lib/gcc/arm-none-eabi/15.1.0/../../../../arm-none-eabi/lib/thumb\libg.a(libc_a-ungetc.o)
                0x0201f06c                __submore
 .text.fiprintf
                0x0201f0e8       0x28 C:/devkitPro/devkitARM/bin/../lib/gcc/arm-none-eabi/15.1.0/../../../../arm-none-eabi/lib/thumb\libg.a(libc_a-fiprintf.o)
                0x0201f0e8                fiprintf
 .text.__swbuf_r
                0x0201f110       0x98 C:/devkitPro/devkitARM/bin/../lib/gcc/arm-none-eabi/15.1.0/../../../../arm-none-eabi/lib/thumb\libg.a(libc_a-wbuf.o)
                0x0201f110                __swbuf_r
 .text.abort    0x0201f1a8       0x10 C:/devkitPro/devkitARM/bin/../lib/gcc/arm-none-eabi/15.1.0/../../../../arm-none-eabi/lib/thumb\libg.a(libc_a-abort.o)
                0x0201f1a8                abort
 .text.category
                0x0201f1b8       0x5c C:/devkitPro/devkitARM/bin/../lib/gcc/arm-none-eabi/15.1.0/../../../../arm-none-eabi/lib/thumb\libg.a(libc_a-categories.o)
                0x0201f1b8                category
 .text._raise_r
                0x0201f214       0x60 C:/devkitPro/devkitARM/bin/../lib/gcc/arm-none-eabi/15.1.0/../../../../arm-none-eabi/lib/thumb\libg.a(libc_a-signal.o)
                0x0201f214                _raise_r
 .text.raise    0x0201f274       0x14 C:/devkitPro/devkitARM/bin/../lib/gcc/arm-none-eabi/15.1.0/../../../../arm-none-eabi/lib/thumb\libg.a(libc_a-signal.o)
                0x0201f274                raise
 .text._exit    0x0201f288       0x14 C:/devkitPro/devkitARM/bin/../lib/gcc/arm-none-eabi/15.1.0/../../../../arm-none-eabi/lib/thumb\libsysbase.a(libsysbase_libsysbase_a-_exit.o)
                0x0201f288                _exit
 .text.chdir    0x0201f29c       0xe4 C:/devkitPro/devkitARM/bin/../lib/gcc/arm-none-eabi/15.1.0/../../../../arm-none-eabi/lib/thumb\libsysbase.a(libsysbase_libsysbase_a-chdir.o)
                0x0201f29c                chdir
 .text._concatenate_path
                0x0201f380      0x134 C:/devkitPro/devkitARM/bin/../lib/gcc/arm-none-eabi/15.1.0/../../../../arm-none-eabi/lib/thumb\libsysbase.a(libsysbase_libsysbase_a-concatenate.o)
                0x0201f380                _concatenate_path
 .text.__dirnext
                0x0201f4b4       0x4c C:/devkitPro/devkitARM/bin/../lib/gcc/arm-none-eabi/15.1.0/../../../../arm-none-eabi/lib/thumb\libsysbase.a(libsysbase_libsysbase_a-dirent.o)
 .text.__dirreset.isra.0
                0x0201f500       0x44 C:/devkitPro/devkitARM/bin/../lib/gcc/arm-none-eabi/15.1.0/../../../../arm-none-eabi/lib/thumb\libsysbase.a(libsysbase_libsysbase_a-dirent.o)
 .text.opendir  0x0201f544       0xc0 C:/devkitPro/devkitARM/bin/../lib/gcc/arm-none-eabi/15.1.0/../../../../arm-none-eabi/lib/thumb\libsysbase.a(libsysbase_libsysbase_a-dirent.o)
                0x0201f544                opendir
 .text.closedir
                0x0201f604       0x70 C:/devkitPro/devkitARM/bin/../lib/gcc/arm-none-eabi/15.1.0/../../../../arm-none-eabi/lib/thumb\libsysbase.a(libsysbase_libsysbase_a-dirent.o)
                0x0201f604                closedir
 .text.readdir_r
                0x0201f674       0x8c C:/devkitPro/devkitARM/bin/../lib/gcc/arm-none-eabi/15.1.0/../../../../arm-none-eabi/lib/thumb\libsysbase.a(libsysbase_libsysbase_a-dirent.o)
                0x0201f674                readdir_r
 .text.readdir  0x0201f700       0x28 C:/devkitPro/devkitARM/bin/../lib/gcc/arm-none-eabi/15.1.0/../../../../arm-none-eabi/lib/thumb\libsysbase.a(libsysbase_libsysbase_a-dirent.o)
                0x0201f700                readdir
 .text.rewinddir
                0x0201f728       0x18 C:/devkitPro/devkitARM/bin/../lib/gcc/arm-none-eabi/15.1.0/../../../../arm-none-eabi/lib/thumb\libsysbase.a(libsysbase_libsysbase_a-dirent.o)
                0x0201f728                rewinddir
 .text._fstat_r
                0x0201f740       0x5c C:/devkitPro/devkitARM/bin/../lib/gcc/arm-none-eabi/15.1.0/../../../../arm-none-eabi/lib/thumb\libsysbase.a(libsysbase_libsysbase_a-fstat.o)
                0x0201f740                _fstat_r
 .text._getpid_r
                0x0201f79c        0xc C:/devkitPro/devkitARM/bin/../lib/gcc/arm-none-eabi/15.1.0/../../../../arm-none-eabi/lib/thumb\libsysbase.a(libsysbase_libsysbase_a-getpid.o)
                0x0201f79c                _getpid_r
 .text.__getreent
                0x0201f7a8       0x20 C:/devkitPro/devkitARM/bin/../lib/gcc/arm-none-eabi/15.1.0/../../../../arm-none-eabi/lib/thumb\libsysbase.a(libsysbase_libsysbase_a-getreent.o)
                0x0201f7a8                __getreent
 .text._gettimeofday_r
                0x0201f7c8       0x20 C:/devkitPro/devkitARM/bin/../lib/gcc/arm-none-eabi/15.1.0/../../../../arm-none-eabi/lib/thumb\libsysbase.a(libsysbase_libsysbase_a-gettod.o)
                0x0201f7c8                _gettimeofday_r
 .text.__release_handle
                0x0201f7e8       0x6c C:/devkitPro/devkitARM/bin/../lib/gcc/arm-none-eabi/15.1.0/../../../../arm-none-eabi/lib/thumb\libsysbase.a(libsysbase_libsysbase_a-handle_manager.o)
                0x0201f7e8                __release_handle
 .text.__alloc_handle
                0x0201f854       0x7c C:/devkitPro/devkitARM/bin/../lib/gcc/arm-none-eabi/15.1.0/../../../../arm-none-eabi/lib/thumb\libsysbase.a(libsysbase_libsysbase_a-handle_manager.o)
                0x0201f854                __alloc_handle
 .text.__get_handle
                0x0201f8d0       0x34 C:/devkitPro/devkitARM/bin/../lib/gcc/arm-none-eabi/15.1.0/../../../../arm-none-eabi/lib/thumb\libsysbase.a(libsysbase_libsysbase_a-handle_manager.o)
                0x0201f8d0                __get_handle
 .text._close_r
                0x0201f904       0xb0 C:/devkitPro/devkitARM/bin/../lib/gcc/arm-none-eabi/15.1.0/../../../../arm-none-eabi/lib/thumb\libsysbase.a(libsysbase_libsysbase_a-handle_manager.o)
                0x0201f904                _close_r
 .text.null_write
                0x0201f9b4        0x4 C:/devkitPro/devkitARM/bin/../lib/gcc/arm-none-eabi/15.1.0/../../../../arm-none-eabi/lib/thumb\libsysbase.a(libsysbase_libsysbase_a-iosupport.o)
 .text.setDefaultDevice
                0x0201f9b8       0x10 C:/devkitPro/devkitARM/bin/../lib/gcc/arm-none-eabi/15.1.0/../../../../arm-none-eabi/lib/thumb\libsysbase.a(libsysbase_libsysbase_a-iosupport.o)