Archive member included to satisfy reference by file (symbol)

C:/devkitPro/libnds/lib\libfat.a(fat_wrappers.o)
                              main.o (fatInitDefault)
C:/devkitPro/libnds/lib\libfat.a(dvm_calico.o)
                              C:/devkitPro/libnds/lib\libfat.a(fat_wrappers.o) (dvmInit)
C:/devkitPro/libnds/lib\libfat.a(dvm_disc.o)
                              C:/devkitPro/libnds/lib\libfat.a(fat_wrappers.o) (dvmDiscCreate)
C:/devkitPro/libnds/lib\libfat.a(dvm_cache.o)
                              C:/devkitPro/libnds/lib\libfat.a(fat_wrappers.o) (dvmDiscCacheCreate)
C:/devkitPro/libnds/lib\libfat.a(dvm_volume.o)
                              C:/devkitPro/libnds/lib\libfat.a(fat_wrappers.o) (dvmMountVolume)
C:/devkitPro/libnds/lib\libfat.a(dvm_prober.o)
                              C:/devkitPro/libnds/lib\libfat.a(dvm_calico.o) (dvmProbeMountDisc)
C:/devkitPro/libnds/lib\libfat.a(fat_driver.o)
                              C:/devkitPro/libnds/lib\libfat.a(dvm_volume.o) (g_vfatFsDriver)
C:/devkitPro/libnds/lib\libfat.a(ff.o)
                              C:/devkitPro/libnds/lib\libfat.a(fat_driver.o) (f_mount)
C:/devkitPro/libnds/lib\libfat.a(ffunicode.o)
                              C:/devkitPro/libnds/lib\libfat.a(ff.o) (ff_uni2oem)
C:/devkitPro/libnds/lib\libnds9.a(background.o)
                              main.o (bgInit_call)
C:/devkitPro/libnds/lib\libnds9.a(console.o)
                              main.o (consoleInit)
C:/devkitPro/libnds/lib\libnds9.a(decompress.o)
                              main.o (decompress)
C:/devkitPro/libnds/lib\libnds9.a(exceptionDefault.o)
                              main.o (defaultExceptionHandler)
C:/devkitPro/libnds/lib\libnds9.a(gurumeditation.o)
                              C:/devkitPro/libnds/lib\libnds9.a(exceptionDefault.o) (guruMeditationDump)
C:/devkitPro/libnds/lib\libnds9.a(keys.o)
                              main.o (scanKeys)
C:/devkitPro/libnds/lib\libnds9.a(sprite_alloc.o)
                              main.o (oamAllocateGfx)
C:/devkitPro/libnds/lib\libnds9.a(sprite.o)
                              main.o (oamInit)
C:/devkitPro/libnds/lib\libnds9.a(trig.o)
                              C:/devkitPro/libnds/lib\libnds9.a(background.o) (sinLerp)
C:/devkitPro/libnds/lib\libnds9.a(exceptionEntry.o)
                              C:/devkitPro/libnds/lib\libnds9.a(exceptionDefault.o) (__libnds_excpt)
C:/devkitPro/libnds/lib\libnds9.a(default_font.bin.o)
                              C:/devkitPro/libnds/lib\libnds9.a(console.o) (default_font_bin)
C:/devkitPro/calico/lib\libcalico_ds9.a(thread_cold.o)
                              main.o (threadIrqWait)
C:/devkitPro/calico/lib\libcalico_ds9.a(thread_hot.32.o)
                              C:/devkitPro/libnds/lib\libnds9.a(exceptionDefault.o) (__sched_state)
C:/devkitPro/calico/lib\libcalico_ds9.a(dietprint.o)
                              C:/devkitPro/libnds/lib\libnds9.a(exceptionDefault.o) (g_dietPrintFn)
C:/devkitPro/calico/lib\libcalico_ds9.a(newlib_syscalls.o)
                              C:/devkitPro/libnds/lib\libfat.a(fat_driver.o) (__errno)
C:/devkitPro/calico/lib\libcalico_ds9.a(arm-copy-fill.32.o)
                              C:/devkitPro/libnds/lib\libfat.a(dvm_calico.o) (armCopyMem32)
C:/devkitPro/calico/lib\libcalico_ds9.a(arm-context.32.o)
                              C:/devkitPro/calico/lib\libcalico_ds9.a(thread_cold.o) (armContextSave)
C:/devkitPro/calico/lib\libcalico_ds9.a(arm-shims.32.o)
                              C:/devkitPro/calico/lib\libcalico_ds9.a(thread_cold.o) (armWaitForIrq)
C:/devkitPro/calico/lib\libcalico_ds9.a(arm-cache.32.o)
                              main.o (armDCacheFlush)
C:/devkitPro/calico/lib\libcalico_ds9.a(startup.crt0.o)
                              C:/devkitPro/libnds/lib\libfat.a(dvm_calico.o) (g_isTwlMode)
C:/devkitPro/calico/lib\libcalico_ds9.a(utils.crt0.o)
                              C:/devkitPro/calico/lib\libcalico_ds9.a(startup.crt0.o) (crt0CopyMem32)
C:/devkitPro/calico/lib\libcalico_ds9.a(bios.o)
                              C:/devkitPro/libnds/lib\libnds9.a(decompress.o) (svcLZ77UncompWram)
C:/devkitPro/calico/lib\libcalico_ds9.a(pxi.o)
                              C:/devkitPro/calico/lib\libcalico_ds9.a(startup.crt0.o) (_pxiInit)
C:/devkitPro/calico/lib\libcalico_ds9.a(keypad.o)
                              C:/devkitPro/libnds/lib\libnds9.a(keys.o) (keypadGetState)
C:/devkitPro/calico/lib\libcalico_ds9.a(pm.o)
                              main.o (pmMainLoop)
C:/devkitPro/calico/lib\libcalico_ds9.a(bootstub_arm9.o)
                              (__ds9_bootstub)
C:/devkitPro/calico/lib\libcalico_ds9.a(mpu_setup.crt0.o)
                              C:/devkitPro/calico/lib\libcalico_ds9.a(startup.crt0.o) (crt0SetupMPU)
C:/devkitPro/calico/lib\libcalico_ds9.a(sys_startup.o)
                              C:/devkitPro/calico/lib\libcalico_ds9.a(startup.crt0.o) (systemStartup)
[...]
Memory Configuration

Name             Origin             Length             Attributes
lma9             0x02004000         0x0027c000
lma9i            0x02400000         0x00280000
vectors          0x00000000         0x00000020
itcm             0x01ff8020         0x00007fe0
main             0x02001000         0x00f7f000
dtcm             0x02ff0000         0x00003e80
dldi             0x0380b000         0x00004000
stub             0x0e000000         0x00004000
tls              0x00000000         0x00000400
*default*        0x00000000         0xffffffff

Linker script and memory map

                0x00000000                        __sync_synchronize = __sync_synchronize_none
LOAD C:/devkitPro/devkitARM/bin/../lib/gcc/arm-none-eabi/15.1.0/thumb/crti.o
LOAD C:/devkitPro/devkitARM/bin/../lib/gcc/arm-none-eabi/15.1.0/thumb/crtbegin.o
LOAD GFXconsoleInput.o
LOAD GFXinput.o
LOAD GFXnewImageInput.o
LOAD GFXselector16.o
LOAD GFXselector24.o
LOAD avdslib.o
LOAD formats.o
LOAD main.o
LOAD drawSurfaceBottom16x.o
LOAD drawSurfaceBottom2x.o
LOAD drawSurfaceBottom32x.o
LOAD drawSurfaceBottom4x.o
LOAD drawSurfaceBottom8x.o
LOAD header.o
LOAD memcpy_fast_arm9.o
LOAD C:/devkitPro/libnds/lib\libfat.a
LOAD C:/devkitPro/libnds/lib\libnds9.a
LOAD C:/devkitPro/calico/lib\libcalico_ds9.a
LOAD C:/devkitPro/devkitARM/bin/../lib/gcc/arm-none-eabi/15.1.0/../../../../arm-none-eabi/lib/thumb\libstdc++.a
LOAD C:/devkitPro/devkitARM/bin/../lib/gcc/arm-none-eabi/15.1.0/../../../../arm-none-eabi/lib/thumb\libm.a
START GROUP
LOAD C:/devkitPro/devkitARM/bin/../lib/gcc/arm-none-eabi/15.1.0/thumb\libgcc.a
LOAD C:/devkitPro/devkitARM/bin/../lib/gcc/arm-none-eabi/15.1.0/../../../../arm-none-eabi/lib/thumb\libg.a
LOAD C:/devkitPro/devkitARM/bin/../lib/gcc/arm-none-eabi/15.1.0/../../../../arm-none-eabi/lib/thumb\libc.a
LOAD C:/devkitPro/devkitARM/bin/../lib/gcc/arm-none-eabi/15.1.0/../../../../arm-none-eabi/lib/thumb\libsysbase.a
END GROUP
LOAD C:/devkitPro/devkitARM/bin/../lib/gcc/arm-none-eabi/15.1.0/thumb/crtend.o
LOAD C:/devkitPro/devkitARM/bin/../lib/gcc/arm-none-eabi/15.1.0/thumb/crtn.o
                0x02ff3e80                        PROVIDE (__sp_usr = (ORIGIN (dtcm) + LENGTH (dtcm)))
                0x02ff3f80                        PROVIDE (__sp_irq = (__sp_usr + 0x100))
                0x02ff3fc0                        PROVIDE (__sp_svc = (__sp_irq + 0x40))
                0x02ff3ff8                        PROVIDE (__irq_flags = (__sp_svc + 0x38))
                [!provide]                        PROVIDE (__irq_vector = (__sp_svc + 0x3c))
                [!provide]                        PROVIDE (__arm_excpt_rst = 0xffff0000)
                [!provide]                        PROVIDE (__arm_excpt_und = 0xffff0004)
                0xffff0008                        PROVIDE (__arm_excpt_svc = 0xffff0008)
                [!provide]                        PROVIDE (__arm_excpt_pabt = 0xffff000c)
                [!provide]                        PROVIDE (__arm_excpt_dabt = 0xffff0010)
                [!provide]                        PROVIDE (__arm_excpt_irq = 0xffff0018)
                [!provide]                        PROVIDE (__arm_excpt_fiq = 0xffff001c)
                0x00000000                        PROVIDE (__end__ = 0x0)

.secure         0x0e000000      0x800 load address 0x02004000
                0x0e0007fc                        . = (. + 0x7fc)
 *fill*         0x0e000000      0x7fc 00000000
                0x0e0007fc        0x4 LONG 0x0

.bootstub       0x0e000800      0x198 load address 0x02004800
 *(.bootstub .bootstub.*)
 .bootstub.__ds9_bootstub
                0x0e000800      0x198 C:/devkitPro/calico/lib\libcalico_ds9.a(bootstub_arm9.o)
                0x0e000800                __ds9_bootstub
                0x0e000998                        . = ALIGN (0x4)

.crt0           0x02001000      0x3c0 load address 0x02004998
 *(.crt0 .crt0.*)
 .crt0.__ds9_bootstub_trampoline
                0x02001000       0x60 C:/devkitPro/calico/lib\libcalico_ds9.a(bootstub_arm9.o)
 *.crt0.*(.text .stub .text.* .gnu.linkonce.t.*)
 .text.crt0ProcessLoadList
                0x02001060       0x74 C:/devkitPro/calico/lib\libcalico_ds9.a(startup.crt0.o)
                0x02001060                crt0ProcessLoadList
 .text.crt0Startup
                0x020010d4      0x180 C:/devkitPro/calico/lib\libcalico_ds9.a(startup.crt0.o)
                0x020010d4                crt0Startup
 .text.crt0CopyMem32
                0x02001254       0x4c C:/devkitPro/calico/lib\libcalico_ds9.a(utils.crt0.o)
                0x02001254                crt0CopyMem32
 .text.crt0FillMem32
                0x020012a0       0x58 C:/devkitPro/calico/lib\libcalico_ds9.a(utils.crt0.o)
                0x020012a0                crt0FillMem32
 .text.crt0SetupMPU
                0x020012f8       0xb4 C:/devkitPro/calico/lib\libcalico_ds9.a(mpu_setup.crt0.o)
                0x020012f8                crt0SetupMPU
 *.crt0.*(.glue_7t .glue_7 .vfp11_veneer .v4_bx)
 *.crt0.*(.rodata .rodata.* .gnu.linkonce.r.*)
 *.crt0.*(.rodata1)
                0x020013c0                        . = ALIGN (0x20)
 *fill*         0x020013ac       0x14 ff
                0x02004998                        PROVIDE (__crt0_lma = LOADADDR (.crt0))
                0x02001000                        PROVIDE (__crt0_start = ADDR (.crt0))
                0x020013c0                        PROVIDE (__crt0_end = (ADDR (.crt0) + SIZEOF (.crt0)))
                0x00000001                        ASSERT (((__crt0_end <= LOADADDR (.bootstub)) || (__crt0_start >= (LOADADDR (.bootstub) + SIZEOF (.bootstub)))), Error: crt0 section overlaps initial bootstrap)

.dldi           0x0380b000     0x4000 load address 0x02004d58
 *(.dldi)
 .dldi          0x0380b000     0x4000 C:/devkitPro/calico/lib\libcalico_ds9.a(dldi_stub.o)
                0x0380b000                __dldi_start
                0x02004d58                        PROVIDE (__dldi_lma = SIZEOF (.dldi)?LOADADDR (.dldi):0x0)

.vectors        0x00000000       0x20 load address 0x02008d58
 *(.vectors)
 .vectors       0x00000000       0x20 C:/devkitPro/calico/lib\libcalico_ds9.a(bootstub_arm9.o)

.itcm           0x01ff8020      0x700 load address 0x02008d78
 *(.itcm .itcm.*)
 .itcm          0x01ff8020       0x30 C:/devkitPro/calico/lib\libcalico_ds9.a(bootstub_arm9.o)
                0x01ff8038                __excpt_vectors
 *.itcm.*(.text .stub .text.* .gnu.linkonce.t.*)
 *.32.o(.text .stub .text.* .gnu.linkonce.t.*)
 .text.threadReschedule
                0x01ff8050       0x88 C:/devkitPro/calico/lib\libcalico_ds9.a(thread_hot.32.o)
 .text.threadBlock
                0x01ff80d8       0xd8 C:/devkitPro/calico/lib\libcalico_ds9.a(thread_hot.32.o)
                0x01ff80d8                threadBlock
 .text.threadUnblockOneByValue
                0x01ff81b0       0xc0 C:/devkitPro/calico/lib\libcalico_ds9.a(thread_hot.32.o)
                0x01ff81b0                threadUnblockOneByValue
 .text.threadUnblockAllByValue
                0x01ff8270      0x130 C:/devkitPro/calico/lib\libcalico_ds9.a(thread_hot.32.o)
                0x01ff8270                threadUnblockAllByValue
 .text.threadUnblockAllByMask
                0x01ff83a0      0x134 C:/devkitPro/calico/lib\libcalico_ds9.a(thread_hot.32.o)
                0x01ff83a0                threadUnblockAllByMask
 .text.armCopyMem32
                0x01ff84d4       0x4c C:/devkitPro/calico/lib\libcalico_ds9.a(arm-copy-fill.32.o)
                0x01ff84d4                armCopyMem32
 .text.armContextSave
                0x01ff8520       0x2c C:/devkitPro/calico/lib\libcalico_ds9.a(arm-context.32.o)
                0x01ff8520                armContextSave
 .text.armContextLoad
                0x01ff854c       0x20 C:/devkitPro/calico/lib\libcalico_ds9.a(arm-context.32.o)
                0x01ff854c                armContextLoad
                0x01ff8550                armContextLoadFromSvc
 .text.armWaitForIrq
                0x01ff856c        0x8 C:/devkitPro/calico/lib\libcalico_ds9.a(arm-shims.32.o)
                0x01ff856c                armWaitForIrq
 .text.armDrainWriteBuffer
                0x01ff8574        0xc C:/devkitPro/calico/lib\libcalico_ds9.a(arm-cache.32.o)
                0x01ff8574                armDrainWriteBuffer
 .text.armDCacheFlushAll
                0x01ff8580       0x28 C:/devkitPro/calico/lib\libcalico_ds9.a(arm-cache.32.o)
                0x01ff8580                armDCacheFlushAll
 .text.armDCacheFlush
                0x01ff85a8       0x1c C:/devkitPro/calico/lib\libcalico_ds9.a(arm-cache.32.o)
                0x01ff85a8                armDCacheFlush
 .text.armDCacheInvalidate
                0x01ff85c4       0x1c C:/devkitPro/calico/lib\libcalico_ds9.a(arm-cache.32.o)
                0x01ff85c4                armDCacheInvalidate
 .text.armICacheInvalidateAll
                0x01ff85e0        0xc C:/devkitPro/calico/lib\libcalico_ds9.a(arm-cache.32.o)
                0x01ff85e0                armICacheInvalidateAll
 .text.__excpt_entry
                0x01ff85ec       0x50 C:/devkitPro/calico/lib\libcalico_ds9.a(excpt_handler.32.o)
                0x01ff85ec                __arm_excpt_rst
                0x01ff85f0                __arm_excpt_pabt
                0x01ff85f4                __arm_excpt_und
                0x01ff8600                __arm_excpt_dabt
 .text.__arm_excpt_irq
                0x01ff863c       0xe4 C:/devkitPro/calico/lib\libcalico_ds9.a(irq_handler.32.o)
                0x01ff863c                __arm_excpt_irq
 *.itcm.*(.glue_7t .glue_7 .vfp11_veneer .v4_bx)
 *.32.o(.glue_7t .glue_7 .vfp11_veneer .v4_bx)
 *.itcm.*(.rodata .rodata.* .gnu.linkonce.r.*)
 *.32.o(.rodata .rodata.* .gnu.linkonce.r.*)
 *.itcm.*(.rodata1)
 *.32.o(.rodata1)
                0x01ff8720                        . = ALIGN (0x4)
                0x02008d58                        PROVIDE (__itcm_lma = LOADADDR (.vectors))
                0x01ff8000                        PROVIDE (__itcm_start = (ADDR (.itcm) - SIZEOF (.vectors)))
                0x01ff8720                        PROVIDE (__itcm_end = (ADDR (.itcm) + SIZEOF (.itcm)))
                0x00000001                        ASSERT (((__itcm_lma + SIZEOF (.vectors)) == LOADADDR (.itcm)), Error: gap between vectors and itcm)

.dtcm           0x02ff0000        0x0 load address 0x02009478
 *(.dtcm .dtcm.*)
 *.32.o(.data .data.* .gnu.linkonce.d.*)
 *.32.o(.data1)
                0x02ff0000                        . = ALIGN (0x4)
                [!provide]                        PROVIDE (__dtcm_lma = LOADADDR (.dtcm))
                0x02ff0000                        PROVIDE (__dtcm_start = ADDR (.dtcm))
                0x02ff0000                        PROVIDE (__dtcm_end = (ADDR (.dtcm) + SIZEOF (.dtcm)))

.dtcm.bss       0x02ff0000       0x98 load address 0x02009478
 *(.sbss .sbss.*)
 *.32.o(.dynbss)
 *.32.o(.bss .bss.* .gnu.linkonce.b.*)
 .bss.__irq_table
                0x02ff0000       0x80 C:/devkitPro/calico/lib\libcalico_ds9.a(thread_hot.32.o)
                0x02ff0000                __irq_table
 .bss.__sched_state
                0x02ff0080       0x18 C:/devkitPro/calico/lib\libcalico_ds9.a(thread_hot.32.o)
                0x02ff0080                __sched_state
 *.32.o(COMMON)
                0x02ff0098                        . = ALIGN (0x4)
                [!provide]                        PROVIDE (__dtcm_bss_start = ADDR (.dtcm.bss))
                0x02ff0098                        PROVIDE (__dtcm_bss_end = (ADDR (.dtcm.bss) + SIZEOF (.dtcm.bss)))

.main           0x020013c0    0x3111c load address 0x02009478
 *(SORT_NONE(.init))
 .init          0x020013c0        0x4 C:/devkitPro/devkitARM/bin/../lib/gcc/arm-none-eabi/15.1.0/thumb/crti.o
                0x020013c0                _init
 .init          0x020013c4        0x8 C:/devkitPro/devkitARM/bin/../lib/gcc/arm-none-eabi/15.1.0/thumb/crtn.o
 EXCLUDE_FILE(*.twl.*) *(.text.unlikely .text.*_unlikely .text.unlikely.*)
 EXCLUDE_FILE(*.twl.*) *(.text.exit .text.exit.*)
 .text.exit     0x020013cc       0x24 C:/devkitPro/devkitARM/bin/../lib/gcc/arm-none-eabi/15.1.0/../../../../arm-none-eabi/lib/thumb\libg.a(libc_a-exit.o)
                0x020013cc                exit
 EXCLUDE_FILE(*.twl.*) *(.text.startup .text.startup.*)
 .text.startup.main
                0x020013f0     0x10d0 main.o
                0x020013f0                main
 EXCLUDE_FILE(*.twl.*) *(.text.hot .text.hot.*)
 EXCLUDE_FILE(*.twl.*) *(.text .iplt .stub .text.* .gnu.linkonce.t.*)
 .text.__do_global_dtors_aux
                0x020024c0       0x2c C:/devkitPro/devkitARM/bin/../lib/gcc/arm-none-eabi/15.1.0/thumb/crtbegin.o
 .text.frame_dummy
                0x020024ec       0x24 C:/devkitPro/devkitARM/bin/../lib/gcc/arm-none-eabi/15.1.0/thumb/crtbegin.o
 .iplt          0x02002510        0x0 C:/devkitPro/devkitARM/bin/../lib/gcc/arm-none-eabi/15.1.0/thumb/crtbegin.o
 .text._Z6AVARGBiiii
                0x02002510       0x24 avdslib.o
                0x02002510                AVARGB(int, int, int, int)
 .text._Z13AVinvertColort
                0x02002534       0x10 avdslib.o
                0x02002534                AVinvertColor(unsigned short)
 .text._Z9AVfillDMAPtiit
                0x02002544       0x44 avdslib.o
                0x02002544                AVfillDMA(unsigned short*, int, int, unsigned short)
 .text._Z15AVdrawRectanglePtiiiit
                0x02002588       0x9c avdslib.o
                0x02002588                AVdrawRectangle(unsigned short*, int, int, int, int, unsigned short)
 .text._Z18AVdrawRectangleDMAPtiiiiti
                0x02002624       0x84 avdslib.o
                0x02002624                AVdrawRectangleDMA(unsigned short*, int, int, int, int, unsigned short, int)
 .text._Z21AVdrawRectangleHollowPtiiiit
                0x020026a8       0x9c avdslib.o
                0x020026a8                AVdrawRectangleHollow(unsigned short*, int, int, int, int, unsigned short)
 .text._Z11AVdrawVlinePtiiit
                0x02002744       0x24 avdslib.o
                0x02002744                AVdrawVline(unsigned short*, int, int, int, unsigned short)
 .text._Z11AVdrawHlinePtiiit
                0x02002768       0x24 avdslib.o
                0x02002768                AVdrawHline(unsigned short*, int, int, int, unsigned short)
 .text._Z9importNESPKcPt
                0x0200278c      0x108 formats.o
                0x0200278c                importNES(char const*, unsigned short*)
 .text._Z9exportNESPKcPti
                0x02002894       0xf8 formats.o
                0x02002894                exportNES(char const*, unsigned short*, int)
 .text._Z9importGBCPKcPt
                0x0200298c       0xd8 formats.o
                0x0200298c                importGBC(char const*, unsigned short*)
 .text._Z9exportGBCPKcPti
                0x02002a64       0xcc formats.o
                0x02002a64                exportGBC(char const*, unsigned short*, int)
 .text._Z10importSNESPKcPt
                0x02002b30      0x15c formats.o
                0x02002b30                importSNES(char const*, unsigned short*)
 .text._Z10exportSNESPKcPti
                0x02002c8c      0x15c formats.o
                0x02002c8c                exportSNES(char const*, unsigned short*, int)
 .text._Z9importGBAPKcPt
                0x02002de8       0xcc formats.o
                0x02002de8                importGBA(char const*, unsigned short*)
 .text._Z9exportGBAPKcPti
                0x02002eb4       0xa8 formats.o
                0x02002eb4                exportGBA(char const*, unsigned short*, int)
 .text._Z9importPalPKc
                0x02002f5c       0xbc formats.o
                0x02002f5c                importPal(char const*)
 .text._Z9exportPalPKc
                0x02003018       0x94 formats.o
                0x02003018                exportPal(char const*)
 .text._Z9importPCXPKcPt
                0x020030ac      0x1d4 formats.o
                0x020030ac                importPCX(char const*, unsigned short*)
 .text._Z9exportPCXPKcPtii
                0x02003280      0x194 formats.o
                0x02003280                exportPCX(char const*, unsigned short*, int, int)
 .text._Z14writeBmpHeaderP7__sFILE
                0x02003414       0x94 formats.o
                0x02003414                writeBmpHeader(__sFILE*)
 .text._Z7saveBMPPKcPtS1_
                0x020034a8       0x8c formats.o
                0x020034a8                saveBMP(char const*, unsigned short*, unsigned short*)
 .text._Z15saveBMP_indexedPKcPtS1_
                0x02003534      0x154 formats.o
                0x02003534                saveBMP_indexed(char const*, unsigned short*, unsigned short*)
 .text._Z15loadBMP_indexedPKcPtS1_
                0x02003688      0x130 formats.o
                0x02003688                loadBMP_indexed(char const*, unsigned short*, unsigned short*)
 .text._Z12saveBMP_4bppPKcPtS1_
                0x020037b8      0x1a8 formats.o
                0x020037b8                saveBMP_4bpp(char const*, unsigned short*, unsigned short*)
 .text._Z12loadBMP_4bppPKcPtS1_
                0x02003960      0x1b0 formats.o
                0x02003960                loadBMP_4bpp(char const*, unsigned short*, unsigned short*)
 .text._Z9importGIFPKcPt
                0x02003b10      0x1a8 formats.o
                0x02003b10                importGIF(char const*, unsigned short*)
 .text._Z9exportGIFPKcPtii
                0x02003cb8      0x1b0 formats.o
                0x02003cb8                exportGIF(char const*, unsigned short*, int, int)
 .text._Z9importTGAPKcPt
                0x02003e68      0x130 formats.o
                0x02003e68                importTGA(char const*, unsigned short*)
 .text._Z9exportTGAPKcPtii
                0x02003f98      0x12c formats.o
                0x02003f98                exportTGA(char const*, unsigned short*, int, int)
 .text._Z9listFilesv.part.0
                0x020040c4      0x208 main.o
 .text._Z8textModev.part.0
                0x020042cc       0x50 main.o
 .text._Z11enterFolderi
                0x0200431c       0x84 main.o
                0x0200431c                enterFolder(int)
 .text._Z6goBackv
                0x020043a0       0x58 main.o
                0x020043a0                goBack()
 .text._Z9listFilesv
                0x020043f8       0x24 main.o
                0x020043f8                listFiles()
 .text._Z10submitVRAMv
                0x0200441c       0xec main.o
                0x0200441c                submitVRAM()
 .text._Z15drawSurfaceMainb
                0x02004508      0x110 main.o
                0x02004508                drawSurfaceMain(bool)
 .text._Z17drawSurfaceBottomv
                0x02004618      0x17c main.o
                0x02004618                drawSurfaceBottom()
 .text._Z16drawColorPalettev
                0x02004794       0x5c main.o
                0x02004794                drawColorPalette()
 .text._Z14drawNesPalettev
                0x020047f0       0x5c main.o
                0x020047f0                drawNesPalette()
 .text._Z9updatePaliPi
                0x0200484c      0x168 main.o
                0x0200484c                updatePal(int, int*)
 .text._Z14clearTopBitmapv
                0x020049b4       0xb8 main.o
                0x020049b4                clearTopBitmap()
 .text._Z10initBitmapv
                0x02004a6c      0x1f8 main.o
                0x02004a6c                initBitmap()
 .text._Z16setEditorSpritesv
                0x02004c64       0x48 main.o
                0x02004c64                setEditorSprites()
 .text._Z19getActionsFromTouchi
                0x02004cac       0x40 main.o
                0x02004cac                getActionsFromTouch(int)
 .text._Z12applyActionsi
                0x02004cec      0x128 main.o
                0x02004cec                applyActions(int)
 .text._Z9handleKeyc
                0x02004e14       0x78 main.o
                0x02004e14                handleKey(char)
 .text._Z9floodFillPtiittii
                0x02004e8c       0xd0 main.o
                0x02004e8c                floodFill(unsigned short*, int, int, unsigned short, unsigned short, int, int)
 .text._Z9applyTooliib
                0x02004f5c      0x270 main.o
                0x02004f5c                applyTool(int, int, bool)
 .text._Z22copyFromSurfaceToStackiiii
                0x020051cc       0x68 main.o
                0x020051cc                copyFromSurfaceToStack(int, int, int, int)
 .text._Z21cutFromSurfaceToStackiiii
                0x02005234       0xc4 main.o
                0x02005234                cutFromSurfaceToStack(int, int, int, int)
 .text._Z23pasteFromStackToSurfaceii
                0x020052f8       0x8c main.o
                0x020052f8                pasteFromStackToSurface(int, int)
 .text._Z5flipHv
                0x02005384      0x104 main.o
                0x02005384                flipH()
 .text._Z5flipVv
                0x02005488       0xfc main.o
                0x02005488                flipV()
 .text._Z7scaleUpv
                0x02005584      0x144 main.o
                0x02005584                scaleUp()
 .text._Z9scaleDownv
                0x020056c8       0xc4 main.o
                0x020056c8                scaleDown()
 .text._Z14rotatePositivev
                0x0200578c       0xe0 main.o
                0x0200578c                rotatePositive()
 .text._Z14rotateNegativev
                0x0200586c       0xe8 main.o
                0x0200586c                rotateNegative()
 .text._Z18setBackupVariablesv
                0x02005954       0x4c main.o
                0x02005954                setBackupVariables()
 .text._Z11backupWritev
                0x020059a0       0x6c main.o
                0x020059a0                backupWrite()
 .text._Z10backupReadv
                0x02005a0c       0x58 main.o
                0x02005a0c                backupRead()
 .text._Z7initFPSv
                0x02005a64       0x24 main.o
                0x02005a64                initFPS()
 .text          0x02005a88       0xa8 drawSurfaceBottom16x.o
                0x02005a88                drawSurfaceBottom16x
 .text          0x02005b30       0x60 drawSurfaceBottom2x.o
                0x02005b30                drawSurfaceBottom2x
 .text          0x02005b90       0xe8 drawSurfaceBottom32x.o
                0x02005b90                drawSurfaceBottom32x
 .text          0x02005c78       0x78 drawSurfaceBottom4x.o
                0x02005c78                drawSurfaceBottom4x
 .text          0x02005cf0       0x88 drawSurfaceBottom8x.o
                0x02005cf0                drawSurfaceBottom8x
 .text          0x02005d78       0x60 memcpy_fast_arm9.o
                0x02005d78                memcpy_fast_arm9
 .text.fatInitDefault
                0x02005dd8       0x20 C:/devkitPro/libnds/lib\libfat.a(fat_wrappers.o)
                0x02005dd8                fatInitDefault
 .text._dvmDiscCalicoDummy
                0x02005df8        0x4 C:/devkitPro/libnds/lib\libfat.a(dvm_calico.o)
 .text._dvmDiscCalicoWriteSectors
                0x02005dfc        0x8 C:/devkitPro/libnds/lib\libfat.a(dvm_calico.o)
 .text._dvmDiscCalicoReadSectors
                0x02005e04        0x8 C:/devkitPro/libnds/lib\libfat.a(dvm_calico.o)
 .text._dvmIsAlignedAccess
                0x02005e0c       0x30 C:/devkitPro/libnds/lib\libfat.a(dvm_calico.o)
                0x02005e0c                _dvmIsAlignedAccess
 .text._dvmCacheCopy
                0x02005e3c       0x14 C:/devkitPro/libnds/lib\libfat.a(dvm_calico.o)
                0x02005e3c                _dvmCacheCopy
 .text.dvmInit  0x02005e50      0x268 C:/devkitPro/libnds/lib\libfat.a(dvm_calico.o)
                0x02005e50                dvmInit
 .text.dvmDiscAddUser
                0x020060b8       0x10 C:/devkitPro/libnds/lib\libfat.a(dvm_disc.o)
                0x020060b8                dvmDiscAddUser
 .text.dvmDiscRemoveUser
                0x020060c8       0x28 C:/devkitPro/libnds/lib\libfat.a(dvm_disc.o)
                0x020060c8                dvmDiscRemoveUser
 .text._dvmDiscCacheReadWrite
                0x020060f0      0x3ec C:/devkitPro/libnds/lib\libfat.a(dvm_cache.o)
 .text._dvmDiscCacheWriteSectors
                0x020064dc       0x58 C:/devkitPro/libnds/lib\libfat.a(dvm_cache.o)
 .text._dvmDiscCacheReadSectors
                0x02006534       0x58 C:/devkitPro/libnds/lib\libfat.a(dvm_cache.o)
 .text._dvmDiscCacheFlush
                0x0200658c       0xac C:/devkitPro/libnds/lib\libfat.a(dvm_cache.o)
 .text._dvmDiscCacheDestroy
                0x02006638       0x28 C:/devkitPro/libnds/lib\libfat.a(dvm_cache.o)
 .text.dvmDiscCacheCreate
                0x02006660      0x1a0 C:/devkitPro/libnds/lib\libfat.a(dvm_cache.o)
                0x02006660                dvmDiscCacheCreate
 .text.dvmMountVolume
                0x02006800      0x188 C:/devkitPro/libnds/lib\libfat.a(dvm_volume.o)
                0x02006800                dvmMountVolume
 .text._dvmSetAppWorkingDir
                0x02006988       0x74 C:/devkitPro/libnds/lib\libfat.a(dvm_volume.o)
                0x02006988                _dvmSetAppWorkingDir
 .text._dvmIdentMbrVbr
                0x020069fc      0x1d8 C:/devkitPro/libnds/lib\libfat.a(dvm_prober.o)
 .text._dvmReadPartitionTable
                0x02006bd4      0x204 C:/devkitPro/libnds/lib\libfat.a(dvm_prober.o)
 .text.dvmProbeMountDisc
                0x02006dd8       0xf0 C:/devkitPro/libnds/lib\libfat.a(dvm_prober.o)
                0x02006dd8                dvmProbeMountDisc
 .text._FAT_fstat_r
                0x02006ec8       0xac C:/devkitPro/libnds/lib\libfat.a(fat_driver.o)
 .text._FAT_umount
                0x02006f74       0x1c C:/devkitPro/libnds/lib\libfat.a(fat_driver.o)
 .text._FAT_mount
                0x02006f90       0x44 C:/devkitPro/libnds/lib\libfat.a(fat_driver.o)
 .text._FAT_seek_r
                0x02006fd4      0x13c C:/devkitPro/libnds/lib\libfat.a(fat_driver.o)
 .text._FAT_set_stat.isra.0
                0x02007110      0x10c C:/devkitPro/libnds/lib\libfat.a(fat_driver.o)
 .text._FAT_mkdir_r
                0x0200721c       0x64 C:/devkitPro/libnds/lib\libfat.a(fat_driver.o)
 .text._FAT_chdir_r
                0x02007280       0x64 C:/devkitPro/libnds/lib\libfat.a(fat_driver.o)
 .text._FAT_unlink_r
                0x020072e4       0x70 C:/devkitPro/libnds/lib\libfat.a(fat_driver.o)
 .text._FAT_rmdir_r
                0x02007354       0x6c C:/devkitPro/libnds/lib\libfat.a(fat_driver.o)
 .text._FAT_diropen_r
                0x020073c0       0x7c C:/devkitPro/libnds/lib\libfat.a(fat_driver.o)
 .text._FAT_fsync_r
                0x0200743c       0x64 C:/devkitPro/libnds/lib\libfat.a(fat_driver.o)
 .text._FAT_close_r
                0x020074a0       0x64 C:/devkitPro/libnds/lib\libfat.a(fat_driver.o)
 .text._FAT_dirclose_r
                0x02007504       0x64 C:/devkitPro/libnds/lib\libfat.a(fat_driver.o)
 .text._FAT_dirreset_r
                0x02007568       0x6c C:/devkitPro/libnds/lib\libfat.a(fat_driver.o)
 .text._FAT_rename_r
                0x020075d4       0x80 C:/devkitPro/libnds/lib\libfat.a(fat_driver.o)
 .text._FAT_stat_r
                0x02007654       0x98 C:/devkitPro/libnds/lib\libfat.a(fat_driver.o)
 .text._FAT_read_r
                0x020076ec       0x7c C:/devkitPro/libnds/lib\libfat.a(fat_driver.o)
 .text._FAT_write_r
                0x02007768       0x7c C:/devkitPro/libnds/lib\libfat.a(fat_driver.o)
 .text._FAT_statvfs_r
                0x020077e4       0xf0 C:/devkitPro/libnds/lib\libfat.a(fat_driver.o)
 .text._FAT_ftruncate_r
                0x020078d4      0x190 C:/devkitPro/libnds/lib\libfat.a(fat_driver.o)
 .text._FAT_dirnext_r
                0x02007a64      0x124 C:/devkitPro/libnds/lib\libfat.a(fat_driver.o)
 .text._FAT_open_r
                0x02007b88      0x124 C:/devkitPro/libnds/lib\libfat.a(fat_driver.o)
 .text.get_fattime
                0x02007cac       0x64 C:/devkitPro/libnds/lib\libfat.a(fat_driver.o)
                0x02007cac                get_fattime
 .text.ff_mutex_create
                0x02007d10       0x18 C:/devkitPro/libnds/lib\libfat.a(fat_driver.o)
                0x02007d10                ff_mutex_create
 .text.ff_mutex_delete
                0x02007d28        0x4 C:/devkitPro/libnds/lib\libfat.a(fat_driver.o)
                0x02007d28                ff_mutex_delete
 .text.ff_mutex_take
                0x02007d2c       0x14 C:/devkitPro/libnds/lib\libfat.a(fat_driver.o)
                0x02007d2c                ff_mutex_take
 .text.ff_mutex_give
                0x02007d40        0x8 C:/devkitPro/libnds/lib\libfat.a(fat_driver.o)
                0x02007d40                ff_mutex_give
 .text.disk_initialize
                0x02007d48       0x24 C:/devkitPro/libnds/lib\libfat.a(fat_driver.o)
                0x02007d48                disk_initialize
 .text.disk_status
                0x02007d6c       0x24 C:/devkitPro/libnds/lib\libfat.a(fat_driver.o)
                0x02007d6c                disk_status
 .text.disk_read
                0x02007d90       0x2c C:/devkitPro/libnds/lib\libfat.a(fat_driver.o)
                0x02007d90                disk_read
 .text.disk_write
                0x02007dbc       0x2c C:/devkitPro/libnds/lib\libfat.a(fat_driver.o)
                0x02007dbc                disk_write
 .text.disk_ioctl
                0x02007de8       0x38 C:/devkitPro/libnds/lib\libfat.a(fat_driver.o)
                0x02007de8                disk_ioctl
 .text.tchar2uni
                0x02007e20       0xfc C:/devkitPro/libnds/lib\libfat.a(ff.o)
 .text.sync_window
                0x02007f1c       0x90 C:/devkitPro/libnds/lib\libfat.a(ff.o)
 .text.put_utf  0x02007fac      0x130 C:/devkitPro/libnds/lib\libfat.a(ff.o)
 .text.dir_clear
                0x020080dc       0x9c C:/devkitPro/libnds/lib\libfat.a(ff.o)
 .text.get_fileinfo
                0x02008178      0x28c C:/devkitPro/libnds/lib\libfat.a(ff.o)
 .text.sync_fs  0x02008404      0x180 C:/devkitPro/libnds/lib\libfat.a(ff.o)
 .text.move_window
                0x02008584       0xc4 C:/devkitPro/libnds/lib\libfat.a(ff.o)
 .text.put_fat.part.0
                0x02008648      0x1dc C:/devkitPro/libnds/lib\libfat.a(ff.o)
 .text.get_fat.isra.0
                0x02008824      0x160 C:/devkitPro/libnds/lib\libfat.a(ff.o)
 .text.remove_chain
                0x02008984       0xf4 C:/devkitPro/libnds/lib\libfat.a(ff.o)
 .text.create_chain
                0x02008a78      0x21c C:/devkitPro/libnds/lib\libfat.a(ff.o)
 .text.dir_next
                0x02008c94      0x170 C:/devkitPro/libnds/lib\libfat.a(ff.o)
 .text.dir_read
                0x02008e04      0x248 C:/devkitPro/libnds/lib\libfat.a(ff.o)
 .text.dir_sdi  0x0200904c      0x128 C:/devkitPro/libnds/lib\libfat.a(ff.o)
 .text.dir_alloc
                0x02009174       0xcc C:/devkitPro/libnds/lib\libfat.a(ff.o)
 .text.dir_remove
                0x02009240       0xc4 C:/devkitPro/libnds/lib\libfat.a(ff.o)
 .text.dir_find
                0x02009304      0x2f8 C:/devkitPro/libnds/lib\libfat.a(ff.o)
 .text.follow_path
                0x020095fc      0x588 C:/devkitPro/libnds/lib\libfat.a(ff.o)
 .text.dir_register
                0x02009b84      0x3f0 C:/devkitPro/libnds/lib\libfat.a(ff.o)
 .text.check_fs
                0x02009f74      0x1ec C:/devkitPro/libnds/lib\libfat.a(ff.o)
 .text.mount_volume.part.0
                0x0200a160      0x504 C:/devkitPro/libnds/lib\libfat.a(ff.o)
 .text.validate
                0x0200a664       0xbc C:/devkitPro/libnds/lib\libfat.a(ff.o)
 .text.f_mount  0x0200a720       0x6c C:/devkitPro/libnds/lib\libfat.a(ff.o)
                0x0200a720                f_mount
 .text.f_umount
                0x0200a78c       0x38 C:/devkitPro/libnds/lib\libfat.a(ff.o)
                0x0200a78c                f_umount
 .text.f_open   0x0200a7c4      0x400 C:/devkitPro/libnds/lib\libfat.a(ff.o)
                0x0200a7c4                f_open
 .text.f_read   0x0200abc4      0x2a4 C:/devkitPro/libnds/lib\libfat.a(ff.o)
                0x0200abc4                f_read
 .text.f_write  0x0200ae68      0x350 C:/devkitPro/libnds/lib\libfat.a(ff.o)
                0x0200ae68                f_write
 .text.f_sync   0x0200b1b8      0x1a0 C:/devkitPro/libnds/lib\libfat.a(ff.o)
                0x0200b1b8                f_sync
 .text.f_close  0x0200b358       0x58 C:/devkitPro/libnds/lib\libfat.a(ff.o)
                0x0200b358                f_close
 .text.f_chdir  0x0200b3b0       0xf0 C:/devkitPro/libnds/lib\libfat.a(ff.o)
                0x0200b3b0                f_chdir
 .text.f_lseek  0x0200b4a0      0x298 C:/devkitPro/libnds/lib\libfat.a(ff.o)
                0x0200b4a0                f_lseek
 .text.f_opendir
                0x0200b738      0x12c C:/devkitPro/libnds/lib\libfat.a(ff.o)
                0x0200b738                f_opendir
 .text.f_closedir
                0x0200b864       0xb0 C:/devkitPro/libnds/lib\libfat.a(ff.o)
                0x0200b864                f_closedir
 .text.f_readdir
                0x0200b914       0xd0 C:/devkitPro/libnds/lib\libfat.a(ff.o)
                0x0200b914                f_readdir
 .text.f_stat   0x0200b9e4      0x104 C:/devkitPro/libnds/lib\libfat.a(ff.o)
                0x0200b9e4                f_stat
 .text.f_getfree
                0x0200bae8      0x184 C:/devkitPro/libnds/lib\libfat.a(ff.o)
                0x0200bae8                f_getfree
 .text.f_truncate
                0x0200bc6c      0x228 C:/devkitPro/libnds/lib\libfat.a(ff.o)
                0x0200bc6c                f_truncate
 .text.f_unlink
                0x0200be94      0x1a4 C:/devkitPro/libnds/lib\libfat.a(ff.o)
                0x0200be94                f_unlink
 .text.f_mkdir  0x0200c038      0x294 C:/devkitPro/libnds/lib\libfat.a(ff.o)
                0x0200c038                f_mkdir
 .text.f_rename
                0x0200c2cc      0x248 C:/devkitPro/libnds/lib\libfat.a(ff.o)
                0x0200c2cc                f_rename
 .text.ff_uni2oem
                0x0200c514       0x78 C:/devkitPro/libnds/lib\libfat.a(ffunicode.o)
                0x0200c514                ff_uni2oem
 .text.ff_oem2uni
                0x0200c58c       0x40 C:/devkitPro/libnds/lib\libfat.a(ffunicode.o)
                0x0200c58c                ff_oem2uni
 .text.ff_wtoupper
                0x0200c5cc      0x128 C:/devkitPro/libnds/lib\libfat.a(ffunicode.o)
                0x0200c5cc                ff_wtoupper
 .text.checkIfText
                0x0200c6f4       0x6c C:/devkitPro/libnds/lib\libnds9.a(background.o)
                0x0200c6f4                checkIfText
 .text.bgUpdate
                0x0200c760       0xe8 C:/devkitPro/libnds/lib\libnds9.a(background.o)
                0x0200c760                bgUpdate
 .text.bgInit_call
                0x0200c848       0xa8 C:/devkitPro/libnds/lib\libnds9.a(background.o)
                0x0200c848                bgInit_call
 .text.bgInitSub_call
                0x0200c8f0       0xb0 C:/devkitPro/libnds/lib\libnds9.a(background.o)
                0x0200c8f0                bgInitSub_call
 .text.newRow   0x0200c9a0       0xe0 C:/devkitPro/libnds/lib\libnds9.a(console.o)
 .text.consolePrintChar
                0x0200ca80       0xe0 C:/devkitPro/libnds/lib\libnds9.a(console.o)
                0x0200ca80                consolePrintChar
 .text.con_write
                0x0200cb60      0x344 C:/devkitPro/libnds/lib\libnds9.a(console.o)
                0x0200cb60                con_write
 .text.consoleLoadFont
                0x0200cea4      0x2e8 C:/devkitPro/libnds/lib\libnds9.a(console.o)
                0x0200cea4                consoleLoadFont
 .text.consoleInit
                0x0200d18c      0x170 C:/devkitPro/libnds/lib\libnds9.a(console.o)
                0x0200d18c                consoleInit
 .text.consoleDemoInit
                0x0200d2fc       0x40 C:/devkitPro/libnds/lib\libnds9.a(console.o)
                0x0200d2fc                consoleDemoInit
 .text.consoleClear
                0x0200d33c       0x10 C:/devkitPro/libnds/lib\libnds9.a(console.o)
                0x0200d33c                consoleClear
 .text.getHeader
                0x0200d34c        0x4 C:/devkitPro/libnds/lib\libnds9.a(decompress.o)
 .text.readByte
                0x0200d350        0x4 C:/devkitPro/libnds/lib\libnds9.a(decompress.o)
 .text.decompress
                0x0200d354       0x40 C:/devkitPro/libnds/lib\libnds9.a(decompress.o)
                0x0200d354                decompress
 .text.defaultHandler
                0x0200d394       0x6c C:/devkitPro/libnds/lib\libnds9.a(exceptionDefault.o)
 .text.excptPrint
                0x0200d400       0x38 C:/devkitPro/libnds/lib\libnds9.a(exceptionDefault.o)
 .text.defaultExceptionHandler
                0x0200d438       0x20 C:/devkitPro/libnds/lib\libnds9.a(exceptionDefault.o)
                0x0200d438                defaultExceptionHandler
 .text.ARMShift
                0x0200d458       0x74 C:/devkitPro/libnds/lib\libnds9.a(gurumeditation.o)
 .text.getExceptionAddress
                0x0200d4cc      0x198 C:/devkitPro/libnds/lib\libnds9.a(gurumeditation.o)
                0x0200d4cc                getExceptionAddress
 .text.guruMeditationDump
                0x0200d664      0x108 C:/devkitPro/libnds/lib\libnds9.a(gurumeditation.o)
                0x0200d664                guruMeditationDump
 .text.scanKeys
                0x0200d76c       0x6c C:/devkitPro/libnds/lib\libnds9.a(keys.o)
                0x0200d76c                scanKeys
 .text.keysHeld
                0x0200d7d8        0xc C:/devkitPro/libnds/lib\libnds9.a(keys.o)
                0x0200d7d8                keysHeld
 .text.keysDown
                0x0200d7e4       0x10 C:/devkitPro/libnds/lib\libnds9.a(keys.o)
                0x0200d7e4                keysDown
 .text.keysUp   0x0200d7f4       0x10 C:/devkitPro/libnds/lib\libnds9.a(keys.o)
                0x0200d7f4                keysUp
 .text.oamAllocReset
                0x0200d804       0x1c C:/devkitPro/libnds/lib\libnds9.a(sprite_alloc.o)
                0x0200d804                oamAllocReset
 .text.oamAllocateGfx
                0x0200d820      0x578 C:/devkitPro/libnds/lib\libnds9.a(sprite_alloc.o)
                0x0200d820                oamAllocateGfx
 .text.oamInit  0x0200dd98      0x138 C:/devkitPro/libnds/lib\libnds9.a(sprite.o)
                0x0200dd98                oamInit
 .text.oamGetGfxPtr
                0x0200ded0       0x34 C:/devkitPro/libnds/lib\libnds9.a(sprite.o)
                0x0200ded0                oamGetGfxPtr
 .text.oamClear
                0x0200df04       0x24 C:/devkitPro/libnds/lib\libnds9.a(sprite.o)
                0x0200df04                oamClear
 .text.oamGfxPtrToOffset
                0x0200df28       0x34 C:/devkitPro/libnds/lib\libnds9.a(sprite.o)
                0x0200df28                oamGfxPtrToOffset
 .text.oamSet   0x0200df5c      0x100 C:/devkitPro/libnds/lib\libnds9.a(sprite.o)
                0x0200df5c                oamSet
 .text.oamUpdate
                0x0200e05c       0x78 C:/devkitPro/libnds/lib\libnds9.a(sprite.o)
                0x0200e05c                oamUpdate
 .text.sinLutLookup
                0x0200e0d4       0x4c C:/devkitPro/libnds/lib\libnds9.a(trig.o)
                0x0200e0d4                sinLutLookup
 .text.sinLerp  0x0200e120       0x38 C:/devkitPro/libnds/lib\libnds9.a(trig.o)
                0x0200e120                sinLerp
 .text.cosLerp  0x0200e158       0x44 C:/devkitPro/libnds/lib\libnds9.a(trig.o)
                0x0200e158                cosLerp
 .text.__libnds_excpt
                0x0200e19c       0xf8 C:/devkitPro/libnds/lib\libnds9.a(exceptionEntry.o)
                0x0200e19c                __libnds_excpt
 .text.threadExit
                0x0200e294       0x9c C:/devkitPro/calico/lib\libcalico_ds9.a(thread_cold.o)
                0x0200e294                threadExit
 .text._threadTickTask
                0x0200e330       0x10 C:/devkitPro/calico/lib\libcalico_ds9.a(thread_cold.o)
 .text._threadInit
                0x0200e340       0x98 C:/devkitPro/calico/lib\libcalico_ds9.a(thread_cold.o)
                0x0200e340                _threadInit
 .text.threadPrepare
                0x0200e3d8       0xa4 C:/devkitPro/calico/lib\libcalico_ds9.a(thread_cold.o)
                0x0200e3d8                threadPrepare
 .text.threadStart
                0x0200e47c       0xc8 C:/devkitPro/calico/lib\libcalico_ds9.a(thread_cold.o)
                0x0200e47c                threadStart
 .text.threadIrqWait
                0x0200e544       0xa0 C:/devkitPro/calico/lib\libcalico_ds9.a(thread_cold.o)
                0x0200e544                threadIrqWait
 .text.threadSleepTicks
                0x0200e5e4       0x58 C:/devkitPro/calico/lib\libcalico_ds9.a(thread_cold.o)
                0x0200e5e4                threadSleepTicks
 .text._dietPrintDefaultFunc
                0x0200e63c        0x4 C:/devkitPro/calico/lib\libcalico_ds9.a(dietprint.o)
 .text._dietOutput
                0x0200e640       0x3c C:/devkitPro/calico/lib\libcalico_ds9.a(dietprint.o)
 .text._dietPrintDec32
                0x0200e67c      0x110 C:/devkitPro/calico/lib\libcalico_ds9.a(dietprint.o)
 .text._dietPrintHex32
                0x0200e78c      0x170 C:/devkitPro/calico/lib\libcalico_ds9.a(dietprint.o)
 .text.dietPrintV
                0x0200e8fc      0x4b8 C:/devkitPro/calico/lib\libcalico_ds9.a(dietprint.o)
                0x0200e8fc                dietPrintV
 .text.dietPrint
                0x0200edb4       0x18 C:/devkitPro/calico/lib\libcalico_ds9.a(dietprint.o)
                0x0200edb4                dietPrint
 .text.__syscall_getreent
                0x0200edcc       0x14 C:/devkitPro/calico/lib\libcalico_ds9.a(newlib_syscalls.o)
                0x0200edcc                __syscall_getreent
 .text.__errno  0x0200ede0       0x24 C:/devkitPro/calico/lib\libcalico_ds9.a(newlib_syscalls.o)
                0x0200ede0                __errno
 .text.__syscall_gettod_r
                0x0200ee04       0x30 C:/devkitPro/calico/lib\libcalico_ds9.a(newlib_syscalls.o)
                0x0200ee04                __syscall_gettod_r
 .text.__syscall_lock_acquire
                0x0200ee34        0x4 C:/devkitPro/calico/lib\libcalico_ds9.a(newlib_syscalls.o)
                0x0200ee34                __syscall_lock_acquire
 .text.__syscall_lock_release
                0x0200ee38        0x4 C:/devkitPro/calico/lib\libcalico_ds9.a(newlib_syscalls.o)
                0x0200ee38                __syscall_lock_release
 .text.__syscall_lock_acquire_recursive
                0x0200ee3c       0x4c C:/devkitPro/calico/lib\libcalico_ds9.a(newlib_syscalls.o)
                0x0200ee3c                __syscall_lock_acquire_recursive
 .text.__syscall_lock_release_recursive
                0x0200ee88       0x18 C:/devkitPro/calico/lib\libcalico_ds9.a(newlib_syscalls.o)
                0x0200ee88                __syscall_lock_release_recursive
 .text.svcLZ77UncompWram
                0x0200eea0        0x4 C:/devkitPro/calico/lib\libcalico_ds9.a(bios.o)
                0x0200eea0                svcLZ77UncompWram
 .text.svcHuffUncompCallback
                0x0200eea4        0x4 C:/devkitPro/calico/lib\libcalico_ds9.a(bios.o)
                0x0200eea4                svcHuffUncompCallback
 .text.svcRLUncompWram
                0x0200eea8        0x4 C:/devkitPro/calico/lib\libcalico_ds9.a(bios.o)
                0x0200eea8                svcRLUncompWram
 .text.svcRLUncompVramCallback
                0x0200eeac        0x4 C:/devkitPro/calico/lib\libcalico_ds9.a(bios.o)
                0x0200eeac                svcRLUncompVramCallback
 .text.svcLZ77UncompVramCallback
                0x0200eeb0       0x18 C:/devkitPro/calico/lib\libcalico_ds9.a(bios.o)
                0x0200eeb0                svcLZ77UncompVramCallback
 .text._pxiMailboxHandler
                0x0200eec8        0x4 C:/devkitPro/calico/lib\libcalico_ds9.a(pxi.o)
 .text._pxiRecvUnhandled
                0x0200eecc        0x4 C:/devkitPro/calico/lib\libcalico_ds9.a(pxi.o)
                0x0200eecc                _pxiRecvUnhandled
 .text._pxiRecvIrqHandler
                0x0200eed0      0x154 C:/devkitPro/calico/lib\libcalico_ds9.a(pxi.o)
 .text._pxiInit
                0x0200f024       0x58 C:/devkitPro/calico/lib\libcalico_ds9.a(pxi.o)
                0x0200f024                _pxiInit
 .text.pxiSetHandler
                0x0200f07c       0x74 C:/devkitPro/calico/lib\libcalico_ds9.a(pxi.o)
                0x0200f07c                pxiSetHandler
 .text.pxiSetMailbox
                0x0200f0f0       0x68 C:/devkitPro/calico/lib\libcalico_ds9.a(pxi.o)
                0x0200f0f0                pxiSetMailbox
 .text.pxiWaitRemote
                0x0200f158       0x38 C:/devkitPro/calico/lib\libcalico_ds9.a(pxi.o)
                0x0200f158                pxiWaitRemote
 .text.pxiSendPacket
                0x0200f190       0x50 C:/devkitPro/calico/lib\libcalico_ds9.a(pxi.o)
                0x0200f190                pxiSendPacket
 .text.pxiSendExtPacket
                0x0200f1e0       0x98 C:/devkitPro/calico/lib\libcalico_ds9.a(pxi.o)
                0x0200f1e0                pxiSendExtPacket
 .text.pxiBeginReceive
                0x0200f278       0x2c C:/devkitPro/calico/lib\libcalico_ds9.a(pxi.o)
                0x0200f278                pxiBeginReceive
 .text.pxiEndReceive
                0x0200f2a4       0xac C:/devkitPro/calico/lib\libcalico_ds9.a(pxi.o)
                0x0200f2a4                pxiEndReceive
 .text.keypadGetState
                0x0200f350       0x28 C:/devkitPro/calico/lib\libcalico_ds9.a(keypad.o)
                0x0200f350                keypadGetState
 .text._pmCallEventHandlers
                0x0200f378       0x40 C:/devkitPro/calico/lib\libcalico_ds9.a(pm.o)
 .text._pmPxiThreadMain
                0x0200f3b8       0xa0 C:/devkitPro/calico/lib\libcalico_ds9.a(pm.o)
 .text._pmResetPxiHandler
                0x0200f458       0x28 C:/devkitPro/calico/lib\libcalico_ds9.a(pm.o)
 .text.systemUserExit
                0x0200f480        0x4 C:/devkitPro/calico/lib\libcalico_ds9.a(pm.o)
                0x0200f480                systemUserExit
 .text.systemErrorExit
                0x0200f484        0x4 C:/devkitPro/calico/lib\libcalico_ds9.a(pm.o)
                0x0200f484                systemErrorExit
 .text.__syscall_exit
                0x0200f488      0x138 C:/devkitPro/calico/lib\libcalico_ds9.a(pm.o)
                0x0200f488                __syscall_exit
 .text.pmInit   0x0200f5c0       0x58 C:/devkitPro/calico/lib\libcalico_ds9.a(pm.o)
                0x0200f5c0                pmInit
 .text.pmEnterSleep
                0x0200f618       0xcc C:/devkitPro/calico/lib\libcalico_ds9.a(pm.o)
                0x0200f618                pmEnterSleep
 .text.pmMainLoop
                0x0200f6e4       0x74 C:/devkitPro/calico/lib\libcalico_ds9.a(pm.o)
                0x0200f6e4                pmMainLoop
 .text.systemUserStartup
                0x0200f758        0x4 C:/devkitPro/calico/lib\libcalico_ds9.a(sys_startup.o)
                0x0200f758                systemUserStartup
 .text.systemStartup
                0x0200f75c      0x104 C:/devkitPro/calico/lib\libcalico_ds9.a(sys_startup.o)
                0x0200f75c                systemStartup
 .text.touchRead
                0x0200f860       0x58 C:/devkitPro/calico/lib\libcalico_ds9.a(touch.o)
                0x0200f860                touchRead
 .text._blkDevReadWriteSectors
                0x0200f8b8       0x44 C:/devkitPro/calico/lib\libcalico_ds9.a(blk.o)
 .text.blkInit  0x0200f8fc        0x8 C:/devkitPro/calico/lib\libcalico_ds9.a(blk.o)
                0x0200f8fc                blkInit
 .text.blkDevIsPresent
                0x0200f904       0x30 C:/devkitPro/calico/lib\libcalico_ds9.a(blk.o)
                0x0200f904                blkDevIsPresent
 .text.blkDevInit
                0x0200f934       0x30 C:/devkitPro/calico/lib\libcalico_ds9.a(blk.o)
                0x0200f934                blkDevInit
 .text.blkDevGetSectorCount
                0x0200f964       0x34 C:/devkitPro/calico/lib\libcalico_ds9.a(blk.o)
                0x0200f964                blkDevGetSectorCount
 .text.blkDevReadSectors
                0x0200f998       0x5c C:/devkitPro/calico/lib\libcalico_ds9.a(blk.o)
                0x0200f998                blkDevReadSectors
 .text.blkDevWriteSectors
                0x0200f9f4       0x5c C:/devkitPro/calico/lib\libcalico_ds9.a(blk.o)
                0x0200f9f4                blkDevWriteSectors
 .text.irqSet   0x0200fa50       0x64 C:/devkitPro/calico/lib\libcalico_ds9.a(irq.o)
                0x0200fa50                irqSet
 .text._tickCountIsr
                0x0200fab4       0x1c C:/devkitPro/calico/lib\libcalico_ds9.a(tick.o)
 .text._tickTaskSchedule.part.0.isra.0
                0x0200fad0       0x84 C:/devkitPro/calico/lib\libcalico_ds9.a(tick.o)
 .text.tickInit
                0x0200fb54       0xa0 C:/devkitPro/calico/lib\libcalico_ds9.a(tick.o)
                0x0200fb54                tickInit
 .text.tickGetCount
                0x0200fbf4       0x5c C:/devkitPro/calico/lib\libcalico_ds9.a(tick.o)
                0x0200fbf4                tickGetCount
 .text._tickTaskIsr
                0x0200fc50      0x110 C:/devkitPro/calico/lib\libcalico_ds9.a(tick.o)
 .text.tickTaskStart
                0x0200fd60      0x144 C:/devkitPro/calico/lib\libcalico_ds9.a(tick.o)
                0x0200fd60                tickTaskStart
 .text.threadUpdateDynamicPrio
                0x0200fea4      0x1cc C:/devkitPro/calico/lib\libcalico_ds9.a(mutex.o)
 .text.threadRemoveWaiter
                0x02010070      0x1c8 C:/devkitPro/calico/lib\libcalico_ds9.a(mutex.o)
 .text.mutexLock
                0x02010238      0x150 C:/devkitPro/calico/lib\libcalico_ds9.a(mutex.o)
                0x02010238                mutexLock
 .text.mutexUnlock
                0x02010388       0xd0 C:/devkitPro/calico/lib\libcalico_ds9.a(mutex.o)
                0x02010388                mutexUnlock
 .text.mailboxTrySend
                0x02010458       0x98 C:/devkitPro/calico/lib\libcalico_ds9.a(mailbox.o)
                0x02010458                mailboxTrySend
 .text.mailboxRecv
                0x020104f0       0x98 C:/devkitPro/calico/lib\libcalico_ds9.a(mailbox.o)
                0x020104f0                mailboxRecv
 .text.log2     0x02010588       0x1c C:/devkitPro/devkitARM/bin/../lib/gcc/arm-none-eabi/15.1.0/../../../../arm-none-eabi/lib/thumb\libm.a(libm_a-s_log2.o)
                0x02010588                log2
 .text.log      0x020105a4       0x70 C:/devkitPro/devkitARM/bin/../lib/gcc/arm-none-eabi/15.1.0/../../../../arm-none-eabi/lib/thumb\libm.a(libm_a-w_log.o)
                0x020105a4                log
 .text.__ieee754_log
                0x02010614      0x364 C:/devkitPro/devkitARM/bin/../lib/gcc/arm-none-eabi/15.1.0/../../../../arm-none-eabi/lib/thumb\libm.a(libm_a-e_log.o)
                0x02010614                __ieee754_log
 .text.nan      0x02010978        0xc C:/devkitPro/devkitARM/bin/../lib/gcc/arm-none-eabi/15.1.0/../../../../arm-none-eabi/lib/thumb\libm.a(libm_a-s_nan.o)
                0x02010978                nan
 .text          0x02010984      0x11c C:/devkitPro/devkitARM/bin/../lib/gcc/arm-none-eabi/15.1.0/thumb\libgcc.a(_udivsi3.o)
                0x02010984                __aeabi_uidiv
                0x02010984                __udivsi3
                0x02010a80                __aeabi_uidivmod
 .text          0x02010aa0      0x150 C:/devkitPro/devkitARM/bin/../lib/gcc/arm-none-eabi/15.1.0/thumb\libgcc.a(_divsi3.o)
                0x02010aa0                __divsi3
                0x02010aa0                __aeabi_idiv
                0x02010bd0                __aeabi_idivmod
 .text          0x02010bf0        0x4 C:/devkitPro/devkitARM/bin/../lib/gcc/arm-none-eabi/15.1.0/thumb\libgcc.a(_dvmd_tls.o)
                0x02010bf0                __aeabi_idiv0
                0x02010bf0                __aeabi_ldiv0
 .text          0x02010bf4      0x424 C:/devkitPro/devkitARM/bin/../lib/gcc/arm-none-eabi/15.1.0/thumb\libgcc.a(_arm_addsubdf3.o)
                0x02010bf4                __aeabi_drsub
                0x02010bfc                __aeabi_dsub
                0x02010bfc                __subdf3
                0x02010c00                __aeabi_dadd
                0x02010c00                __adddf3
                0x02010f10                __floatunsidf
                0x02010f10                __aeabi_ui2d
                0x02010f34                __floatsidf
                0x02010f34                __aeabi_i2d
                0x02010f5c                __aeabi_f2d
                0x02010f5c                __extendsfdf2
                0x02010fa4                __floatundidf
                0x02010fa4                __aeabi_ul2d
                0x02010fb8                __floatdidf
                0x02010fb8                __aeabi_l2d
 .text          0x02011018      0x49c C:/devkitPro/devkitARM/bin/../lib/gcc/arm-none-eabi/15.1.0/thumb\libgcc.a(_arm_muldivdf3.o)
                0x02011018                __aeabi_dmul
                0x02011018                __muldf3
                0x020112a8                __divdf3
                0x020112a8                __aeabi_ddiv
 .text          0x020114b4      0x144 C:/devkitPro/devkitARM/bin/../lib/gcc/arm-none-eabi/15.1.0/thumb\libgcc.a(_arm_cmpdf2.o)
                0x020114b4                __gtdf2
                0x020114b4                __gedf2
                0x020114bc                __ltdf2
                0x020114bc                __ledf2
                0x020114c4                __nedf2
                0x020114c4                __eqdf2
                0x020114c4                __cmpdf2
                0x0201154c                __aeabi_cdrcmple
                0x02011568                __aeabi_cdcmpeq
                0x02011568                __aeabi_cdcmple
                0x02011580                __aeabi_dcmpeq
                0x02011598                __aeabi_dcmplt
                0x020115b0                __aeabi_dcmple
                0x020115c8                __aeabi_dcmpge
                0x020115e0                __aeabi_dcmpgt
 .text          0x020115f8       0x38 C:/devkitPro/devkitARM/bin/../lib/gcc/arm-none-eabi/15.1.0/thumb\libgcc.a(_arm_unorddf2.o)
                0x020115f8                __unorddf2
                0x020115f8                __aeabi_dcmpun
 .text          0x02011630       0x5c C:/devkitPro/devkitARM/bin/../lib/gcc/arm-none-eabi/15.1.0/thumb\libgcc.a(_arm_fixdfsi.o)
                0x02011630                __aeabi_d2iz
                0x02011630                __fixdfsi
 .text          0x0201168c       0x3c C:/devkitPro/devkitARM/bin/../lib/gcc/arm-none-eabi/15.1.0/thumb\libgcc.a(_aeabi_uldivmod.o)
                0x0201168c                __aeabi_uldivmod
 .text.__udivmoddi4
                0x020116c8      0x194 C:/devkitPro/devkitARM/bin/../lib/gcc/arm-none-eabi/15.1.0/thumb\libgcc.a(_udivmoddi4.o)
                0x020116c8                __udivmoddi4
 .text          0x0201185c       0x28 C:/devkitPro/devkitARM/bin/../lib/gcc/arm-none-eabi/15.1.0/thumb\libgcc.a(_clzdi2.o)
                0x0201185c                __clzdi2
 .text          0x02011884       0x48 C:/devkitPro/devkitARM/bin/../lib/gcc/arm-none-eabi/15.1.0/thumb\libgcc.a(_clzsi2.o)
                0x02011884                __clzsi2
 .text.strchr   0x020118cc       0xbc C:/devkitPro/devkitARM/bin/../lib/gcc/arm-none-eabi/15.1.0/../../../../arm-none-eabi/lib/thumb\libg.a(libc_a-strchr.o)
                0x020118cc                strchr
 .text._fclose_r
                0x02011988       0xdc C:/devkitPro/devkitARM/bin/../lib/gcc/arm-none-eabi/15.1.0/../../../../arm-none-eabi/lib/thumb\libg.a(libc_a-fclose.o)
                0x02011988                _fclose_r
 .text.fclose   0x02011a64       0x14 C:/devkitPro/devkitARM/bin/../lib/gcc/arm-none-eabi/15.1.0/../../../../arm-none-eabi/lib/thumb\libg.a(libc_a-fclose.o)
                0x02011a64                fclose
 .text._fwrite_r
                0x02011a78       0x9c C:/devkitPro/devkitARM/bin/../lib/gcc/arm-none-eabi/15.1.0/../../../../arm-none-eabi/lib/thumb\libg.a(libc_a-fwrite.o)
                0x02011a78                _fwrite_r
 .text.fwrite   0x02011b14       0x24 C:/devkitPro/devkitARM/bin/../lib/gcc/arm-none-eabi/15.1.0/../../../../arm-none-eabi/lib/thumb\libg.a(libc_a-fwrite.o)
                0x02011b14                fwrite
 .text.strlen   0x02011b38       0x60 C:/devkitPro/devkitARM/bin/../lib/gcc/arm-none-eabi/15.1.0/../../../../arm-none-eabi/lib/thumb\libg.a(libc_a-strlen.o)
                0x02011b38                strlen
 .text.sprintf  0x02011b98       0x44 C:/devkitPro/devkitARM/bin/../lib/gcc/arm-none-eabi/15.1.0/../../../../arm-none-eabi/lib/thumb\libg.a(libc_a-sprintf.o)
                0x02011b98                sprintf
 .text.memcmp   0x02011bdc       0x48 C:/devkitPro/devkitARM/bin/../lib/gcc/arm-none-eabi/15.1.0/../../../../arm-none-eabi/lib/thumb\libg.a(libc_a-memcmp.o)
                0x02011bdc                memcmp
 .text.stdio_exit_handler
                0x02011c24       0x20 C:/devkitPro/devkitARM/bin/../lib/gcc/arm-none-eabi/15.1.0/../../../../arm-none-eabi/lib/thumb\libg.a(libc_a-findfp.o)
 .text.cleanup_stdio
                0x02011c44       0x40 C:/devkitPro/devkitARM/bin/../lib/gcc/arm-none-eabi/15.1.0/../../../../arm-none-eabi/lib/thumb\libg.a(libc_a-findfp.o)
 .text.global_stdio_init.part.0
                0x02011c84      0x120 C:/devkitPro/devkitARM/bin/../lib/gcc/arm-none-eabi/15.1.0/../../../../arm-none-eabi/lib/thumb\libg.a(libc_a-findfp.o)
 .text.__sfp    0x02011da4       0xcc C:/devkitPro/devkitARM/bin/../lib/gcc/arm-none-eabi/15.1.0/../../../../arm-none-eabi/lib/thumb\libg.a(libc_a-findfp.o)
                0x02011da4                __sfp
 .text.__sinit  0x02011e70       0x3c C:/devkitPro/devkitARM/bin/../lib/gcc/arm-none-eabi/15.1.0/../../../../arm-none-eabi/lib/thumb\libg.a(libc_a-findfp.o)
                0x02011e70                __sinit
 .text.__sfp_lock_acquire
                0x02011eac       0x14 C:/devkitPro/devkitARM/bin/../lib/gcc/arm-none-eabi/15.1.0/../../../../arm-none-eabi/lib/thumb\libg.a(libc_a-findfp.o)
                0x02011eac                __sfp_lock_acquire
 .text.__sfp_lock_release
                0x02011ec0       0x14 C:/devkitPro/devkitARM/bin/../lib/gcc/arm-none-eabi/15.1.0/../../../../arm-none-eabi/lib/thumb\libg.a(libc_a-findfp.o)
                0x02011ec0                __sfp_lock_release
 .text.__libc_init_array
                0x02011ed4       0x54 C:/devkitPro/devkitARM/bin/../lib/gcc/arm-none-eabi/15.1.0/../../../../arm-none-eabi/lib/thumb\libg.a(libc_a-init.o)
                0x02011ed4                __libc_init_array
 .text._fwalk_sglue
                0x02011f28       0x4c C:/devkitPro/devkitARM/bin/../lib/gcc/arm-none-eabi/15.1.0/../../../../arm-none-eabi/lib/thumb\libg.a(libc_a-fwalk.o)
                0x02011f28                _fwalk_sglue
 .text.calloc   0x02011f74       0x18 C:/devkitPro/devkitARM/bin/../lib/gcc/arm-none-eabi/15.1.0/../../../../arm-none-eabi/lib/thumb\libg.a(libc_a-calloc.o)
                0x02011f74                calloc
 .text.siscanf  0x02011f8c       0x50 C:/devkitPro/devkitARM/bin/../lib/gcc/arm-none-eabi/15.1.0/../../../../arm-none-eabi/lib/thumb\libg.a(libc_a-siscanf.o)
                0x02011f8c                siscanf
 .text.strrchr  0x02011fdc       0x30 C:/devkitPro/devkitARM/bin/../lib/gcc/arm-none-eabi/15.1.0/../../../../arm-none-eabi/lib/thumb\libg.a(libc_a-strrchr.o)
                0x02011fdc                strrchr
 .text.aligned_alloc
                0x0201200c       0x18 C:/devkitPro/devkitARM/bin/../lib/gcc/arm-none-eabi/15.1.0/../../../../arm-none-eabi/lib/thumb\libg.a(libc_a-aligned_alloc.o)
                0x0201200c                aligned_alloc
 .text._calloc_r
                0x02012024       0xcc C:/devkitPro/devkitARM/bin/../lib/gcc/arm-none-eabi/15.1.0/../../../../arm-none-eabi/lib/thumb\libg.a(libc_a-callocr.o)
                0x02012024                _calloc_r
 .text.fgetc    0x020120f0       0x6c C:/devkitPro/devkitARM/bin/../lib/gcc/arm-none-eabi/15.1.0/../../../../arm-none-eabi/lib/thumb\libg.a(libc_a-fgetc.o)
                0x020120f0                fgetc
 .text.realloc  0x0201215c       0x18 C:/devkitPro/devkitARM/bin/../lib/gcc/arm-none-eabi/15.1.0/../../../../arm-none-eabi/lib/thumb\libg.a(libc_a-realloc.o)
                0x0201215c                realloc
 .text.validate_structure
                0x02012174      0x1e8 C:/devkitPro/devkitARM/bin/../lib/gcc/arm-none-eabi/15.1.0/../../../../arm-none-eabi/lib/thumb\libg.a(libc_a-mktime.o)
 .text.mktime   0x0201235c      0x434 C:/devkitPro/devkitARM/bin/../lib/gcc/arm-none-eabi/15.1.0/../../../../arm-none-eabi/lib/thumb\libg.a(libc_a-mktime.o)
                0x0201235c                mktime
 .text._fseek_r
                0x02012790       0x14 C:/devkitPro/devkitARM/bin/../lib/gcc/arm-none-eabi/15.1.0/../../../../arm-none-eabi/lib/thumb\libg.a(libc_a-fseek.o)
                0x02012790                _fseek_r
 .text.fseek    0x020127a4       0x24 C:/devkitPro/devkitARM/bin/../lib/gcc/arm-none-eabi/15.1.0/../../../../arm-none-eabi/lib/thumb\libg.a(libc_a-fseek.o)
                0x020127a4                fseek
 .text.__tz_lock
                0x020127c8       0x14 C:/devkitPro/devkitARM/bin/../lib/gcc/arm-none-eabi/15.1.0/../../../../arm-none-eabi/lib/thumb\libg.a(libc_a-tzlock.o)
                0x020127c8                __tz_lock
 .text.__tz_unlock
                0x020127dc       0x14 C:/devkitPro/devkitARM/bin/../lib/gcc/arm-none-eabi/15.1.0/../../../../arm-none-eabi/lib/thumb\libg.a(libc_a-tzlock.o)
                0x020127dc                __tz_unlock
 .text.putchar  0x020127f0       0x18 C:/devkitPro/devkitARM/bin/../lib/gcc/arm-none-eabi/15.1.0/../../../../arm-none-eabi/lib/thumb\libg.a(libc_a-putchar.o)
                0x020127f0                putchar
 .text._malloc_r
                0x02012808      0x550 C:/devkitPro/devkitARM/bin/../lib/gcc/arm-none-eabi/15.1.0/../../../../arm-none-eabi/lib/thumb\libg.a(libc_a-mallocr.o)
                0x02012808                _malloc_r
 .text.strcasecmp
                0x02012d58       0x4c C:/devkitPro/devkitARM/bin/../lib/gcc/arm-none-eabi/15.1.0/../../../../arm-none-eabi/lib/thumb\libg.a(libc_a-strcasecmp.o)
                0x02012d58                strcasecmp
 .text.strcpy   0x02012da4       0x10 C:/devkitPro/devkitARM/bin/../lib/gcc/arm-none-eabi/15.1.0/../../../../arm-none-eabi/lib/thumb\libg.a(libc_a-strcpy.o)
                0x02012da4                strcpy
 .text._malloc_trim_r
                0x02012db4       0xac C:/devkitPro/devkitARM/bin/../lib/gcc/arm-none-eabi/15.1.0/../../../../arm-none-eabi/lib/thumb\libg.a(libc_a-freer.o)
                0x02012db4                _malloc_trim_r
 .text._free_r  0x02012e60      0x1d8 C:/devkitPro/devkitARM/bin/../lib/gcc/arm-none-eabi/15.1.0/../../../../arm-none-eabi/lib/thumb\libg.a(libc_a-freer.o)
                0x02012e60                _free_r
 .text.snprintf
                0x02013038       0x64 C:/devkitPro/devkitARM/bin/../lib/gcc/arm-none-eabi/15.1.0/../../../../arm-none-eabi/lib/thumb\libg.a(libc_a-snprintf.o)
                0x02013038                snprintf
 .text.get_arg  0x0201309c      0x404 C:/devkitPro/devkitARM/bin/../lib/gcc/arm-none-eabi/15.1.0/../../../../arm-none-eabi/lib/thumb\libg.a(libc_a-svfprintf.o)
 .text._svfprintf_r
                0x020134a0     0x22d8 C:/devkitPro/devkitARM/bin/../lib/gcc/arm-none-eabi/15.1.0/../../../../arm-none-eabi/lib/thumb\libg.a(libc_a-svfprintf.o)
                0x020134a0                _svfprintf_r
 .text.printf   0x02015778       0x28 C:/devkitPro/devkitARM/bin/../lib/gcc/arm-none-eabi/15.1.0/../../../../arm-none-eabi/lib/thumb\libg.a(libc_a-printf.o)
                0x02015778                printf
 .text.strnlen  0x020157a0       0x20 C:/devkitPro/devkitARM/bin/../lib/gcc/arm-none-eabi/15.1.0/../../../../arm-none-eabi/lib/thumb\libg.a(libc_a-strnlen.o)
                0x020157a0                strnlen
 .text.malloc   0x020157c0       0x28 C:/devkitPro/devkitARM/bin/../lib/gcc/arm-none-eabi/15.1.0/../../../../arm-none-eabi/lib/thumb\libg.a(libc_a-malloc.o)
                0x020157c0                malloc
 .text.free     0x020157e8       0x14 C:/devkitPro/devkitARM/bin/../lib/gcc/arm-none-eabi/15.1.0/../../../../arm-none-eabi/lib/thumb\libg.a(libc_a-malloc.o)
                0x020157e8                free
 .text.__sflush_r
                0x020157fc      0x180 C:/devkitPro/devkitARM/bin/../lib/gcc/arm-none-eabi/15.1.0/../../../../arm-none-eabi/lib/thumb\libg.a(libc_a-fflush.o)
                0x020157fc                __sflush_r
 .text._fflush_r
                0x0201597c       0x70 C:/devkitPro/devkitARM/bin/../lib/gcc/arm-none-eabi/15.1.0/../../../../arm-none-eabi/lib/thumb\libg.a(libc_a-fflush.o)
                0x0201597c                _fflush_r
 .text.time     0x020159ec       0x38 C:/devkitPro/devkitARM/bin/../lib/gcc/arm-none-eabi/15.1.0/../../../../arm-none-eabi/lib/thumb\libg.a(libc_a-time.o)
                0x020159ec                time
 .text.memset   0x02015a24       0x8c C:/devkitPro/devkitARM/bin/../lib/gcc/arm-none-eabi/15.1.0/../../../../arm-none-eabi/lib/thumb\libg.a(libc_a-memset.o)
                0x02015a24                memset
 .text._realloc_r
                0x02015ab0      0x344 C:/devkitPro/devkitARM/bin/../lib/gcc/arm-none-eabi/15.1.0/../../../../arm-none-eabi/lib/thumb\libg.a(libc_a-reallocr.o)
                0x02015ab0                _realloc_r
 .text.localtime_r
                0x02015df4      0x228 C:/devkitPro/devkitARM/bin/../lib/gcc/arm-none-eabi/15.1.0/../../../../arm-none-eabi/lib/thumb\libg.a(libc_a-lcltime_r.o)
                0x02015df4                localtime_r
 .text._fread_r
                0x0201601c      0x228 C:/devkitPro/devkitARM/bin/../lib/gcc/arm-none-eabi/15.1.0/../../../../arm-none-eabi/lib/thumb\libg.a(libc_a-fread.o)
                0x0201601c                _fread_r
 .text.fread    0x02016244       0x24 C:/devkitPro/devkitARM/bin/../lib/gcc/arm-none-eabi/15.1.0/../../../../arm-none-eabi/lib/thumb\libg.a(libc_a-fread.o)
                0x02016244                fread
 .text.__malloc_lock
                0x02016268       0x14 C:/devkitPro/devkitARM/bin/../lib/gcc/arm-none-eabi/15.1.0/../../../../arm-none-eabi/lib/thumb\libg.a(libc_a-mlock.o)
                0x02016268                __malloc_lock
 .text.__malloc_unlock
                0x0201627c       0x14 C:/devkitPro/devkitARM/bin/../lib/gcc/arm-none-eabi/15.1.0/../../../../arm-none-eabi/lib/thumb\libg.a(libc_a-mlock.o)
                0x0201627c                __malloc_unlock
 .text.__tzcalc_limits
                0x02016290      0x1ac C:/devkitPro/devkitARM/bin/../lib/gcc/arm-none-eabi/15.1.0/../../../../arm-none-eabi/lib/thumb\libg.a(libc_a-tzcalc_limits.o)
                0x02016290                __tzcalc_limits
 .text.fputc    0x0201643c       0x5c C:/devkitPro/devkitARM/bin/../lib/gcc/arm-none-eabi/15.1.0/../../../../arm-none-eabi/lib/thumb\libg.a(libc_a-fputc.o)
                0x0201643c                fputc
 .text          0x02016498      0x224 C:/devkitPro/devkitARM/bin/../lib/gcc/arm-none-eabi/15.1.0/../../../../arm-none-eabi/lib/thumb\libg.a(libc_a-strcmp.o)
                0x02016498                strcmp
 .text.__call_exitprocs
                0x020166bc        0xc C:/devkitPro/devkitARM/bin/../lib/gcc/arm-none-eabi/15.1.0/../../../../arm-none-eabi/lib/thumb\libg.a(libc_a-exit.o)
                0x020166bc                __call_exitprocs
 .text.setvbuf  0x020166c8      0x1ac C:/devkitPro/devkitARM/bin/../lib/gcc/arm-none-eabi/15.1.0/../../../../arm-none-eabi/lib/thumb\libg.a(libc_a-setvbuf.o)
                0x020166c8                setvbuf
 .text._fopen_r
                0x02016874       0xb4 C:/devkitPro/devkitARM/bin/../lib/gcc/arm-none-eabi/15.1.0/../../../../arm-none-eabi/lib/thumb\libg.a(libc_a-fopen.o)
                0x02016874                _fopen_r
 .text.fopen    0x02016928       0x18 C:/devkitPro/devkitARM/bin/../lib/gcc/arm-none-eabi/15.1.0/../../../../arm-none-eabi/lib/thumb\libg.a(libc_a-fopen.o)
                0x02016928                fopen
 .text.__srget_r
                0x02016940       0x3c C:/devkitPro/devkitARM/bin/../lib/gcc/arm-none-eabi/15.1.0/../../../../arm-none-eabi/lib/thumb\libg.a(libc_a-rget.o)
                0x02016940                __srget_r
 .text.strncpy  0x0201697c       0x68 C:/devkitPro/devkitARM/bin/../lib/gcc/arm-none-eabi/15.1.0/../../../../arm-none-eabi/lib/thumb\libg.a(libc_a-strncpy.o)
                0x0201697c                strncpy
 .text.ftell    0x020169e4       0x24 C:/devkitPro/devkitARM/bin/../lib/gcc/arm-none-eabi/15.1.0/../../../../arm-none-eabi/lib/thumb\libg.a(libc_a-ftell.o)
                0x020169e4                ftell
 .text.memcpy   0x02016a08       0xb0 C:/devkitPro/devkitARM/bin/../lib/gcc/arm-none-eabi/15.1.0/../../../../arm-none-eabi/lib/thumb\libg.a(libc_a-memcpy-stub.o)
                0x02016a08                memcpy
 .text._wcsrtombs_r
                0x02016ab8       0x20 C:/devkitPro/devkitARM/bin/../lib/gcc/arm-none-eabi/15.1.0/../../../../arm-none-eabi/lib/thumb\libg.a(libc_a-wcsrtombs.o)
                0x02016ab8                _wcsrtombs_r
 .text.iprintf  0x02016ad8       0x28 C:/devkitPro/devkitARM/bin/../lib/gcc/arm-none-eabi/15.1.0/../../../../arm-none-eabi/lib/thumb\libg.a(libc_a-iprintf.o)
                0x02016ad8                iprintf
 .text.write    0x02016b00       0x1c C:/devkitPro/devkitARM/bin/../lib/gcc/arm-none-eabi/15.1.0/../../../../arm-none-eabi/lib/thumb\libg.a(libc_a-syswrite.o)
                0x02016b00                write
 .text.frexp    0x02016b1c       0x74 C:/devkitPro/devkitARM/bin/../lib/gcc/arm-none-eabi/15.1.0/../../../../arm-none-eabi/lib/thumb\libg.a(libm_a-s_frexp.o)
                0x02016b1c                frexp
 .text.__sfvwrite_r
                0x02016b90      0x31c C:/devkitPro/devkitARM/bin/../lib/gcc/arm-none-eabi/15.1.0/../../../../arm-none-eabi/lib/thumb\libg.a(libc_a-fvwrite.o)
                0x02016b90                __sfvwrite_r
 .text.__sread  0x02016eac       0x34 C:/devkitPro/devkitARM/bin/../lib/gcc/arm-none-eabi/15.1.0/../../../../arm-none-eabi/lib/thumb\libg.a(libc_a-stdio.o)
                0x02016eac                __sread
 .text.__seofread
                0x02016ee0        0x4 C:/devkitPro/devkitARM/bin/../lib/gcc/arm-none-eabi/15.1.0/../../../../arm-none-eabi/lib/thumb\libg.a(libc_a-stdio.o)
                0x02016ee0                __seofread
 .text.__swrite
                0x02016ee4       0x4c C:/devkitPro/devkitARM/bin/../lib/gcc/arm-none-eabi/15.1.0/../../../../arm-none-eabi/lib/thumb\libg.a(libc_a-stdio.o)
                0x02016ee4                __swrite
 .text.__sseek  0x02016f30       0x3c C:/devkitPro/devkitARM/bin/../lib/gcc/arm-none-eabi/15.1.0/../../../../arm-none-eabi/lib/thumb\libg.a(libc_a-stdio.o)
                0x02016f30                __sseek
 .text.__sclose
                0x02016f6c       0x10 C:/devkitPro/devkitARM/bin/../lib/gcc/arm-none-eabi/15.1.0/../../../../arm-none-eabi/lib/thumb\libg.a(libc_a-stdio.o)
                0x02016f6c                __sclose
 .text.memmove  0x02016f7c       0xcc C:/devkitPro/devkitARM/bin/../lib/gcc/arm-none-eabi/15.1.0/../../../../arm-none-eabi/lib/thumb\libg.a(libc_a-memmove.o)
                0x02016f7c                memmove
 .text.__locale_mb_cur_max
                0x02017048       0x20 C:/devkitPro/devkitARM/bin/../lib/gcc/arm-none-eabi/15.1.0/../../../../arm-none-eabi/lib/thumb\libg.a(libc_a-locale.o)
                0x02017048                __locale_mb_cur_max
 .text.__ssprint_r
                0x02017068       0x60 C:/devkitPro/devkitARM/bin/../lib/gcc/arm-none-eabi/15.1.0/../../../../arm-none-eabi/lib/thumb\libg.a(libc_a-ssprint_r.o)
                0x02017068                __ssprint_r
 .text.gmtime_r
                0x020170c8      0x1b4 C:/devkitPro/devkitARM/bin/../lib/gcc/arm-none-eabi/15.1.0/../../../../arm-none-eabi/lib/thumb\libg.a(libc_a-gmtime_r.o)
                0x020170c8                gmtime_r
 .text.get_arg  0x0201727c      0x404 C:/devkitPro/devkitARM/bin/../lib/gcc/arm-none-eabi/15.1.0/../../../../arm-none-eabi/lib/thumb\libg.a(libc_a-vfiprintf.o)
 .text._vfiprintf_r
                0x02017680     0x16d0 C:/devkitPro/devkitARM/bin/../lib/gcc/arm-none-eabi/15.1.0/../../../../arm-none-eabi/lib/thumb\libg.a(libc_a-vfiprintf.o)
                0x02017680                _vfiprintf_r
 .text.__sbprintf
                0x02018d50       0x7c C:/devkitPro/devkitARM/bin/../lib/gcc/arm-none-eabi/15.1.0/../../../../arm-none-eabi/lib/thumb\libg.a(libc_a-vfiprintf.o)
 .text._memalign_r
                0x02018dcc      0x118 C:/devkitPro/devkitARM/bin/../lib/gcc/arm-none-eabi/15.1.0/../../../../arm-none-eabi/lib/thumb\libg.a(libc_a-malignr.o)
                0x02018dcc                _memalign_r
 .text.div      0x02018ee4       0x18 C:/devkitPro/devkitARM/bin/../lib/gcc/arm-none-eabi/15.1.0/../../../../arm-none-eabi/lib/thumb\libg.a(libc_a-div.o)
                0x02018ee4                div
 .text._wcsnrtombs_l
                0x02018efc      0x11c C:/devkitPro/devkitARM/bin/../lib/gcc/arm-none-eabi/15.1.0/../../../../arm-none-eabi/lib/thumb\libg.a(libc_a-wcsnrtombs.o)
                0x02018efc                _wcsnrtombs_l
 .text._wcsnrtombs_r
                0x02019018       0x40 C:/devkitPro/devkitARM/bin/../lib/gcc/arm-none-eabi/15.1.0/../../../../arm-none-eabi/lib/thumb\libg.a(libc_a-wcsnrtombs.o)
                0x02019018                _wcsnrtombs_r
 .text.get_arg  0x02019058       0x3e C:/devkitPro/devkitARM/bin/../lib/gcc/arm-none-eabi/15.1.0/../../../../arm-none-eabi/lib/thumb\libg.a(libc_a-svfiscanf.o)
 .text._sungetc_r
                0x02019096       0x7e C:/devkitPro/devkitARM/bin/../lib/gcc/arm-none-eabi/15.1.0/../../../../arm-none-eabi/lib/thumb\libg.a(libc_a-svfiscanf.o)
                0x02019096                _sungetc_r
 .text.__ssrefill_r
                0x02019114       0x42 C:/devkitPro/devkitARM/bin/../lib/gcc/arm-none-eabi/15.1.0/../../../../arm-none-eabi/lib/thumb\libg.a(libc_a-svfiscanf.o)
                0x02019114                __ssrefill_r
 .text._sfread_r
                0x02019156       0x88 C:/devkitPro/devkitARM/bin/../lib/gcc/arm-none-eabi/15.1.0/../../../../arm-none-eabi/lib/thumb\libg.a(libc_a-svfiscanf.o)
                0x02019156                _sfread_r
 *fill*         0x020191de        0x2 ff
 .text.__ssvfiscanf_r
                0x020191e0     0x1984 C:/devkitPro/devkitARM/bin/../lib/gcc/arm-none-eabi/15.1.0/../../../../arm-none-eabi/lib/thumb\libg.a(libc_a-svfiscanf.o)
                0x020191e0                __ssvfiscanf_r
 .text._putc_r  0x0201ab64       0x88 C:/devkitPro/devkitARM/bin/../lib/gcc/arm-none-eabi/15.1.0/../../../../arm-none-eabi/lib/thumb\libg.a(libc_a-putc.o)
                0x0201ab64                _putc_r
 .text._strtoul_l.isra.0
                0x0201abec      0x150 C:/devkitPro/devkitARM/bin/../lib/gcc/arm-none-eabi/15.1.0/../../../../arm-none-eabi/lib/thumb\libg.a(libc_a-strtoul.o)
 .text._strtoul_r
                0x0201ad3c       0x20 C:/devkitPro/devkitARM/bin/../lib/gcc/arm-none-eabi/15.1.0/../../../../arm-none-eabi/lib/thumb\libg.a(libc_a-strtoul.o)
                0x0201ad3c                _strtoul_r
 .text.strtoul  0x0201ad5c       0x24 C:/devkitPro/devkitARM/bin/../lib/gcc/arm-none-eabi/15.1.0/../../../../arm-none-eabi/lib/thumb\libg.a(libc_a-strtoul.o)
                0x0201ad5c                strtoul
 .text.__utf8_mbtowc
                0x0201ad80      0x24c C:/devkitPro/devkitARM/bin/../lib/gcc/arm-none-eabi/15.1.0/../../../../arm-none-eabi/lib/thumb\libg.a(libc_a-mbtowc_r.o)
                0x0201ad80                __utf8_mbtowc
 .text._fseeko_r
                0x0201afcc      0x414 C:/devkitPro/devkitARM/bin/../lib/gcc/arm-none-eabi/15.1.0/../../../../arm-none-eabi/lib/thumb\libg.a(libc_a-fseeko.o)
                0x0201afcc                _fseeko_r
 .text._tzset_unlocked
                0x0201b3e0       0x10 C:/devkitPro/devkitARM/bin/../lib/gcc/arm-none-eabi/15.1.0/../../../../arm-none-eabi/lib/thumb\libg.a(libc_a-tzset.o)
                0x0201b3e0                _tzset_unlocked
 .text.__sprint_r
                0x0201b3f0       0x24 C:/devkitPro/devkitARM/bin/../lib/gcc/arm-none-eabi/15.1.0/../../../../arm-none-eabi/lib/thumb\libg.a(libc_a-sprint_r.o)
                0x0201b3f0                __sprint_r
 .text.iswspace
                0x0201b414       0x10 C:/devkitPro/devkitARM/bin/../lib/gcc/arm-none-eabi/15.1.0/../../../../arm-none-eabi/lib/thumb\libg.a(libc_a-iswspace.o)
                0x0201b414                iswspace
 .text.__gettzinfo
                0x0201b424        0x8 C:/devkitPro/devkitARM/bin/../lib/gcc/arm-none-eabi/15.1.0/../../../../arm-none-eabi/lib/thumb\libg.a(libc_a-gettzinfo.o)
                0x0201b424                __gettzinfo
 .text._localeconv_r
                0x0201b42c       0x1c C:/devkitPro/devkitARM/bin/../lib/gcc/arm-none-eabi/15.1.0/../../../../arm-none-eabi/lib/thumb\libg.a(libc_a-localeconv.o)
                0x0201b42c                _localeconv_r
 .text.get_arg  0x0201b448      0x404 C:/devkitPro/devkitARM/bin/../lib/gcc/arm-none-eabi/15.1.0/../../../../arm-none-eabi/lib/thumb\libg.a(libc_a-vfprintf.o)
 .text._vfprintf_r
                0x0201b84c     0x2390 C:/devkitPro/devkitARM/bin/../lib/gcc/arm-none-eabi/15.1.0/../../../../arm-none-eabi/lib/thumb\libg.a(libc_a-vfprintf.o)
                0x0201b84c                _vfprintf_r
 .text.__sbprintf
                0x0201dbdc       0x7c C:/devkitPro/devkitARM/bin/../lib/gcc/arm-none-eabi/15.1.0/../../../../arm-none-eabi/lib/thumb\libg.a(libc_a-vfprintf.o)
 .text.memchr   0x0201dc58       0x74 C:/devkitPro/devkitARM/bin/../lib/gcc/arm-none-eabi/15.1.0/../../../../arm-none-eabi/lib/thumb\libg.a(libc_a-memchr-stub.o)
                0x0201dc58                memchr
 .text.quorem   0x0201dccc      0x160 C:/devkitPro/devkitARM/bin/../lib/gcc/arm-none-eabi/15.1.0/../../../../arm-none-eabi/lib/thumb\libg.a(libc_a-dtoa.o)
 .text._dtoa_r  0x0201de2c     0x10b0 C:/devkitPro/devkitARM/bin/../lib/gcc/arm-none-eabi/15.1.0/../../../../arm-none-eabi/lib/thumb\libg.a(libc_a-dtoa.o)
                0x0201de2c                _dtoa_r
 .text._wcrtomb_r
                0x0201eedc       0x84 C:/devkitPro/devkitARM/bin/../lib/gcc/arm-none-eabi/15.1.0/../../../../arm-none-eabi/lib/thumb\libg.a(libc_a-wcrtomb.o)
                0x0201eedc                _wcrtomb_r
 .text.__sflags
                0x0201ef60       0x98 C:/devkitPro/devkitARM/bin/../lib/gcc/arm-none-eabi/15.1.0/../../../../arm-none-eabi/lib/thumb\libg.a(libc_a-flags.o)
                0x0201ef60                __sflags
 .text._strtol_l.part.0
                0x0201eff8      0x25c C:/devkitPro/devkitARM/bin/../lib/gcc/arm-none-eabi/15.1.0/../../../../arm-none-eabi/lib/thumb\libg.a(libc_a-strtol.o)
 .text._strtol_r
                0x0201f254       0x34 C:/devkitPro/devkitARM/bin/../lib/gcc/arm-none-eabi/15.1.0/../../../../arm-none-eabi/lib/thumb\libg.a(libc_a-strtol.o)
                0x0201f254                _strtol_r
 .text.__libc_fini_array
                0x0201f288       0x30 C:/devkitPro/devkitARM/bin/../lib/gcc/arm-none-eabi/15.1.0/../../../../arm-none-eabi/lib/thumb\libg.a(libc_a-fini.o)
                0x0201f288                __libc_fini_array
 .text._tzset_unlocked_r
                0x0201f2b8      0x490 C:/devkitPro/devkitARM/bin/../lib/gcc/arm-none-eabi/15.1.0/../../../../arm-none-eabi/lib/thumb\libg.a(libc_a-tzset_r.o)
                0x0201f2b8                _tzset_unlocked_r
 .text.__sccl   0x0201f748       0xb0 C:/devkitPro/devkitARM/bin/../lib/gcc/arm-none-eabi/15.1.0/../../../../arm-none-eabi/lib/thumb\libg.a(libc_a-sccl.o)
                0x0201f748                __sccl
 .text.lflush   0x0201f7f8       0x24 C:/devkitPro/devkitARM/bin/../lib/gcc/arm-none-eabi/15.1.0/../../../../arm-none-eabi/lib/thumb\libg.a(libc_a-refill.o)
 .text.__srefill_r
                0x0201f81c      0x108 C:/devkitPro/devkitARM/bin/../lib/gcc/arm-none-eabi/15.1.0/../../../../arm-none-eabi/lib/thumb\libg.a(libc_a-refill.o)
                0x0201f81c                __srefill_r
 .text.__smakebuf_r
                0x0201f924       0xe0 C:/devkitPro/devkitARM/bin/../lib/gcc/arm-none-eabi/15.1.0/../../../../arm-none-eabi/lib/thumb\libg.a(libc_a-makebuf.o)
                0x0201f924                __smakebuf_r
 .text.__swhatbuf_r
                0x0201fa04       0x5c C:/devkitPro/devkitARM/bin/../lib/gcc/arm-none-eabi/15.1.0/../../../../arm-none-eabi/lib/thumb\libg.a(libc_a-makebuf.o)
                0x0201fa04                __swhatbuf_r
 .text._findenv_r
                0x0201fa60       0x94 C:/devkitPro/devkitARM/bin/../lib/gcc/arm-none-eabi/15.1.0/../../../../arm-none-eabi/lib/thumb\libg.a(libc_a-getenv_r.o)
                0x0201fa60                _findenv_r
 .text._getenv_r
                0x0201faf4       0x10 C:/devkitPro/devkitARM/bin/../lib/gcc/arm-none-eabi/15.1.0/../../../../arm-none-eabi/lib/thumb\libg.a(libc_a-getenv_r.o)
                0x0201faf4                _getenv_r
 .text.__ssputs_r
                0x0201fb04       0xd4 C:/devkitPro/devkitARM/bin/../lib/gcc/arm-none-eabi/15.1.0/../../../../arm-none-eabi/lib/thumb\libg.a(libc_a-ssputs_r.o)
                0x0201fb04                __ssputs_r
 .text._ftello_r
                0x0201fbd8      0x124 C:/devkitPro/devkitARM/bin/../lib/gcc/arm-none-eabi/15.1.0/../../../../arm-none-eabi/lib/thumb\libg.a(libc_a-ftello.o)
                0x0201fbd8                _ftello_r
 .text.__utf8_wctomb
                0x0201fcfc       0xbc C:/devkitPro/devkitARM/bin/../lib/gcc/arm-none-eabi/15.1.0/../../../../arm-none-eabi/lib/thumb\libg.a(libc_a-wctomb_r.o)
                0x0201fcfc                __utf8_wctomb
 .text._strtoull_l.isra.0
                0x0201fdb8      0x1c0 C:/devkitPro/devkitARM/bin/../lib/gcc/arm-none-eabi/15.1.0/../../../../arm-none-eabi/lib/thumb\libg.a(libc_a-strtoull.o)
 .text._strtoull_r
                0x0201ff78       0x20 C:/devkitPro/devkitARM/bin/../lib/gcc/arm-none-eabi/15.1.0/../../../../arm-none-eabi/lib/thumb\libg.a(libc_a-strtoull.o)
                0x0201ff78                _strtoull_r
 .text._mbrtowc_r
                0x0201ff98       0x98 C:/devkitPro/devkitARM/bin/../lib/gcc/arm-none-eabi/15.1.0/../../../../arm-none-eabi/lib/thumb\libg.a(libc_a-mbrtowc.o)
                0x0201ff98                _mbrtowc_r
 .text.__swsetup_r
                0x02020030       0xd4 C:/devkitPro/devkitARM/bin/../lib/gcc/arm-none-eabi/15.1.0/../../../../arm-none-eabi/lib/thumb\libg.a(libc_a-wsetup.o)
                0x02020030                __swsetup_r
 .text.strncmp  0x02020104       0x70 C:/devkitPro/devkitARM/bin/../lib/gcc/arm-none-eabi/15.1.0/../../../../arm-none-eabi/lib/thumb\libg.a(libc_a-strncmp.o)
                0x02020104                strncmp
 .text.__env_lock
                0x02020174       0x14 C:/devkitPro/devkitARM/bin/../lib/gcc/arm-none-eabi/15.1.0/../../../../arm-none-eabi/lib/thumb\libg.a(libc_a-envlock.o)
                0x02020174                __env_lock
 .text.__env_unlock
                0x02020188       0x14 C:/devkitPro/devkitARM/bin/../lib/gcc/arm-none-eabi/15.1.0/../../../../arm-none-eabi/lib/thumb\libg.a(libc_a-envlock.o)
                0x02020188                __env_unlock
 .text.__assert_func
                0x0202019c       0x40 C:/devkitPro/devkitARM/bin/../lib/gcc/arm-none-eabi/15.1.0/../../../../arm-none-eabi/lib/thumb\libg.a(libc_a-assert.o)
                0x0202019c                __assert_func
 .text.iswspace_l
                0x020201dc       0x28 C:/devkitPro/devkitARM/bin/../lib/gcc/arm-none-eabi/15.1.0/../../../../arm-none-eabi/lib/thumb\libg.a(libc_a-iswspace_l.o)
                0x020201dc                iswspace_l
 .text._Balloc  0x02020204       0x5c C:/devkitPro/devkitARM/bin/../lib/gcc/arm-none-eabi/15.1.0/../../../../arm-none-eabi/lib/thumb\libg.a(libc_a-mprec.o)
                0x02020204                _Balloc
 .text._Bfree   0x02020260       0x14 C:/devkitPro/devkitARM/bin/../lib/gcc/arm-none-eabi/15.1.0/../../../../arm-none-eabi/lib/thumb\libg.a(libc_a-mprec.o)
                0x02020260                _Bfree
 .text.__multadd
                0x02020274       0xa8 C:/devkitPro/devkitARM/bin/../lib/gcc/arm-none-eabi/15.1.0/../../../../arm-none-eabi/lib/thumb\libg.a(libc_a-mprec.o)
                0x02020274                __multadd
 .text.__hi0bits
                0x0202031c       0x60 C:/devkitPro/devkitARM/bin/../lib/gcc/arm-none-eabi/15.1.0/../../../../arm-none-eabi/lib/thumb\libg.a(libc_a-mprec.o)
                0x0202031c                __hi0bits
 .text.__lo0bits
                0x0202037c       0x8c C:/devkitPro/devkitARM/bin/../lib/gcc/arm-none-eabi/15.1.0/../../../../arm-none-eabi/lib/thumb\libg.a(libc_a-mprec.o)
                0x0202037c                __lo0bits
 .text.__i2b    0x02020408       0x64 C:/devkitPro/devkitARM/bin/../lib/gcc/arm-none-eabi/15.1.0/../../../../arm-none-eabi/lib/thumb\libg.a(libc_a-mprec.o)
                0x02020408                __i2b
 .text.__multiply
                0x0202046c      0x1b4 C:/devkitPro/devkitARM/bin/../lib/gcc/arm-none-eabi/15.1.0/../../../../arm-none-eabi/lib/thumb\libg.a(libc_a-mprec.o)
                0x0202046c                __multiply
 .text.__pow5mult
                0x02020620       0xd8 C:/devkitPro/devkitARM/bin/../lib/gcc/arm-none-eabi/15.1.0/../../../../arm-none-eabi/lib/thumb\libg.a(libc_a-mprec.o)
                0x02020620                __pow5mult
 .text.__lshift
                0x020206f8       0xf8 C:/devkitPro/devkitARM/bin/../lib/gcc/arm-none-eabi/15.1.0/../../../../arm-none-eabi/lib/thumb\libg.a(libc_a-mprec.o)
                0x020206f8                __lshift
 .text.__mcmp   0x020207f0       0x50 C:/devkitPro/devkitARM/bin/../lib/gcc/arm-none-eabi/15.1.0/../../../../arm-none-eabi/lib/thumb\libg.a(libc_a-mprec.o)
                0x020207f0                __mcmp
 .text.__mdiff  0x02020840      0x1a4 C:/devkitPro/devkitARM/bin/../lib/gcc/arm-none-eabi/15.1.0/../../../../arm-none-eabi/lib/thumb\libg.a(libc_a-mprec.o)
                0x02020840                __mdiff
 .text.__d2b    0x020209e4       0xd4 C:/devkitPro/devkitARM/bin/../lib/gcc/arm-none-eabi/15.1.0/../../../../arm-none-eabi/lib/thumb\libg.a(libc_a-mprec.o)
                0x020209e4                __d2b
 .text._strtoll_l.isra.0
                0x02020ab8      0x300 C:/devkitPro/devkitARM/bin/../lib/gcc/arm-none-eabi/15.1.0/../../../../arm-none-eabi/lib/thumb\libg.a(libc_a-strtoll.o)
 .text._strtoll_r
                0x02020db8       0x20 C:/devkitPro/devkitARM/bin/../lib/gcc/arm-none-eabi/15.1.0/../../../../arm-none-eabi/lib/thumb\libg.a(libc_a-strtoll.o)
                0x02020db8                _strtoll_r
 .text.__submore
                0x02020dd8       0x7c C:/devkitPro/devkitARM/bin/../lib/gcc/arm-none-eabi/15.1.0/../../../../arm-none-eabi/lib/thumb\libg.a(libc_a-ungetc.o)
                0x02020dd8                __submore
 .text.fiprintf
                0x02020e54       0x28 C:/devkitPro/devkitARM/bin/../lib/gcc/arm-none-eabi/15.1.0/../../../../arm-none-eabi/lib/thumb\libg.a(libc_a-fiprintf.o)
                0x02020e54                fiprintf
 .text.__swbuf_r
                0x02020e7c       0x98 C:/devkitPro/devkitARM/bin/../lib/gcc/arm-none-eabi/15.1.0/../../../../arm-none-eabi/lib/thumb\libg.a(libc_a-wbuf.o)
                0x02020e7c                __swbuf_r
 .text.abort    0x02020f14       0x10 C:/devkitPro/devkitARM/bin/../lib/gcc/arm-none-eabi/15.1.0/../../../../arm-none-eabi/lib/thumb\libg.a(libc_a-abort.o)
                0x02020f14                abort
 .text.category
                0x02020f24       0x5c C:/devkitPro/devkitARM/bin/../lib/gcc/arm-none-eabi/15.1.0/../../../../arm-none-eabi/lib/thumb\libg.a(libc_a-categories.o)
                0x02020f24                category
 .text._raise_r
                0x02020f80       0x60 C:/devkitPro/devkitARM/bin/../lib/gcc/arm-none-eabi/15.1.0/../../../../arm-none-eabi/lib/thumb\libg.a(libc_a-signal.o)
                0x02020f80                _raise_r
 .text.raise    0x02020fe0       0x14 C:/devkitPro/devkitARM/bin/../lib/gcc/arm-none-eabi/15.1.0/../../../../arm-none-eabi/lib/thumb\libg.a(libc_a-signal.o)
                0x02020fe0                raise
 .text._exit    0x02020ff4       0x14 C:/devkitPro/devkitARM/bin/../lib/gcc/arm-none-eabi/15.1.0/../../../../arm-none-eabi/lib/thumb\libsysbase.a(libsysbase_libsysbase_a-_exit.o)
                0x02020ff4                _exit
 .text.chdir    0x02021008       0xe4 C:/devkitPro/devkitARM/bin/../lib/gcc/arm-none-eabi/15.1.0/../../../../arm-none-eabi/lib/thumb\libsysbase.a(libsysbase_libsysbase_a-chdir.o)
                0x02021008                chdir
 .text._concatenate_path
                0x020210ec      0x134 C:/devkitPro/devkitARM/bin/../lib/gcc/arm-none-eabi/15.1.0/../../../../arm-none-eabi/lib/thumb\libsysbase.a(libsysbase_libsysbase_a-concatenate.o)
                0x020210ec                _concatenate_path
 .text.__dirnext
                0x02021220       0x4c C:/devkitPro/devkitARM/bin/../lib/gcc/arm-none-eabi/15.1.0/../../../../arm-none-eabi/lib/thumb\libsysbase.a(libsysbase_libsysbase_a-dirent.o)
 .text.__dirreset.isra.0
                0x0202126c       0x44 C:/devkitPro/devkitARM/bin/../lib/gcc/arm-none-eabi/15.1.0/../../../../arm-none-eabi/lib/thumb\libsysbase.a(libsysbase_libsysbase_a-dirent.o)
 .text.opendir  0x020212b0       0xc0 C:/devkitPro/devkitARM/bin/../lib/gcc/arm-none-eabi/15.1.0/../../../../arm-none-eabi/lib/thumb\libsysbase.a(libsysbase_libsysbase_a-dirent.o)
                0x020212b0                opendir
 .text.closedir
                0x02021370       0x70 C:/devkitPro/devkitARM/bin/../lib/gcc/arm-none-eabi/15.1.0/../../../../arm-none-eabi/lib/thumb\libsysbase.a(libsysbase_libsysbase_a-dirent.o)
                0x02021370                closedir
 .text.readdir_r
                0x020213e0       0x8c C:/devkitPro/devkitARM/bin/../lib/gcc/arm-none-eabi/15.1.0/../../../../arm-none-eabi/lib/thumb\libsysbase.a(libsysbase_libsysbase_a-dirent.o)
                0x020213e0                readdir_r
 .text.readdir  0x0202146c       0x28 C:/devkitPro/devkitARM/bin/../lib/gcc/arm-none-eabi/15.1.0/../../../../arm-none-eabi/lib/thumb\libsysbase.a(libsysbase_libsysbase_a-dirent.o)
                0x0202146c                readdir
 .text.rewinddir
                0x02021494       0x18 C:/devkitPro/devkitARM/bin/../lib/gcc/arm-none-eabi/15.1.0/../../../../arm-none-eabi/lib/thumb\libsysbase.a(libsysbase_libsysbase_a-dirent.o)
                0x02021494                rewinddir
 .text._fstat_r
                0x020214ac       0x5c C:/devkitPro/devkitARM/bin/../lib/gcc/arm-none-eabi/15.1.0/../../../../arm-none-eabi/lib/thumb\libsysbase.a(libsysbase_libsysbase_a-fstat.o)
                0x020214ac                _fstat_r
 .text._getpid_r
                0x02021508        0xc C:/devkitPro/devkitARM/bin/../lib/gcc/arm-none-eabi/15.1.0/../../../../arm-none-eabi/lib/thumb\libsysbase.a(libsysbase_libsysbase_a-getpid.o)
                0x02021508                _getpid_r
 .text.__getreent
                0x02021514       0x20 C:/devkitPro/devkitARM/bin/../lib/gcc/arm-none-eabi/15.1.0/../../../../arm-none-eabi/lib/thumb\libsysbase.a(libsysbase_libsysbase_a-getreent.o)
                0x02021514                __getreent
 .text._gettimeofday_r
                0x02021534       0x20 C:/devkitPro/devkitARM/bin/../lib/gcc/arm-none-eabi/15.1.0/../../../../arm-none-eabi/lib/thumb\libsysbase.a(libsysbase_libsysbase_a-gettod.o)
                0x02021534                _gettimeofday_r
 .text.__release_handle
                0x02021554       0x6c C:/devkitPro/devkitARM/bin/../lib/gcc/arm-none-eabi/15.1.0/../../../../arm-none-eabi/lib/thumb\libsysbase.a(libsysbase_libsysbase_a-handle_manager.o)
                0x02021554                __release_handle
 .text.__alloc_handle
                0x020215c0       0x7c C:/devkitPro/devkitARM/bin/../lib/gcc/arm-none-eabi/15.1.0/../../../../arm-none-eabi/lib/thumb\libsysbase.a(libsysbase_libsysbase_a-handle_manager.o)
                0x020215c0                __alloc_handle
 .text.__get_handle
                0x0202163c       0x34 C:/devkitPro/devkitARM/bin/../lib/gcc/arm-none-eabi/15.1.0/../../../../arm-none-eabi/lib/thumb\libsysbase.a(libsysbase_libsysbase_a-handle_manager.o)
                0x0202163c                __get_handle
 .text._close_r
                0x02021670       0xb0 C:/devkitPro/devkitARM/bin/../lib/gcc/arm-none-eabi/15.1.0/../../../../arm-none-eabi/lib/thumb\libsysbase.a(libsysbase_libsysbase_a-handle_manager.o)
                0x02021670                _close_r
 .text.null_write
                0x02021720        0x4 C:/devkitPro/devkitARM/bin/../lib/gcc/arm-none-eabi/15.1.0/../../../../arm-none-eabi/lib/thumb\libsysbase.a(libsysbase_libsysbase_a-iosupport.o)
 .text.setDefaultDevice
                0x02021724       0x10 C:/devkitPro/devkitARM/bin/../lib/gcc/arm-none-eabi/15.1.0/../../../../arm-none-eabi/lib/thumb\libsysbase.a(libsysbase_libsysbase_a-iosupport.o)
                0x02021724                setDefaultDevice
 .text.FindDevice
                0x02021734       0x90 C:/devkitPro/devkitARM/bin/../lib/gcc/arm-none-eabi/15.1.0/../../../../arm-none-eabi/lib/thumb\libsysbase.a(libsysbase_libsysbase_a-iosupport.o)
                0x02021734                FindDevice
 .text.AddDevice
                0x020217c4       0x7c C:/devkitPro/devkitARM/bin/../lib/gcc/arm-none-eabi/15.1.0/../../../../arm-none-eabi/lib/thumb\libsysbase.a(libsysbase_libsysbase_a-iosupport.o)
                0x020217c4                AddDevice
 .text.GetDeviceOpTab
                0x02021840       0x20 C:/devkitPro/devkitARM/bin/../lib/gcc/arm-none-eabi/15.1.0/../../../../arm-none-eabi/lib/thumb\libsysbase.a(libsysbase_libsysbase_a-iosupport.o)
                0x02021840                GetDeviceOpTab
 .text._isatty_r
                0x02021860        0x4 C:/devkitPro/devkitARM/bin/../lib/gcc/arm-none-eabi/15.1.0/../../../../arm-none-eabi/lib/thumb\libsysbase.a(libsysbase_libsysbase_a-isatty.o)
                0x02021860                _isatty_r
 .text._kill_r  0x02021864        0xc C:/devkitPro/devkitARM/bin/../lib/gcc/arm-none-eabi/15.1.0/../../../../arm-none-eabi/lib/thumb\libsysbase.a(libsysbase_libsysbase_a-kill.o)
                0x02021864                _kill_r
 .text._lseek_r
                0x02021870       0x64 C:/devkitPro/devkitARM/bin/../lib/gcc/arm-none-eabi/15.1.0/../../../../arm-none-eabi/lib/thumb\libsysbase.a(libsysbase_libsysbase_a-lseek.o)
                0x02021870                _lseek_r