Archive member included to satisfy reference by file (symbol)

C:/devkitPro/libnds/lib\libfat.a(fat_wrappers.o)
                              main.o (fatInitDefault)
C:/devkitPro/libnds/lib\libfat.a(dvm_calico.o)
                              C:/devkitPro/libnds/lib\libfat.a(fat_wrappers.o) (dvmInit)
C:/devkitPro/libnds/lib\libfat.a(dvm_disc.o)
                              C:/devkitPro/libnds/lib\libfat.a(fat_wrappers.o) (dvmDiscCreate)
C:/devkitPro/libnds/lib\libfat.a(dvm_cache.o)
                              C:/devkitPro/libnds/lib\libfat.a(fat_wrappers.o) (dvmDiscCacheCreate)
C:/devkitPro/libnds/lib\libfat.a(dvm_volume.o)
                              C:/devkitPro/libnds/lib\libfat.a(fat_wrappers.o) (dvmMountVolume)
C:/devkitPro/libnds/lib\libfat.a(dvm_prober.o)
                              C:/devkitPro/libnds/lib\libfat.a(dvm_calico.o) (dvmProbeMountDisc)
C:/devkitPro/libnds/lib\libfat.a(fat_driver.o)
                              C:/devkitPro/libnds/lib\libfat.a(dvm_volume.o) (g_vfatFsDriver)
C:/devkitPro/libnds/lib\libfat.a(ff.o)
                              C:/devkitPro/libnds/lib\libfat.a(fat_driver.o) (f_mount)
C:/devkitPro/libnds/lib\libfat.a(ffunicode.o)
                              C:/devkitPro/libnds/lib\libfat.a(ff.o) (ff_uni2oem)
C:/devkitPro/libnds/lib\libnds9.a(background.o)
                              intro.o (bgState)
C:/devkitPro/libnds/lib\libnds9.a(console.o)
                              main.o (consoleInit)
C:/devkitPro/libnds/lib\libnds9.a(decompress.o)
                              intro.o (decompress)
C:/devkitPro/libnds/lib\libnds9.a(exceptionDefault.o)
                              main.o (defaultExceptionHandler)
C:/devkitPro/libnds/lib\libnds9.a(gurumeditation.o)
                              C:/devkitPro/libnds/lib\libnds9.a(exceptionDefault.o) (guruMeditationDump)
C:/devkitPro/libnds/lib\libnds9.a(keys.o)
                              intro.o (scanKeys)
C:/devkitPro/libnds/lib\libnds9.a(sprite_alloc.o)
                              main.o (oamAllocateGfx)
C:/devkitPro/libnds/lib\libnds9.a(sprite.o)
                              intro.o (oamInit)
C:/devkitPro/libnds/lib\libnds9.a(trig.o)
                              C:/devkitPro/libnds/lib\libnds9.a(background.o) (sinLerp)
C:/devkitPro/libnds/lib\libnds9.a(exceptionEntry.o)
                              C:/devkitPro/libnds/lib\libnds9.a(exceptionDefault.o) (__libnds_excpt)
C:/devkitPro/libnds/lib\libnds9.a(default_font.bin.o)
                              C:/devkitPro/libnds/lib\libnds9.a(console.o) (default_font_bin)
C:/devkitPro/libnds/lib\libmm9.a(mm_comms9.o)
                              intro.o (mmStart)
C:/devkitPro/libnds/lib\libmm9.a(mm_loader.o)
                              intro.o (mmInitDefaultMem)
C:/devkitPro/calico/lib\libcalico_ds9.a(tick.o)
                              C:/devkitPro/libnds/lib\libmm9.a(mm_comms9.o) (tickInit)
C:/devkitPro/calico/lib\libcalico_ds9.a(thread_cold.o)
                              intro.o (threadIrqWait)
C:/devkitPro/calico/lib\libcalico_ds9.a(thread_hot.32.o)
                              C:/devkitPro/libnds/lib\libnds9.a(exceptionDefault.o) (__sched_state)
C:/devkitPro/calico/lib\libcalico_ds9.a(dietprint.o)
                              C:/devkitPro/libnds/lib\libnds9.a(exceptionDefault.o) (g_dietPrintFn)
C:/devkitPro/calico/lib\libcalico_ds9.a(newlib_syscalls.o)
                              C:/devkitPro/libnds/lib\libfat.a(fat_driver.o) (__errno)
C:/devkitPro/calico/lib\libcalico_ds9.a(arm-copy-fill.32.o)
                              C:/devkitPro/libnds/lib\libfat.a(dvm_calico.o) (armCopyMem32)
C:/devkitPro/calico/lib\libcalico_ds9.a(arm-context.32.o)
                              C:/devkitPro/calico/lib\libcalico_ds9.a(thread_cold.o) (armContextSave)
C:/devkitPro/calico/lib\libcalico_ds9.a(arm-shims.32.o)
                              C:/devkitPro/calico/lib\libcalico_ds9.a(thread_cold.o) (armWaitForIrq)
C:/devkitPro/calico/lib\libcalico_ds9.a(arm-cache.32.o)
                              main.o (armDCacheFlush)
C:/devkitPro/calico/lib\libcalico_ds9.a(startup.crt0.o)
                              C:/devkitPro/libnds/lib\libfat.a(dvm_calico.o) (g_isTwlMode)
C:/devkitPro/calico/lib\libcalico_ds9.a(utils.crt0.o)
                              C:/devkitPro/calico/lib\libcalico_ds9.a(startup.crt0.o) (crt0CopyMem32)
C:/devkitPro/calico/lib\libcalico_ds9.a(bios.o)
                              C:/devkitPro/libnds/lib\libnds9.a(decompress.o) (svcLZ77UncompWram)
C:/devkitPro/calico/lib\libcalico_ds9.a(pxi.o)
                              C:/devkitPro/calico/lib\libcalico_ds9.a(startup.crt0.o) (_pxiInit)
C:/devkitPro/calico/lib\libcalico_ds9.a(keypad.o)
                              C:/devkitPro/libnds/lib\libnds9.a(keys.o) (keypadGetState)
C:/devkitPro/calico/lib\libcalico_ds9.a(pm.o)
                              main.o (pmMainLoop)
C:/devkitPro/calico/lib\libcalico_ds9.a(bootstub_arm9.o)
                              (__ds9_bootstub)
[...]
Memory Configuration

Name             Origin             Length             Attributes
lma9             0x02004000         0x0027c000
lma9i            0x02400000         0x00280000
vectors          0x00000000         0x00000020
itcm             0x01ff8020         0x00007fe0
main             0x02001000         0x00f7f000
dtcm             0x02ff0000         0x00003e80
dldi             0x0380b000         0x00004000
stub             0x0e000000         0x00004000
tls              0x00000000         0x00000400
*default*        0x00000000         0xffffffff

Linker script and memory map

                0x00000000                        __sync_synchronize = __sync_synchronize_none
LOAD C:/devkitPro/devkitARM/bin/../lib/gcc/arm-none-eabi/15.1.0/thumb/crti.o
LOAD C:/devkitPro/devkitARM/bin/../lib/gcc/arm-none-eabi/15.1.0/thumb/crtbegin.o
LOAD soundbank.bin.o
LOAD GFXalfPresents.o
LOAD GFXbackground.o
LOAD GFXconsoleInput.o
LOAD GFXinput.o
LOAD GFXintro.o
LOAD GFXnewImageInput.o
LOAD GFXselector16.o
LOAD GFXselector24.o
LOAD avdslib.o
LOAD formats.o
LOAD intro.o
LOAD main.o
LOAD drawSurfaceBottom16x.o
LOAD drawSurfaceBottom2x.o
LOAD drawSurfaceBottom32x.o
LOAD drawSurfaceBottom4x.o
LOAD drawSurfaceBottom8x.o
LOAD header.o
LOAD memcpy_fast_arm9.o
LOAD C:/devkitPro/libnds/lib\libfat.a
LOAD C:/devkitPro/libnds/lib\libnds9.a
LOAD C:/devkitPro/libnds/lib\libmm9.a
LOAD C:/devkitPro/calico/lib\libcalico_ds9.a
LOAD C:/devkitPro/devkitARM/bin/../lib/gcc/arm-none-eabi/15.1.0/../../../../arm-none-eabi/lib/thumb\libstdc++.a
LOAD C:/devkitPro/devkitARM/bin/../lib/gcc/arm-none-eabi/15.1.0/../../../../arm-none-eabi/lib/thumb\libm.a
START GROUP
LOAD C:/devkitPro/devkitARM/bin/../lib/gcc/arm-none-eabi/15.1.0/thumb\libgcc.a
LOAD C:/devkitPro/devkitARM/bin/../lib/gcc/arm-none-eabi/15.1.0/../../../../arm-none-eabi/lib/thumb\libg.a
LOAD C:/devkitPro/devkitARM/bin/../lib/gcc/arm-none-eabi/15.1.0/../../../../arm-none-eabi/lib/thumb\libc.a
LOAD C:/devkitPro/devkitARM/bin/../lib/gcc/arm-none-eabi/15.1.0/../../../../arm-none-eabi/lib/thumb\libsysbase.a
END GROUP
LOAD C:/devkitPro/devkitARM/bin/../lib/gcc/arm-none-eabi/15.1.0/thumb/crtend.o
LOAD C:/devkitPro/devkitARM/bin/../lib/gcc/arm-none-eabi/15.1.0/thumb/crtn.o
                0x02ff3e80                        PROVIDE (__sp_usr = (ORIGIN (dtcm) + LENGTH (dtcm)))
                0x02ff3f80                        PROVIDE (__sp_irq = (__sp_usr + 0x100))
                0x02ff3fc0                        PROVIDE (__sp_svc = (__sp_irq + 0x40))
                0x02ff3ff8                        PROVIDE (__irq_flags = (__sp_svc + 0x38))
                [!provide]                        PROVIDE (__irq_vector = (__sp_svc + 0x3c))
                [!provide]                        PROVIDE (__arm_excpt_rst = 0xffff0000)
                [!provide]                        PROVIDE (__arm_excpt_und = 0xffff0004)
                0xffff0008                        PROVIDE (__arm_excpt_svc = 0xffff0008)
                [!provide]                        PROVIDE (__arm_excpt_pabt = 0xffff000c)
                [!provide]                        PROVIDE (__arm_excpt_dabt = 0xffff0010)
                [!provide]                        PROVIDE (__arm_excpt_irq = 0xffff0018)
                [!provide]                        PROVIDE (__arm_excpt_fiq = 0xffff001c)
                0x00000000                        PROVIDE (__end__ = 0x0)

.secure         0x0e000000      0x800 load address 0x02004000
                0x0e0007fc                        . = (. + 0x7fc)
 *fill*         0x0e000000      0x7fc 00000000
                0x0e0007fc        0x4 LONG 0x0

.bootstub       0x0e000800      0x198 load address 0x02004800
 *(.bootstub .bootstub.*)
 .bootstub.__ds9_bootstub
                0x0e000800      0x198 C:/devkitPro/calico/lib\libcalico_ds9.a(bootstub_arm9.o)
                0x0e000800                __ds9_bootstub
                0x0e000998                        . = ALIGN (0x4)

.crt0           0x02001000      0x3c0 load address 0x02004998
 *(.crt0 .crt0.*)
 .crt0.__ds9_bootstub_trampoline
                0x02001000       0x60 C:/devkitPro/calico/lib\libcalico_ds9.a(bootstub_arm9.o)
 *.crt0.*(.text .stub .text.* .gnu.linkonce.t.*)
 .text.crt0ProcessLoadList
                0x02001060       0x74 C:/devkitPro/calico/lib\libcalico_ds9.a(startup.crt0.o)
                0x02001060                crt0ProcessLoadList
 .text.crt0Startup
                0x020010d4      0x180 C:/devkitPro/calico/lib\libcalico_ds9.a(startup.crt0.o)
                0x020010d4                crt0Startup
 .text.crt0CopyMem32
                0x02001254       0x4c C:/devkitPro/calico/lib\libcalico_ds9.a(utils.crt0.o)
                0x02001254                crt0CopyMem32
 .text.crt0FillMem32
                0x020012a0       0x58 C:/devkitPro/calico/lib\libcalico_ds9.a(utils.crt0.o)
                0x020012a0                crt0FillMem32
 .text.crt0SetupMPU
                0x020012f8       0xb4 C:/devkitPro/calico/lib\libcalico_ds9.a(mpu_setup.crt0.o)
                0x020012f8                crt0SetupMPU
 *.crt0.*(.glue_7t .glue_7 .vfp11_veneer .v4_bx)
 *.crt0.*(.rodata .rodata.* .gnu.linkonce.r.*)
 *.crt0.*(.rodata1)
                0x020013c0                        . = ALIGN (0x20)
 *fill*         0x020013ac       0x14 ff
                0x02004998                        PROVIDE (__crt0_lma = LOADADDR (.crt0))
                0x02001000                        PROVIDE (__crt0_start = ADDR (.crt0))
                0x020013c0                        PROVIDE (__crt0_end = (ADDR (.crt0) + SIZEOF (.crt0)))
                0x00000001                        ASSERT (((__crt0_end <= LOADADDR (.bootstub)) || (__crt0_start >= (LOADADDR (.bootstub) + SIZEOF (.bootstub)))), Error: crt0 section overlaps initial bootstrap)

.dldi           0x0380b000     0x4000 load address 0x02004d58
 *(.dldi)
 .dldi          0x0380b000     0x4000 C:/devkitPro/calico/lib\libcalico_ds9.a(dldi_stub.o)
                0x0380b000                __dldi_start
                0x02004d58                        PROVIDE (__dldi_lma = SIZEOF (.dldi)?LOADADDR (.dldi):0x0)

.vectors        0x00000000       0x20 load address 0x02008d58
 *(.vectors)
 .vectors       0x00000000       0x20 C:/devkitPro/calico/lib\libcalico_ds9.a(bootstub_arm9.o)

.itcm           0x01ff8020      0x700 load address 0x02008d78
 *(.itcm .itcm.*)
 .itcm          0x01ff8020       0x30 C:/devkitPro/calico/lib\libcalico_ds9.a(bootstub_arm9.o)
                0x01ff8038                __excpt_vectors
 *.itcm.*(.text .stub .text.* .gnu.linkonce.t.*)
 *.32.o(.text .stub .text.* .gnu.linkonce.t.*)
 .text.threadReschedule
                0x01ff8050       0x88 C:/devkitPro/calico/lib\libcalico_ds9.a(thread_hot.32.o)
 .text.threadBlock
                0x01ff80d8       0xd8 C:/devkitPro/calico/lib\libcalico_ds9.a(thread_hot.32.o)
                0x01ff80d8                threadBlock
 .text.threadUnblockOneByValue
                0x01ff81b0       0xc0 C:/devkitPro/calico/lib\libcalico_ds9.a(thread_hot.32.o)
                0x01ff81b0                threadUnblockOneByValue
 .text.threadUnblockAllByValue
                0x01ff8270      0x130 C:/devkitPro/calico/lib\libcalico_ds9.a(thread_hot.32.o)
                0x01ff8270                threadUnblockAllByValue
 .text.threadUnblockAllByMask
                0x01ff83a0      0x134 C:/devkitPro/calico/lib\libcalico_ds9.a(thread_hot.32.o)
                0x01ff83a0                threadUnblockAllByMask
 .text.armCopyMem32
                0x01ff84d4       0x4c C:/devkitPro/calico/lib\libcalico_ds9.a(arm-copy-fill.32.o)
                0x01ff84d4                armCopyMem32
 .text.armContextSave
                0x01ff8520       0x2c C:/devkitPro/calico/lib\libcalico_ds9.a(arm-context.32.o)
                0x01ff8520                armContextSave
 .text.armContextLoad
                0x01ff854c       0x20 C:/devkitPro/calico/lib\libcalico_ds9.a(arm-context.32.o)
                0x01ff854c                armContextLoad
                0x01ff8550                armContextLoadFromSvc
 .text.armWaitForIrq
                0x01ff856c        0x8 C:/devkitPro/calico/lib\libcalico_ds9.a(arm-shims.32.o)
                0x01ff856c                armWaitForIrq
 .text.armDrainWriteBuffer
                0x01ff8574        0xc C:/devkitPro/calico/lib\libcalico_ds9.a(arm-cache.32.o)
                0x01ff8574                armDrainWriteBuffer
 .text.armDCacheFlushAll
                0x01ff8580       0x28 C:/devkitPro/calico/lib\libcalico_ds9.a(arm-cache.32.o)
                0x01ff8580                armDCacheFlushAll
 .text.armDCacheFlush
                0x01ff85a8       0x1c C:/devkitPro/calico/lib\libcalico_ds9.a(arm-cache.32.o)
                0x01ff85a8                armDCacheFlush
 .text.armDCacheInvalidate
                0x01ff85c4       0x1c C:/devkitPro/calico/lib\libcalico_ds9.a(arm-cache.32.o)
                0x01ff85c4                armDCacheInvalidate
 .text.armICacheInvalidateAll
                0x01ff85e0        0xc C:/devkitPro/calico/lib\libcalico_ds9.a(arm-cache.32.o)
                0x01ff85e0                armICacheInvalidateAll
 .text.__excpt_entry
                0x01ff85ec       0x50 C:/devkitPro/calico/lib\libcalico_ds9.a(excpt_handler.32.o)
                0x01ff85ec                __arm_excpt_rst
                0x01ff85f0                __arm_excpt_pabt
                0x01ff85f4                __arm_excpt_und
                0x01ff8600                __arm_excpt_dabt
 .text.__arm_excpt_irq
                0x01ff863c       0xe4 C:/devkitPro/calico/lib\libcalico_ds9.a(irq_handler.32.o)
                0x01ff863c                __arm_excpt_irq
 *.itcm.*(.glue_7t .glue_7 .vfp11_veneer .v4_bx)
 *.32.o(.glue_7t .glue_7 .vfp11_veneer .v4_bx)
 *.itcm.*(.rodata .rodata.* .gnu.linkonce.r.*)
 *.32.o(.rodata .rodata.* .gnu.linkonce.r.*)
 *.itcm.*(.rodata1)
 *.32.o(.rodata1)
                0x01ff8720                        . = ALIGN (0x4)
                0x02008d58                        PROVIDE (__itcm_lma = LOADADDR (.vectors))
                0x01ff8000                        PROVIDE (__itcm_start = (ADDR (.itcm) - SIZEOF (.vectors)))
                0x01ff8720                        PROVIDE (__itcm_end = (ADDR (.itcm) + SIZEOF (.itcm)))
                0x00000001                        ASSERT (((__itcm_lma + SIZEOF (.vectors)) == LOADADDR (.itcm)), Error: gap between vectors and itcm)

.dtcm           0x02ff0000        0x0 load address 0x02009478
 *(.dtcm .dtcm.*)
 *.32.o(.data .data.* .gnu.linkonce.d.*)
 *.32.o(.data1)
                0x02ff0000                        . = ALIGN (0x4)
                [!provide]                        PROVIDE (__dtcm_lma = LOADADDR (.dtcm))
                0x02ff0000                        PROVIDE (__dtcm_start = ADDR (.dtcm))
                0x02ff0000                        PROVIDE (__dtcm_end = (ADDR (.dtcm) + SIZEOF (.dtcm)))

.dtcm.bss       0x02ff0000       0x98 load address 0x02009478
 *(.sbss .sbss.*)
 *.32.o(.dynbss)
 *.32.o(.bss .bss.* .gnu.linkonce.b.*)
 .bss.__irq_table
                0x02ff0000       0x80 C:/devkitPro/calico/lib\libcalico_ds9.a(thread_hot.32.o)
                0x02ff0000                __irq_table
 .bss.__sched_state
                0x02ff0080       0x18 C:/devkitPro/calico/lib\libcalico_ds9.a(thread_hot.32.o)
                0x02ff0080                __sched_state
 *.32.o(COMMON)
                0x02ff0098                        . = ALIGN (0x4)
                [!provide]                        PROVIDE (__dtcm_bss_start = ADDR (.dtcm.bss))
                0x02ff0098                        PROVIDE (__dtcm_bss_end = (ADDR (.dtcm.bss) + SIZEOF (.dtcm.bss)))

.main           0x020013c0    0x39f7c load address 0x02009478
 *(SORT_NONE(.init))
 .init          0x020013c0        0x4 C:/devkitPro/devkitARM/bin/../lib/gcc/arm-none-eabi/15.1.0/thumb/crti.o
                0x020013c0                _init
 .init          0x020013c4        0x8 C:/devkitPro/devkitARM/bin/../lib/gcc/arm-none-eabi/15.1.0/thumb/crtn.o
 EXCLUDE_FILE(*.twl.*) *(.text.unlikely .text.*_unlikely .text.unlikely.*)
 EXCLUDE_FILE(*.twl.*) *(.text.exit .text.exit.*)
 .text.exit     0x020013cc       0x24 C:/devkitPro/devkitARM/bin/../lib/gcc/arm-none-eabi/15.1.0/../../../../arm-none-eabi/lib/thumb\libg.a(libc_a-exit.o)
                0x020013cc                exit
 EXCLUDE_FILE(*.twl.*) *(.text.startup .text.startup.*)
 .text.startup.main
                0x020013f0      0xf78 main.o
                0x020013f0                main
 EXCLUDE_FILE(*.twl.*) *(.text.hot .text.hot.*)
 EXCLUDE_FILE(*.twl.*) *(.text .iplt .stub .text.* .gnu.linkonce.t.*)
 .text.__do_global_dtors_aux
                0x02002368       0x2c C:/devkitPro/devkitARM/bin/../lib/gcc/arm-none-eabi/15.1.0/thumb/crtbegin.o
 .text.frame_dummy
                0x02002394       0x24 C:/devkitPro/devkitARM/bin/../lib/gcc/arm-none-eabi/15.1.0/thumb/crtbegin.o
 .iplt          0x020023b8        0x0 C:/devkitPro/devkitARM/bin/../lib/gcc/arm-none-eabi/15.1.0/thumb/crtbegin.o
 .text._Z6AVARGBiiii
                0x020023b8       0x24 avdslib.o
                0x020023b8                AVARGB(int, int, int, int)
 .text._Z13AVinvertColort
                0x020023dc       0x10 avdslib.o
                0x020023dc                AVinvertColor(unsigned short)
 .text._Z9AVfillDMAPtiit
                0x020023ec       0x44 avdslib.o
                0x020023ec                AVfillDMA(unsigned short*, int, int, unsigned short)
 .text._Z15AVdrawRectanglePtiiiit
                0x02002430       0x9c avdslib.o
                0x02002430                AVdrawRectangle(unsigned short*, int, int, int, int, unsigned short)
 .text._Z18AVdrawRectangleDMAPtiiiiti
                0x020024cc       0x84 avdslib.o
                0x020024cc                AVdrawRectangleDMA(unsigned short*, int, int, int, int, unsigned short, int)
 .text._Z21AVdrawRectangleHollowPtiiiit
                0x02002550       0x9c avdslib.o
                0x02002550                AVdrawRectangleHollow(unsigned short*, int, int, int, int, unsigned short)
 .text._Z11AVdrawVlinePtiiit
                0x020025ec       0x24 avdslib.o
                0x020025ec                AVdrawVline(unsigned short*, int, int, int, unsigned short)
 .text._Z11AVdrawHlinePtiiit
                0x02002610       0x24 avdslib.o
                0x02002610                AVdrawHline(unsigned short*, int, int, int, unsigned short)
 .text._Z9importNESPKcPt
                0x02002634      0x108 formats.o
                0x02002634                importNES(char const*, unsigned short*)
 .text._Z9exportNESPKcPti
                0x0200273c       0xf8 formats.o
                0x0200273c                exportNES(char const*, unsigned short*, int)
 .text._Z9importGBCPKcPt
                0x02002834       0xd8 formats.o
                0x02002834                importGBC(char const*, unsigned short*)
 .text._Z9exportGBCPKcPti
                0x0200290c       0xcc formats.o
                0x0200290c                exportGBC(char const*, unsigned short*, int)
 .text._Z10importSNESPKcPt
                0x020029d8      0x15c formats.o
                0x020029d8                importSNES(char const*, unsigned short*)
 .text._Z10exportSNESPKcPti
                0x02002b34      0x15c formats.o
                0x02002b34                exportSNES(char const*, unsigned short*, int)
 .text._Z9importGBAPKcPt
                0x02002c90       0xcc formats.o
                0x02002c90                importGBA(char const*, unsigned short*)
 .text._Z9exportGBAPKcPti
                0x02002d5c       0xa8 formats.o
                0x02002d5c                exportGBA(char const*, unsigned short*, int)
 .text._Z9importPalPKc
                0x02002e04       0xbc formats.o
                0x02002e04                importPal(char const*)
 .text._Z9exportPalPKc
                0x02002ec0       0x94 formats.o
                0x02002ec0                exportPal(char const*)
 .text._Z9importPCXPKcPt
                0x02002f54      0x1d4 formats.o
                0x02002f54                importPCX(char const*, unsigned short*)
 .text._Z9exportPCXPKcPtii
                0x02003128      0x194 formats.o
                0x02003128                exportPCX(char const*, unsigned short*, int, int)
 .text._Z14writeBmpHeaderP7__sFILE
                0x020032bc       0x94 formats.o
                0x020032bc                writeBmpHeader(__sFILE*)
 .text._Z7saveBMPPKcPtS1_
                0x02003350       0x8c formats.o
                0x02003350                saveBMP(char const*, unsigned short*, unsigned short*)
 .text._Z14loadBMP_directPKcPt
                0x020033dc      0x1fc formats.o
                0x020033dc                loadBMP_direct(char const*, unsigned short*)
 .text._Z15saveBMP_indexedPKcPtS1_
                0x020035d8      0x154 formats.o
                0x020035d8                saveBMP_indexed(char const*, unsigned short*, unsigned short*)
 .text._Z15loadBMP_indexedPKcPtS1_
                0x0200372c      0x218 formats.o
                0x0200372c                loadBMP_indexed(char const*, unsigned short*, unsigned short*)
 .text._Z12saveBMP_4bppPKcPtS1_
                0x02003944      0x1a8 formats.o
                0x02003944                saveBMP_4bpp(char const*, unsigned short*, unsigned short*)
 .text._Z12loadBMP_4bppPKcPtS1_
                0x02003aec      0x238 formats.o
                0x02003aec                loadBMP_4bpp(char const*, unsigned short*, unsigned short*)
 .text._Z9importTGAPKcPt
                0x02003d24      0x130 formats.o
                0x02003d24                importTGA(char const*, unsigned short*)
 .text._Z9exportTGAPKcPtii
                0x02003e54      0x12c formats.o
                0x02003e54                exportTGA(char const*, unsigned short*, int, int)
 .text._Z9importACSPKcPt
                0x02003f80      0x9bc formats.o
                0x02003f80                importACS(char const*, unsigned short*)
 .text._Z9exportACSPKcPt
                0x0200493c      0x47c formats.o
                0x0200493c                exportACS(char const*, unsigned short*)
 .text._Z14topBackground8v
                0x02004db8       0x6c intro.o
                0x02004db8                topBackground8()
 .text._Z11updateStarsi
                0x02004e24       0xc4 intro.o
                0x02004e24                updateStars(int)
 .text._Z5introv
                0x02004ee8      0x3a8 intro.o
                0x02004ee8                intro()
 .text._Z9listFilesv.part.0
                0x02005290      0x208 main.o
 .text._Z8textModev.part.0
                0x02005498       0x6c main.o
 .text._Z11enterFolderi
                0x02005504       0x84 main.o
                0x02005504                enterFolder(int)
 .text._Z6goBackv
                0x02005588       0x58 main.o
                0x02005588                goBack()
 .text._Z9listFilesv
                0x020055e0       0x24 main.o
                0x020055e0                listFiles()
 .text._Z10submitVRAMbbb
                0x02005604      0x148 main.o
                0x02005604                submitVRAM(bool, bool, bool)
 .text._Z15drawSurfaceMainb
                0x0200574c      0x17c main.o
                0x0200574c                drawSurfaceMain(bool)
 .text._Z17drawSurfaceBottomv
                0x020058c8      0x200 main.o
                0x020058c8                drawSurfaceBottom()
 .text._Z16drawColorPalettev
                0x02005ac8       0x74 main.o
                0x02005ac8                drawColorPalette()
 .text._Z14drawNesPalettev
                0x02005b3c       0x74 main.o
                0x02005b3c                drawNesPalette()
 .text._Z9updatePaliPi
                0x02005bb0      0x170 main.o
                0x02005bb0                updatePal(int, int*)
 .text._Z14clearTopBitmapv
                0x02005d20       0xb8 main.o
                0x02005d20                clearTopBitmap()
 .text._Z10initBitmapv
                0x02005dd8      0x1f8 main.o
                0x02005dd8                initBitmap()
 .text._Z16setEditorSpritesv
                0x02005fd0       0xb4 main.o
                0x02005fd0                setEditorSprites()
 .text._Z8setOamBGv
                0x02006084       0xa8 main.o
                0x02006084                setOamBG()
 .text._Z10bitmapModev
                0x0200612c       0x98 main.o
                0x0200612c                bitmapMode()
 .text._Z19getActionsFromTouchi
                0x020061c4       0x40 main.o
                0x020061c4                getActionsFromTouch(int)
 .text._Z12applyActionsi
                0x02006204      0x15c main.o
                0x02006204                applyActions(int)
 .text._Z9handleKeyc
                0x02006360       0x78 main.o
                0x02006360                handleKey(char)
 .text._Z9floodFillPtiittii
                0x020063d8      0x154 main.o
                0x020063d8                floodFill(unsigned short*, int, int, unsigned short, unsigned short, int, int)
 .text._Z9applyTooliib
                0x0200652c      0x298 main.o
                0x0200652c                applyTool(int, int, bool)
 .text._Z22copyFromSurfaceToStackv
                0x020067c4       0x98 main.o
                0x020067c4                copyFromSurfaceToStack()
 .text._Z21cutFromSurfaceToStackv
                0x0200685c       0x44 main.o
                0x0200685c                cutFromSurfaceToStack()
 .text._Z23pasteFromStackToSurfacev
                0x020068a0       0x98 main.o
                0x020068a0                pasteFromStackToSurface()
 .text._Z5flipHv
                0x02006938       0xa4 main.o
                0x02006938                flipH()
 .text._Z5flipVv
                0x020069dc       0x98 main.o
                0x020069dc                flipV()
 .text._Z7scaleUpv
                0x02006a74      0x114 main.o
                0x02006a74                scaleUp()
 .text._Z9scaleDownv
                0x02006b88       0xd4 main.o
                0x02006b88                scaleDown()
 .text._Z14rotatePositivev
                0x02006c5c       0x80 main.o
                0x02006c5c                rotatePositive()
 .text._Z14rotateNegativev
                0x02006cdc       0x8c main.o
                0x02006cdc                rotateNegative()
 .text._Z18setBackupVariablesv
                0x02006d68       0x4c main.o
                0x02006d68                setBackupVariables()
 .text._Z11backupWritev
                0x02006db4       0x6c main.o
                0x02006db4                backupWrite()
 .text._Z10backupReadv
                0x02006e20       0x58 main.o
                0x02006e20                backupRead()
 .text._Z7initFPSv
                0x02006e78       0x24 main.o
                0x02006e78                initFPS()
 .text          0x02006e9c       0xa8 drawSurfaceBottom16x.o
                0x02006e9c                drawSurfaceBottom16x
 .text          0x02006f44       0x60 drawSurfaceBottom2x.o
                0x02006f44                drawSurfaceBottom2x
 .text          0x02006fa4       0xe8 drawSurfaceBottom32x.o
                0x02006fa4                drawSurfaceBottom32x
 .text          0x0200708c       0x78 drawSurfaceBottom4x.o
                0x0200708c                drawSurfaceBottom4x
 .text          0x02007104       0x88 drawSurfaceBottom8x.o
                0x02007104                drawSurfaceBottom8x
 .text          0x0200718c       0x60 memcpy_fast_arm9.o
                0x0200718c                memcpy_fast_arm9
 .text.fatInitDefault
                0x020071ec       0x20 C:/devkitPro/libnds/lib\libfat.a(fat_wrappers.o)
                0x020071ec                fatInitDefault
 .text._dvmDiscCalicoDummy
                0x0200720c        0x4 C:/devkitPro/libnds/lib\libfat.a(dvm_calico.o)
 .text._dvmDiscCalicoWriteSectors
                0x02007210        0x8 C:/devkitPro/libnds/lib\libfat.a(dvm_calico.o)
 .text._dvmDiscCalicoReadSectors
                0x02007218        0x8 C:/devkitPro/libnds/lib\libfat.a(dvm_calico.o)
 .text._dvmIsAlignedAccess
                0x02007220       0x30 C:/devkitPro/libnds/lib\libfat.a(dvm_calico.o)
                0x02007220                _dvmIsAlignedAccess
 .text._dvmCacheCopy
                0x02007250       0x14 C:/devkitPro/libnds/lib\libfat.a(dvm_calico.o)
                0x02007250                _dvmCacheCopy
 .text.dvmInit  0x02007264      0x268 C:/devkitPro/libnds/lib\libfat.a(dvm_calico.o)
                0x02007264                dvmInit
 .text.dvmDiscAddUser
                0x020074cc       0x10 C:/devkitPro/libnds/lib\libfat.a(dvm_disc.o)
                0x020074cc                dvmDiscAddUser
 .text.dvmDiscRemoveUser
                0x020074dc       0x28 C:/devkitPro/libnds/lib\libfat.a(dvm_disc.o)
                0x020074dc                dvmDiscRemoveUser
 .text._dvmDiscCacheReadWrite
                0x02007504      0x3ec C:/devkitPro/libnds/lib\libfat.a(dvm_cache.o)
 .text._dvmDiscCacheWriteSectors
                0x020078f0       0x58 C:/devkitPro/libnds/lib\libfat.a(dvm_cache.o)
 .text._dvmDiscCacheReadSectors
                0x02007948       0x58 C:/devkitPro/libnds/lib\libfat.a(dvm_cache.o)
 .text._dvmDiscCacheFlush
                0x020079a0       0xac C:/devkitPro/libnds/lib\libfat.a(dvm_cache.o)
 .text._dvmDiscCacheDestroy
                0x02007a4c       0x28 C:/devkitPro/libnds/lib\libfat.a(dvm_cache.o)
 .text.dvmDiscCacheCreate
                0x02007a74      0x1a0 C:/devkitPro/libnds/lib\libfat.a(dvm_cache.o)
                0x02007a74                dvmDiscCacheCreate
 .text.dvmMountVolume
                0x02007c14      0x188 C:/devkitPro/libnds/lib\libfat.a(dvm_volume.o)
                0x02007c14                dvmMountVolume
 .text._dvmSetAppWorkingDir
                0x02007d9c       0x74 C:/devkitPro/libnds/lib\libfat.a(dvm_volume.o)
                0x02007d9c                _dvmSetAppWorkingDir
 .text._dvmIdentMbrVbr
                0x02007e10      0x1d8 C:/devkitPro/libnds/lib\libfat.a(dvm_prober.o)
 .text._dvmReadPartitionTable
                0x02007fe8      0x204 C:/devkitPro/libnds/lib\libfat.a(dvm_prober.o)
 .text.dvmProbeMountDisc
                0x020081ec       0xf0 C:/devkitPro/libnds/lib\libfat.a(dvm_prober.o)
                0x020081ec                dvmProbeMountDisc
 .text._FAT_fstat_r
                0x020082dc       0xac C:/devkitPro/libnds/lib\libfat.a(fat_driver.o)
 .text._FAT_umount
                0x02008388       0x1c C:/devkitPro/libnds/lib\libfat.a(fat_driver.o)
 .text._FAT_mount
                0x020083a4       0x44 C:/devkitPro/libnds/lib\libfat.a(fat_driver.o)
 .text._FAT_seek_r
                0x020083e8      0x13c C:/devkitPro/libnds/lib\libfat.a(fat_driver.o)
 .text._FAT_set_stat.isra.0
                0x02008524      0x10c C:/devkitPro/libnds/lib\libfat.a(fat_driver.o)
 .text._FAT_mkdir_r
                0x02008630       0x64 C:/devkitPro/libnds/lib\libfat.a(fat_driver.o)
 .text._FAT_chdir_r
                0x02008694       0x64 C:/devkitPro/libnds/lib\libfat.a(fat_driver.o)
 .text._FAT_unlink_r
                0x020086f8       0x70 C:/devkitPro/libnds/lib\libfat.a(fat_driver.o)
 .text._FAT_rmdir_r
                0x02008768       0x6c C:/devkitPro/libnds/lib\libfat.a(fat_driver.o)
 .text._FAT_diropen_r
                0x020087d4       0x7c C:/devkitPro/libnds/lib\libfat.a(fat_driver.o)
 .text._FAT_fsync_r
                0x02008850       0x64 C:/devkitPro/libnds/lib\libfat.a(fat_driver.o)
 .text._FAT_close_r
                0x020088b4       0x64 C:/devkitPro/libnds/lib\libfat.a(fat_driver.o)
 .text._FAT_dirclose_r
                0x02008918       0x64 C:/devkitPro/libnds/lib\libfat.a(fat_driver.o)
 .text._FAT_dirreset_r
                0x0200897c       0x6c C:/devkitPro/libnds/lib\libfat.a(fat_driver.o)
 .text._FAT_rename_r
                0x020089e8       0x80 C:/devkitPro/libnds/lib\libfat.a(fat_driver.o)
 .text._FAT_stat_r
                0x02008a68       0x98 C:/devkitPro/libnds/lib\libfat.a(fat_driver.o)
 .text._FAT_read_r
                0x02008b00       0x7c C:/devkitPro/libnds/lib\libfat.a(fat_driver.o)
 .text._FAT_write_r
                0x02008b7c       0x7c C:/devkitPro/libnds/lib\libfat.a(fat_driver.o)
 .text._FAT_statvfs_r
                0x02008bf8       0xf0 C:/devkitPro/libnds/lib\libfat.a(fat_driver.o)
 .text._FAT_ftruncate_r
                0x02008ce8      0x190 C:/devkitPro/libnds/lib\libfat.a(fat_driver.o)
 .text._FAT_dirnext_r
                0x02008e78      0x124 C:/devkitPro/libnds/lib\libfat.a(fat_driver.o)
 .text._FAT_open_r
                0x02008f9c      0x124 C:/devkitPro/libnds/lib\libfat.a(fat_driver.o)
 .text.get_fattime
                0x020090c0       0x64 C:/devkitPro/libnds/lib\libfat.a(fat_driver.o)
                0x020090c0                get_fattime
 .text.ff_mutex_create
                0x02009124       0x18 C:/devkitPro/libnds/lib\libfat.a(fat_driver.o)
                0x02009124                ff_mutex_create
 .text.ff_mutex_delete
                0x0200913c        0x4 C:/devkitPro/libnds/lib\libfat.a(fat_driver.o)
                0x0200913c                ff_mutex_delete
 .text.ff_mutex_take
                0x02009140       0x14 C:/devkitPro/libnds/lib\libfat.a(fat_driver.o)
                0x02009140                ff_mutex_take
 .text.ff_mutex_give
                0x02009154        0x8 C:/devkitPro/libnds/lib\libfat.a(fat_driver.o)
                0x02009154                ff_mutex_give
 .text.disk_initialize
                0x0200915c       0x24 C:/devkitPro/libnds/lib\libfat.a(fat_driver.o)
                0x0200915c                disk_initialize
 .text.disk_status
                0x02009180       0x24 C:/devkitPro/libnds/lib\libfat.a(fat_driver.o)
                0x02009180                disk_status
 .text.disk_read
                0x020091a4       0x2c C:/devkitPro/libnds/lib\libfat.a(fat_driver.o)
                0x020091a4                disk_read
 .text.disk_write
                0x020091d0       0x2c C:/devkitPro/libnds/lib\libfat.a(fat_driver.o)
                0x020091d0                disk_write
 .text.disk_ioctl
                0x020091fc       0x38 C:/devkitPro/libnds/lib\libfat.a(fat_driver.o)
                0x020091fc                disk_ioctl
 .text.tchar2uni
                0x02009234       0xfc C:/devkitPro/libnds/lib\libfat.a(ff.o)
 .text.sync_window
                0x02009330       0x90 C:/devkitPro/libnds/lib\libfat.a(ff.o)
 .text.put_utf  0x020093c0      0x130 C:/devkitPro/libnds/lib\libfat.a(ff.o)
 .text.dir_clear
                0x020094f0       0x9c C:/devkitPro/libnds/lib\libfat.a(ff.o)
 .text.get_fileinfo
                0x0200958c      0x28c C:/devkitPro/libnds/lib\libfat.a(ff.o)
 .text.sync_fs  0x02009818      0x180 C:/devkitPro/libnds/lib\libfat.a(ff.o)
 .text.move_window
                0x02009998       0xc4 C:/devkitPro/libnds/lib\libfat.a(ff.o)
 .text.put_fat.part.0
                0x02009a5c      0x1dc C:/devkitPro/libnds/lib\libfat.a(ff.o)
 .text.get_fat.isra.0
                0x02009c38      0x160 C:/devkitPro/libnds/lib\libfat.a(ff.o)
 .text.remove_chain
                0x02009d98       0xf4 C:/devkitPro/libnds/lib\libfat.a(ff.o)
 .text.create_chain
                0x02009e8c      0x21c C:/devkitPro/libnds/lib\libfat.a(ff.o)
 .text.dir_next
                0x0200a0a8      0x170 C:/devkitPro/libnds/lib\libfat.a(ff.o)
 .text.dir_read
                0x0200a218      0x248 C:/devkitPro/libnds/lib\libfat.a(ff.o)
 .text.dir_sdi  0x0200a460      0x128 C:/devkitPro/libnds/lib\libfat.a(ff.o)
 .text.dir_alloc
                0x0200a588       0xcc C:/devkitPro/libnds/lib\libfat.a(ff.o)
 .text.dir_remove
                0x0200a654       0xc4 C:/devkitPro/libnds/lib\libfat.a(ff.o)
 .text.dir_find
                0x0200a718      0x2f8 C:/devkitPro/libnds/lib\libfat.a(ff.o)
 .text.follow_path
                0x0200aa10      0x588 C:/devkitPro/libnds/lib\libfat.a(ff.o)
 .text.dir_register
                0x0200af98      0x3f0 C:/devkitPro/libnds/lib\libfat.a(ff.o)
 .text.check_fs
                0x0200b388      0x1ec C:/devkitPro/libnds/lib\libfat.a(ff.o)
 .text.mount_volume.part.0
                0x0200b574      0x504 C:/devkitPro/libnds/lib\libfat.a(ff.o)
 .text.validate
                0x0200ba78       0xbc C:/devkitPro/libnds/lib\libfat.a(ff.o)
 .text.f_mount  0x0200bb34       0x6c C:/devkitPro/libnds/lib\libfat.a(ff.o)
                0x0200bb34                f_mount
 .text.f_umount
                0x0200bba0       0x38 C:/devkitPro/libnds/lib\libfat.a(ff.o)
                0x0200bba0                f_umount
 .text.f_open   0x0200bbd8      0x400 C:/devkitPro/libnds/lib\libfat.a(ff.o)
                0x0200bbd8                f_open
 .text.f_read   0x0200bfd8      0x2a4 C:/devkitPro/libnds/lib\libfat.a(ff.o)
                0x0200bfd8                f_read
 .text.f_write  0x0200c27c      0x350 C:/devkitPro/libnds/lib\libfat.a(ff.o)
                0x0200c27c                f_write
 .text.f_sync   0x0200c5cc      0x1a0 C:/devkitPro/libnds/lib\libfat.a(ff.o)
                0x0200c5cc                f_sync
 .text.f_close  0x0200c76c       0x58 C:/devkitPro/libnds/lib\libfat.a(ff.o)
                0x0200c76c                f_close
 .text.f_chdir  0x0200c7c4       0xf0 C:/devkitPro/libnds/lib\libfat.a(ff.o)
                0x0200c7c4                f_chdir
 .text.f_lseek  0x0200c8b4      0x298 C:/devkitPro/libnds/lib\libfat.a(ff.o)
                0x0200c8b4                f_lseek
 .text.f_opendir
                0x0200cb4c      0x12c C:/devkitPro/libnds/lib\libfat.a(ff.o)
                0x0200cb4c                f_opendir
 .text.f_closedir
                0x0200cc78       0xb0 C:/devkitPro/libnds/lib\libfat.a(ff.o)
                0x0200cc78                f_closedir
 .text.f_readdir
                0x0200cd28       0xd0 C:/devkitPro/libnds/lib\libfat.a(ff.o)
                0x0200cd28                f_readdir
 .text.f_stat   0x0200cdf8      0x104 C:/devkitPro/libnds/lib\libfat.a(ff.o)
                0x0200cdf8                f_stat
 .text.f_getfree
                0x0200cefc      0x184 C:/devkitPro/libnds/lib\libfat.a(ff.o)
                0x0200cefc                f_getfree
 .text.f_truncate
                0x0200d080      0x228 C:/devkitPro/libnds/lib\libfat.a(ff.o)
                0x0200d080                f_truncate
 .text.f_unlink
                0x0200d2a8      0x1a4 C:/devkitPro/libnds/lib\libfat.a(ff.o)
                0x0200d2a8                f_unlink
 .text.f_mkdir  0x0200d44c      0x294 C:/devkitPro/libnds/lib\libfat.a(ff.o)
                0x0200d44c                f_mkdir
 .text.f_rename
                0x0200d6e0      0x248 C:/devkitPro/libnds/lib\libfat.a(ff.o)
                0x0200d6e0                f_rename
 .text.ff_uni2oem
                0x0200d928       0x78 C:/devkitPro/libnds/lib\libfat.a(ffunicode.o)
                0x0200d928                ff_uni2oem
 .text.ff_oem2uni
                0x0200d9a0       0x40 C:/devkitPro/libnds/lib\libfat.a(ffunicode.o)
                0x0200d9a0                ff_oem2uni
 .text.ff_wtoupper
                0x0200d9e0      0x128 C:/devkitPro/libnds/lib\libfat.a(ffunicode.o)
                0x0200d9e0                ff_wtoupper
 .text.checkIfText
                0x0200db08       0x6c C:/devkitPro/libnds/lib\libnds9.a(background.o)
                0x0200db08                checkIfText
 .text.bgUpdate
                0x0200db74       0xe8 C:/devkitPro/libnds/lib\libnds9.a(background.o)
                0x0200db74                bgUpdate
 .text.bgInit_call
                0x0200dc5c       0xa8 C:/devkitPro/libnds/lib\libnds9.a(background.o)
                0x0200dc5c                bgInit_call
 .text.bgInitSub_call
                0x0200dd04       0xb0 C:/devkitPro/libnds/lib\libnds9.a(background.o)
                0x0200dd04                bgInitSub_call
 .text.newRow   0x0200ddb4       0xe0 C:/devkitPro/libnds/lib\libnds9.a(console.o)
 .text.consolePrintChar
                0x0200de94       0xe0 C:/devkitPro/libnds/lib\libnds9.a(console.o)
                0x0200de94                consolePrintChar
 .text.con_write
                0x0200df74      0x344 C:/devkitPro/libnds/lib\libnds9.a(console.o)
                0x0200df74                con_write
 .text.consoleLoadFont
                0x0200e2b8      0x2e8 C:/devkitPro/libnds/lib\libnds9.a(console.o)
                0x0200e2b8                consoleLoadFont
 .text.consoleInit
                0x0200e5a0      0x170 C:/devkitPro/libnds/lib\libnds9.a(console.o)
                0x0200e5a0                consoleInit
 .text.consoleDemoInit
                0x0200e710       0x40 C:/devkitPro/libnds/lib\libnds9.a(console.o)
                0x0200e710                consoleDemoInit
 .text.consoleClear
                0x0200e750       0x10 C:/devkitPro/libnds/lib\libnds9.a(console.o)
                0x0200e750                consoleClear
 .text.getHeader
                0x0200e760        0x4 C:/devkitPro/libnds/lib\libnds9.a(decompress.o)
 .text.readByte
                0x0200e764        0x4 C:/devkitPro/libnds/lib\libnds9.a(decompress.o)
 .text.decompress
                0x0200e768       0x40 C:/devkitPro/libnds/lib\libnds9.a(decompress.o)
                0x0200e768                decompress
 .text.defaultHandler
                0x0200e7a8       0x6c C:/devkitPro/libnds/lib\libnds9.a(exceptionDefault.o)
 .text.excptPrint
                0x0200e814       0x38 C:/devkitPro/libnds/lib\libnds9.a(exceptionDefault.o)
 .text.defaultExceptionHandler
                0x0200e84c       0x20 C:/devkitPro/libnds/lib\libnds9.a(exceptionDefault.o)
                0x0200e84c                defaultExceptionHandler
 .text.ARMShift
                0x0200e86c       0x74 C:/devkitPro/libnds/lib\libnds9.a(gurumeditation.o)
 .text.getExceptionAddress
                0x0200e8e0      0x198 C:/devkitPro/libnds/lib\libnds9.a(gurumeditation.o)
                0x0200e8e0                getExceptionAddress
 .text.guruMeditationDump
                0x0200ea78      0x108 C:/devkitPro/libnds/lib\libnds9.a(gurumeditation.o)
                0x0200ea78                guruMeditationDump
 .text.scanKeys
                0x0200eb80       0x6c C:/devkitPro/libnds/lib\libnds9.a(keys.o)
                0x0200eb80                scanKeys
 .text.keysHeld
                0x0200ebec        0xc C:/devkitPro/libnds/lib\libnds9.a(keys.o)
                0x0200ebec                keysHeld
 .text.keysDown
                0x0200ebf8       0x10 C:/devkitPro/libnds/lib\libnds9.a(keys.o)
                0x0200ebf8                keysDown
 .text.keysUp   0x0200ec08       0x10 C:/devkitPro/libnds/lib\libnds9.a(keys.o)
                0x0200ec08                keysUp
 .text.oamAllocReset
                0x0200ec18       0x1c C:/devkitPro/libnds/lib\libnds9.a(sprite_alloc.o)
                0x0200ec18                oamAllocReset
 .text.oamAllocateGfx
                0x0200ec34      0x578 C:/devkitPro/libnds/lib\libnds9.a(sprite_alloc.o)
                0x0200ec34                oamAllocateGfx
 .text.oamInit  0x0200f1ac      0x138 C:/devkitPro/libnds/lib\libnds9.a(sprite.o)
                0x0200f1ac                oamInit
 .text.oamGetGfxPtr
                0x0200f2e4       0x34 C:/devkitPro/libnds/lib\libnds9.a(sprite.o)
                0x0200f2e4                oamGetGfxPtr
 .text.oamClear
                0x0200f318       0x24 C:/devkitPro/libnds/lib\libnds9.a(sprite.o)
                0x0200f318                oamClear
 .text.oamGfxPtrToOffset
                0x0200f33c       0x34 C:/devkitPro/libnds/lib\libnds9.a(sprite.o)
                0x0200f33c                oamGfxPtrToOffset
 .text.oamSet   0x0200f370      0x100 C:/devkitPro/libnds/lib\libnds9.a(sprite.o)
                0x0200f370                oamSet
 .text.oamUpdate
                0x0200f470       0x78 C:/devkitPro/libnds/lib\libnds9.a(sprite.o)
                0x0200f470                oamUpdate
 .text.sinLutLookup
                0x0200f4e8       0x4c C:/devkitPro/libnds/lib\libnds9.a(trig.o)
                0x0200f4e8                sinLutLookup
 .text.sinLerp  0x0200f534       0x38 C:/devkitPro/libnds/lib\libnds9.a(trig.o)
                0x0200f534                sinLerp
 .text.cosLerp  0x0200f56c       0x44 C:/devkitPro/libnds/lib\libnds9.a(trig.o)
                0x0200f56c                cosLerp
 .text.__libnds_excpt
                0x0200f5b0       0xf8 C:/devkitPro/libnds/lib\libnds9.a(exceptionEntry.o)
                0x0200f5b0                __libnds_excpt
 .text._mmPxiHandler
                0x0200f6a8       0x78 C:/devkitPro/libnds/lib\libmm9.a(mm_comms9.o)
 .text.mmInit   0x0200f720       0x78 C:/devkitPro/libnds/lib\libmm9.a(mm_comms9.o)
                0x0200f720                mmInit
 .text.mmStart  0x0200f798       0x44 C:/devkitPro/libnds/lib\libmm9.a(mm_comms9.o)
                0x0200f798                mmStart
 .text.mmStop   0x0200f7dc       0x24 C:/devkitPro/libnds/lib\libmm9.a(mm_comms9.o)
                0x0200f7dc                mmStop
 .text._mmLoadSample
                0x0200f800       0x80 C:/devkitPro/libnds/lib\libmm9.a(mm_loader.o)
 .text.mmInitDefaultMem
                0x0200f880       0xc0 C:/devkitPro/libnds/lib\libmm9.a(mm_loader.o)
                0x0200f880                mmInitDefaultMem
 .text.mmLoad   0x0200f940       0xa8 C:/devkitPro/libnds/lib\libmm9.a(mm_loader.o)
                0x0200f940                mmLoad
 .text._tickCountIsr
                0x0200f9e8       0x1c C:/devkitPro/calico/lib\libcalico_ds9.a(tick.o)
 .text._tickTaskSchedule.part.0.isra.0
                0x0200fa04       0x84 C:/devkitPro/calico/lib\libcalico_ds9.a(tick.o)
 .text.tickInit
                0x0200fa88       0xa0 C:/devkitPro/calico/lib\libcalico_ds9.a(tick.o)
                0x0200fa88                tickInit
 .text.tickGetCount
                0x0200fb28       0x5c C:/devkitPro/calico/lib\libcalico_ds9.a(tick.o)
                0x0200fb28                tickGetCount
 .text._tickTaskIsr
                0x0200fb84      0x110 C:/devkitPro/calico/lib\libcalico_ds9.a(tick.o)
 .text.tickTaskStart
                0x0200fc94      0x144 C:/devkitPro/calico/lib\libcalico_ds9.a(tick.o)
                0x0200fc94                tickTaskStart
 .text.threadExit
                0x0200fdd8       0x9c C:/devkitPro/calico/lib\libcalico_ds9.a(thread_cold.o)
                0x0200fdd8                threadExit
 .text._threadTickTask
                0x0200fe74       0x10 C:/devkitPro/calico/lib\libcalico_ds9.a(thread_cold.o)
 .text._threadInit
                0x0200fe84       0x98 C:/devkitPro/calico/lib\libcalico_ds9.a(thread_cold.o)
                0x0200fe84                _threadInit
 .text.threadPrepare
                0x0200ff1c       0xa4 C:/devkitPro/calico/lib\libcalico_ds9.a(thread_cold.o)
                0x0200ff1c                threadPrepare
 .text.threadStart
                0x0200ffc0       0xc8 C:/devkitPro/calico/lib\libcalico_ds9.a(thread_cold.o)
                0x0200ffc0                threadStart
 .text.threadIrqWait
                0x02010088       0xa0 C:/devkitPro/calico/lib\libcalico_ds9.a(thread_cold.o)
                0x02010088                threadIrqWait
 .text.threadSleepTicks
                0x02010128       0x58 C:/devkitPro/calico/lib\libcalico_ds9.a(thread_cold.o)
                0x02010128                threadSleepTicks
 .text._dietPrintDefaultFunc
                0x02010180        0x4 C:/devkitPro/calico/lib\libcalico_ds9.a(dietprint.o)
 .text._dietOutput
                0x02010184       0x3c C:/devkitPro/calico/lib\libcalico_ds9.a(dietprint.o)
 .text._dietPrintDec32
                0x020101c0      0x110 C:/devkitPro/calico/lib\libcalico_ds9.a(dietprint.o)
 .text._dietPrintHex32
                0x020102d0      0x170 C:/devkitPro/calico/lib\libcalico_ds9.a(dietprint.o)
 .text.dietPrintV
                0x02010440      0x4b8 C:/devkitPro/calico/lib\libcalico_ds9.a(dietprint.o)
                0x02010440                dietPrintV
 .text.dietPrint
                0x020108f8       0x18 C:/devkitPro/calico/lib\libcalico_ds9.a(dietprint.o)
                0x020108f8                dietPrint
 .text.__syscall_getreent
                0x02010910       0x14 C:/devkitPro/calico/lib\libcalico_ds9.a(newlib_syscalls.o)
                0x02010910                __syscall_getreent
 .text.__errno  0x02010924       0x24 C:/devkitPro/calico/lib\libcalico_ds9.a(newlib_syscalls.o)
                0x02010924                __errno
 .text.__syscall_gettod_r
                0x02010948       0x30 C:/devkitPro/calico/lib\libcalico_ds9.a(newlib_syscalls.o)
                0x02010948                __syscall_gettod_r
 .text.__syscall_lock_acquire
                0x02010978        0x4 C:/devkitPro/calico/lib\libcalico_ds9.a(newlib_syscalls.o)
                0x02010978                __syscall_lock_acquire
 .text.__syscall_lock_release
                0x0201097c        0x4 C:/devkitPro/calico/lib\libcalico_ds9.a(newlib_syscalls.o)
                0x0201097c                __syscall_lock_release
 .text.__syscall_lock_acquire_recursive
                0x02010980       0x4c C:/devkitPro/calico/lib\libcalico_ds9.a(newlib_syscalls.o)
                0x02010980                __syscall_lock_acquire_recursive
 .text.__syscall_lock_release_recursive
                0x020109cc       0x18 C:/devkitPro/calico/lib\libcalico_ds9.a(newlib_syscalls.o)
                0x020109cc                __syscall_lock_release_recursive
 .text.svcLZ77UncompWram
                0x020109e4        0x4 C:/devkitPro/calico/lib\libcalico_ds9.a(bios.o)
                0x020109e4                svcLZ77UncompWram
 .text.svcHuffUncompCallback
                0x020109e8        0x4 C:/devkitPro/calico/lib\libcalico_ds9.a(bios.o)
                0x020109e8                svcHuffUncompCallback
 .text.svcRLUncompWram
                0x020109ec        0x4 C:/devkitPro/calico/lib\libcalico_ds9.a(bios.o)
                0x020109ec                svcRLUncompWram
 .text.svcRLUncompVramCallback
                0x020109f0        0x4 C:/devkitPro/calico/lib\libcalico_ds9.a(bios.o)
                0x020109f0                svcRLUncompVramCallback
 .text.svcLZ77UncompVramCallback
                0x020109f4       0x18 C:/devkitPro/calico/lib\libcalico_ds9.a(bios.o)
                0x020109f4                svcLZ77UncompVramCallback
 .text._pxiMailboxHandler
                0x02010a0c        0x4 C:/devkitPro/calico/lib\libcalico_ds9.a(pxi.o)
 .text._pxiRecvUnhandled
                0x02010a10        0x4 C:/devkitPro/calico/lib\libcalico_ds9.a(pxi.o)
                0x02010a10                _pxiRecvUnhandled
 .text._pxiRecvIrqHandler
                0x02010a14      0x154 C:/devkitPro/calico/lib\libcalico_ds9.a(pxi.o)
 .text._pxiInit
                0x02010b68       0x58 C:/devkitPro/calico/lib\libcalico_ds9.a(pxi.o)
                0x02010b68                _pxiInit
 .text.pxiSetHandler
                0x02010bc0       0x74 C:/devkitPro/calico/lib\libcalico_ds9.a(pxi.o)
                0x02010bc0                pxiSetHandler
 .text.pxiSetMailbox
                0x02010c34       0x68 C:/devkitPro/calico/lib\libcalico_ds9.a(pxi.o)
                0x02010c34                pxiSetMailbox
 .text.pxiWaitRemote
                0x02010c9c       0x38 C:/devkitPro/calico/lib\libcalico_ds9.a(pxi.o)
                0x02010c9c                pxiWaitRemote
 .text.pxiSendPacket
                0x02010cd4       0x50 C:/devkitPro/calico/lib\libcalico_ds9.a(pxi.o)
                0x02010cd4                pxiSendPacket
 .text.pxiSendExtPacket
                0x02010d24       0x98 C:/devkitPro/calico/lib\libcalico_ds9.a(pxi.o)
                0x02010d24                pxiSendExtPacket
 .text.pxiBeginReceive
                0x02010dbc       0x2c C:/devkitPro/calico/lib\libcalico_ds9.a(pxi.o)
                0x02010dbc                pxiBeginReceive
 .text.pxiEndReceive
                0x02010de8       0xac C:/devkitPro/calico/lib\libcalico_ds9.a(pxi.o)
                0x02010de8                pxiEndReceive
 .text.keypadGetState
                0x02010e94       0x28 C:/devkitPro/calico/lib\libcalico_ds9.a(keypad.o)
                0x02010e94                keypadGetState
 .text._pmCallEventHandlers
                0x02010ebc       0x40 C:/devkitPro/calico/lib\libcalico_ds9.a(pm.o)
 .text._pmPxiThreadMain
                0x02010efc       0xa0 C:/devkitPro/calico/lib\libcalico_ds9.a(pm.o)
 .text._pmResetPxiHandler
                0x02010f9c       0x28 C:/devkitPro/calico/lib\libcalico_ds9.a(pm.o)
 .text.systemUserExit
                0x02010fc4        0x4 C:/devkitPro/calico/lib\libcalico_ds9.a(pm.o)
                0x02010fc4                systemUserExit
 .text.systemErrorExit
                0x02010fc8        0x4 C:/devkitPro/calico/lib\libcalico_ds9.a(pm.o)
                0x02010fc8                systemErrorExit
 .text.__syscall_exit
                0x02010fcc      0x138 C:/devkitPro/calico/lib\libcalico_ds9.a(pm.o)
                0x02010fcc                __syscall_exit
 .text.pmInit   0x02011104       0x58 C:/devkitPro/calico/lib\libcalico_ds9.a(pm.o)
                0x02011104                pmInit
 .text.pmEnterSleep
                0x0201115c       0xcc C:/devkitPro/calico/lib\libcalico_ds9.a(pm.o)
                0x0201115c                pmEnterSleep
 .text.pmMainLoop
                0x02011228       0x74 C:/devkitPro/calico/lib\libcalico_ds9.a(pm.o)
                0x02011228                pmMainLoop
 .text.systemUserStartup
                0x0201129c        0x4 C:/devkitPro/calico/lib\libcalico_ds9.a(sys_startup.o)
                0x0201129c                systemUserStartup
 .text.systemStartup
                0x020112a0      0x104 C:/devkitPro/calico/lib\libcalico_ds9.a(sys_startup.o)
                0x020112a0                systemStartup
 .text.touchRead
                0x020113a4       0x58 C:/devkitPro/calico/lib\libcalico_ds9.a(touch.o)
                0x020113a4                touchRead
 .text._soundPxiCheckCredits
                0x020113fc       0x70 C:/devkitPro/calico/lib\libcalico_ds9.a(sound.o)
 .text._soundPxiHandler
                0x0201146c       0x3c C:/devkitPro/calico/lib\libcalico_ds9.a(sound.o)
 .text.soundInit
                0x020114a8       0x64 C:/devkitPro/calico/lib\libcalico_ds9.a(sound.o)
                0x020114a8                soundInit
 .text.soundSetMixerSleep
                0x0201150c       0x2c C:/devkitPro/calico/lib\libcalico_ds9.a(sound.o)
                0x0201150c                soundSetMixerSleep
 .text._blkDevReadWriteSectors
                0x02011538       0x44 C:/devkitPro/calico/lib\libcalico_ds9.a(blk.o)
 .text.blkInit  0x0201157c        0x8 C:/devkitPro/calico/lib\libcalico_ds9.a(blk.o)
                0x0201157c                blkInit
 .text.blkDevIsPresent
                0x02011584       0x30 C:/devkitPro/calico/lib\libcalico_ds9.a(blk.o)
                0x02011584                blkDevIsPresent
 .text.blkDevInit
                0x020115b4       0x30 C:/devkitPro/calico/lib\libcalico_ds9.a(blk.o)
                0x020115b4                blkDevInit
 .text.blkDevGetSectorCount
                0x020115e4       0x34 C:/devkitPro/calico/lib\libcalico_ds9.a(blk.o)
                0x020115e4                blkDevGetSectorCount
 .text.blkDevReadSectors
                0x02011618       0x5c C:/devkitPro/calico/lib\libcalico_ds9.a(blk.o)
                0x02011618                blkDevReadSectors
 .text.blkDevWriteSectors
                0x02011674       0x5c C:/devkitPro/calico/lib\libcalico_ds9.a(blk.o)
                0x02011674                blkDevWriteSectors
 .text.irqSet   0x020116d0       0x64 C:/devkitPro/calico/lib\libcalico_ds9.a(irq.o)
                0x020116d0                irqSet
 .text.threadUpdateDynamicPrio
                0x02011734      0x1cc C:/devkitPro/calico/lib\libcalico_ds9.a(mutex.o)
 .text.threadRemoveWaiter
                0x02011900      0x1c8 C:/devkitPro/calico/lib\libcalico_ds9.a(mutex.o)
 .text.mutexLock
                0x02011ac8      0x150 C:/devkitPro/calico/lib\libcalico_ds9.a(mutex.o)
                0x02011ac8                mutexLock
 .text.mutexUnlock
                0x02011c18       0xd0 C:/devkitPro/calico/lib\libcalico_ds9.a(mutex.o)
                0x02011c18                mutexUnlock
 .text.mailboxTrySend
                0x02011ce8       0x98 C:/devkitPro/calico/lib\libcalico_ds9.a(mailbox.o)
                0x02011ce8                mailboxTrySend
 .text.mailboxRecv
                0x02011d80       0x98 C:/devkitPro/calico/lib\libcalico_ds9.a(mailbox.o)
                0x02011d80                mailboxRecv
 .text          0x02011e18      0x11c C:/devkitPro/devkitARM/bin/../lib/gcc/arm-none-eabi/15.1.0/thumb\libgcc.a(_udivsi3.o)
                0x02011e18                __aeabi_uidiv
                0x02011e18                __udivsi3
                0x02011f14                __aeabi_uidivmod
 .text          0x02011f34      0x150 C:/devkitPro/devkitARM/bin/../lib/gcc/arm-none-eabi/15.1.0/thumb\libgcc.a(_divsi3.o)
                0x02011f34                __divsi3
                0x02011f34                __aeabi_idiv
                0x02012064                __aeabi_idivmod
 .text          0x02012084        0x4 C:/devkitPro/devkitARM/bin/../lib/gcc/arm-none-eabi/15.1.0/thumb\libgcc.a(_dvmd_tls.o)
                0x02012084                __aeabi_idiv0
                0x02012084                __aeabi_ldiv0
 .text          0x02012088       0x3c C:/devkitPro/devkitARM/bin/../lib/gcc/arm-none-eabi/15.1.0/thumb\libgcc.a(_aeabi_uldivmod.o)
                0x02012088                __aeabi_uldivmod
 .text.__udivmoddi4
                0x020120c4      0x194 C:/devkitPro/devkitARM/bin/../lib/gcc/arm-none-eabi/15.1.0/thumb\libgcc.a(_udivmoddi4.o)
                0x020120c4                __udivmoddi4
 .text          0x02012258       0x28 C:/devkitPro/devkitARM/bin/../lib/gcc/arm-none-eabi/15.1.0/thumb\libgcc.a(_clzdi2.o)
                0x02012258                __clzdi2
 .text          0x02012280       0x48 C:/devkitPro/devkitARM/bin/../lib/gcc/arm-none-eabi/15.1.0/thumb\libgcc.a(_clzsi2.o)
                0x02012280                __clzsi2
 .text.strchr   0x020122c8       0xbc C:/devkitPro/devkitARM/bin/../lib/gcc/arm-none-eabi/15.1.0/../../../../arm-none-eabi/lib/thumb\libg.a(libc_a-strchr.o)
                0x020122c8                strchr
 .text.rand     0x02012384       0x30 C:/devkitPro/devkitARM/bin/../lib/gcc/arm-none-eabi/15.1.0/../../../../arm-none-eabi/lib/thumb\libg.a(libc_a-rand.o)
                0x02012384                rand
 .text._fclose_r
                0x020123b4       0xdc C:/devkitPro/devkitARM/bin/../lib/gcc/arm-none-eabi/15.1.0/../../../../arm-none-eabi/lib/thumb\libg.a(libc_a-fclose.o)
                0x020123b4                _fclose_r
 .text.fclose   0x02012490       0x14 C:/devkitPro/devkitARM/bin/../lib/gcc/arm-none-eabi/15.1.0/../../../../arm-none-eabi/lib/thumb\libg.a(libc_a-fclose.o)
                0x02012490                fclose
 .text._fwrite_r
                0x020124a4       0x9c C:/devkitPro/devkitARM/bin/../lib/gcc/arm-none-eabi/15.1.0/../../../../arm-none-eabi/lib/thumb\libg.a(libc_a-fwrite.o)
                0x020124a4                _fwrite_r
 .text.fwrite   0x02012540       0x24 C:/devkitPro/devkitARM/bin/../lib/gcc/arm-none-eabi/15.1.0/../../../../arm-none-eabi/lib/thumb\libg.a(libc_a-fwrite.o)
                0x02012540                fwrite
 .text.strlen   0x02012564       0x60 C:/devkitPro/devkitARM/bin/../lib/gcc/arm-none-eabi/15.1.0/../../../../arm-none-eabi/lib/thumb\libg.a(libc_a-strlen.o)
                0x02012564                strlen
 .text.memcmp   0x020125c4       0x48 C:/devkitPro/devkitARM/bin/../lib/gcc/arm-none-eabi/15.1.0/../../../../arm-none-eabi/lib/thumb\libg.a(libc_a-memcmp.o)
                0x020125c4                memcmp
 .text.stdio_exit_handler
                0x0201260c       0x20 C:/devkitPro/devkitARM/bin/../lib/gcc/arm-none-eabi/15.1.0/../../../../arm-none-eabi/lib/thumb\libg.a(libc_a-findfp.o)
 .text.cleanup_stdio
                0x0201262c       0x40 C:/devkitPro/devkitARM/bin/../lib/gcc/arm-none-eabi/15.1.0/../../../../arm-none-eabi/lib/thumb\libg.a(libc_a-findfp.o)
 .text.global_stdio_init.part.0
                0x0201266c      0x120 C:/devkitPro/devkitARM/bin/../lib/gcc/arm-none-eabi/15.1.0/../../../../arm-none-eabi/lib/thumb\libg.a(libc_a-findfp.o)
 .text.__sfp    0x0201278c       0xcc C:/devkitPro/devkitARM/bin/../lib/gcc/arm-none-eabi/15.1.0/../../../../arm-none-eabi/lib/thumb\libg.a(libc_a-findfp.o)
                0x0201278c                __sfp
 .text.__sinit  0x02012858       0x3c C:/devkitPro/devkitARM/bin/../lib/gcc/arm-none-eabi/15.1.0/../../../../arm-none-eabi/lib/thumb\libg.a(libc_a-findfp.o)
                0x02012858                __sinit
 .text.__sfp_lock_acquire
                0x02012894       0x14 C:/devkitPro/devkitARM/bin/../lib/gcc/arm-none-eabi/15.1.0/../../../../arm-none-eabi/lib/thumb\libg.a(libc_a-findfp.o)
                0x02012894                __sfp_lock_acquire
 .text.__sfp_lock_release
                0x020128a8       0x14 C:/devkitPro/devkitARM/bin/../lib/gcc/arm-none-eabi/15.1.0/../../../../arm-none-eabi/lib/thumb\libg.a(libc_a-findfp.o)
                0x020128a8                __sfp_lock_release
 .text.__libc_init_array
                0x020128bc       0x54 C:/devkitPro/devkitARM/bin/../lib/gcc/arm-none-eabi/15.1.0/../../../../arm-none-eabi/lib/thumb\libg.a(libc_a-init.o)
                0x020128bc                __libc_init_array
 .text._fwalk_sglue
                0x02012910       0x4c C:/devkitPro/devkitARM/bin/../lib/gcc/arm-none-eabi/15.1.0/../../../../arm-none-eabi/lib/thumb\libg.a(libc_a-fwalk.o)
                0x02012910                _fwalk_sglue
 .text.calloc   0x0201295c       0x18 C:/devkitPro/devkitARM/bin/../lib/gcc/arm-none-eabi/15.1.0/../../../../arm-none-eabi/lib/thumb\libg.a(libc_a-calloc.o)
                0x0201295c                calloc
 .text.siscanf  0x02012974       0x50 C:/devkitPro/devkitARM/bin/../lib/gcc/arm-none-eabi/15.1.0/../../../../arm-none-eabi/lib/thumb\libg.a(libc_a-siscanf.o)
                0x02012974                siscanf
 .text.strrchr  0x020129c4       0x30 C:/devkitPro/devkitARM/bin/../lib/gcc/arm-none-eabi/15.1.0/../../../../arm-none-eabi/lib/thumb\libg.a(libc_a-strrchr.o)
                0x020129c4                strrchr
 .text.aligned_alloc
                0x020129f4       0x18 C:/devkitPro/devkitARM/bin/../lib/gcc/arm-none-eabi/15.1.0/../../../../arm-none-eabi/lib/thumb\libg.a(libc_a-aligned_alloc.o)
                0x020129f4                aligned_alloc
 .text._calloc_r
                0x02012a0c       0xcc C:/devkitPro/devkitARM/bin/../lib/gcc/arm-none-eabi/15.1.0/../../../../arm-none-eabi/lib/thumb\libg.a(libc_a-callocr.o)
                0x02012a0c                _calloc_r
 .text.fgetc    0x02012ad8       0x6c C:/devkitPro/devkitARM/bin/../lib/gcc/arm-none-eabi/15.1.0/../../../../arm-none-eabi/lib/thumb\libg.a(libc_a-fgetc.o)
                0x02012ad8                fgetc
 .text.realloc  0x02012b44       0x18 C:/devkitPro/devkitARM/bin/../lib/gcc/arm-none-eabi/15.1.0/../../../../arm-none-eabi/lib/thumb\libg.a(libc_a-realloc.o)
                0x02012b44                realloc
 .text.validate_structure
                0x02012b5c      0x1e8 C:/devkitPro/devkitARM/bin/../lib/gcc/arm-none-eabi/15.1.0/../../../../arm-none-eabi/lib/thumb\libg.a(libc_a-mktime.o)
 .text.mktime   0x02012d44      0x434 C:/devkitPro/devkitARM/bin/../lib/gcc/arm-none-eabi/15.1.0/../../../../arm-none-eabi/lib/thumb\libg.a(libc_a-mktime.o)
                0x02012d44                mktime
 .text._fseek_r
                0x02013178       0x14 C:/devkitPro/devkitARM/bin/../lib/gcc/arm-none-eabi/15.1.0/../../../../arm-none-eabi/lib/thumb\libg.a(libc_a-fseek.o)
                0x02013178                _fseek_r
 .text.fseek    0x0201318c       0x24 C:/devkitPro/devkitARM/bin/../lib/gcc/arm-none-eabi/15.1.0/../../../../arm-none-eabi/lib/thumb\libg.a(libc_a-fseek.o)
                0x0201318c                fseek
 .text.__tz_lock
                0x020131b0       0x14 C:/devkitPro/devkitARM/bin/../lib/gcc/arm-none-eabi/15.1.0/../../../../arm-none-eabi/lib/thumb\libg.a(libc_a-tzlock.o)
                0x020131b0                __tz_lock
 .text.__tz_unlock
                0x020131c4       0x14 C:/devkitPro/devkitARM/bin/../lib/gcc/arm-none-eabi/15.1.0/../../../../arm-none-eabi/lib/thumb\libg.a(libc_a-tzlock.o)
                0x020131c4                __tz_unlock
 .text._malloc_r
                0x020131d8      0x550 C:/devkitPro/devkitARM/bin/../lib/gcc/arm-none-eabi/15.1.0/../../../../arm-none-eabi/lib/thumb\libg.a(libc_a-mallocr.o)
                0x020131d8                _malloc_r
 .text.strcasecmp
                0x02013728       0x4c C:/devkitPro/devkitARM/bin/../lib/gcc/arm-none-eabi/15.1.0/../../../../arm-none-eabi/lib/thumb\libg.a(libc_a-strcasecmp.o)
                0x02013728                strcasecmp
 .text.strcpy   0x02013774       0x10 C:/devkitPro/devkitARM/bin/../lib/gcc/arm-none-eabi/15.1.0/../../../../arm-none-eabi/lib/thumb\libg.a(libc_a-strcpy.o)
                0x02013774                strcpy
 .text._malloc_trim_r
                0x02013784       0xac C:/devkitPro/devkitARM/bin/../lib/gcc/arm-none-eabi/15.1.0/../../../../arm-none-eabi/lib/thumb\libg.a(libc_a-freer.o)
                0x02013784                _malloc_trim_r
 .text._free_r  0x02013830      0x1d8 C:/devkitPro/devkitARM/bin/../lib/gcc/arm-none-eabi/15.1.0/../../../../arm-none-eabi/lib/thumb\libg.a(libc_a-freer.o)
                0x02013830                _free_r
 .text.snprintf
                0x02013a08       0x64 C:/devkitPro/devkitARM/bin/../lib/gcc/arm-none-eabi/15.1.0/../../../../arm-none-eabi/lib/thumb\libg.a(libc_a-snprintf.o)
                0x02013a08                snprintf
 .text.get_arg  0x02013a6c      0x404 C:/devkitPro/devkitARM/bin/../lib/gcc/arm-none-eabi/15.1.0/../../../../arm-none-eabi/lib/thumb\libg.a(libc_a-svfprintf.o)
 .text._svfprintf_r
                0x02013e70     0x22d8 C:/devkitPro/devkitARM/bin/../lib/gcc/arm-none-eabi/15.1.0/../../../../arm-none-eabi/lib/thumb\libg.a(libc_a-svfprintf.o)
                0x02013e70                _svfprintf_r
 .text.printf   0x02016148       0x28 C:/devkitPro/devkitARM/bin/../lib/gcc/arm-none-eabi/15.1.0/../../../../arm-none-eabi/lib/thumb\libg.a(libc_a-printf.o)
                0x02016148                printf
 .text.strnlen  0x02016170       0x20 C:/devkitPro/devkitARM/bin/../lib/gcc/arm-none-eabi/15.1.0/../../../../arm-none-eabi/lib/thumb\libg.a(libc_a-strnlen.o)
                0x02016170                strnlen
 .text.stpcpy   0x02016190       0x4c C:/devkitPro/devkitARM/bin/../lib/gcc/arm-none-eabi/15.1.0/../../../../arm-none-eabi/lib/thumb\libg.a(libc_a-stpcpy.o)
                0x02016190                stpcpy
 .text.malloc   0x020161dc       0x28 C:/devkitPro/devkitARM/bin/../lib/gcc/arm-none-eabi/15.1.0/../../../../arm-none-eabi/lib/thumb\libg.a(libc_a-malloc.o)
                0x020161dc                malloc
 .text.free     0x02016204       0x14 C:/devkitPro/devkitARM/bin/../lib/gcc/arm-none-eabi/15.1.0/../../../../arm-none-eabi/lib/thumb\libg.a(libc_a-malloc.o)
                0x02016204                free
 .text.__sflush_r
                0x02016218      0x180 C:/devkitPro/devkitARM/bin/../lib/gcc/arm-none-eabi/15.1.0/../../../../arm-none-eabi/lib/thumb\libg.a(libc_a-fflush.o)
                0x02016218                __sflush_r
 .text._fflush_r
                0x02016398       0x70 C:/devkitPro/devkitARM/bin/../lib/gcc/arm-none-eabi/15.1.0/../../../../arm-none-eabi/lib/thumb\libg.a(libc_a-fflush.o)
                0x02016398                _fflush_r
 .text.time     0x02016408       0x38 C:/devkitPro/devkitARM/bin/../lib/gcc/arm-none-eabi/15.1.0/../../../../arm-none-eabi/lib/thumb\libg.a(libc_a-time.o)
                0x02016408                time
 .text.memset   0x02016440       0x8c C:/devkitPro/devkitARM/bin/../lib/gcc/arm-none-eabi/15.1.0/../../../../arm-none-eabi/lib/thumb\libg.a(libc_a-memset.o)
                0x02016440                memset
 .text._realloc_r
                0x020164cc      0x344 C:/devkitPro/devkitARM/bin/../lib/gcc/arm-none-eabi/15.1.0/../../../../arm-none-eabi/lib/thumb\libg.a(libc_a-reallocr.o)
                0x020164cc                _realloc_r
 .text.localtime_r
                0x02016810      0x228 C:/devkitPro/devkitARM/bin/../lib/gcc/arm-none-eabi/15.1.0/../../../../arm-none-eabi/lib/thumb\libg.a(libc_a-lcltime_r.o)
                0x02016810                localtime_r
 .text._fread_r
                0x02016a38      0x228 C:/devkitPro/devkitARM/bin/../lib/gcc/arm-none-eabi/15.1.0/../../../../arm-none-eabi/lib/thumb\libg.a(libc_a-fread.o)
                0x02016a38                _fread_r
 .text.fread    0x02016c60       0x24 C:/devkitPro/devkitARM/bin/../lib/gcc/arm-none-eabi/15.1.0/../../../../arm-none-eabi/lib/thumb\libg.a(libc_a-fread.o)
                0x02016c60                fread
 .text.__malloc_lock
                0x02016c84       0x14 C:/devkitPro/devkitARM/bin/../lib/gcc/arm-none-eabi/15.1.0/../../../../arm-none-eabi/lib/thumb\libg.a(libc_a-mlock.o)
                0x02016c84                __malloc_lock
 .text.__malloc_unlock
                0x02016c98       0x14 C:/devkitPro/devkitARM/bin/../lib/gcc/arm-none-eabi/15.1.0/../../../../arm-none-eabi/lib/thumb\libg.a(libc_a-mlock.o)
                0x02016c98                __malloc_unlock
 .text.__tzcalc_limits
                0x02016cac      0x1ac C:/devkitPro/devkitARM/bin/../lib/gcc/arm-none-eabi/15.1.0/../../../../arm-none-eabi/lib/thumb\libg.a(libc_a-tzcalc_limits.o)
                0x02016cac                __tzcalc_limits
 .text.fputc    0x02016e58       0x5c C:/devkitPro/devkitARM/bin/../lib/gcc/arm-none-eabi/15.1.0/../../../../arm-none-eabi/lib/thumb\libg.a(libc_a-fputc.o)
                0x02016e58                fputc
 .text          0x02016eb4      0x224 C:/devkitPro/devkitARM/bin/../lib/gcc/arm-none-eabi/15.1.0/../../../../arm-none-eabi/lib/thumb\libg.a(libc_a-strcmp.o)
                0x02016eb4                strcmp
 .text.__call_exitprocs
                0x020170d8        0xc C:/devkitPro/devkitARM/bin/../lib/gcc/arm-none-eabi/15.1.0/../../../../arm-none-eabi/lib/thumb\libg.a(libc_a-exit.o)
                0x020170d8                __call_exitprocs
 .text.setvbuf  0x020170e4      0x1ac C:/devkitPro/devkitARM/bin/../lib/gcc/arm-none-eabi/15.1.0/../../../../arm-none-eabi/lib/thumb\libg.a(libc_a-setvbuf.o)
                0x020170e4                setvbuf
 .text._fopen_r
                0x02017290       0xb4 C:/devkitPro/devkitARM/bin/../lib/gcc/arm-none-eabi/15.1.0/../../../../arm-none-eabi/lib/thumb\libg.a(libc_a-fopen.o)
                0x02017290                _fopen_r
 .text.fopen    0x02017344       0x18 C:/devkitPro/devkitARM/bin/../lib/gcc/arm-none-eabi/15.1.0/../../../../arm-none-eabi/lib/thumb\libg.a(libc_a-fopen.o)
                0x02017344                fopen
 .text.__srget_r
                0x0201735c       0x3c C:/devkitPro/devkitARM/bin/../lib/gcc/arm-none-eabi/15.1.0/../../../../arm-none-eabi/lib/thumb\libg.a(libc_a-rget.o)
                0x0201735c                __srget_r
 .text.strncpy  0x02017398       0x68 C:/devkitPro/devkitARM/bin/../lib/gcc/arm-none-eabi/15.1.0/../../../../arm-none-eabi/lib/thumb\libg.a(libc_a-strncpy.o)
                0x02017398                strncpy
 .text.ftell    0x02017400       0x24 C:/devkitPro/devkitARM/bin/../lib/gcc/arm-none-eabi/15.1.0/../../../../arm-none-eabi/lib/thumb\libg.a(libc_a-ftell.o)
                0x02017400                ftell
 .text.memcpy   0x02017424       0xb0 C:/devkitPro/devkitARM/bin/../lib/gcc/arm-none-eabi/15.1.0/../../../../arm-none-eabi/lib/thumb\libg.a(libc_a-memcpy-stub.o)
                0x02017424                memcpy
 .text._wcsrtombs_r
                0x020174d4       0x20 C:/devkitPro/devkitARM/bin/../lib/gcc/arm-none-eabi/15.1.0/../../../../arm-none-eabi/lib/thumb\libg.a(libc_a-wcsrtombs.o)
                0x020174d4                _wcsrtombs_r
 .text.iprintf  0x020174f4       0x28 C:/devkitPro/devkitARM/bin/../lib/gcc/arm-none-eabi/15.1.0/../../../../arm-none-eabi/lib/thumb\libg.a(libc_a-iprintf.o)
                0x020174f4                iprintf
 .text.write    0x0201751c       0x1c C:/devkitPro/devkitARM/bin/../lib/gcc/arm-none-eabi/15.1.0/../../../../arm-none-eabi/lib/thumb\libg.a(libc_a-syswrite.o)
                0x0201751c                write
 .text.frexp    0x02017538       0x74 C:/devkitPro/devkitARM/bin/../lib/gcc/arm-none-eabi/15.1.0/../../../../arm-none-eabi/lib/thumb\libg.a(libm_a-s_frexp.o)
                0x02017538                frexp
 .text.__sfvwrite_r
                0x020175ac      0x31c C:/devkitPro/devkitARM/bin/../lib/gcc/arm-none-eabi/15.1.0/../../../../arm-none-eabi/lib/thumb\libg.a(libc_a-fvwrite.o)
                0x020175ac                __sfvwrite_r
 .text.__sread  0x020178c8       0x34 C:/devkitPro/devkitARM/bin/../lib/gcc/arm-none-eabi/15.1.0/../../../../arm-none-eabi/lib/thumb\libg.a(libc_a-stdio.o)
                0x020178c8                __sread
 .text.__seofread
                0x020178fc        0x4 C:/devkitPro/devkitARM/bin/../lib/gcc/arm-none-eabi/15.1.0/../../../../arm-none-eabi/lib/thumb\libg.a(libc_a-stdio.o)
                0x020178fc                __seofread
 .text.__swrite
                0x02017900       0x4c C:/devkitPro/devkitARM/bin/../lib/gcc/arm-none-eabi/15.1.0/../../../../arm-none-eabi/lib/thumb\libg.a(libc_a-stdio.o)
                0x02017900                __swrite
 .text.__sseek  0x0201794c       0x3c C:/devkitPro/devkitARM/bin/../lib/gcc/arm-none-eabi/15.1.0/../../../../arm-none-eabi/lib/thumb\libg.a(libc_a-stdio.o)
                0x0201794c                __sseek
 .text.__sclose
                0x02017988       0x10 C:/devkitPro/devkitARM/bin/../lib/gcc/arm-none-eabi/15.1.0/../../../../arm-none-eabi/lib/thumb\libg.a(libc_a-stdio.o)
                0x02017988                __sclose
 .text.memmove  0x02017998       0xcc C:/devkitPro/devkitARM/bin/../lib/gcc/arm-none-eabi/15.1.0/../../../../arm-none-eabi/lib/thumb\libg.a(libc_a-memmove.o)
                0x02017998                memmove
 .text.__locale_mb_cur_max
                0x02017a64       0x20 C:/devkitPro/devkitARM/bin/../lib/gcc/arm-none-eabi/15.1.0/../../../../arm-none-eabi/lib/thumb\libg.a(libc_a-locale.o)
                0x02017a64                __locale_mb_cur_max
 .text.__ssprint_r
                0x02017a84       0x60 C:/devkitPro/devkitARM/bin/../lib/gcc/arm-none-eabi/15.1.0/../../../../arm-none-eabi/lib/thumb\libg.a(libc_a-ssprint_r.o)
                0x02017a84                __ssprint_r
 .text.gmtime_r
                0x02017ae4      0x1b4 C:/devkitPro/devkitARM/bin/../lib/gcc/arm-none-eabi/15.1.0/../../../../arm-none-eabi/lib/thumb\libg.a(libc_a-gmtime_r.o)
                0x02017ae4                gmtime_r
 .text.get_arg  0x02017c98      0x404 C:/devkitPro/devkitARM/bin/../lib/gcc/arm-none-eabi/15.1.0/../../../../arm-none-eabi/lib/thumb\libg.a(libc_a-vfiprintf.o)
 .text._vfiprintf_r
                0x0201809c     0x16d0 C:/devkitPro/devkitARM/bin/../lib/gcc/arm-none-eabi/15.1.0/../../../../arm-none-eabi/lib/thumb\libg.a(libc_a-vfiprintf.o)
                0x0201809c                _vfiprintf_r
 .text.__sbprintf
                0x0201976c       0x7c C:/devkitPro/devkitARM/bin/../lib/gcc/arm-none-eabi/15.1.0/../../../../arm-none-eabi/lib/thumb\libg.a(libc_a-vfiprintf.o)
 .text._memalign_r
                0x020197e8      0x118 C:/devkitPro/devkitARM/bin/../lib/gcc/arm-none-eabi/15.1.0/../../../../arm-none-eabi/lib/thumb\libg.a(libc_a-malignr.o)
                0x020197e8                _memalign_r
 .text.div      0x02019900       0x18 C:/devkitPro/devkitARM/bin/../lib/gcc/arm-none-eabi/15.1.0/../../../../arm-none-eabi/lib/thumb\libg.a(libc_a-div.o)
                0x02019900                div
 .text._wcsnrtombs_l
                0x02019918      0x11c C:/devkitPro/devkitARM/bin/../lib/gcc/arm-none-eabi/15.1.0/../../../../arm-none-eabi/lib/thumb\libg.a(libc_a-wcsnrtombs.o)
                0x02019918                _wcsnrtombs_l
 .text._wcsnrtombs_r
                0x02019a34       0x40 C:/devkitPro/devkitARM/bin/../lib/gcc/arm-none-eabi/15.1.0/../../../../arm-none-eabi/lib/thumb\libg.a(libc_a-wcsnrtombs.o)
                0x02019a34                _wcsnrtombs_r
 .text.get_arg  0x02019a74       0x3e C:/devkitPro/devkitARM/bin/../lib/gcc/arm-none-eabi/15.1.0/../../../../arm-none-eabi/lib/thumb\libg.a(libc_a-svfiscanf.o)
 .text._sungetc_r
                0x02019ab2       0x7e C:/devkitPro/devkitARM/bin/../lib/gcc/arm-none-eabi/15.1.0/../../../../arm-none-eabi/lib/thumb\libg.a(libc_a-svfiscanf.o)
                0x02019ab2                _sungetc_r
 .text.__ssrefill_r
                0x02019b30       0x42 C:/devkitPro/devkitARM/bin/../lib/gcc/arm-none-eabi/15.1.0/../../../../arm-none-eabi/lib/thumb\libg.a(libc_a-svfiscanf.o)
                0x02019b30                __ssrefill_r
 .text._sfread_r
                0x02019b72       0x88 C:/devkitPro/devkitARM/bin/../lib/gcc/arm-none-eabi/15.1.0/../../../../arm-none-eabi/lib/thumb\libg.a(libc_a-svfiscanf.o)
                0x02019b72                _sfread_r
 *fill*         0x02019bfa        0x2 ff
 .text.__ssvfiscanf_r
                0x02019bfc     0x1984 C:/devkitPro/devkitARM/bin/../lib/gcc/arm-none-eabi/15.1.0/../../../../arm-none-eabi/lib/thumb\libg.a(libc_a-svfiscanf.o)
                0x02019bfc                __ssvfiscanf_r
 .text._putc_r  0x0201b580       0x88 C:/devkitPro/devkitARM/bin/../lib/gcc/arm-none-eabi/15.1.0/../../../../arm-none-eabi/lib/thumb\libg.a(libc_a-putc.o)
                0x0201b580                _putc_r
 .text._strtoul_l.isra.0
                0x0201b608      0x150 C:/devkitPro/devkitARM/bin/../lib/gcc/arm-none-eabi/15.1.0/../../../../arm-none-eabi/lib/thumb\libg.a(libc_a-strtoul.o)
 .text._strtoul_r
                0x0201b758       0x20 C:/devkitPro/devkitARM/bin/../lib/gcc/arm-none-eabi/15.1.0/../../../../arm-none-eabi/lib/thumb\libg.a(libc_a-strtoul.o)
                0x0201b758                _strtoul_r
 .text.strtoul  0x0201b778       0x24 C:/devkitPro/devkitARM/bin/../lib/gcc/arm-none-eabi/15.1.0/../../../../arm-none-eabi/lib/thumb\libg.a(libc_a-strtoul.o)
                0x0201b778                strtoul
 .text.__utf8_mbtowc
                0x0201b79c      0x24c C:/devkitPro/devkitARM/bin/../lib/gcc/arm-none-eabi/15.1.0/../../../../arm-none-eabi/lib/thumb\libg.a(libc_a-mbtowc_r.o)
                0x0201b79c                __utf8_mbtowc
 .text._fseeko_r
                0x0201b9e8      0x414 C:/devkitPro/devkitARM/bin/../lib/gcc/arm-none-eabi/15.1.0/../../../../arm-none-eabi/lib/thumb\libg.a(libc_a-fseeko.o)
                0x0201b9e8                _fseeko_r
 .text._tzset_unlocked
                0x0201bdfc       0x10 C:/devkitPro/devkitARM/bin/../lib/gcc/arm-none-eabi/15.1.0/../../../../arm-none-eabi/lib/thumb\libg.a(libc_a-tzset.o)
                0x0201bdfc                _tzset_unlocked
 .text.__sprint_r
                0x0201be0c       0x24 C:/devkitPro/devkitARM/bin/../lib/gcc/arm-none-eabi/15.1.0/../../../../arm-none-eabi/lib/thumb\libg.a(libc_a-sprint_r.o)
                0x0201be0c                __sprint_r
 .text.iswspace
                0x0201be30       0x10 C:/devkitPro/devkitARM/bin/../lib/gcc/arm-none-eabi/15.1.0/../../../../arm-none-eabi/lib/thumb\libg.a(libc_a-iswspace.o)
                0x0201be30                iswspace
 .text.__gettzinfo
                0x0201be40        0x8 C:/devkitPro/devkitARM/bin/../lib/gcc/arm-none-eabi/15.1.0/../../../../arm-none-eabi/lib/thumb\libg.a(libc_a-gettzinfo.o)
                0x0201be40                __gettzinfo
 .text._localeconv_r
                0x0201be48       0x1c C:/devkitPro/devkitARM/bin/../lib/gcc/arm-none-eabi/15.1.0/../../../../arm-none-eabi/lib/thumb\libg.a(libc_a-localeconv.o)
                0x0201be48                _localeconv_r
 .text.get_arg  0x0201be64      0x404 C:/devkitPro/devkitARM/bin/../lib/gcc/arm-none-eabi/15.1.0/../../../../arm-none-eabi/lib/thumb\libg.a(libc_a-vfprintf.o)
 .text._vfprintf_r
                0x0201c268     0x2390 C:/devkitPro/devkitARM/bin/../lib/gcc/arm-none-eabi/15.1.0/../../../../arm-none-eabi/lib/thumb\libg.a(libc_a-vfprintf.o)
                0x0201c268                _vfprintf_r
 .text.__sbprintf
                0x0201e5f8       0x7c C:/devkitPro/devkitARM/bin/../lib/gcc/arm-none-eabi/15.1.0/../../../../arm-none-eabi/lib/thumb\libg.a(libc_a-vfprintf.o)
 .text.memchr   0x0201e674       0x74 C:/devkitPro/devkitARM/bin/../lib/gcc/arm-none-eabi/15.1.0/../../../../arm-none-eabi/lib/thumb\libg.a(libc_a-memchr-stub.o)
                0x0201e674                memchr
 .text.quorem   0x0201e6e8      0x160 C:/devkitPro/devkitARM/bin/../lib/gcc/arm-none-eabi/15.1.0/../../../../arm-none-eabi/lib/thumb\libg.a(libc_a-dtoa.o)
 .text._dtoa_r  0x0201e848     0x10b0 C:/devkitPro/devkitARM/bin/../lib/gcc/arm-none-eabi/15.1.0/../../../../arm-none-eabi/lib/thumb\libg.a(libc_a-dtoa.o)
                0x0201e848                _dtoa_r
 .text._wcrtomb_r
                0x0201f8f8       0x84 C:/devkitPro/devkitARM/bin/../lib/gcc/arm-none-eabi/15.1.0/../../../../arm-none-eabi/lib/thumb\libg.a(libc_a-wcrtomb.o)
                0x0201f8f8                _wcrtomb_r
 .text.__sflags
                0x0201f97c       0x98 C:/devkitPro/devkitARM/bin/../lib/gcc/arm-none-eabi/15.1.0/../../../../arm-none-eabi/lib/thumb\libg.a(libc_a-flags.o)
                0x0201f97c                __sflags
 .text._strtol_l.part.0
                0x0201fa14      0x25c C:/devkitPro/devkitARM/bin/../lib/gcc/arm-none-eabi/15.1.0/../../../../arm-none-eabi/lib/thumb\libg.a(libc_a-strtol.o)
 .text._strtol_r
                0x0201fc70       0x34 C:/devkitPro/devkitARM/bin/../lib/gcc/arm-none-eabi/15.1.0/../../../../arm-none-eabi/lib/thumb\libg.a(libc_a-strtol.o)
                0x0201fc70                _strtol_r
 .text.__libc_fini_array
                0x0201fca4       0x30 C:/devkitPro/devkitARM/bin/../lib/gcc/arm-none-eabi/15.1.0/../../../../arm-none-eabi/lib/thumb\libg.a(libc_a-fini.o)
                0x0201fca4                __libc_fini_array
 .text._tzset_unlocked_r
                0x0201fcd4      0x490 C:/devkitPro/devkitARM/bin/../lib/gcc/arm-none-eabi/15.1.0/../../../../arm-none-eabi/lib/thumb\libg.a(libc_a-tzset_r.o)
                0x0201fcd4                _tzset_unlocked_r
 .text.__sccl   0x02020164       0xb0 C:/devkitPro/devkitARM/bin/../lib/gcc/arm-none-eabi/15.1.0/../../../../arm-none-eabi/lib/thumb\libg.a(libc_a-sccl.o)
                0x02020164                __sccl
 .text.lflush   0x02020214       0x24 C:/devkitPro/devkitARM/bin/../lib/gcc/arm-none-eabi/15.1.0/../../../../arm-none-eabi/lib/thumb\libg.a(libc_a-refill.o)
 .text.__srefill_r
                0x02020238      0x108 C:/devkitPro/devkitARM/bin/../lib/gcc/arm-none-eabi/15.1.0/../../../../arm-none-eabi/lib/thumb\libg.a(libc_a-refill.o)
                0x02020238                __srefill_r
 .text.__smakebuf_r
                0x02020340       0xe0 C:/devkitPro/devkitARM/bin/../lib/gcc/arm-none-eabi/15.1.0/../../../../arm-none-eabi/lib/thumb\libg.a(libc_a-makebuf.o)
                0x02020340                __smakebuf_r
 .text.__swhatbuf_r
                0x02020420       0x5c C:/devkitPro/devkitARM/bin/../lib/gcc/arm-none-eabi/15.1.0/../../../../arm-none-eabi/lib/thumb\libg.a(libc_a-makebuf.o)
                0x02020420                __swhatbuf_r
 .text._findenv_r
                0x0202047c       0x94 C:/devkitPro/devkitARM/bin/../lib/gcc/arm-none-eabi/15.1.0/../../../../arm-none-eabi/lib/thumb\libg.a(libc_a-getenv_r.o)
                0x0202047c                _findenv_r
 .text._getenv_r
                0x02020510       0x10 C:/devkitPro/devkitARM/bin/../lib/gcc/arm-none-eabi/15.1.0/../../../../arm-none-eabi/lib/thumb\libg.a(libc_a-getenv_r.o)
                0x02020510                _getenv_r
 .text.__ssputs_r
                0x02020520       0xd4 C:/devkitPro/devkitARM/bin/../lib/gcc/arm-none-eabi/15.1.0/../../../../arm-none-eabi/lib/thumb\libg.a(libc_a-ssputs_r.o)
                0x02020520                __ssputs_r
 .text._ftello_r
                0x020205f4      0x124 C:/devkitPro/devkitARM/bin/../lib/gcc/arm-none-eabi/15.1.0/../../../../arm-none-eabi/lib/thumb\libg.a(libc_a-ftello.o)
                0x020205f4                _ftello_r
 .text.__utf8_wctomb
                0x02020718       0xbc C:/devkitPro/devkitARM/bin/../lib/gcc/arm-none-eabi/15.1.0/../../../../arm-none-eabi/lib/thumb\libg.a(libc_a-wctomb_r.o)
                0x02020718                __utf8_wctomb
 .text._strtoull_l.isra.0
                0x020207d4      0x1c0 C:/devkitPro/devkitARM/bin/../lib/gcc/arm-none-eabi/15.1.0/../../../../arm-none-eabi/lib/thumb\libg.a(libc_a-strtoull.o)
 .text._strtoull_r
                0x02020994       0x20 C:/devkitPro/devkitARM/bin/../lib/gcc/arm-none-eabi/15.1.0/../../../../arm-none-eabi/lib/thumb\libg.a(libc_a-strtoull.o)
                0x02020994                _strtoull_r
 .text._mbrtowc_r
                0x020209b4       0x98 C:/devkitPro/devkitARM/bin/../lib/gcc/arm-none-eabi/15.1.0/../../../../arm-none-eabi/lib/thumb\libg.a(libc_a-mbrtowc.o)
                0x020209b4                _mbrtowc_r
 .text.__swsetup_r
                0x02020a4c       0xd4 C:/devkitPro/devkitARM/bin/../lib/gcc/arm-none-eabi/15.1.0/../../../../arm-none-eabi/lib/thumb\libg.a(libc_a-wsetup.o)
                0x02020a4c                __swsetup_r
 .text.strncmp  0x02020b20       0x70 C:/devkitPro/devkitARM/bin/../lib/gcc/arm-none-eabi/15.1.0/../../../../arm-none-eabi/lib/thumb\libg.a(libc_a-strncmp.o)
                0x02020b20                strncmp
 .text.__env_lock
                0x02020b90       0x14 C:/devkitPro/devkitARM/bin/../lib/gcc/arm-none-eabi/15.1.0/../../../../arm-none-eabi/lib/thumb\libg.a(libc_a-envlock.o)
                0x02020b90                __env_lock
 .text.__env_unlock
                0x02020ba4       0x14 C:/devkitPro/devkitARM/bin/../lib/gcc/arm-none-eabi/15.1.0/../../../../arm-none-eabi/lib/thumb\libg.a(libc_a-envlock.o)
                0x02020ba4                __env_unlock
 .text.__assert_func
                0x02020bb8       0x40 C:/devkitPro/devkitARM/bin/../lib/gcc/arm-none-eabi/15.1.0/../../../../arm-none-eabi/lib/thumb\libg.a(libc_a-assert.o)
                0x02020bb8                __assert_func
 .text.iswspace_l
                0x02020bf8       0x28 C:/devkitPro/devkitARM/bin/../lib/gcc/arm-none-eabi/15.1.0/../../../../arm-none-eabi/lib/thumb\libg.a(libc_a-iswspace_l.o)
                0x02020bf8                iswspace_l
 .text._Balloc  0x02020c20       0x5c C:/devkitPro/devkitARM/bin/../lib/gcc/arm-none-eabi/15.1.0/../../../../arm-none-eabi/lib/thumb\libg.a(libc_a-mprec.o)
                0x02020c20                _Balloc
 .text._Bfree   0x02020c7c       0x14 C:/devkitPro/devkitARM/bin/../lib/gcc/arm-none-eabi/15.1.0/../../../../arm-none-eabi/lib/thumb\libg.a(libc_a-mprec.o)
                0x02020c7c                _Bfree
 .text.__multadd
                0x02020c90       0xa8 C:/devkitPro/devkitARM/bin/../lib/gcc/arm-none-eabi/15.1.0/../../../../arm-none-eabi/lib/thumb\libg.a(libc_a-mprec.o)
                0x02020c90                __multadd
 .text.__hi0bits
                0x02020d38       0x60 C:/devkitPro/devkitARM/bin/../lib/gcc/arm-none-eabi/15.1.0/../../../../arm-none-eabi/lib/thumb\libg.a(libc_a-mprec.o)
                0x02020d38                __hi0bits
 .text.__lo0bits
                0x02020d98       0x8c C:/devkitPro/devkitARM/bin/../lib/gcc/arm-none-eabi/15.1.0/../../../../arm-none-eabi/lib/thumb\libg.a(libc_a-mprec.o)
                0x02020d98                __lo0bits
 .text.__i2b    0x02020e24       0x64 C:/devkitPro/devkitARM/bin/../lib/gcc/arm-none-eabi/15.1.0/../../../../arm-none-eabi/lib/thumb\libg.a(libc_a-mprec.o)
                0x02020e24                __i2b
 .text.__multiply
                0x02020e88      0x1b4 C:/devkitPro/devkitARM/bin/../lib/gcc/arm-none-eabi/15.1.0/../../../../arm-none-eabi/lib/thumb\libg.a(libc_a-mprec.o)
                0x02020e88                __multiply
 .text.__pow5mult
                0x0202103c       0xd8 C:/devkitPro/devkitARM/bin/../lib/gcc/arm-none-eabi/15.1.0/../../../../arm-none-eabi/lib/thumb\libg.a(libc_a-mprec.o)
                0x0202103c                __pow5mult
 .text.__lshift
                0x02021114       0xf8 C:/devkitPro/devkitARM/bin/../lib/gcc/arm-none-eabi/15.1.0/../../../../arm-none-eabi/lib/thumb\libg.a(libc_a-mprec.o)
                0x02021114                __lshift
 .text.__mcmp   0x0202120c       0x50 C:/devkitPro/devkitARM/bin/../lib/gcc/arm-none-eabi/15.1.0/../../../../arm-none-eabi/lib/thumb\libg.a(libc_a-mprec.o)
                0x0202120c                __mcmp
 .text.__mdiff  0x0202125c      0x1a4 C:/devkitPro/devkitARM/bin/../lib/gcc/arm-none-eabi/15.1.0/../../../../arm-none-eabi/lib/thumb\libg.a(libc_a-mprec.o)
                0x0202125c                __mdiff
 .text.__d2b    0x02021400       0xd4 C:/devkitPro/devkitARM/bin/../lib/gcc/arm-none-eabi/15.1.0/../../../../arm-none-eabi/lib/thumb\libg.a(libc_a-mprec.o)
                0x02021400                __d2b
 .text._strtoll_l.isra.0
                0x020214d4      0x300 C:/devkitPro/devkitARM/bin/../lib/gcc/arm-none-eabi/15.1.0/../../../../arm-none-eabi/lib/thumb\libg.a(libc_a-strtoll.o)
 .text._strtoll_r
                0x020217d4       0x20 C:/devkitPro/devkitARM/bin/../lib/gcc/arm-none-eabi/15.1.0/../../../../arm-none-eabi/lib/thumb\libg.a(libc_a-strtoll.o)
                0x020217d4                _strtoll_r
 .text.__submore
                0x020217f4       0x7c C:/devkitPro/devkitARM/bin/../lib/gcc/arm-none-eabi/15.1.0/../../../../arm-none-eabi/lib/thumb\libg.a(libc_a-ungetc.o)
                0x020217f4                __submore
 .text.fiprintf
                0x02021870       0x28 C:/devkitPro/devkitARM/bin/../lib/gcc/arm-none-eabi/15.1.0/../../../../arm-none-eabi/lib/thumb\libg.a(libc_a-fiprintf.o)
                0x02021870                fiprintf
 .text.__swbuf_r
                0x02021898       0x98 C:/devkitPro/devkitARM/bin/../lib/gcc/arm-none-eabi/15.1.0/../../../../arm-none-eabi/lib/thumb\libg.a(libc_a-wbuf.o)
                0x02021898                __swbuf_r
 .text.abort    0x02021930       0x10 C:/devkitPro/devkitARM/bin/../lib/gcc/arm-none-eabi/15.1.0/../../../../arm-none-eabi/lib/thumb\libg.a(libc_a-abort.o)
                0x02021930                abort
 .text.category
                0x02021940       0x5c C:/devkitPro/devkitARM/bin/../lib/gcc/arm-none-eabi/15.1.0/../../../../arm-none-eabi/lib/thumb\libg.a(libc_a-categories.o)
                0x02021940                category
 .text._raise_r
                0x0202199c       0x60 C:/devkitPro/devkitARM/bin/../lib/gcc/arm-none-eabi/15.1.0/../../../../arm-none-eabi/lib/thumb\libg.a(libc_a-signal.o)
                0x0202199c                _raise_r
 .text.raise    0x020219fc       0x14 C:/devkitPro/devkitARM/bin/../lib/gcc/arm-none-eabi/15.1.0/../../../../arm-none-eabi/lib/thumb\libg.a(libc_a-signal.o)
                0x020219fc                raise
 .text._exit    0x02021a10       0x14 C:/devkitPro/devkitARM/bin/../lib/gcc/arm-none-eabi/15.1.0/../../../../arm-none-eabi/lib/thumb\libsysbase.a(libsysbase_libsysbase_a-_exit.o)
                0x02021a10                _exit
 .text.chdir    0x02021a24       0xe4 C:/devkitPro/devkitARM/bin/../lib/gcc/arm-none-eabi/15.1.0/../../../../arm-none-eabi/lib/thumb\libsysbase.a(libsysbase_libsysbase_a-chdir.o)
                0x02021a24                chdir
 .text._concatenate_path
                0x02021b08      0x134 C:/devkitPro/devkitARM/bin/../lib/gcc/arm-none-eabi/15.1.0/../../../../arm-none-eabi/lib/thumb\libsysbase.a(libsysbase_libsysbase_a-concatenate.o)
                0x02021b08                _concatenate_path
 .text.__dirnext
                0x02021c3c       0x4c C:/devkitPro/devkitARM/bin/../lib/gcc/arm-none-eabi/15.1.0/../../../../arm-none-eabi/lib/thumb\libsysbase.a(libsysbase_libsysbase_a-dirent.o)
 .text.__dirreset.isra.0
                0x02021c88       0x44 C:/devkitPro/devkitARM/bin/../lib/gcc/arm-none-eabi/15.1.0/../../../../arm-none-eabi/lib/thumb\libsysbase.a(libsysbase_libsysbase_a-dirent.o)
 .text.opendir  0x02021ccc       0xc0 C:/devkitPro/devkitARM/bin/../lib/gcc/arm-none-eabi/15.1.0/../../../../arm-none-eabi/lib/thumb\libsysbase.a(libsysbase_libsysbase_a-dirent.o)
                0x02021ccc                opendir
 .text.closedir
                0x02021d8c       0x70 C:/devkitPro/devkitARM/bin/../lib/gcc/arm-none-eabi/15.1.0/../../../../arm-none-eabi/lib/thumb\libsysbase.a(libsysbase_libsysbase_a-dirent.o)
                0x02021d8c                closedir
 .text.readdir_r
                0x02021dfc       0x8c C:/devkitPro/devkitARM/bin/../lib/gcc/arm-none-eabi/15.1.0/../../../../arm-none-eabi/lib/thumb\libsysbase.a(libsysbase_libsysbase_a-dirent.o)
                0x02021dfc                readdir_r
 .text.readdir  0x02021e88       0x28 C:/devkitPro/devkitARM/bin/../lib/gcc/arm-none-eabi/15.1.0/../../../../arm-none-eabi/lib/thumb\libsysbase.a(libsysbase_libsysbase_a-dirent.o)
                0x02021e88                readdir
 .text.rewinddir
                0x02021eb0       0x18 C:/devkitPro/devkitARM/bin/../lib/gcc/arm-none-eabi/15.1.0/../../../../arm-none-eabi/lib/thumb\libsysbase.a(libsysbase_libsysbase_a-dirent.o)
                0x02021eb0                rewinddir
 .text._fstat_r
                0x02021ec8       0x5c C:/devkitPro/devkitARM/bin/../lib/gcc/arm-none-eabi/15.1.0/../../../../arm-none-eabi/lib/thumb\libsysbase.a(libsysbase_libsysbase_a-fstat.o)
                0x02021ec8                _fstat_r
 .text._getpid_r
                0x02021f24        0xc C:/devkitPro/devkitARM/bin/../lib/gcc/arm-none-eabi/15.1.0/../../../../arm-none-eabi/lib/thumb\libsysbase.a(libsysbase_libsysbase_a-getpid.o)
                0x02021f24                _getpid_r
 .text.__getreent
                0x02021f30       0x20 C:/devkitPro/devkitARM/bin/../lib/gcc/arm-none-eabi/15.1.0/../../../../arm-none-eabi/lib/thumb\libsysbase.a(libsysbase_libsysbase_a-getreent.o)
                0x02021f30                __getreent
 .text._gettimeofday_r
                0x02021f50       0x20 C:/devkitPro/devkitARM/bin/../lib/gcc/arm-none-eabi/15.1.0/../../../../arm-none-eabi/lib/thumb\libsysbase.a(libsysbase_libsysbase_a-gettod.o)
                0x02021f50                _gettimeofday_r
 .text.__release_handle
                0x02021f70       0x6c C:/devkitPro/devkitARM/bin/../lib/gcc/arm-none-eabi/15.1.0/../../../../arm-none-eabi/lib/thumb\libsysbase.a(libsysbase_libsysbase_a-handle_manager.o)
                0x02021f70                __release_handle
 .text.__alloc_handle
                0x02021fdc       0x7c C:/devkitPro/devkitARM/bin/../lib/gcc/arm-none-eabi/15.1.0/../../../../arm-none-eabi/lib/thumb\libsysbase.a(libsysbase_libsysbase_a-handle_manager.o)
                0x02021fdc                __alloc_handle
 .text.__get_handle
                0x02022058       0x34 C:/devkitPro/devkitARM/bin/../lib/gcc/arm-none-eabi/15.1.0/../../../../arm-none-eabi/lib/thumb\libsysbase.a(libsysbase_libsysbase_a-handle_manager.o)
                0x02022058                __get_handle
 .text._close_r
                0x0202208c       0xb0 C:/devkitPro/devkitARM/bin/../lib/gcc/arm-none-eabi/15.1.0/../../../../arm-none-eabi/lib/thumb\libsysbase.a(libsysbase_libsysbase_a-handle_manager.o)
                0x0202208c                _close_r
 .text.null_write
                0x0202213c        0x4 C:/devkitPro/devkitARM/bin/../lib/gcc/arm-none-eabi/15.1.0/../../../../arm-none-eabi/lib/thumb\libsysbase.a(libsysbase_libsysbase_a-iosupport.o)
 .text.setDefaultDevice
                0x02022140       0x10 C:/devkitPro/devkitARM/bin/../lib/gcc/arm-none-eabi/15.1.0/../../../../arm-none-eabi/lib/thumb\libsysbase.a(libsysbase_libsysbase_a-iosupport.o)
                0x02022140                setDefaultDevice
 .text.FindDevice
                0x02022150       0x90 C:/devkitPro/devkitARM/bin/../lib/gcc/arm-none-eabi/15.1.0/../../../../arm-none-eabi/lib/thumb\libsysbase.a(libsysbase_libsysbase_a-iosupport.o)
                0x02022150                FindDevice
 .text.AddDevice
                0x020221e0       0x7c C:/devkitPro/devkitARM/bin/../lib/gcc/arm-none-eabi/15.1.0/../../../../arm-none-eabi/lib/thumb\libsysbase.a(libsysbase_libsysbase_a-iosupport.o)
                0x020221e0                AddDevice
 .text.GetDeviceOpTab
                0x0202225c       0x20 C:/devkitPro/devkitARM/bin/../lib/gcc/arm-none-eabi/15.1.0/../../../../arm-none-eabi/lib/thumb\libsysbase.a(libsysbase_libsysbase_a-iosupport.o)
                0x0202225c                GetDeviceOpTab
 .text._isatty_r
                0x0202227c        0x4 C:/devkitPro/devkitARM/bin/../lib/gcc/arm-none-eabi/15.1.0/../../../../arm-none-eabi/lib/thumb\libsysbase.a(libsysbase_libsysbase_a-isatty.o)
                0x0202227c                _isatty_r
 .text._kill_r  0x02022280        0xc C:/devkitPro/devkitARM/bin/../lib/gcc/arm-none-eabi/15.1.0/../../../../arm-none-eabi/lib/thumb\libsysbase.a(libsysbase_libsysbase_a-kill.o)
                0x02022280                _kill_r
 .text._lseek_r
                0x0202228c       0x64 C:/devkitPro/devkitARM/bin/../lib/gcc/arm-none-eabi/15.1.0/../../../../arm-none-eabi/lib/thumb\libsysbase.a(libsysbase_libsysbase_a-lseek.o)
                0x0202228c                _lseek_r
 .text._open_r  0x020222f0       0x8c C:/devkitPro/devkitARM/bin/../lib/gcc/arm-none-eabi/15.1.0/../../../../arm-none-eabi/lib/thumb\libsysbase.a(libsysbase_libsysbase_a-open.o)
                0x020222f0                _open_r
 .text._read_r  0x0202237c       0x5c C:/devkitPro/devkitARM/bin/../lib/gcc/arm-none-eabi/15.1.0/../../../../arm-none-eabi/lib/thumb\libsysbase.a(libsysbase_libsysbase_a-read.o)
                0x0202237c                _read_r
 .text._sbrk_r  0x020223d8       0x50 C:/devkitPro/devkitARM/bin/../lib/gcc/arm-none-eabi/15.1.0/../../../../arm-none-eabi/lib/thumb\libsysbase.a(libsysbase_libsysbase_a-sbrk.o)
                0x020223d8                _sbrk_r
 .text.__libc_lock_acquire
                0x02022428       0x18 C:/devkitPro/devkitARM/bin/../lib/gcc/arm-none-eabi/15.1.0/../../../../arm-none-eabi/lib/thumb\libsysbase.a(libsysbase_libsysbase_a-syscall_support.o)
                0x02022428                __libc_lock_acquire
 .text.__libc_lock_release
                0x02022440       0x18 C:/devkitPro/devkitARM/bin/../lib/gcc/arm-none-eabi/15.1.0/../../../../arm-none-eabi/lib/thumb\libsysbase.a(libsysbase_libsysbase_a-syscall_support.o)
                0x02022440                __libc_lock_release