Archive member included to satisfy reference by file (symbol)

C:/devkitPro/libnds/lib\libfat.a(fat_wrappers.o)
                              main.o (fatInitDefault)
C:/devkitPro/libnds/lib\libfat.a(dvm_calico.o)
                              C:/devkitPro/libnds/lib\libfat.a(fat_wrappers.o) (dvmInit)
C:/devkitPro/libnds/lib\libfat.a(dvm_disc.o)
                              C:/devkitPro/libnds/lib\libfat.a(fat_wrappers.o) (dvmDiscCreate)
C:/devkitPro/libnds/lib\libfat.a(dvm_cache.o)
                              C:/devkitPro/libnds/lib\libfat.a(fat_wrappers.o) (dvmDiscCacheCreate)
C:/devkitPro/libnds/lib\libfat.a(dvm_volume.o)
                              C:/devkitPro/libnds/lib\libfat.a(fat_wrappers.o) (dvmMountVolume)
C:/devkitPro/libnds/lib\libfat.a(dvm_prober.o)
                              C:/devkitPro/libnds/lib\libfat.a(dvm_calico.o) (dvmProbeMountDisc)
C:/devkitPro/libnds/lib\libfat.a(fat_driver.o)
                              C:/devkitPro/libnds/lib\libfat.a(dvm_volume.o) (g_vfatFsDriver)
C:/devkitPro/libnds/lib\libfat.a(ff.o)
                              C:/devkitPro/libnds/lib\libfat.a(fat_driver.o) (f_mount)
C:/devkitPro/libnds/lib\libfat.a(ffunicode.o)
                              C:/devkitPro/libnds/lib\libfat.a(ff.o) (ff_uni2oem)
C:/devkitPro/libnds/lib\libnds9.a(background.o)
                              intro.o (bgState)
C:/devkitPro/libnds/lib\libnds9.a(console.o)
                              main.o (consoleInit)
C:/devkitPro/libnds/lib\libnds9.a(decompress.o)
                              intro.o (decompress)
C:/devkitPro/libnds/lib\libnds9.a(exceptionDefault.o)
                              main.o (defaultExceptionHandler)
C:/devkitPro/libnds/lib\libnds9.a(gurumeditation.o)
                              C:/devkitPro/libnds/lib\libnds9.a(exceptionDefault.o) (guruMeditationDump)
C:/devkitPro/libnds/lib\libnds9.a(keys.o)
                              intro.o (scanKeys)
C:/devkitPro/libnds/lib\libnds9.a(sprite_alloc.o)
                              main.o (oamAllocateGfx)
C:/devkitPro/libnds/lib\libnds9.a(sprite.o)
                              intro.o (oamInit)
C:/devkitPro/libnds/lib\libnds9.a(trig.o)
                              C:/devkitPro/libnds/lib\libnds9.a(background.o) (sinLerp)
C:/devkitPro/libnds/lib\libnds9.a(exceptionEntry.o)
                              C:/devkitPro/libnds/lib\libnds9.a(exceptionDefault.o) (__libnds_excpt)
C:/devkitPro/libnds/lib\libnds9.a(default_font.bin.o)
                              C:/devkitPro/libnds/lib\libnds9.a(console.o) (default_font_bin)
C:/devkitPro/libnds/lib\libmm9.a(mm_comms9.o)
                              intro.o (mmStart)
C:/devkitPro/libnds/lib\libmm9.a(mm_loader.o)
                              intro.o (mmInitDefaultMem)
C:/devkitPro/calico/lib\libcalico_ds9.a(tick.o)
                              C:/devkitPro/libnds/lib\libmm9.a(mm_comms9.o) (tickInit)
C:/devkitPro/calico/lib\libcalico_ds9.a(thread_cold.o)
                              intro.o (threadIrqWait)
C:/devkitPro/calico/lib\libcalico_ds9.a(thread_hot.32.o)
                              C:/devkitPro/libnds/lib\libnds9.a(exceptionDefault.o) (__sched_state)
C:/devkitPro/calico/lib\libcalico_ds9.a(dietprint.o)
                              C:/devkitPro/libnds/lib\libnds9.a(exceptionDefault.o) (g_dietPrintFn)
C:/devkitPro/calico/lib\libcalico_ds9.a(newlib_syscalls.o)
                              C:/devkitPro/libnds/lib\libfat.a(fat_driver.o) (__errno)
C:/devkitPro/calico/lib\libcalico_ds9.a(arm-copy-fill.32.o)
                              C:/devkitPro/libnds/lib\libfat.a(dvm_calico.o) (armCopyMem32)
C:/devkitPro/calico/lib\libcalico_ds9.a(arm-context.32.o)
                              C:/devkitPro/calico/lib\libcalico_ds9.a(thread_cold.o) (armContextSave)
C:/devkitPro/calico/lib\libcalico_ds9.a(arm-shims.32.o)
                              C:/devkitPro/calico/lib\libcalico_ds9.a(thread_cold.o) (armWaitForIrq)
C:/devkitPro/calico/lib\libcalico_ds9.a(arm-cache.32.o)
                              main.o (armDCacheFlush)
C:/devkitPro/calico/lib\libcalico_ds9.a(startup.crt0.o)
                              C:/devkitPro/libnds/lib\libfat.a(dvm_calico.o) (g_isTwlMode)
C:/devkitPro/calico/lib\libcalico_ds9.a(utils.crt0.o)
                              C:/devkitPro/calico/lib\libcalico_ds9.a(startup.crt0.o) (crt0CopyMem32)
C:/devkitPro/calico/lib\libcalico_ds9.a(bios.o)
                              C:/devkitPro/libnds/lib\libnds9.a(decompress.o) (svcLZ77UncompWram)
C:/devkitPro/calico/lib\libcalico_ds9.a(pxi.o)
                              C:/devkitPro/calico/lib\libcalico_ds9.a(startup.crt0.o) (_pxiInit)
C:/devkitPro/calico/lib\libcalico_ds9.a(keypad.o)
                              C:/devkitPro/libnds/lib\libnds9.a(keys.o) (keypadGetState)
C:/devkitPro/calico/lib\libcalico_ds9.a(pm.o)
                              main.o (pmMainLoop)
C:/devkitPro/calico/lib\libcalico_ds9.a(bootstub_arm9.o)
                              (__ds9_bootstub)
[...]
Memory Configuration

Name             Origin             Length             Attributes
lma9             0x02004000         0x0027c000
lma9i            0x02400000         0x00280000
vectors          0x00000000         0x00000020
itcm             0x01ff8020         0x00007fe0
main             0x02001000         0x00f7f000
dtcm             0x02ff0000         0x00003e80
dldi             0x0380b000         0x00004000
stub             0x0e000000         0x00004000
tls              0x00000000         0x00000400
*default*        0x00000000         0xffffffff

Linker script and memory map

                0x00000000                        __sync_synchronize = __sync_synchronize_none
LOAD C:/devkitPro/devkitARM/bin/../lib/gcc/arm-none-eabi/15.1.0/thumb/crti.o
LOAD C:/devkitPro/devkitARM/bin/../lib/gcc/arm-none-eabi/15.1.0/thumb/crtbegin.o
LOAD soundbank.bin.o
LOAD GFXalfPresents.o
LOAD GFXbackground.o
LOAD GFXconsoleInput.o
LOAD GFXinput.o
LOAD GFXintro.o
LOAD GFXnewImageInput.o
LOAD GFXselector16.o
LOAD GFXselector24.o
LOAD avdslib.o
LOAD formats.o
LOAD intro.o
LOAD main.o
LOAD drawSurfaceBottom16x.o
LOAD drawSurfaceBottom2x.o
LOAD drawSurfaceBottom32x.o
LOAD drawSurfaceBottom4x.o
LOAD drawSurfaceBottom8x.o
LOAD header.o
LOAD memcpy_fast_arm9.o
LOAD C:/devkitPro/libnds/lib\libfat.a
LOAD C:/devkitPro/libnds/lib\libnds9.a
LOAD C:/devkitPro/libnds/lib\libmm9.a
LOAD C:/devkitPro/calico/lib\libcalico_ds9.a
LOAD C:/devkitPro/devkitARM/bin/../lib/gcc/arm-none-eabi/15.1.0/../../../../arm-none-eabi/lib/thumb\libstdc++.a
LOAD C:/devkitPro/devkitARM/bin/../lib/gcc/arm-none-eabi/15.1.0/../../../../arm-none-eabi/lib/thumb\libm.a
START GROUP
LOAD C:/devkitPro/devkitARM/bin/../lib/gcc/arm-none-eabi/15.1.0/thumb\libgcc.a
LOAD C:/devkitPro/devkitARM/bin/../lib/gcc/arm-none-eabi/15.1.0/../../../../arm-none-eabi/lib/thumb\libg.a
LOAD C:/devkitPro/devkitARM/bin/../lib/gcc/arm-none-eabi/15.1.0/../../../../arm-none-eabi/lib/thumb\libc.a
LOAD C:/devkitPro/devkitARM/bin/../lib/gcc/arm-none-eabi/15.1.0/../../../../arm-none-eabi/lib/thumb\libsysbase.a
END GROUP
LOAD C:/devkitPro/devkitARM/bin/../lib/gcc/arm-none-eabi/15.1.0/thumb/crtend.o
LOAD C:/devkitPro/devkitARM/bin/../lib/gcc/arm-none-eabi/15.1.0/thumb/crtn.o
                0x02ff3e80                        PROVIDE (__sp_usr = (ORIGIN (dtcm) + LENGTH (dtcm)))
                0x02ff3f80                        PROVIDE (__sp_irq = (__sp_usr + 0x100))
                0x02ff3fc0                        PROVIDE (__sp_svc = (__sp_irq + 0x40))
                0x02ff3ff8                        PROVIDE (__irq_flags = (__sp_svc + 0x38))
                [!provide]                        PROVIDE (__irq_vector = (__sp_svc + 0x3c))
                [!provide]                        PROVIDE (__arm_excpt_rst = 0xffff0000)
                [!provide]                        PROVIDE (__arm_excpt_und = 0xffff0004)
                0xffff0008                        PROVIDE (__arm_excpt_svc = 0xffff0008)
                [!provide]                        PROVIDE (__arm_excpt_pabt = 0xffff000c)
                [!provide]                        PROVIDE (__arm_excpt_dabt = 0xffff0010)
                [!provide]                        PROVIDE (__arm_excpt_irq = 0xffff0018)
                [!provide]                        PROVIDE (__arm_excpt_fiq = 0xffff001c)
                0x00000000                        PROVIDE (__end__ = 0x0)

.secure         0x0e000000      0x800 load address 0x02004000
                0x0e0007fc                        . = (. + 0x7fc)
 *fill*         0x0e000000      0x7fc 00000000
                0x0e0007fc        0x4 LONG 0x0

.bootstub       0x0e000800      0x198 load address 0x02004800
 *(.bootstub .bootstub.*)
 .bootstub.__ds9_bootstub
                0x0e000800      0x198 C:/devkitPro/calico/lib\libcalico_ds9.a(bootstub_arm9.o)
                0x0e000800                __ds9_bootstub
                0x0e000998                        . = ALIGN (0x4)

.crt0           0x02001000      0x3c0 load address 0x02004998
 *(.crt0 .crt0.*)
 .crt0.__ds9_bootstub_trampoline
                0x02001000       0x60 C:/devkitPro/calico/lib\libcalico_ds9.a(bootstub_arm9.o)
 *.crt0.*(.text .stub .text.* .gnu.linkonce.t.*)
 .text.crt0ProcessLoadList
                0x02001060       0x74 C:/devkitPro/calico/lib\libcalico_ds9.a(startup.crt0.o)
                0x02001060                crt0ProcessLoadList
 .text.crt0Startup
                0x020010d4      0x180 C:/devkitPro/calico/lib\libcalico_ds9.a(startup.crt0.o)
                0x020010d4                crt0Startup
 .text.crt0CopyMem32
                0x02001254       0x4c C:/devkitPro/calico/lib\libcalico_ds9.a(utils.crt0.o)
                0x02001254                crt0CopyMem32
 .text.crt0FillMem32
                0x020012a0       0x58 C:/devkitPro/calico/lib\libcalico_ds9.a(utils.crt0.o)
                0x020012a0                crt0FillMem32
 .text.crt0SetupMPU
                0x020012f8       0xb4 C:/devkitPro/calico/lib\libcalico_ds9.a(mpu_setup.crt0.o)
                0x020012f8                crt0SetupMPU
 *.crt0.*(.glue_7t .glue_7 .vfp11_veneer .v4_bx)
 *.crt0.*(.rodata .rodata.* .gnu.linkonce.r.*)
 *.crt0.*(.rodata1)
                0x020013c0                        . = ALIGN (0x20)
 *fill*         0x020013ac       0x14 ff
                0x02004998                        PROVIDE (__crt0_lma = LOADADDR (.crt0))
                0x02001000                        PROVIDE (__crt0_start = ADDR (.crt0))
                0x020013c0                        PROVIDE (__crt0_end = (ADDR (.crt0) + SIZEOF (.crt0)))
                0x00000001                        ASSERT (((__crt0_end <= LOADADDR (.bootstub)) || (__crt0_start >= (LOADADDR (.bootstub) + SIZEOF (.bootstub)))), Error: crt0 section overlaps initial bootstrap)

.dldi           0x0380b000     0x4000 load address 0x02004d58
 *(.dldi)
 .dldi          0x0380b000     0x4000 C:/devkitPro/calico/lib\libcalico_ds9.a(dldi_stub.o)
                0x0380b000                __dldi_start
                0x02004d58                        PROVIDE (__dldi_lma = SIZEOF (.dldi)?LOADADDR (.dldi):0x0)

.vectors        0x00000000       0x20 load address 0x02008d58
 *(.vectors)
 .vectors       0x00000000       0x20 C:/devkitPro/calico/lib\libcalico_ds9.a(bootstub_arm9.o)

.itcm           0x01ff8020      0x700 load address 0x02008d78
 *(.itcm .itcm.*)
 .itcm          0x01ff8020       0x30 C:/devkitPro/calico/lib\libcalico_ds9.a(bootstub_arm9.o)
                0x01ff8038                __excpt_vectors
 *.itcm.*(.text .stub .text.* .gnu.linkonce.t.*)
 *.32.o(.text .stub .text.* .gnu.linkonce.t.*)
 .text.threadReschedule
                0x01ff8050       0x88 C:/devkitPro/calico/lib\libcalico_ds9.a(thread_hot.32.o)
 .text.threadBlock
                0x01ff80d8       0xd8 C:/devkitPro/calico/lib\libcalico_ds9.a(thread_hot.32.o)
                0x01ff80d8                threadBlock
 .text.threadUnblockOneByValue
                0x01ff81b0       0xc0 C:/devkitPro/calico/lib\libcalico_ds9.a(thread_hot.32.o)
                0x01ff81b0                threadUnblockOneByValue
 .text.threadUnblockAllByValue
                0x01ff8270      0x130 C:/devkitPro/calico/lib\libcalico_ds9.a(thread_hot.32.o)
                0x01ff8270                threadUnblockAllByValue
 .text.threadUnblockAllByMask
                0x01ff83a0      0x134 C:/devkitPro/calico/lib\libcalico_ds9.a(thread_hot.32.o)
                0x01ff83a0                threadUnblockAllByMask
 .text.armCopyMem32
                0x01ff84d4       0x4c C:/devkitPro/calico/lib\libcalico_ds9.a(arm-copy-fill.32.o)
                0x01ff84d4                armCopyMem32
 .text.armContextSave
                0x01ff8520       0x2c C:/devkitPro/calico/lib\libcalico_ds9.a(arm-context.32.o)
                0x01ff8520                armContextSave
 .text.armContextLoad
                0x01ff854c       0x20 C:/devkitPro/calico/lib\libcalico_ds9.a(arm-context.32.o)
                0x01ff854c                armContextLoad
                0x01ff8550                armContextLoadFromSvc
 .text.armWaitForIrq
                0x01ff856c        0x8 C:/devkitPro/calico/lib\libcalico_ds9.a(arm-shims.32.o)
                0x01ff856c                armWaitForIrq
 .text.armDrainWriteBuffer
                0x01ff8574        0xc C:/devkitPro/calico/lib\libcalico_ds9.a(arm-cache.32.o)
                0x01ff8574                armDrainWriteBuffer
 .text.armDCacheFlushAll
                0x01ff8580       0x28 C:/devkitPro/calico/lib\libcalico_ds9.a(arm-cache.32.o)
                0x01ff8580                armDCacheFlushAll
 .text.armDCacheFlush
                0x01ff85a8       0x1c C:/devkitPro/calico/lib\libcalico_ds9.a(arm-cache.32.o)
                0x01ff85a8                armDCacheFlush
 .text.armDCacheInvalidate
                0x01ff85c4       0x1c C:/devkitPro/calico/lib\libcalico_ds9.a(arm-cache.32.o)
                0x01ff85c4                armDCacheInvalidate
 .text.armICacheInvalidateAll
                0x01ff85e0        0xc C:/devkitPro/calico/lib\libcalico_ds9.a(arm-cache.32.o)
                0x01ff85e0                armICacheInvalidateAll
 .text.__excpt_entry
                0x01ff85ec       0x50 C:/devkitPro/calico/lib\libcalico_ds9.a(excpt_handler.32.o)
                0x01ff85ec                __arm_excpt_rst
                0x01ff85f0                __arm_excpt_pabt
                0x01ff85f4                __arm_excpt_und
                0x01ff8600                __arm_excpt_dabt
 .text.__arm_excpt_irq
                0x01ff863c       0xe4 C:/devkitPro/calico/lib\libcalico_ds9.a(irq_handler.32.o)
                0x01ff863c                __arm_excpt_irq
 *.itcm.*(.glue_7t .glue_7 .vfp11_veneer .v4_bx)
 *.32.o(.glue_7t .glue_7 .vfp11_veneer .v4_bx)
 *.itcm.*(.rodata .rodata.* .gnu.linkonce.r.*)
 *.32.o(.rodata .rodata.* .gnu.linkonce.r.*)
 *.itcm.*(.rodata1)
 *.32.o(.rodata1)
                0x01ff8720                        . = ALIGN (0x4)
                0x02008d58                        PROVIDE (__itcm_lma = LOADADDR (.vectors))
                0x01ff8000                        PROVIDE (__itcm_start = (ADDR (.itcm) - SIZEOF (.vectors)))
                0x01ff8720                        PROVIDE (__itcm_end = (ADDR (.itcm) + SIZEOF (.itcm)))
                0x00000001                        ASSERT (((__itcm_lma + SIZEOF (.vectors)) == LOADADDR (.itcm)), Error: gap between vectors and itcm)

.dtcm           0x02ff0000        0x0 load address 0x02009478
 *(.dtcm .dtcm.*)
 *.32.o(.data .data.* .gnu.linkonce.d.*)
 *.32.o(.data1)
                0x02ff0000                        . = ALIGN (0x4)
                [!provide]                        PROVIDE (__dtcm_lma = LOADADDR (.dtcm))
                0x02ff0000                        PROVIDE (__dtcm_start = ADDR (.dtcm))
                0x02ff0000                        PROVIDE (__dtcm_end = (ADDR (.dtcm) + SIZEOF (.dtcm)))

.dtcm.bss       0x02ff0000       0x98 load address 0x02009478
 *(.sbss .sbss.*)
 *.32.o(.dynbss)
 *.32.o(.bss .bss.* .gnu.linkonce.b.*)
 .bss.__irq_table
                0x02ff0000       0x80 C:/devkitPro/calico/lib\libcalico_ds9.a(thread_hot.32.o)
                0x02ff0000                __irq_table
 .bss.__sched_state
                0x02ff0080       0x18 C:/devkitPro/calico/lib\libcalico_ds9.a(thread_hot.32.o)
                0x02ff0080                __sched_state
 *.32.o(COMMON)
                0x02ff0098                        . = ALIGN (0x4)
                [!provide]                        PROVIDE (__dtcm_bss_start = ADDR (.dtcm.bss))
                0x02ff0098                        PROVIDE (__dtcm_bss_end = (ADDR (.dtcm.bss) + SIZEOF (.dtcm.bss)))

.main           0x020013c0    0x3a35c load address 0x02009478
 *(SORT_NONE(.init))
 .init          0x020013c0        0x4 C:/devkitPro/devkitARM/bin/../lib/gcc/arm-none-eabi/15.1.0/thumb/crti.o
                0x020013c0                _init
 .init          0x020013c4        0x8 C:/devkitPro/devkitARM/bin/../lib/gcc/arm-none-eabi/15.1.0/thumb/crtn.o
 EXCLUDE_FILE(*.twl.*) *(.text.unlikely .text.*_unlikely .text.unlikely.*)
 EXCLUDE_FILE(*.twl.*) *(.text.exit .text.exit.*)
 .text.exit     0x020013cc       0x24 C:/devkitPro/devkitARM/bin/../lib/gcc/arm-none-eabi/15.1.0/../../../../arm-none-eabi/lib/thumb\libg.a(libc_a-exit.o)
                0x020013cc                exit
 EXCLUDE_FILE(*.twl.*) *(.text.startup .text.startup.*)
 .text.startup.main
                0x020013f0      0xf98 main.o
                0x020013f0                main
 EXCLUDE_FILE(*.twl.*) *(.text.hot .text.hot.*)
 EXCLUDE_FILE(*.twl.*) *(.text .iplt .stub .text.* .gnu.linkonce.t.*)
 .text.__do_global_dtors_aux
                0x02002388       0x2c C:/devkitPro/devkitARM/bin/../lib/gcc/arm-none-eabi/15.1.0/thumb/crtbegin.o
 .text.frame_dummy
                0x020023b4       0x24 C:/devkitPro/devkitARM/bin/../lib/gcc/arm-none-eabi/15.1.0/thumb/crtbegin.o
 .iplt          0x020023d8        0x0 C:/devkitPro/devkitARM/bin/../lib/gcc/arm-none-eabi/15.1.0/thumb/crtbegin.o
 .text._Z6AVARGBiiii
                0x020023d8       0x24 avdslib.o
                0x020023d8                AVARGB(int, int, int, int)
 .text._Z13AVinvertColort
                0x020023fc       0x10 avdslib.o
                0x020023fc                AVinvertColor(unsigned short)
 .text._Z9AVfillDMAPtiit
                0x0200240c       0x44 avdslib.o
                0x0200240c                AVfillDMA(unsigned short*, int, int, unsigned short)
 .text._Z15AVdrawRectanglePtiiiit
                0x02002450       0x9c avdslib.o
                0x02002450                AVdrawRectangle(unsigned short*, int, int, int, int, unsigned short)
 .text._Z18AVdrawRectangleDMAPtiiiiti
                0x020024ec       0x84 avdslib.o
                0x020024ec                AVdrawRectangleDMA(unsigned short*, int, int, int, int, unsigned short, int)
 .text._Z21AVdrawRectangleHollowPtiiiit
                0x02002570       0x9c avdslib.o
                0x02002570                AVdrawRectangleHollow(unsigned short*, int, int, int, int, unsigned short)
 .text._Z11AVdrawVlinePtiiit
                0x0200260c       0x24 avdslib.o
                0x0200260c                AVdrawVline(unsigned short*, int, int, int, unsigned short)
 .text._Z11AVdrawHlinePtiiit
                0x02002630       0x24 avdslib.o
                0x02002630                AVdrawHline(unsigned short*, int, int, int, unsigned short)
 .text._Z9importNESPKcPt
                0x02002654      0x108 formats.o
                0x02002654                importNES(char const*, unsigned short*)
 .text._Z9exportNESPKcPti
                0x0200275c       0xf8 formats.o
                0x0200275c                exportNES(char const*, unsigned short*, int)
 .text._Z9importGBCPKcPt
                0x02002854       0xd8 formats.o
                0x02002854                importGBC(char const*, unsigned short*)
 .text._Z9exportGBCPKcPti
                0x0200292c       0xcc formats.o
                0x0200292c                exportGBC(char const*, unsigned short*, int)
 .text._Z10importSNESPKcPt
                0x020029f8      0x15c formats.o
                0x020029f8                importSNES(char const*, unsigned short*)
 .text._Z10exportSNESPKcPti
                0x02002b54      0x15c formats.o
                0x02002b54                exportSNES(char const*, unsigned short*, int)
 .text._Z9importGBAPKcPt
                0x02002cb0       0xcc formats.o
                0x02002cb0                importGBA(char const*, unsigned short*)
 .text._Z9exportGBAPKcPti
                0x02002d7c       0xa8 formats.o
                0x02002d7c                exportGBA(char const*, unsigned short*, int)
 .text._Z9importPalPKc
                0x02002e24       0xbc formats.o
                0x02002e24                importPal(char const*)
 .text._Z9exportPalPKc
                0x02002ee0       0x94 formats.o
                0x02002ee0                exportPal(char const*)
 .text._Z9importPCXPKcPt
                0x02002f74      0x1d4 formats.o
                0x02002f74                importPCX(char const*, unsigned short*)
 .text._Z9exportPCXPKcPtii
                0x02003148      0x194 formats.o
                0x02003148                exportPCX(char const*, unsigned short*, int, int)
 .text._Z14writeBmpHeaderP7__sFILE
                0x020032dc       0x94 formats.o
                0x020032dc                writeBmpHeader(__sFILE*)
 .text._Z7saveBMPPKcPtS1_
                0x02003370       0x8c formats.o
                0x02003370                saveBMP(char const*, unsigned short*, unsigned short*)
 .text._Z14loadBMP_directPKcPt
                0x020033fc      0x1fc formats.o
                0x020033fc                loadBMP_direct(char const*, unsigned short*)
 .text._Z15saveBMP_indexedPKcPtS1_
                0x020035f8      0x154 formats.o
                0x020035f8                saveBMP_indexed(char const*, unsigned short*, unsigned short*)
 .text._Z15loadBMP_indexedPKcPtS1_
                0x0200374c      0x218 formats.o
                0x0200374c                loadBMP_indexed(char const*, unsigned short*, unsigned short*)
 .text._Z12saveBMP_4bppPKcPtS1_
                0x02003964      0x1a8 formats.o
                0x02003964                saveBMP_4bpp(char const*, unsigned short*, unsigned short*)
 .text._Z12loadBMP_4bppPKcPtS1_
                0x02003b0c      0x1c0 formats.o
                0x02003b0c                loadBMP_4bpp(char const*, unsigned short*, unsigned short*)
 .text._Z9importGIFPKcPt
                0x02003ccc      0x1a8 formats.o
                0x02003ccc                importGIF(char const*, unsigned short*)
 .text._Z9exportGIFPKcPtii
                0x02003e74      0x1b0 formats.o
                0x02003e74                exportGIF(char const*, unsigned short*, int, int)
 .text._Z9importTGAPKcPt
                0x02004024      0x130 formats.o
                0x02004024                importTGA(char const*, unsigned short*)
 .text._Z9exportTGAPKcPtii
                0x02004154      0x12c formats.o
                0x02004154                exportTGA(char const*, unsigned short*, int, int)
 .text._Z9importACSPKcPt
                0x02004280      0x64c formats.o
                0x02004280                importACS(char const*, unsigned short*)
 .text._Z9exportACSPKcPt
                0x020048cc      0x63c formats.o
                0x020048cc                exportACS(char const*, unsigned short*)
 .text._Z9clearVRAMv
                0x02004f08       0xbc intro.o
                0x02004f08                clearVRAM()
 .text._Z14topBackground8v
                0x02004fc4       0x6c intro.o
                0x02004fc4                topBackground8()
 .text._Z9drawStarsv
                0x02005030       0x80 intro.o
                0x02005030                drawStars()
 .text._Z5introv
                0x020050b0      0x210 intro.o
                0x020050b0                intro()
 .text._Z9listFilesv.part.0
                0x020052c0      0x208 main.o
 .text._Z8textModev.part.0
                0x020054c8       0x6c main.o
 .text._Z11enterFolderi
                0x02005534       0x84 main.o
                0x02005534                enterFolder(int)
 .text._Z6goBackv
                0x020055b8       0x58 main.o
                0x020055b8                goBack()
 .text._Z9listFilesv
                0x02005610       0x24 main.o
                0x02005610                listFiles()
 .text._Z10submitVRAMbbb
                0x02005634      0x148 main.o
                0x02005634                submitVRAM(bool, bool, bool)
 .text._Z15drawSurfaceMainb
                0x0200577c      0x17c main.o
                0x0200577c                drawSurfaceMain(bool)
 .text._Z17drawSurfaceBottomv
                0x020058f8      0x200 main.o
                0x020058f8                drawSurfaceBottom()
 .text._Z16drawColorPalettev
                0x02005af8       0x74 main.o
                0x02005af8                drawColorPalette()
 .text._Z14drawNesPalettev
                0x02005b6c       0x74 main.o
                0x02005b6c                drawNesPalette()
 .text._Z9updatePaliPi
                0x02005be0      0x170 main.o
                0x02005be0                updatePal(int, int*)
 .text._Z14clearTopBitmapv
                0x02005d50       0xb8 main.o
                0x02005d50                clearTopBitmap()
 .text._Z10initBitmapv
                0x02005e08      0x1f8 main.o
                0x02005e08                initBitmap()
 .text._Z16setEditorSpritesv
                0x02006000       0xb4 main.o
                0x02006000                setEditorSprites()
 .text._Z8setOamBGv
                0x020060b4       0xa8 main.o
                0x020060b4                setOamBG()
 .text._Z10bitmapModev
                0x0200615c       0x98 main.o
                0x0200615c                bitmapMode()
 .text._Z19getActionsFromTouchi
                0x020061f4       0x40 main.o
                0x020061f4                getActionsFromTouch(int)
 .text._Z12applyActionsi
                0x02006234      0x15c main.o
                0x02006234                applyActions(int)
 .text._Z9handleKeyc
                0x02006390       0x78 main.o
                0x02006390                handleKey(char)
 .text._Z9floodFillPtiittii
                0x02006408      0x154 main.o
                0x02006408                floodFill(unsigned short*, int, int, unsigned short, unsigned short, int, int)
 .text._Z9applyTooliib
                0x0200655c      0x298 main.o
                0x0200655c                applyTool(int, int, bool)
 .text._Z22copyFromSurfaceToStackv
                0x020067f4       0x98 main.o
                0x020067f4                copyFromSurfaceToStack()
 .text._Z21cutFromSurfaceToStackv
                0x0200688c       0x44 main.o
                0x0200688c                cutFromSurfaceToStack()
 .text._Z23pasteFromStackToSurfacev
                0x020068d0       0x98 main.o
                0x020068d0                pasteFromStackToSurface()
 .text._Z5flipHv
                0x02006968       0xa4 main.o
                0x02006968                flipH()
 .text._Z5flipVv
                0x02006a0c       0x98 main.o
                0x02006a0c                flipV()
 .text._Z7scaleUpv
                0x02006aa4      0x114 main.o
                0x02006aa4                scaleUp()
 .text._Z9scaleDownv
                0x02006bb8       0xd4 main.o
                0x02006bb8                scaleDown()
 .text._Z14rotatePositivev
                0x02006c8c       0x80 main.o
                0x02006c8c                rotatePositive()
 .text._Z14rotateNegativev
                0x02006d0c       0x8c main.o
                0x02006d0c                rotateNegative()
 .text._Z18setBackupVariablesv
                0x02006d98       0x4c main.o
                0x02006d98                setBackupVariables()
 .text._Z11backupWritev
                0x02006de4       0x6c main.o
                0x02006de4                backupWrite()
 .text._Z10backupReadv
                0x02006e50       0x58 main.o
                0x02006e50                backupRead()
 .text._Z7initFPSv
                0x02006ea8       0x24 main.o
                0x02006ea8                initFPS()
 .text          0x02006ecc       0xa8 drawSurfaceBottom16x.o
                0x02006ecc                drawSurfaceBottom16x
 .text          0x02006f74       0x60 drawSurfaceBottom2x.o
                0x02006f74                drawSurfaceBottom2x
 .text          0x02006fd4       0xe8 drawSurfaceBottom32x.o
                0x02006fd4                drawSurfaceBottom32x
 .text          0x020070bc       0x78 drawSurfaceBottom4x.o
                0x020070bc                drawSurfaceBottom4x
 .text          0x02007134       0x88 drawSurfaceBottom8x.o
                0x02007134                drawSurfaceBottom8x
 .text          0x020071bc       0x60 memcpy_fast_arm9.o
                0x020071bc                memcpy_fast_arm9
 .text.fatInitDefault
                0x0200721c       0x20 C:/devkitPro/libnds/lib\libfat.a(fat_wrappers.o)
                0x0200721c                fatInitDefault
 .text._dvmDiscCalicoDummy
                0x0200723c        0x4 C:/devkitPro/libnds/lib\libfat.a(dvm_calico.o)
 .text._dvmDiscCalicoWriteSectors
                0x02007240        0x8 C:/devkitPro/libnds/lib\libfat.a(dvm_calico.o)
 .text._dvmDiscCalicoReadSectors
                0x02007248        0x8 C:/devkitPro/libnds/lib\libfat.a(dvm_calico.o)
 .text._dvmIsAlignedAccess
                0x02007250       0x30 C:/devkitPro/libnds/lib\libfat.a(dvm_calico.o)
                0x02007250                _dvmIsAlignedAccess
 .text._dvmCacheCopy
                0x02007280       0x14 C:/devkitPro/libnds/lib\libfat.a(dvm_calico.o)
                0x02007280                _dvmCacheCopy
 .text.dvmInit  0x02007294      0x268 C:/devkitPro/libnds/lib\libfat.a(dvm_calico.o)
                0x02007294                dvmInit
 .text.dvmDiscAddUser
                0x020074fc       0x10 C:/devkitPro/libnds/lib\libfat.a(dvm_disc.o)
                0x020074fc                dvmDiscAddUser
 .text.dvmDiscRemoveUser
                0x0200750c       0x28 C:/devkitPro/libnds/lib\libfat.a(dvm_disc.o)
                0x0200750c                dvmDiscRemoveUser
 .text._dvmDiscCacheReadWrite
                0x02007534      0x3ec C:/devkitPro/libnds/lib\libfat.a(dvm_cache.o)
 .text._dvmDiscCacheWriteSectors
                0x02007920       0x58 C:/devkitPro/libnds/lib\libfat.a(dvm_cache.o)
 .text._dvmDiscCacheReadSectors
                0x02007978       0x58 C:/devkitPro/libnds/lib\libfat.a(dvm_cache.o)
 .text._dvmDiscCacheFlush
                0x020079d0       0xac C:/devkitPro/libnds/lib\libfat.a(dvm_cache.o)
 .text._dvmDiscCacheDestroy
                0x02007a7c       0x28 C:/devkitPro/libnds/lib\libfat.a(dvm_cache.o)
 .text.dvmDiscCacheCreate
                0x02007aa4      0x1a0 C:/devkitPro/libnds/lib\libfat.a(dvm_cache.o)
                0x02007aa4                dvmDiscCacheCreate
 .text.dvmMountVolume
                0x02007c44      0x188 C:/devkitPro/libnds/lib\libfat.a(dvm_volume.o)
                0x02007c44                dvmMountVolume
 .text._dvmSetAppWorkingDir
                0x02007dcc       0x74 C:/devkitPro/libnds/lib\libfat.a(dvm_volume.o)
                0x02007dcc                _dvmSetAppWorkingDir
 .text._dvmIdentMbrVbr
                0x02007e40      0x1d8 C:/devkitPro/libnds/lib\libfat.a(dvm_prober.o)
 .text._dvmReadPartitionTable
                0x02008018      0x204 C:/devkitPro/libnds/lib\libfat.a(dvm_prober.o)
 .text.dvmProbeMountDisc
                0x0200821c       0xf0 C:/devkitPro/libnds/lib\libfat.a(dvm_prober.o)
                0x0200821c                dvmProbeMountDisc
 .text._FAT_fstat_r
                0x0200830c       0xac C:/devkitPro/libnds/lib\libfat.a(fat_driver.o)
 .text._FAT_umount
                0x020083b8       0x1c C:/devkitPro/libnds/lib\libfat.a(fat_driver.o)
 .text._FAT_mount
                0x020083d4       0x44 C:/devkitPro/libnds/lib\libfat.a(fat_driver.o)
 .text._FAT_seek_r
                0x02008418      0x13c C:/devkitPro/libnds/lib\libfat.a(fat_driver.o)
 .text._FAT_set_stat.isra.0
                0x02008554      0x10c C:/devkitPro/libnds/lib\libfat.a(fat_driver.o)
 .text._FAT_mkdir_r
                0x02008660       0x64 C:/devkitPro/libnds/lib\libfat.a(fat_driver.o)
 .text._FAT_chdir_r
                0x020086c4       0x64 C:/devkitPro/libnds/lib\libfat.a(fat_driver.o)
 .text._FAT_unlink_r
                0x02008728       0x70 C:/devkitPro/libnds/lib\libfat.a(fat_driver.o)
 .text._FAT_rmdir_r
                0x02008798       0x6c C:/devkitPro/libnds/lib\libfat.a(fat_driver.o)
 .text._FAT_diropen_r
                0x02008804       0x7c C:/devkitPro/libnds/lib\libfat.a(fat_driver.o)
 .text._FAT_fsync_r
                0x02008880       0x64 C:/devkitPro/libnds/lib\libfat.a(fat_driver.o)
 .text._FAT_close_r
                0x020088e4       0x64 C:/devkitPro/libnds/lib\libfat.a(fat_driver.o)
 .text._FAT_dirclose_r
                0x02008948       0x64 C:/devkitPro/libnds/lib\libfat.a(fat_driver.o)
 .text._FAT_dirreset_r
                0x020089ac       0x6c C:/devkitPro/libnds/lib\libfat.a(fat_driver.o)
 .text._FAT_rename_r
                0x02008a18       0x80 C:/devkitPro/libnds/lib\libfat.a(fat_driver.o)
 .text._FAT_stat_r
                0x02008a98       0x98 C:/devkitPro/libnds/lib\libfat.a(fat_driver.o)
 .text._FAT_read_r
                0x02008b30       0x7c C:/devkitPro/libnds/lib\libfat.a(fat_driver.o)
 .text._FAT_write_r
                0x02008bac       0x7c C:/devkitPro/libnds/lib\libfat.a(fat_driver.o)
 .text._FAT_statvfs_r
                0x02008c28       0xf0 C:/devkitPro/libnds/lib\libfat.a(fat_driver.o)
 .text._FAT_ftruncate_r
                0x02008d18      0x190 C:/devkitPro/libnds/lib\libfat.a(fat_driver.o)
 .text._FAT_dirnext_r
                0x02008ea8      0x124 C:/devkitPro/libnds/lib\libfat.a(fat_driver.o)
 .text._FAT_open_r
                0x02008fcc      0x124 C:/devkitPro/libnds/lib\libfat.a(fat_driver.o)
 .text.get_fattime
                0x020090f0       0x64 C:/devkitPro/libnds/lib\libfat.a(fat_driver.o)
                0x020090f0                get_fattime
 .text.ff_mutex_create
                0x02009154       0x18 C:/devkitPro/libnds/lib\libfat.a(fat_driver.o)
                0x02009154                ff_mutex_create
 .text.ff_mutex_delete
                0x0200916c        0x4 C:/devkitPro/libnds/lib\libfat.a(fat_driver.o)
                0x0200916c                ff_mutex_delete
 .text.ff_mutex_take
                0x02009170       0x14 C:/devkitPro/libnds/lib\libfat.a(fat_driver.o)
                0x02009170                ff_mutex_take
 .text.ff_mutex_give
                0x02009184        0x8 C:/devkitPro/libnds/lib\libfat.a(fat_driver.o)
                0x02009184                ff_mutex_give
 .text.disk_initialize
                0x0200918c       0x24 C:/devkitPro/libnds/lib\libfat.a(fat_driver.o)
                0x0200918c                disk_initialize
 .text.disk_status
                0x020091b0       0x24 C:/devkitPro/libnds/lib\libfat.a(fat_driver.o)
                0x020091b0                disk_status
 .text.disk_read
                0x020091d4       0x2c C:/devkitPro/libnds/lib\libfat.a(fat_driver.o)
                0x020091d4                disk_read
 .text.disk_write
                0x02009200       0x2c C:/devkitPro/libnds/lib\libfat.a(fat_driver.o)
                0x02009200                disk_write
 .text.disk_ioctl
                0x0200922c       0x38 C:/devkitPro/libnds/lib\libfat.a(fat_driver.o)
                0x0200922c                disk_ioctl
 .text.tchar2uni
                0x02009264       0xfc C:/devkitPro/libnds/lib\libfat.a(ff.o)
 .text.sync_window
                0x02009360       0x90 C:/devkitPro/libnds/lib\libfat.a(ff.o)
 .text.put_utf  0x020093f0      0x130 C:/devkitPro/libnds/lib\libfat.a(ff.o)
 .text.dir_clear
                0x02009520       0x9c C:/devkitPro/libnds/lib\libfat.a(ff.o)
 .text.get_fileinfo
                0x020095bc      0x28c C:/devkitPro/libnds/lib\libfat.a(ff.o)
 .text.sync_fs  0x02009848      0x180 C:/devkitPro/libnds/lib\libfat.a(ff.o)
 .text.move_window
                0x020099c8       0xc4 C:/devkitPro/libnds/lib\libfat.a(ff.o)
 .text.put_fat.part.0
                0x02009a8c      0x1dc C:/devkitPro/libnds/lib\libfat.a(ff.o)
 .text.get_fat.isra.0
                0x02009c68      0x160 C:/devkitPro/libnds/lib\libfat.a(ff.o)
 .text.remove_chain
                0x02009dc8       0xf4 C:/devkitPro/libnds/lib\libfat.a(ff.o)
 .text.create_chain
                0x02009ebc      0x21c C:/devkitPro/libnds/lib\libfat.a(ff.o)
 .text.dir_next
                0x0200a0d8      0x170 C:/devkitPro/libnds/lib\libfat.a(ff.o)
 .text.dir_read
                0x0200a248      0x248 C:/devkitPro/libnds/lib\libfat.a(ff.o)
 .text.dir_sdi  0x0200a490      0x128 C:/devkitPro/libnds/lib\libfat.a(ff.o)
 .text.dir_alloc
                0x0200a5b8       0xcc C:/devkitPro/libnds/lib\libfat.a(ff.o)
 .text.dir_remove
                0x0200a684       0xc4 C:/devkitPro/libnds/lib\libfat.a(ff.o)
 .text.dir_find
                0x0200a748      0x2f8 C:/devkitPro/libnds/lib\libfat.a(ff.o)
 .text.follow_path
                0x0200aa40      0x588 C:/devkitPro/libnds/lib\libfat.a(ff.o)
 .text.dir_register
                0x0200afc8      0x3f0 C:/devkitPro/libnds/lib\libfat.a(ff.o)
 .text.check_fs
                0x0200b3b8      0x1ec C:/devkitPro/libnds/lib\libfat.a(ff.o)
 .text.mount_volume.part.0
                0x0200b5a4      0x504 C:/devkitPro/libnds/lib\libfat.a(ff.o)
 .text.validate
                0x0200baa8       0xbc C:/devkitPro/libnds/lib\libfat.a(ff.o)
 .text.f_mount  0x0200bb64       0x6c C:/devkitPro/libnds/lib\libfat.a(ff.o)
                0x0200bb64                f_mount
 .text.f_umount
                0x0200bbd0       0x38 C:/devkitPro/libnds/lib\libfat.a(ff.o)
                0x0200bbd0                f_umount
 .text.f_open   0x0200bc08      0x400 C:/devkitPro/libnds/lib\libfat.a(ff.o)
                0x0200bc08                f_open
 .text.f_read   0x0200c008      0x2a4 C:/devkitPro/libnds/lib\libfat.a(ff.o)
                0x0200c008                f_read
 .text.f_write  0x0200c2ac      0x350 C:/devkitPro/libnds/lib\libfat.a(ff.o)
                0x0200c2ac                f_write
 .text.f_sync   0x0200c5fc      0x1a0 C:/devkitPro/libnds/lib\libfat.a(ff.o)
                0x0200c5fc                f_sync
 .text.f_close  0x0200c79c       0x58 C:/devkitPro/libnds/lib\libfat.a(ff.o)
                0x0200c79c                f_close
 .text.f_chdir  0x0200c7f4       0xf0 C:/devkitPro/libnds/lib\libfat.a(ff.o)
                0x0200c7f4                f_chdir
 .text.f_lseek  0x0200c8e4      0x298 C:/devkitPro/libnds/lib\libfat.a(ff.o)
                0x0200c8e4                f_lseek
 .text.f_opendir
                0x0200cb7c      0x12c C:/devkitPro/libnds/lib\libfat.a(ff.o)
                0x0200cb7c                f_opendir
 .text.f_closedir
                0x0200cca8       0xb0 C:/devkitPro/libnds/lib\libfat.a(ff.o)
                0x0200cca8                f_closedir
 .text.f_readdir
                0x0200cd58       0xd0 C:/devkitPro/libnds/lib\libfat.a(ff.o)
                0x0200cd58                f_readdir
 .text.f_stat   0x0200ce28      0x104 C:/devkitPro/libnds/lib\libfat.a(ff.o)
                0x0200ce28                f_stat
 .text.f_getfree
                0x0200cf2c      0x184 C:/devkitPro/libnds/lib\libfat.a(ff.o)
                0x0200cf2c                f_getfree
 .text.f_truncate
                0x0200d0b0      0x228 C:/devkitPro/libnds/lib\libfat.a(ff.o)
                0x0200d0b0                f_truncate
 .text.f_unlink
                0x0200d2d8      0x1a4 C:/devkitPro/libnds/lib\libfat.a(ff.o)
                0x0200d2d8                f_unlink
 .text.f_mkdir  0x0200d47c      0x294 C:/devkitPro/libnds/lib\libfat.a(ff.o)
                0x0200d47c                f_mkdir
 .text.f_rename
                0x0200d710      0x248 C:/devkitPro/libnds/lib\libfat.a(ff.o)
                0x0200d710                f_rename
 .text.ff_uni2oem
                0x0200d958       0x78 C:/devkitPro/libnds/lib\libfat.a(ffunicode.o)
                0x0200d958                ff_uni2oem
 .text.ff_oem2uni
                0x0200d9d0       0x40 C:/devkitPro/libnds/lib\libfat.a(ffunicode.o)
                0x0200d9d0                ff_oem2uni
 .text.ff_wtoupper
                0x0200da10      0x128 C:/devkitPro/libnds/lib\libfat.a(ffunicode.o)
                0x0200da10                ff_wtoupper
 .text.checkIfText
                0x0200db38       0x6c C:/devkitPro/libnds/lib\libnds9.a(background.o)
                0x0200db38                checkIfText
 .text.bgUpdate
                0x0200dba4       0xe8 C:/devkitPro/libnds/lib\libnds9.a(background.o)
                0x0200dba4                bgUpdate
 .text.bgInit_call
                0x0200dc8c       0xa8 C:/devkitPro/libnds/lib\libnds9.a(background.o)
                0x0200dc8c                bgInit_call
 .text.bgInitSub_call
                0x0200dd34       0xb0 C:/devkitPro/libnds/lib\libnds9.a(background.o)
                0x0200dd34                bgInitSub_call
 .text.newRow   0x0200dde4       0xe0 C:/devkitPro/libnds/lib\libnds9.a(console.o)
 .text.consolePrintChar
                0x0200dec4       0xe0 C:/devkitPro/libnds/lib\libnds9.a(console.o)
                0x0200dec4                consolePrintChar
 .text.con_write
                0x0200dfa4      0x344 C:/devkitPro/libnds/lib\libnds9.a(console.o)
                0x0200dfa4                con_write
 .text.consoleLoadFont
                0x0200e2e8      0x2e8 C:/devkitPro/libnds/lib\libnds9.a(console.o)
                0x0200e2e8                consoleLoadFont
 .text.consoleInit
                0x0200e5d0      0x170 C:/devkitPro/libnds/lib\libnds9.a(console.o)
                0x0200e5d0                consoleInit
 .text.consoleDemoInit
                0x0200e740       0x40 C:/devkitPro/libnds/lib\libnds9.a(console.o)
                0x0200e740                consoleDemoInit
 .text.consoleClear
                0x0200e780       0x10 C:/devkitPro/libnds/lib\libnds9.a(console.o)
                0x0200e780                consoleClear
 .text.getHeader
                0x0200e790        0x4 C:/devkitPro/libnds/lib\libnds9.a(decompress.o)
 .text.readByte
                0x0200e794        0x4 C:/devkitPro/libnds/lib\libnds9.a(decompress.o)
 .text.decompress
                0x0200e798       0x40 C:/devkitPro/libnds/lib\libnds9.a(decompress.o)
                0x0200e798                decompress
 .text.defaultHandler
                0x0200e7d8       0x6c C:/devkitPro/libnds/lib\libnds9.a(exceptionDefault.o)
 .text.excptPrint
                0x0200e844       0x38 C:/devkitPro/libnds/lib\libnds9.a(exceptionDefault.o)
 .text.defaultExceptionHandler
                0x0200e87c       0x20 C:/devkitPro/libnds/lib\libnds9.a(exceptionDefault.o)
                0x0200e87c                defaultExceptionHandler
 .text.ARMShift
                0x0200e89c       0x74 C:/devkitPro/libnds/lib\libnds9.a(gurumeditation.o)
 .text.getExceptionAddress
                0x0200e910      0x198 C:/devkitPro/libnds/lib\libnds9.a(gurumeditation.o)
                0x0200e910                getExceptionAddress
 .text.guruMeditationDump
                0x0200eaa8      0x108 C:/devkitPro/libnds/lib\libnds9.a(gurumeditation.o)
                0x0200eaa8                guruMeditationDump
 .text.scanKeys
                0x0200ebb0       0x6c C:/devkitPro/libnds/lib\libnds9.a(keys.o)
                0x0200ebb0                scanKeys
 .text.keysHeld
                0x0200ec1c        0xc C:/devkitPro/libnds/lib\libnds9.a(keys.o)
                0x0200ec1c                keysHeld
 .text.keysDown
                0x0200ec28       0x10 C:/devkitPro/libnds/lib\libnds9.a(keys.o)
                0x0200ec28                keysDown
 .text.keysUp   0x0200ec38       0x10 C:/devkitPro/libnds/lib\libnds9.a(keys.o)
                0x0200ec38                keysUp
 .text.oamAllocReset
                0x0200ec48       0x1c C:/devkitPro/libnds/lib\libnds9.a(sprite_alloc.o)
                0x0200ec48                oamAllocReset
 .text.oamAllocateGfx
                0x0200ec64      0x578 C:/devkitPro/libnds/lib\libnds9.a(sprite_alloc.o)
                0x0200ec64                oamAllocateGfx
 .text.oamInit  0x0200f1dc      0x138 C:/devkitPro/libnds/lib\libnds9.a(sprite.o)
                0x0200f1dc                oamInit
 .text.oamGetGfxPtr
                0x0200f314       0x34 C:/devkitPro/libnds/lib\libnds9.a(sprite.o)
                0x0200f314                oamGetGfxPtr
 .text.oamClear
                0x0200f348       0x24 C:/devkitPro/libnds/lib\libnds9.a(sprite.o)
                0x0200f348                oamClear
 .text.oamGfxPtrToOffset
                0x0200f36c       0x34 C:/devkitPro/libnds/lib\libnds9.a(sprite.o)
                0x0200f36c                oamGfxPtrToOffset
 .text.oamSet   0x0200f3a0      0x100 C:/devkitPro/libnds/lib\libnds9.a(sprite.o)
                0x0200f3a0                oamSet
 .text.oamUpdate
                0x0200f4a0       0x78 C:/devkitPro/libnds/lib\libnds9.a(sprite.o)
                0x0200f4a0                oamUpdate
 .text.sinLutLookup
                0x0200f518       0x4c C:/devkitPro/libnds/lib\libnds9.a(trig.o)
                0x0200f518                sinLutLookup
 .text.sinLerp  0x0200f564       0x38 C:/devkitPro/libnds/lib\libnds9.a(trig.o)
                0x0200f564                sinLerp
 .text.cosLerp  0x0200f59c       0x44 C:/devkitPro/libnds/lib\libnds9.a(trig.o)
                0x0200f59c                cosLerp
 .text.__libnds_excpt
                0x0200f5e0       0xf8 C:/devkitPro/libnds/lib\libnds9.a(exceptionEntry.o)
                0x0200f5e0                __libnds_excpt
 .text._mmPxiHandler
                0x0200f6d8       0x78 C:/devkitPro/libnds/lib\libmm9.a(mm_comms9.o)
 .text.mmInit   0x0200f750       0x78 C:/devkitPro/libnds/lib\libmm9.a(mm_comms9.o)
                0x0200f750                mmInit
 .text.mmStart  0x0200f7c8       0x44 C:/devkitPro/libnds/lib\libmm9.a(mm_comms9.o)
                0x0200f7c8                mmStart
 .text.mmStop   0x0200f80c       0x24 C:/devkitPro/libnds/lib\libmm9.a(mm_comms9.o)
                0x0200f80c                mmStop
 .text._mmLoadSample
                0x0200f830       0x80 C:/devkitPro/libnds/lib\libmm9.a(mm_loader.o)
 .text.mmInitDefaultMem
                0x0200f8b0       0xc0 C:/devkitPro/libnds/lib\libmm9.a(mm_loader.o)
                0x0200f8b0                mmInitDefaultMem
 .text.mmLoad   0x0200f970       0xa8 C:/devkitPro/libnds/lib\libmm9.a(mm_loader.o)
                0x0200f970                mmLoad
 .text._tickCountIsr
                0x0200fa18       0x1c C:/devkitPro/calico/lib\libcalico_ds9.a(tick.o)
 .text._tickTaskSchedule.part.0.isra.0
                0x0200fa34       0x84 C:/devkitPro/calico/lib\libcalico_ds9.a(tick.o)
 .text.tickInit
                0x0200fab8       0xa0 C:/devkitPro/calico/lib\libcalico_ds9.a(tick.o)
                0x0200fab8                tickInit
 .text.tickGetCount
                0x0200fb58       0x5c C:/devkitPro/calico/lib\libcalico_ds9.a(tick.o)
                0x0200fb58                tickGetCount
 .text._tickTaskIsr
                0x0200fbb4      0x110 C:/devkitPro/calico/lib\libcalico_ds9.a(tick.o)
 .text.tickTaskStart
                0x0200fcc4      0x144 C:/devkitPro/calico/lib\libcalico_ds9.a(tick.o)
                0x0200fcc4                tickTaskStart
 .text.threadExit
                0x0200fe08       0x9c C:/devkitPro/calico/lib\libcalico_ds9.a(thread_cold.o)
                0x0200fe08                threadExit
 .text._threadTickTask
                0x0200fea4       0x10 C:/devkitPro/calico/lib\libcalico_ds9.a(thread_cold.o)
 .text._threadInit
                0x0200feb4       0x98 C:/devkitPro/calico/lib\libcalico_ds9.a(thread_cold.o)
                0x0200feb4                _threadInit
 .text.threadPrepare
                0x0200ff4c       0xa4 C:/devkitPro/calico/lib\libcalico_ds9.a(thread_cold.o)
                0x0200ff4c                threadPrepare
 .text.threadStart
                0x0200fff0       0xc8 C:/devkitPro/calico/lib\libcalico_ds9.a(thread_cold.o)
                0x0200fff0                threadStart
 .text.threadIrqWait
                0x020100b8       0xa0 C:/devkitPro/calico/lib\libcalico_ds9.a(thread_cold.o)
                0x020100b8                threadIrqWait
 .text.threadSleepTicks
                0x02010158       0x58 C:/devkitPro/calico/lib\libcalico_ds9.a(thread_cold.o)
                0x02010158                threadSleepTicks
 .text._dietPrintDefaultFunc
                0x020101b0        0x4 C:/devkitPro/calico/lib\libcalico_ds9.a(dietprint.o)
 .text._dietOutput
                0x020101b4       0x3c C:/devkitPro/calico/lib\libcalico_ds9.a(dietprint.o)
 .text._dietPrintDec32
                0x020101f0      0x110 C:/devkitPro/calico/lib\libcalico_ds9.a(dietprint.o)
 .text._dietPrintHex32
                0x02010300      0x170 C:/devkitPro/calico/lib\libcalico_ds9.a(dietprint.o)
 .text.dietPrintV
                0x02010470      0x4b8 C:/devkitPro/calico/lib\libcalico_ds9.a(dietprint.o)
                0x02010470                dietPrintV
 .text.dietPrint
                0x02010928       0x18 C:/devkitPro/calico/lib\libcalico_ds9.a(dietprint.o)
                0x02010928                dietPrint
 .text.__syscall_getreent
                0x02010940       0x14 C:/devkitPro/calico/lib\libcalico_ds9.a(newlib_syscalls.o)
                0x02010940                __syscall_getreent
 .text.__errno  0x02010954       0x24 C:/devkitPro/calico/lib\libcalico_ds9.a(newlib_syscalls.o)
                0x02010954                __errno
 .text.__syscall_gettod_r
                0x02010978       0x30 C:/devkitPro/calico/lib\libcalico_ds9.a(newlib_syscalls.o)
                0x02010978                __syscall_gettod_r
 .text.__syscall_lock_acquire
                0x020109a8        0x4 C:/devkitPro/calico/lib\libcalico_ds9.a(newlib_syscalls.o)
                0x020109a8                __syscall_lock_acquire
 .text.__syscall_lock_release
                0x020109ac        0x4 C:/devkitPro/calico/lib\libcalico_ds9.a(newlib_syscalls.o)
                0x020109ac                __syscall_lock_release
 .text.__syscall_lock_acquire_recursive
                0x020109b0       0x4c C:/devkitPro/calico/lib\libcalico_ds9.a(newlib_syscalls.o)
                0x020109b0                __syscall_lock_acquire_recursive
 .text.__syscall_lock_release_recursive
                0x020109fc       0x18 C:/devkitPro/calico/lib\libcalico_ds9.a(newlib_syscalls.o)
                0x020109fc                __syscall_lock_release_recursive
 .text.svcLZ77UncompWram
                0x02010a14        0x4 C:/devkitPro/calico/lib\libcalico_ds9.a(bios.o)
                0x02010a14                svcLZ77UncompWram
 .text.svcHuffUncompCallback
                0x02010a18        0x4 C:/devkitPro/calico/lib\libcalico_ds9.a(bios.o)
                0x02010a18                svcHuffUncompCallback
 .text.svcRLUncompWram
                0x02010a1c        0x4 C:/devkitPro/calico/lib\libcalico_ds9.a(bios.o)
                0x02010a1c                svcRLUncompWram
 .text.svcRLUncompVramCallback
                0x02010a20        0x4 C:/devkitPro/calico/lib\libcalico_ds9.a(bios.o)
                0x02010a20                svcRLUncompVramCallback
 .text.svcLZ77UncompVramCallback
                0x02010a24       0x18 C:/devkitPro/calico/lib\libcalico_ds9.a(bios.o)
                0x02010a24                svcLZ77UncompVramCallback
 .text._pxiMailboxHandler
                0x02010a3c        0x4 C:/devkitPro/calico/lib\libcalico_ds9.a(pxi.o)
 .text._pxiRecvUnhandled
                0x02010a40        0x4 C:/devkitPro/calico/lib\libcalico_ds9.a(pxi.o)
                0x02010a40                _pxiRecvUnhandled
 .text._pxiRecvIrqHandler
                0x02010a44      0x154 C:/devkitPro/calico/lib\libcalico_ds9.a(pxi.o)
 .text._pxiInit
                0x02010b98       0x58 C:/devkitPro/calico/lib\libcalico_ds9.a(pxi.o)
                0x02010b98                _pxiInit
 .text.pxiSetHandler
                0x02010bf0       0x74 C:/devkitPro/calico/lib\libcalico_ds9.a(pxi.o)
                0x02010bf0                pxiSetHandler
 .text.pxiSetMailbox
                0x02010c64       0x68 C:/devkitPro/calico/lib\libcalico_ds9.a(pxi.o)
                0x02010c64                pxiSetMailbox
 .text.pxiWaitRemote
                0x02010ccc       0x38 C:/devkitPro/calico/lib\libcalico_ds9.a(pxi.o)
                0x02010ccc                pxiWaitRemote
 .text.pxiSendPacket
                0x02010d04       0x50 C:/devkitPro/calico/lib\libcalico_ds9.a(pxi.o)
                0x02010d04                pxiSendPacket
 .text.pxiSendExtPacket
                0x02010d54       0x98 C:/devkitPro/calico/lib\libcalico_ds9.a(pxi.o)
                0x02010d54                pxiSendExtPacket
 .text.pxiBeginReceive
                0x02010dec       0x2c C:/devkitPro/calico/lib\libcalico_ds9.a(pxi.o)
                0x02010dec                pxiBeginReceive
 .text.pxiEndReceive
                0x02010e18       0xac C:/devkitPro/calico/lib\libcalico_ds9.a(pxi.o)
                0x02010e18                pxiEndReceive
 .text.keypadGetState
                0x02010ec4       0x28 C:/devkitPro/calico/lib\libcalico_ds9.a(keypad.o)
                0x02010ec4                keypadGetState
 .text._pmCallEventHandlers
                0x02010eec       0x40 C:/devkitPro/calico/lib\libcalico_ds9.a(pm.o)
 .text._pmPxiThreadMain
                0x02010f2c       0xa0 C:/devkitPro/calico/lib\libcalico_ds9.a(pm.o)
 .text._pmResetPxiHandler
                0x02010fcc       0x28 C:/devkitPro/calico/lib\libcalico_ds9.a(pm.o)
 .text.systemUserExit
                0x02010ff4        0x4 C:/devkitPro/calico/lib\libcalico_ds9.a(pm.o)
                0x02010ff4                systemUserExit
 .text.systemErrorExit
                0x02010ff8        0x4 C:/devkitPro/calico/lib\libcalico_ds9.a(pm.o)
                0x02010ff8                systemErrorExit
 .text.__syscall_exit
                0x02010ffc      0x138 C:/devkitPro/calico/lib\libcalico_ds9.a(pm.o)
                0x02010ffc                __syscall_exit
 .text.pmInit   0x02011134       0x58 C:/devkitPro/calico/lib\libcalico_ds9.a(pm.o)
                0x02011134                pmInit
 .text.pmEnterSleep
                0x0201118c       0xcc C:/devkitPro/calico/lib\libcalico_ds9.a(pm.o)
                0x0201118c                pmEnterSleep
 .text.pmMainLoop
                0x02011258       0x74 C:/devkitPro/calico/lib\libcalico_ds9.a(pm.o)
                0x02011258                pmMainLoop
 .text.systemUserStartup
                0x020112cc        0x4 C:/devkitPro/calico/lib\libcalico_ds9.a(sys_startup.o)
                0x020112cc                systemUserStartup
 .text.systemStartup
                0x020112d0      0x104 C:/devkitPro/calico/lib\libcalico_ds9.a(sys_startup.o)
                0x020112d0                systemStartup
 .text.touchRead
                0x020113d4       0x58 C:/devkitPro/calico/lib\libcalico_ds9.a(touch.o)
                0x020113d4                touchRead
 .text._soundPxiCheckCredits
                0x0201142c       0x70 C:/devkitPro/calico/lib\libcalico_ds9.a(sound.o)
 .text._soundPxiHandler
                0x0201149c       0x3c C:/devkitPro/calico/lib\libcalico_ds9.a(sound.o)
 .text.soundInit
                0x020114d8       0x64 C:/devkitPro/calico/lib\libcalico_ds9.a(sound.o)
                0x020114d8                soundInit
 .text.soundSetMixerSleep
                0x0201153c       0x2c C:/devkitPro/calico/lib\libcalico_ds9.a(sound.o)
                0x0201153c                soundSetMixerSleep
 .text._blkDevReadWriteSectors
                0x02011568       0x44 C:/devkitPro/calico/lib\libcalico_ds9.a(blk.o)
 .text.blkInit  0x020115ac        0x8 C:/devkitPro/calico/lib\libcalico_ds9.a(blk.o)
                0x020115ac                blkInit
 .text.blkDevIsPresent
                0x020115b4       0x30 C:/devkitPro/calico/lib\libcalico_ds9.a(blk.o)
                0x020115b4                blkDevIsPresent
 .text.blkDevInit
                0x020115e4       0x30 C:/devkitPro/calico/lib\libcalico_ds9.a(blk.o)
                0x020115e4                blkDevInit
 .text.blkDevGetSectorCount
                0x02011614       0x34 C:/devkitPro/calico/lib\libcalico_ds9.a(blk.o)
                0x02011614                blkDevGetSectorCount
 .text.blkDevReadSectors
                0x02011648       0x5c C:/devkitPro/calico/lib\libcalico_ds9.a(blk.o)
                0x02011648                blkDevReadSectors
 .text.blkDevWriteSectors
                0x020116a4       0x5c C:/devkitPro/calico/lib\libcalico_ds9.a(blk.o)
                0x020116a4                blkDevWriteSectors
 .text.irqSet   0x02011700       0x64 C:/devkitPro/calico/lib\libcalico_ds9.a(irq.o)
                0x02011700                irqSet
 .text.threadUpdateDynamicPrio
                0x02011764      0x1cc C:/devkitPro/calico/lib\libcalico_ds9.a(mutex.o)
 .text.threadRemoveWaiter
                0x02011930      0x1c8 C:/devkitPro/calico/lib\libcalico_ds9.a(mutex.o)
 .text.mutexLock
                0x02011af8      0x150 C:/devkitPro/calico/lib\libcalico_ds9.a(mutex.o)
                0x02011af8                mutexLock
 .text.mutexUnlock
                0x02011c48       0xd0 C:/devkitPro/calico/lib\libcalico_ds9.a(mutex.o)
                0x02011c48                mutexUnlock
 .text.mailboxTrySend
                0x02011d18       0x98 C:/devkitPro/calico/lib\libcalico_ds9.a(mailbox.o)
                0x02011d18                mailboxTrySend
 .text.mailboxRecv
                0x02011db0       0x98 C:/devkitPro/calico/lib\libcalico_ds9.a(mailbox.o)
                0x02011db0                mailboxRecv
 .text.log2     0x02011e48       0x1c C:/devkitPro/devkitARM/bin/../lib/gcc/arm-none-eabi/15.1.0/../../../../arm-none-eabi/lib/thumb\libm.a(libm_a-s_log2.o)
                0x02011e48                log2
 .text.log      0x02011e64       0x70 C:/devkitPro/devkitARM/bin/../lib/gcc/arm-none-eabi/15.1.0/../../../../arm-none-eabi/lib/thumb\libm.a(libm_a-w_log.o)
                0x02011e64                log
 .text.__ieee754_log
                0x02011ed4      0x364 C:/devkitPro/devkitARM/bin/../lib/gcc/arm-none-eabi/15.1.0/../../../../arm-none-eabi/lib/thumb\libm.a(libm_a-e_log.o)
                0x02011ed4                __ieee754_log
 .text.nan      0x02012238        0xc C:/devkitPro/devkitARM/bin/../lib/gcc/arm-none-eabi/15.1.0/../../../../arm-none-eabi/lib/thumb\libm.a(libm_a-s_nan.o)
                0x02012238                nan
 .text          0x02012244      0x11c C:/devkitPro/devkitARM/bin/../lib/gcc/arm-none-eabi/15.1.0/thumb\libgcc.a(_udivsi3.o)
                0x02012244                __aeabi_uidiv
                0x02012244                __udivsi3
                0x02012340                __aeabi_uidivmod
 .text          0x02012360      0x150 C:/devkitPro/devkitARM/bin/../lib/gcc/arm-none-eabi/15.1.0/thumb\libgcc.a(_divsi3.o)
                0x02012360                __divsi3
                0x02012360                __aeabi_idiv
                0x02012490                __aeabi_idivmod
 .text          0x020124b0        0x4 C:/devkitPro/devkitARM/bin/../lib/gcc/arm-none-eabi/15.1.0/thumb\libgcc.a(_dvmd_tls.o)
                0x020124b0                __aeabi_idiv0
                0x020124b0                __aeabi_ldiv0
 .text          0x020124b4      0x424 C:/devkitPro/devkitARM/bin/../lib/gcc/arm-none-eabi/15.1.0/thumb\libgcc.a(_arm_addsubdf3.o)
                0x020124b4                __aeabi_drsub
                0x020124bc                __aeabi_dsub
                0x020124bc                __subdf3
                0x020124c0                __aeabi_dadd
                0x020124c0                __adddf3
                0x020127d0                __floatunsidf
                0x020127d0                __aeabi_ui2d
                0x020127f4                __floatsidf
                0x020127f4                __aeabi_i2d
                0x0201281c                __aeabi_f2d
                0x0201281c                __extendsfdf2
                0x02012864                __floatundidf
                0x02012864                __aeabi_ul2d
                0x02012878                __floatdidf
                0x02012878                __aeabi_l2d
 .text          0x020128d8      0x49c C:/devkitPro/devkitARM/bin/../lib/gcc/arm-none-eabi/15.1.0/thumb\libgcc.a(_arm_muldivdf3.o)
                0x020128d8                __aeabi_dmul
                0x020128d8                __muldf3
                0x02012b68                __divdf3
                0x02012b68                __aeabi_ddiv
 .text          0x02012d74      0x144 C:/devkitPro/devkitARM/bin/../lib/gcc/arm-none-eabi/15.1.0/thumb\libgcc.a(_arm_cmpdf2.o)
                0x02012d74                __gtdf2
                0x02012d74                __gedf2
                0x02012d7c                __ltdf2
                0x02012d7c                __ledf2
                0x02012d84                __nedf2
                0x02012d84                __eqdf2
                0x02012d84                __cmpdf2
                0x02012e0c                __aeabi_cdrcmple
                0x02012e28                __aeabi_cdcmpeq
                0x02012e28                __aeabi_cdcmple
                0x02012e40                __aeabi_dcmpeq
                0x02012e58                __aeabi_dcmplt
                0x02012e70                __aeabi_dcmple
                0x02012e88                __aeabi_dcmpge
                0x02012ea0                __aeabi_dcmpgt
 .text          0x02012eb8       0x38 C:/devkitPro/devkitARM/bin/../lib/gcc/arm-none-eabi/15.1.0/thumb\libgcc.a(_arm_unorddf2.o)
                0x02012eb8                __unorddf2
                0x02012eb8                __aeabi_dcmpun
 .text          0x02012ef0       0x5c C:/devkitPro/devkitARM/bin/../lib/gcc/arm-none-eabi/15.1.0/thumb\libgcc.a(_arm_fixdfsi.o)
                0x02012ef0                __aeabi_d2iz
                0x02012ef0                __fixdfsi
 .text          0x02012f4c       0x3c C:/devkitPro/devkitARM/bin/../lib/gcc/arm-none-eabi/15.1.0/thumb\libgcc.a(_aeabi_uldivmod.o)
                0x02012f4c                __aeabi_uldivmod
 .text.__udivmoddi4
                0x02012f88      0x194 C:/devkitPro/devkitARM/bin/../lib/gcc/arm-none-eabi/15.1.0/thumb\libgcc.a(_udivmoddi4.o)
                0x02012f88                __udivmoddi4
 .text          0x0201311c       0x28 C:/devkitPro/devkitARM/bin/../lib/gcc/arm-none-eabi/15.1.0/thumb\libgcc.a(_clzdi2.o)
                0x0201311c                __clzdi2
 .text          0x02013144       0x48 C:/devkitPro/devkitARM/bin/../lib/gcc/arm-none-eabi/15.1.0/thumb\libgcc.a(_clzsi2.o)
                0x02013144                __clzsi2
 .text.strchr   0x0201318c       0xbc C:/devkitPro/devkitARM/bin/../lib/gcc/arm-none-eabi/15.1.0/../../../../arm-none-eabi/lib/thumb\libg.a(libc_a-strchr.o)
                0x0201318c                strchr
 .text.rand     0x02013248       0x30 C:/devkitPro/devkitARM/bin/../lib/gcc/arm-none-eabi/15.1.0/../../../../arm-none-eabi/lib/thumb\libg.a(libc_a-rand.o)
                0x02013248                rand
 .text._fclose_r
                0x02013278       0xdc C:/devkitPro/devkitARM/bin/../lib/gcc/arm-none-eabi/15.1.0/../../../../arm-none-eabi/lib/thumb\libg.a(libc_a-fclose.o)
                0x02013278                _fclose_r
 .text.fclose   0x02013354       0x14 C:/devkitPro/devkitARM/bin/../lib/gcc/arm-none-eabi/15.1.0/../../../../arm-none-eabi/lib/thumb\libg.a(libc_a-fclose.o)
                0x02013354                fclose
 .text._fwrite_r
                0x02013368       0x9c C:/devkitPro/devkitARM/bin/../lib/gcc/arm-none-eabi/15.1.0/../../../../arm-none-eabi/lib/thumb\libg.a(libc_a-fwrite.o)
                0x02013368                _fwrite_r
 .text.fwrite   0x02013404       0x24 C:/devkitPro/devkitARM/bin/../lib/gcc/arm-none-eabi/15.1.0/../../../../arm-none-eabi/lib/thumb\libg.a(libc_a-fwrite.o)
                0x02013404                fwrite
 .text.strlen   0x02013428       0x60 C:/devkitPro/devkitARM/bin/../lib/gcc/arm-none-eabi/15.1.0/../../../../arm-none-eabi/lib/thumb\libg.a(libc_a-strlen.o)
                0x02013428                strlen
 .text.memcmp   0x02013488       0x48 C:/devkitPro/devkitARM/bin/../lib/gcc/arm-none-eabi/15.1.0/../../../../arm-none-eabi/lib/thumb\libg.a(libc_a-memcmp.o)
                0x02013488                memcmp
 .text.stdio_exit_handler
                0x020134d0       0x20 C:/devkitPro/devkitARM/bin/../lib/gcc/arm-none-eabi/15.1.0/../../../../arm-none-eabi/lib/thumb\libg.a(libc_a-findfp.o)
 .text.cleanup_stdio
                0x020134f0       0x40 C:/devkitPro/devkitARM/bin/../lib/gcc/arm-none-eabi/15.1.0/../../../../arm-none-eabi/lib/thumb\libg.a(libc_a-findfp.o)
 .text.global_stdio_init.part.0
                0x02013530      0x120 C:/devkitPro/devkitARM/bin/../lib/gcc/arm-none-eabi/15.1.0/../../../../arm-none-eabi/lib/thumb\libg.a(libc_a-findfp.o)
 .text.__sfp    0x02013650       0xcc C:/devkitPro/devkitARM/bin/../lib/gcc/arm-none-eabi/15.1.0/../../../../arm-none-eabi/lib/thumb\libg.a(libc_a-findfp.o)
                0x02013650                __sfp
 .text.__sinit  0x0201371c       0x3c C:/devkitPro/devkitARM/bin/../lib/gcc/arm-none-eabi/15.1.0/../../../../arm-none-eabi/lib/thumb\libg.a(libc_a-findfp.o)
                0x0201371c                __sinit
 .text.__sfp_lock_acquire
                0x02013758       0x14 C:/devkitPro/devkitARM/bin/../lib/gcc/arm-none-eabi/15.1.0/../../../../arm-none-eabi/lib/thumb\libg.a(libc_a-findfp.o)
                0x02013758                __sfp_lock_acquire
 .text.__sfp_lock_release
                0x0201376c       0x14 C:/devkitPro/devkitARM/bin/../lib/gcc/arm-none-eabi/15.1.0/../../../../arm-none-eabi/lib/thumb\libg.a(libc_a-findfp.o)
                0x0201376c                __sfp_lock_release
 .text.__libc_init_array
                0x02013780       0x54 C:/devkitPro/devkitARM/bin/../lib/gcc/arm-none-eabi/15.1.0/../../../../arm-none-eabi/lib/thumb\libg.a(libc_a-init.o)
                0x02013780                __libc_init_array
 .text._fwalk_sglue
                0x020137d4       0x4c C:/devkitPro/devkitARM/bin/../lib/gcc/arm-none-eabi/15.1.0/../../../../arm-none-eabi/lib/thumb\libg.a(libc_a-fwalk.o)
                0x020137d4                _fwalk_sglue
 .text.calloc   0x02013820       0x18 C:/devkitPro/devkitARM/bin/../lib/gcc/arm-none-eabi/15.1.0/../../../../arm-none-eabi/lib/thumb\libg.a(libc_a-calloc.o)
                0x02013820                calloc
 .text.siscanf  0x02013838       0x50 C:/devkitPro/devkitARM/bin/../lib/gcc/arm-none-eabi/15.1.0/../../../../arm-none-eabi/lib/thumb\libg.a(libc_a-siscanf.o)
                0x02013838                siscanf
 .text.strrchr  0x02013888       0x30 C:/devkitPro/devkitARM/bin/../lib/gcc/arm-none-eabi/15.1.0/../../../../arm-none-eabi/lib/thumb\libg.a(libc_a-strrchr.o)
                0x02013888                strrchr
 .text.aligned_alloc
                0x020138b8       0x18 C:/devkitPro/devkitARM/bin/../lib/gcc/arm-none-eabi/15.1.0/../../../../arm-none-eabi/lib/thumb\libg.a(libc_a-aligned_alloc.o)
                0x020138b8                aligned_alloc
 .text._calloc_r
                0x020138d0       0xcc C:/devkitPro/devkitARM/bin/../lib/gcc/arm-none-eabi/15.1.0/../../../../arm-none-eabi/lib/thumb\libg.a(libc_a-callocr.o)
                0x020138d0                _calloc_r
 .text.fgetc    0x0201399c       0x6c C:/devkitPro/devkitARM/bin/../lib/gcc/arm-none-eabi/15.1.0/../../../../arm-none-eabi/lib/thumb\libg.a(libc_a-fgetc.o)
                0x0201399c                fgetc
 .text.realloc  0x02013a08       0x18 C:/devkitPro/devkitARM/bin/../lib/gcc/arm-none-eabi/15.1.0/../../../../arm-none-eabi/lib/thumb\libg.a(libc_a-realloc.o)
                0x02013a08                realloc
 .text.validate_structure
                0x02013a20      0x1e8 C:/devkitPro/devkitARM/bin/../lib/gcc/arm-none-eabi/15.1.0/../../../../arm-none-eabi/lib/thumb\libg.a(libc_a-mktime.o)
 .text.mktime   0x02013c08      0x434 C:/devkitPro/devkitARM/bin/../lib/gcc/arm-none-eabi/15.1.0/../../../../arm-none-eabi/lib/thumb\libg.a(libc_a-mktime.o)
                0x02013c08                mktime
 .text._fseek_r
                0x0201403c       0x14 C:/devkitPro/devkitARM/bin/../lib/gcc/arm-none-eabi/15.1.0/../../../../arm-none-eabi/lib/thumb\libg.a(libc_a-fseek.o)
                0x0201403c                _fseek_r
 .text.fseek    0x02014050       0x24 C:/devkitPro/devkitARM/bin/../lib/gcc/arm-none-eabi/15.1.0/../../../../arm-none-eabi/lib/thumb\libg.a(libc_a-fseek.o)
                0x02014050                fseek
 .text.__tz_lock
                0x02014074       0x14 C:/devkitPro/devkitARM/bin/../lib/gcc/arm-none-eabi/15.1.0/../../../../arm-none-eabi/lib/thumb\libg.a(libc_a-tzlock.o)
                0x02014074                __tz_lock
 .text.__tz_unlock
                0x02014088       0x14 C:/devkitPro/devkitARM/bin/../lib/gcc/arm-none-eabi/15.1.0/../../../../arm-none-eabi/lib/thumb\libg.a(libc_a-tzlock.o)
                0x02014088                __tz_unlock
 .text._malloc_r
                0x0201409c      0x550 C:/devkitPro/devkitARM/bin/../lib/gcc/arm-none-eabi/15.1.0/../../../../arm-none-eabi/lib/thumb\libg.a(libc_a-mallocr.o)
                0x0201409c                _malloc_r
 .text.strcasecmp
                0x020145ec       0x4c C:/devkitPro/devkitARM/bin/../lib/gcc/arm-none-eabi/15.1.0/../../../../arm-none-eabi/lib/thumb\libg.a(libc_a-strcasecmp.o)
                0x020145ec                strcasecmp
 .text.strcpy   0x02014638       0x10 C:/devkitPro/devkitARM/bin/../lib/gcc/arm-none-eabi/15.1.0/../../../../arm-none-eabi/lib/thumb\libg.a(libc_a-strcpy.o)
                0x02014638                strcpy
 .text._malloc_trim_r
                0x02014648       0xac C:/devkitPro/devkitARM/bin/../lib/gcc/arm-none-eabi/15.1.0/../../../../arm-none-eabi/lib/thumb\libg.a(libc_a-freer.o)
                0x02014648                _malloc_trim_r
 .text._free_r  0x020146f4      0x1d8 C:/devkitPro/devkitARM/bin/../lib/gcc/arm-none-eabi/15.1.0/../../../../arm-none-eabi/lib/thumb\libg.a(libc_a-freer.o)
                0x020146f4                _free_r
 .text.snprintf
                0x020148cc       0x64 C:/devkitPro/devkitARM/bin/../lib/gcc/arm-none-eabi/15.1.0/../../../../arm-none-eabi/lib/thumb\libg.a(libc_a-snprintf.o)
                0x020148cc                snprintf
 .text.get_arg  0x02014930      0x404 C:/devkitPro/devkitARM/bin/../lib/gcc/arm-none-eabi/15.1.0/../../../../arm-none-eabi/lib/thumb\libg.a(libc_a-svfprintf.o)
 .text._svfprintf_r
                0x02014d34     0x22d8 C:/devkitPro/devkitARM/bin/../lib/gcc/arm-none-eabi/15.1.0/../../../../arm-none-eabi/lib/thumb\libg.a(libc_a-svfprintf.o)
                0x02014d34                _svfprintf_r
 .text.printf   0x0201700c       0x28 C:/devkitPro/devkitARM/bin/../lib/gcc/arm-none-eabi/15.1.0/../../../../arm-none-eabi/lib/thumb\libg.a(libc_a-printf.o)
                0x0201700c                printf
 .text.strnlen  0x02017034       0x20 C:/devkitPro/devkitARM/bin/../lib/gcc/arm-none-eabi/15.1.0/../../../../arm-none-eabi/lib/thumb\libg.a(libc_a-strnlen.o)
                0x02017034                strnlen
 .text.stpcpy   0x02017054       0x4c C:/devkitPro/devkitARM/bin/../lib/gcc/arm-none-eabi/15.1.0/../../../../arm-none-eabi/lib/thumb\libg.a(libc_a-stpcpy.o)
                0x02017054                stpcpy
 .text.malloc   0x020170a0       0x28 C:/devkitPro/devkitARM/bin/../lib/gcc/arm-none-eabi/15.1.0/../../../../arm-none-eabi/lib/thumb\libg.a(libc_a-malloc.o)
                0x020170a0                malloc
 .text.free     0x020170c8       0x14 C:/devkitPro/devkitARM/bin/../lib/gcc/arm-none-eabi/15.1.0/../../../../arm-none-eabi/lib/thumb\libg.a(libc_a-malloc.o)
                0x020170c8                free
 .text.__sflush_r
                0x020170dc      0x180 C:/devkitPro/devkitARM/bin/../lib/gcc/arm-none-eabi/15.1.0/../../../../arm-none-eabi/lib/thumb\libg.a(libc_a-fflush.o)
                0x020170dc                __sflush_r
 .text._fflush_r
                0x0201725c       0x70 C:/devkitPro/devkitARM/bin/../lib/gcc/arm-none-eabi/15.1.0/../../../../arm-none-eabi/lib/thumb\libg.a(libc_a-fflush.o)
                0x0201725c                _fflush_r
 .text.time     0x020172cc       0x38 C:/devkitPro/devkitARM/bin/../lib/gcc/arm-none-eabi/15.1.0/../../../../arm-none-eabi/lib/thumb\libg.a(libc_a-time.o)
                0x020172cc                time
 .text.memset   0x02017304       0x8c C:/devkitPro/devkitARM/bin/../lib/gcc/arm-none-eabi/15.1.0/../../../../arm-none-eabi/lib/thumb\libg.a(libc_a-memset.o)
                0x02017304                memset
 .text._realloc_r
                0x02017390      0x344 C:/devkitPro/devkitARM/bin/../lib/gcc/arm-none-eabi/15.1.0/../../../../arm-none-eabi/lib/thumb\libg.a(libc_a-reallocr.o)
                0x02017390                _realloc_r
 .text.localtime_r
                0x020176d4      0x228 C:/devkitPro/devkitARM/bin/../lib/gcc/arm-none-eabi/15.1.0/../../../../arm-none-eabi/lib/thumb\libg.a(libc_a-lcltime_r.o)
                0x020176d4                localtime_r
 .text._fread_r
                0x020178fc      0x228 C:/devkitPro/devkitARM/bin/../lib/gcc/arm-none-eabi/15.1.0/../../../../arm-none-eabi/lib/thumb\libg.a(libc_a-fread.o)
                0x020178fc                _fread_r
 .text.fread    0x02017b24       0x24 C:/devkitPro/devkitARM/bin/../lib/gcc/arm-none-eabi/15.1.0/../../../../arm-none-eabi/lib/thumb\libg.a(libc_a-fread.o)
                0x02017b24                fread
 .text.__malloc_lock
                0x02017b48       0x14 C:/devkitPro/devkitARM/bin/../lib/gcc/arm-none-eabi/15.1.0/../../../../arm-none-eabi/lib/thumb\libg.a(libc_a-mlock.o)
                0x02017b48                __malloc_lock
 .text.__malloc_unlock
                0x02017b5c       0x14 C:/devkitPro/devkitARM/bin/../lib/gcc/arm-none-eabi/15.1.0/../../../../arm-none-eabi/lib/thumb\libg.a(libc_a-mlock.o)
                0x02017b5c                __malloc_unlock
 .text.__tzcalc_limits
                0x02017b70      0x1ac C:/devkitPro/devkitARM/bin/../lib/gcc/arm-none-eabi/15.1.0/../../../../arm-none-eabi/lib/thumb\libg.a(libc_a-tzcalc_limits.o)
                0x02017b70                __tzcalc_limits
 .text.fputc    0x02017d1c       0x5c C:/devkitPro/devkitARM/bin/../lib/gcc/arm-none-eabi/15.1.0/../../../../arm-none-eabi/lib/thumb\libg.a(libc_a-fputc.o)
                0x02017d1c                fputc
 .text          0x02017d78      0x224 C:/devkitPro/devkitARM/bin/../lib/gcc/arm-none-eabi/15.1.0/../../../../arm-none-eabi/lib/thumb\libg.a(libc_a-strcmp.o)
                0x02017d78                strcmp
 .text.__call_exitprocs
                0x02017f9c        0xc C:/devkitPro/devkitARM/bin/../lib/gcc/arm-none-eabi/15.1.0/../../../../arm-none-eabi/lib/thumb\libg.a(libc_a-exit.o)
                0x02017f9c                __call_exitprocs
 .text.setvbuf  0x02017fa8      0x1ac C:/devkitPro/devkitARM/bin/../lib/gcc/arm-none-eabi/15.1.0/../../../../arm-none-eabi/lib/thumb\libg.a(libc_a-setvbuf.o)
                0x02017fa8                setvbuf
 .text._fopen_r
                0x02018154       0xb4 C:/devkitPro/devkitARM/bin/../lib/gcc/arm-none-eabi/15.1.0/../../../../arm-none-eabi/lib/thumb\libg.a(libc_a-fopen.o)
                0x02018154                _fopen_r
 .text.fopen    0x02018208       0x18 C:/devkitPro/devkitARM/bin/../lib/gcc/arm-none-eabi/15.1.0/../../../../arm-none-eabi/lib/thumb\libg.a(libc_a-fopen.o)
                0x02018208                fopen
 .text.__srget_r
                0x02018220       0x3c C:/devkitPro/devkitARM/bin/../lib/gcc/arm-none-eabi/15.1.0/../../../../arm-none-eabi/lib/thumb\libg.a(libc_a-rget.o)
                0x02018220                __srget_r
 .text.strncpy  0x0201825c       0x68 C:/devkitPro/devkitARM/bin/../lib/gcc/arm-none-eabi/15.1.0/../../../../arm-none-eabi/lib/thumb\libg.a(libc_a-strncpy.o)
                0x0201825c                strncpy
 .text.ftell    0x020182c4       0x24 C:/devkitPro/devkitARM/bin/../lib/gcc/arm-none-eabi/15.1.0/../../../../arm-none-eabi/lib/thumb\libg.a(libc_a-ftell.o)
                0x020182c4                ftell
 .text.memcpy   0x020182e8       0xb0 C:/devkitPro/devkitARM/bin/../lib/gcc/arm-none-eabi/15.1.0/../../../../arm-none-eabi/lib/thumb\libg.a(libc_a-memcpy-stub.o)
                0x020182e8                memcpy
 .text._wcsrtombs_r
                0x02018398       0x20 C:/devkitPro/devkitARM/bin/../lib/gcc/arm-none-eabi/15.1.0/../../../../arm-none-eabi/lib/thumb\libg.a(libc_a-wcsrtombs.o)
                0x02018398                _wcsrtombs_r
 .text.iprintf  0x020183b8       0x28 C:/devkitPro/devkitARM/bin/../lib/gcc/arm-none-eabi/15.1.0/../../../../arm-none-eabi/lib/thumb\libg.a(libc_a-iprintf.o)
                0x020183b8                iprintf
 .text.write    0x020183e0       0x1c C:/devkitPro/devkitARM/bin/../lib/gcc/arm-none-eabi/15.1.0/../../../../arm-none-eabi/lib/thumb\libg.a(libc_a-syswrite.o)
                0x020183e0                write
 .text.frexp    0x020183fc       0x74 C:/devkitPro/devkitARM/bin/../lib/gcc/arm-none-eabi/15.1.0/../../../../arm-none-eabi/lib/thumb\libg.a(libm_a-s_frexp.o)
                0x020183fc                frexp
 .text.__sfvwrite_r
                0x02018470      0x31c C:/devkitPro/devkitARM/bin/../lib/gcc/arm-none-eabi/15.1.0/../../../../arm-none-eabi/lib/thumb\libg.a(libc_a-fvwrite.o)
                0x02018470                __sfvwrite_r
 .text.__sread  0x0201878c       0x34 C:/devkitPro/devkitARM/bin/../lib/gcc/arm-none-eabi/15.1.0/../../../../arm-none-eabi/lib/thumb\libg.a(libc_a-stdio.o)
                0x0201878c                __sread
 .text.__seofread
                0x020187c0        0x4 C:/devkitPro/devkitARM/bin/../lib/gcc/arm-none-eabi/15.1.0/../../../../arm-none-eabi/lib/thumb\libg.a(libc_a-stdio.o)
                0x020187c0                __seofread
 .text.__swrite
                0x020187c4       0x4c C:/devkitPro/devkitARM/bin/../lib/gcc/arm-none-eabi/15.1.0/../../../../arm-none-eabi/lib/thumb\libg.a(libc_a-stdio.o)
                0x020187c4                __swrite
 .text.__sseek  0x02018810       0x3c C:/devkitPro/devkitARM/bin/../lib/gcc/arm-none-eabi/15.1.0/../../../../arm-none-eabi/lib/thumb\libg.a(libc_a-stdio.o)
                0x02018810                __sseek
 .text.__sclose
                0x0201884c       0x10 C:/devkitPro/devkitARM/bin/../lib/gcc/arm-none-eabi/15.1.0/../../../../arm-none-eabi/lib/thumb\libg.a(libc_a-stdio.o)
                0x0201884c                __sclose
 .text.memmove  0x0201885c       0xcc C:/devkitPro/devkitARM/bin/../lib/gcc/arm-none-eabi/15.1.0/../../../../arm-none-eabi/lib/thumb\libg.a(libc_a-memmove.o)
                0x0201885c                memmove
 .text.__locale_mb_cur_max
                0x02018928       0x20 C:/devkitPro/devkitARM/bin/../lib/gcc/arm-none-eabi/15.1.0/../../../../arm-none-eabi/lib/thumb\libg.a(libc_a-locale.o)
                0x02018928                __locale_mb_cur_max
 .text.__ssprint_r
                0x02018948       0x60 C:/devkitPro/devkitARM/bin/../lib/gcc/arm-none-eabi/15.1.0/../../../../arm-none-eabi/lib/thumb\libg.a(libc_a-ssprint_r.o)
                0x02018948                __ssprint_r
 .text.gmtime_r
                0x020189a8      0x1b4 C:/devkitPro/devkitARM/bin/../lib/gcc/arm-none-eabi/15.1.0/../../../../arm-none-eabi/lib/thumb\libg.a(libc_a-gmtime_r.o)
                0x020189a8                gmtime_r
 .text.get_arg  0x02018b5c      0x404 C:/devkitPro/devkitARM/bin/../lib/gcc/arm-none-eabi/15.1.0/../../../../arm-none-eabi/lib/thumb\libg.a(libc_a-vfiprintf.o)
 .text._vfiprintf_r
                0x02018f60     0x16d0 C:/devkitPro/devkitARM/bin/../lib/gcc/arm-none-eabi/15.1.0/../../../../arm-none-eabi/lib/thumb\libg.a(libc_a-vfiprintf.o)
                0x02018f60                _vfiprintf_r
 .text.__sbprintf
                0x0201a630       0x7c C:/devkitPro/devkitARM/bin/../lib/gcc/arm-none-eabi/15.1.0/../../../../arm-none-eabi/lib/thumb\libg.a(libc_a-vfiprintf.o)
 .text._memalign_r
                0x0201a6ac      0x118 C:/devkitPro/devkitARM/bin/../lib/gcc/arm-none-eabi/15.1.0/../../../../arm-none-eabi/lib/thumb\libg.a(libc_a-malignr.o)
                0x0201a6ac                _memalign_r
 .text.div      0x0201a7c4       0x18 C:/devkitPro/devkitARM/bin/../lib/gcc/arm-none-eabi/15.1.0/../../../../arm-none-eabi/lib/thumb\libg.a(libc_a-div.o)
                0x0201a7c4                div
 .text._wcsnrtombs_l
                0x0201a7dc      0x11c C:/devkitPro/devkitARM/bin/../lib/gcc/arm-none-eabi/15.1.0/../../../../arm-none-eabi/lib/thumb\libg.a(libc_a-wcsnrtombs.o)
                0x0201a7dc                _wcsnrtombs_l
 .text._wcsnrtombs_r
                0x0201a8f8       0x40 C:/devkitPro/devkitARM/bin/../lib/gcc/arm-none-eabi/15.1.0/../../../../arm-none-eabi/lib/thumb\libg.a(libc_a-wcsnrtombs.o)
                0x0201a8f8                _wcsnrtombs_r
 .text.get_arg  0x0201a938       0x3e C:/devkitPro/devkitARM/bin/../lib/gcc/arm-none-eabi/15.1.0/../../../../arm-none-eabi/lib/thumb\libg.a(libc_a-svfiscanf.o)
 .text._sungetc_r
                0x0201a976       0x7e C:/devkitPro/devkitARM/bin/../lib/gcc/arm-none-eabi/15.1.0/../../../../arm-none-eabi/lib/thumb\libg.a(libc_a-svfiscanf.o)
                0x0201a976                _sungetc_r
 .text.__ssrefill_r
                0x0201a9f4       0x42 C:/devkitPro/devkitARM/bin/../lib/gcc/arm-none-eabi/15.1.0/../../../../arm-none-eabi/lib/thumb\libg.a(libc_a-svfiscanf.o)
                0x0201a9f4                __ssrefill_r
 .text._sfread_r
                0x0201aa36       0x88 C:/devkitPro/devkitARM/bin/../lib/gcc/arm-none-eabi/15.1.0/../../../../arm-none-eabi/lib/thumb\libg.a(libc_a-svfiscanf.o)
                0x0201aa36                _sfread_r
 *fill*         0x0201aabe        0x2 ff
 .text.__ssvfiscanf_r
                0x0201aac0     0x1984 C:/devkitPro/devkitARM/bin/../lib/gcc/arm-none-eabi/15.1.0/../../../../arm-none-eabi/lib/thumb\libg.a(libc_a-svfiscanf.o)
                0x0201aac0                __ssvfiscanf_r
 .text._putc_r  0x0201c444       0x88 C:/devkitPro/devkitARM/bin/../lib/gcc/arm-none-eabi/15.1.0/../../../../arm-none-eabi/lib/thumb\libg.a(libc_a-putc.o)
                0x0201c444                _putc_r
 .text._strtoul_l.isra.0
                0x0201c4cc      0x150 C:/devkitPro/devkitARM/bin/../lib/gcc/arm-none-eabi/15.1.0/../../../../arm-none-eabi/lib/thumb\libg.a(libc_a-strtoul.o)
 .text._strtoul_r
                0x0201c61c       0x20 C:/devkitPro/devkitARM/bin/../lib/gcc/arm-none-eabi/15.1.0/../../../../arm-none-eabi/lib/thumb\libg.a(libc_a-strtoul.o)
                0x0201c61c                _strtoul_r
 .text.strtoul  0x0201c63c       0x24 C:/devkitPro/devkitARM/bin/../lib/gcc/arm-none-eabi/15.1.0/../../../../arm-none-eabi/lib/thumb\libg.a(libc_a-strtoul.o)
                0x0201c63c                strtoul
 .text.__utf8_mbtowc
                0x0201c660      0x24c C:/devkitPro/devkitARM/bin/../lib/gcc/arm-none-eabi/15.1.0/../../../../arm-none-eabi/lib/thumb\libg.a(libc_a-mbtowc_r.o)
                0x0201c660                __utf8_mbtowc
 .text._fseeko_r
                0x0201c8ac      0x414 C:/devkitPro/devkitARM/bin/../lib/gcc/arm-none-eabi/15.1.0/../../../../arm-none-eabi/lib/thumb\libg.a(libc_a-fseeko.o)
                0x0201c8ac                _fseeko_r
 .text._tzset_unlocked
                0x0201ccc0       0x10 C:/devkitPro/devkitARM/bin/../lib/gcc/arm-none-eabi/15.1.0/../../../../arm-none-eabi/lib/thumb\libg.a(libc_a-tzset.o)
                0x0201ccc0                _tzset_unlocked
 .text.__sprint_r
                0x0201ccd0       0x24 C:/devkitPro/devkitARM/bin/../lib/gcc/arm-none-eabi/15.1.0/../../../../arm-none-eabi/lib/thumb\libg.a(libc_a-sprint_r.o)
                0x0201ccd0                __sprint_r
 .text.iswspace
                0x0201ccf4       0x10 C:/devkitPro/devkitARM/bin/../lib/gcc/arm-none-eabi/15.1.0/../../../../arm-none-eabi/lib/thumb\libg.a(libc_a-iswspace.o)
                0x0201ccf4                iswspace
 .text.__gettzinfo
                0x0201cd04        0x8 C:/devkitPro/devkitARM/bin/../lib/gcc/arm-none-eabi/15.1.0/../../../../arm-none-eabi/lib/thumb\libg.a(libc_a-gettzinfo.o)
                0x0201cd04                __gettzinfo
 .text._localeconv_r
                0x0201cd0c       0x1c C:/devkitPro/devkitARM/bin/../lib/gcc/arm-none-eabi/15.1.0/../../../../arm-none-eabi/lib/thumb\libg.a(libc_a-localeconv.o)
                0x0201cd0c                _localeconv_r
 .text.get_arg  0x0201cd28      0x404 C:/devkitPro/devkitARM/bin/../lib/gcc/arm-none-eabi/15.1.0/../../../../arm-none-eabi/lib/thumb\libg.a(libc_a-vfprintf.o)
 .text._vfprintf_r
                0x0201d12c     0x2390 C:/devkitPro/devkitARM/bin/../lib/gcc/arm-none-eabi/15.1.0/../../../../arm-none-eabi/lib/thumb\libg.a(libc_a-vfprintf.o)
                0x0201d12c                _vfprintf_r
 .text.__sbprintf
                0x0201f4bc       0x7c C:/devkitPro/devkitARM/bin/../lib/gcc/arm-none-eabi/15.1.0/../../../../arm-none-eabi/lib/thumb\libg.a(libc_a-vfprintf.o)
 .text.memchr   0x0201f538       0x74 C:/devkitPro/devkitARM/bin/../lib/gcc/arm-none-eabi/15.1.0/../../../../arm-none-eabi/lib/thumb\libg.a(libc_a-memchr-stub.o)
                0x0201f538                memchr
 .text.quorem   0x0201f5ac      0x160 C:/devkitPro/devkitARM/bin/../lib/gcc/arm-none-eabi/15.1.0/../../../../arm-none-eabi/lib/thumb\libg.a(libc_a-dtoa.o)
 .text._dtoa_r  0x0201f70c     0x10b0 C:/devkitPro/devkitARM/bin/../lib/gcc/arm-none-eabi/15.1.0/../../../../arm-none-eabi/lib/thumb\libg.a(libc_a-dtoa.o)
                0x0201f70c                _dtoa_r
 .text._wcrtomb_r
                0x020207bc       0x84 C:/devkitPro/devkitARM/bin/../lib/gcc/arm-none-eabi/15.1.0/../../../../arm-none-eabi/lib/thumb\libg.a(libc_a-wcrtomb.o)
                0x020207bc                _wcrtomb_r
 .text.__sflags
                0x02020840       0x98 C:/devkitPro/devkitARM/bin/../lib/gcc/arm-none-eabi/15.1.0/../../../../arm-none-eabi/lib/thumb\libg.a(libc_a-flags.o)
                0x02020840                __sflags
 .text._strtol_l.part.0
                0x020208d8      0x25c C:/devkitPro/devkitARM/bin/../lib/gcc/arm-none-eabi/15.1.0/../../../../arm-none-eabi/lib/thumb\libg.a(libc_a-strtol.o)
 .text._strtol_r
                0x02020b34       0x34 C:/devkitPro/devkitARM/bin/../lib/gcc/arm-none-eabi/15.1.0/../../../../arm-none-eabi/lib/thumb\libg.a(libc_a-strtol.o)
                0x02020b34                _strtol_r
 .text.__libc_fini_array
                0x02020b68       0x30 C:/devkitPro/devkitARM/bin/../lib/gcc/arm-none-eabi/15.1.0/../../../../arm-none-eabi/lib/thumb\libg.a(libc_a-fini.o)
                0x02020b68                __libc_fini_array
 .text._tzset_unlocked_r
                0x02020b98      0x490 C:/devkitPro/devkitARM/bin/../lib/gcc/arm-none-eabi/15.1.0/../../../../arm-none-eabi/lib/thumb\libg.a(libc_a-tzset_r.o)
                0x02020b98                _tzset_unlocked_r
 .text.__sccl   0x02021028       0xb0 C:/devkitPro/devkitARM/bin/../lib/gcc/arm-none-eabi/15.1.0/../../../../arm-none-eabi/lib/thumb\libg.a(libc_a-sccl.o)
                0x02021028                __sccl
 .text.lflush   0x020210d8       0x24 C:/devkitPro/devkitARM/bin/../lib/gcc/arm-none-eabi/15.1.0/../../../../arm-none-eabi/lib/thumb\libg.a(libc_a-refill.o)
 .text.__srefill_r
                0x020210fc      0x108 C:/devkitPro/devkitARM/bin/../lib/gcc/arm-none-eabi/15.1.0/../../../../arm-none-eabi/lib/thumb\libg.a(libc_a-refill.o)
                0x020210fc                __srefill_r
 .text.__smakebuf_r
                0x02021204       0xe0 C:/devkitPro/devkitARM/bin/../lib/gcc/arm-none-eabi/15.1.0/../../../../arm-none-eabi/lib/thumb\libg.a(libc_a-makebuf.o)
                0x02021204                __smakebuf_r
 .text.__swhatbuf_r
                0x020212e4       0x5c C:/devkitPro/devkitARM/bin/../lib/gcc/arm-none-eabi/15.1.0/../../../../arm-none-eabi/lib/thumb\libg.a(libc_a-makebuf.o)
                0x020212e4                __swhatbuf_r
 .text._findenv_r
                0x02021340       0x94 C:/devkitPro/devkitARM/bin/../lib/gcc/arm-none-eabi/15.1.0/../../../../arm-none-eabi/lib/thumb\libg.a(libc_a-getenv_r.o)
                0x02021340                _findenv_r
 .text._getenv_r
                0x020213d4       0x10 C:/devkitPro/devkitARM/bin/../lib/gcc/arm-none-eabi/15.1.0/../../../../arm-none-eabi/lib/thumb\libg.a(libc_a-getenv_r.o)
                0x020213d4                _getenv_r
 .text.__ssputs_r
                0x020213e4       0xd4 C:/devkitPro/devkitARM/bin/../lib/gcc/arm-none-eabi/15.1.0/../../../../arm-none-eabi/lib/thumb\libg.a(libc_a-ssputs_r.o)
                0x020213e4                __ssputs_r
 .text._ftello_r
                0x020214b8      0x124 C:/devkitPro/devkitARM/bin/../lib/gcc/arm-none-eabi/15.1.0/../../../../arm-none-eabi/lib/thumb\libg.a(libc_a-ftello.o)
                0x020214b8                _ftello_r
 .text.__utf8_wctomb
                0x020215dc       0xbc C:/devkitPro/devkitARM/bin/../lib/gcc/arm-none-eabi/15.1.0/../../../../arm-none-eabi/lib/thumb\libg.a(libc_a-wctomb_r.o)
                0x020215dc                __utf8_wctomb
 .text._strtoull_l.isra.0
                0x02021698      0x1c0 C:/devkitPro/devkitARM/bin/../lib/gcc/arm-none-eabi/15.1.0/../../../../arm-none-eabi/lib/thumb\libg.a(libc_a-strtoull.o)
 .text._strtoull_r
                0x02021858       0x20 C:/devkitPro/devkitARM/bin/../lib/gcc/arm-none-eabi/15.1.0/../../../../arm-none-eabi/lib/thumb\libg.a(libc_a-strtoull.o)
                0x02021858                _strtoull_r
 .text._mbrtowc_r
                0x02021878       0x98 C:/devkitPro/devkitARM/bin/../lib/gcc/arm-none-eabi/15.1.0/../../../../arm-none-eabi/lib/thumb\libg.a(libc_a-mbrtowc.o)
                0x02021878                _mbrtowc_r
 .text.__swsetup_r
                0x02021910       0xd4 C:/devkitPro/devkitARM/bin/../lib/gcc/arm-none-eabi/15.1.0/../../../../arm-none-eabi/lib/thumb\libg.a(libc_a-wsetup.o)
                0x02021910                __swsetup_r
 .text.strncmp  0x020219e4       0x70 C:/devkitPro/devkitARM/bin/../lib/gcc/arm-none-eabi/15.1.0/../../../../arm-none-eabi/lib/thumb\libg.a(libc_a-strncmp.o)
                0x020219e4                strncmp
 .text.__env_lock
                0x02021a54       0x14 C:/devkitPro/devkitARM/bin/../lib/gcc/arm-none-eabi/15.1.0/../../../../arm-none-eabi/lib/thumb\libg.a(libc_a-envlock.o)
                0x02021a54                __env_lock
 .text.__env_unlock
                0x02021a68       0x14 C:/devkitPro/devkitARM/bin/../lib/gcc/arm-none-eabi/15.1.0/../../../../arm-none-eabi/lib/thumb\libg.a(libc_a-envlock.o)
                0x02021a68                __env_unlock
 .text.__assert_func
                0x02021a7c       0x40 C:/devkitPro/devkitARM/bin/../lib/gcc/arm-none-eabi/15.1.0/../../../../arm-none-eabi/lib/thumb\libg.a(libc_a-assert.o)
                0x02021a7c                __assert_func
 .text.iswspace_l
                0x02021abc       0x28 C:/devkitPro/devkitARM/bin/../lib/gcc/arm-none-eabi/15.1.0/../../../../arm-none-eabi/lib/thumb\libg.a(libc_a-iswspace_l.o)
                0x02021abc                iswspace_l
 .text._Balloc  0x02021ae4       0x5c C:/devkitPro/devkitARM/bin/../lib/gcc/arm-none-eabi/15.1.0/../../../../arm-none-eabi/lib/thumb\libg.a(libc_a-mprec.o)
                0x02021ae4                _Balloc
 .text._Bfree   0x02021b40       0x14 C:/devkitPro/devkitARM/bin/../lib/gcc/arm-none-eabi/15.1.0/../../../../arm-none-eabi/lib/thumb\libg.a(libc_a-mprec.o)
                0x02021b40                _Bfree
 .text.__multadd
                0x02021b54       0xa8 C:/devkitPro/devkitARM/bin/../lib/gcc/arm-none-eabi/15.1.0/../../../../arm-none-eabi/lib/thumb\libg.a(libc_a-mprec.o)
                0x02021b54                __multadd
 .text.__hi0bits
                0x02021bfc       0x60 C:/devkitPro/devkitARM/bin/../lib/gcc/arm-none-eabi/15.1.0/../../../../arm-none-eabi/lib/thumb\libg.a(libc_a-mprec.o)
                0x02021bfc                __hi0bits
 .text.__lo0bits
                0x02021c5c       0x8c C:/devkitPro/devkitARM/bin/../lib/gcc/arm-none-eabi/15.1.0/../../../../arm-none-eabi/lib/thumb\libg.a(libc_a-mprec.o)
                0x02021c5c                __lo0bits
 .text.__i2b    0x02021ce8       0x64 C:/devkitPro/devkitARM/bin/../lib/gcc/arm-none-eabi/15.1.0/../../../../arm-none-eabi/lib/thumb\libg.a(libc_a-mprec.o)
                0x02021ce8                __i2b
 .text.__multiply
                0x02021d4c      0x1b4 C:/devkitPro/devkitARM/bin/../lib/gcc/arm-none-eabi/15.1.0/../../../../arm-none-eabi/lib/thumb\libg.a(libc_a-mprec.o)
                0x02021d4c                __multiply
 .text.__pow5mult
                0x02021f00       0xd8 C:/devkitPro/devkitARM/bin/../lib/gcc/arm-none-eabi/15.1.0/../../../../arm-none-eabi/lib/thumb\libg.a(libc_a-mprec.o)
                0x02021f00                __pow5mult
 .text.__lshift
                0x02021fd8       0xf8 C:/devkitPro/devkitARM/bin/../lib/gcc/arm-none-eabi/15.1.0/../../../../arm-none-eabi/lib/thumb\libg.a(libc_a-mprec.o)
                0x02021fd8                __lshift
 .text.__mcmp   0x020220d0       0x50 C:/devkitPro/devkitARM/bin/../lib/gcc/arm-none-eabi/15.1.0/../../../../arm-none-eabi/lib/thumb\libg.a(libc_a-mprec.o)
                0x020220d0                __mcmp
 .text.__mdiff  0x02022120      0x1a4 C:/devkitPro/devkitARM/bin/../lib/gcc/arm-none-eabi/15.1.0/../../../../arm-none-eabi/lib/thumb\libg.a(libc_a-mprec.o)
                0x02022120                __mdiff
 .text.__d2b    0x020222c4       0xd4 C:/devkitPro/devkitARM/bin/../lib/gcc/arm-none-eabi/15.1.0/../../../../arm-none-eabi/lib/thumb\libg.a(libc_a-mprec.o)
                0x020222c4                __d2b
 .text._strtoll_l.isra.0
                0x02022398      0x300 C:/devkitPro/devkitARM/bin/../lib/gcc/arm-none-eabi/15.1.0/../../../../arm-none-eabi/lib/thumb\libg.a(libc_a-strtoll.o)
 .text._strtoll_r
                0x02022698       0x20 C:/devkitPro/devkitARM/bin/../lib/gcc/arm-none-eabi/15.1.0/../../../../arm-none-eabi/lib/thumb\libg.a(libc_a-strtoll.o)
                0x02022698                _strtoll_r
 .text.__submore
                0x020226b8       0x7c C:/devkitPro/devkitARM/bin/../lib/gcc/arm-none-eabi/15.1.0/../../../../arm-none-eabi/lib/thumb\libg.a(libc_a-ungetc.o)
                0x020226b8                __submore
 .text.fiprintf
                0x02022734       0x28 C:/devkitPro/devkitARM/bin/../lib/gcc/arm-none-eabi/15.1.0/../../../../arm-none-eabi/lib/thumb\libg.a(libc_a-fiprintf.o)
                0x02022734                fiprintf
 .text.__swbuf_r
                0x0202275c       0x98 C:/devkitPro/devkitARM/bin/../lib/gcc/arm-none-eabi/15.1.0/../../../../arm-none-eabi/lib/thumb\libg.a(libc_a-wbuf.o)
                0x0202275c                __swbuf_r
 .text.abort    0x020227f4       0x10 C:/devkitPro/devkitARM/bin/../lib/gcc/arm-none-eabi/15.1.0/../../../../arm-none-eabi/lib/thumb\libg.a(libc_a-abort.o)
                0x020227f4                abort
 .text.category
                0x02022804       0x5c C:/devkitPro/devkitARM/bin/../lib/gcc/arm-none-eabi/15.1.0/../../../../arm-none-eabi/lib/thumb\libg.a(libc_a-categories.o)
                0x02022804                category
 .text._raise_r
                0x02022860       0x60 C:/devkitPro/devkitARM/bin/../lib/gcc/arm-none-eabi/15.1.0/../../../../arm-none-eabi/lib/thumb\libg.a(libc_a-signal.o)
                0x02022860                _raise_r
 .text.raise    0x020228c0       0x14 C:/devkitPro/devkitARM/bin/../lib/gcc/arm-none-eabi/15.1.0/../../../../arm-none-eabi/lib/thumb\libg.a(libc_a-signal.o)
                0x020228c0                raise
 .text._exit    0x020228d4       0x14 C:/devkitPro/devkitARM/bin/../lib/gcc/arm-none-eabi/15.1.0/../../../../arm-none-eabi/lib/thumb\libsysbase.a(libsysbase_libsysbase_a-_exit.o)
                0x020228d4                _exit
 .text.chdir    0x020228e8       0xe4 C:/devkitPro/devkitARM/bin/../lib/gcc/arm-none-eabi/15.1.0/../../../../arm-none-eabi/lib/thumb\libsysbase.a(libsysbase_libsysbase_a-chdir.o)
                0x020228e8                chdir
 .text._concatenate_path
                0x020229cc      0x134 C:/devkitPro/devkitARM/bin/../lib/gcc/arm-none-eabi/15.1.0/../../../../arm-none-eabi/lib/thumb\libsysbase.a(libsysbase_libsysbase_a-concatenate.o)
                0x020229cc                _concatenate_path
 .text.__dirnext
                0x02022b00       0x4c C:/devkitPro/devkitARM/bin/../lib/gcc/arm-none-eabi/15.1.0/../../../../arm-none-eabi/lib/thumb\libsysbase.a(libsysbase_libsysbase_a-dirent.o)
 .text.__dirreset.isra.0
                0x02022b4c       0x44 C:/devkitPro/devkitARM/bin/../lib/gcc/arm-none-eabi/15.1.0/../../../../arm-none-eabi/lib/thumb\libsysbase.a(libsysbase_libsysbase_a-dirent.o)
 .text.opendir  0x02022b90       0xc0 C:/devkitPro/devkitARM/bin/../lib/gcc/arm-none-eabi/15.1.0/../../../../arm-none-eabi/lib/thumb\libsysbase.a(libsysbase_libsysbase_a-dirent.o)
                0x02022b90                opendir
 .text.closedir
                0x02022c50       0x70 C:/devkitPro/devkitARM/bin/../lib/gcc/arm-none-eabi/15.1.0/../../../../arm-none-eabi/lib/thumb\libsysbase.a(libsysbase_libsysbase_a-dirent.o)
                0x02022c50                closedir
 .text.readdir_r
                0x02022cc0       0x8c C:/devkitPro/devkitARM/bin/../lib/gcc/arm-none-eabi/15.1.0/../../../../arm-none-eabi/lib/thumb\libsysbase.a(libsysbase_libsysbase_a-dirent.o)
                0x02022cc0                readdir_r
 .text.readdir  0x02022d4c       0x28 C:/devkitPro/devkitARM/bin/../lib/gcc/arm-none-eabi/15.1.0/../../../../arm-none-eabi/lib/thumb\libsysbase.a(libsysbase_libsysbase_a-dirent.o)
                0x02022d4c                readdir
 .text.rewinddir
                0x02022d74       0x18 C:/devkitPro/devkitARM/bin/../lib/gcc/arm-none-eabi/15.1.0/../../../../arm-none-eabi/lib/thumb\libsysbase.a(libsysbase_libsysbase_a-dirent.o)
                0x02022d74                rewinddir
 .text._fstat_r
                0x02022d8c       0x5c C:/devkitPro/devkitARM/bin/../lib/gcc/arm-none-eabi/15.1.0/../../../../arm-none-eabi/lib/thumb\libsysbase.a(libsysbase_libsysbase_a-fstat.o)
                0x02022d8c                _fstat_r
 .text._getpid_r
                0x02022de8        0xc C:/devkitPro/devkitARM/bin/../lib/gcc/arm-none-eabi/15.1.0/../../../../arm-none-eabi/lib/thumb\libsysbase.a(libsysbase_libsysbase_a-getpid.o)
                0x02022de8                _getpid_r
 .text.__getreent
                0x02022df4       0x20 C:/devkitPro/devkitARM/bin/../lib/gcc/arm-none-eabi/15.1.0/../../../../arm-none-eabi/lib/thumb\libsysbase.a(libsysbase_libsysbase_a-getreent.o)
                0x02022df4                __getreent
 .text._gettimeofday_r
                0x02022e14       0x20 C:/devkitPro/devkitARM/bin/../lib/gcc/arm-none-eabi/15.1.0/../../../../arm-none-eabi/lib/thumb\libsysbase.a(libsysbase_libsysbase_a-gettod.o)
                0x02022e14                _gettimeofday_r
 .text.__release_handle
                0x02022e34       0x6c C:/devkitPro/devkitARM/bin/../lib/gcc/arm-none-eabi/15.1.0/../../../../arm-none-eabi/lib/thumb\libsysbase.a(libsysbase_libsysbase_a-handle_manager.o)
                0x02022e34                __release_handle
 .text.__alloc_handle