Archive member included to satisfy reference by file (symbol)

C:/devkitPro/libnds/lib\libfat.a(fat_wrappers.o)
                              main.o (fatInitDefault)
C:/devkitPro/libnds/lib\libfat.a(dvm_calico.o)
                              C:/devkitPro/libnds/lib\libfat.a(fat_wrappers.o) (dvmInit)
C:/devkitPro/libnds/lib\libfat.a(dvm_disc.o)
                              C:/devkitPro/libnds/lib\libfat.a(fat_wrappers.o) (dvmDiscCreate)
C:/devkitPro/libnds/lib\libfat.a(dvm_cache.o)
                              C:/devkitPro/libnds/lib\libfat.a(fat_wrappers.o) (dvmDiscCacheCreate)
C:/devkitPro/libnds/lib\libfat.a(dvm_volume.o)
                              C:/devkitPro/libnds/lib\libfat.a(fat_wrappers.o) (dvmMountVolume)
C:/devkitPro/libnds/lib\libfat.a(dvm_prober.o)
                              C:/devkitPro/libnds/lib\libfat.a(dvm_calico.o) (dvmProbeMountDisc)
C:/devkitPro/libnds/lib\libfat.a(fat_driver.o)
                              C:/devkitPro/libnds/lib\libfat.a(dvm_volume.o) (g_vfatFsDriver)
C:/devkitPro/libnds/lib\libfat.a(ff.o)
                              C:/devkitPro/libnds/lib\libfat.a(fat_driver.o) (f_mount)
C:/devkitPro/libnds/lib\libfat.a(ffunicode.o)
                              C:/devkitPro/libnds/lib\libfat.a(ff.o) (ff_uni2oem)
C:/devkitPro/libnds/lib\libnds9.a(background.o)
                              intro.o (bgState)
C:/devkitPro/libnds/lib\libnds9.a(console.o)
                              main.o (consoleInit)
C:/devkitPro/libnds/lib\libnds9.a(decompress.o)
                              intro.o (decompress)
C:/devkitPro/libnds/lib\libnds9.a(exceptionDefault.o)
                              main.o (defaultExceptionHandler)
C:/devkitPro/libnds/lib\libnds9.a(gurumeditation.o)
                              C:/devkitPro/libnds/lib\libnds9.a(exceptionDefault.o) (guruMeditationDump)
C:/devkitPro/libnds/lib\libnds9.a(keys.o)
                              intro.o (scanKeys)
C:/devkitPro/libnds/lib\libnds9.a(sprite_alloc.o)
                              main.o (oamAllocateGfx)
C:/devkitPro/libnds/lib\libnds9.a(sprite.o)
                              intro.o (oamInit)
C:/devkitPro/libnds/lib\libnds9.a(trig.o)
                              C:/devkitPro/libnds/lib\libnds9.a(background.o) (sinLerp)
C:/devkitPro/libnds/lib\libnds9.a(exceptionEntry.o)
                              C:/devkitPro/libnds/lib\libnds9.a(exceptionDefault.o) (__libnds_excpt)
C:/devkitPro/libnds/lib\libnds9.a(default_font.bin.o)
                              C:/devkitPro/libnds/lib\libnds9.a(console.o) (default_font_bin)
C:/devkitPro/libnds/lib\libmm9.a(mm_comms9.o)
                              intro.o (mmStart)
C:/devkitPro/libnds/lib\libmm9.a(mm_loader.o)
                              intro.o (mmInitDefaultMem)
C:/devkitPro/calico/lib\libcalico_ds9.a(tick.o)
                              C:/devkitPro/libnds/lib\libmm9.a(mm_comms9.o) (tickInit)
C:/devkitPro/calico/lib\libcalico_ds9.a(thread_cold.o)
                              intro.o (threadIrqWait)
C:/devkitPro/calico/lib\libcalico_ds9.a(thread_hot.32.o)
                              C:/devkitPro/libnds/lib\libnds9.a(exceptionDefault.o) (__sched_state)
C:/devkitPro/calico/lib\libcalico_ds9.a(dietprint.o)
                              C:/devkitPro/libnds/lib\libnds9.a(exceptionDefault.o) (g_dietPrintFn)
C:/devkitPro/calico/lib\libcalico_ds9.a(newlib_syscalls.o)
                              C:/devkitPro/libnds/lib\libfat.a(fat_driver.o) (__errno)
C:/devkitPro/calico/lib\libcalico_ds9.a(arm-copy-fill.32.o)
                              C:/devkitPro/libnds/lib\libfat.a(dvm_calico.o) (armCopyMem32)
C:/devkitPro/calico/lib\libcalico_ds9.a(arm-context.32.o)
                              C:/devkitPro/calico/lib\libcalico_ds9.a(thread_cold.o) (armContextSave)
C:/devkitPro/calico/lib\libcalico_ds9.a(arm-shims.32.o)
                              C:/devkitPro/calico/lib\libcalico_ds9.a(thread_cold.o) (armWaitForIrq)
C:/devkitPro/calico/lib\libcalico_ds9.a(arm-cache.32.o)
                              main.o (armDCacheFlush)
C:/devkitPro/calico/lib\libcalico_ds9.a(startup.crt0.o)
                              C:/devkitPro/libnds/lib\libfat.a(dvm_calico.o) (g_isTwlMode)
C:/devkitPro/calico/lib\libcalico_ds9.a(utils.crt0.o)
                              C:/devkitPro/calico/lib\libcalico_ds9.a(startup.crt0.o) (crt0CopyMem32)
C:/devkitPro/calico/lib\libcalico_ds9.a(bios.o)
                              C:/devkitPro/libnds/lib\libnds9.a(decompress.o) (svcLZ77UncompWram)
C:/devkitPro/calico/lib\libcalico_ds9.a(pxi.o)
                              C:/devkitPro/calico/lib\libcalico_ds9.a(startup.crt0.o) (_pxiInit)
C:/devkitPro/calico/lib\libcalico_ds9.a(keypad.o)
                              C:/devkitPro/libnds/lib\libnds9.a(keys.o) (keypadGetState)
C:/devkitPro/calico/lib\libcalico_ds9.a(pm.o)
                              main.o (pmMainLoop)
C:/devkitPro/calico/lib\libcalico_ds9.a(bootstub_arm9.o)
                              (__ds9_bootstub)
[...]
Memory Configuration

Name             Origin             Length             Attributes
lma9             0x02004000         0x0027c000
lma9i            0x02400000         0x00280000
vectors          0x00000000         0x00000020
itcm             0x01ff8020         0x00007fe0
main             0x02001000         0x00f7f000
dtcm             0x02ff0000         0x00003e80
dldi             0x0380b000         0x00004000
stub             0x0e000000         0x00004000
tls              0x00000000         0x00000400
*default*        0x00000000         0xffffffff

Linker script and memory map

                0x00000000                        __sync_synchronize = __sync_synchronize_none
LOAD C:/devkitPro/devkitARM/bin/../lib/gcc/arm-none-eabi/15.1.0/thumb/crti.o
LOAD C:/devkitPro/devkitARM/bin/../lib/gcc/arm-none-eabi/15.1.0/thumb/crtbegin.o
LOAD soundbank.bin.o
LOAD GFXalfPresents.o
LOAD GFXbackground.o
LOAD GFXconsoleInput.o
LOAD GFXinput.o
LOAD GFXintro.o
LOAD GFXnewImageInput.o
LOAD GFXselector16.o
LOAD GFXselector24.o
LOAD avdslib.o
LOAD formats.o
LOAD intro.o
LOAD main.o
LOAD drawSurfaceBottom16x.o
LOAD drawSurfaceBottom2x.o
LOAD drawSurfaceBottom32x.o
LOAD drawSurfaceBottom4x.o
LOAD drawSurfaceBottom8x.o
LOAD header.o
LOAD memcpy_fast_arm9.o
LOAD C:/devkitPro/libnds/lib\libfat.a
LOAD C:/devkitPro/libnds/lib\libnds9.a
LOAD C:/devkitPro/libnds/lib\libmm9.a
LOAD C:/devkitPro/calico/lib\libcalico_ds9.a
LOAD C:/devkitPro/devkitARM/bin/../lib/gcc/arm-none-eabi/15.1.0/../../../../arm-none-eabi/lib/thumb\libstdc++.a
LOAD C:/devkitPro/devkitARM/bin/../lib/gcc/arm-none-eabi/15.1.0/../../../../arm-none-eabi/lib/thumb\libm.a
START GROUP
LOAD C:/devkitPro/devkitARM/bin/../lib/gcc/arm-none-eabi/15.1.0/thumb\libgcc.a
LOAD C:/devkitPro/devkitARM/bin/../lib/gcc/arm-none-eabi/15.1.0/../../../../arm-none-eabi/lib/thumb\libg.a
LOAD C:/devkitPro/devkitARM/bin/../lib/gcc/arm-none-eabi/15.1.0/../../../../arm-none-eabi/lib/thumb\libc.a
LOAD C:/devkitPro/devkitARM/bin/../lib/gcc/arm-none-eabi/15.1.0/../../../../arm-none-eabi/lib/thumb\libsysbase.a
END GROUP
LOAD C:/devkitPro/devkitARM/bin/../lib/gcc/arm-none-eabi/15.1.0/thumb/crtend.o
LOAD C:/devkitPro/devkitARM/bin/../lib/gcc/arm-none-eabi/15.1.0/thumb/crtn.o
                0x02ff3e80                        PROVIDE (__sp_usr = (ORIGIN (dtcm) + LENGTH (dtcm)))
                0x02ff3f80                        PROVIDE (__sp_irq = (__sp_usr + 0x100))
                0x02ff3fc0                        PROVIDE (__sp_svc = (__sp_irq + 0x40))
                0x02ff3ff8                        PROVIDE (__irq_flags = (__sp_svc + 0x38))
                [!provide]                        PROVIDE (__irq_vector = (__sp_svc + 0x3c))
                [!provide]                        PROVIDE (__arm_excpt_rst = 0xffff0000)
                [!provide]                        PROVIDE (__arm_excpt_und = 0xffff0004)
                0xffff0008                        PROVIDE (__arm_excpt_svc = 0xffff0008)
                [!provide]                        PROVIDE (__arm_excpt_pabt = 0xffff000c)
                [!provide]                        PROVIDE (__arm_excpt_dabt = 0xffff0010)
                [!provide]                        PROVIDE (__arm_excpt_irq = 0xffff0018)
                [!provide]                        PROVIDE (__arm_excpt_fiq = 0xffff001c)
                0x00000000                        PROVIDE (__end__ = 0x0)

.secure         0x0e000000      0x800 load address 0x02004000
                0x0e0007fc                        . = (. + 0x7fc)
 *fill*         0x0e000000      0x7fc 00000000
                0x0e0007fc        0x4 LONG 0x0

.bootstub       0x0e000800      0x198 load address 0x02004800
 *(.bootstub .bootstub.*)
 .bootstub.__ds9_bootstub
                0x0e000800      0x198 C:/devkitPro/calico/lib\libcalico_ds9.a(bootstub_arm9.o)
                0x0e000800                __ds9_bootstub
                0x0e000998                        . = ALIGN (0x4)

.crt0           0x02001000      0x3c0 load address 0x02004998
 *(.crt0 .crt0.*)
 .crt0.__ds9_bootstub_trampoline
                0x02001000       0x60 C:/devkitPro/calico/lib\libcalico_ds9.a(bootstub_arm9.o)
 *.crt0.*(.text .stub .text.* .gnu.linkonce.t.*)
 .text.crt0ProcessLoadList
                0x02001060       0x74 C:/devkitPro/calico/lib\libcalico_ds9.a(startup.crt0.o)
                0x02001060                crt0ProcessLoadList
 .text.crt0Startup
                0x020010d4      0x180 C:/devkitPro/calico/lib\libcalico_ds9.a(startup.crt0.o)
                0x020010d4                crt0Startup
 .text.crt0CopyMem32
                0x02001254       0x4c C:/devkitPro/calico/lib\libcalico_ds9.a(utils.crt0.o)
                0x02001254                crt0CopyMem32
 .text.crt0FillMem32
                0x020012a0       0x58 C:/devkitPro/calico/lib\libcalico_ds9.a(utils.crt0.o)
                0x020012a0                crt0FillMem32
 .text.crt0SetupMPU
                0x020012f8       0xb4 C:/devkitPro/calico/lib\libcalico_ds9.a(mpu_setup.crt0.o)
                0x020012f8                crt0SetupMPU
 *.crt0.*(.glue_7t .glue_7 .vfp11_veneer .v4_bx)
 *.crt0.*(.rodata .rodata.* .gnu.linkonce.r.*)
 *.crt0.*(.rodata1)
                0x020013c0                        . = ALIGN (0x20)
 *fill*         0x020013ac       0x14 ff
                0x02004998                        PROVIDE (__crt0_lma = LOADADDR (.crt0))
                0x02001000                        PROVIDE (__crt0_start = ADDR (.crt0))
                0x020013c0                        PROVIDE (__crt0_end = (ADDR (.crt0) + SIZEOF (.crt0)))
                0x00000001                        ASSERT (((__crt0_end <= LOADADDR (.bootstub)) || (__crt0_start >= (LOADADDR (.bootstub) + SIZEOF (.bootstub)))), Error: crt0 section overlaps initial bootstrap)

.dldi           0x0380b000     0x4000 load address 0x02004d58
 *(.dldi)
 .dldi          0x0380b000     0x4000 C:/devkitPro/calico/lib\libcalico_ds9.a(dldi_stub.o)
                0x0380b000                __dldi_start
                0x02004d58                        PROVIDE (__dldi_lma = SIZEOF (.dldi)?LOADADDR (.dldi):0x0)

.vectors        0x00000000       0x20 load address 0x02008d58
 *(.vectors)
 .vectors       0x00000000       0x20 C:/devkitPro/calico/lib\libcalico_ds9.a(bootstub_arm9.o)

.itcm           0x01ff8020      0x700 load address 0x02008d78
 *(.itcm .itcm.*)
 .itcm          0x01ff8020       0x30 C:/devkitPro/calico/lib\libcalico_ds9.a(bootstub_arm9.o)
                0x01ff8038                __excpt_vectors
 *.itcm.*(.text .stub .text.* .gnu.linkonce.t.*)
 *.32.o(.text .stub .text.* .gnu.linkonce.t.*)
 .text.threadReschedule
                0x01ff8050       0x88 C:/devkitPro/calico/lib\libcalico_ds9.a(thread_hot.32.o)
 .text.threadBlock
                0x01ff80d8       0xd8 C:/devkitPro/calico/lib\libcalico_ds9.a(thread_hot.32.o)
                0x01ff80d8                threadBlock
 .text.threadUnblockOneByValue
                0x01ff81b0       0xc0 C:/devkitPro/calico/lib\libcalico_ds9.a(thread_hot.32.o)
                0x01ff81b0                threadUnblockOneByValue
 .text.threadUnblockAllByValue
                0x01ff8270      0x130 C:/devkitPro/calico/lib\libcalico_ds9.a(thread_hot.32.o)
                0x01ff8270                threadUnblockAllByValue
 .text.threadUnblockAllByMask
                0x01ff83a0      0x134 C:/devkitPro/calico/lib\libcalico_ds9.a(thread_hot.32.o)
                0x01ff83a0                threadUnblockAllByMask
 .text.armCopyMem32
                0x01ff84d4       0x4c C:/devkitPro/calico/lib\libcalico_ds9.a(arm-copy-fill.32.o)
                0x01ff84d4                armCopyMem32
 .text.armContextSave
                0x01ff8520       0x2c C:/devkitPro/calico/lib\libcalico_ds9.a(arm-context.32.o)
                0x01ff8520                armContextSave
 .text.armContextLoad
                0x01ff854c       0x20 C:/devkitPro/calico/lib\libcalico_ds9.a(arm-context.32.o)
                0x01ff854c                armContextLoad
                0x01ff8550                armContextLoadFromSvc
 .text.armWaitForIrq
                0x01ff856c        0x8 C:/devkitPro/calico/lib\libcalico_ds9.a(arm-shims.32.o)
                0x01ff856c                armWaitForIrq
 .text.armDrainWriteBuffer
                0x01ff8574        0xc C:/devkitPro/calico/lib\libcalico_ds9.a(arm-cache.32.o)
                0x01ff8574                armDrainWriteBuffer
 .text.armDCacheFlushAll
                0x01ff8580       0x28 C:/devkitPro/calico/lib\libcalico_ds9.a(arm-cache.32.o)
                0x01ff8580                armDCacheFlushAll
 .text.armDCacheFlush
                0x01ff85a8       0x1c C:/devkitPro/calico/lib\libcalico_ds9.a(arm-cache.32.o)
                0x01ff85a8                armDCacheFlush
 .text.armDCacheInvalidate
                0x01ff85c4       0x1c C:/devkitPro/calico/lib\libcalico_ds9.a(arm-cache.32.o)
                0x01ff85c4                armDCacheInvalidate
 .text.armICacheInvalidateAll
                0x01ff85e0        0xc C:/devkitPro/calico/lib\libcalico_ds9.a(arm-cache.32.o)
                0x01ff85e0                armICacheInvalidateAll
 .text.__excpt_entry
                0x01ff85ec       0x50 C:/devkitPro/calico/lib\libcalico_ds9.a(excpt_handler.32.o)
                0x01ff85ec                __arm_excpt_rst
                0x01ff85f0                __arm_excpt_pabt
                0x01ff85f4                __arm_excpt_und
                0x01ff8600                __arm_excpt_dabt
 .text.__arm_excpt_irq
                0x01ff863c       0xe4 C:/devkitPro/calico/lib\libcalico_ds9.a(irq_handler.32.o)
                0x01ff863c                __arm_excpt_irq
 *.itcm.*(.glue_7t .glue_7 .vfp11_veneer .v4_bx)
 *.32.o(.glue_7t .glue_7 .vfp11_veneer .v4_bx)
 *.itcm.*(.rodata .rodata.* .gnu.linkonce.r.*)
 *.32.o(.rodata .rodata.* .gnu.linkonce.r.*)
 *.itcm.*(.rodata1)
 *.32.o(.rodata1)
                0x01ff8720                        . = ALIGN (0x4)
                0x02008d58                        PROVIDE (__itcm_lma = LOADADDR (.vectors))
                0x01ff8000                        PROVIDE (__itcm_start = (ADDR (.itcm) - SIZEOF (.vectors)))
                0x01ff8720                        PROVIDE (__itcm_end = (ADDR (.itcm) + SIZEOF (.itcm)))
                0x00000001                        ASSERT (((__itcm_lma + SIZEOF (.vectors)) == LOADADDR (.itcm)), Error: gap between vectors and itcm)

.dtcm           0x02ff0000        0x0 load address 0x02009478
 *(.dtcm .dtcm.*)
 *.32.o(.data .data.* .gnu.linkonce.d.*)
 *.32.o(.data1)
                0x02ff0000                        . = ALIGN (0x4)
                [!provide]                        PROVIDE (__dtcm_lma = LOADADDR (.dtcm))
                0x02ff0000                        PROVIDE (__dtcm_start = ADDR (.dtcm))
                0x02ff0000                        PROVIDE (__dtcm_end = (ADDR (.dtcm) + SIZEOF (.dtcm)))

.dtcm.bss       0x02ff0000       0x98 load address 0x02009478
 *(.sbss .sbss.*)
 *.32.o(.dynbss)
 *.32.o(.bss .bss.* .gnu.linkonce.b.*)
 .bss.__irq_table
                0x02ff0000       0x80 C:/devkitPro/calico/lib\libcalico_ds9.a(thread_hot.32.o)
                0x02ff0000                __irq_table
 .bss.__sched_state
                0x02ff0080       0x18 C:/devkitPro/calico/lib\libcalico_ds9.a(thread_hot.32.o)
                0x02ff0080                __sched_state
 *.32.o(COMMON)
                0x02ff0098                        . = ALIGN (0x4)
                [!provide]                        PROVIDE (__dtcm_bss_start = ADDR (.dtcm.bss))
                0x02ff0098                        PROVIDE (__dtcm_bss_end = (ADDR (.dtcm.bss) + SIZEOF (.dtcm.bss)))

.main           0x020013c0    0x3a3b4 load address 0x02009478
 *(SORT_NONE(.init))
 .init          0x020013c0        0x4 C:/devkitPro/devkitARM/bin/../lib/gcc/arm-none-eabi/15.1.0/thumb/crti.o
                0x020013c0                _init
 .init          0x020013c4        0x8 C:/devkitPro/devkitARM/bin/../lib/gcc/arm-none-eabi/15.1.0/thumb/crtn.o
 EXCLUDE_FILE(*.twl.*) *(.text.unlikely .text.*_unlikely .text.unlikely.*)
 EXCLUDE_FILE(*.twl.*) *(.text.exit .text.exit.*)
 .text.exit     0x020013cc       0x24 C:/devkitPro/devkitARM/bin/../lib/gcc/arm-none-eabi/15.1.0/../../../../arm-none-eabi/lib/thumb\libg.a(libc_a-exit.o)
                0x020013cc                exit
 EXCLUDE_FILE(*.twl.*) *(.text.startup .text.startup.*)
 .text.startup.main
                0x020013f0      0xf98 main.o
                0x020013f0                main
 EXCLUDE_FILE(*.twl.*) *(.text.hot .text.hot.*)
 EXCLUDE_FILE(*.twl.*) *(.text .iplt .stub .text.* .gnu.linkonce.t.*)
 .text.__do_global_dtors_aux
                0x02002388       0x2c C:/devkitPro/devkitARM/bin/../lib/gcc/arm-none-eabi/15.1.0/thumb/crtbegin.o
 .text.frame_dummy
                0x020023b4       0x24 C:/devkitPro/devkitARM/bin/../lib/gcc/arm-none-eabi/15.1.0/thumb/crtbegin.o
 .iplt          0x020023d8        0x0 C:/devkitPro/devkitARM/bin/../lib/gcc/arm-none-eabi/15.1.0/thumb/crtbegin.o
 .text._Z6AVARGBiiii
                0x020023d8       0x24 avdslib.o
                0x020023d8                AVARGB(int, int, int, int)
 .text._Z13AVinvertColort
                0x020023fc       0x10 avdslib.o
                0x020023fc                AVinvertColor(unsigned short)
 .text._Z9AVfillDMAPtiit
                0x0200240c       0x44 avdslib.o
                0x0200240c                AVfillDMA(unsigned short*, int, int, unsigned short)
 .text._Z15AVdrawRectanglePtiiiit
                0x02002450       0x9c avdslib.o
                0x02002450                AVdrawRectangle(unsigned short*, int, int, int, int, unsigned short)
 .text._Z18AVdrawRectangleDMAPtiiiiti
                0x020024ec       0x84 avdslib.o
                0x020024ec                AVdrawRectangleDMA(unsigned short*, int, int, int, int, unsigned short, int)
 .text._Z21AVdrawRectangleHollowPtiiiit
                0x02002570       0x9c avdslib.o
                0x02002570                AVdrawRectangleHollow(unsigned short*, int, int, int, int, unsigned short)
 .text._Z11AVdrawVlinePtiiit
                0x0200260c       0x24 avdslib.o
                0x0200260c                AVdrawVline(unsigned short*, int, int, int, unsigned short)
 .text._Z11AVdrawHlinePtiiit
                0x02002630       0x24 avdslib.o
                0x02002630                AVdrawHline(unsigned short*, int, int, int, unsigned short)
 .text._Z9importNESPKcPt
                0x02002654      0x108 formats.o
                0x02002654                importNES(char const*, unsigned short*)
 .text._Z9exportNESPKcPti
                0x0200275c       0xf8 formats.o
                0x0200275c                exportNES(char const*, unsigned short*, int)
 .text._Z9importGBCPKcPt
                0x02002854       0xd8 formats.o
                0x02002854                importGBC(char const*, unsigned short*)
 .text._Z9exportGBCPKcPti
                0x0200292c       0xcc formats.o
                0x0200292c                exportGBC(char const*, unsigned short*, int)
 .text._Z10importSNESPKcPt
                0x020029f8      0x15c formats.o
                0x020029f8                importSNES(char const*, unsigned short*)
 .text._Z10exportSNESPKcPti
                0x02002b54      0x15c formats.o
                0x02002b54                exportSNES(char const*, unsigned short*, int)
 .text._Z9importGBAPKcPt
                0x02002cb0       0xcc formats.o
                0x02002cb0                importGBA(char const*, unsigned short*)
 .text._Z9exportGBAPKcPti
                0x02002d7c       0xa8 formats.o
                0x02002d7c                exportGBA(char const*, unsigned short*, int)
 .text._Z9importPalPKc
                0x02002e24       0xbc formats.o
                0x02002e24                importPal(char const*)
 .text._Z9exportPalPKc
                0x02002ee0       0x94 formats.o
                0x02002ee0                exportPal(char const*)
 .text._Z9importPCXPKcPt
                0x02002f74      0x1d4 formats.o
                0x02002f74                importPCX(char const*, unsigned short*)
 .text._Z9exportPCXPKcPtii
                0x02003148      0x194 formats.o
                0x02003148                exportPCX(char const*, unsigned short*, int, int)
 .text._Z14writeBmpHeaderP7__sFILE
                0x020032dc       0x94 formats.o
                0x020032dc                writeBmpHeader(__sFILE*)
 .text._Z7saveBMPPKcPtS1_
                0x02003370       0x8c formats.o
                0x02003370                saveBMP(char const*, unsigned short*, unsigned short*)
 .text._Z14loadBMP_directPKcPt
                0x020033fc      0x1fc formats.o
                0x020033fc                loadBMP_direct(char const*, unsigned short*)
 .text._Z15saveBMP_indexedPKcPtS1_
                0x020035f8      0x154 formats.o
                0x020035f8                saveBMP_indexed(char const*, unsigned short*, unsigned short*)
 .text._Z15loadBMP_indexedPKcPtS1_
                0x0200374c      0x218 formats.o
                0x0200374c                loadBMP_indexed(char const*, unsigned short*, unsigned short*)
 .text._Z12saveBMP_4bppPKcPtS1_
                0x02003964      0x1a8 formats.o
                0x02003964                saveBMP_4bpp(char const*, unsigned short*, unsigned short*)
 .text._Z12loadBMP_4bppPKcPtS1_
                0x02003b0c      0x1c0 formats.o
                0x02003b0c                loadBMP_4bpp(char const*, unsigned short*, unsigned short*)
 .text._Z9importGIFPKcPt
                0x02003ccc      0x1a8 formats.o
                0x02003ccc                importGIF(char const*, unsigned short*)
 .text._Z9exportGIFPKcPtii
                0x02003e74      0x1b0 formats.o
                0x02003e74                exportGIF(char const*, unsigned short*, int, int)
 .text._Z9importTGAPKcPt
                0x02004024      0x130 formats.o
                0x02004024                importTGA(char const*, unsigned short*)
 .text._Z9exportTGAPKcPtii
                0x02004154      0x12c formats.o
                0x02004154                exportTGA(char const*, unsigned short*, int, int)
 .text._Z9importACSPKcPt
                0x02004280      0x804 formats.o
                0x02004280                importACS(char const*, unsigned short*)
 .text._Z9exportACSPKcPt
                0x02004a84      0x488 formats.o
                0x02004a84                exportACS(char const*, unsigned short*)
 .text._Z9clearVRAMv
                0x02004f0c       0xbc intro.o
                0x02004f0c                clearVRAM()
 .text._Z14topBackground8v
                0x02004fc8       0x6c intro.o
                0x02004fc8                topBackground8()
 .text._Z9drawStarsv
                0x02005034       0x80 intro.o
                0x02005034                drawStars()
 .text._Z5introv
                0x020050b4      0x210 intro.o
                0x020050b4                intro()
 .text._Z9listFilesv.part.0
                0x020052c4      0x208 main.o
 .text._Z8textModev.part.0
                0x020054cc       0x6c main.o
 .text._Z11enterFolderi
                0x02005538       0x84 main.o
                0x02005538                enterFolder(int)
 .text._Z6goBackv
                0x020055bc       0x58 main.o
                0x020055bc                goBack()
 .text._Z9listFilesv
                0x02005614       0x24 main.o
                0x02005614                listFiles()
 .text._Z10submitVRAMbbb
                0x02005638      0x148 main.o
                0x02005638                submitVRAM(bool, bool, bool)
 .text._Z15drawSurfaceMainb
                0x02005780      0x17c main.o
                0x02005780                drawSurfaceMain(bool)
 .text._Z17drawSurfaceBottomv
                0x020058fc      0x200 main.o
                0x020058fc                drawSurfaceBottom()
 .text._Z16drawColorPalettev
                0x02005afc       0x74 main.o
                0x02005afc                drawColorPalette()
 .text._Z14drawNesPalettev
                0x02005b70       0x74 main.o
                0x02005b70                drawNesPalette()
 .text._Z9updatePaliPi
                0x02005be4      0x170 main.o
                0x02005be4                updatePal(int, int*)
 .text._Z14clearTopBitmapv
                0x02005d54       0xb8 main.o
                0x02005d54                clearTopBitmap()
 .text._Z10initBitmapv
                0x02005e0c      0x1f8 main.o
                0x02005e0c                initBitmap()
 .text._Z16setEditorSpritesv
                0x02006004       0xb4 main.o
                0x02006004                setEditorSprites()
 .text._Z8setOamBGv
                0x020060b8       0xa8 main.o
                0x020060b8                setOamBG()
 .text._Z10bitmapModev
                0x02006160       0x98 main.o
                0x02006160                bitmapMode()
 .text._Z19getActionsFromTouchi
                0x020061f8       0x40 main.o
                0x020061f8                getActionsFromTouch(int)
 .text._Z12applyActionsi
                0x02006238      0x15c main.o
                0x02006238                applyActions(int)
 .text._Z9handleKeyc
                0x02006394       0x78 main.o
                0x02006394                handleKey(char)
 .text._Z9floodFillPtiittii
                0x0200640c      0x154 main.o
                0x0200640c                floodFill(unsigned short*, int, int, unsigned short, unsigned short, int, int)
 .text._Z9applyTooliib
                0x02006560      0x298 main.o
                0x02006560                applyTool(int, int, bool)
 .text._Z22copyFromSurfaceToStackv
                0x020067f8       0x98 main.o
                0x020067f8                copyFromSurfaceToStack()
 .text._Z21cutFromSurfaceToStackv
                0x02006890       0x44 main.o
                0x02006890                cutFromSurfaceToStack()
 .text._Z23pasteFromStackToSurfacev
                0x020068d4       0x98 main.o
                0x020068d4                pasteFromStackToSurface()
 .text._Z5flipHv
                0x0200696c       0xa4 main.o
                0x0200696c                flipH()
 .text._Z5flipVv
                0x02006a10       0x98 main.o
                0x02006a10                flipV()
 .text._Z7scaleUpv
                0x02006aa8      0x114 main.o
                0x02006aa8                scaleUp()
 .text._Z9scaleDownv
                0x02006bbc       0xd4 main.o
                0x02006bbc                scaleDown()
 .text._Z14rotatePositivev
                0x02006c90       0x80 main.o
                0x02006c90                rotatePositive()
 .text._Z14rotateNegativev
                0x02006d10       0x8c main.o
                0x02006d10                rotateNegative()
 .text._Z18setBackupVariablesv
                0x02006d9c       0x4c main.o
                0x02006d9c                setBackupVariables()
 .text._Z11backupWritev
                0x02006de8       0x6c main.o
                0x02006de8                backupWrite()
 .text._Z10backupReadv
                0x02006e54       0x58 main.o
                0x02006e54                backupRead()
 .text._Z7initFPSv
                0x02006eac       0x24 main.o
                0x02006eac                initFPS()
 .text          0x02006ed0       0xa8 drawSurfaceBottom16x.o
                0x02006ed0                drawSurfaceBottom16x
 .text          0x02006f78       0x60 drawSurfaceBottom2x.o
                0x02006f78                drawSurfaceBottom2x
 .text          0x02006fd8       0xe8 drawSurfaceBottom32x.o
                0x02006fd8                drawSurfaceBottom32x
 .text          0x020070c0       0x78 drawSurfaceBottom4x.o
                0x020070c0                drawSurfaceBottom4x
 .text          0x02007138       0x88 drawSurfaceBottom8x.o
                0x02007138                drawSurfaceBottom8x
 .text          0x020071c0       0x60 memcpy_fast_arm9.o
                0x020071c0                memcpy_fast_arm9
 .text.fatInitDefault
                0x02007220       0x20 C:/devkitPro/libnds/lib\libfat.a(fat_wrappers.o)
                0x02007220                fatInitDefault
 .text._dvmDiscCalicoDummy
                0x02007240        0x4 C:/devkitPro/libnds/lib\libfat.a(dvm_calico.o)
 .text._dvmDiscCalicoWriteSectors
                0x02007244        0x8 C:/devkitPro/libnds/lib\libfat.a(dvm_calico.o)
 .text._dvmDiscCalicoReadSectors
                0x0200724c        0x8 C:/devkitPro/libnds/lib\libfat.a(dvm_calico.o)
 .text._dvmIsAlignedAccess
                0x02007254       0x30 C:/devkitPro/libnds/lib\libfat.a(dvm_calico.o)
                0x02007254                _dvmIsAlignedAccess
 .text._dvmCacheCopy
                0x02007284       0x14 C:/devkitPro/libnds/lib\libfat.a(dvm_calico.o)
                0x02007284                _dvmCacheCopy
 .text.dvmInit  0x02007298      0x268 C:/devkitPro/libnds/lib\libfat.a(dvm_calico.o)
                0x02007298                dvmInit
 .text.dvmDiscAddUser
                0x02007500       0x10 C:/devkitPro/libnds/lib\libfat.a(dvm_disc.o)
                0x02007500                dvmDiscAddUser
 .text.dvmDiscRemoveUser
                0x02007510       0x28 C:/devkitPro/libnds/lib\libfat.a(dvm_disc.o)
                0x02007510                dvmDiscRemoveUser
 .text._dvmDiscCacheReadWrite
                0x02007538      0x3ec C:/devkitPro/libnds/lib\libfat.a(dvm_cache.o)
 .text._dvmDiscCacheWriteSectors
                0x02007924       0x58 C:/devkitPro/libnds/lib\libfat.a(dvm_cache.o)
 .text._dvmDiscCacheReadSectors
                0x0200797c       0x58 C:/devkitPro/libnds/lib\libfat.a(dvm_cache.o)
 .text._dvmDiscCacheFlush
                0x020079d4       0xac C:/devkitPro/libnds/lib\libfat.a(dvm_cache.o)
 .text._dvmDiscCacheDestroy
                0x02007a80       0x28 C:/devkitPro/libnds/lib\libfat.a(dvm_cache.o)
 .text.dvmDiscCacheCreate
                0x02007aa8      0x1a0 C:/devkitPro/libnds/lib\libfat.a(dvm_cache.o)
                0x02007aa8                dvmDiscCacheCreate
 .text.dvmMountVolume
                0x02007c48      0x188 C:/devkitPro/libnds/lib\libfat.a(dvm_volume.o)
                0x02007c48                dvmMountVolume
 .text._dvmSetAppWorkingDir
                0x02007dd0       0x74 C:/devkitPro/libnds/lib\libfat.a(dvm_volume.o)
                0x02007dd0                _dvmSetAppWorkingDir
 .text._dvmIdentMbrVbr
                0x02007e44      0x1d8 C:/devkitPro/libnds/lib\libfat.a(dvm_prober.o)
 .text._dvmReadPartitionTable
                0x0200801c      0x204 C:/devkitPro/libnds/lib\libfat.a(dvm_prober.o)
 .text.dvmProbeMountDisc
                0x02008220       0xf0 C:/devkitPro/libnds/lib\libfat.a(dvm_prober.o)
                0x02008220                dvmProbeMountDisc
 .text._FAT_fstat_r
                0x02008310       0xac C:/devkitPro/libnds/lib\libfat.a(fat_driver.o)
 .text._FAT_umount
                0x020083bc       0x1c C:/devkitPro/libnds/lib\libfat.a(fat_driver.o)
 .text._FAT_mount
                0x020083d8       0x44 C:/devkitPro/libnds/lib\libfat.a(fat_driver.o)
 .text._FAT_seek_r
                0x0200841c      0x13c C:/devkitPro/libnds/lib\libfat.a(fat_driver.o)
 .text._FAT_set_stat.isra.0
                0x02008558      0x10c C:/devkitPro/libnds/lib\libfat.a(fat_driver.o)
 .text._FAT_mkdir_r
                0x02008664       0x64 C:/devkitPro/libnds/lib\libfat.a(fat_driver.o)
 .text._FAT_chdir_r
                0x020086c8       0x64 C:/devkitPro/libnds/lib\libfat.a(fat_driver.o)
 .text._FAT_unlink_r
                0x0200872c       0x70 C:/devkitPro/libnds/lib\libfat.a(fat_driver.o)
 .text._FAT_rmdir_r
                0x0200879c       0x6c C:/devkitPro/libnds/lib\libfat.a(fat_driver.o)
 .text._FAT_diropen_r
                0x02008808       0x7c C:/devkitPro/libnds/lib\libfat.a(fat_driver.o)
 .text._FAT_fsync_r
                0x02008884       0x64 C:/devkitPro/libnds/lib\libfat.a(fat_driver.o)
 .text._FAT_close_r
                0x020088e8       0x64 C:/devkitPro/libnds/lib\libfat.a(fat_driver.o)
 .text._FAT_dirclose_r
                0x0200894c       0x64 C:/devkitPro/libnds/lib\libfat.a(fat_driver.o)
 .text._FAT_dirreset_r
                0x020089b0       0x6c C:/devkitPro/libnds/lib\libfat.a(fat_driver.o)
 .text._FAT_rename_r
                0x02008a1c       0x80 C:/devkitPro/libnds/lib\libfat.a(fat_driver.o)
 .text._FAT_stat_r
                0x02008a9c       0x98 C:/devkitPro/libnds/lib\libfat.a(fat_driver.o)
 .text._FAT_read_r
                0x02008b34       0x7c C:/devkitPro/libnds/lib\libfat.a(fat_driver.o)
 .text._FAT_write_r
                0x02008bb0       0x7c C:/devkitPro/libnds/lib\libfat.a(fat_driver.o)
 .text._FAT_statvfs_r
                0x02008c2c       0xf0 C:/devkitPro/libnds/lib\libfat.a(fat_driver.o)
 .text._FAT_ftruncate_r
                0x02008d1c      0x190 C:/devkitPro/libnds/lib\libfat.a(fat_driver.o)
 .text._FAT_dirnext_r
                0x02008eac      0x124 C:/devkitPro/libnds/lib\libfat.a(fat_driver.o)
 .text._FAT_open_r
                0x02008fd0      0x124 C:/devkitPro/libnds/lib\libfat.a(fat_driver.o)
 .text.get_fattime
                0x020090f4       0x64 C:/devkitPro/libnds/lib\libfat.a(fat_driver.o)
                0x020090f4                get_fattime
 .text.ff_mutex_create
                0x02009158       0x18 C:/devkitPro/libnds/lib\libfat.a(fat_driver.o)
                0x02009158                ff_mutex_create
 .text.ff_mutex_delete
                0x02009170        0x4 C:/devkitPro/libnds/lib\libfat.a(fat_driver.o)
                0x02009170                ff_mutex_delete
 .text.ff_mutex_take
                0x02009174       0x14 C:/devkitPro/libnds/lib\libfat.a(fat_driver.o)
                0x02009174                ff_mutex_take
 .text.ff_mutex_give
                0x02009188        0x8 C:/devkitPro/libnds/lib\libfat.a(fat_driver.o)
                0x02009188                ff_mutex_give
 .text.disk_initialize
                0x02009190       0x24 C:/devkitPro/libnds/lib\libfat.a(fat_driver.o)
                0x02009190                disk_initialize
 .text.disk_status
                0x020091b4       0x24 C:/devkitPro/libnds/lib\libfat.a(fat_driver.o)
                0x020091b4                disk_status
 .text.disk_read
                0x020091d8       0x2c C:/devkitPro/libnds/lib\libfat.a(fat_driver.o)
                0x020091d8                disk_read
 .text.disk_write
                0x02009204       0x2c C:/devkitPro/libnds/lib\libfat.a(fat_driver.o)
                0x02009204                disk_write
 .text.disk_ioctl
                0x02009230       0x38 C:/devkitPro/libnds/lib\libfat.a(fat_driver.o)
                0x02009230                disk_ioctl
 .text.tchar2uni
                0x02009268       0xfc C:/devkitPro/libnds/lib\libfat.a(ff.o)
 .text.sync_window
                0x02009364       0x90 C:/devkitPro/libnds/lib\libfat.a(ff.o)
 .text.put_utf  0x020093f4      0x130 C:/devkitPro/libnds/lib\libfat.a(ff.o)
 .text.dir_clear
                0x02009524       0x9c C:/devkitPro/libnds/lib\libfat.a(ff.o)
 .text.get_fileinfo
                0x020095c0      0x28c C:/devkitPro/libnds/lib\libfat.a(ff.o)
 .text.sync_fs  0x0200984c      0x180 C:/devkitPro/libnds/lib\libfat.a(ff.o)
 .text.move_window
                0x020099cc       0xc4 C:/devkitPro/libnds/lib\libfat.a(ff.o)
 .text.put_fat.part.0
                0x02009a90      0x1dc C:/devkitPro/libnds/lib\libfat.a(ff.o)
 .text.get_fat.isra.0
                0x02009c6c      0x160 C:/devkitPro/libnds/lib\libfat.a(ff.o)
 .text.remove_chain
                0x02009dcc       0xf4 C:/devkitPro/libnds/lib\libfat.a(ff.o)
 .text.create_chain
                0x02009ec0      0x21c C:/devkitPro/libnds/lib\libfat.a(ff.o)
 .text.dir_next
                0x0200a0dc      0x170 C:/devkitPro/libnds/lib\libfat.a(ff.o)
 .text.dir_read
                0x0200a24c      0x248 C:/devkitPro/libnds/lib\libfat.a(ff.o)
 .text.dir_sdi  0x0200a494      0x128 C:/devkitPro/libnds/lib\libfat.a(ff.o)
 .text.dir_alloc
                0x0200a5bc       0xcc C:/devkitPro/libnds/lib\libfat.a(ff.o)
 .text.dir_remove
                0x0200a688       0xc4 C:/devkitPro/libnds/lib\libfat.a(ff.o)
 .text.dir_find
                0x0200a74c      0x2f8 C:/devkitPro/libnds/lib\libfat.a(ff.o)
 .text.follow_path
                0x0200aa44      0x588 C:/devkitPro/libnds/lib\libfat.a(ff.o)
 .text.dir_register
                0x0200afcc      0x3f0 C:/devkitPro/libnds/lib\libfat.a(ff.o)
 .text.check_fs
                0x0200b3bc      0x1ec C:/devkitPro/libnds/lib\libfat.a(ff.o)
 .text.mount_volume.part.0
                0x0200b5a8      0x504 C:/devkitPro/libnds/lib\libfat.a(ff.o)
 .text.validate
                0x0200baac       0xbc C:/devkitPro/libnds/lib\libfat.a(ff.o)
 .text.f_mount  0x0200bb68       0x6c C:/devkitPro/libnds/lib\libfat.a(ff.o)
                0x0200bb68                f_mount
 .text.f_umount
                0x0200bbd4       0x38 C:/devkitPro/libnds/lib\libfat.a(ff.o)
                0x0200bbd4                f_umount
 .text.f_open   0x0200bc0c      0x400 C:/devkitPro/libnds/lib\libfat.a(ff.o)
                0x0200bc0c                f_open
 .text.f_read   0x0200c00c      0x2a4 C:/devkitPro/libnds/lib\libfat.a(ff.o)
                0x0200c00c                f_read
 .text.f_write  0x0200c2b0      0x350 C:/devkitPro/libnds/lib\libfat.a(ff.o)
                0x0200c2b0                f_write
 .text.f_sync   0x0200c600      0x1a0 C:/devkitPro/libnds/lib\libfat.a(ff.o)
                0x0200c600                f_sync
 .text.f_close  0x0200c7a0       0x58 C:/devkitPro/libnds/lib\libfat.a(ff.o)
                0x0200c7a0                f_close
 .text.f_chdir  0x0200c7f8       0xf0 C:/devkitPro/libnds/lib\libfat.a(ff.o)
                0x0200c7f8                f_chdir
 .text.f_lseek  0x0200c8e8      0x298 C:/devkitPro/libnds/lib\libfat.a(ff.o)
                0x0200c8e8                f_lseek
 .text.f_opendir
                0x0200cb80      0x12c C:/devkitPro/libnds/lib\libfat.a(ff.o)
                0x0200cb80                f_opendir
 .text.f_closedir
                0x0200ccac       0xb0 C:/devkitPro/libnds/lib\libfat.a(ff.o)
                0x0200ccac                f_closedir
 .text.f_readdir
                0x0200cd5c       0xd0 C:/devkitPro/libnds/lib\libfat.a(ff.o)
                0x0200cd5c                f_readdir
 .text.f_stat   0x0200ce2c      0x104 C:/devkitPro/libnds/lib\libfat.a(ff.o)
                0x0200ce2c                f_stat
 .text.f_getfree
                0x0200cf30      0x184 C:/devkitPro/libnds/lib\libfat.a(ff.o)
                0x0200cf30                f_getfree
 .text.f_truncate
                0x0200d0b4      0x228 C:/devkitPro/libnds/lib\libfat.a(ff.o)
                0x0200d0b4                f_truncate
 .text.f_unlink
                0x0200d2dc      0x1a4 C:/devkitPro/libnds/lib\libfat.a(ff.o)
                0x0200d2dc                f_unlink
 .text.f_mkdir  0x0200d480      0x294 C:/devkitPro/libnds/lib\libfat.a(ff.o)
                0x0200d480                f_mkdir
 .text.f_rename
                0x0200d714      0x248 C:/devkitPro/libnds/lib\libfat.a(ff.o)
                0x0200d714                f_rename
 .text.ff_uni2oem
                0x0200d95c       0x78 C:/devkitPro/libnds/lib\libfat.a(ffunicode.o)
                0x0200d95c                ff_uni2oem
 .text.ff_oem2uni
                0x0200d9d4       0x40 C:/devkitPro/libnds/lib\libfat.a(ffunicode.o)
                0x0200d9d4                ff_oem2uni
 .text.ff_wtoupper
                0x0200da14      0x128 C:/devkitPro/libnds/lib\libfat.a(ffunicode.o)
                0x0200da14                ff_wtoupper
 .text.checkIfText
                0x0200db3c       0x6c C:/devkitPro/libnds/lib\libnds9.a(background.o)
                0x0200db3c                checkIfText
 .text.bgUpdate
                0x0200dba8       0xe8 C:/devkitPro/libnds/lib\libnds9.a(background.o)
                0x0200dba8                bgUpdate
 .text.bgInit_call
                0x0200dc90       0xa8 C:/devkitPro/libnds/lib\libnds9.a(background.o)
                0x0200dc90                bgInit_call
 .text.bgInitSub_call
                0x0200dd38       0xb0 C:/devkitPro/libnds/lib\libnds9.a(background.o)
                0x0200dd38                bgInitSub_call
 .text.newRow   0x0200dde8       0xe0 C:/devkitPro/libnds/lib\libnds9.a(console.o)
 .text.consolePrintChar
                0x0200dec8       0xe0 C:/devkitPro/libnds/lib\libnds9.a(console.o)
                0x0200dec8                consolePrintChar
 .text.con_write
                0x0200dfa8      0x344 C:/devkitPro/libnds/lib\libnds9.a(console.o)
                0x0200dfa8                con_write
 .text.consoleLoadFont
                0x0200e2ec      0x2e8 C:/devkitPro/libnds/lib\libnds9.a(console.o)
                0x0200e2ec                consoleLoadFont
 .text.consoleInit
                0x0200e5d4      0x170 C:/devkitPro/libnds/lib\libnds9.a(console.o)
                0x0200e5d4                consoleInit
 .text.consoleDemoInit
                0x0200e744       0x40 C:/devkitPro/libnds/lib\libnds9.a(console.o)
                0x0200e744                consoleDemoInit
 .text.consoleClear
                0x0200e784       0x10 C:/devkitPro/libnds/lib\libnds9.a(console.o)
                0x0200e784                consoleClear
 .text.getHeader
                0x0200e794        0x4 C:/devkitPro/libnds/lib\libnds9.a(decompress.o)
 .text.readByte
                0x0200e798        0x4 C:/devkitPro/libnds/lib\libnds9.a(decompress.o)
 .text.decompress
                0x0200e79c       0x40 C:/devkitPro/libnds/lib\libnds9.a(decompress.o)
                0x0200e79c                decompress
 .text.defaultHandler
                0x0200e7dc       0x6c C:/devkitPro/libnds/lib\libnds9.a(exceptionDefault.o)
 .text.excptPrint
                0x0200e848       0x38 C:/devkitPro/libnds/lib\libnds9.a(exceptionDefault.o)
 .text.defaultExceptionHandler
                0x0200e880       0x20 C:/devkitPro/libnds/lib\libnds9.a(exceptionDefault.o)
                0x0200e880                defaultExceptionHandler
 .text.ARMShift
                0x0200e8a0       0x74 C:/devkitPro/libnds/lib\libnds9.a(gurumeditation.o)
 .text.getExceptionAddress
                0x0200e914      0x198 C:/devkitPro/libnds/lib\libnds9.a(gurumeditation.o)
                0x0200e914                getExceptionAddress
 .text.guruMeditationDump
                0x0200eaac      0x108 C:/devkitPro/libnds/lib\libnds9.a(gurumeditation.o)
                0x0200eaac                guruMeditationDump
 .text.scanKeys
                0x0200ebb4       0x6c C:/devkitPro/libnds/lib\libnds9.a(keys.o)
                0x0200ebb4                scanKeys
 .text.keysHeld
                0x0200ec20        0xc C:/devkitPro/libnds/lib\libnds9.a(keys.o)
                0x0200ec20                keysHeld
 .text.keysDown
                0x0200ec2c       0x10 C:/devkitPro/libnds/lib\libnds9.a(keys.o)
                0x0200ec2c                keysDown
 .text.keysUp   0x0200ec3c       0x10 C:/devkitPro/libnds/lib\libnds9.a(keys.o)
                0x0200ec3c                keysUp
 .text.oamAllocReset
                0x0200ec4c       0x1c C:/devkitPro/libnds/lib\libnds9.a(sprite_alloc.o)
                0x0200ec4c                oamAllocReset
 .text.oamAllocateGfx
                0x0200ec68      0x578 C:/devkitPro/libnds/lib\libnds9.a(sprite_alloc.o)
                0x0200ec68                oamAllocateGfx
 .text.oamInit  0x0200f1e0      0x138 C:/devkitPro/libnds/lib\libnds9.a(sprite.o)
                0x0200f1e0                oamInit
 .text.oamGetGfxPtr
                0x0200f318       0x34 C:/devkitPro/libnds/lib\libnds9.a(sprite.o)
                0x0200f318                oamGetGfxPtr
 .text.oamClear
                0x0200f34c       0x24 C:/devkitPro/libnds/lib\libnds9.a(sprite.o)
                0x0200f34c                oamClear
 .text.oamGfxPtrToOffset
                0x0200f370       0x34 C:/devkitPro/libnds/lib\libnds9.a(sprite.o)
                0x0200f370                oamGfxPtrToOffset
 .text.oamSet   0x0200f3a4      0x100 C:/devkitPro/libnds/lib\libnds9.a(sprite.o)
                0x0200f3a4                oamSet
 .text.oamUpdate
                0x0200f4a4       0x78 C:/devkitPro/libnds/lib\libnds9.a(sprite.o)
                0x0200f4a4                oamUpdate
 .text.sinLutLookup
                0x0200f51c       0x4c C:/devkitPro/libnds/lib\libnds9.a(trig.o)
                0x0200f51c                sinLutLookup
 .text.sinLerp  0x0200f568       0x38 C:/devkitPro/libnds/lib\libnds9.a(trig.o)
                0x0200f568                sinLerp
 .text.cosLerp  0x0200f5a0       0x44 C:/devkitPro/libnds/lib\libnds9.a(trig.o)
                0x0200f5a0                cosLerp
 .text.__libnds_excpt
                0x0200f5e4       0xf8 C:/devkitPro/libnds/lib\libnds9.a(exceptionEntry.o)
                0x0200f5e4                __libnds_excpt
 .text._mmPxiHandler
                0x0200f6dc       0x78 C:/devkitPro/libnds/lib\libmm9.a(mm_comms9.o)
 .text.mmInit   0x0200f754       0x78 C:/devkitPro/libnds/lib\libmm9.a(mm_comms9.o)
                0x0200f754                mmInit
 .text.mmStart  0x0200f7cc       0x44 C:/devkitPro/libnds/lib\libmm9.a(mm_comms9.o)
                0x0200f7cc                mmStart
 .text.mmStop   0x0200f810       0x24 C:/devkitPro/libnds/lib\libmm9.a(mm_comms9.o)
                0x0200f810                mmStop
 .text._mmLoadSample
                0x0200f834       0x80 C:/devkitPro/libnds/lib\libmm9.a(mm_loader.o)
 .text.mmInitDefaultMem
                0x0200f8b4       0xc0 C:/devkitPro/libnds/lib\libmm9.a(mm_loader.o)
                0x0200f8b4                mmInitDefaultMem
 .text.mmLoad   0x0200f974       0xa8 C:/devkitPro/libnds/lib\libmm9.a(mm_loader.o)
                0x0200f974                mmLoad
 .text._tickCountIsr
                0x0200fa1c       0x1c C:/devkitPro/calico/lib\libcalico_ds9.a(tick.o)
 .text._tickTaskSchedule.part.0.isra.0
                0x0200fa38       0x84 C:/devkitPro/calico/lib\libcalico_ds9.a(tick.o)
 .text.tickInit
                0x0200fabc       0xa0 C:/devkitPro/calico/lib\libcalico_ds9.a(tick.o)
                0x0200fabc                tickInit
 .text.tickGetCount
                0x0200fb5c       0x5c C:/devkitPro/calico/lib\libcalico_ds9.a(tick.o)
                0x0200fb5c                tickGetCount
 .text._tickTaskIsr
                0x0200fbb8      0x110 C:/devkitPro/calico/lib\libcalico_ds9.a(tick.o)
 .text.tickTaskStart
                0x0200fcc8      0x144 C:/devkitPro/calico/lib\libcalico_ds9.a(tick.o)
                0x0200fcc8                tickTaskStart
 .text.threadExit
                0x0200fe0c       0x9c C:/devkitPro/calico/lib\libcalico_ds9.a(thread_cold.o)
                0x0200fe0c                threadExit
 .text._threadTickTask
                0x0200fea8       0x10 C:/devkitPro/calico/lib\libcalico_ds9.a(thread_cold.o)
 .text._threadInit
                0x0200feb8       0x98 C:/devkitPro/calico/lib\libcalico_ds9.a(thread_cold.o)
                0x0200feb8                _threadInit
 .text.threadPrepare
                0x0200ff50       0xa4 C:/devkitPro/calico/lib\libcalico_ds9.a(thread_cold.o)
                0x0200ff50                threadPrepare
 .text.threadStart
                0x0200fff4       0xc8 C:/devkitPro/calico/lib\libcalico_ds9.a(thread_cold.o)
                0x0200fff4                threadStart
 .text.threadIrqWait
                0x020100bc       0xa0 C:/devkitPro/calico/lib\libcalico_ds9.a(thread_cold.o)
                0x020100bc                threadIrqWait
 .text.threadSleepTicks
                0x0201015c       0x58 C:/devkitPro/calico/lib\libcalico_ds9.a(thread_cold.o)
                0x0201015c                threadSleepTicks
 .text._dietPrintDefaultFunc
                0x020101b4        0x4 C:/devkitPro/calico/lib\libcalico_ds9.a(dietprint.o)
 .text._dietOutput
                0x020101b8       0x3c C:/devkitPro/calico/lib\libcalico_ds9.a(dietprint.o)
 .text._dietPrintDec32
                0x020101f4      0x110 C:/devkitPro/calico/lib\libcalico_ds9.a(dietprint.o)
 .text._dietPrintHex32
                0x02010304      0x170 C:/devkitPro/calico/lib\libcalico_ds9.a(dietprint.o)
 .text.dietPrintV
                0x02010474      0x4b8 C:/devkitPro/calico/lib\libcalico_ds9.a(dietprint.o)
                0x02010474                dietPrintV
 .text.dietPrint
                0x0201092c       0x18 C:/devkitPro/calico/lib\libcalico_ds9.a(dietprint.o)
                0x0201092c                dietPrint
 .text.__syscall_getreent
                0x02010944       0x14 C:/devkitPro/calico/lib\libcalico_ds9.a(newlib_syscalls.o)
                0x02010944                __syscall_getreent
 .text.__errno  0x02010958       0x24 C:/devkitPro/calico/lib\libcalico_ds9.a(newlib_syscalls.o)
                0x02010958                __errno
 .text.__syscall_gettod_r
                0x0201097c       0x30 C:/devkitPro/calico/lib\libcalico_ds9.a(newlib_syscalls.o)
                0x0201097c                __syscall_gettod_r
 .text.__syscall_lock_acquire
                0x020109ac        0x4 C:/devkitPro/calico/lib\libcalico_ds9.a(newlib_syscalls.o)
                0x020109ac                __syscall_lock_acquire
 .text.__syscall_lock_release
                0x020109b0        0x4 C:/devkitPro/calico/lib\libcalico_ds9.a(newlib_syscalls.o)
                0x020109b0                __syscall_lock_release
 .text.__syscall_lock_acquire_recursive
                0x020109b4       0x4c C:/devkitPro/calico/lib\libcalico_ds9.a(newlib_syscalls.o)
                0x020109b4                __syscall_lock_acquire_recursive
 .text.__syscall_lock_release_recursive
                0x02010a00       0x18 C:/devkitPro/calico/lib\libcalico_ds9.a(newlib_syscalls.o)
                0x02010a00                __syscall_lock_release_recursive
 .text.svcLZ77UncompWram
                0x02010a18        0x4 C:/devkitPro/calico/lib\libcalico_ds9.a(bios.o)
                0x02010a18                svcLZ77UncompWram
 .text.svcHuffUncompCallback
                0x02010a1c        0x4 C:/devkitPro/calico/lib\libcalico_ds9.a(bios.o)
                0x02010a1c                svcHuffUncompCallback
 .text.svcRLUncompWram
                0x02010a20        0x4 C:/devkitPro/calico/lib\libcalico_ds9.a(bios.o)
                0x02010a20                svcRLUncompWram
 .text.svcRLUncompVramCallback
                0x02010a24        0x4 C:/devkitPro/calico/lib\libcalico_ds9.a(bios.o)
                0x02010a24                svcRLUncompVramCallback
 .text.svcLZ77UncompVramCallback
                0x02010a28       0x18 C:/devkitPro/calico/lib\libcalico_ds9.a(bios.o)
                0x02010a28                svcLZ77UncompVramCallback
 .text._pxiMailboxHandler
                0x02010a40        0x4 C:/devkitPro/calico/lib\libcalico_ds9.a(pxi.o)
 .text._pxiRecvUnhandled
                0x02010a44        0x4 C:/devkitPro/calico/lib\libcalico_ds9.a(pxi.o)
                0x02010a44                _pxiRecvUnhandled
 .text._pxiRecvIrqHandler
                0x02010a48      0x154 C:/devkitPro/calico/lib\libcalico_ds9.a(pxi.o)
 .text._pxiInit
                0x02010b9c       0x58 C:/devkitPro/calico/lib\libcalico_ds9.a(pxi.o)
                0x02010b9c                _pxiInit
 .text.pxiSetHandler
                0x02010bf4       0x74 C:/devkitPro/calico/lib\libcalico_ds9.a(pxi.o)
                0x02010bf4                pxiSetHandler
 .text.pxiSetMailbox
                0x02010c68       0x68 C:/devkitPro/calico/lib\libcalico_ds9.a(pxi.o)
                0x02010c68                pxiSetMailbox
 .text.pxiWaitRemote
                0x02010cd0       0x38 C:/devkitPro/calico/lib\libcalico_ds9.a(pxi.o)
                0x02010cd0                pxiWaitRemote
 .text.pxiSendPacket
                0x02010d08       0x50 C:/devkitPro/calico/lib\libcalico_ds9.a(pxi.o)
                0x02010d08                pxiSendPacket
 .text.pxiSendExtPacket
                0x02010d58       0x98 C:/devkitPro/calico/lib\libcalico_ds9.a(pxi.o)
                0x02010d58                pxiSendExtPacket
 .text.pxiBeginReceive
                0x02010df0       0x2c C:/devkitPro/calico/lib\libcalico_ds9.a(pxi.o)
                0x02010df0                pxiBeginReceive
 .text.pxiEndReceive
                0x02010e1c       0xac C:/devkitPro/calico/lib\libcalico_ds9.a(pxi.o)
                0x02010e1c                pxiEndReceive
 .text.keypadGetState
                0x02010ec8       0x28 C:/devkitPro/calico/lib\libcalico_ds9.a(keypad.o)
                0x02010ec8                keypadGetState
 .text._pmCallEventHandlers
                0x02010ef0       0x40 C:/devkitPro/calico/lib\libcalico_ds9.a(pm.o)
 .text._pmPxiThreadMain
                0x02010f30       0xa0 C:/devkitPro/calico/lib\libcalico_ds9.a(pm.o)
 .text._pmResetPxiHandler
                0x02010fd0       0x28 C:/devkitPro/calico/lib\libcalico_ds9.a(pm.o)
 .text.systemUserExit
                0x02010ff8        0x4 C:/devkitPro/calico/lib\libcalico_ds9.a(pm.o)
                0x02010ff8                systemUserExit
 .text.systemErrorExit
                0x02010ffc        0x4 C:/devkitPro/calico/lib\libcalico_ds9.a(pm.o)
                0x02010ffc                systemErrorExit
 .text.__syscall_exit
                0x02011000      0x138 C:/devkitPro/calico/lib\libcalico_ds9.a(pm.o)
                0x02011000                __syscall_exit
 .text.pmInit   0x02011138       0x58 C:/devkitPro/calico/lib\libcalico_ds9.a(pm.o)
                0x02011138                pmInit
 .text.pmEnterSleep
                0x02011190       0xcc C:/devkitPro/calico/lib\libcalico_ds9.a(pm.o)
                0x02011190                pmEnterSleep
 .text.pmMainLoop
                0x0201125c       0x74 C:/devkitPro/calico/lib\libcalico_ds9.a(pm.o)
                0x0201125c                pmMainLoop
 .text.systemUserStartup
                0x020112d0        0x4 C:/devkitPro/calico/lib\libcalico_ds9.a(sys_startup.o)
                0x020112d0                systemUserStartup
 .text.systemStartup
                0x020112d4      0x104 C:/devkitPro/calico/lib\libcalico_ds9.a(sys_startup.o)
                0x020112d4                systemStartup
 .text.touchRead
                0x020113d8       0x58 C:/devkitPro/calico/lib\libcalico_ds9.a(touch.o)
                0x020113d8                touchRead
 .text._soundPxiCheckCredits
                0x02011430       0x70 C:/devkitPro/calico/lib\libcalico_ds9.a(sound.o)
 .text._soundPxiHandler
                0x020114a0       0x3c C:/devkitPro/calico/lib\libcalico_ds9.a(sound.o)
 .text.soundInit
                0x020114dc       0x64 C:/devkitPro/calico/lib\libcalico_ds9.a(sound.o)
                0x020114dc                soundInit
 .text.soundSetMixerSleep
                0x02011540       0x2c C:/devkitPro/calico/lib\libcalico_ds9.a(sound.o)
                0x02011540                soundSetMixerSleep
 .text._blkDevReadWriteSectors
                0x0201156c       0x44 C:/devkitPro/calico/lib\libcalico_ds9.a(blk.o)
 .text.blkInit  0x020115b0        0x8 C:/devkitPro/calico/lib\libcalico_ds9.a(blk.o)
                0x020115b0                blkInit
 .text.blkDevIsPresent
                0x020115b8       0x30 C:/devkitPro/calico/lib\libcalico_ds9.a(blk.o)
                0x020115b8                blkDevIsPresent
 .text.blkDevInit
                0x020115e8       0x30 C:/devkitPro/calico/lib\libcalico_ds9.a(blk.o)
                0x020115e8                blkDevInit
 .text.blkDevGetSectorCount
                0x02011618       0x34 C:/devkitPro/calico/lib\libcalico_ds9.a(blk.o)
                0x02011618                blkDevGetSectorCount
 .text.blkDevReadSectors
                0x0201164c       0x5c C:/devkitPro/calico/lib\libcalico_ds9.a(blk.o)
                0x0201164c                blkDevReadSectors
 .text.blkDevWriteSectors
                0x020116a8       0x5c C:/devkitPro/calico/lib\libcalico_ds9.a(blk.o)
                0x020116a8                blkDevWriteSectors
 .text.irqSet   0x02011704       0x64 C:/devkitPro/calico/lib\libcalico_ds9.a(irq.o)
                0x02011704                irqSet
 .text.threadUpdateDynamicPrio
                0x02011768      0x1cc C:/devkitPro/calico/lib\libcalico_ds9.a(mutex.o)
 .text.threadRemoveWaiter
                0x02011934      0x1c8 C:/devkitPro/calico/lib\libcalico_ds9.a(mutex.o)
 .text.mutexLock
                0x02011afc      0x150 C:/devkitPro/calico/lib\libcalico_ds9.a(mutex.o)
                0x02011afc                mutexLock
 .text.mutexUnlock
                0x02011c4c       0xd0 C:/devkitPro/calico/lib\libcalico_ds9.a(mutex.o)
                0x02011c4c                mutexUnlock
 .text.mailboxTrySend
                0x02011d1c       0x98 C:/devkitPro/calico/lib\libcalico_ds9.a(mailbox.o)
                0x02011d1c                mailboxTrySend
 .text.mailboxRecv
                0x02011db4       0x98 C:/devkitPro/calico/lib\libcalico_ds9.a(mailbox.o)
                0x02011db4                mailboxRecv
 .text.log2     0x02011e4c       0x1c C:/devkitPro/devkitARM/bin/../lib/gcc/arm-none-eabi/15.1.0/../../../../arm-none-eabi/lib/thumb\libm.a(libm_a-s_log2.o)
                0x02011e4c                log2
 .text.log      0x02011e68       0x70 C:/devkitPro/devkitARM/bin/../lib/gcc/arm-none-eabi/15.1.0/../../../../arm-none-eabi/lib/thumb\libm.a(libm_a-w_log.o)
                0x02011e68                log
 .text.__ieee754_log
                0x02011ed8      0x364 C:/devkitPro/devkitARM/bin/../lib/gcc/arm-none-eabi/15.1.0/../../../../arm-none-eabi/lib/thumb\libm.a(libm_a-e_log.o)
                0x02011ed8                __ieee754_log
 .text.nan      0x0201223c        0xc C:/devkitPro/devkitARM/bin/../lib/gcc/arm-none-eabi/15.1.0/../../../../arm-none-eabi/lib/thumb\libm.a(libm_a-s_nan.o)
                0x0201223c                nan
 .text          0x02012248      0x11c C:/devkitPro/devkitARM/bin/../lib/gcc/arm-none-eabi/15.1.0/thumb\libgcc.a(_udivsi3.o)
                0x02012248                __aeabi_uidiv
                0x02012248                __udivsi3
                0x02012344                __aeabi_uidivmod
 .text          0x02012364      0x150 C:/devkitPro/devkitARM/bin/../lib/gcc/arm-none-eabi/15.1.0/thumb\libgcc.a(_divsi3.o)
                0x02012364                __divsi3
                0x02012364                __aeabi_idiv
                0x02012494                __aeabi_idivmod
 .text          0x020124b4        0x4 C:/devkitPro/devkitARM/bin/../lib/gcc/arm-none-eabi/15.1.0/thumb\libgcc.a(_dvmd_tls.o)
                0x020124b4                __aeabi_idiv0
                0x020124b4                __aeabi_ldiv0
 .text          0x020124b8      0x424 C:/devkitPro/devkitARM/bin/../lib/gcc/arm-none-eabi/15.1.0/thumb\libgcc.a(_arm_addsubdf3.o)
                0x020124b8                __aeabi_drsub
                0x020124c0                __aeabi_dsub
                0x020124c0                __subdf3
                0x020124c4                __aeabi_dadd
                0x020124c4                __adddf3
                0x020127d4                __floatunsidf
                0x020127d4                __aeabi_ui2d
                0x020127f8                __floatsidf
                0x020127f8                __aeabi_i2d
                0x02012820                __aeabi_f2d
                0x02012820                __extendsfdf2
                0x02012868                __floatundidf
                0x02012868                __aeabi_ul2d
                0x0201287c                __floatdidf
                0x0201287c                __aeabi_l2d
 .text          0x020128dc      0x49c C:/devkitPro/devkitARM/bin/../lib/gcc/arm-none-eabi/15.1.0/thumb\libgcc.a(_arm_muldivdf3.o)
                0x020128dc                __aeabi_dmul
                0x020128dc                __muldf3
                0x02012b6c                __divdf3
                0x02012b6c                __aeabi_ddiv
 .text          0x02012d78      0x144 C:/devkitPro/devkitARM/bin/../lib/gcc/arm-none-eabi/15.1.0/thumb\libgcc.a(_arm_cmpdf2.o)
                0x02012d78                __gtdf2
                0x02012d78                __gedf2
                0x02012d80                __ltdf2
                0x02012d80                __ledf2
                0x02012d88                __nedf2
                0x02012d88                __eqdf2
                0x02012d88                __cmpdf2
                0x02012e10                __aeabi_cdrcmple
                0x02012e2c                __aeabi_cdcmpeq
                0x02012e2c                __aeabi_cdcmple
                0x02012e44                __aeabi_dcmpeq
                0x02012e5c                __aeabi_dcmplt
                0x02012e74                __aeabi_dcmple
                0x02012e8c                __aeabi_dcmpge
                0x02012ea4                __aeabi_dcmpgt
 .text          0x02012ebc       0x38 C:/devkitPro/devkitARM/bin/../lib/gcc/arm-none-eabi/15.1.0/thumb\libgcc.a(_arm_unorddf2.o)
                0x02012ebc                __unorddf2
                0x02012ebc                __aeabi_dcmpun
 .text          0x02012ef4       0x5c C:/devkitPro/devkitARM/bin/../lib/gcc/arm-none-eabi/15.1.0/thumb\libgcc.a(_arm_fixdfsi.o)
                0x02012ef4                __aeabi_d2iz
                0x02012ef4                __fixdfsi
 .text          0x02012f50       0x3c C:/devkitPro/devkitARM/bin/../lib/gcc/arm-none-eabi/15.1.0/thumb\libgcc.a(_aeabi_uldivmod.o)
                0x02012f50                __aeabi_uldivmod
 .text.__udivmoddi4
                0x02012f8c      0x194 C:/devkitPro/devkitARM/bin/../lib/gcc/arm-none-eabi/15.1.0/thumb\libgcc.a(_udivmoddi4.o)
                0x02012f8c                __udivmoddi4
 .text          0x02013120       0x28 C:/devkitPro/devkitARM/bin/../lib/gcc/arm-none-eabi/15.1.0/thumb\libgcc.a(_clzdi2.o)
                0x02013120                __clzdi2
 .text          0x02013148       0x48 C:/devkitPro/devkitARM/bin/../lib/gcc/arm-none-eabi/15.1.0/thumb\libgcc.a(_clzsi2.o)
                0x02013148                __clzsi2
 .text.strchr   0x02013190       0xbc C:/devkitPro/devkitARM/bin/../lib/gcc/arm-none-eabi/15.1.0/../../../../arm-none-eabi/lib/thumb\libg.a(libc_a-strchr.o)
                0x02013190                strchr
 .text.rand     0x0201324c       0x30 C:/devkitPro/devkitARM/bin/../lib/gcc/arm-none-eabi/15.1.0/../../../../arm-none-eabi/lib/thumb\libg.a(libc_a-rand.o)
                0x0201324c                rand
 .text._fclose_r
                0x0201327c       0xdc C:/devkitPro/devkitARM/bin/../lib/gcc/arm-none-eabi/15.1.0/../../../../arm-none-eabi/lib/thumb\libg.a(libc_a-fclose.o)
                0x0201327c                _fclose_r
 .text.fclose   0x02013358       0x14 C:/devkitPro/devkitARM/bin/../lib/gcc/arm-none-eabi/15.1.0/../../../../arm-none-eabi/lib/thumb\libg.a(libc_a-fclose.o)
                0x02013358                fclose
 .text._fwrite_r
                0x0201336c       0x9c C:/devkitPro/devkitARM/bin/../lib/gcc/arm-none-eabi/15.1.0/../../../../arm-none-eabi/lib/thumb\libg.a(libc_a-fwrite.o)
                0x0201336c                _fwrite_r
 .text.fwrite   0x02013408       0x24 C:/devkitPro/devkitARM/bin/../lib/gcc/arm-none-eabi/15.1.0/../../../../arm-none-eabi/lib/thumb\libg.a(libc_a-fwrite.o)
                0x02013408                fwrite
 .text.strlen   0x0201342c       0x60 C:/devkitPro/devkitARM/bin/../lib/gcc/arm-none-eabi/15.1.0/../../../../arm-none-eabi/lib/thumb\libg.a(libc_a-strlen.o)
                0x0201342c                strlen
 .text.memcmp   0x0201348c       0x48 C:/devkitPro/devkitARM/bin/../lib/gcc/arm-none-eabi/15.1.0/../../../../arm-none-eabi/lib/thumb\libg.a(libc_a-memcmp.o)
                0x0201348c                memcmp
 .text.stdio_exit_handler
                0x020134d4       0x20 C:/devkitPro/devkitARM/bin/../lib/gcc/arm-none-eabi/15.1.0/../../../../arm-none-eabi/lib/thumb\libg.a(libc_a-findfp.o)
 .text.cleanup_stdio
                0x020134f4       0x40 C:/devkitPro/devkitARM/bin/../lib/gcc/arm-none-eabi/15.1.0/../../../../arm-none-eabi/lib/thumb\libg.a(libc_a-findfp.o)
 .text.global_stdio_init.part.0
                0x02013534      0x120 C:/devkitPro/devkitARM/bin/../lib/gcc/arm-none-eabi/15.1.0/../../../../arm-none-eabi/lib/thumb\libg.a(libc_a-findfp.o)
 .text.__sfp    0x02013654       0xcc C:/devkitPro/devkitARM/bin/../lib/gcc/arm-none-eabi/15.1.0/../../../../arm-none-eabi/lib/thumb\libg.a(libc_a-findfp.o)
                0x02013654                __sfp
 .text.__sinit  0x02013720       0x3c C:/devkitPro/devkitARM/bin/../lib/gcc/arm-none-eabi/15.1.0/../../../../arm-none-eabi/lib/thumb\libg.a(libc_a-findfp.o)
                0x02013720                __sinit
 .text.__sfp_lock_acquire
                0x0201375c       0x14 C:/devkitPro/devkitARM/bin/../lib/gcc/arm-none-eabi/15.1.0/../../../../arm-none-eabi/lib/thumb\libg.a(libc_a-findfp.o)
                0x0201375c                __sfp_lock_acquire
 .text.__sfp_lock_release
                0x02013770       0x14 C:/devkitPro/devkitARM/bin/../lib/gcc/arm-none-eabi/15.1.0/../../../../arm-none-eabi/lib/thumb\libg.a(libc_a-findfp.o)
                0x02013770                __sfp_lock_release
 .text.__libc_init_array
                0x02013784       0x54 C:/devkitPro/devkitARM/bin/../lib/gcc/arm-none-eabi/15.1.0/../../../../arm-none-eabi/lib/thumb\libg.a(libc_a-init.o)
                0x02013784                __libc_init_array
 .text._fwalk_sglue
                0x020137d8       0x4c C:/devkitPro/devkitARM/bin/../lib/gcc/arm-none-eabi/15.1.0/../../../../arm-none-eabi/lib/thumb\libg.a(libc_a-fwalk.o)
                0x020137d8                _fwalk_sglue
 .text.calloc   0x02013824       0x18 C:/devkitPro/devkitARM/bin/../lib/gcc/arm-none-eabi/15.1.0/../../../../arm-none-eabi/lib/thumb\libg.a(libc_a-calloc.o)
                0x02013824                calloc
 .text.siscanf  0x0201383c       0x50 C:/devkitPro/devkitARM/bin/../lib/gcc/arm-none-eabi/15.1.0/../../../../arm-none-eabi/lib/thumb\libg.a(libc_a-siscanf.o)
                0x0201383c                siscanf
 .text.strrchr  0x0201388c       0x30 C:/devkitPro/devkitARM/bin/../lib/gcc/arm-none-eabi/15.1.0/../../../../arm-none-eabi/lib/thumb\libg.a(libc_a-strrchr.o)
                0x0201388c                strrchr
 .text.aligned_alloc
                0x020138bc       0x18 C:/devkitPro/devkitARM/bin/../lib/gcc/arm-none-eabi/15.1.0/../../../../arm-none-eabi/lib/thumb\libg.a(libc_a-aligned_alloc.o)
                0x020138bc                aligned_alloc
 .text._calloc_r
                0x020138d4       0xcc C:/devkitPro/devkitARM/bin/../lib/gcc/arm-none-eabi/15.1.0/../../../../arm-none-eabi/lib/thumb\libg.a(libc_a-callocr.o)
                0x020138d4                _calloc_r
 .text.fgetc    0x020139a0       0x6c C:/devkitPro/devkitARM/bin/../lib/gcc/arm-none-eabi/15.1.0/../../../../arm-none-eabi/lib/thumb\libg.a(libc_a-fgetc.o)
                0x020139a0                fgetc
 .text.realloc  0x02013a0c       0x18 C:/devkitPro/devkitARM/bin/../lib/gcc/arm-none-eabi/15.1.0/../../../../arm-none-eabi/lib/thumb\libg.a(libc_a-realloc.o)
                0x02013a0c                realloc
 .text.validate_structure
                0x02013a24      0x1e8 C:/devkitPro/devkitARM/bin/../lib/gcc/arm-none-eabi/15.1.0/../../../../arm-none-eabi/lib/thumb\libg.a(libc_a-mktime.o)
 .text.mktime   0x02013c0c      0x434 C:/devkitPro/devkitARM/bin/../lib/gcc/arm-none-eabi/15.1.0/../../../../arm-none-eabi/lib/thumb\libg.a(libc_a-mktime.o)
                0x02013c0c                mktime
 .text._fseek_r
                0x02014040       0x14 C:/devkitPro/devkitARM/bin/../lib/gcc/arm-none-eabi/15.1.0/../../../../arm-none-eabi/lib/thumb\libg.a(libc_a-fseek.o)
                0x02014040                _fseek_r
 .text.fseek    0x02014054       0x24 C:/devkitPro/devkitARM/bin/../lib/gcc/arm-none-eabi/15.1.0/../../../../arm-none-eabi/lib/thumb\libg.a(libc_a-fseek.o)
                0x02014054                fseek
 .text.__tz_lock
                0x02014078       0x14 C:/devkitPro/devkitARM/bin/../lib/gcc/arm-none-eabi/15.1.0/../../../../arm-none-eabi/lib/thumb\libg.a(libc_a-tzlock.o)
                0x02014078                __tz_lock
 .text.__tz_unlock
                0x0201408c       0x14 C:/devkitPro/devkitARM/bin/../lib/gcc/arm-none-eabi/15.1.0/../../../../arm-none-eabi/lib/thumb\libg.a(libc_a-tzlock.o)
                0x0201408c                __tz_unlock
 .text._malloc_r
                0x020140a0      0x550 C:/devkitPro/devkitARM/bin/../lib/gcc/arm-none-eabi/15.1.0/../../../../arm-none-eabi/lib/thumb\libg.a(libc_a-mallocr.o)
                0x020140a0                _malloc_r
 .text.strcasecmp
                0x020145f0       0x4c C:/devkitPro/devkitARM/bin/../lib/gcc/arm-none-eabi/15.1.0/../../../../arm-none-eabi/lib/thumb\libg.a(libc_a-strcasecmp.o)
                0x020145f0                strcasecmp
 .text.strcpy   0x0201463c       0x10 C:/devkitPro/devkitARM/bin/../lib/gcc/arm-none-eabi/15.1.0/../../../../arm-none-eabi/lib/thumb\libg.a(libc_a-strcpy.o)
                0x0201463c                strcpy
 .text._malloc_trim_r
                0x0201464c       0xac C:/devkitPro/devkitARM/bin/../lib/gcc/arm-none-eabi/15.1.0/../../../../arm-none-eabi/lib/thumb\libg.a(libc_a-freer.o)
                0x0201464c                _malloc_trim_r
 .text._free_r  0x020146f8      0x1d8 C:/devkitPro/devkitARM/bin/../lib/gcc/arm-none-eabi/15.1.0/../../../../arm-none-eabi/lib/thumb\libg.a(libc_a-freer.o)
                0x020146f8                _free_r
 .text.snprintf
                0x020148d0       0x64 C:/devkitPro/devkitARM/bin/../lib/gcc/arm-none-eabi/15.1.0/../../../../arm-none-eabi/lib/thumb\libg.a(libc_a-snprintf.o)
                0x020148d0                snprintf
 .text.get_arg  0x02014934      0x404 C:/devkitPro/devkitARM/bin/../lib/gcc/arm-none-eabi/15.1.0/../../../../arm-none-eabi/lib/thumb\libg.a(libc_a-svfprintf.o)
 .text._svfprintf_r
                0x02014d38     0x22d8 C:/devkitPro/devkitARM/bin/../lib/gcc/arm-none-eabi/15.1.0/../../../../arm-none-eabi/lib/thumb\libg.a(libc_a-svfprintf.o)
                0x02014d38                _svfprintf_r
 .text.printf   0x02017010       0x28 C:/devkitPro/devkitARM/bin/../lib/gcc/arm-none-eabi/15.1.0/../../../../arm-none-eabi/lib/thumb\libg.a(libc_a-printf.o)
                0x02017010                printf
 .text.strnlen  0x02017038       0x20 C:/devkitPro/devkitARM/bin/../lib/gcc/arm-none-eabi/15.1.0/../../../../arm-none-eabi/lib/thumb\libg.a(libc_a-strnlen.o)
                0x02017038                strnlen
 .text.stpcpy   0x02017058       0x4c C:/devkitPro/devkitARM/bin/../lib/gcc/arm-none-eabi/15.1.0/../../../../arm-none-eabi/lib/thumb\libg.a(libc_a-stpcpy.o)
                0x02017058                stpcpy
 .text.malloc   0x020170a4       0x28 C:/devkitPro/devkitARM/bin/../lib/gcc/arm-none-eabi/15.1.0/../../../../arm-none-eabi/lib/thumb\libg.a(libc_a-malloc.o)
                0x020170a4                malloc
 .text.free     0x020170cc       0x14 C:/devkitPro/devkitARM/bin/../lib/gcc/arm-none-eabi/15.1.0/../../../../arm-none-eabi/lib/thumb\libg.a(libc_a-malloc.o)
                0x020170cc                free
 .text.__sflush_r
                0x020170e0      0x180 C:/devkitPro/devkitARM/bin/../lib/gcc/arm-none-eabi/15.1.0/../../../../arm-none-eabi/lib/thumb\libg.a(libc_a-fflush.o)
                0x020170e0                __sflush_r
 .text._fflush_r
                0x02017260       0x70 C:/devkitPro/devkitARM/bin/../lib/gcc/arm-none-eabi/15.1.0/../../../../arm-none-eabi/lib/thumb\libg.a(libc_a-fflush.o)
                0x02017260                _fflush_r
 .text.time     0x020172d0       0x38 C:/devkitPro/devkitARM/bin/../lib/gcc/arm-none-eabi/15.1.0/../../../../arm-none-eabi/lib/thumb\libg.a(libc_a-time.o)
                0x020172d0                time
 .text.memset   0x02017308       0x8c C:/devkitPro/devkitARM/bin/../lib/gcc/arm-none-eabi/15.1.0/../../../../arm-none-eabi/lib/thumb\libg.a(libc_a-memset.o)
                0x02017308                memset
 .text._realloc_r
                0x02017394      0x344 C:/devkitPro/devkitARM/bin/../lib/gcc/arm-none-eabi/15.1.0/../../../../arm-none-eabi/lib/thumb\libg.a(libc_a-reallocr.o)
                0x02017394                _realloc_r
 .text.localtime_r
                0x020176d8      0x228 C:/devkitPro/devkitARM/bin/../lib/gcc/arm-none-eabi/15.1.0/../../../../arm-none-eabi/lib/thumb\libg.a(libc_a-lcltime_r.o)
                0x020176d8                localtime_r
 .text._fread_r
                0x02017900      0x228 C:/devkitPro/devkitARM/bin/../lib/gcc/arm-none-eabi/15.1.0/../../../../arm-none-eabi/lib/thumb\libg.a(libc_a-fread.o)
                0x02017900                _fread_r
 .text.fread    0x02017b28       0x24 C:/devkitPro/devkitARM/bin/../lib/gcc/arm-none-eabi/15.1.0/../../../../arm-none-eabi/lib/thumb\libg.a(libc_a-fread.o)
                0x02017b28                fread
 .text.__malloc_lock
                0x02017b4c       0x14 C:/devkitPro/devkitARM/bin/../lib/gcc/arm-none-eabi/15.1.0/../../../../arm-none-eabi/lib/thumb\libg.a(libc_a-mlock.o)
                0x02017b4c                __malloc_lock
 .text.__malloc_unlock
                0x02017b60       0x14 C:/devkitPro/devkitARM/bin/../lib/gcc/arm-none-eabi/15.1.0/../../../../arm-none-eabi/lib/thumb\libg.a(libc_a-mlock.o)
                0x02017b60                __malloc_unlock
 .text.__tzcalc_limits
                0x02017b74      0x1ac C:/devkitPro/devkitARM/bin/../lib/gcc/arm-none-eabi/15.1.0/../../../../arm-none-eabi/lib/thumb\libg.a(libc_a-tzcalc_limits.o)
                0x02017b74                __tzcalc_limits
 .text.fputc    0x02017d20       0x5c C:/devkitPro/devkitARM/bin/../lib/gcc/arm-none-eabi/15.1.0/../../../../arm-none-eabi/lib/thumb\libg.a(libc_a-fputc.o)
                0x02017d20                fputc
 .text          0x02017d7c      0x224 C:/devkitPro/devkitARM/bin/../lib/gcc/arm-none-eabi/15.1.0/../../../../arm-none-eabi/lib/thumb\libg.a(libc_a-strcmp.o)
                0x02017d7c                strcmp
 .text.__call_exitprocs
                0x02017fa0        0xc C:/devkitPro/devkitARM/bin/../lib/gcc/arm-none-eabi/15.1.0/../../../../arm-none-eabi/lib/thumb\libg.a(libc_a-exit.o)
                0x02017fa0                __call_exitprocs
 .text.setvbuf  0x02017fac      0x1ac C:/devkitPro/devkitARM/bin/../lib/gcc/arm-none-eabi/15.1.0/../../../../arm-none-eabi/lib/thumb\libg.a(libc_a-setvbuf.o)
                0x02017fac                setvbuf
 .text._fopen_r
                0x02018158       0xb4 C:/devkitPro/devkitARM/bin/../lib/gcc/arm-none-eabi/15.1.0/../../../../arm-none-eabi/lib/thumb\libg.a(libc_a-fopen.o)
                0x02018158                _fopen_r
 .text.fopen    0x0201820c       0x18 C:/devkitPro/devkitARM/bin/../lib/gcc/arm-none-eabi/15.1.0/../../../../arm-none-eabi/lib/thumb\libg.a(libc_a-fopen.o)
                0x0201820c                fopen
 .text.__srget_r
                0x02018224       0x3c C:/devkitPro/devkitARM/bin/../lib/gcc/arm-none-eabi/15.1.0/../../../../arm-none-eabi/lib/thumb\libg.a(libc_a-rget.o)
                0x02018224                __srget_r
 .text.strncpy  0x02018260       0x68 C:/devkitPro/devkitARM/bin/../lib/gcc/arm-none-eabi/15.1.0/../../../../arm-none-eabi/lib/thumb\libg.a(libc_a-strncpy.o)
                0x02018260                strncpy
 .text.ftell    0x020182c8       0x24 C:/devkitPro/devkitARM/bin/../lib/gcc/arm-none-eabi/15.1.0/../../../../arm-none-eabi/lib/thumb\libg.a(libc_a-ftell.o)
                0x020182c8                ftell
 .text.memcpy   0x020182ec       0xb0 C:/devkitPro/devkitARM/bin/../lib/gcc/arm-none-eabi/15.1.0/../../../../arm-none-eabi/lib/thumb\libg.a(libc_a-memcpy-stub.o)
                0x020182ec                memcpy
 .text._wcsrtombs_r
                0x0201839c       0x20 C:/devkitPro/devkitARM/bin/../lib/gcc/arm-none-eabi/15.1.0/../../../../arm-none-eabi/lib/thumb\libg.a(libc_a-wcsrtombs.o)
                0x0201839c                _wcsrtombs_r
 .text.iprintf  0x020183bc       0x28 C:/devkitPro/devkitARM/bin/../lib/gcc/arm-none-eabi/15.1.0/../../../../arm-none-eabi/lib/thumb\libg.a(libc_a-iprintf.o)
                0x020183bc                iprintf
 .text.write    0x020183e4       0x1c C:/devkitPro/devkitARM/bin/../lib/gcc/arm-none-eabi/15.1.0/../../../../arm-none-eabi/lib/thumb\libg.a(libc_a-syswrite.o)
                0x020183e4                write
 .text.frexp    0x02018400       0x74 C:/devkitPro/devkitARM/bin/../lib/gcc/arm-none-eabi/15.1.0/../../../../arm-none-eabi/lib/thumb\libg.a(libm_a-s_frexp.o)
                0x02018400                frexp
 .text.__sfvwrite_r
                0x02018474      0x31c C:/devkitPro/devkitARM/bin/../lib/gcc/arm-none-eabi/15.1.0/../../../../arm-none-eabi/lib/thumb\libg.a(libc_a-fvwrite.o)
                0x02018474                __sfvwrite_r
 .text.__sread  0x02018790       0x34 C:/devkitPro/devkitARM/bin/../lib/gcc/arm-none-eabi/15.1.0/../../../../arm-none-eabi/lib/thumb\libg.a(libc_a-stdio.o)
                0x02018790                __sread
 .text.__seofread
                0x020187c4        0x4 C:/devkitPro/devkitARM/bin/../lib/gcc/arm-none-eabi/15.1.0/../../../../arm-none-eabi/lib/thumb\libg.a(libc_a-stdio.o)
                0x020187c4                __seofread
 .text.__swrite
                0x020187c8       0x4c C:/devkitPro/devkitARM/bin/../lib/gcc/arm-none-eabi/15.1.0/../../../../arm-none-eabi/lib/thumb\libg.a(libc_a-stdio.o)
                0x020187c8                __swrite
 .text.__sseek  0x02018814       0x3c C:/devkitPro/devkitARM/bin/../lib/gcc/arm-none-eabi/15.1.0/../../../../arm-none-eabi/lib/thumb\libg.a(libc_a-stdio.o)
                0x02018814                __sseek
 .text.__sclose
                0x02018850       0x10 C:/devkitPro/devkitARM/bin/../lib/gcc/arm-none-eabi/15.1.0/../../../../arm-none-eabi/lib/thumb\libg.a(libc_a-stdio.o)
                0x02018850                __sclose
 .text.memmove  0x02018860       0xcc C:/devkitPro/devkitARM/bin/../lib/gcc/arm-none-eabi/15.1.0/../../../../arm-none-eabi/lib/thumb\libg.a(libc_a-memmove.o)
                0x02018860                memmove
 .text.__locale_mb_cur_max
                0x0201892c       0x20 C:/devkitPro/devkitARM/bin/../lib/gcc/arm-none-eabi/15.1.0/../../../../arm-none-eabi/lib/thumb\libg.a(libc_a-locale.o)
                0x0201892c                __locale_mb_cur_max
 .text.__ssprint_r
                0x0201894c       0x60 C:/devkitPro/devkitARM/bin/../lib/gcc/arm-none-eabi/15.1.0/../../../../arm-none-eabi/lib/thumb\libg.a(libc_a-ssprint_r.o)
                0x0201894c                __ssprint_r
 .text.gmtime_r
                0x020189ac      0x1b4 C:/devkitPro/devkitARM/bin/../lib/gcc/arm-none-eabi/15.1.0/../../../../arm-none-eabi/lib/thumb\libg.a(libc_a-gmtime_r.o)
                0x020189ac                gmtime_r
 .text.get_arg  0x02018b60      0x404 C:/devkitPro/devkitARM/bin/../lib/gcc/arm-none-eabi/15.1.0/../../../../arm-none-eabi/lib/thumb\libg.a(libc_a-vfiprintf.o)
 .text._vfiprintf_r
                0x02018f64     0x16d0 C:/devkitPro/devkitARM/bin/../lib/gcc/arm-none-eabi/15.1.0/../../../../arm-none-eabi/lib/thumb\libg.a(libc_a-vfiprintf.o)
                0x02018f64                _vfiprintf_r
 .text.__sbprintf
                0x0201a634       0x7c C:/devkitPro/devkitARM/bin/../lib/gcc/arm-none-eabi/15.1.0/../../../../arm-none-eabi/lib/thumb\libg.a(libc_a-vfiprintf.o)
 .text._memalign_r
                0x0201a6b0      0x118 C:/devkitPro/devkitARM/bin/../lib/gcc/arm-none-eabi/15.1.0/../../../../arm-none-eabi/lib/thumb\libg.a(libc_a-malignr.o)
                0x0201a6b0                _memalign_r
 .text.div      0x0201a7c8       0x18 C:/devkitPro/devkitARM/bin/../lib/gcc/arm-none-eabi/15.1.0/../../../../arm-none-eabi/lib/thumb\libg.a(libc_a-div.o)
                0x0201a7c8                div
 .text._wcsnrtombs_l
                0x0201a7e0      0x11c C:/devkitPro/devkitARM/bin/../lib/gcc/arm-none-eabi/15.1.0/../../../../arm-none-eabi/lib/thumb\libg.a(libc_a-wcsnrtombs.o)
                0x0201a7e0                _wcsnrtombs_l
 .text._wcsnrtombs_r
                0x0201a8fc       0x40 C:/devkitPro/devkitARM/bin/../lib/gcc/arm-none-eabi/15.1.0/../../../../arm-none-eabi/lib/thumb\libg.a(libc_a-wcsnrtombs.o)
                0x0201a8fc                _wcsnrtombs_r
 .text.get_arg  0x0201a93c       0x3e C:/devkitPro/devkitARM/bin/../lib/gcc/arm-none-eabi/15.1.0/../../../../arm-none-eabi/lib/thumb\libg.a(libc_a-svfiscanf.o)
 .text._sungetc_r
                0x0201a97a       0x7e C:/devkitPro/devkitARM/bin/../lib/gcc/arm-none-eabi/15.1.0/../../../../arm-none-eabi/lib/thumb\libg.a(libc_a-svfiscanf.o)
                0x0201a97a                _sungetc_r
 .text.__ssrefill_r
                0x0201a9f8       0x42 C:/devkitPro/devkitARM/bin/../lib/gcc/arm-none-eabi/15.1.0/../../../../arm-none-eabi/lib/thumb\libg.a(libc_a-svfiscanf.o)
                0x0201a9f8                __ssrefill_r
 .text._sfread_r
                0x0201aa3a       0x88 C:/devkitPro/devkitARM/bin/../lib/gcc/arm-none-eabi/15.1.0/../../../../arm-none-eabi/lib/thumb\libg.a(libc_a-svfiscanf.o)
                0x0201aa3a                _sfread_r
 *fill*         0x0201aac2        0x2 ff
 .text.__ssvfiscanf_r
                0x0201aac4     0x1984 C:/devkitPro/devkitARM/bin/../lib/gcc/arm-none-eabi/15.1.0/../../../../arm-none-eabi/lib/thumb\libg.a(libc_a-svfiscanf.o)
                0x0201aac4                __ssvfiscanf_r
 .text._putc_r  0x0201c448       0x88 C:/devkitPro/devkitARM/bin/../lib/gcc/arm-none-eabi/15.1.0/../../../../arm-none-eabi/lib/thumb\libg.a(libc_a-putc.o)
                0x0201c448                _putc_r
 .text._strtoul_l.isra.0
                0x0201c4d0      0x150 C:/devkitPro/devkitARM/bin/../lib/gcc/arm-none-eabi/15.1.0/../../../../arm-none-eabi/lib/thumb\libg.a(libc_a-strtoul.o)
 .text._strtoul_r
                0x0201c620       0x20 C:/devkitPro/devkitARM/bin/../lib/gcc/arm-none-eabi/15.1.0/../../../../arm-none-eabi/lib/thumb\libg.a(libc_a-strtoul.o)
                0x0201c620                _strtoul_r
 .text.strtoul  0x0201c640       0x24 C:/devkitPro/devkitARM/bin/../lib/gcc/arm-none-eabi/15.1.0/../../../../arm-none-eabi/lib/thumb\libg.a(libc_a-strtoul.o)
                0x0201c640                strtoul
 .text.__utf8_mbtowc
                0x0201c664      0x24c C:/devkitPro/devkitARM/bin/../lib/gcc/arm-none-eabi/15.1.0/../../../../arm-none-eabi/lib/thumb\libg.a(libc_a-mbtowc_r.o)
                0x0201c664                __utf8_mbtowc
 .text._fseeko_r
                0x0201c8b0      0x414 C:/devkitPro/devkitARM/bin/../lib/gcc/arm-none-eabi/15.1.0/../../../../arm-none-eabi/lib/thumb\libg.a(libc_a-fseeko.o)
                0x0201c8b0                _fseeko_r
 .text._tzset_unlocked
                0x0201ccc4       0x10 C:/devkitPro/devkitARM/bin/../lib/gcc/arm-none-eabi/15.1.0/../../../../arm-none-eabi/lib/thumb\libg.a(libc_a-tzset.o)
                0x0201ccc4                _tzset_unlocked
 .text.__sprint_r
                0x0201ccd4       0x24 C:/devkitPro/devkitARM/bin/../lib/gcc/arm-none-eabi/15.1.0/../../../../arm-none-eabi/lib/thumb\libg.a(libc_a-sprint_r.o)
                0x0201ccd4                __sprint_r
 .text.iswspace
                0x0201ccf8       0x10 C:/devkitPro/devkitARM/bin/../lib/gcc/arm-none-eabi/15.1.0/../../../../arm-none-eabi/lib/thumb\libg.a(libc_a-iswspace.o)
                0x0201ccf8                iswspace
 .text.__gettzinfo
                0x0201cd08        0x8 C:/devkitPro/devkitARM/bin/../lib/gcc/arm-none-eabi/15.1.0/../../../../arm-none-eabi/lib/thumb\libg.a(libc_a-gettzinfo.o)
                0x0201cd08                __gettzinfo
 .text._localeconv_r
                0x0201cd10       0x1c C:/devkitPro/devkitARM/bin/../lib/gcc/arm-none-eabi/15.1.0/../../../../arm-none-eabi/lib/thumb\libg.a(libc_a-localeconv.o)
                0x0201cd10                _localeconv_r
 .text.get_arg  0x0201cd2c      0x404 C:/devkitPro/devkitARM/bin/../lib/gcc/arm-none-eabi/15.1.0/../../../../arm-none-eabi/lib/thumb\libg.a(libc_a-vfprintf.o)
 .text._vfprintf_r
                0x0201d130     0x2390 C:/devkitPro/devkitARM/bin/../lib/gcc/arm-none-eabi/15.1.0/../../../../arm-none-eabi/lib/thumb\libg.a(libc_a-vfprintf.o)
                0x0201d130                _vfprintf_r
 .text.__sbprintf
                0x0201f4c0       0x7c C:/devkitPro/devkitARM/bin/../lib/gcc/arm-none-eabi/15.1.0/../../../../arm-none-eabi/lib/thumb\libg.a(libc_a-vfprintf.o)
 .text.memchr   0x0201f53c       0x74 C:/devkitPro/devkitARM/bin/../lib/gcc/arm-none-eabi/15.1.0/../../../../arm-none-eabi/lib/thumb\libg.a(libc_a-memchr-stub.o)
                0x0201f53c                memchr
 .text.quorem   0x0201f5b0      0x160 C:/devkitPro/devkitARM/bin/../lib/gcc/arm-none-eabi/15.1.0/../../../../arm-none-eabi/lib/thumb\libg.a(libc_a-dtoa.o)
 .text._dtoa_r  0x0201f710     0x10b0 C:/devkitPro/devkitARM/bin/../lib/gcc/arm-none-eabi/15.1.0/../../../../arm-none-eabi/lib/thumb\libg.a(libc_a-dtoa.o)
                0x0201f710                _dtoa_r
 .text._wcrtomb_r
                0x020207c0       0x84 C:/devkitPro/devkitARM/bin/../lib/gcc/arm-none-eabi/15.1.0/../../../../arm-none-eabi/lib/thumb\libg.a(libc_a-wcrtomb.o)
                0x020207c0                _wcrtomb_r
 .text.__sflags
                0x02020844       0x98 C:/devkitPro/devkitARM/bin/../lib/gcc/arm-none-eabi/15.1.0/../../../../arm-none-eabi/lib/thumb\libg.a(libc_a-flags.o)
                0x02020844                __sflags
 .text._strtol_l.part.0
                0x020208dc      0x25c C:/devkitPro/devkitARM/bin/../lib/gcc/arm-none-eabi/15.1.0/../../../../arm-none-eabi/lib/thumb\libg.a(libc_a-strtol.o)
 .text._strtol_r
                0x02020b38       0x34 C:/devkitPro/devkitARM/bin/../lib/gcc/arm-none-eabi/15.1.0/../../../../arm-none-eabi/lib/thumb\libg.a(libc_a-strtol.o)
                0x02020b38                _strtol_r
 .text.__libc_fini_array
                0x02020b6c       0x30 C:/devkitPro/devkitARM/bin/../lib/gcc/arm-none-eabi/15.1.0/../../../../arm-none-eabi/lib/thumb\libg.a(libc_a-fini.o)
                0x02020b6c                __libc_fini_array
 .text._tzset_unlocked_r
                0x02020b9c      0x490 C:/devkitPro/devkitARM/bin/../lib/gcc/arm-none-eabi/15.1.0/../../../../arm-none-eabi/lib/thumb\libg.a(libc_a-tzset_r.o)
                0x02020b9c                _tzset_unlocked_r
 .text.__sccl   0x0202102c       0xb0 C:/devkitPro/devkitARM/bin/../lib/gcc/arm-none-eabi/15.1.0/../../../../arm-none-eabi/lib/thumb\libg.a(libc_a-sccl.o)
                0x0202102c                __sccl
 .text.lflush   0x020210dc       0x24 C:/devkitPro/devkitARM/bin/../lib/gcc/arm-none-eabi/15.1.0/../../../../arm-none-eabi/lib/thumb\libg.a(libc_a-refill.o)
 .text.__srefill_r
                0x02021100      0x108 C:/devkitPro/devkitARM/bin/../lib/gcc/arm-none-eabi/15.1.0/../../../../arm-none-eabi/lib/thumb\libg.a(libc_a-refill.o)
                0x02021100                __srefill_r
 .text.__smakebuf_r
                0x02021208       0xe0 C:/devkitPro/devkitARM/bin/../lib/gcc/arm-none-eabi/15.1.0/../../../../arm-none-eabi/lib/thumb\libg.a(libc_a-makebuf.o)
                0x02021208                __smakebuf_r
 .text.__swhatbuf_r
                0x020212e8       0x5c C:/devkitPro/devkitARM/bin/../lib/gcc/arm-none-eabi/15.1.0/../../../../arm-none-eabi/lib/thumb\libg.a(libc_a-makebuf.o)
                0x020212e8                __swhatbuf_r
 .text._findenv_r
                0x02021344       0x94 C:/devkitPro/devkitARM/bin/../lib/gcc/arm-none-eabi/15.1.0/../../../../arm-none-eabi/lib/thumb\libg.a(libc_a-getenv_r.o)
                0x02021344                _findenv_r
 .text._getenv_r
                0x020213d8       0x10 C:/devkitPro/devkitARM/bin/../lib/gcc/arm-none-eabi/15.1.0/../../../../arm-none-eabi/lib/thumb\libg.a(libc_a-getenv_r.o)
                0x020213d8                _getenv_r
 .text.__ssputs_r
                0x020213e8       0xd4 C:/devkitPro/devkitARM/bin/../lib/gcc/arm-none-eabi/15.1.0/../../../../arm-none-eabi/lib/thumb\libg.a(libc_a-ssputs_r.o)
                0x020213e8                __ssputs_r
 .text._ftello_r
                0x020214bc      0x124 C:/devkitPro/devkitARM/bin/../lib/gcc/arm-none-eabi/15.1.0/../../../../arm-none-eabi/lib/thumb\libg.a(libc_a-ftello.o)
                0x020214bc                _ftello_r
 .text.__utf8_wctomb
                0x020215e0       0xbc C:/devkitPro/devkitARM/bin/../lib/gcc/arm-none-eabi/15.1.0/../../../../arm-none-eabi/lib/thumb\libg.a(libc_a-wctomb_r.o)
                0x020215e0                __utf8_wctomb
 .text._strtoull_l.isra.0
                0x0202169c      0x1c0 C:/devkitPro/devkitARM/bin/../lib/gcc/arm-none-eabi/15.1.0/../../../../arm-none-eabi/lib/thumb\libg.a(libc_a-strtoull.o)
 .text._strtoull_r
                0x0202185c       0x20 C:/devkitPro/devkitARM/bin/../lib/gcc/arm-none-eabi/15.1.0/../../../../arm-none-eabi/lib/thumb\libg.a(libc_a-strtoull.o)
                0x0202185c                _strtoull_r
 .text._mbrtowc_r
                0x0202187c       0x98 C:/devkitPro/devkitARM/bin/../lib/gcc/arm-none-eabi/15.1.0/../../../../arm-none-eabi/lib/thumb\libg.a(libc_a-mbrtowc.o)
                0x0202187c                _mbrtowc_r
 .text.__swsetup_r
                0x02021914       0xd4 C:/devkitPro/devkitARM/bin/../lib/gcc/arm-none-eabi/15.1.0/../../../../arm-none-eabi/lib/thumb\libg.a(libc_a-wsetup.o)
                0x02021914                __swsetup_r
 .text.strncmp  0x020219e8       0x70 C:/devkitPro/devkitARM/bin/../lib/gcc/arm-none-eabi/15.1.0/../../../../arm-none-eabi/lib/thumb\libg.a(libc_a-strncmp.o)
                0x020219e8                strncmp
 .text.__env_lock
                0x02021a58       0x14 C:/devkitPro/devkitARM/bin/../lib/gcc/arm-none-eabi/15.1.0/../../../../arm-none-eabi/lib/thumb\libg.a(libc_a-envlock.o)
                0x02021a58                __env_lock
 .text.__env_unlock
                0x02021a6c       0x14 C:/devkitPro/devkitARM/bin/../lib/gcc/arm-none-eabi/15.1.0/../../../../arm-none-eabi/lib/thumb\libg.a(libc_a-envlock.o)
                0x02021a6c                __env_unlock
 .text.__assert_func
                0x02021a80       0x40 C:/devkitPro/devkitARM/bin/../lib/gcc/arm-none-eabi/15.1.0/../../../../arm-none-eabi/lib/thumb\libg.a(libc_a-assert.o)
                0x02021a80                __assert_func
 .text.iswspace_l
                0x02021ac0       0x28 C:/devkitPro/devkitARM/bin/../lib/gcc/arm-none-eabi/15.1.0/../../../../arm-none-eabi/lib/thumb\libg.a(libc_a-iswspace_l.o)
                0x02021ac0                iswspace_l
 .text._Balloc  0x02021ae8       0x5c C:/devkitPro/devkitARM/bin/../lib/gcc/arm-none-eabi/15.1.0/../../../../arm-none-eabi/lib/thumb\libg.a(libc_a-mprec.o)
                0x02021ae8                _Balloc
 .text._Bfree   0x02021b44       0x14 C:/devkitPro/devkitARM/bin/../lib/gcc/arm-none-eabi/15.1.0/../../../../arm-none-eabi/lib/thumb\libg.a(libc_a-mprec.o)
                0x02021b44                _Bfree
 .text.__multadd
                0x02021b58       0xa8 C:/devkitPro/devkitARM/bin/../lib/gcc/arm-none-eabi/15.1.0/../../../../arm-none-eabi/lib/thumb\libg.a(libc_a-mprec.o)
                0x02021b58                __multadd
 .text.__hi0bits
                0x02021c00       0x60 C:/devkitPro/devkitARM/bin/../lib/gcc/arm-none-eabi/15.1.0/../../../../arm-none-eabi/lib/thumb\libg.a(libc_a-mprec.o)
                0x02021c00                __hi0bits
 .text.__lo0bits
                0x02021c60       0x8c C:/devkitPro/devkitARM/bin/../lib/gcc/arm-none-eabi/15.1.0/../../../../arm-none-eabi/lib/thumb\libg.a(libc_a-mprec.o)
                0x02021c60                __lo0bits
 .text.__i2b    0x02021cec       0x64 C:/devkitPro/devkitARM/bin/../lib/gcc/arm-none-eabi/15.1.0/../../../../arm-none-eabi/lib/thumb\libg.a(libc_a-mprec.o)
                0x02021cec                __i2b
 .text.__multiply
                0x02021d50      0x1b4 C:/devkitPro/devkitARM/bin/../lib/gcc/arm-none-eabi/15.1.0/../../../../arm-none-eabi/lib/thumb\libg.a(libc_a-mprec.o)
                0x02021d50                __multiply
 .text.__pow5mult
                0x02021f04       0xd8 C:/devkitPro/devkitARM/bin/../lib/gcc/arm-none-eabi/15.1.0/../../../../arm-none-eabi/lib/thumb\libg.a(libc_a-mprec.o)
                0x02021f04                __pow5mult
 .text.__lshift
                0x02021fdc       0xf8 C:/devkitPro/devkitARM/bin/../lib/gcc/arm-none-eabi/15.1.0/../../../../arm-none-eabi/lib/thumb\libg.a(libc_a-mprec.o)
                0x02021fdc                __lshift
 .text.__mcmp   0x020220d4       0x50 C:/devkitPro/devkitARM/bin/../lib/gcc/arm-none-eabi/15.1.0/../../../../arm-none-eabi/lib/thumb\libg.a(libc_a-mprec.o)
                0x020220d4                __mcmp
 .text.__mdiff  0x02022124      0x1a4 C:/devkitPro/devkitARM/bin/../lib/gcc/arm-none-eabi/15.1.0/../../../../arm-none-eabi/lib/thumb\libg.a(libc_a-mprec.o)
                0x02022124                __mdiff
 .text.__d2b    0x020222c8       0xd4 C:/devkitPro/devkitARM/bin/../lib/gcc/arm-none-eabi/15.1.0/../../../../arm-none-eabi/lib/thumb\libg.a(libc_a-mprec.o)
                0x020222c8                __d2b
 .text._strtoll_l.isra.0
                0x0202239c      0x300 C:/devkitPro/devkitARM/bin/../lib/gcc/arm-none-eabi/15.1.0/../../../../arm-none-eabi/lib/thumb\libg.a(libc_a-strtoll.o)
 .text._strtoll_r
                0x0202269c       0x20 C:/devkitPro/devkitARM/bin/../lib/gcc/arm-none-eabi/15.1.0/../../../../arm-none-eabi/lib/thumb\libg.a(libc_a-strtoll.o)
                0x0202269c                _strtoll_r
 .text.__submore
                0x020226bc       0x7c C:/devkitPro/devkitARM/bin/../lib/gcc/arm-none-eabi/15.1.0/../../../../arm-none-eabi/lib/thumb\libg.a(libc_a-ungetc.o)
                0x020226bc                __submore
 .text.fiprintf
                0x02022738       0x28 C:/devkitPro/devkitARM/bin/../lib/gcc/arm-none-eabi/15.1.0/../../../../arm-none-eabi/lib/thumb\libg.a(libc_a-fiprintf.o)
                0x02022738                fiprintf
 .text.__swbuf_r
                0x02022760       0x98 C:/devkitPro/devkitARM/bin/../lib/gcc/arm-none-eabi/15.1.0/../../../../arm-none-eabi/lib/thumb\libg.a(libc_a-wbuf.o)
                0x02022760                __swbuf_r
 .text.abort    0x020227f8       0x10 C:/devkitPro/devkitARM/bin/../lib/gcc/arm-none-eabi/15.1.0/../../../../arm-none-eabi/lib/thumb\libg.a(libc_a-abort.o)
                0x020227f8                abort
 .text.category
                0x02022808       0x5c C:/devkitPro/devkitARM/bin/../lib/gcc/arm-none-eabi/15.1.0/../../../../arm-none-eabi/lib/thumb\libg.a(libc_a-categories.o)
                0x02022808                category
 .text._raise_r
                0x02022864       0x60 C:/devkitPro/devkitARM/bin/../lib/gcc/arm-none-eabi/15.1.0/../../../../arm-none-eabi/lib/thumb\libg.a(libc_a-signal.o)
                0x02022864                _raise_r
 .text.raise    0x020228c4       0x14 C:/devkitPro/devkitARM/bin/../lib/gcc/arm-none-eabi/15.1.0/../../../../arm-none-eabi/lib/thumb\libg.a(libc_a-signal.o)
                0x020228c4                raise
 .text._exit    0x020228d8       0x14 C:/devkitPro/devkitARM/bin/../lib/gcc/arm-none-eabi/15.1.0/../../../../arm-none-eabi/lib/thumb\libsysbase.a(libsysbase_libsysbase_a-_exit.o)
                0x020228d8                _exit
 .text.chdir    0x020228ec       0xe4 C:/devkitPro/devkitARM/bin/../lib/gcc/arm-none-eabi/15.1.0/../../../../arm-none-eabi/lib/thumb\libsysbase.a(libsysbase_libsysbase_a-chdir.o)
                0x020228ec                chdir
 .text._concatenate_path
                0x020229d0      0x134 C:/devkitPro/devkitARM/bin/../lib/gcc/arm-none-eabi/15.1.0/../../../../arm-none-eabi/lib/thumb\libsysbase.a(libsysbase_libsysbase_a-concatenate.o)
                0x020229d0                _concatenate_path
 .text.__dirnext
                0x02022b04       0x4c C:/devkitPro/devkitARM/bin/../lib/gcc/arm-none-eabi/15.1.0/../../../../arm-none-eabi/lib/thumb\libsysbase.a(libsysbase_libsysbase_a-dirent.o)
 .text.__dirreset.isra.0
                0x02022b50       0x44 C:/devkitPro/devkitARM/bin/../lib/gcc/arm-none-eabi/15.1.0/../../../../arm-none-eabi/lib/thumb\libsysbase.a(libsysbase_libsysbase_a-dirent.o)
 .text.opendir  0x02022b94       0xc0 C:/devkitPro/devkitARM/bin/../lib/gcc/arm-none-eabi/15.1.0/../../../../arm-none-eabi/lib/thumb\libsysbase.a(libsysbase_libsysbase_a-dirent.o)
                0x02022b94                opendir
 .text.closedir
                0x02022c54       0x70 C:/devkitPro/devkitARM/bin/../lib/gcc/arm-none-eabi/15.1.0/../../../../arm-none-eabi/lib/thumb\libsysbase.a(libsysbase_libsysbase_a-dirent.o)
                0x02022c54                closedir
 .text.readdir_r
                0x02022cc4       0x8c C:/devkitPro/devkitARM/bin/../lib/gcc/arm-none-eabi/15.1.0/../../../../arm-none-eabi/lib/thumb\libsysbase.a(libsysbase_libsysbase_a-dirent.o)
                0x02022cc4                readdir_r
 .text.readdir  0x02022d50       0x28 C:/devkitPro/devkitARM/bin/../lib/gcc/arm-none-eabi/15.1.0/../../../../arm-none-eabi/lib/thumb\libsysbase.a(libsysbase_libsysbase_a-dirent.o)
                0x02022d50                readdir
 .text.rewinddir
                0x02022d78       0x18 C:/devkitPro/devkitARM/bin/../lib/gcc/arm-none-eabi/15.1.0/../../../../arm-none-eabi/lib/thumb\libsysbase.a(libsysbase_libsysbase_a-dirent.o)
                0x02022d78                rewinddir
 .text._fstat_r
                0x02022d90       0x5c C:/devkitPro/devkitARM/bin/../lib/gcc/arm-none-eabi/15.1.0/../../../../arm-none-eabi/lib/thumb\libsysbase.a(libsysbase_libsysbase_a-fstat.o)
                0x02022d90                _fstat_r
 .text._getpid_r
                0x02022dec        0xc C:/devkitPro/devkitARM/bin/../lib/gcc/arm-none-eabi/15.1.0/../../../../arm-none-eabi/lib/thumb\libsysbase.a(libsysbase_libsysbase_a-getpid.o)
                0x02022dec                _getpid_r
 .text.__getreent
                0x02022df8       0x20 C:/devkitPro/devkitARM/bin/../lib/gcc/arm-none-eabi/15.1.0/../../../../arm-none-eabi/lib/thumb\libsysbase.a(libsysbase_libsysbase_a-getreent.o)
                0x02022df8                __getreent
 .text._gettimeofday_r
                0x02022e18       0x20 C:/devkitPro/devkitARM/bin/../lib/gcc/arm-none-eabi/15.1.0/../../../../arm-none-eabi/lib/thumb\libsysbase.a(libsysbase_libsysbase_a-gettod.o)
                0x02022e18                _gettimeofday_r
 .text.__release_handle
                0x02022e38       0x6c C:/devkitPro/devkitARM/bin/../lib/gcc/arm-none-eabi/15.1.0/../../../../arm-none-eabi/lib/thumb\libsysbase.a(libsysbase_libsysbase_a-handle_manager.o)
                0x02022e38                __release_handle
 .text.__alloc_handle