Archive member included to satisfy reference by file (symbol)

C:/devkitPro/libnds/lib\libfat.a(fat_wrappers.o)
                              template.o (fatInitDefault)
C:/devkitPro/libnds/lib\libfat.a(dvm_calico.o)
                              C:/devkitPro/libnds/lib\libfat.a(fat_wrappers.o) (dvmInit)
C:/devkitPro/libnds/lib\libfat.a(dvm_disc.o)
                              C:/devkitPro/libnds/lib\libfat.a(fat_wrappers.o) (dvmDiscCreate)
C:/devkitPro/libnds/lib\libfat.a(dvm_cache.o)
                              C:/devkitPro/libnds/lib\libfat.a(fat_wrappers.o) (dvmDiscCacheCreate)
C:/devkitPro/libnds/lib\libfat.a(dvm_volume.o)
                              C:/devkitPro/libnds/lib\libfat.a(fat_wrappers.o) (dvmMountVolume)
C:/devkitPro/libnds/lib\libfat.a(dvm_prober.o)
                              C:/devkitPro/libnds/lib\libfat.a(dvm_calico.o) (dvmProbeMountDisc)
C:/devkitPro/libnds/lib\libfat.a(fat_driver.o)
                              C:/devkitPro/libnds/lib\libfat.a(dvm_volume.o) (g_vfatFsDriver)
C:/devkitPro/libnds/lib\libfat.a(ff.o)
                              C:/devkitPro/libnds/lib\libfat.a(fat_driver.o) (f_mount)
C:/devkitPro/libnds/lib\libfat.a(ffunicode.o)
                              C:/devkitPro/libnds/lib\libfat.a(ff.o) (ff_uni2oem)
C:/devkitPro/libnds/lib\libnds9.a(background.o)
                              template.o (bgInit_call)
C:/devkitPro/libnds/lib\libnds9.a(console.o)
                              template.o (consoleDemoInit)
C:/devkitPro/libnds/lib\libnds9.a(decompress.o)
                              template.o (decompress)
C:/devkitPro/libnds/lib\libnds9.a(keys.o)
                              template.o (scanKeys)
C:/devkitPro/libnds/lib\libnds9.a(trig.o)
                              C:/devkitPro/libnds/lib\libnds9.a(background.o) (sinLerp)
C:/devkitPro/libnds/lib\libnds9.a(default_font.bin.o)
                              C:/devkitPro/libnds/lib\libnds9.a(console.o) (default_font_bin)
C:/devkitPro/calico/lib\libcalico_ds9.a(thread_cold.o)
                              template.o (threadIrqWait)
C:/devkitPro/calico/lib\libcalico_ds9.a(thread_hot.32.o)
                              C:/devkitPro/calico/lib\libcalico_ds9.a(thread_cold.o) (__sched_state)
C:/devkitPro/calico/lib\libcalico_ds9.a(newlib_syscalls.o)
                              C:/devkitPro/libnds/lib\libfat.a(fat_driver.o) (__errno)
C:/devkitPro/calico/lib\libcalico_ds9.a(arm-copy-fill.32.o)
                              C:/devkitPro/libnds/lib\libfat.a(dvm_calico.o) (armCopyMem32)
C:/devkitPro/calico/lib\libcalico_ds9.a(arm-context.32.o)
                              C:/devkitPro/calico/lib\libcalico_ds9.a(thread_cold.o) (armContextSave)
C:/devkitPro/calico/lib\libcalico_ds9.a(arm-shims.32.o)
                              C:/devkitPro/calico/lib\libcalico_ds9.a(thread_cold.o) (armWaitForIrq)
C:/devkitPro/calico/lib\libcalico_ds9.a(startup.crt0.o)
                              C:/devkitPro/libnds/lib\libfat.a(dvm_calico.o) (g_isTwlMode)
C:/devkitPro/calico/lib\libcalico_ds9.a(utils.crt0.o)
                              C:/devkitPro/calico/lib\libcalico_ds9.a(startup.crt0.o) (crt0CopyMem32)
C:/devkitPro/calico/lib\libcalico_ds9.a(bios.o)
                              C:/devkitPro/libnds/lib\libnds9.a(decompress.o) (svcLZ77UncompWram)
C:/devkitPro/calico/lib\libcalico_ds9.a(pxi.o)
                              C:/devkitPro/calico/lib\libcalico_ds9.a(startup.crt0.o) (_pxiInit)
C:/devkitPro/calico/lib\libcalico_ds9.a(keypad.o)
                              C:/devkitPro/libnds/lib\libnds9.a(keys.o) (keypadGetState)
C:/devkitPro/calico/lib\libcalico_ds9.a(pm.o)
                              template.o (pmMainLoop)
C:/devkitPro/calico/lib\libcalico_ds9.a(bootstub_arm9.o)
                              (__ds9_bootstub)
C:/devkitPro/calico/lib\libcalico_ds9.a(mpu_setup.crt0.o)
                              C:/devkitPro/calico/lib\libcalico_ds9.a(startup.crt0.o) (crt0SetupMPU)
C:/devkitPro/calico/lib\libcalico_ds9.a(sys_startup.o)
                              C:/devkitPro/calico/lib\libcalico_ds9.a(startup.crt0.o) (systemStartup)
C:/devkitPro/calico/lib\libcalico_ds9.a(excpt_handler.32.o)
                              C:/devkitPro/calico/lib\libcalico_ds9.a(bootstub_arm9.o) (__arm_excpt_rst)
C:/devkitPro/calico/lib\libcalico_ds9.a(touch.o)
                              template.o (touchRead)
C:/devkitPro/calico/lib\libcalico_ds9.a(blk.o)
                              C:/devkitPro/libnds/lib\libfat.a(dvm_calico.o) (blkInit)
C:/devkitPro/calico/lib\libcalico_ds9.a(irq.o)
                              C:/devkitPro/calico/lib\libcalico_ds9.a(pxi.o) (irqSet)
C:/devkitPro/calico/lib\libcalico_ds9.a(tick.o)
                              C:/devkitPro/calico/lib\libcalico_ds9.a(thread_cold.o) (tickTaskStart)
C:/devkitPro/calico/lib\libcalico_ds9.a(mutex.o)
                              C:/devkitPro/calico/lib\libcalico_ds9.a(newlib_syscalls.o) (mutexLock)
C:/devkitPro/calico/lib\libcalico_ds9.a(mailbox.o)
[...]
Memory Configuration

Name             Origin             Length             Attributes
lma9             0x02004000         0x0027c000
lma9i            0x02400000         0x00280000
vectors          0x00000000         0x00000020
itcm             0x01ff8020         0x00007fe0
main             0x02001000         0x00f7f000
dtcm             0x02ff0000         0x00003e80
dldi             0x0380b000         0x00004000
stub             0x0e000000         0x00004000
tls              0x00000000         0x00000400
*default*        0x00000000         0xffffffff

Linker script and memory map

                0x00000000                        __sync_synchronize = __sync_synchronize_none
LOAD C:/devkitPro/devkitARM/bin/../lib/gcc/arm-none-eabi/15.1.0/thumb/crti.o
LOAD C:/devkitPro/devkitARM/bin/../lib/gcc/arm-none-eabi/15.1.0/thumb/crtbegin.o
LOAD GFXinput.o
LOAD template.o
LOAD C:/devkitPro/libnds/lib\libfat.a
LOAD C:/devkitPro/libnds/lib\libnds9.a
LOAD C:/devkitPro/calico/lib\libcalico_ds9.a
LOAD C:/devkitPro/devkitARM/bin/../lib/gcc/arm-none-eabi/15.1.0/../../../../arm-none-eabi/lib/thumb\libstdc++.a
LOAD C:/devkitPro/devkitARM/bin/../lib/gcc/arm-none-eabi/15.1.0/../../../../arm-none-eabi/lib/thumb\libm.a
START GROUP
LOAD C:/devkitPro/devkitARM/bin/../lib/gcc/arm-none-eabi/15.1.0/thumb\libgcc.a
LOAD C:/devkitPro/devkitARM/bin/../lib/gcc/arm-none-eabi/15.1.0/../../../../arm-none-eabi/lib/thumb\libg.a
LOAD C:/devkitPro/devkitARM/bin/../lib/gcc/arm-none-eabi/15.1.0/../../../../arm-none-eabi/lib/thumb\libc.a
LOAD C:/devkitPro/devkitARM/bin/../lib/gcc/arm-none-eabi/15.1.0/../../../../arm-none-eabi/lib/thumb\libsysbase.a
END GROUP
LOAD C:/devkitPro/devkitARM/bin/../lib/gcc/arm-none-eabi/15.1.0/thumb/crtend.o
LOAD C:/devkitPro/devkitARM/bin/../lib/gcc/arm-none-eabi/15.1.0/thumb/crtn.o
                0x02ff3e80                        PROVIDE (__sp_usr = (ORIGIN (dtcm) + LENGTH (dtcm)))
                0x02ff3f80                        PROVIDE (__sp_irq = (__sp_usr + 0x100))
                0x02ff3fc0                        PROVIDE (__sp_svc = (__sp_irq + 0x40))
                0x02ff3ff8                        PROVIDE (__irq_flags = (__sp_svc + 0x38))
                [!provide]                        PROVIDE (__irq_vector = (__sp_svc + 0x3c))
                [!provide]                        PROVIDE (__arm_excpt_rst = 0xffff0000)
                [!provide]                        PROVIDE (__arm_excpt_und = 0xffff0004)
                0xffff0008                        PROVIDE (__arm_excpt_svc = 0xffff0008)
                [!provide]                        PROVIDE (__arm_excpt_pabt = 0xffff000c)
                [!provide]                        PROVIDE (__arm_excpt_dabt = 0xffff0010)
                [!provide]                        PROVIDE (__arm_excpt_irq = 0xffff0018)
                [!provide]                        PROVIDE (__arm_excpt_fiq = 0xffff001c)
                0x00000000                        PROVIDE (__end__ = 0x0)

.secure         0x0e000000      0x800 load address 0x02004000
                0x0e0007fc                        . = (. + 0x7fc)
 *fill*         0x0e000000      0x7fc 00000000
                0x0e0007fc        0x4 LONG 0x0

.bootstub       0x0e000800      0x198 load address 0x02004800
 *(.bootstub .bootstub.*)
 .bootstub.__ds9_bootstub
                0x0e000800      0x198 C:/devkitPro/calico/lib\libcalico_ds9.a(bootstub_arm9.o)
                0x0e000800                __ds9_bootstub
                0x0e000998                        . = ALIGN (0x4)

.crt0           0x02001000      0x3c0 load address 0x02004998
 *(.crt0 .crt0.*)
 .crt0.__ds9_bootstub_trampoline
                0x02001000       0x60 C:/devkitPro/calico/lib\libcalico_ds9.a(bootstub_arm9.o)
 *.crt0.*(.text .stub .text.* .gnu.linkonce.t.*)
 .text.crt0ProcessLoadList
                0x02001060       0x74 C:/devkitPro/calico/lib\libcalico_ds9.a(startup.crt0.o)
                0x02001060                crt0ProcessLoadList
 .text.crt0Startup
                0x020010d4      0x180 C:/devkitPro/calico/lib\libcalico_ds9.a(startup.crt0.o)
                0x020010d4                crt0Startup
 .text.crt0CopyMem32
                0x02001254       0x4c C:/devkitPro/calico/lib\libcalico_ds9.a(utils.crt0.o)
                0x02001254                crt0CopyMem32
 .text.crt0FillMem32
                0x020012a0       0x58 C:/devkitPro/calico/lib\libcalico_ds9.a(utils.crt0.o)
                0x020012a0                crt0FillMem32
 .text.crt0SetupMPU
                0x020012f8       0xb4 C:/devkitPro/calico/lib\libcalico_ds9.a(mpu_setup.crt0.o)
                0x020012f8                crt0SetupMPU
 *.crt0.*(.glue_7t .glue_7 .vfp11_veneer .v4_bx)
 *.crt0.*(.rodata .rodata.* .gnu.linkonce.r.*)
 *.crt0.*(.rodata1)
                0x020013c0                        . = ALIGN (0x20)
 *fill*         0x020013ac       0x14 ff
                0x02004998                        PROVIDE (__crt0_lma = LOADADDR (.crt0))
                0x02001000                        PROVIDE (__crt0_start = ADDR (.crt0))
                0x020013c0                        PROVIDE (__crt0_end = (ADDR (.crt0) + SIZEOF (.crt0)))
                0x00000001                        ASSERT (((__crt0_end <= LOADADDR (.bootstub)) || (__crt0_start >= (LOADADDR (.bootstub) + SIZEOF (.bootstub)))), Error: crt0 section overlaps initial bootstrap)

.dldi           0x0380b000     0x4000 load address 0x02004d58
 *(.dldi)
 .dldi          0x0380b000     0x4000 C:/devkitPro/calico/lib\libcalico_ds9.a(dldi_stub.o)
                0x0380b000                __dldi_start
                0x02004d58                        PROVIDE (__dldi_lma = SIZEOF (.dldi)?LOADADDR (.dldi):0x0)

.vectors        0x00000000       0x20 load address 0x02008d58
 *(.vectors)
 .vectors       0x00000000       0x20 C:/devkitPro/calico/lib\libcalico_ds9.a(bootstub_arm9.o)

.itcm           0x01ff8020      0x700 load address 0x02008d78
 *(.itcm .itcm.*)
 .itcm          0x01ff8020       0x30 C:/devkitPro/calico/lib\libcalico_ds9.a(bootstub_arm9.o)
                0x01ff8038                __excpt_vectors
 *.itcm.*(.text .stub .text.* .gnu.linkonce.t.*)
 *.32.o(.text .stub .text.* .gnu.linkonce.t.*)
 .text.threadReschedule
                0x01ff8050       0x88 C:/devkitPro/calico/lib\libcalico_ds9.a(thread_hot.32.o)
 .text.threadBlock
                0x01ff80d8       0xd8 C:/devkitPro/calico/lib\libcalico_ds9.a(thread_hot.32.o)
                0x01ff80d8                threadBlock
 .text.threadUnblockOneByValue
                0x01ff81b0       0xc0 C:/devkitPro/calico/lib\libcalico_ds9.a(thread_hot.32.o)
                0x01ff81b0                threadUnblockOneByValue
 .text.threadUnblockAllByValue
                0x01ff8270      0x130 C:/devkitPro/calico/lib\libcalico_ds9.a(thread_hot.32.o)
                0x01ff8270                threadUnblockAllByValue
 .text.threadUnblockAllByMask
                0x01ff83a0      0x134 C:/devkitPro/calico/lib\libcalico_ds9.a(thread_hot.32.o)
                0x01ff83a0                threadUnblockAllByMask
 .text.armCopyMem32
                0x01ff84d4       0x4c C:/devkitPro/calico/lib\libcalico_ds9.a(arm-copy-fill.32.o)
                0x01ff84d4                armCopyMem32
 .text.armContextSave
                0x01ff8520       0x2c C:/devkitPro/calico/lib\libcalico_ds9.a(arm-context.32.o)
                0x01ff8520                armContextSave
 .text.armContextLoad
                0x01ff854c       0x20 C:/devkitPro/calico/lib\libcalico_ds9.a(arm-context.32.o)
                0x01ff854c                armContextLoad
                0x01ff8550                armContextLoadFromSvc
 .text.armWaitForIrq
                0x01ff856c        0x8 C:/devkitPro/calico/lib\libcalico_ds9.a(arm-shims.32.o)
                0x01ff856c                armWaitForIrq
 .text.__excpt_entry
                0x01ff8574       0x50 C:/devkitPro/calico/lib\libcalico_ds9.a(excpt_handler.32.o)
                0x01ff8574                __arm_excpt_rst
                0x01ff8578                __arm_excpt_pabt
                0x01ff857c                __arm_excpt_und
                0x01ff8588                __arm_excpt_dabt
 .text.armDrainWriteBuffer
                0x01ff85c4        0xc C:/devkitPro/calico/lib\libcalico_ds9.a(arm-cache.32.o)
                0x01ff85c4                armDrainWriteBuffer
 .text.armDCacheFlushAll
                0x01ff85d0       0x28 C:/devkitPro/calico/lib\libcalico_ds9.a(arm-cache.32.o)
                0x01ff85d0                armDCacheFlushAll
 .text.armDCacheFlush
                0x01ff85f8       0x1c C:/devkitPro/calico/lib\libcalico_ds9.a(arm-cache.32.o)
                0x01ff85f8                armDCacheFlush
 .text.armDCacheInvalidate
                0x01ff8614       0x1c C:/devkitPro/calico/lib\libcalico_ds9.a(arm-cache.32.o)
                0x01ff8614                armDCacheInvalidate
 .text.armICacheInvalidateAll
                0x01ff8630        0xc C:/devkitPro/calico/lib\libcalico_ds9.a(arm-cache.32.o)
                0x01ff8630                armICacheInvalidateAll
 .text.__arm_excpt_irq
                0x01ff863c       0xe4 C:/devkitPro/calico/lib\libcalico_ds9.a(irq_handler.32.o)
                0x01ff863c                __arm_excpt_irq
 *.itcm.*(.glue_7t .glue_7 .vfp11_veneer .v4_bx)
 *.32.o(.glue_7t .glue_7 .vfp11_veneer .v4_bx)
 *.itcm.*(.rodata .rodata.* .gnu.linkonce.r.*)
 *.32.o(.rodata .rodata.* .gnu.linkonce.r.*)
 *.itcm.*(.rodata1)
 *.32.o(.rodata1)
                0x01ff8720                        . = ALIGN (0x4)
                0x02008d58                        PROVIDE (__itcm_lma = LOADADDR (.vectors))
                0x01ff8000                        PROVIDE (__itcm_start = (ADDR (.itcm) - SIZEOF (.vectors)))
                0x01ff8720                        PROVIDE (__itcm_end = (ADDR (.itcm) + SIZEOF (.itcm)))
                0x00000001                        ASSERT (((__itcm_lma + SIZEOF (.vectors)) == LOADADDR (.itcm)), Error: gap between vectors and itcm)

.dtcm           0x02ff0000        0x0 load address 0x02009478
 *(.dtcm .dtcm.*)
 *.32.o(.data .data.* .gnu.linkonce.d.*)
 *.32.o(.data1)
                0x02ff0000                        . = ALIGN (0x4)
                [!provide]                        PROVIDE (__dtcm_lma = LOADADDR (.dtcm))
                0x02ff0000                        PROVIDE (__dtcm_start = ADDR (.dtcm))
                0x02ff0000                        PROVIDE (__dtcm_end = (ADDR (.dtcm) + SIZEOF (.dtcm)))

.dtcm.bss       0x02ff0000       0x98 load address 0x02009478
 *(.sbss .sbss.*)
 *.32.o(.dynbss)
 *.32.o(.bss .bss.* .gnu.linkonce.b.*)
 .bss.__irq_table
                0x02ff0000       0x80 C:/devkitPro/calico/lib\libcalico_ds9.a(thread_hot.32.o)
                0x02ff0000                __irq_table
 .bss.__sched_state
                0x02ff0080       0x18 C:/devkitPro/calico/lib\libcalico_ds9.a(thread_hot.32.o)
                0x02ff0080                __sched_state
 *.32.o(COMMON)
                0x02ff0098                        . = ALIGN (0x4)
                [!provide]                        PROVIDE (__dtcm_bss_start = ADDR (.dtcm.bss))
                0x02ff0098                        PROVIDE (__dtcm_bss_end = (ADDR (.dtcm.bss) + SIZEOF (.dtcm.bss)))

.main           0x020013c0    0x1a5a4 load address 0x02009478
 *(SORT_NONE(.init))
 .init          0x020013c0        0x4 C:/devkitPro/devkitARM/bin/../lib/gcc/arm-none-eabi/15.1.0/thumb/crti.o
                0x020013c0                _init
 .init          0x020013c4        0x8 C:/devkitPro/devkitARM/bin/../lib/gcc/arm-none-eabi/15.1.0/thumb/crtn.o
 EXCLUDE_FILE(*.twl.*) *(.text.unlikely .text.*_unlikely .text.unlikely.*)
 EXCLUDE_FILE(*.twl.*) *(.text.exit .text.exit.*)
 .text.exit     0x020013cc       0x24 C:/devkitPro/devkitARM/bin/../lib/gcc/arm-none-eabi/15.1.0/../../../../arm-none-eabi/lib/thumb\libg.a(libc_a-exit.o)
                0x020013cc                exit
 EXCLUDE_FILE(*.twl.*) *(.text.startup .text.startup.*)
 .text.startup.main
                0x020013f0      0x85c template.o
                0x020013f0                main
 EXCLUDE_FILE(*.twl.*) *(.text.hot .text.hot.*)
 EXCLUDE_FILE(*.twl.*) *(.text .iplt .stub .text.* .gnu.linkonce.t.*)
 .text.__do_global_dtors_aux
                0x02001c4c       0x2c C:/devkitPro/devkitARM/bin/../lib/gcc/arm-none-eabi/15.1.0/thumb/crtbegin.o
 .text.frame_dummy
                0x02001c78       0x24 C:/devkitPro/devkitARM/bin/../lib/gcc/arm-none-eabi/15.1.0/thumb/crtbegin.o
 .iplt          0x02001c9c        0x0 C:/devkitPro/devkitARM/bin/../lib/gcc/arm-none-eabi/15.1.0/thumb/crtbegin.o
 .text.bgInitSub.constprop.0.isra.0
                0x02001c9c       0x1c template.o
 .text._Z19drawRectangleHollowiiiit
                0x02001cb8       0x78 template.o
                0x02001cb8                drawRectangleHollow(int, int, int, int, unsigned short)
 .text._Z9updatePaliPi
                0x02001d30      0x25c template.o
                0x02001d30                updatePal(int, int*)
 .text._Z15drawSurfaceMainiii
                0x02001f8c       0xfc template.o
                0x02001f8c                drawSurfaceMain(int, int, int)
 .text._Z17drawSurfaceBottomii
                0x02002088      0x1d0 template.o
                0x02002088                drawSurfaceBottom(int, int)
 .text._Z14clearTopBitmapv
                0x02002258       0xac template.o
                0x02002258                clearTopBitmap()
 .text._Z19getActionsFromTouchi
                0x02002304       0x5c template.o
                0x02002304                getActionsFromTouch(int)
 .text._Z12applyActionsi
                0x02002360       0x9c template.o
                0x02002360                applyActions(int)
 .text._Z9applyTooliib
                0x020023fc      0x30c template.o
                0x020023fc                applyTool(int, int, bool)
 .text._Z7initFPSv
                0x02002708       0x24 template.o
                0x02002708                initFPS()
 .text._Z9updateFPSv
                0x0200272c       0x3c template.o
                0x0200272c                updateFPS()
 .text.fatInitDefault
                0x02002768       0x20 C:/devkitPro/libnds/lib\libfat.a(fat_wrappers.o)
                0x02002768                fatInitDefault
 .text._dvmDiscCalicoDummy
                0x02002788        0x4 C:/devkitPro/libnds/lib\libfat.a(dvm_calico.o)
 .text._dvmDiscCalicoWriteSectors
                0x0200278c        0x8 C:/devkitPro/libnds/lib\libfat.a(dvm_calico.o)
 .text._dvmDiscCalicoReadSectors
                0x02002794        0x8 C:/devkitPro/libnds/lib\libfat.a(dvm_calico.o)
 .text._dvmIsAlignedAccess
                0x0200279c       0x30 C:/devkitPro/libnds/lib\libfat.a(dvm_calico.o)
                0x0200279c                _dvmIsAlignedAccess
 .text._dvmCacheCopy
                0x020027cc       0x14 C:/devkitPro/libnds/lib\libfat.a(dvm_calico.o)
                0x020027cc                _dvmCacheCopy
 .text.dvmInit  0x020027e0      0x268 C:/devkitPro/libnds/lib\libfat.a(dvm_calico.o)
                0x020027e0                dvmInit
 .text.dvmDiscAddUser
                0x02002a48       0x10 C:/devkitPro/libnds/lib\libfat.a(dvm_disc.o)
                0x02002a48                dvmDiscAddUser
 .text.dvmDiscRemoveUser
                0x02002a58       0x28 C:/devkitPro/libnds/lib\libfat.a(dvm_disc.o)
                0x02002a58                dvmDiscRemoveUser
 .text._dvmDiscCacheReadWrite
                0x02002a80      0x3ec C:/devkitPro/libnds/lib\libfat.a(dvm_cache.o)
 .text._dvmDiscCacheWriteSectors
                0x02002e6c       0x58 C:/devkitPro/libnds/lib\libfat.a(dvm_cache.o)
 .text._dvmDiscCacheReadSectors
                0x02002ec4       0x58 C:/devkitPro/libnds/lib\libfat.a(dvm_cache.o)
 .text._dvmDiscCacheFlush
                0x02002f1c       0xac C:/devkitPro/libnds/lib\libfat.a(dvm_cache.o)
 .text._dvmDiscCacheDestroy
                0x02002fc8       0x28 C:/devkitPro/libnds/lib\libfat.a(dvm_cache.o)
 .text.dvmDiscCacheCreate
                0x02002ff0      0x1a0 C:/devkitPro/libnds/lib\libfat.a(dvm_cache.o)
                0x02002ff0                dvmDiscCacheCreate
 .text.dvmMountVolume
                0x02003190      0x188 C:/devkitPro/libnds/lib\libfat.a(dvm_volume.o)
                0x02003190                dvmMountVolume
 .text._dvmSetAppWorkingDir
                0x02003318       0x74 C:/devkitPro/libnds/lib\libfat.a(dvm_volume.o)
                0x02003318                _dvmSetAppWorkingDir
 .text._dvmIdentMbrVbr
                0x0200338c      0x1d8 C:/devkitPro/libnds/lib\libfat.a(dvm_prober.o)
 .text._dvmReadPartitionTable
                0x02003564      0x204 C:/devkitPro/libnds/lib\libfat.a(dvm_prober.o)
 .text.dvmProbeMountDisc
                0x02003768       0xf0 C:/devkitPro/libnds/lib\libfat.a(dvm_prober.o)
                0x02003768                dvmProbeMountDisc
 .text._FAT_fstat_r
                0x02003858       0xac C:/devkitPro/libnds/lib\libfat.a(fat_driver.o)
 .text._FAT_umount
                0x02003904       0x1c C:/devkitPro/libnds/lib\libfat.a(fat_driver.o)
 .text._FAT_mount
                0x02003920       0x44 C:/devkitPro/libnds/lib\libfat.a(fat_driver.o)
 .text._FAT_seek_r
                0x02003964      0x13c C:/devkitPro/libnds/lib\libfat.a(fat_driver.o)
 .text._FAT_set_stat.isra.0
                0x02003aa0      0x10c C:/devkitPro/libnds/lib\libfat.a(fat_driver.o)
 .text._FAT_mkdir_r
                0x02003bac       0x64 C:/devkitPro/libnds/lib\libfat.a(fat_driver.o)
 .text._FAT_chdir_r
                0x02003c10       0x64 C:/devkitPro/libnds/lib\libfat.a(fat_driver.o)
 .text._FAT_unlink_r
                0x02003c74       0x70 C:/devkitPro/libnds/lib\libfat.a(fat_driver.o)
 .text._FAT_rmdir_r
                0x02003ce4       0x6c C:/devkitPro/libnds/lib\libfat.a(fat_driver.o)
 .text._FAT_diropen_r
                0x02003d50       0x7c C:/devkitPro/libnds/lib\libfat.a(fat_driver.o)
 .text._FAT_fsync_r
                0x02003dcc       0x64 C:/devkitPro/libnds/lib\libfat.a(fat_driver.o)
 .text._FAT_close_r
                0x02003e30       0x64 C:/devkitPro/libnds/lib\libfat.a(fat_driver.o)
 .text._FAT_dirclose_r
                0x02003e94       0x64 C:/devkitPro/libnds/lib\libfat.a(fat_driver.o)
 .text._FAT_dirreset_r
                0x02003ef8       0x6c C:/devkitPro/libnds/lib\libfat.a(fat_driver.o)
 .text._FAT_rename_r
                0x02003f64       0x80 C:/devkitPro/libnds/lib\libfat.a(fat_driver.o)
 .text._FAT_stat_r
                0x02003fe4       0x98 C:/devkitPro/libnds/lib\libfat.a(fat_driver.o)
 .text._FAT_read_r
                0x0200407c       0x7c C:/devkitPro/libnds/lib\libfat.a(fat_driver.o)
 .text._FAT_write_r
                0x020040f8       0x7c C:/devkitPro/libnds/lib\libfat.a(fat_driver.o)
 .text._FAT_statvfs_r
                0x02004174       0xf0 C:/devkitPro/libnds/lib\libfat.a(fat_driver.o)
 .text._FAT_ftruncate_r
                0x02004264      0x190 C:/devkitPro/libnds/lib\libfat.a(fat_driver.o)
 .text._FAT_dirnext_r
                0x020043f4      0x124 C:/devkitPro/libnds/lib\libfat.a(fat_driver.o)
 .text._FAT_open_r
                0x02004518      0x124 C:/devkitPro/libnds/lib\libfat.a(fat_driver.o)
 .text.get_fattime
                0x0200463c       0x64 C:/devkitPro/libnds/lib\libfat.a(fat_driver.o)
                0x0200463c                get_fattime
 .text.ff_mutex_create
                0x020046a0       0x18 C:/devkitPro/libnds/lib\libfat.a(fat_driver.o)
                0x020046a0                ff_mutex_create
 .text.ff_mutex_delete
                0x020046b8        0x4 C:/devkitPro/libnds/lib\libfat.a(fat_driver.o)
                0x020046b8                ff_mutex_delete
 .text.ff_mutex_take
                0x020046bc       0x14 C:/devkitPro/libnds/lib\libfat.a(fat_driver.o)
                0x020046bc                ff_mutex_take
 .text.ff_mutex_give
                0x020046d0        0x8 C:/devkitPro/libnds/lib\libfat.a(fat_driver.o)
                0x020046d0                ff_mutex_give
 .text.disk_initialize
                0x020046d8       0x24 C:/devkitPro/libnds/lib\libfat.a(fat_driver.o)
                0x020046d8                disk_initialize
 .text.disk_status
                0x020046fc       0x24 C:/devkitPro/libnds/lib\libfat.a(fat_driver.o)
                0x020046fc                disk_status
 .text.disk_read
                0x02004720       0x2c C:/devkitPro/libnds/lib\libfat.a(fat_driver.o)
                0x02004720                disk_read
 .text.disk_write
                0x0200474c       0x2c C:/devkitPro/libnds/lib\libfat.a(fat_driver.o)
                0x0200474c                disk_write
 .text.disk_ioctl
                0x02004778       0x38 C:/devkitPro/libnds/lib\libfat.a(fat_driver.o)
                0x02004778                disk_ioctl
 .text.tchar2uni
                0x020047b0       0xfc C:/devkitPro/libnds/lib\libfat.a(ff.o)
 .text.sync_window
                0x020048ac       0x90 C:/devkitPro/libnds/lib\libfat.a(ff.o)
 .text.put_utf  0x0200493c      0x130 C:/devkitPro/libnds/lib\libfat.a(ff.o)
 .text.dir_clear
                0x02004a6c       0x9c C:/devkitPro/libnds/lib\libfat.a(ff.o)
 .text.get_fileinfo
                0x02004b08      0x28c C:/devkitPro/libnds/lib\libfat.a(ff.o)
 .text.sync_fs  0x02004d94      0x180 C:/devkitPro/libnds/lib\libfat.a(ff.o)
 .text.move_window
                0x02004f14       0xc4 C:/devkitPro/libnds/lib\libfat.a(ff.o)
 .text.put_fat.part.0
                0x02004fd8      0x1dc C:/devkitPro/libnds/lib\libfat.a(ff.o)
 .text.get_fat.isra.0
                0x020051b4      0x160 C:/devkitPro/libnds/lib\libfat.a(ff.o)
 .text.remove_chain
                0x02005314       0xf4 C:/devkitPro/libnds/lib\libfat.a(ff.o)
 .text.create_chain
                0x02005408      0x21c C:/devkitPro/libnds/lib\libfat.a(ff.o)
 .text.dir_next
                0x02005624      0x170 C:/devkitPro/libnds/lib\libfat.a(ff.o)
 .text.dir_read
                0x02005794      0x248 C:/devkitPro/libnds/lib\libfat.a(ff.o)
 .text.dir_sdi  0x020059dc      0x128 C:/devkitPro/libnds/lib\libfat.a(ff.o)
 .text.dir_alloc
                0x02005b04       0xcc C:/devkitPro/libnds/lib\libfat.a(ff.o)
 .text.dir_remove
                0x02005bd0       0xc4 C:/devkitPro/libnds/lib\libfat.a(ff.o)
 .text.dir_find
                0x02005c94      0x2f8 C:/devkitPro/libnds/lib\libfat.a(ff.o)
 .text.follow_path
                0x02005f8c      0x588 C:/devkitPro/libnds/lib\libfat.a(ff.o)
 .text.dir_register
                0x02006514      0x3f0 C:/devkitPro/libnds/lib\libfat.a(ff.o)
 .text.check_fs
                0x02006904      0x1ec C:/devkitPro/libnds/lib\libfat.a(ff.o)
 .text.mount_volume.part.0
                0x02006af0      0x504 C:/devkitPro/libnds/lib\libfat.a(ff.o)
 .text.validate
                0x02006ff4       0xbc C:/devkitPro/libnds/lib\libfat.a(ff.o)
 .text.f_mount  0x020070b0       0x6c C:/devkitPro/libnds/lib\libfat.a(ff.o)
                0x020070b0                f_mount
 .text.f_umount
                0x0200711c       0x38 C:/devkitPro/libnds/lib\libfat.a(ff.o)
                0x0200711c                f_umount
 .text.f_open   0x02007154      0x400 C:/devkitPro/libnds/lib\libfat.a(ff.o)
                0x02007154                f_open
 .text.f_read   0x02007554      0x2a4 C:/devkitPro/libnds/lib\libfat.a(ff.o)
                0x02007554                f_read
 .text.f_write  0x020077f8      0x350 C:/devkitPro/libnds/lib\libfat.a(ff.o)
                0x020077f8                f_write
 .text.f_sync   0x02007b48      0x1a0 C:/devkitPro/libnds/lib\libfat.a(ff.o)
                0x02007b48                f_sync
 .text.f_close  0x02007ce8       0x58 C:/devkitPro/libnds/lib\libfat.a(ff.o)
                0x02007ce8                f_close
 .text.f_chdir  0x02007d40       0xf0 C:/devkitPro/libnds/lib\libfat.a(ff.o)
                0x02007d40                f_chdir
 .text.f_lseek  0x02007e30      0x298 C:/devkitPro/libnds/lib\libfat.a(ff.o)
                0x02007e30                f_lseek
 .text.f_opendir
                0x020080c8      0x12c C:/devkitPro/libnds/lib\libfat.a(ff.o)
                0x020080c8                f_opendir
 .text.f_closedir
                0x020081f4       0xb0 C:/devkitPro/libnds/lib\libfat.a(ff.o)
                0x020081f4                f_closedir
 .text.f_readdir
                0x020082a4       0xd0 C:/devkitPro/libnds/lib\libfat.a(ff.o)
                0x020082a4                f_readdir
 .text.f_stat   0x02008374      0x104 C:/devkitPro/libnds/lib\libfat.a(ff.o)
                0x02008374                f_stat
 .text.f_getfree
                0x02008478      0x184 C:/devkitPro/libnds/lib\libfat.a(ff.o)
                0x02008478                f_getfree
 .text.f_truncate
                0x020085fc      0x228 C:/devkitPro/libnds/lib\libfat.a(ff.o)
                0x020085fc                f_truncate
 .text.f_unlink
                0x02008824      0x1a4 C:/devkitPro/libnds/lib\libfat.a(ff.o)
                0x02008824                f_unlink
 .text.f_mkdir  0x020089c8      0x294 C:/devkitPro/libnds/lib\libfat.a(ff.o)
                0x020089c8                f_mkdir
 .text.f_rename
                0x02008c5c      0x248 C:/devkitPro/libnds/lib\libfat.a(ff.o)
                0x02008c5c                f_rename
 .text.ff_uni2oem
                0x02008ea4       0x78 C:/devkitPro/libnds/lib\libfat.a(ffunicode.o)
                0x02008ea4                ff_uni2oem
 .text.ff_oem2uni
                0x02008f1c       0x40 C:/devkitPro/libnds/lib\libfat.a(ffunicode.o)
                0x02008f1c                ff_oem2uni
 .text.ff_wtoupper
                0x02008f5c      0x128 C:/devkitPro/libnds/lib\libfat.a(ffunicode.o)
                0x02008f5c                ff_wtoupper
 .text.checkIfText
                0x02009084       0x6c C:/devkitPro/libnds/lib\libnds9.a(background.o)
                0x02009084                checkIfText
 .text.bgUpdate
                0x020090f0       0xe8 C:/devkitPro/libnds/lib\libnds9.a(background.o)
                0x020090f0                bgUpdate
 .text.bgInit_call
                0x020091d8       0xa8 C:/devkitPro/libnds/lib\libnds9.a(background.o)
                0x020091d8                bgInit_call
 .text.bgInitSub_call
                0x02009280       0xb0 C:/devkitPro/libnds/lib\libnds9.a(background.o)
                0x02009280                bgInitSub_call
 .text.newRow   0x02009330       0xe0 C:/devkitPro/libnds/lib\libnds9.a(console.o)
 .text.consolePrintChar
                0x02009410       0xe0 C:/devkitPro/libnds/lib\libnds9.a(console.o)
                0x02009410                consolePrintChar
 .text.con_write
                0x020094f0      0x344 C:/devkitPro/libnds/lib\libnds9.a(console.o)
                0x020094f0                con_write
 .text.consoleLoadFont
                0x02009834      0x2e8 C:/devkitPro/libnds/lib\libnds9.a(console.o)
                0x02009834                consoleLoadFont
 .text.consoleInit
                0x02009b1c      0x170 C:/devkitPro/libnds/lib\libnds9.a(console.o)
                0x02009b1c                consoleInit
 .text.consoleDemoInit
                0x02009c8c       0x40 C:/devkitPro/libnds/lib\libnds9.a(console.o)
                0x02009c8c                consoleDemoInit
 .text.getHeader
                0x02009ccc        0x4 C:/devkitPro/libnds/lib\libnds9.a(decompress.o)
 .text.readByte
                0x02009cd0        0x4 C:/devkitPro/libnds/lib\libnds9.a(decompress.o)
 .text.decompress
                0x02009cd4       0x40 C:/devkitPro/libnds/lib\libnds9.a(decompress.o)
                0x02009cd4                decompress
 .text.scanKeys
                0x02009d14       0x6c C:/devkitPro/libnds/lib\libnds9.a(keys.o)
                0x02009d14                scanKeys
 .text.keysHeld
                0x02009d80        0xc C:/devkitPro/libnds/lib\libnds9.a(keys.o)
                0x02009d80                keysHeld
 .text.keysDown
                0x02009d8c       0x10 C:/devkitPro/libnds/lib\libnds9.a(keys.o)
                0x02009d8c                keysDown
 .text.sinLutLookup
                0x02009d9c       0x4c C:/devkitPro/libnds/lib\libnds9.a(trig.o)
                0x02009d9c                sinLutLookup
 .text.sinLerp  0x02009de8       0x38 C:/devkitPro/libnds/lib\libnds9.a(trig.o)
                0x02009de8                sinLerp
 .text.cosLerp  0x02009e20       0x44 C:/devkitPro/libnds/lib\libnds9.a(trig.o)
                0x02009e20                cosLerp
 .text.threadExit
                0x02009e64       0x9c C:/devkitPro/calico/lib\libcalico_ds9.a(thread_cold.o)
                0x02009e64                threadExit
 .text._threadTickTask
                0x02009f00       0x10 C:/devkitPro/calico/lib\libcalico_ds9.a(thread_cold.o)
 .text._threadInit
                0x02009f10       0x98 C:/devkitPro/calico/lib\libcalico_ds9.a(thread_cold.o)
                0x02009f10                _threadInit
 .text.threadPrepare
                0x02009fa8       0xa4 C:/devkitPro/calico/lib\libcalico_ds9.a(thread_cold.o)
                0x02009fa8                threadPrepare
 .text.threadStart
                0x0200a04c       0xc8 C:/devkitPro/calico/lib\libcalico_ds9.a(thread_cold.o)
                0x0200a04c                threadStart
 .text.threadIrqWait
                0x0200a114       0xa0 C:/devkitPro/calico/lib\libcalico_ds9.a(thread_cold.o)
                0x0200a114                threadIrqWait
 .text.threadSleepTicks
                0x0200a1b4       0x58 C:/devkitPro/calico/lib\libcalico_ds9.a(thread_cold.o)
                0x0200a1b4                threadSleepTicks
 .text.__syscall_getreent
                0x0200a20c       0x14 C:/devkitPro/calico/lib\libcalico_ds9.a(newlib_syscalls.o)
                0x0200a20c                __syscall_getreent
 .text.__errno  0x0200a220       0x24 C:/devkitPro/calico/lib\libcalico_ds9.a(newlib_syscalls.o)
                0x0200a220                __errno
 .text.__syscall_gettod_r
                0x0200a244       0x30 C:/devkitPro/calico/lib\libcalico_ds9.a(newlib_syscalls.o)
                0x0200a244                __syscall_gettod_r
 .text.__syscall_lock_acquire
                0x0200a274        0x4 C:/devkitPro/calico/lib\libcalico_ds9.a(newlib_syscalls.o)
                0x0200a274                __syscall_lock_acquire
 .text.__syscall_lock_release
                0x0200a278        0x4 C:/devkitPro/calico/lib\libcalico_ds9.a(newlib_syscalls.o)
                0x0200a278                __syscall_lock_release
 .text.__syscall_lock_acquire_recursive
                0x0200a27c       0x4c C:/devkitPro/calico/lib\libcalico_ds9.a(newlib_syscalls.o)
                0x0200a27c                __syscall_lock_acquire_recursive
 .text.__syscall_lock_release_recursive
                0x0200a2c8       0x18 C:/devkitPro/calico/lib\libcalico_ds9.a(newlib_syscalls.o)
                0x0200a2c8                __syscall_lock_release_recursive
 .text.svcLZ77UncompWram
                0x0200a2e0        0x4 C:/devkitPro/calico/lib\libcalico_ds9.a(bios.o)
                0x0200a2e0                svcLZ77UncompWram
 .text.svcHuffUncompCallback
                0x0200a2e4        0x4 C:/devkitPro/calico/lib\libcalico_ds9.a(bios.o)
                0x0200a2e4                svcHuffUncompCallback
 .text.svcRLUncompWram
                0x0200a2e8        0x4 C:/devkitPro/calico/lib\libcalico_ds9.a(bios.o)
                0x0200a2e8                svcRLUncompWram
 .text.svcRLUncompVramCallback
                0x0200a2ec        0x4 C:/devkitPro/calico/lib\libcalico_ds9.a(bios.o)
                0x0200a2ec                svcRLUncompVramCallback
 .text.svcLZ77UncompVramCallback
                0x0200a2f0       0x18 C:/devkitPro/calico/lib\libcalico_ds9.a(bios.o)
                0x0200a2f0                svcLZ77UncompVramCallback
 .text._pxiMailboxHandler
                0x0200a308        0x4 C:/devkitPro/calico/lib\libcalico_ds9.a(pxi.o)
 .text._pxiRecvUnhandled
                0x0200a30c        0x4 C:/devkitPro/calico/lib\libcalico_ds9.a(pxi.o)
                0x0200a30c                _pxiRecvUnhandled
 .text._pxiRecvIrqHandler
                0x0200a310      0x154 C:/devkitPro/calico/lib\libcalico_ds9.a(pxi.o)
 .text._pxiInit
                0x0200a464       0x58 C:/devkitPro/calico/lib\libcalico_ds9.a(pxi.o)
                0x0200a464                _pxiInit
 .text.pxiSetHandler
                0x0200a4bc       0x74 C:/devkitPro/calico/lib\libcalico_ds9.a(pxi.o)
                0x0200a4bc                pxiSetHandler
 .text.pxiSetMailbox
                0x0200a530       0x68 C:/devkitPro/calico/lib\libcalico_ds9.a(pxi.o)
                0x0200a530                pxiSetMailbox
 .text.pxiWaitRemote
                0x0200a598       0x38 C:/devkitPro/calico/lib\libcalico_ds9.a(pxi.o)
                0x0200a598                pxiWaitRemote
 .text.pxiSendPacket
                0x0200a5d0       0x50 C:/devkitPro/calico/lib\libcalico_ds9.a(pxi.o)
                0x0200a5d0                pxiSendPacket
 .text.pxiSendExtPacket
                0x0200a620       0x98 C:/devkitPro/calico/lib\libcalico_ds9.a(pxi.o)
                0x0200a620                pxiSendExtPacket
 .text.pxiBeginReceive
                0x0200a6b8       0x2c C:/devkitPro/calico/lib\libcalico_ds9.a(pxi.o)
                0x0200a6b8                pxiBeginReceive
 .text.pxiEndReceive
                0x0200a6e4       0xac C:/devkitPro/calico/lib\libcalico_ds9.a(pxi.o)
                0x0200a6e4                pxiEndReceive
 .text.keypadGetState
                0x0200a790       0x28 C:/devkitPro/calico/lib\libcalico_ds9.a(keypad.o)
                0x0200a790                keypadGetState
 .text._pmCallEventHandlers
                0x0200a7b8       0x40 C:/devkitPro/calico/lib\libcalico_ds9.a(pm.o)
 .text._pmPxiThreadMain
                0x0200a7f8       0xa0 C:/devkitPro/calico/lib\libcalico_ds9.a(pm.o)
 .text._pmResetPxiHandler
                0x0200a898       0x28 C:/devkitPro/calico/lib\libcalico_ds9.a(pm.o)
 .text.systemUserExit
                0x0200a8c0        0x4 C:/devkitPro/calico/lib\libcalico_ds9.a(pm.o)
                0x0200a8c0                systemUserExit
 .text.systemErrorExit
                0x0200a8c4        0x4 C:/devkitPro/calico/lib\libcalico_ds9.a(pm.o)
                0x0200a8c4                systemErrorExit
 .text.__syscall_exit
                0x0200a8c8      0x138 C:/devkitPro/calico/lib\libcalico_ds9.a(pm.o)
                0x0200a8c8                __syscall_exit
 .text.pmInit   0x0200aa00       0x58 C:/devkitPro/calico/lib\libcalico_ds9.a(pm.o)
                0x0200aa00                pmInit
 .text.pmEnterSleep
                0x0200aa58       0xcc C:/devkitPro/calico/lib\libcalico_ds9.a(pm.o)
                0x0200aa58                pmEnterSleep
 .text.pmMainLoop
                0x0200ab24       0x74 C:/devkitPro/calico/lib\libcalico_ds9.a(pm.o)
                0x0200ab24                pmMainLoop
 .text.systemUserStartup
                0x0200ab98        0x4 C:/devkitPro/calico/lib\libcalico_ds9.a(sys_startup.o)
                0x0200ab98                systemUserStartup
 .text.systemStartup
                0x0200ab9c      0x104 C:/devkitPro/calico/lib\libcalico_ds9.a(sys_startup.o)
                0x0200ab9c                systemStartup
 .text.touchRead
                0x0200aca0       0x58 C:/devkitPro/calico/lib\libcalico_ds9.a(touch.o)
                0x0200aca0                touchRead
 .text._blkDevReadWriteSectors
                0x0200acf8       0x44 C:/devkitPro/calico/lib\libcalico_ds9.a(blk.o)
 .text.blkInit  0x0200ad3c        0x8 C:/devkitPro/calico/lib\libcalico_ds9.a(blk.o)
                0x0200ad3c                blkInit
 .text.blkDevIsPresent
                0x0200ad44       0x30 C:/devkitPro/calico/lib\libcalico_ds9.a(blk.o)
                0x0200ad44                blkDevIsPresent
 .text.blkDevInit
                0x0200ad74       0x30 C:/devkitPro/calico/lib\libcalico_ds9.a(blk.o)
                0x0200ad74                blkDevInit
 .text.blkDevGetSectorCount
                0x0200ada4       0x34 C:/devkitPro/calico/lib\libcalico_ds9.a(blk.o)
                0x0200ada4                blkDevGetSectorCount
 .text.blkDevReadSectors
                0x0200add8       0x5c C:/devkitPro/calico/lib\libcalico_ds9.a(blk.o)
                0x0200add8                blkDevReadSectors
 .text.blkDevWriteSectors
                0x0200ae34       0x5c C:/devkitPro/calico/lib\libcalico_ds9.a(blk.o)
                0x0200ae34                blkDevWriteSectors
 .text.irqSet   0x0200ae90       0x64 C:/devkitPro/calico/lib\libcalico_ds9.a(irq.o)
                0x0200ae90                irqSet
 .text._tickCountIsr
                0x0200aef4       0x1c C:/devkitPro/calico/lib\libcalico_ds9.a(tick.o)
 .text._tickTaskSchedule.part.0.isra.0
                0x0200af10       0x84 C:/devkitPro/calico/lib\libcalico_ds9.a(tick.o)
 .text.tickInit
                0x0200af94       0xa0 C:/devkitPro/calico/lib\libcalico_ds9.a(tick.o)
                0x0200af94                tickInit
 .text.tickGetCount
                0x0200b034       0x5c C:/devkitPro/calico/lib\libcalico_ds9.a(tick.o)
                0x0200b034                tickGetCount
 .text._tickTaskIsr
                0x0200b090      0x110 C:/devkitPro/calico/lib\libcalico_ds9.a(tick.o)
 .text.tickTaskStart
                0x0200b1a0      0x144 C:/devkitPro/calico/lib\libcalico_ds9.a(tick.o)
                0x0200b1a0                tickTaskStart
 .text.threadUpdateDynamicPrio
                0x0200b2e4      0x1cc C:/devkitPro/calico/lib\libcalico_ds9.a(mutex.o)
 .text.threadRemoveWaiter
                0x0200b4b0      0x1c8 C:/devkitPro/calico/lib\libcalico_ds9.a(mutex.o)
 .text.mutexLock
                0x0200b678      0x150 C:/devkitPro/calico/lib\libcalico_ds9.a(mutex.o)
                0x0200b678                mutexLock
 .text.mutexUnlock
                0x0200b7c8       0xd0 C:/devkitPro/calico/lib\libcalico_ds9.a(mutex.o)
                0x0200b7c8                mutexUnlock
 .text.mailboxTrySend
                0x0200b898       0x98 C:/devkitPro/calico/lib\libcalico_ds9.a(mailbox.o)
                0x0200b898                mailboxTrySend
 .text.mailboxRecv
                0x0200b930       0x98 C:/devkitPro/calico/lib\libcalico_ds9.a(mailbox.o)
                0x0200b930                mailboxRecv
 .text          0x0200b9c8      0x11c C:/devkitPro/devkitARM/bin/../lib/gcc/arm-none-eabi/15.1.0/thumb\libgcc.a(_udivsi3.o)
                0x0200b9c8                __aeabi_uidiv
                0x0200b9c8                __udivsi3
                0x0200bac4                __aeabi_uidivmod
 .text          0x0200bae4      0x150 C:/devkitPro/devkitARM/bin/../lib/gcc/arm-none-eabi/15.1.0/thumb\libgcc.a(_divsi3.o)
                0x0200bae4                __divsi3
                0x0200bae4                __aeabi_idiv
                0x0200bc14                __aeabi_idivmod
 .text          0x0200bc34        0x4 C:/devkitPro/devkitARM/bin/../lib/gcc/arm-none-eabi/15.1.0/thumb\libgcc.a(_dvmd_tls.o)
                0x0200bc34                __aeabi_idiv0
                0x0200bc34                __aeabi_ldiv0
 .text          0x0200bc38       0x3c C:/devkitPro/devkitARM/bin/../lib/gcc/arm-none-eabi/15.1.0/thumb\libgcc.a(_aeabi_uldivmod.o)
                0x0200bc38                __aeabi_uldivmod
 .text.__udivmoddi4
                0x0200bc74      0x194 C:/devkitPro/devkitARM/bin/../lib/gcc/arm-none-eabi/15.1.0/thumb\libgcc.a(_udivmoddi4.o)
                0x0200bc74                __udivmoddi4
 .text          0x0200be08       0x28 C:/devkitPro/devkitARM/bin/../lib/gcc/arm-none-eabi/15.1.0/thumb\libgcc.a(_clzdi2.o)
                0x0200be08                __clzdi2
 .text          0x0200be30       0x48 C:/devkitPro/devkitARM/bin/../lib/gcc/arm-none-eabi/15.1.0/thumb\libgcc.a(_clzsi2.o)
                0x0200be30                __clzsi2
 .text.strchr   0x0200be78       0xbc C:/devkitPro/devkitARM/bin/../lib/gcc/arm-none-eabi/15.1.0/../../../../arm-none-eabi/lib/thumb\libg.a(libc_a-strchr.o)
                0x0200be78                strchr
 .text._fclose_r
                0x0200bf34       0xdc C:/devkitPro/devkitARM/bin/../lib/gcc/arm-none-eabi/15.1.0/../../../../arm-none-eabi/lib/thumb\libg.a(libc_a-fclose.o)
                0x0200bf34                _fclose_r
 .text.memcmp   0x0200c010       0x48 C:/devkitPro/devkitARM/bin/../lib/gcc/arm-none-eabi/15.1.0/../../../../arm-none-eabi/lib/thumb\libg.a(libc_a-memcmp.o)
                0x0200c010                memcmp
 .text.stdio_exit_handler
                0x0200c058       0x20 C:/devkitPro/devkitARM/bin/../lib/gcc/arm-none-eabi/15.1.0/../../../../arm-none-eabi/lib/thumb\libg.a(libc_a-findfp.o)
 .text.cleanup_stdio
                0x0200c078       0x40 C:/devkitPro/devkitARM/bin/../lib/gcc/arm-none-eabi/15.1.0/../../../../arm-none-eabi/lib/thumb\libg.a(libc_a-findfp.o)
 .text.global_stdio_init.part.0
                0x0200c0b8      0x120 C:/devkitPro/devkitARM/bin/../lib/gcc/arm-none-eabi/15.1.0/../../../../arm-none-eabi/lib/thumb\libg.a(libc_a-findfp.o)
 .text.__sinit  0x0200c1d8       0x3c C:/devkitPro/devkitARM/bin/../lib/gcc/arm-none-eabi/15.1.0/../../../../arm-none-eabi/lib/thumb\libg.a(libc_a-findfp.o)
                0x0200c1d8                __sinit
 .text.__sfp_lock_acquire
                0x0200c214       0x14 C:/devkitPro/devkitARM/bin/../lib/gcc/arm-none-eabi/15.1.0/../../../../arm-none-eabi/lib/thumb\libg.a(libc_a-findfp.o)
                0x0200c214                __sfp_lock_acquire
 .text.__sfp_lock_release
                0x0200c228       0x14 C:/devkitPro/devkitARM/bin/../lib/gcc/arm-none-eabi/15.1.0/../../../../arm-none-eabi/lib/thumb\libg.a(libc_a-findfp.o)
                0x0200c228                __sfp_lock_release
 .text.__libc_init_array
                0x0200c23c       0x54 C:/devkitPro/devkitARM/bin/../lib/gcc/arm-none-eabi/15.1.0/../../../../arm-none-eabi/lib/thumb\libg.a(libc_a-init.o)
                0x0200c23c                __libc_init_array
 .text._fwalk_sglue
                0x0200c290       0x4c C:/devkitPro/devkitARM/bin/../lib/gcc/arm-none-eabi/15.1.0/../../../../arm-none-eabi/lib/thumb\libg.a(libc_a-fwalk.o)
                0x0200c290                _fwalk_sglue
 .text.calloc   0x0200c2dc       0x18 C:/devkitPro/devkitARM/bin/../lib/gcc/arm-none-eabi/15.1.0/../../../../arm-none-eabi/lib/thumb\libg.a(libc_a-calloc.o)
                0x0200c2dc                calloc
 .text.siscanf  0x0200c2f4       0x50 C:/devkitPro/devkitARM/bin/../lib/gcc/arm-none-eabi/15.1.0/../../../../arm-none-eabi/lib/thumb\libg.a(libc_a-siscanf.o)
                0x0200c2f4                siscanf
 .text.strrchr  0x0200c344       0x30 C:/devkitPro/devkitARM/bin/../lib/gcc/arm-none-eabi/15.1.0/../../../../arm-none-eabi/lib/thumb\libg.a(libc_a-strrchr.o)
                0x0200c344                strrchr
 .text.aligned_alloc
                0x0200c374       0x18 C:/devkitPro/devkitARM/bin/../lib/gcc/arm-none-eabi/15.1.0/../../../../arm-none-eabi/lib/thumb\libg.a(libc_a-aligned_alloc.o)
                0x0200c374                aligned_alloc
 .text._calloc_r
                0x0200c38c       0xcc C:/devkitPro/devkitARM/bin/../lib/gcc/arm-none-eabi/15.1.0/../../../../arm-none-eabi/lib/thumb\libg.a(libc_a-callocr.o)
                0x0200c38c                _calloc_r
 .text.validate_structure
                0x0200c458      0x1e8 C:/devkitPro/devkitARM/bin/../lib/gcc/arm-none-eabi/15.1.0/../../../../arm-none-eabi/lib/thumb\libg.a(libc_a-mktime.o)
 .text.mktime   0x0200c640      0x434 C:/devkitPro/devkitARM/bin/../lib/gcc/arm-none-eabi/15.1.0/../../../../arm-none-eabi/lib/thumb\libg.a(libc_a-mktime.o)
                0x0200c640                mktime
 .text.__tz_lock
                0x0200ca74       0x14 C:/devkitPro/devkitARM/bin/../lib/gcc/arm-none-eabi/15.1.0/../../../../arm-none-eabi/lib/thumb\libg.a(libc_a-tzlock.o)
                0x0200ca74                __tz_lock
 .text.__tz_unlock
                0x0200ca88       0x14 C:/devkitPro/devkitARM/bin/../lib/gcc/arm-none-eabi/15.1.0/../../../../arm-none-eabi/lib/thumb\libg.a(libc_a-tzlock.o)
                0x0200ca88                __tz_unlock
 .text._malloc_r
                0x0200ca9c      0x550 C:/devkitPro/devkitARM/bin/../lib/gcc/arm-none-eabi/15.1.0/../../../../arm-none-eabi/lib/thumb\libg.a(libc_a-mallocr.o)
                0x0200ca9c                _malloc_r
 .text._malloc_trim_r
                0x0200cfec       0xac C:/devkitPro/devkitARM/bin/../lib/gcc/arm-none-eabi/15.1.0/../../../../arm-none-eabi/lib/thumb\libg.a(libc_a-freer.o)
                0x0200cfec                _malloc_trim_r
 .text._free_r  0x0200d098      0x1d8 C:/devkitPro/devkitARM/bin/../lib/gcc/arm-none-eabi/15.1.0/../../../../arm-none-eabi/lib/thumb\libg.a(libc_a-freer.o)
                0x0200d098                _free_r
 .text.strnlen  0x0200d270       0x20 C:/devkitPro/devkitARM/bin/../lib/gcc/arm-none-eabi/15.1.0/../../../../arm-none-eabi/lib/thumb\libg.a(libc_a-strnlen.o)
                0x0200d270                strnlen
 .text.malloc   0x0200d290       0x28 C:/devkitPro/devkitARM/bin/../lib/gcc/arm-none-eabi/15.1.0/../../../../arm-none-eabi/lib/thumb\libg.a(libc_a-malloc.o)
                0x0200d290                malloc
 .text.free     0x0200d2b8       0x14 C:/devkitPro/devkitARM/bin/../lib/gcc/arm-none-eabi/15.1.0/../../../../arm-none-eabi/lib/thumb\libg.a(libc_a-malloc.o)
                0x0200d2b8                free
 .text.__sflush_r
                0x0200d2cc      0x180 C:/devkitPro/devkitARM/bin/../lib/gcc/arm-none-eabi/15.1.0/../../../../arm-none-eabi/lib/thumb\libg.a(libc_a-fflush.o)
                0x0200d2cc                __sflush_r
 .text._fflush_r
                0x0200d44c       0x70 C:/devkitPro/devkitARM/bin/../lib/gcc/arm-none-eabi/15.1.0/../../../../arm-none-eabi/lib/thumb\libg.a(libc_a-fflush.o)
                0x0200d44c                _fflush_r
 .text.time     0x0200d4bc       0x38 C:/devkitPro/devkitARM/bin/../lib/gcc/arm-none-eabi/15.1.0/../../../../arm-none-eabi/lib/thumb\libg.a(libc_a-time.o)
                0x0200d4bc                time
 .text.memset   0x0200d4f4       0x8c C:/devkitPro/devkitARM/bin/../lib/gcc/arm-none-eabi/15.1.0/../../../../arm-none-eabi/lib/thumb\libg.a(libc_a-memset.o)
                0x0200d4f4                memset
 .text.localtime_r
                0x0200d580      0x228 C:/devkitPro/devkitARM/bin/../lib/gcc/arm-none-eabi/15.1.0/../../../../arm-none-eabi/lib/thumb\libg.a(libc_a-lcltime_r.o)
                0x0200d580                localtime_r
 .text.__malloc_lock
                0x0200d7a8       0x14 C:/devkitPro/devkitARM/bin/../lib/gcc/arm-none-eabi/15.1.0/../../../../arm-none-eabi/lib/thumb\libg.a(libc_a-mlock.o)
                0x0200d7a8                __malloc_lock
 .text.__malloc_unlock
                0x0200d7bc       0x14 C:/devkitPro/devkitARM/bin/../lib/gcc/arm-none-eabi/15.1.0/../../../../arm-none-eabi/lib/thumb\libg.a(libc_a-mlock.o)
                0x0200d7bc                __malloc_unlock
 .text.__tzcalc_limits
                0x0200d7d0      0x1ac C:/devkitPro/devkitARM/bin/../lib/gcc/arm-none-eabi/15.1.0/../../../../arm-none-eabi/lib/thumb\libg.a(libc_a-tzcalc_limits.o)
                0x0200d7d0                __tzcalc_limits
 .text          0x0200d97c      0x224 C:/devkitPro/devkitARM/bin/../lib/gcc/arm-none-eabi/15.1.0/../../../../arm-none-eabi/lib/thumb\libg.a(libc_a-strcmp.o)
                0x0200d97c                strcmp
 .text.__call_exitprocs
                0x0200dba0        0xc C:/devkitPro/devkitARM/bin/../lib/gcc/arm-none-eabi/15.1.0/../../../../arm-none-eabi/lib/thumb\libg.a(libc_a-exit.o)
                0x0200dba0                __call_exitprocs
 .text.setvbuf  0x0200dbac      0x1ac C:/devkitPro/devkitARM/bin/../lib/gcc/arm-none-eabi/15.1.0/../../../../arm-none-eabi/lib/thumb\libg.a(libc_a-setvbuf.o)
                0x0200dbac                setvbuf
 .text.memcpy   0x0200dd58       0xb0 C:/devkitPro/devkitARM/bin/../lib/gcc/arm-none-eabi/15.1.0/../../../../arm-none-eabi/lib/thumb\libg.a(libc_a-memcpy-stub.o)
                0x0200dd58                memcpy
 .text.iprintf  0x0200de08       0x28 C:/devkitPro/devkitARM/bin/../lib/gcc/arm-none-eabi/15.1.0/../../../../arm-none-eabi/lib/thumb\libg.a(libc_a-iprintf.o)
                0x0200de08                iprintf
 .text.__sfvwrite_r
                0x0200de30      0x31c C:/devkitPro/devkitARM/bin/../lib/gcc/arm-none-eabi/15.1.0/../../../../arm-none-eabi/lib/thumb\libg.a(libc_a-fvwrite.o)
                0x0200de30                __sfvwrite_r
 .text.__sread  0x0200e14c       0x34 C:/devkitPro/devkitARM/bin/../lib/gcc/arm-none-eabi/15.1.0/../../../../arm-none-eabi/lib/thumb\libg.a(libc_a-stdio.o)
                0x0200e14c                __sread
 .text.__seofread
                0x0200e180        0x4 C:/devkitPro/devkitARM/bin/../lib/gcc/arm-none-eabi/15.1.0/../../../../arm-none-eabi/lib/thumb\libg.a(libc_a-stdio.o)
                0x0200e180                __seofread
 .text.__swrite
                0x0200e184       0x4c C:/devkitPro/devkitARM/bin/../lib/gcc/arm-none-eabi/15.1.0/../../../../arm-none-eabi/lib/thumb\libg.a(libc_a-stdio.o)
                0x0200e184                __swrite
 .text.__sseek  0x0200e1d0       0x3c C:/devkitPro/devkitARM/bin/../lib/gcc/arm-none-eabi/15.1.0/../../../../arm-none-eabi/lib/thumb\libg.a(libc_a-stdio.o)
                0x0200e1d0                __sseek
 .text.__sclose
                0x0200e20c       0x10 C:/devkitPro/devkitARM/bin/../lib/gcc/arm-none-eabi/15.1.0/../../../../arm-none-eabi/lib/thumb\libg.a(libc_a-stdio.o)
                0x0200e20c                __sclose
 .text.memmove  0x0200e21c       0xcc C:/devkitPro/devkitARM/bin/../lib/gcc/arm-none-eabi/15.1.0/../../../../arm-none-eabi/lib/thumb\libg.a(libc_a-memmove.o)
                0x0200e21c                memmove
 .text.gmtime_r
                0x0200e2e8      0x1b4 C:/devkitPro/devkitARM/bin/../lib/gcc/arm-none-eabi/15.1.0/../../../../arm-none-eabi/lib/thumb\libg.a(libc_a-gmtime_r.o)
                0x0200e2e8                gmtime_r
 .text.get_arg  0x0200e49c      0x404 C:/devkitPro/devkitARM/bin/../lib/gcc/arm-none-eabi/15.1.0/../../../../arm-none-eabi/lib/thumb\libg.a(libc_a-vfiprintf.o)
 .text._vfiprintf_r
                0x0200e8a0     0x16d0 C:/devkitPro/devkitARM/bin/../lib/gcc/arm-none-eabi/15.1.0/../../../../arm-none-eabi/lib/thumb\libg.a(libc_a-vfiprintf.o)
                0x0200e8a0                _vfiprintf_r
 .text.__sbprintf
                0x0200ff70       0x7c C:/devkitPro/devkitARM/bin/../lib/gcc/arm-none-eabi/15.1.0/../../../../arm-none-eabi/lib/thumb\libg.a(libc_a-vfiprintf.o)
 .text.strlen   0x0200ffec       0x60 C:/devkitPro/devkitARM/bin/../lib/gcc/arm-none-eabi/15.1.0/../../../../arm-none-eabi/lib/thumb\libg.a(libc_a-strlen.o)
                0x0200ffec                strlen
 .text._memalign_r
                0x0201004c      0x118 C:/devkitPro/devkitARM/bin/../lib/gcc/arm-none-eabi/15.1.0/../../../../arm-none-eabi/lib/thumb\libg.a(libc_a-malignr.o)
                0x0201004c                _memalign_r
 .text.div      0x02010164       0x18 C:/devkitPro/devkitARM/bin/../lib/gcc/arm-none-eabi/15.1.0/../../../../arm-none-eabi/lib/thumb\libg.a(libc_a-div.o)
                0x02010164                div
 .text.get_arg  0x0201017c       0x3e C:/devkitPro/devkitARM/bin/../lib/gcc/arm-none-eabi/15.1.0/../../../../arm-none-eabi/lib/thumb\libg.a(libc_a-svfiscanf.o)
 .text._sungetc_r
                0x020101ba       0x7e C:/devkitPro/devkitARM/bin/../lib/gcc/arm-none-eabi/15.1.0/../../../../arm-none-eabi/lib/thumb\libg.a(libc_a-svfiscanf.o)
                0x020101ba                _sungetc_r
 .text.__ssrefill_r
                0x02010238       0x42 C:/devkitPro/devkitARM/bin/../lib/gcc/arm-none-eabi/15.1.0/../../../../arm-none-eabi/lib/thumb\libg.a(libc_a-svfiscanf.o)
                0x02010238                __ssrefill_r
 .text._sfread_r
                0x0201027a       0x88 C:/devkitPro/devkitARM/bin/../lib/gcc/arm-none-eabi/15.1.0/../../../../arm-none-eabi/lib/thumb\libg.a(libc_a-svfiscanf.o)
                0x0201027a                _sfread_r
 *fill*         0x02010302        0x2 ff
 .text.__ssvfiscanf_r
                0x02010304     0x1984 C:/devkitPro/devkitARM/bin/../lib/gcc/arm-none-eabi/15.1.0/../../../../arm-none-eabi/lib/thumb\libg.a(libc_a-svfiscanf.o)
                0x02010304                __ssvfiscanf_r
 .text._strtoul_l.isra.0
                0x02011c88      0x150 C:/devkitPro/devkitARM/bin/../lib/gcc/arm-none-eabi/15.1.0/../../../../arm-none-eabi/lib/thumb\libg.a(libc_a-strtoul.o)
 .text._strtoul_r
                0x02011dd8       0x20 C:/devkitPro/devkitARM/bin/../lib/gcc/arm-none-eabi/15.1.0/../../../../arm-none-eabi/lib/thumb\libg.a(libc_a-strtoul.o)
                0x02011dd8                _strtoul_r
 .text.strtoul  0x02011df8       0x24 C:/devkitPro/devkitARM/bin/../lib/gcc/arm-none-eabi/15.1.0/../../../../arm-none-eabi/lib/thumb\libg.a(libc_a-strtoul.o)
                0x02011df8                strtoul
 .text._tzset_unlocked
                0x02011e1c       0x10 C:/devkitPro/devkitARM/bin/../lib/gcc/arm-none-eabi/15.1.0/../../../../arm-none-eabi/lib/thumb\libg.a(libc_a-tzset.o)
                0x02011e1c                _tzset_unlocked
 .text.__sprint_r
                0x02011e2c       0x24 C:/devkitPro/devkitARM/bin/../lib/gcc/arm-none-eabi/15.1.0/../../../../arm-none-eabi/lib/thumb\libg.a(libc_a-sprint_r.o)
                0x02011e2c                __sprint_r
 .text.iswspace
                0x02011e50       0x10 C:/devkitPro/devkitARM/bin/../lib/gcc/arm-none-eabi/15.1.0/../../../../arm-none-eabi/lib/thumb\libg.a(libc_a-iswspace.o)
                0x02011e50                iswspace
 .text.__gettzinfo
                0x02011e60        0x8 C:/devkitPro/devkitARM/bin/../lib/gcc/arm-none-eabi/15.1.0/../../../../arm-none-eabi/lib/thumb\libg.a(libc_a-gettzinfo.o)
                0x02011e60                __gettzinfo
 .text._localeconv_r
                0x02011e68       0x1c C:/devkitPro/devkitARM/bin/../lib/gcc/arm-none-eabi/15.1.0/../../../../arm-none-eabi/lib/thumb\libg.a(libc_a-localeconv.o)
                0x02011e68                _localeconv_r
 .text.realloc  0x02011e84       0x18 C:/devkitPro/devkitARM/bin/../lib/gcc/arm-none-eabi/15.1.0/../../../../arm-none-eabi/lib/thumb\libg.a(libc_a-realloc.o)
                0x02011e84                realloc
 .text.memchr   0x02011e9c       0x74 C:/devkitPro/devkitARM/bin/../lib/gcc/arm-none-eabi/15.1.0/../../../../arm-none-eabi/lib/thumb\libg.a(libc_a-memchr-stub.o)
                0x02011e9c                memchr
 .text._wcrtomb_r
                0x02011f10       0x84 C:/devkitPro/devkitARM/bin/../lib/gcc/arm-none-eabi/15.1.0/../../../../arm-none-eabi/lib/thumb\libg.a(libc_a-wcrtomb.o)
                0x02011f10                _wcrtomb_r
 .text._strtol_l.part.0
                0x02011f94      0x25c C:/devkitPro/devkitARM/bin/../lib/gcc/arm-none-eabi/15.1.0/../../../../arm-none-eabi/lib/thumb\libg.a(libc_a-strtol.o)
 .text._strtol_r
                0x020121f0       0x34 C:/devkitPro/devkitARM/bin/../lib/gcc/arm-none-eabi/15.1.0/../../../../arm-none-eabi/lib/thumb\libg.a(libc_a-strtol.o)
                0x020121f0                _strtol_r
 .text.__libc_fini_array
                0x02012224       0x30 C:/devkitPro/devkitARM/bin/../lib/gcc/arm-none-eabi/15.1.0/../../../../arm-none-eabi/lib/thumb\libg.a(libc_a-fini.o)
                0x02012224                __libc_fini_array
 .text._tzset_unlocked_r
                0x02012254      0x490 C:/devkitPro/devkitARM/bin/../lib/gcc/arm-none-eabi/15.1.0/../../../../arm-none-eabi/lib/thumb\libg.a(libc_a-tzset_r.o)
                0x02012254                _tzset_unlocked_r
 .text.__sccl   0x020126e4       0xb0 C:/devkitPro/devkitARM/bin/../lib/gcc/arm-none-eabi/15.1.0/../../../../arm-none-eabi/lib/thumb\libg.a(libc_a-sccl.o)
                0x020126e4                __sccl
 .text.__smakebuf_r
                0x02012794       0xe0 C:/devkitPro/devkitARM/bin/../lib/gcc/arm-none-eabi/15.1.0/../../../../arm-none-eabi/lib/thumb\libg.a(libc_a-makebuf.o)
                0x02012794                __smakebuf_r
 .text.__swhatbuf_r
                0x02012874       0x5c C:/devkitPro/devkitARM/bin/../lib/gcc/arm-none-eabi/15.1.0/../../../../arm-none-eabi/lib/thumb\libg.a(libc_a-makebuf.o)
                0x02012874                __swhatbuf_r
 .text._findenv_r
                0x020128d0       0x94 C:/devkitPro/devkitARM/bin/../lib/gcc/arm-none-eabi/15.1.0/../../../../arm-none-eabi/lib/thumb\libg.a(libc_a-getenv_r.o)
                0x020128d0                _findenv_r
 .text._getenv_r
                0x02012964       0x10 C:/devkitPro/devkitARM/bin/../lib/gcc/arm-none-eabi/15.1.0/../../../../arm-none-eabi/lib/thumb\libg.a(libc_a-getenv_r.o)
                0x02012964                _getenv_r
 .text._realloc_r
                0x02012974      0x344 C:/devkitPro/devkitARM/bin/../lib/gcc/arm-none-eabi/15.1.0/../../../../arm-none-eabi/lib/thumb\libg.a(libc_a-reallocr.o)
                0x02012974                _realloc_r
 .text.strncpy  0x02012cb8       0x68 C:/devkitPro/devkitARM/bin/../lib/gcc/arm-none-eabi/15.1.0/../../../../arm-none-eabi/lib/thumb\libg.a(libc_a-strncpy.o)
                0x02012cb8                strncpy
 .text._strtoull_l.isra.0
                0x02012d20      0x1c0 C:/devkitPro/devkitARM/bin/../lib/gcc/arm-none-eabi/15.1.0/../../../../arm-none-eabi/lib/thumb\libg.a(libc_a-strtoull.o)
 .text._strtoull_r
                0x02012ee0       0x20 C:/devkitPro/devkitARM/bin/../lib/gcc/arm-none-eabi/15.1.0/../../../../arm-none-eabi/lib/thumb\libg.a(libc_a-strtoull.o)
                0x02012ee0                _strtoull_r
 .text._wcsrtombs_r
                0x02012f00       0x20 C:/devkitPro/devkitARM/bin/../lib/gcc/arm-none-eabi/15.1.0/../../../../arm-none-eabi/lib/thumb\libg.a(libc_a-wcsrtombs.o)
                0x02012f00                _wcsrtombs_r
 .text._mbrtowc_r
                0x02012f20       0x98 C:/devkitPro/devkitARM/bin/../lib/gcc/arm-none-eabi/15.1.0/../../../../arm-none-eabi/lib/thumb\libg.a(libc_a-mbrtowc.o)
                0x02012f20                _mbrtowc_r
 .text.__swsetup_r
                0x02012fb8       0xd4 C:/devkitPro/devkitARM/bin/../lib/gcc/arm-none-eabi/15.1.0/../../../../arm-none-eabi/lib/thumb\libg.a(libc_a-wsetup.o)
                0x02012fb8                __swsetup_r
 .text.strncmp  0x0201308c       0x70 C:/devkitPro/devkitARM/bin/../lib/gcc/arm-none-eabi/15.1.0/../../../../arm-none-eabi/lib/thumb\libg.a(libc_a-strncmp.o)
                0x0201308c                strncmp
 .text.__env_lock
                0x020130fc       0x14 C:/devkitPro/devkitARM/bin/../lib/gcc/arm-none-eabi/15.1.0/../../../../arm-none-eabi/lib/thumb\libg.a(libc_a-envlock.o)
                0x020130fc                __env_lock
 .text.__env_unlock
                0x02013110       0x14 C:/devkitPro/devkitARM/bin/../lib/gcc/arm-none-eabi/15.1.0/../../../../arm-none-eabi/lib/thumb\libg.a(libc_a-envlock.o)
                0x02013110                __env_unlock
 .text.iswspace_l
                0x02013124       0x28 C:/devkitPro/devkitARM/bin/../lib/gcc/arm-none-eabi/15.1.0/../../../../arm-none-eabi/lib/thumb\libg.a(libc_a-iswspace_l.o)
                0x02013124                iswspace_l
 .text._strtoll_l.isra.0
                0x0201314c      0x300 C:/devkitPro/devkitARM/bin/../lib/gcc/arm-none-eabi/15.1.0/../../../../arm-none-eabi/lib/thumb\libg.a(libc_a-strtoll.o)
 .text._strtoll_r
                0x0201344c       0x20 C:/devkitPro/devkitARM/bin/../lib/gcc/arm-none-eabi/15.1.0/../../../../arm-none-eabi/lib/thumb\libg.a(libc_a-strtoll.o)
                0x0201344c                _strtoll_r
 .text.__locale_mb_cur_max
                0x0201346c       0x20 C:/devkitPro/devkitARM/bin/../lib/gcc/arm-none-eabi/15.1.0/../../../../arm-none-eabi/lib/thumb\libg.a(libc_a-locale.o)
                0x0201346c                __locale_mb_cur_max
 .text.__submore
                0x0201348c       0x7c C:/devkitPro/devkitARM/bin/../lib/gcc/arm-none-eabi/15.1.0/../../../../arm-none-eabi/lib/thumb\libg.a(libc_a-ungetc.o)
                0x0201348c                __submore
 .text._wcsnrtombs_l
                0x02013508      0x11c C:/devkitPro/devkitARM/bin/../lib/gcc/arm-none-eabi/15.1.0/../../../../arm-none-eabi/lib/thumb\libg.a(libc_a-wcsnrtombs.o)
                0x02013508                _wcsnrtombs_l
 .text._wcsnrtombs_r
                0x02013624       0x40 C:/devkitPro/devkitARM/bin/../lib/gcc/arm-none-eabi/15.1.0/../../../../arm-none-eabi/lib/thumb\libg.a(libc_a-wcsnrtombs.o)
                0x02013624                _wcsnrtombs_r
 .text.__utf8_mbtowc
                0x02013664      0x24c C:/devkitPro/devkitARM/bin/../lib/gcc/arm-none-eabi/15.1.0/../../../../arm-none-eabi/lib/thumb\libg.a(libc_a-mbtowc_r.o)
                0x02013664                __utf8_mbtowc
 .text.strcpy   0x020138b0       0x10 C:/devkitPro/devkitARM/bin/../lib/gcc/arm-none-eabi/15.1.0/../../../../arm-none-eabi/lib/thumb\libg.a(libc_a-strcpy.o)
                0x020138b0                strcpy
 .text.category
                0x020138c0       0x5c C:/devkitPro/devkitARM/bin/../lib/gcc/arm-none-eabi/15.1.0/../../../../arm-none-eabi/lib/thumb\libg.a(libc_a-categories.o)
                0x020138c0                category
 .text.__utf8_wctomb
                0x0201391c       0xbc C:/devkitPro/devkitARM/bin/../lib/gcc/arm-none-eabi/15.1.0/../../../../arm-none-eabi/lib/thumb\libg.a(libc_a-wctomb_r.o)
                0x0201391c                __utf8_wctomb
 .text._exit    0x020139d8       0x14 C:/devkitPro/devkitARM/bin/../lib/gcc/arm-none-eabi/15.1.0/../../../../arm-none-eabi/lib/thumb\libsysbase.a(libsysbase_libsysbase_a-_exit.o)
                0x020139d8                _exit
 .text.chdir    0x020139ec       0xe4 C:/devkitPro/devkitARM/bin/../lib/gcc/arm-none-eabi/15.1.0/../../../../arm-none-eabi/lib/thumb\libsysbase.a(libsysbase_libsysbase_a-chdir.o)
                0x020139ec                chdir
 .text._concatenate_path
                0x02013ad0      0x134 C:/devkitPro/devkitARM/bin/../lib/gcc/arm-none-eabi/15.1.0/../../../../arm-none-eabi/lib/thumb\libsysbase.a(libsysbase_libsysbase_a-concatenate.o)
                0x02013ad0                _concatenate_path
 .text._fstat_r
                0x02013c04       0x5c C:/devkitPro/devkitARM/bin/../lib/gcc/arm-none-eabi/15.1.0/../../../../arm-none-eabi/lib/thumb\libsysbase.a(libsysbase_libsysbase_a-fstat.o)
                0x02013c04                _fstat_r
 .text.__getreent
                0x02013c60       0x20 C:/devkitPro/devkitARM/bin/../lib/gcc/arm-none-eabi/15.1.0/../../../../arm-none-eabi/lib/thumb\libsysbase.a(libsysbase_libsysbase_a-getreent.o)
                0x02013c60                __getreent
 .text._gettimeofday_r
                0x02013c80       0x20 C:/devkitPro/devkitARM/bin/../lib/gcc/arm-none-eabi/15.1.0/../../../../arm-none-eabi/lib/thumb\libsysbase.a(libsysbase_libsysbase_a-gettod.o)
                0x02013c80                _gettimeofday_r
 .text.__get_handle
                0x02013ca0       0x34 C:/devkitPro/devkitARM/bin/../lib/gcc/arm-none-eabi/15.1.0/../../../../arm-none-eabi/lib/thumb\libsysbase.a(libsysbase_libsysbase_a-handle_manager.o)
                0x02013ca0                __get_handle
 .text._close_r
                0x02013cd4       0xb0 C:/devkitPro/devkitARM/bin/../lib/gcc/arm-none-eabi/15.1.0/../../../../arm-none-eabi/lib/thumb\libsysbase.a(libsysbase_libsysbase_a-handle_manager.o)
                0x02013cd4                _close_r
 .text.null_write
                0x02013d84        0x4 C:/devkitPro/devkitARM/bin/../lib/gcc/arm-none-eabi/15.1.0/../../../../arm-none-eabi/lib/thumb\libsysbase.a(libsysbase_libsysbase_a-iosupport.o)
 .text.setDefaultDevice
                0x02013d88       0x10 C:/devkitPro/devkitARM/bin/../lib/gcc/arm-none-eabi/15.1.0/../../../../arm-none-eabi/lib/thumb\libsysbase.a(libsysbase_libsysbase_a-iosupport.o)
                0x02013d88                setDefaultDevice
 .text.FindDevice
                0x02013d98       0x90 C:/devkitPro/devkitARM/bin/../lib/gcc/arm-none-eabi/15.1.0/../../../../arm-none-eabi/lib/thumb\libsysbase.a(libsysbase_libsysbase_a-iosupport.o)
                0x02013d98                FindDevice
 .text.AddDevice
                0x02013e28       0x7c C:/devkitPro/devkitARM/bin/../lib/gcc/arm-none-eabi/15.1.0/../../../../arm-none-eabi/lib/thumb\libsysbase.a(libsysbase_libsysbase_a-iosupport.o)
                0x02013e28                AddDevice
 .text.GetDeviceOpTab
                0x02013ea4       0x20 C:/devkitPro/devkitARM/bin/../lib/gcc/arm-none-eabi/15.1.0/../../../../arm-none-eabi/lib/thumb\libsysbase.a(libsysbase_libsysbase_a-iosupport.o)
                0x02013ea4                GetDeviceOpTab
 .text._isatty_r
                0x02013ec4        0x4 C:/devkitPro/devkitARM/bin/../lib/gcc/arm-none-eabi/15.1.0/../../../../arm-none-eabi/lib/thumb\libsysbase.a(libsysbase_libsysbase_a-isatty.o)
                0x02013ec4                _isatty_r
 .text._lseek_r
                0x02013ec8       0x64 C:/devkitPro/devkitARM/bin/../lib/gcc/arm-none-eabi/15.1.0/../../../../arm-none-eabi/lib/thumb\libsysbase.a(libsysbase_libsysbase_a-lseek.o)
                0x02013ec8                _lseek_r
 .text._read_r  0x02013f2c       0x5c C:/devkitPro/devkitARM/bin/../lib/gcc/arm-none-eabi/15.1.0/../../../../arm-none-eabi/lib/thumb\libsysbase.a(libsysbase_libsysbase_a-read.o)
                0x02013f2c                _read_r
 .text._sbrk_r  0x02013f88       0x50 C:/devkitPro/devkitARM/bin/../lib/gcc/arm-none-eabi/15.1.0/../../../../arm-none-eabi/lib/thumb\libsysbase.a(libsysbase_libsysbase_a-sbrk.o)
                0x02013f88                _sbrk_r
 .text.__libc_lock_acquire
                0x02013fd8       0x18 C:/devkitPro/devkitARM/bin/../lib/gcc/arm-none-eabi/15.1.0/../../../../arm-none-eabi/lib/thumb\libsysbase.a(libsysbase_libsysbase_a-syscall_support.o)
                0x02013fd8                __libc_lock_acquire
 .text.__libc_lock_release
                0x02013ff0       0x18 C:/devkitPro/devkitARM/bin/../lib/gcc/arm-none-eabi/15.1.0/../../../../arm-none-eabi/lib/thumb\libsysbase.a(libsysbase_libsysbase_a-syscall_support.o)
                0x02013ff0                __libc_lock_release
 .text.__libc_lock_acquire_recursive
                0x02014008       0x18 C:/devkitPro/devkitARM/bin/../lib/gcc/arm-none-eabi/15.1.0/../../../../arm-none-eabi/lib/thumb\libsysbase.a(libsysbase_libsysbase_a-syscall_support.o)
                0x02014008                __libc_lock_acquire_recursive
 .text.__libc_lock_release_recursive
                0x02014020       0x18 C:/devkitPro/devkitARM/bin/../lib/gcc/arm-none-eabi/15.1.0/../../../../arm-none-eabi/lib/thumb\libsysbase.a(libsysbase_libsysbase_a-syscall_support.o)
                0x02014020                __libc_lock_release_recursive
 .text._write_r
                0x02014038       0x5c C:/devkitPro/devkitARM/bin/../lib/gcc/arm-none-eabi/15.1.0/../../../../arm-none-eabi/lib/thumb\libsysbase.a(libsysbase_libsysbase_a-write.o)
                0x02014038                _write_r
 .text          0x02014094       0x14 C:/devkitPro/devkitARM/bin/../lib/gcc/arm-none-eabi/15.1.0/thumb\libgcc.a(_thumb1_case_uqi.o)
                0x02014094                __gnu_thumb1_case_uqi
 .text          0x020140a8       0x14 C:/devkitPro/devkitARM/bin/../lib/gcc/arm-none-eabi/15.1.0/thumb\libgcc.a(_thumb1_case_uhi.o)
                0x020140a8                __gnu_thumb1_case_uhi
 .text          0x020140bc       0xd4 C:/devkitPro/devkitARM/bin/../lib/gcc/arm-none-eabi/15.1.0/thumb\libgcc.a(_aeabi_ldivmod.o)
                0x020140bc                __aeabi_ldivmod
 .text.__muldi3
                0x02014190       0x58 C:/devkitPro/devkitARM/bin/../lib/gcc/arm-none-eabi/15.1.0/thumb\libgcc.a(_muldi3.o)
                0x02014190                __muldi3
                0x02014190                __aeabi_lmul
 EXCLUDE_FILE(*.twl.*) *(.glue_7t .glue_7 .vfp11_veneer .v4_bx)
 .glue_7        0x020141e8        0x0 linker stubs
 .glue_7t       0x020141e8        0x0 linker stubs
 .vfp11_veneer  0x020141e8        0x0 linker stubs
 .v4_bx         0x020141e8        0x0 linker stubs
 *(SORT_NONE(.fini))
 .fini          0x020141e8        0x4 C:/devkitPro/devkitARM/bin/../lib/gcc/arm-none-eabi/15.1.0/thumb/crti.o
                0x020141e8                _fini
 .fini          0x020141ec        0x8 C:/devkitPro/devkitARM/bin/../lib/gcc/arm-none-eabi/15.1.0/thumb/crtn.o
 *fill*         0x020141f4        0x4 ff
 .fini.__stub   0x020141f8       0x28 linker stubs
 EXCLUDE_FILE(*.twl.*) *(.rodata .rodata.* .gnu.linkonce.r.*)
 .rodata        0x02014220     0x2b7c GFXinput.o
                0x02014220                GFXinputBitmap
 .rodata._Z19getActionsFromTouchi
                0x02016d9c       0x20 template.o
 .rodata.main.str1.4
                0x02016dbc      0x1c4 template.o
                                 0x6a (size before relaxing)
 .rodata.dvmInit.str1.4
                0x02016f80        0xd C:/devkitPro/libnds/lib\libfat.a(dvm_calico.o)
 .rodata.s_dvmDiscCalicoIface
                0x02016f80       0x10 C:/devkitPro/libnds/lib\libfat.a(dvm_calico.o)
 .rodata.s_dvmDiscCacheIface
                0x02016f90       0x10 C:/devkitPro/libnds/lib\libfat.a(dvm_cache.o)
 .rodata.dvmMountVolume.str1.4
                0x02016fa0        0xc C:/devkitPro/libnds/lib\libfat.a(dvm_volume.o)
 .rodata._dvmIdentMbrVbr.str1.4
                0x02016fa0       0x3d C:/devkitPro/libnds/lib\libfat.a(dvm_prober.o)
 .rodata.fr_to_errno.0
                0x02016fa0       0x14 C:/devkitPro/libnds/lib\libfat.a(fat_driver.o)
 .rodata.str1.4
                0x02016fb4        0x5 C:/devkitPro/libnds/lib\libfat.a(fat_driver.o)
 .rodata.g_vfatFsDriver
                0x02016fb4       0x14 C:/devkitPro/libnds/lib\libfat.a(fat_driver.o)
                0x02016fb4                g_vfatFsDriver
 .rodata._FAT_devoptab
                0x02016fc8       0x80 C:/devkitPro/libnds/lib\libfat.a(fat_driver.o)
 .rodata.follow_path.str1.4
                0x02017048       0x13 C:/devkitPro/libnds/lib\libfat.a(ff.o)
 .rodata.check_fs.str1.4
                0x02017048        0x9 C:/devkitPro/libnds/lib\libfat.a(ff.o)
 .rodata.ExCvt  0x02017048       0x80 C:/devkitPro/libnds/lib\libfat.a(ff.o)
 .rodata.LfnOfs
                0x020170c8        0xd C:/devkitPro/libnds/lib\libfat.a(ff.o)
 .rodata.ff_wtoupper
                0x020170d5        0x9 C:/devkitPro/libnds/lib\libfat.a(ffunicode.o)
 *fill*         0x020170de        0x2 ff
 .rodata.cvt2.0
                0x020170e0       0xbc C:/devkitPro/libnds/lib\libfat.a(ffunicode.o)
 .rodata.cvt1.1
                0x0201719c      0x1f2 C:/devkitPro/libnds/lib\libfat.a(ffunicode.o)
 *fill*         0x0201738e        0x2 ff
 .rodata.uc437  0x02017390      0x100 C:/devkitPro/libnds/lib\libfat.a(ffunicode.o)
 .rodata.con_write.str1.4
                0x02017490       0x30 C:/devkitPro/libnds/lib\libnds9.a(console.o)
 .rodata.con_write
                0x02017490       0xd4 C:/devkitPro/libnds/lib\libnds9.a(console.o)
 .rodata.str1.4
                0x02017564       0x14 C:/devkitPro/libnds/lib\libnds9.a(console.o)
 .rodata.dotab_stdout
                0x02017564       0x80 C:/devkitPro/libnds/lib\libnds9.a(console.o)
 .rodata.decompress
                0x020175e4       0x14 C:/devkitPro/libnds/lib\libnds9.a(decompress.o)
 .rodata.SIN_LUT
                0x020175f8      0x102 C:/devkitPro/libnds/lib\libnds9.a(trig.o)
                0x020175f8                SIN_LUT
 *fill*         0x020176fa        0x2 ff
 .rodata.default_font_bin
                0x020176fc      0x800 C:/devkitPro/libnds/lib\libnds9.a(default_font.bin.o)
                0x020176fc                default_font_bin
                0x02017efc                default_font_bin_end
 .rodata._DAYS_BEFORE_MONTH
                0x02017efc       0x30 C:/devkitPro/devkitARM/bin/../lib/gcc/arm-none-eabi/15.1.0/../../../../arm-none-eabi/lib/thumb\libg.a(libc_a-mktime.o)
 .rodata.DAYS_IN_MONTH
                0x02017f2c       0x30 C:/devkitPro/devkitARM/bin/../lib/gcc/arm-none-eabi/15.1.0/../../../../arm-none-eabi/lib/thumb\libg.a(libc_a-mktime.o)
 .rodata.str1.4
                0x02017f5c        0x4 C:/devkitPro/devkitARM/bin/../lib/gcc/arm-none-eabi/15.1.0/../../../../arm-none-eabi/lib/thumb\libg.a(libc_a-tzvars.o)
 .rodata._vfiprintf_r.str1.1
                0x02017f5c       0x29 C:/devkitPro/devkitARM/bin/../lib/gcc/arm-none-eabi/15.1.0/../../../../arm-none-eabi/lib/thumb\libg.a(libc_a-vfiprintf.o)
 *fill*         0x02017f85        0x3 ff
 .rodata.zeroes.0
                0x02017f88       0x10 C:/devkitPro/devkitARM/bin/../lib/gcc/arm-none-eabi/15.1.0/../../../../arm-none-eabi/lib/thumb\libg.a(libc_a-vfiprintf.o)
 .rodata.blanks.1
                0x02017f98       0x10 C:/devkitPro/devkitARM/bin/../lib/gcc/arm-none-eabi/15.1.0/../../../../arm-none-eabi/lib/thumb\libg.a(libc_a-vfiprintf.o)
 .rodata.basefix.0
                0x02017fa8       0x22 C:/devkitPro/devkitARM/bin/../lib/gcc/arm-none-eabi/15.1.0/../../../../arm-none-eabi/lib/thumb\libg.a(libc_a-svfiscanf.o)
 *fill*         0x02017fca        0x2 ff
 .rodata.__month_lengths
                0x02017fcc       0x60 C:/devkitPro/devkitARM/bin/../lib/gcc/arm-none-eabi/15.1.0/../../../../arm-none-eabi/lib/thumb\libg.a(libc_a-month_lengths.o)
                0x02017fcc                __month_lengths
 .rodata._tzset_unlocked_r.str1.4
                0x0201802c       0x6b C:/devkitPro/devkitARM/bin/../lib/gcc/arm-none-eabi/15.1.0/../../../../arm-none-eabi/lib/thumb\libg.a(libc_a-tzset_r.o)
 .rodata._ctype_
                0x0201802c      0x101 C:/devkitPro/devkitARM/bin/../lib/gcc/arm-none-eabi/15.1.0/../../../../arm-none-eabi/lib/thumb\libg.a(libc_a-ctype_.o)
                0x0201802c                _ctype_
 *fill*         0x0201812d        0x3 ff
 .rodata.__action_table
                0x02018130       0x6c C:/devkitPro/devkitARM/bin/../lib/gcc/arm-none-eabi/15.1.0/../../../../arm-none-eabi/lib/thumb\libg.a(libc_a-svfiprintf.o)
                0x02018130                __action_table
 .rodata.__state_table
                0x0201819c       0x6c C:/devkitPro/devkitARM/bin/../lib/gcc/arm-none-eabi/15.1.0/../../../../arm-none-eabi/lib/thumb\libg.a(libc_a-svfiprintf.o)
                0x0201819c                __state_table
 .rodata.__chclass
                0x02018208      0x100 C:/devkitPro/devkitARM/bin/../lib/gcc/arm-none-eabi/15.1.0/../../../../arm-none-eabi/lib/thumb\libg.a(libc_a-svfiprintf.o)
                0x02018208                __chclass
 .rodata._mbrtowc_r.str1.4
                0x02018308        0x1 C:/devkitPro/devkitARM/bin/../lib/gcc/arm-none-eabi/15.1.0/../../../../arm-none-eabi/lib/thumb\libg.a(libc_a-mbrtowc.o)
 .rodata.str1.4
                0x02018308       0x4c C:/devkitPro/devkitARM/bin/../lib/gcc/arm-none-eabi/15.1.0/../../../../arm-none-eabi/lib/thumb\libg.a(libc_a-locale.o)
 .rodata.categories
                0x02018308     0x35dc C:/devkitPro/devkitARM/bin/../lib/gcc/arm-none-eabi/15.1.0/../../../../arm-none-eabi/lib/thumb\libg.a(libc_a-categories.o)
 .rodata.AddDevice.str1.4
                0x0201b8e4        0x8 C:/devkitPro/devkitARM/bin/../lib/gcc/arm-none-eabi/15.1.0/../../../../arm-none-eabi/lib/thumb\libsysbase.a(libsysbase_libsysbase_a-iosupport.o)
 .rodata.dotab_stdnull
                0x0201b8e4       0x80 C:/devkitPro/devkitARM/bin/../lib/gcc/arm-none-eabi/15.1.0/../../../../arm-none-eabi/lib/thumb\libsysbase.a(libsysbase_libsysbase_a-iosupport.o)
                0x0201b8e4                dotab_stdnull
 EXCLUDE_FILE(*.twl.*) *(.rodata1)
                0x0201b964                        . = ALIGN (0x4)

.main.rw        0x0201b968     0x1d24 load address 0x02023a20
 EXCLUDE_FILE(*.twl.*) *(.data .data.* .gnu.linkonce.d.*)
 .data.currentSubMode
                0x0201b968        0x1 template.o
                0x0201b968                currentSubMode
 .data.surfaceYres
                0x0201b969        0x1 template.o
                0x0201b969                surfaceYres
 .data.surfaceXres
                0x0201b96a        0x1 template.o
                0x0201b96a                surfaceXres
 .data.subSurfaceZoom
                0x0201b96b        0x1 template.o
                0x0201b96b                subSurfaceZoom
 .data.palleteSize
                0x0201b96c        0x4 template.o
                0x0201b96c                palleteSize
 .data.pixelsVRAM
                0x0201b970        0x4 template.o
                0x0201b970                pixelsVRAM
 .data.pixelsTopVRAM
                0x0201b974        0x4 template.o
                0x0201b974                pixelsTopVRAM
 .data.s_dvmDiscNand
                0x0201b978       0x10 C:/devkitPro/libnds/lib\libfat.a(dvm_calico.o)
 .data.s_dvmDiscSd
                0x0201b988       0x10 C:/devkitPro/libnds/lib\libfat.a(dvm_calico.o)
 .data.s_dvmDiscDldi
                0x0201b998       0x10 C:/devkitPro/libnds/lib\libfat.a(dvm_calico.o)
 .data.g_dvmDefaultSectorsPerPage
                0x0201b9a8        0x4 C:/devkitPro/libnds/lib\libfat.a(dvm_calico.o)
                0x0201b9a8                g_dvmDefaultSectorsPerPage
 .data.g_dvmDefaultCachePages
                0x0201b9ac        0x4 C:/devkitPro/libnds/lib\libfat.a(dvm_calico.o)
                0x0201b9ac                g_dvmDefaultCachePages
 .data.s_dvmFsDrvTable
                0x0201b9b0       0x20 C:/devkitPro/libnds/lib\libfat.a(dvm_volume.o)
 .data.bgTransform
                0x0201b9d0       0x20 C:/devkitPro/libnds/lib\libnds9.a(background.o)
                0x0201b9d0                bgTransform
 .data.bgScrollTable
                0x0201b9f0       0x20 C:/devkitPro/libnds/lib\libnds9.a(background.o)
                0x0201b9f0                bgScrollTable
 .data.bgControl
                0x0201ba10       0x20 C:/devkitPro/libnds/lib\libnds9.a(background.o)
                0x0201ba10                bgControl
 .data.firstConsoleInit.0
                0x0201ba30        0x1 C:/devkitPro/libnds/lib\libnds9.a(console.o)
 *fill*         0x0201ba31        0x3 ff
 .data.currentConsole
                0x0201ba34        0x4 C:/devkitPro/libnds/lib\libnds9.a(console.o)
                0x0201ba34                currentConsole
 .data.defaultConsole
                0x0201ba38       0x5c C:/devkitPro/libnds/lib\libnds9.a(console.o)
                0x0201ba38                defaultConsole
 .data.decomStream
                0x0201ba94        0xc C:/devkitPro/libnds/lib\libnds9.a(decompress.o)
                0x0201ba94                decomStream
 .data.count    0x0201baa0        0x1 C:/devkitPro/libnds/lib\libnds9.a(keys.o)
 .data.repeat   0x0201baa1        0x1 C:/devkitPro/libnds/lib\libnds9.a(keys.o)
 .data.delay    0x0201baa2        0x1 C:/devkitPro/libnds/lib\libnds9.a(keys.o)
 *fill*         0x0201baa3        0x1 ff
 .data.__sglue  0x0201baa4        0xc C:/devkitPro/devkitARM/bin/../lib/gcc/arm-none-eabi/15.1.0/../../../../arm-none-eabi/lib/thumb\libg.a(libc_a-findfp.o)
                0x0201baa4                __sglue
 .data.__malloc_sbrk_base
                0x0201bab0        0x4 C:/devkitPro/devkitARM/bin/../lib/gcc/arm-none-eabi/15.1.0/../../../../arm-none-eabi/lib/thumb\libg.a(libc_a-mallocr.o)
                0x0201bab0                __malloc_sbrk_base
 .data.__malloc_trim_threshold
                0x0201bab4        0x4 C:/devkitPro/devkitARM/bin/../lib/gcc/arm-none-eabi/15.1.0/../../../../arm-none-eabi/lib/thumb\libg.a(libc_a-mallocr.o)
                0x0201bab4                __malloc_trim_threshold
 .data.__malloc_av_
                0x0201bab8      0x408 C:/devkitPro/devkitARM/bin/../lib/gcc/arm-none-eabi/15.1.0/../../../../arm-none-eabi/lib/thumb\libg.a(libc_a-mallocr.o)
                0x0201bab8                __malloc_av_
 .data._impure_ptr
                0x0201bec0        0x4 C:/devkitPro/devkitARM/bin/../lib/gcc/arm-none-eabi/15.1.0/../../../../arm-none-eabi/lib/thumb\libg.a(libc_a-impure.o)
                0x0201bec0                _impure_ptr
 *fill*         0x0201bec4        0x4 ff
 .data._impure_data
                0x0201bec8      0x140 C:/devkitPro/devkitARM/bin/../lib/gcc/arm-none-eabi/15.1.0/../../../../arm-none-eabi/lib/thumb\libg.a(libc_a-impure.o)
                0x0201bec8                _impure_data
 .data._tzname  0x0201c008        0x8 C:/devkitPro/devkitARM/bin/../lib/gcc/arm-none-eabi/15.1.0/../../../../arm-none-eabi/lib/thumb\libg.a(libc_a-tzvars.o)
                0x0201c008                _tzname
 .data.tzinfo   0x0201c010       0x58 C:/devkitPro/devkitARM/bin/../lib/gcc/arm-none-eabi/15.1.0/../../../../arm-none-eabi/lib/thumb\libg.a(libc_a-gettzinfo.o)
 .data.__global_locale
                0x0201c068      0x16c C:/devkitPro/devkitARM/bin/../lib/gcc/arm-none-eabi/15.1.0/../../../../arm-none-eabi/lib/thumb\libg.a(libc_a-locale.o)
                0x0201c068                __global_locale
 .data.environ  0x0201c1d4        0x4 C:/devkitPro/devkitARM/bin/../lib/gcc/arm-none-eabi/15.1.0/../../../../arm-none-eabi/lib/thumb\libg.a(libc_a-environ.o)
                0x0201c1d4                environ
 .data._current_working_directory
                0x0201c1d8      0x400 C:/devkitPro/devkitARM/bin/../lib/gcc/arm-none-eabi/15.1.0/../../../../arm-none-eabi/lib/thumb\libsysbase.a(libsysbase_libsysbase_a-chdir.o)
 .data.handles  0x0201c5d8     0x1000 C:/devkitPro/devkitARM/bin/../lib/gcc/arm-none-eabi/15.1.0/../../../../arm-none-eabi/lib/thumb\libsysbase.a(libsysbase_libsysbase_a-handle_manager.o)
 .data.__stderr_handle
                0x0201d5d8        0xc C:/devkitPro/devkitARM/bin/../lib/gcc/arm-none-eabi/15.1.0/../../../../arm-none-eabi/lib/thumb\libsysbase.a(libsysbase_libsysbase_a-handle_manager.o)
 .data.__stdout_handle
                0x0201d5e4        0xc C:/devkitPro/devkitARM/bin/../lib/gcc/arm-none-eabi/15.1.0/../../../../arm-none-eabi/lib/thumb\libsysbase.a(libsysbase_libsysbase_a-handle_manager.o)
 .data.__stdin_handle
                0x0201d5f0        0xc C:/devkitPro/devkitARM/bin/../lib/gcc/arm-none-eabi/15.1.0/../../../../arm-none-eabi/lib/thumb\libsysbase.a(libsysbase_libsysbase_a-handle_manager.o)
 .data.devoptab_list
                0x0201d5fc       0x8c C:/devkitPro/devkitARM/bin/../lib/gcc/arm-none-eabi/15.1.0/../../../../arm-none-eabi/lib/thumb\libsysbase.a(libsysbase_libsysbase_a-iosupport.o)
                0x0201d5fc                devoptab_list
 .data.defaultDevice
                0x0201d688        0x4 C:/devkitPro/devkitARM/bin/../lib/gcc/arm-none-eabi/15.1.0/../../../../arm-none-eabi/lib/thumb\libsysbase.a(libsysbase_libsysbase_a-iosupport.o)
 EXCLUDE_FILE(*.twl.*) *(.data1)
 EXCLUDE_FILE(*.twl.*) *(.igot.plt)
 .igot.plt      0x0201d68c        0x0 C:/devkitPro/devkitARM/bin/../lib/gcc/arm-none-eabi/15.1.0/thumb/crtbegin.o
                0x0201d68c                        . = ALIGN (0x4)

.iwram          0x0201d68c     0x8200 load address 0x02025744
 .iwram         0x0201d68c     0x8200 template.o
                0x0201d68c                pallete
                0x0201d88c                surface

.ARM.extab
 *(.ARM.extab* .gnu.linkonce.armextab.*)

.ARM.exidx      0x0202588c        0x0 load address 0x0202d944
 *(.ARM.exidx* .gnu.linkonce.armexidx.*)
                [!provide]                        PROVIDE (__exidx_start = ADDR (.ARM.exidx))
                [!provide]                        PROVIDE (__exidx_end = (ADDR (.ARM.exidx) + SIZEOF (.ARM.exidx)))

.eh_frame_hdr
 *(.eh_frame_hdr)
 *(.eh_frame_entry .eh_frame_entry.*)

.eh_frame       0x0202588c        0x4 load address 0x0202d944
 *(.eh_frame)
 .eh_frame      0x0202588c        0x0 C:/devkitPro/devkitARM/bin/../lib/gcc/arm-none-eabi/15.1.0/thumb/crtbegin.o
 .eh_frame      0x0202588c        0x4 C:/devkitPro/devkitARM/bin/../lib/gcc/arm-none-eabi/15.1.0/thumb/crtend.o
 *(.eh_frame.*)

.gcc_except_table
 *(.gcc_except_table .gcc_except_table.*)

.gnu_extab
 *(.gnu_extab*)

.tinfo          0x02025890        0xc load address 0x0202d948
                0x02025890        0x4 LONG 0x20258a8 __tls_start
                0x02025894        0x4 LONG 0x0 SIZEOF (.main.tls)
                0x02025898        0x4 LONG 0x0 SIZEOF (.tdata)
                0x02025890                        PROVIDE (__tls_info = ADDR (.tinfo))

.preinit_array  0x0202589c        0x0 load address 0x0202d954
                0x0202589c                        PROVIDE (__preinit_array_start = .)
 *(.preinit_array)
                0x0202589c                        PROVIDE (__preinit_array_end = .)

.init_array     0x0202589c        0x4 load address 0x0202d954
                0x0202589c                        PROVIDE (__init_array_start = .)
 *(SORT_BY_INIT_PRIORITY(.init_array.*) SORT_BY_INIT_PRIORITY(.ctors.*))
 *(.init_array .ctors)
 .init_array    0x0202589c        0x4 C:/devkitPro/devkitARM/bin/../lib/gcc/arm-none-eabi/15.1.0/thumb/crtbegin.o
                0x020258a0                        PROVIDE (__init_array_end = .)

.fini_array     0x020258a0        0x4 load address 0x0202d958
                0x020258a0                        PROVIDE (__fini_array_start = .)
 *(SORT_BY_INIT_PRIORITY(.fini_array.*) SORT_BY_INIT_PRIORITY(.dtors.*))
 *(.fini_array .dtors)
 .fini_array    0x020258a0        0x4 C:/devkitPro/devkitARM/bin/../lib/gcc/arm-none-eabi/15.1.0/thumb/crtbegin.o
                0x020258a4                        PROVIDE (__fini_array_end = .)
                [!provide]                        PROVIDE (__main_lma = LOADADDR (.main))
                0x020013c0                        PROVIDE (__main_start = ADDR (.main))
                0x020258a4                        PROVIDE (__main_end = (ADDR (.fini_array) + SIZEOF (.fini_array)))

.tdata          0x00000000        0x0 load address 0x0202d95c
 *(.tdata .tdata.* .gnu.linkonce.td.*)
                0x00000000                        . = ALIGN (0x4)

.tbss           0x00000000        0x0 load address 0x0202d95c
 *(.tbss .tbss.* .gnu.linkonce.tb.*)
 *(.tcommon)
                0x00000000                        . = ALIGN (0x4)
                0x00000001                        ASSERT (((ALIGNOF (.tdata) <= 0x8) || (ALIGNOF (.tbss) <= 0x8)), Error: TLS is overaligned (up to 8-byte alignment is supported))
                0x00000001                        ASSERT (((ADDR (.tbss) + SIZEOF (.tbss)) <= (ORIGIN (tls) + LENGTH (tls))), Error: TLS section too large)

.main.tls       0x020258a8        0x0
                0x020258a8                        . = (. + ((ADDR (.tbss) + SIZEOF (.tbss)) - ADDR (.tdata)))
                [!provide]                        PROVIDE (__tls_lma = LOADADDR (.tdata))
                0x020258a8                        PROVIDE (__tls_start = ADDR (.main.tls))
                0x020258a8                        PROVIDE (__tls_end = (ADDR (.main.tls) + SIZEOF (.tdata)))

.main.bss       0x020258a8    0x39f94
 EXCLUDE_FILE(*.twl.*) *(.dynbss)
 EXCLUDE_FILE(*.twl.*) *(.bss .bss.* .gnu.linkonce.b.*)
 .bss.completed.1
                0x020258a8        0x1 C:/devkitPro/devkitARM/bin/../lib/gcc/arm-none-eabi/15.1.0/thumb/crtbegin.o
 *fill*         0x020258a9        0x3 
 .bss.object.0  0x020258ac       0x18 C:/devkitPro/devkitARM/bin/../lib/gcc/arm-none-eabi/15.1.0/thumb/crtbegin.o
 *fill*         0x020258c4        0x4 
 .bss.lastTime  0x020258c8        0x8 template.o
                0x020258c8                lastTime
 .bss.frameCount
                0x020258d0        0x4 template.o
                0x020258d0                frameCount
 .bss.fps       0x020258d4        0x4 template.o
                0x020258d4                fps
 .bss.currentTool
                0x020258d8        0x1 template.o
                0x020258d8                currentTool
 .bss.stylusPressed
                0x020258d9        0x1 template.o
                0x020258d9                stylusPressed
 .bss.subSurfaceYoffset
                0x020258da        0x1 template.o
                0x020258da                subSurfaceYoffset
 .bss.subSurfaceXoffset
                0x020258db        0x1 template.o
                0x020258db                subSurfaceXoffset
 .bss.mainSurfaceYoffset
                0x020258dc        0x4 template.o
                0x020258dc                mainSurfaceYoffset
 .bss.mainSurfaceXoffset
                0x020258e0        0x4 template.o
                0x020258e0                mainSurfaceXoffset
 .bss.prevtpy   0x020258e4        0x4 template.o
                0x020258e4                prevtpy
 .bss.prevtpx   0x020258e8        0x4 template.o
                0x020258e8                prevtpx
 .bss.palEdit   0x020258ec        0x3 template.o
                0x020258ec                palEdit
 *fill*         0x020258ef        0x1 
 .bss.palletePos
                0x020258f0        0x4 template.o
                0x020258f0                palletePos
 .bss.toolsImg  0x020258f4     0x1200 template.o
                0x020258f4                toolsImg
 .bss.stack     0x02026af4     0x8000 template.o
                0x02026af4                stack
 *fill*         0x0202eaf4        0x4 
 .bss.pixels    0x0202eaf8    0x18000 template.o
                0x0202eaf8                pixels
 .bss.pixelsTop
                0x02046af8    0x18000 template.o
                0x02046af8                pixelsTop
 .bss.g_dvmCalicoNandMount
                0x0205eaf8        0x4 C:/devkitPro/libnds/lib\libfat.a(dvm_calico.o)
                0x0205eaf8                g_dvmCalicoNandMount
 .bss.Fsid      0x0205eafc        0x2 C:/devkitPro/libnds/lib\libfat.a(ff.o)
 *fill*         0x0205eafe        0x2 
 .bss.bgIsTextLut
                0x0205eb00        0x8 C:/devkitPro/libnds/lib\libnds9.a(background.o)
                0x0205eb00                bgIsTextLut
 .bss.bgState   0x0205eb08      0x140 C:/devkitPro/libnds/lib\libnds9.a(background.o)
                0x0205eb08                bgState
 .bss.currentCopy
                0x0205ec48       0x5c C:/devkitPro/libnds/lib\libnds9.a(console.o)
                0x0205ec48                currentCopy
 .bss.keysrepeat
                0x0205eca4        0x2 C:/devkitPro/libnds/lib\libnds9.a(keys.o)
 *fill*         0x0205eca6        0x2 
 .bss.s_keypad  0x0205eca8        0x4 C:/devkitPro/libnds/lib\libnds9.a(keys.o)
 .bss.s_sleepThreads
                0x0205ecac        0x8 C:/devkitPro/calico/lib\libcalico_ds9.a(thread_cold.o)
 .bss.s_joinThreads
                0x0205ecb4        0x8 C:/devkitPro/calico/lib\libcalico_ds9.a(thread_cold.o)
 .bss.s_idleThread
                0x0205ecbc       0x70 C:/devkitPro/calico/lib\libcalico_ds9.a(thread_cold.o)
 .bss.s_mainThread
                0x0205ed2c       0x70 C:/devkitPro/calico/lib\libcalico_ds9.a(thread_cold.o)
 .bss.s_defaultErrno.0
                0x0205ed9c        0x4 C:/devkitPro/calico/lib\libcalico_ds9.a(newlib_syscalls.o)
 .bss.__stacksize__
                0x0205eda0        0x4 C:/devkitPro/calico/lib\libcalico_ds9.a(startup.crt0.o)
                0x0205eda0                __stacksize__
 .bss.g_isTwlMode
                0x0205eda4        0x1 C:/devkitPro/calico/lib\libcalico_ds9.a(startup.crt0.o)
                0x0205eda4                g_isTwlMode
 *fill*         0x0205eda5        0x3 
 .bss.s_pxiChannels
                0x0205eda8      0x1f0 C:/devkitPro/calico/lib\libcalico_ds9.a(pxi.o)
 .bss.s_pxiRecvState
                0x0205ef98        0x4 C:/devkitPro/calico/lib\libcalico_ds9.a(pxi.o)
 .bss.s_pxiRecvQueue
                0x0205ef9c        0x8 C:/devkitPro/calico/lib\libcalico_ds9.a(pxi.o)
 .bss.s_pxiSendMutex
                0x0205efa4        0x4 C:/devkitPro/calico/lib\libcalico_ds9.a(pxi.o)
 .bss.s_pmPxiThreadStack
                0x0205efa8      0x200 C:/devkitPro/calico/lib\libcalico_ds9.a(pm.o)
 .bss.s_pmPxiThread
                0x0205f1a8       0x70 C:/devkitPro/calico/lib\libcalico_ds9.a(pm.o)
 .bss.s_pmState
                0x0205f218        0x8 C:/devkitPro/calico/lib\libcalico_ds9.a(pm.o)
 .bss.s_firstTask
                0x0205f220        0x4 C:/devkitPro/calico/lib\libcalico_ds9.a(tick.o)
 *fill*         0x0205f224        0x4 
 .bss.s_highTickCount
                0x0205f228        0x8 C:/devkitPro/calico/lib\libcalico_ds9.a(tick.o)
 .bss.s_tickInit
                0x0205f230        0x1 C:/devkitPro/calico/lib\libcalico_ds9.a(tick.o)
 *fill*         0x0205f231        0x3 
 .bss.s_mailboxRecvQueue
                0x0205f234        0x8 C:/devkitPro/calico/lib\libcalico_ds9.a(mailbox.o)
 .bss.__sfp_recursive_mutex
                0x0205f23c        0xc C:/devkitPro/devkitARM/bin/../lib/gcc/arm-none-eabi/15.1.0/../../../../arm-none-eabi/lib/thumb\libg.a(libc_a-findfp.o)
 .bss.__sf      0x0205f248      0x168 C:/devkitPro/devkitARM/bin/../lib/gcc/arm-none-eabi/15.1.0/../../../../arm-none-eabi/lib/thumb\libg.a(libc_a-findfp.o)
                0x0205f248                __sf
 .bss.__stdio_exit_handler
                0x0205f3b0        0x4 C:/devkitPro/devkitARM/bin/../lib/gcc/arm-none-eabi/15.1.0/../../../../arm-none-eabi/lib/thumb\libg.a(libc_a-findfp.o)
                0x0205f3b0                __stdio_exit_handler
 .bss.__tz_mutex
                0x0205f3b4        0x4 C:/devkitPro/devkitARM/bin/../lib/gcc/arm-none-eabi/15.1.0/../../../../arm-none-eabi/lib/thumb\libg.a(libc_a-tzlock.o)
 .bss.__malloc_current_mallinfo
                0x0205f3b8       0x28 C:/devkitPro/devkitARM/bin/../lib/gcc/arm-none-eabi/15.1.0/../../../../arm-none-eabi/lib/thumb\libg.a(libc_a-mallocr.o)
                0x0205f3b8                __malloc_current_mallinfo
 .bss.__malloc_max_total_mem
                0x0205f3e0        0x4 C:/devkitPro/devkitARM/bin/../lib/gcc/arm-none-eabi/15.1.0/../../../../arm-none-eabi/lib/thumb\libg.a(libc_a-mallocr.o)
                0x0205f3e0                __malloc_max_total_mem
 .bss.__malloc_max_sbrked_mem
                0x0205f3e4        0x4 C:/devkitPro/devkitARM/bin/../lib/gcc/arm-none-eabi/15.1.0/../../../../arm-none-eabi/lib/thumb\libg.a(libc_a-mallocr.o)
                0x0205f3e4                __malloc_max_sbrked_mem
 .bss.__malloc_top_pad
                0x0205f3e8        0x4 C:/devkitPro/devkitARM/bin/../lib/gcc/arm-none-eabi/15.1.0/../../../../arm-none-eabi/lib/thumb\libg.a(libc_a-mallocr.o)
                0x0205f3e8                __malloc_top_pad
 .bss.__malloc_recursive_mutex
                0x0205f3ec        0xc C:/devkitPro/devkitARM/bin/../lib/gcc/arm-none-eabi/15.1.0/../../../../arm-none-eabi/lib/thumb\libg.a(libc_a-mlock.o)
 .bss._timezone
                0x0205f3f8        0x4 C:/devkitPro/devkitARM/bin/../lib/gcc/arm-none-eabi/15.1.0/../../../../arm-none-eabi/lib/thumb\libg.a(libc_a-tzvars.o)
                0x0205f3f8                _timezone
 .bss._daylight
                0x0205f3fc        0x4 C:/devkitPro/devkitARM/bin/../lib/gcc/arm-none-eabi/15.1.0/../../../../arm-none-eabi/lib/thumb\libg.a(libc_a-tzvars.o)