Archive member included to satisfy reference by file (symbol)

C:/devkitPro/libnds/lib\libfat.a(fat_wrappers.o)
                              main.o (fatInitDefault)
C:/devkitPro/libnds/lib\libfat.a(dvm_calico.o)
                              C:/devkitPro/libnds/lib\libfat.a(fat_wrappers.o) (dvmInit)
C:/devkitPro/libnds/lib\libfat.a(dvm_disc.o)
                              C:/devkitPro/libnds/lib\libfat.a(fat_wrappers.o) (dvmDiscCreate)
C:/devkitPro/libnds/lib\libfat.a(dvm_cache.o)
                              C:/devkitPro/libnds/lib\libfat.a(fat_wrappers.o) (dvmDiscCacheCreate)
C:/devkitPro/libnds/lib\libfat.a(dvm_volume.o)
                              C:/devkitPro/libnds/lib\libfat.a(fat_wrappers.o) (dvmMountVolume)
C:/devkitPro/libnds/lib\libfat.a(dvm_prober.o)
                              C:/devkitPro/libnds/lib\libfat.a(dvm_calico.o) (dvmProbeMountDisc)
C:/devkitPro/libnds/lib\libfat.a(fat_driver.o)
                              C:/devkitPro/libnds/lib\libfat.a(dvm_volume.o) (g_vfatFsDriver)
C:/devkitPro/libnds/lib\libfat.a(ff.o)
                              C:/devkitPro/libnds/lib\libfat.a(fat_driver.o) (f_mount)
C:/devkitPro/libnds/lib\libfat.a(ffunicode.o)
                              C:/devkitPro/libnds/lib\libfat.a(ff.o) (ff_uni2oem)
C:/devkitPro/libnds/lib\libnds9.a(background.o)
                              main.o (bgInit_call)
C:/devkitPro/libnds/lib\libnds9.a(console.o)
                              main.o (consoleInit)
C:/devkitPro/libnds/lib\libnds9.a(decompress.o)
                              main.o (decompress)
C:/devkitPro/libnds/lib\libnds9.a(exceptionDefault.o)
                              main.o (defaultExceptionHandler)
C:/devkitPro/libnds/lib\libnds9.a(gurumeditation.o)
                              C:/devkitPro/libnds/lib\libnds9.a(exceptionDefault.o) (guruMeditationDump)
C:/devkitPro/libnds/lib\libnds9.a(keyboard.o)
                              main.o (keyboardDemoInit)
C:/devkitPro/libnds/lib\libnds9.a(keys.o)
                              main.o (scanKeys)
C:/devkitPro/libnds/lib\libnds9.a(sprite_alloc.o)
                              main.o (oamAllocateGfx)
C:/devkitPro/libnds/lib\libnds9.a(sprite.o)
                              main.o (oamInit)
C:/devkitPro/libnds/lib\libnds9.a(trig.o)
                              C:/devkitPro/libnds/lib\libnds9.a(background.o) (sinLerp)
C:/devkitPro/libnds/lib\libnds9.a(exceptionEntry.o)
                              C:/devkitPro/libnds/lib\libnds9.a(exceptionDefault.o) (__libnds_excpt)
C:/devkitPro/libnds/lib\libnds9.a(default_font.bin.o)
                              C:/devkitPro/libnds/lib\libnds9.a(console.o) (default_font_bin)
C:/devkitPro/libnds/lib\libnds9.a(keyboardGfx.o)
                              C:/devkitPro/libnds/lib\libnds9.a(keyboard.o) (keyboardGfxTiles)
C:/devkitPro/calico/lib\libcalico_ds9.a(thread_cold.o)
                              main.o (threadIrqWait)
C:/devkitPro/calico/lib\libcalico_ds9.a(thread_hot.32.o)
                              C:/devkitPro/libnds/lib\libnds9.a(exceptionDefault.o) (__sched_state)
C:/devkitPro/calico/lib\libcalico_ds9.a(dietprint.o)
                              C:/devkitPro/libnds/lib\libnds9.a(exceptionDefault.o) (g_dietPrintFn)
C:/devkitPro/calico/lib\libcalico_ds9.a(newlib_syscalls.o)
                              C:/devkitPro/libnds/lib\libfat.a(fat_driver.o) (__errno)
C:/devkitPro/calico/lib\libcalico_ds9.a(arm-copy-fill.32.o)
                              C:/devkitPro/libnds/lib\libfat.a(dvm_calico.o) (armCopyMem32)
C:/devkitPro/calico/lib\libcalico_ds9.a(arm-context.32.o)
                              C:/devkitPro/calico/lib\libcalico_ds9.a(thread_cold.o) (armContextSave)
C:/devkitPro/calico/lib\libcalico_ds9.a(arm-shims.32.o)
                              C:/devkitPro/calico/lib\libcalico_ds9.a(thread_cold.o) (armWaitForIrq)
C:/devkitPro/calico/lib\libcalico_ds9.a(arm-cache.32.o)
                              main.o (armDCacheFlush)
C:/devkitPro/calico/lib\libcalico_ds9.a(startup.crt0.o)
                              C:/devkitPro/libnds/lib\libfat.a(dvm_calico.o) (g_isTwlMode)
C:/devkitPro/calico/lib\libcalico_ds9.a(utils.crt0.o)
                              C:/devkitPro/calico/lib\libcalico_ds9.a(startup.crt0.o) (crt0CopyMem32)
C:/devkitPro/calico/lib\libcalico_ds9.a(bios.o)
                              C:/devkitPro/libnds/lib\libnds9.a(decompress.o) (svcLZ77UncompWram)
C:/devkitPro/calico/lib\libcalico_ds9.a(pxi.o)
                              C:/devkitPro/calico/lib\libcalico_ds9.a(startup.crt0.o) (_pxiInit)
C:/devkitPro/calico/lib\libcalico_ds9.a(keypad.o)
                              C:/devkitPro/libnds/lib\libnds9.a(keys.o) (keypadGetState)
C:/devkitPro/calico/lib\libcalico_ds9.a(pm.o)
                              main.o (pmMainLoop)
C:/devkitPro/calico/lib\libcalico_ds9.a(bootstub_arm9.o)
                              (__ds9_bootstub)
C:/devkitPro/calico/lib\libcalico_ds9.a(mpu_setup.crt0.o)
[...]
Memory Configuration

Name             Origin             Length             Attributes
lma9             0x02004000         0x0027c000
lma9i            0x02400000         0x00280000
vectors          0x00000000         0x00000020
itcm             0x01ff8020         0x00007fe0
main             0x02001000         0x00f7f000
dtcm             0x02ff0000         0x00003e80
dldi             0x0380b000         0x00004000
stub             0x0e000000         0x00004000
tls              0x00000000         0x00000400
*default*        0x00000000         0xffffffff

Linker script and memory map

                0x00000000                        __sync_synchronize = __sync_synchronize_none
LOAD C:/devkitPro/devkitARM/bin/../lib/gcc/arm-none-eabi/15.1.0/thumb/crti.o
LOAD C:/devkitPro/devkitARM/bin/../lib/gcc/arm-none-eabi/15.1.0/thumb/crtbegin.o
LOAD GFXconsoleInput.o
LOAD GFXinput.o
LOAD GFXnewImageInput.o
LOAD GFXselector16.o
LOAD GFXselector24.o
LOAD avdslib.o
LOAD formats.o
LOAD main.o
LOAD drawSurfaceBottom16x.o
LOAD drawSurfaceBottom2x.o
LOAD drawSurfaceBottom32x.o
LOAD drawSurfaceBottom4x.o
LOAD drawSurfaceBottom8x.o
LOAD header.o
LOAD memcpy_fast_arm9.o
LOAD C:/devkitPro/libnds/lib\libfat.a
LOAD C:/devkitPro/libnds/lib\libnds9.a
LOAD C:/devkitPro/calico/lib\libcalico_ds9.a
LOAD C:/devkitPro/devkitARM/bin/../lib/gcc/arm-none-eabi/15.1.0/../../../../arm-none-eabi/lib/thumb\libstdc++.a
LOAD C:/devkitPro/devkitARM/bin/../lib/gcc/arm-none-eabi/15.1.0/../../../../arm-none-eabi/lib/thumb\libm.a
START GROUP
LOAD C:/devkitPro/devkitARM/bin/../lib/gcc/arm-none-eabi/15.1.0/thumb\libgcc.a
LOAD C:/devkitPro/devkitARM/bin/../lib/gcc/arm-none-eabi/15.1.0/../../../../arm-none-eabi/lib/thumb\libg.a
LOAD C:/devkitPro/devkitARM/bin/../lib/gcc/arm-none-eabi/15.1.0/../../../../arm-none-eabi/lib/thumb\libc.a
LOAD C:/devkitPro/devkitARM/bin/../lib/gcc/arm-none-eabi/15.1.0/../../../../arm-none-eabi/lib/thumb\libsysbase.a
END GROUP
LOAD C:/devkitPro/devkitARM/bin/../lib/gcc/arm-none-eabi/15.1.0/thumb/crtend.o
LOAD C:/devkitPro/devkitARM/bin/../lib/gcc/arm-none-eabi/15.1.0/thumb/crtn.o
                0x02ff3e80                        PROVIDE (__sp_usr = (ORIGIN (dtcm) + LENGTH (dtcm)))
                0x02ff3f80                        PROVIDE (__sp_irq = (__sp_usr + 0x100))
                0x02ff3fc0                        PROVIDE (__sp_svc = (__sp_irq + 0x40))
                0x02ff3ff8                        PROVIDE (__irq_flags = (__sp_svc + 0x38))
                [!provide]                        PROVIDE (__irq_vector = (__sp_svc + 0x3c))
                [!provide]                        PROVIDE (__arm_excpt_rst = 0xffff0000)
                [!provide]                        PROVIDE (__arm_excpt_und = 0xffff0004)
                0xffff0008                        PROVIDE (__arm_excpt_svc = 0xffff0008)
                [!provide]                        PROVIDE (__arm_excpt_pabt = 0xffff000c)
                [!provide]                        PROVIDE (__arm_excpt_dabt = 0xffff0010)
                [!provide]                        PROVIDE (__arm_excpt_irq = 0xffff0018)
                [!provide]                        PROVIDE (__arm_excpt_fiq = 0xffff001c)
                0x00000000                        PROVIDE (__end__ = 0x0)

.secure         0x0e000000      0x800 load address 0x02004000
                0x0e0007fc                        . = (. + 0x7fc)
 *fill*         0x0e000000      0x7fc 00000000
                0x0e0007fc        0x4 LONG 0x0

.bootstub       0x0e000800      0x198 load address 0x02004800
 *(.bootstub .bootstub.*)
 .bootstub.__ds9_bootstub
                0x0e000800      0x198 C:/devkitPro/calico/lib\libcalico_ds9.a(bootstub_arm9.o)
                0x0e000800                __ds9_bootstub
                0x0e000998                        . = ALIGN (0x4)

.crt0           0x02001000      0x3c0 load address 0x02004998
 *(.crt0 .crt0.*)
 .crt0.__ds9_bootstub_trampoline
                0x02001000       0x60 C:/devkitPro/calico/lib\libcalico_ds9.a(bootstub_arm9.o)
 *.crt0.*(.text .stub .text.* .gnu.linkonce.t.*)
 .text.crt0ProcessLoadList
                0x02001060       0x74 C:/devkitPro/calico/lib\libcalico_ds9.a(startup.crt0.o)
                0x02001060                crt0ProcessLoadList
 .text.crt0Startup
                0x020010d4      0x180 C:/devkitPro/calico/lib\libcalico_ds9.a(startup.crt0.o)
                0x020010d4                crt0Startup
 .text.crt0CopyMem32
                0x02001254       0x4c C:/devkitPro/calico/lib\libcalico_ds9.a(utils.crt0.o)
                0x02001254                crt0CopyMem32
 .text.crt0FillMem32
                0x020012a0       0x58 C:/devkitPro/calico/lib\libcalico_ds9.a(utils.crt0.o)
                0x020012a0                crt0FillMem32
 .text.crt0SetupMPU
                0x020012f8       0xb4 C:/devkitPro/calico/lib\libcalico_ds9.a(mpu_setup.crt0.o)
                0x020012f8                crt0SetupMPU
 *.crt0.*(.glue_7t .glue_7 .vfp11_veneer .v4_bx)
 *.crt0.*(.rodata .rodata.* .gnu.linkonce.r.*)
 *.crt0.*(.rodata1)
                0x020013c0                        . = ALIGN (0x20)
 *fill*         0x020013ac       0x14 ff
                0x02004998                        PROVIDE (__crt0_lma = LOADADDR (.crt0))
                0x02001000                        PROVIDE (__crt0_start = ADDR (.crt0))
                0x020013c0                        PROVIDE (__crt0_end = (ADDR (.crt0) + SIZEOF (.crt0)))
                0x00000001                        ASSERT (((__crt0_end <= LOADADDR (.bootstub)) || (__crt0_start >= (LOADADDR (.bootstub) + SIZEOF (.bootstub)))), Error: crt0 section overlaps initial bootstrap)

.dldi           0x0380b000     0x4000 load address 0x02004d58
 *(.dldi)
 .dldi          0x0380b000     0x4000 C:/devkitPro/calico/lib\libcalico_ds9.a(dldi_stub.o)
                0x0380b000                __dldi_start
                0x02004d58                        PROVIDE (__dldi_lma = SIZEOF (.dldi)?LOADADDR (.dldi):0x0)

.vectors        0x00000000       0x20 load address 0x02008d58
 *(.vectors)
 .vectors       0x00000000       0x20 C:/devkitPro/calico/lib\libcalico_ds9.a(bootstub_arm9.o)

.itcm           0x01ff8020      0x700 load address 0x02008d78
 *(.itcm .itcm.*)
 .itcm          0x01ff8020       0x30 C:/devkitPro/calico/lib\libcalico_ds9.a(bootstub_arm9.o)
                0x01ff8038                __excpt_vectors
 *.itcm.*(.text .stub .text.* .gnu.linkonce.t.*)
 *.32.o(.text .stub .text.* .gnu.linkonce.t.*)
 .text.threadReschedule
                0x01ff8050       0x88 C:/devkitPro/calico/lib\libcalico_ds9.a(thread_hot.32.o)
 .text.threadBlock
                0x01ff80d8       0xd8 C:/devkitPro/calico/lib\libcalico_ds9.a(thread_hot.32.o)
                0x01ff80d8                threadBlock
 .text.threadUnblockOneByValue
                0x01ff81b0       0xc0 C:/devkitPro/calico/lib\libcalico_ds9.a(thread_hot.32.o)
                0x01ff81b0                threadUnblockOneByValue
 .text.threadUnblockAllByValue
                0x01ff8270      0x130 C:/devkitPro/calico/lib\libcalico_ds9.a(thread_hot.32.o)
                0x01ff8270                threadUnblockAllByValue
 .text.threadUnblockAllByMask
                0x01ff83a0      0x134 C:/devkitPro/calico/lib\libcalico_ds9.a(thread_hot.32.o)
                0x01ff83a0                threadUnblockAllByMask
 .text.armCopyMem32
                0x01ff84d4       0x4c C:/devkitPro/calico/lib\libcalico_ds9.a(arm-copy-fill.32.o)
                0x01ff84d4                armCopyMem32
 .text.armContextSave
                0x01ff8520       0x2c C:/devkitPro/calico/lib\libcalico_ds9.a(arm-context.32.o)
                0x01ff8520                armContextSave
 .text.armContextLoad
                0x01ff854c       0x20 C:/devkitPro/calico/lib\libcalico_ds9.a(arm-context.32.o)
                0x01ff854c                armContextLoad
                0x01ff8550                armContextLoadFromSvc
 .text.armWaitForIrq
                0x01ff856c        0x8 C:/devkitPro/calico/lib\libcalico_ds9.a(arm-shims.32.o)
                0x01ff856c                armWaitForIrq
 .text.armDrainWriteBuffer
                0x01ff8574        0xc C:/devkitPro/calico/lib\libcalico_ds9.a(arm-cache.32.o)
                0x01ff8574                armDrainWriteBuffer
 .text.armDCacheFlushAll
                0x01ff8580       0x28 C:/devkitPro/calico/lib\libcalico_ds9.a(arm-cache.32.o)
                0x01ff8580                armDCacheFlushAll
 .text.armDCacheFlush
                0x01ff85a8       0x1c C:/devkitPro/calico/lib\libcalico_ds9.a(arm-cache.32.o)
                0x01ff85a8                armDCacheFlush
 .text.armDCacheInvalidate
                0x01ff85c4       0x1c C:/devkitPro/calico/lib\libcalico_ds9.a(arm-cache.32.o)
                0x01ff85c4                armDCacheInvalidate
 .text.armICacheInvalidateAll
                0x01ff85e0        0xc C:/devkitPro/calico/lib\libcalico_ds9.a(arm-cache.32.o)
                0x01ff85e0                armICacheInvalidateAll
 .text.__excpt_entry
                0x01ff85ec       0x50 C:/devkitPro/calico/lib\libcalico_ds9.a(excpt_handler.32.o)
                0x01ff85ec                __arm_excpt_rst
                0x01ff85f0                __arm_excpt_pabt
                0x01ff85f4                __arm_excpt_und
                0x01ff8600                __arm_excpt_dabt
 .text.__arm_excpt_irq
                0x01ff863c       0xe4 C:/devkitPro/calico/lib\libcalico_ds9.a(irq_handler.32.o)
                0x01ff863c                __arm_excpt_irq
 *.itcm.*(.glue_7t .glue_7 .vfp11_veneer .v4_bx)
 *.32.o(.glue_7t .glue_7 .vfp11_veneer .v4_bx)
 *.itcm.*(.rodata .rodata.* .gnu.linkonce.r.*)
 *.32.o(.rodata .rodata.* .gnu.linkonce.r.*)
 *.itcm.*(.rodata1)
 *.32.o(.rodata1)
                0x01ff8720                        . = ALIGN (0x4)
                0x02008d58                        PROVIDE (__itcm_lma = LOADADDR (.vectors))
                0x01ff8000                        PROVIDE (__itcm_start = (ADDR (.itcm) - SIZEOF (.vectors)))
                0x01ff8720                        PROVIDE (__itcm_end = (ADDR (.itcm) + SIZEOF (.itcm)))
                0x00000001                        ASSERT (((__itcm_lma + SIZEOF (.vectors)) == LOADADDR (.itcm)), Error: gap between vectors and itcm)

.dtcm           0x02ff0000        0x0 load address 0x02009478
 *(.dtcm .dtcm.*)
 *.32.o(.data .data.* .gnu.linkonce.d.*)
 *.32.o(.data1)
                0x02ff0000                        . = ALIGN (0x4)
                [!provide]                        PROVIDE (__dtcm_lma = LOADADDR (.dtcm))
                0x02ff0000                        PROVIDE (__dtcm_start = ADDR (.dtcm))
                0x02ff0000                        PROVIDE (__dtcm_end = (ADDR (.dtcm) + SIZEOF (.dtcm)))

.dtcm.bss       0x02ff0000       0x98 load address 0x02009478
 *(.sbss .sbss.*)
 *.32.o(.dynbss)
 *.32.o(.bss .bss.* .gnu.linkonce.b.*)
 .bss.__irq_table
                0x02ff0000       0x80 C:/devkitPro/calico/lib\libcalico_ds9.a(thread_hot.32.o)
                0x02ff0000                __irq_table
 .bss.__sched_state
                0x02ff0080       0x18 C:/devkitPro/calico/lib\libcalico_ds9.a(thread_hot.32.o)
                0x02ff0080                __sched_state
 *.32.o(COMMON)
                0x02ff0098                        . = ALIGN (0x4)
                [!provide]                        PROVIDE (__dtcm_bss_start = ADDR (.dtcm.bss))
                0x02ff0098                        PROVIDE (__dtcm_bss_end = (ADDR (.dtcm.bss) + SIZEOF (.dtcm.bss)))

.main           0x020013c0    0x316d4 load address 0x02009478
 *(SORT_NONE(.init))
 .init          0x020013c0        0x4 C:/devkitPro/devkitARM/bin/../lib/gcc/arm-none-eabi/15.1.0/thumb/crti.o
                0x020013c0                _init
 .init          0x020013c4        0x8 C:/devkitPro/devkitARM/bin/../lib/gcc/arm-none-eabi/15.1.0/thumb/crtn.o
 EXCLUDE_FILE(*.twl.*) *(.text.unlikely .text.*_unlikely .text.unlikely.*)
 EXCLUDE_FILE(*.twl.*) *(.text.exit .text.exit.*)
 .text.exit     0x020013cc       0x24 C:/devkitPro/devkitARM/bin/../lib/gcc/arm-none-eabi/15.1.0/../../../../arm-none-eabi/lib/thumb\libg.a(libc_a-exit.o)
                0x020013cc                exit
 EXCLUDE_FILE(*.twl.*) *(.text.startup .text.startup.*)
 .text.startup.main
                0x020013f0      0xe68 main.o
                0x020013f0                main
 .text.startup._GLOBAL__sub_I_surface
                0x02002258       0x10 main.o
 EXCLUDE_FILE(*.twl.*) *(.text.hot .text.hot.*)
 EXCLUDE_FILE(*.twl.*) *(.text .iplt .stub .text.* .gnu.linkonce.t.*)
 .text.__do_global_dtors_aux
                0x02002268       0x2c C:/devkitPro/devkitARM/bin/../lib/gcc/arm-none-eabi/15.1.0/thumb/crtbegin.o
 .text.frame_dummy
                0x02002294       0x24 C:/devkitPro/devkitARM/bin/../lib/gcc/arm-none-eabi/15.1.0/thumb/crtbegin.o
 .iplt          0x020022b8        0x0 C:/devkitPro/devkitARM/bin/../lib/gcc/arm-none-eabi/15.1.0/thumb/crtbegin.o
 .text._Z6AVARGBiiii
                0x020022b8       0x24 avdslib.o
                0x020022b8                AVARGB(int, int, int, int)
 .text._Z13AVinvertColort
                0x020022dc       0x10 avdslib.o
                0x020022dc                AVinvertColor(unsigned short)
 .text._Z9AVfillDMAPtiit
                0x020022ec       0x44 avdslib.o
                0x020022ec                AVfillDMA(unsigned short*, int, int, unsigned short)
 .text._Z15AVdrawRectanglePtiiiit
                0x02002330       0x3c avdslib.o
                0x02002330                AVdrawRectangle(unsigned short*, int, int, int, int, unsigned short)
 .text._Z18AVdrawRectangleDMAPtiiiiti
                0x0200236c       0x84 avdslib.o
                0x0200236c                AVdrawRectangleDMA(unsigned short*, int, int, int, int, unsigned short, int)
 .text._Z21AVdrawRectangleHollowPtiiiit
                0x020023f0       0x9c avdslib.o
                0x020023f0                AVdrawRectangleHollow(unsigned short*, int, int, int, int, unsigned short)
 .text._Z11AVdrawVlinePtiiit
                0x0200248c       0x24 avdslib.o
                0x0200248c                AVdrawVline(unsigned short*, int, int, int, unsigned short)
 .text._Z14AVdrawHlineDMAPtiiit
                0x020024b0       0x4c avdslib.o
                0x020024b0                AVdrawHlineDMA(unsigned short*, int, int, int, unsigned short)
 .text._Z9importNESPKcPt
                0x020024fc      0x108 formats.o
                0x020024fc                importNES(char const*, unsigned short*)
 .text._Z9exportNESPKcPti
                0x02002604       0xf8 formats.o
                0x02002604                exportNES(char const*, unsigned short*, int)
 .text._Z9importGBCPKcPt
                0x020026fc       0xd8 formats.o
                0x020026fc                importGBC(char const*, unsigned short*)
 .text._Z9exportGBCPKcPti
                0x020027d4       0xcc formats.o
                0x020027d4                exportGBC(char const*, unsigned short*, int)
 .text._Z10importSNESPKcPt
                0x020028a0      0x15c formats.o
                0x020028a0                importSNES(char const*, unsigned short*)
 .text._Z10exportSNESPKcPti
                0x020029fc      0x15c formats.o
                0x020029fc                exportSNES(char const*, unsigned short*, int)
 .text._Z9importGBAPKcPt
                0x02002b58       0xcc formats.o
                0x02002b58                importGBA(char const*, unsigned short*)
 .text._Z9exportGBAPKcPti
                0x02002c24       0xa8 formats.o
                0x02002c24                exportGBA(char const*, unsigned short*, int)
 .text._Z9importPalPKc
                0x02002ccc       0xbc formats.o
                0x02002ccc                importPal(char const*)
 .text._Z9exportPalPKc
                0x02002d88       0x94 formats.o
                0x02002d88                exportPal(char const*)
 .text._Z9importPCXPKcPt
                0x02002e1c      0x1d4 formats.o
                0x02002e1c                importPCX(char const*, unsigned short*)
 .text._Z9exportPCXPKcPtii
                0x02002ff0      0x194 formats.o
                0x02002ff0                exportPCX(char const*, unsigned short*, int, int)
 .text._Z14writeBmpHeaderP7__sFILE
                0x02003184       0x94 formats.o
                0x02003184                writeBmpHeader(__sFILE*)
 .text._Z7saveBMPPKcPtS1_
                0x02003218       0x8c formats.o
                0x02003218                saveBMP(char const*, unsigned short*, unsigned short*)
 .text._Z15saveBMP_indexedPKcPtS1_
                0x020032a4      0x154 formats.o
                0x020032a4                saveBMP_indexed(char const*, unsigned short*, unsigned short*)
 .text._Z15loadBMP_indexedPKcPtS1_
                0x020033f8      0x130 formats.o
                0x020033f8                loadBMP_indexed(char const*, unsigned short*, unsigned short*)
 .text._Z12saveBMP_4bppPKcPtS1_
                0x02003528      0x1a8 formats.o
                0x02003528                saveBMP_4bpp(char const*, unsigned short*, unsigned short*)
 .text._Z12loadBMP_4bppPKcPtS1_
                0x020036d0      0x1b0 formats.o
                0x020036d0                loadBMP_4bpp(char const*, unsigned short*, unsigned short*)
 .text._Z9importGIFPKcPt
                0x02003880      0x1a8 formats.o
                0x02003880                importGIF(char const*, unsigned short*)
 .text._Z9exportGIFPKcPtii
                0x02003a28      0x1b0 formats.o
                0x02003a28                exportGIF(char const*, unsigned short*, int, int)
 .text._Z9importTGAPKcPt
                0x02003bd8      0x130 formats.o
                0x02003bd8                importTGA(char const*, unsigned short*)
 .text._Z9exportTGAPKcPtii
                0x02003d08      0x12c formats.o
                0x02003d08                exportTGA(char const*, unsigned short*, int, int)
 .text._Z8textModev.part.0
                0x02003e34       0x50 main.o
 .text._Z15drawSurfaceMainii
                0x02003e84      0x100 main.o
                0x02003e84                drawSurfaceMain(int, int)
 .text._Z17drawSurfaceBottomii
                0x02003f84      0x218 main.o
                0x02003f84                drawSurfaceBottom(int, int)
 .text._Z16drawColorPalettev
                0x0200419c       0x5c main.o
                0x0200419c                drawColorPalette()
 .text._Z14drawNesPalettev
                0x020041f8       0x5c main.o
                0x020041f8                drawNesPalette()
 .text._Z9updatePaliPi
                0x02004254      0x184 main.o
                0x02004254                updatePal(int, int*)
 .text._Z14clearTopBitmapv
                0x020043d8       0xb8 main.o
                0x020043d8                clearTopBitmap()
 .text._Z10initBitmapv
                0x02004490      0x200 main.o
                0x02004490                initBitmap()
 .text._Z16setEditorSpritesv
                0x02004690       0x48 main.o
                0x02004690                setEditorSprites()
 .text._Z10bitmapModev.part.0
                0x020046d8      0x120 main.o
 .text._Z19getActionsFromTouchi
                0x020047f8       0x50 main.o
                0x020047f8                getActionsFromTouch(int)
 .text._Z12applyActionsi
                0x02004848      0x128 main.o
                0x02004848                applyActions(int)
 .text._Z9floodFillPtiittii
                0x02004970       0xd0 main.o
                0x02004970                floodFill(unsigned short*, int, int, unsigned short, unsigned short, int, int)
 .text._Z9applyTooliib
                0x02004a40      0x270 main.o
                0x02004a40                applyTool(int, int, bool)
 .text._Z22copyFromSurfaceToStackiiii
                0x02004cb0       0x68 main.o
                0x02004cb0                copyFromSurfaceToStack(int, int, int, int)
 .text._Z21cutFromSurfaceToStackiiii
                0x02004d18       0xc4 main.o
                0x02004d18                cutFromSurfaceToStack(int, int, int, int)
 .text._Z23pasteFromStackToSurfaceii
                0x02004ddc       0x8c main.o
                0x02004ddc                pasteFromStackToSurface(int, int)
 .text._Z5flipHv
                0x02004e68      0x104 main.o
                0x02004e68                flipH()
 .text._Z5flipVv
                0x02004f6c       0xfc main.o
                0x02004f6c                flipV()
 .text._Z7scaleUpv
                0x02005068      0x144 main.o
                0x02005068                scaleUp()
 .text._Z9scaleDownv
                0x020051ac       0xc4 main.o
                0x020051ac                scaleDown()
 .text._Z14rotatePositivev
                0x02005270       0xe0 main.o
                0x02005270                rotatePositive()
 .text._Z14rotateNegativev
                0x02005350       0xe8 main.o
                0x02005350                rotateNegative()
 .text._Z18setBackupVariablesv
                0x02005438       0x4c main.o
                0x02005438                setBackupVariables()
 .text._Z11backupWritev
                0x02005484       0x6c main.o
                0x02005484                backupWrite()
 .text._Z10backupReadv
                0x020054f0       0x58 main.o
                0x020054f0                backupRead()
 .text._Z7initFPSv
                0x02005548       0x24 main.o
                0x02005548                initFPS()
 .text          0x0200556c       0xa8 drawSurfaceBottom16x.o
                0x0200556c                drawSurfaceBottom16x
 .text          0x02005614       0x60 drawSurfaceBottom2x.o
                0x02005614                drawSurfaceBottom2x
 .text          0x02005674       0xe8 drawSurfaceBottom32x.o
                0x02005674                drawSurfaceBottom32x
 .text          0x0200575c       0x78 drawSurfaceBottom4x.o
                0x0200575c                drawSurfaceBottom4x
 .text          0x020057d4       0x88 drawSurfaceBottom8x.o
                0x020057d4                drawSurfaceBottom8x
 .text          0x0200585c       0x60 memcpy_fast_arm9.o
                0x0200585c                memcpy_fast_arm9
 .text.fatInitDefault
                0x020058bc       0x20 C:/devkitPro/libnds/lib\libfat.a(fat_wrappers.o)
                0x020058bc                fatInitDefault
 .text._dvmDiscCalicoDummy
                0x020058dc        0x4 C:/devkitPro/libnds/lib\libfat.a(dvm_calico.o)
 .text._dvmDiscCalicoWriteSectors
                0x020058e0        0x8 C:/devkitPro/libnds/lib\libfat.a(dvm_calico.o)
 .text._dvmDiscCalicoReadSectors
                0x020058e8        0x8 C:/devkitPro/libnds/lib\libfat.a(dvm_calico.o)
 .text._dvmIsAlignedAccess
                0x020058f0       0x30 C:/devkitPro/libnds/lib\libfat.a(dvm_calico.o)
                0x020058f0                _dvmIsAlignedAccess
 .text._dvmCacheCopy
                0x02005920       0x14 C:/devkitPro/libnds/lib\libfat.a(dvm_calico.o)
                0x02005920                _dvmCacheCopy
 .text.dvmInit  0x02005934      0x268 C:/devkitPro/libnds/lib\libfat.a(dvm_calico.o)
                0x02005934                dvmInit
 .text.dvmDiscAddUser
                0x02005b9c       0x10 C:/devkitPro/libnds/lib\libfat.a(dvm_disc.o)
                0x02005b9c                dvmDiscAddUser
 .text.dvmDiscRemoveUser
                0x02005bac       0x28 C:/devkitPro/libnds/lib\libfat.a(dvm_disc.o)
                0x02005bac                dvmDiscRemoveUser
 .text._dvmDiscCacheReadWrite
                0x02005bd4      0x3ec C:/devkitPro/libnds/lib\libfat.a(dvm_cache.o)
 .text._dvmDiscCacheWriteSectors
                0x02005fc0       0x58 C:/devkitPro/libnds/lib\libfat.a(dvm_cache.o)
 .text._dvmDiscCacheReadSectors
                0x02006018       0x58 C:/devkitPro/libnds/lib\libfat.a(dvm_cache.o)
 .text._dvmDiscCacheFlush
                0x02006070       0xac C:/devkitPro/libnds/lib\libfat.a(dvm_cache.o)
 .text._dvmDiscCacheDestroy
                0x0200611c       0x28 C:/devkitPro/libnds/lib\libfat.a(dvm_cache.o)
 .text.dvmDiscCacheCreate
                0x02006144      0x1a0 C:/devkitPro/libnds/lib\libfat.a(dvm_cache.o)
                0x02006144                dvmDiscCacheCreate
 .text.dvmMountVolume
                0x020062e4      0x188 C:/devkitPro/libnds/lib\libfat.a(dvm_volume.o)
                0x020062e4                dvmMountVolume
 .text._dvmSetAppWorkingDir
                0x0200646c       0x74 C:/devkitPro/libnds/lib\libfat.a(dvm_volume.o)
                0x0200646c                _dvmSetAppWorkingDir
 .text._dvmIdentMbrVbr
                0x020064e0      0x1d8 C:/devkitPro/libnds/lib\libfat.a(dvm_prober.o)
 .text._dvmReadPartitionTable
                0x020066b8      0x204 C:/devkitPro/libnds/lib\libfat.a(dvm_prober.o)
 .text.dvmProbeMountDisc
                0x020068bc       0xf0 C:/devkitPro/libnds/lib\libfat.a(dvm_prober.o)
                0x020068bc                dvmProbeMountDisc
 .text._FAT_fstat_r
                0x020069ac       0xac C:/devkitPro/libnds/lib\libfat.a(fat_driver.o)
 .text._FAT_umount
                0x02006a58       0x1c C:/devkitPro/libnds/lib\libfat.a(fat_driver.o)
 .text._FAT_mount
                0x02006a74       0x44 C:/devkitPro/libnds/lib\libfat.a(fat_driver.o)
 .text._FAT_seek_r
                0x02006ab8      0x13c C:/devkitPro/libnds/lib\libfat.a(fat_driver.o)
 .text._FAT_set_stat.isra.0
                0x02006bf4      0x10c C:/devkitPro/libnds/lib\libfat.a(fat_driver.o)
 .text._FAT_mkdir_r
                0x02006d00       0x64 C:/devkitPro/libnds/lib\libfat.a(fat_driver.o)
 .text._FAT_chdir_r
                0x02006d64       0x64 C:/devkitPro/libnds/lib\libfat.a(fat_driver.o)
 .text._FAT_unlink_r
                0x02006dc8       0x70 C:/devkitPro/libnds/lib\libfat.a(fat_driver.o)
 .text._FAT_rmdir_r
                0x02006e38       0x6c C:/devkitPro/libnds/lib\libfat.a(fat_driver.o)
 .text._FAT_diropen_r
                0x02006ea4       0x7c C:/devkitPro/libnds/lib\libfat.a(fat_driver.o)
 .text._FAT_fsync_r
                0x02006f20       0x64 C:/devkitPro/libnds/lib\libfat.a(fat_driver.o)
 .text._FAT_close_r
                0x02006f84       0x64 C:/devkitPro/libnds/lib\libfat.a(fat_driver.o)
 .text._FAT_dirclose_r
                0x02006fe8       0x64 C:/devkitPro/libnds/lib\libfat.a(fat_driver.o)
 .text._FAT_dirreset_r
                0x0200704c       0x6c C:/devkitPro/libnds/lib\libfat.a(fat_driver.o)
 .text._FAT_rename_r
                0x020070b8       0x80 C:/devkitPro/libnds/lib\libfat.a(fat_driver.o)
 .text._FAT_stat_r
                0x02007138       0x98 C:/devkitPro/libnds/lib\libfat.a(fat_driver.o)
 .text._FAT_read_r
                0x020071d0       0x7c C:/devkitPro/libnds/lib\libfat.a(fat_driver.o)
 .text._FAT_write_r
                0x0200724c       0x7c C:/devkitPro/libnds/lib\libfat.a(fat_driver.o)
 .text._FAT_statvfs_r
                0x020072c8       0xf0 C:/devkitPro/libnds/lib\libfat.a(fat_driver.o)
 .text._FAT_ftruncate_r
                0x020073b8      0x190 C:/devkitPro/libnds/lib\libfat.a(fat_driver.o)
 .text._FAT_dirnext_r
                0x02007548      0x124 C:/devkitPro/libnds/lib\libfat.a(fat_driver.o)
 .text._FAT_open_r
                0x0200766c      0x124 C:/devkitPro/libnds/lib\libfat.a(fat_driver.o)
 .text.get_fattime
                0x02007790       0x64 C:/devkitPro/libnds/lib\libfat.a(fat_driver.o)
                0x02007790                get_fattime
 .text.ff_mutex_create
                0x020077f4       0x18 C:/devkitPro/libnds/lib\libfat.a(fat_driver.o)
                0x020077f4                ff_mutex_create
 .text.ff_mutex_delete
                0x0200780c        0x4 C:/devkitPro/libnds/lib\libfat.a(fat_driver.o)
                0x0200780c                ff_mutex_delete
 .text.ff_mutex_take
                0x02007810       0x14 C:/devkitPro/libnds/lib\libfat.a(fat_driver.o)
                0x02007810                ff_mutex_take
 .text.ff_mutex_give
                0x02007824        0x8 C:/devkitPro/libnds/lib\libfat.a(fat_driver.o)
                0x02007824                ff_mutex_give
 .text.disk_initialize
                0x0200782c       0x24 C:/devkitPro/libnds/lib\libfat.a(fat_driver.o)
                0x0200782c                disk_initialize
 .text.disk_status
                0x02007850       0x24 C:/devkitPro/libnds/lib\libfat.a(fat_driver.o)
                0x02007850                disk_status
 .text.disk_read
                0x02007874       0x2c C:/devkitPro/libnds/lib\libfat.a(fat_driver.o)
                0x02007874                disk_read
 .text.disk_write
                0x020078a0       0x2c C:/devkitPro/libnds/lib\libfat.a(fat_driver.o)
                0x020078a0                disk_write
 .text.disk_ioctl
                0x020078cc       0x38 C:/devkitPro/libnds/lib\libfat.a(fat_driver.o)
                0x020078cc                disk_ioctl
 .text.tchar2uni
                0x02007904       0xfc C:/devkitPro/libnds/lib\libfat.a(ff.o)
 .text.sync_window
                0x02007a00       0x90 C:/devkitPro/libnds/lib\libfat.a(ff.o)
 .text.put_utf  0x02007a90      0x130 C:/devkitPro/libnds/lib\libfat.a(ff.o)
 .text.dir_clear
                0x02007bc0       0x9c C:/devkitPro/libnds/lib\libfat.a(ff.o)
 .text.get_fileinfo
                0x02007c5c      0x28c C:/devkitPro/libnds/lib\libfat.a(ff.o)
 .text.sync_fs  0x02007ee8      0x180 C:/devkitPro/libnds/lib\libfat.a(ff.o)
 .text.move_window
                0x02008068       0xc4 C:/devkitPro/libnds/lib\libfat.a(ff.o)
 .text.put_fat.part.0
                0x0200812c      0x1dc C:/devkitPro/libnds/lib\libfat.a(ff.o)
 .text.get_fat.isra.0
                0x02008308      0x160 C:/devkitPro/libnds/lib\libfat.a(ff.o)
 .text.remove_chain
                0x02008468       0xf4 C:/devkitPro/libnds/lib\libfat.a(ff.o)
 .text.create_chain
                0x0200855c      0x21c C:/devkitPro/libnds/lib\libfat.a(ff.o)
 .text.dir_next
                0x02008778      0x170 C:/devkitPro/libnds/lib\libfat.a(ff.o)
 .text.dir_read
                0x020088e8      0x248 C:/devkitPro/libnds/lib\libfat.a(ff.o)
 .text.dir_sdi  0x02008b30      0x128 C:/devkitPro/libnds/lib\libfat.a(ff.o)
 .text.dir_alloc
                0x02008c58       0xcc C:/devkitPro/libnds/lib\libfat.a(ff.o)
 .text.dir_remove
                0x02008d24       0xc4 C:/devkitPro/libnds/lib\libfat.a(ff.o)
 .text.dir_find
                0x02008de8      0x2f8 C:/devkitPro/libnds/lib\libfat.a(ff.o)
 .text.follow_path
                0x020090e0      0x588 C:/devkitPro/libnds/lib\libfat.a(ff.o)
 .text.dir_register
                0x02009668      0x3f0 C:/devkitPro/libnds/lib\libfat.a(ff.o)
 .text.check_fs
                0x02009a58      0x1ec C:/devkitPro/libnds/lib\libfat.a(ff.o)
 .text.mount_volume.part.0
                0x02009c44      0x504 C:/devkitPro/libnds/lib\libfat.a(ff.o)
 .text.validate
                0x0200a148       0xbc C:/devkitPro/libnds/lib\libfat.a(ff.o)
 .text.f_mount  0x0200a204       0x6c C:/devkitPro/libnds/lib\libfat.a(ff.o)
                0x0200a204                f_mount
 .text.f_umount
                0x0200a270       0x38 C:/devkitPro/libnds/lib\libfat.a(ff.o)
                0x0200a270                f_umount
 .text.f_open   0x0200a2a8      0x400 C:/devkitPro/libnds/lib\libfat.a(ff.o)
                0x0200a2a8                f_open
 .text.f_read   0x0200a6a8      0x2a4 C:/devkitPro/libnds/lib\libfat.a(ff.o)
                0x0200a6a8                f_read
 .text.f_write  0x0200a94c      0x350 C:/devkitPro/libnds/lib\libfat.a(ff.o)
                0x0200a94c                f_write
 .text.f_sync   0x0200ac9c      0x1a0 C:/devkitPro/libnds/lib\libfat.a(ff.o)
                0x0200ac9c                f_sync
 .text.f_close  0x0200ae3c       0x58 C:/devkitPro/libnds/lib\libfat.a(ff.o)
                0x0200ae3c                f_close
 .text.f_chdir  0x0200ae94       0xf0 C:/devkitPro/libnds/lib\libfat.a(ff.o)
                0x0200ae94                f_chdir
 .text.f_lseek  0x0200af84      0x298 C:/devkitPro/libnds/lib\libfat.a(ff.o)
                0x0200af84                f_lseek
 .text.f_opendir
                0x0200b21c      0x12c C:/devkitPro/libnds/lib\libfat.a(ff.o)
                0x0200b21c                f_opendir
 .text.f_closedir
                0x0200b348       0xb0 C:/devkitPro/libnds/lib\libfat.a(ff.o)
                0x0200b348                f_closedir
 .text.f_readdir
                0x0200b3f8       0xd0 C:/devkitPro/libnds/lib\libfat.a(ff.o)
                0x0200b3f8                f_readdir
 .text.f_stat   0x0200b4c8      0x104 C:/devkitPro/libnds/lib\libfat.a(ff.o)
                0x0200b4c8                f_stat
 .text.f_getfree
                0x0200b5cc      0x184 C:/devkitPro/libnds/lib\libfat.a(ff.o)
                0x0200b5cc                f_getfree
 .text.f_truncate
                0x0200b750      0x228 C:/devkitPro/libnds/lib\libfat.a(ff.o)
                0x0200b750                f_truncate
 .text.f_unlink
                0x0200b978      0x1a4 C:/devkitPro/libnds/lib\libfat.a(ff.o)
                0x0200b978                f_unlink
 .text.f_mkdir  0x0200bb1c      0x294 C:/devkitPro/libnds/lib\libfat.a(ff.o)
                0x0200bb1c                f_mkdir
 .text.f_rename
                0x0200bdb0      0x248 C:/devkitPro/libnds/lib\libfat.a(ff.o)
                0x0200bdb0                f_rename
 .text.ff_uni2oem
                0x0200bff8       0x78 C:/devkitPro/libnds/lib\libfat.a(ffunicode.o)
                0x0200bff8                ff_uni2oem
 .text.ff_oem2uni
                0x0200c070       0x40 C:/devkitPro/libnds/lib\libfat.a(ffunicode.o)
                0x0200c070                ff_oem2uni
 .text.ff_wtoupper
                0x0200c0b0      0x128 C:/devkitPro/libnds/lib\libfat.a(ffunicode.o)
                0x0200c0b0                ff_wtoupper
 .text.checkIfText
                0x0200c1d8       0x6c C:/devkitPro/libnds/lib\libnds9.a(background.o)
                0x0200c1d8                checkIfText
 .text.bgUpdate
                0x0200c244       0xe8 C:/devkitPro/libnds/lib\libnds9.a(background.o)
                0x0200c244                bgUpdate
 .text.bgInit_call
                0x0200c32c       0xa8 C:/devkitPro/libnds/lib\libnds9.a(background.o)
                0x0200c32c                bgInit_call
 .text.bgInitSub_call
                0x0200c3d4       0xb0 C:/devkitPro/libnds/lib\libnds9.a(background.o)
                0x0200c3d4                bgInitSub_call
 .text.newRow   0x0200c484       0xe0 C:/devkitPro/libnds/lib\libnds9.a(console.o)
 .text.consolePrintChar
                0x0200c564       0xe0 C:/devkitPro/libnds/lib\libnds9.a(console.o)
                0x0200c564                consolePrintChar
 .text.con_write
                0x0200c644      0x344 C:/devkitPro/libnds/lib\libnds9.a(console.o)
                0x0200c644                con_write
 .text.consoleLoadFont
                0x0200c988      0x2e8 C:/devkitPro/libnds/lib\libnds9.a(console.o)
                0x0200c988                consoleLoadFont
 .text.consoleInit
                0x0200cc70      0x170 C:/devkitPro/libnds/lib\libnds9.a(console.o)
                0x0200cc70                consoleInit
 .text.consoleDemoInit
                0x0200cde0       0x40 C:/devkitPro/libnds/lib\libnds9.a(console.o)
                0x0200cde0                consoleDemoInit
 .text.consoleClear
                0x0200ce20       0x10 C:/devkitPro/libnds/lib\libnds9.a(console.o)
                0x0200ce20                consoleClear
 .text.getHeader
                0x0200ce30        0x4 C:/devkitPro/libnds/lib\libnds9.a(decompress.o)
 .text.readByte
                0x0200ce34        0x4 C:/devkitPro/libnds/lib\libnds9.a(decompress.o)
 .text.decompress
                0x0200ce38       0x40 C:/devkitPro/libnds/lib\libnds9.a(decompress.o)
                0x0200ce38                decompress
 .text.defaultHandler
                0x0200ce78       0x6c C:/devkitPro/libnds/lib\libnds9.a(exceptionDefault.o)
 .text.excptPrint
                0x0200cee4       0x38 C:/devkitPro/libnds/lib\libnds9.a(exceptionDefault.o)
 .text.defaultExceptionHandler
                0x0200cf1c       0x20 C:/devkitPro/libnds/lib\libnds9.a(exceptionDefault.o)
                0x0200cf1c                defaultExceptionHandler
 .text.ARMShift
                0x0200cf3c       0x74 C:/devkitPro/libnds/lib\libnds9.a(gurumeditation.o)
 .text.getExceptionAddress
                0x0200cfb0      0x198 C:/devkitPro/libnds/lib\libnds9.a(gurumeditation.o)
                0x0200cfb0                getExceptionAddress
 .text.guruMeditationDump
                0x0200d148      0x108 C:/devkitPro/libnds/lib\libnds9.a(gurumeditation.o)
                0x0200d148                guruMeditationDump
 .text.swapKeyGfx.part.0
                0x0200d250      0x21c C:/devkitPro/libnds/lib\libnds9.a(keyboard.o)
 .text.keyboardGetKey
                0x0200d46c       0x4c C:/devkitPro/libnds/lib\libnds9.a(keyboard.o)
                0x0200d46c                keyboardGetKey
 .text.keyboardShiftState
                0x0200d4b8       0x9c C:/devkitPro/libnds/lib\libnds9.a(keyboard.o)
                0x0200d4b8                keyboardShiftState
 .text.keyboardUpdate
                0x0200d554      0x12c C:/devkitPro/libnds/lib\libnds9.a(keyboard.o)
                0x0200d554                keyboardUpdate
 .text.keyboardInit
                0x0200d680      0x20c C:/devkitPro/libnds/lib\libnds9.a(keyboard.o)
                0x0200d680                keyboardInit
 .text.keyboardDemoInit
                0x0200d88c       0x2c C:/devkitPro/libnds/lib\libnds9.a(keyboard.o)
                0x0200d88c                keyboardDemoInit
 .text.keyboardShow
                0x0200d8b8       0xd8 C:/devkitPro/libnds/lib\libnds9.a(keyboard.o)
                0x0200d8b8                keyboardShow
 .text.keyboardHide
                0x0200d990       0x88 C:/devkitPro/libnds/lib\libnds9.a(keyboard.o)
                0x0200d990                keyboardHide
 .text.keyboardRead
                0x0200da18       0xd0 C:/devkitPro/libnds/lib\libnds9.a(keyboard.o)
                0x0200da18                keyboardRead
 .text.scanKeys
                0x0200dae8       0x6c C:/devkitPro/libnds/lib\libnds9.a(keys.o)
                0x0200dae8                scanKeys
 .text.keysHeld
                0x0200db54        0xc C:/devkitPro/libnds/lib\libnds9.a(keys.o)
                0x0200db54                keysHeld
 .text.keysDown
                0x0200db60       0x10 C:/devkitPro/libnds/lib\libnds9.a(keys.o)
                0x0200db60                keysDown
 .text.keysUp   0x0200db70       0x10 C:/devkitPro/libnds/lib\libnds9.a(keys.o)
                0x0200db70                keysUp
 .text.keysCurrent
                0x0200db80       0x1c C:/devkitPro/libnds/lib\libnds9.a(keys.o)
                0x0200db80                keysCurrent
 .text.oamAllocReset
                0x0200db9c       0x1c C:/devkitPro/libnds/lib\libnds9.a(sprite_alloc.o)
                0x0200db9c                oamAllocReset
 .text.oamAllocateGfx
                0x0200dbb8      0x578 C:/devkitPro/libnds/lib\libnds9.a(sprite_alloc.o)
                0x0200dbb8                oamAllocateGfx
 .text.oamInit  0x0200e130      0x138 C:/devkitPro/libnds/lib\libnds9.a(sprite.o)
                0x0200e130                oamInit
 .text.oamGetGfxPtr
                0x0200e268       0x34 C:/devkitPro/libnds/lib\libnds9.a(sprite.o)
                0x0200e268                oamGetGfxPtr
 .text.oamClear
                0x0200e29c       0x24 C:/devkitPro/libnds/lib\libnds9.a(sprite.o)
                0x0200e29c                oamClear
 .text.oamGfxPtrToOffset
                0x0200e2c0       0x34 C:/devkitPro/libnds/lib\libnds9.a(sprite.o)
                0x0200e2c0                oamGfxPtrToOffset
 .text.oamSet   0x0200e2f4      0x100 C:/devkitPro/libnds/lib\libnds9.a(sprite.o)
                0x0200e2f4                oamSet
 .text.oamUpdate
                0x0200e3f4       0x78 C:/devkitPro/libnds/lib\libnds9.a(sprite.o)
                0x0200e3f4                oamUpdate
 .text.sinLutLookup
                0x0200e46c       0x4c C:/devkitPro/libnds/lib\libnds9.a(trig.o)
                0x0200e46c                sinLutLookup
 .text.sinLerp  0x0200e4b8       0x38 C:/devkitPro/libnds/lib\libnds9.a(trig.o)
                0x0200e4b8                sinLerp
 .text.cosLerp  0x0200e4f0       0x44 C:/devkitPro/libnds/lib\libnds9.a(trig.o)
                0x0200e4f0                cosLerp
 .text.__libnds_excpt
                0x0200e534       0xf8 C:/devkitPro/libnds/lib\libnds9.a(exceptionEntry.o)
                0x0200e534                __libnds_excpt
 .text.threadExit
                0x0200e62c       0x9c C:/devkitPro/calico/lib\libcalico_ds9.a(thread_cold.o)
                0x0200e62c                threadExit
 .text._threadTickTask
                0x0200e6c8       0x10 C:/devkitPro/calico/lib\libcalico_ds9.a(thread_cold.o)
 .text._threadInit
                0x0200e6d8       0x98 C:/devkitPro/calico/lib\libcalico_ds9.a(thread_cold.o)
                0x0200e6d8                _threadInit
 .text.threadPrepare
                0x0200e770       0xa4 C:/devkitPro/calico/lib\libcalico_ds9.a(thread_cold.o)
                0x0200e770                threadPrepare
 .text.threadStart
                0x0200e814       0xc8 C:/devkitPro/calico/lib\libcalico_ds9.a(thread_cold.o)
                0x0200e814                threadStart
 .text.threadIrqWait
                0x0200e8dc       0xa0 C:/devkitPro/calico/lib\libcalico_ds9.a(thread_cold.o)
                0x0200e8dc                threadIrqWait
 .text.threadSleepTicks
                0x0200e97c       0x58 C:/devkitPro/calico/lib\libcalico_ds9.a(thread_cold.o)
                0x0200e97c                threadSleepTicks
 .text._dietPrintDefaultFunc
                0x0200e9d4        0x4 C:/devkitPro/calico/lib\libcalico_ds9.a(dietprint.o)
 .text._dietOutput
                0x0200e9d8       0x3c C:/devkitPro/calico/lib\libcalico_ds9.a(dietprint.o)
 .text._dietPrintDec32
                0x0200ea14      0x110 C:/devkitPro/calico/lib\libcalico_ds9.a(dietprint.o)
 .text._dietPrintHex32
                0x0200eb24      0x170 C:/devkitPro/calico/lib\libcalico_ds9.a(dietprint.o)
 .text.dietPrintV
                0x0200ec94      0x4b8 C:/devkitPro/calico/lib\libcalico_ds9.a(dietprint.o)
                0x0200ec94                dietPrintV
 .text.dietPrint
                0x0200f14c       0x18 C:/devkitPro/calico/lib\libcalico_ds9.a(dietprint.o)
                0x0200f14c                dietPrint
 .text.__syscall_getreent
                0x0200f164       0x14 C:/devkitPro/calico/lib\libcalico_ds9.a(newlib_syscalls.o)
                0x0200f164                __syscall_getreent
 .text.__errno  0x0200f178       0x24 C:/devkitPro/calico/lib\libcalico_ds9.a(newlib_syscalls.o)
                0x0200f178                __errno
 .text.__syscall_gettod_r
                0x0200f19c       0x30 C:/devkitPro/calico/lib\libcalico_ds9.a(newlib_syscalls.o)
                0x0200f19c                __syscall_gettod_r
 .text.__syscall_lock_acquire
                0x0200f1cc        0x4 C:/devkitPro/calico/lib\libcalico_ds9.a(newlib_syscalls.o)
                0x0200f1cc                __syscall_lock_acquire
 .text.__syscall_lock_release
                0x0200f1d0        0x4 C:/devkitPro/calico/lib\libcalico_ds9.a(newlib_syscalls.o)
                0x0200f1d0                __syscall_lock_release
 .text.__syscall_lock_acquire_recursive
                0x0200f1d4       0x4c C:/devkitPro/calico/lib\libcalico_ds9.a(newlib_syscalls.o)
                0x0200f1d4                __syscall_lock_acquire_recursive
 .text.__syscall_lock_release_recursive
                0x0200f220       0x18 C:/devkitPro/calico/lib\libcalico_ds9.a(newlib_syscalls.o)
                0x0200f220                __syscall_lock_release_recursive
 .text.svcLZ77UncompWram
                0x0200f238        0x4 C:/devkitPro/calico/lib\libcalico_ds9.a(bios.o)
                0x0200f238                svcLZ77UncompWram
 .text.svcHuffUncompCallback
                0x0200f23c        0x4 C:/devkitPro/calico/lib\libcalico_ds9.a(bios.o)
                0x0200f23c                svcHuffUncompCallback
 .text.svcRLUncompWram
                0x0200f240        0x4 C:/devkitPro/calico/lib\libcalico_ds9.a(bios.o)
                0x0200f240                svcRLUncompWram
 .text.svcRLUncompVramCallback
                0x0200f244        0x4 C:/devkitPro/calico/lib\libcalico_ds9.a(bios.o)
                0x0200f244                svcRLUncompVramCallback
 .text.svcLZ77UncompVramCallback
                0x0200f248       0x18 C:/devkitPro/calico/lib\libcalico_ds9.a(bios.o)
                0x0200f248                svcLZ77UncompVramCallback
 .text._pxiMailboxHandler
                0x0200f260        0x4 C:/devkitPro/calico/lib\libcalico_ds9.a(pxi.o)
 .text._pxiRecvUnhandled
                0x0200f264        0x4 C:/devkitPro/calico/lib\libcalico_ds9.a(pxi.o)
                0x0200f264                _pxiRecvUnhandled
 .text._pxiRecvIrqHandler
                0x0200f268      0x154 C:/devkitPro/calico/lib\libcalico_ds9.a(pxi.o)
 .text._pxiInit
                0x0200f3bc       0x58 C:/devkitPro/calico/lib\libcalico_ds9.a(pxi.o)
                0x0200f3bc                _pxiInit
 .text.pxiSetHandler
                0x0200f414       0x74 C:/devkitPro/calico/lib\libcalico_ds9.a(pxi.o)
                0x0200f414                pxiSetHandler
 .text.pxiSetMailbox
                0x0200f488       0x68 C:/devkitPro/calico/lib\libcalico_ds9.a(pxi.o)
                0x0200f488                pxiSetMailbox
 .text.pxiWaitRemote
                0x0200f4f0       0x38 C:/devkitPro/calico/lib\libcalico_ds9.a(pxi.o)
                0x0200f4f0                pxiWaitRemote
 .text.pxiSendPacket
                0x0200f528       0x50 C:/devkitPro/calico/lib\libcalico_ds9.a(pxi.o)
                0x0200f528                pxiSendPacket
 .text.pxiSendExtPacket
                0x0200f578       0x98 C:/devkitPro/calico/lib\libcalico_ds9.a(pxi.o)
                0x0200f578                pxiSendExtPacket
 .text.pxiBeginReceive
                0x0200f610       0x2c C:/devkitPro/calico/lib\libcalico_ds9.a(pxi.o)
                0x0200f610                pxiBeginReceive
 .text.pxiEndReceive
                0x0200f63c       0xac C:/devkitPro/calico/lib\libcalico_ds9.a(pxi.o)
                0x0200f63c                pxiEndReceive
 .text.keypadGetState
                0x0200f6e8       0x28 C:/devkitPro/calico/lib\libcalico_ds9.a(keypad.o)
                0x0200f6e8                keypadGetState
 .text._pmCallEventHandlers
                0x0200f710       0x40 C:/devkitPro/calico/lib\libcalico_ds9.a(pm.o)
 .text._pmPxiThreadMain
                0x0200f750       0xa0 C:/devkitPro/calico/lib\libcalico_ds9.a(pm.o)
 .text._pmResetPxiHandler
                0x0200f7f0       0x28 C:/devkitPro/calico/lib\libcalico_ds9.a(pm.o)
 .text.systemUserExit
                0x0200f818        0x4 C:/devkitPro/calico/lib\libcalico_ds9.a(pm.o)
                0x0200f818                systemUserExit
 .text.systemErrorExit
                0x0200f81c        0x4 C:/devkitPro/calico/lib\libcalico_ds9.a(pm.o)
                0x0200f81c                systemErrorExit
 .text.__syscall_exit
                0x0200f820      0x138 C:/devkitPro/calico/lib\libcalico_ds9.a(pm.o)
                0x0200f820                __syscall_exit
 .text.pmInit   0x0200f958       0x58 C:/devkitPro/calico/lib\libcalico_ds9.a(pm.o)
                0x0200f958                pmInit
 .text.pmEnterSleep
                0x0200f9b0       0xcc C:/devkitPro/calico/lib\libcalico_ds9.a(pm.o)
                0x0200f9b0                pmEnterSleep
 .text.pmMainLoop
                0x0200fa7c       0x74 C:/devkitPro/calico/lib\libcalico_ds9.a(pm.o)
                0x0200fa7c                pmMainLoop
 .text.systemUserStartup
                0x0200faf0        0x4 C:/devkitPro/calico/lib\libcalico_ds9.a(sys_startup.o)
                0x0200faf0                systemUserStartup
 .text.systemStartup
                0x0200faf4      0x104 C:/devkitPro/calico/lib\libcalico_ds9.a(sys_startup.o)
                0x0200faf4                systemStartup
 .text.touchRead
                0x0200fbf8       0x58 C:/devkitPro/calico/lib\libcalico_ds9.a(touch.o)
                0x0200fbf8                touchRead
 .text._blkDevReadWriteSectors
                0x0200fc50       0x44 C:/devkitPro/calico/lib\libcalico_ds9.a(blk.o)
 .text.blkInit  0x0200fc94        0x8 C:/devkitPro/calico/lib\libcalico_ds9.a(blk.o)
                0x0200fc94                blkInit
 .text.blkDevIsPresent
                0x0200fc9c       0x30 C:/devkitPro/calico/lib\libcalico_ds9.a(blk.o)
                0x0200fc9c                blkDevIsPresent
 .text.blkDevInit
                0x0200fccc       0x30 C:/devkitPro/calico/lib\libcalico_ds9.a(blk.o)
                0x0200fccc                blkDevInit
 .text.blkDevGetSectorCount
                0x0200fcfc       0x34 C:/devkitPro/calico/lib\libcalico_ds9.a(blk.o)
                0x0200fcfc                blkDevGetSectorCount
 .text.blkDevReadSectors
                0x0200fd30       0x5c C:/devkitPro/calico/lib\libcalico_ds9.a(blk.o)
                0x0200fd30                blkDevReadSectors
 .text.blkDevWriteSectors
                0x0200fd8c       0x5c C:/devkitPro/calico/lib\libcalico_ds9.a(blk.o)
                0x0200fd8c                blkDevWriteSectors
 .text.irqSet   0x0200fde8       0x64 C:/devkitPro/calico/lib\libcalico_ds9.a(irq.o)
                0x0200fde8                irqSet
 .text._tickCountIsr
                0x0200fe4c       0x1c C:/devkitPro/calico/lib\libcalico_ds9.a(tick.o)
 .text._tickTaskSchedule.part.0.isra.0
                0x0200fe68       0x84 C:/devkitPro/calico/lib\libcalico_ds9.a(tick.o)
 .text.tickInit
                0x0200feec       0xa0 C:/devkitPro/calico/lib\libcalico_ds9.a(tick.o)
                0x0200feec                tickInit
 .text.tickGetCount
                0x0200ff8c       0x5c C:/devkitPro/calico/lib\libcalico_ds9.a(tick.o)
                0x0200ff8c                tickGetCount
 .text._tickTaskIsr
                0x0200ffe8      0x110 C:/devkitPro/calico/lib\libcalico_ds9.a(tick.o)
 .text.tickTaskStart
                0x020100f8      0x144 C:/devkitPro/calico/lib\libcalico_ds9.a(tick.o)
                0x020100f8                tickTaskStart
 .text.threadUpdateDynamicPrio
                0x0201023c      0x1cc C:/devkitPro/calico/lib\libcalico_ds9.a(mutex.o)
 .text.threadRemoveWaiter
                0x02010408      0x1c8 C:/devkitPro/calico/lib\libcalico_ds9.a(mutex.o)
 .text.mutexLock
                0x020105d0      0x150 C:/devkitPro/calico/lib\libcalico_ds9.a(mutex.o)
                0x020105d0                mutexLock
 .text.mutexUnlock
                0x02010720       0xd0 C:/devkitPro/calico/lib\libcalico_ds9.a(mutex.o)
                0x02010720                mutexUnlock
 .text.mailboxTrySend
                0x020107f0       0x98 C:/devkitPro/calico/lib\libcalico_ds9.a(mailbox.o)
                0x020107f0                mailboxTrySend
 .text.mailboxRecv
                0x02010888       0x98 C:/devkitPro/calico/lib\libcalico_ds9.a(mailbox.o)
                0x02010888                mailboxRecv
 .text.log2     0x02010920       0x1c C:/devkitPro/devkitARM/bin/../lib/gcc/arm-none-eabi/15.1.0/../../../../arm-none-eabi/lib/thumb\libm.a(libm_a-s_log2.o)
                0x02010920                log2
 .text.log      0x0201093c       0x70 C:/devkitPro/devkitARM/bin/../lib/gcc/arm-none-eabi/15.1.0/../../../../arm-none-eabi/lib/thumb\libm.a(libm_a-w_log.o)
                0x0201093c                log
 .text.__ieee754_log
                0x020109ac      0x364 C:/devkitPro/devkitARM/bin/../lib/gcc/arm-none-eabi/15.1.0/../../../../arm-none-eabi/lib/thumb\libm.a(libm_a-e_log.o)
                0x020109ac                __ieee754_log
 .text.nan      0x02010d10        0xc C:/devkitPro/devkitARM/bin/../lib/gcc/arm-none-eabi/15.1.0/../../../../arm-none-eabi/lib/thumb\libm.a(libm_a-s_nan.o)
                0x02010d10                nan
 .text          0x02010d1c      0x11c C:/devkitPro/devkitARM/bin/../lib/gcc/arm-none-eabi/15.1.0/thumb\libgcc.a(_udivsi3.o)
                0x02010d1c                __aeabi_uidiv
                0x02010d1c                __udivsi3
                0x02010e18                __aeabi_uidivmod
 .text          0x02010e38      0x150 C:/devkitPro/devkitARM/bin/../lib/gcc/arm-none-eabi/15.1.0/thumb\libgcc.a(_divsi3.o)
                0x02010e38                __divsi3
                0x02010e38                __aeabi_idiv
                0x02010f68                __aeabi_idivmod
 .text          0x02010f88        0x4 C:/devkitPro/devkitARM/bin/../lib/gcc/arm-none-eabi/15.1.0/thumb\libgcc.a(_dvmd_tls.o)
                0x02010f88                __aeabi_idiv0
                0x02010f88                __aeabi_ldiv0
 .text          0x02010f8c      0x424 C:/devkitPro/devkitARM/bin/../lib/gcc/arm-none-eabi/15.1.0/thumb\libgcc.a(_arm_addsubdf3.o)
                0x02010f8c                __aeabi_drsub
                0x02010f94                __aeabi_dsub
                0x02010f94                __subdf3
                0x02010f98                __aeabi_dadd
                0x02010f98                __adddf3
                0x020112a8                __floatunsidf
                0x020112a8                __aeabi_ui2d
                0x020112cc                __floatsidf
                0x020112cc                __aeabi_i2d
                0x020112f4                __aeabi_f2d
                0x020112f4                __extendsfdf2
                0x0201133c                __floatundidf
                0x0201133c                __aeabi_ul2d
                0x02011350                __floatdidf
                0x02011350                __aeabi_l2d
 .text          0x020113b0      0x49c C:/devkitPro/devkitARM/bin/../lib/gcc/arm-none-eabi/15.1.0/thumb\libgcc.a(_arm_muldivdf3.o)
                0x020113b0                __aeabi_dmul
                0x020113b0                __muldf3
                0x02011640                __divdf3
                0x02011640                __aeabi_ddiv
 .text          0x0201184c      0x144 C:/devkitPro/devkitARM/bin/../lib/gcc/arm-none-eabi/15.1.0/thumb\libgcc.a(_arm_cmpdf2.o)
                0x0201184c                __gtdf2
                0x0201184c                __gedf2
                0x02011854                __ltdf2
                0x02011854                __ledf2
                0x0201185c                __nedf2
                0x0201185c                __eqdf2
                0x0201185c                __cmpdf2
                0x020118e4                __aeabi_cdrcmple
                0x02011900                __aeabi_cdcmpeq
                0x02011900                __aeabi_cdcmple
                0x02011918                __aeabi_dcmpeq
                0x02011930                __aeabi_dcmplt
                0x02011948                __aeabi_dcmple
                0x02011960                __aeabi_dcmpge
                0x02011978                __aeabi_dcmpgt
 .text          0x02011990       0x38 C:/devkitPro/devkitARM/bin/../lib/gcc/arm-none-eabi/15.1.0/thumb\libgcc.a(_arm_unorddf2.o)
                0x02011990                __unorddf2
                0x02011990                __aeabi_dcmpun
 .text          0x020119c8       0x5c C:/devkitPro/devkitARM/bin/../lib/gcc/arm-none-eabi/15.1.0/thumb\libgcc.a(_arm_fixdfsi.o)
                0x020119c8                __aeabi_d2iz
                0x020119c8                __fixdfsi
 .text          0x02011a24       0x3c C:/devkitPro/devkitARM/bin/../lib/gcc/arm-none-eabi/15.1.0/thumb\libgcc.a(_aeabi_uldivmod.o)
                0x02011a24                __aeabi_uldivmod
 .text.__udivmoddi4
                0x02011a60      0x194 C:/devkitPro/devkitARM/bin/../lib/gcc/arm-none-eabi/15.1.0/thumb\libgcc.a(_udivmoddi4.o)
                0x02011a60                __udivmoddi4
 .text          0x02011bf4       0x28 C:/devkitPro/devkitARM/bin/../lib/gcc/arm-none-eabi/15.1.0/thumb\libgcc.a(_clzdi2.o)
                0x02011bf4                __clzdi2
 .text          0x02011c1c       0x48 C:/devkitPro/devkitARM/bin/../lib/gcc/arm-none-eabi/15.1.0/thumb\libgcc.a(_clzsi2.o)
                0x02011c1c                __clzsi2
 .text.strchr   0x02011c64       0xbc C:/devkitPro/devkitARM/bin/../lib/gcc/arm-none-eabi/15.1.0/../../../../arm-none-eabi/lib/thumb\libg.a(libc_a-strchr.o)
                0x02011c64                strchr
 .text._fclose_r
                0x02011d20       0xdc C:/devkitPro/devkitARM/bin/../lib/gcc/arm-none-eabi/15.1.0/../../../../arm-none-eabi/lib/thumb\libg.a(libc_a-fclose.o)
                0x02011d20                _fclose_r
 .text.fclose   0x02011dfc       0x14 C:/devkitPro/devkitARM/bin/../lib/gcc/arm-none-eabi/15.1.0/../../../../arm-none-eabi/lib/thumb\libg.a(libc_a-fclose.o)
                0x02011dfc                fclose
 .text._fwrite_r
                0x02011e10       0x9c C:/devkitPro/devkitARM/bin/../lib/gcc/arm-none-eabi/15.1.0/../../../../arm-none-eabi/lib/thumb\libg.a(libc_a-fwrite.o)
                0x02011e10                _fwrite_r
 .text.fwrite   0x02011eac       0x24 C:/devkitPro/devkitARM/bin/../lib/gcc/arm-none-eabi/15.1.0/../../../../arm-none-eabi/lib/thumb\libg.a(libc_a-fwrite.o)
                0x02011eac                fwrite
 .text.sprintf  0x02011ed0       0x44 C:/devkitPro/devkitARM/bin/../lib/gcc/arm-none-eabi/15.1.0/../../../../arm-none-eabi/lib/thumb\libg.a(libc_a-sprintf.o)
                0x02011ed0                sprintf
 .text.memcmp   0x02011f14       0x48 C:/devkitPro/devkitARM/bin/../lib/gcc/arm-none-eabi/15.1.0/../../../../arm-none-eabi/lib/thumb\libg.a(libc_a-memcmp.o)
                0x02011f14                memcmp
 .text.stdio_exit_handler
                0x02011f5c       0x20 C:/devkitPro/devkitARM/bin/../lib/gcc/arm-none-eabi/15.1.0/../../../../arm-none-eabi/lib/thumb\libg.a(libc_a-findfp.o)
 .text.cleanup_stdio
                0x02011f7c       0x40 C:/devkitPro/devkitARM/bin/../lib/gcc/arm-none-eabi/15.1.0/../../../../arm-none-eabi/lib/thumb\libg.a(libc_a-findfp.o)
 .text.global_stdio_init.part.0
                0x02011fbc      0x120 C:/devkitPro/devkitARM/bin/../lib/gcc/arm-none-eabi/15.1.0/../../../../arm-none-eabi/lib/thumb\libg.a(libc_a-findfp.o)
 .text.__sfp    0x020120dc       0xcc C:/devkitPro/devkitARM/bin/../lib/gcc/arm-none-eabi/15.1.0/../../../../arm-none-eabi/lib/thumb\libg.a(libc_a-findfp.o)
                0x020120dc                __sfp
 .text.__sinit  0x020121a8       0x3c C:/devkitPro/devkitARM/bin/../lib/gcc/arm-none-eabi/15.1.0/../../../../arm-none-eabi/lib/thumb\libg.a(libc_a-findfp.o)
                0x020121a8                __sinit
 .text.__sfp_lock_acquire
                0x020121e4       0x14 C:/devkitPro/devkitARM/bin/../lib/gcc/arm-none-eabi/15.1.0/../../../../arm-none-eabi/lib/thumb\libg.a(libc_a-findfp.o)
                0x020121e4                __sfp_lock_acquire
 .text.__sfp_lock_release
                0x020121f8       0x14 C:/devkitPro/devkitARM/bin/../lib/gcc/arm-none-eabi/15.1.0/../../../../arm-none-eabi/lib/thumb\libg.a(libc_a-findfp.o)
                0x020121f8                __sfp_lock_release
 .text.__libc_init_array
                0x0201220c       0x54 C:/devkitPro/devkitARM/bin/../lib/gcc/arm-none-eabi/15.1.0/../../../../arm-none-eabi/lib/thumb\libg.a(libc_a-init.o)
                0x0201220c                __libc_init_array
 .text._fwalk_sglue
                0x02012260       0x4c C:/devkitPro/devkitARM/bin/../lib/gcc/arm-none-eabi/15.1.0/../../../../arm-none-eabi/lib/thumb\libg.a(libc_a-fwalk.o)
                0x02012260                _fwalk_sglue
 .text.calloc   0x020122ac       0x18 C:/devkitPro/devkitARM/bin/../lib/gcc/arm-none-eabi/15.1.0/../../../../arm-none-eabi/lib/thumb\libg.a(libc_a-calloc.o)
                0x020122ac                calloc
 .text.siscanf  0x020122c4       0x50 C:/devkitPro/devkitARM/bin/../lib/gcc/arm-none-eabi/15.1.0/../../../../arm-none-eabi/lib/thumb\libg.a(libc_a-siscanf.o)
                0x020122c4                siscanf
 .text.strrchr  0x02012314       0x30 C:/devkitPro/devkitARM/bin/../lib/gcc/arm-none-eabi/15.1.0/../../../../arm-none-eabi/lib/thumb\libg.a(libc_a-strrchr.o)
                0x02012314                strrchr
 .text.aligned_alloc
                0x02012344       0x18 C:/devkitPro/devkitARM/bin/../lib/gcc/arm-none-eabi/15.1.0/../../../../arm-none-eabi/lib/thumb\libg.a(libc_a-aligned_alloc.o)
                0x02012344                aligned_alloc
 .text._calloc_r
                0x0201235c       0xcc C:/devkitPro/devkitARM/bin/../lib/gcc/arm-none-eabi/15.1.0/../../../../arm-none-eabi/lib/thumb\libg.a(libc_a-callocr.o)
                0x0201235c                _calloc_r
 .text.fgetc    0x02012428       0x6c C:/devkitPro/devkitARM/bin/../lib/gcc/arm-none-eabi/15.1.0/../../../../arm-none-eabi/lib/thumb\libg.a(libc_a-fgetc.o)
                0x02012428                fgetc
 .text.realloc  0x02012494       0x18 C:/devkitPro/devkitARM/bin/../lib/gcc/arm-none-eabi/15.1.0/../../../../arm-none-eabi/lib/thumb\libg.a(libc_a-realloc.o)
                0x02012494                realloc
 .text.validate_structure
                0x020124ac      0x1e8 C:/devkitPro/devkitARM/bin/../lib/gcc/arm-none-eabi/15.1.0/../../../../arm-none-eabi/lib/thumb\libg.a(libc_a-mktime.o)
 .text.mktime   0x02012694      0x434 C:/devkitPro/devkitARM/bin/../lib/gcc/arm-none-eabi/15.1.0/../../../../arm-none-eabi/lib/thumb\libg.a(libc_a-mktime.o)
                0x02012694                mktime
 .text._fseek_r
                0x02012ac8       0x14 C:/devkitPro/devkitARM/bin/../lib/gcc/arm-none-eabi/15.1.0/../../../../arm-none-eabi/lib/thumb\libg.a(libc_a-fseek.o)
                0x02012ac8                _fseek_r
 .text.fseek    0x02012adc       0x24 C:/devkitPro/devkitARM/bin/../lib/gcc/arm-none-eabi/15.1.0/../../../../arm-none-eabi/lib/thumb\libg.a(libc_a-fseek.o)
                0x02012adc                fseek
 .text.__tz_lock
                0x02012b00       0x14 C:/devkitPro/devkitARM/bin/../lib/gcc/arm-none-eabi/15.1.0/../../../../arm-none-eabi/lib/thumb\libg.a(libc_a-tzlock.o)
                0x02012b00                __tz_lock
 .text.__tz_unlock
                0x02012b14       0x14 C:/devkitPro/devkitARM/bin/../lib/gcc/arm-none-eabi/15.1.0/../../../../arm-none-eabi/lib/thumb\libg.a(libc_a-tzlock.o)
                0x02012b14                __tz_unlock
 .text._malloc_r
                0x02012b28      0x550 C:/devkitPro/devkitARM/bin/../lib/gcc/arm-none-eabi/15.1.0/../../../../arm-none-eabi/lib/thumb\libg.a(libc_a-mallocr.o)
                0x02012b28                _malloc_r
 .text._malloc_trim_r
                0x02013078       0xac C:/devkitPro/devkitARM/bin/../lib/gcc/arm-none-eabi/15.1.0/../../../../arm-none-eabi/lib/thumb\libg.a(libc_a-freer.o)
                0x02013078                _malloc_trim_r
 .text._free_r  0x02013124      0x1d8 C:/devkitPro/devkitARM/bin/../lib/gcc/arm-none-eabi/15.1.0/../../../../arm-none-eabi/lib/thumb\libg.a(libc_a-freer.o)
                0x02013124                _free_r
 .text.get_arg  0x020132fc      0x404 C:/devkitPro/devkitARM/bin/../lib/gcc/arm-none-eabi/15.1.0/../../../../arm-none-eabi/lib/thumb\libg.a(libc_a-svfprintf.o)
 .text._svfprintf_r
                0x02013700     0x22d8 C:/devkitPro/devkitARM/bin/../lib/gcc/arm-none-eabi/15.1.0/../../../../arm-none-eabi/lib/thumb\libg.a(libc_a-svfprintf.o)
                0x02013700                _svfprintf_r
 .text.strnlen  0x020159d8       0x20 C:/devkitPro/devkitARM/bin/../lib/gcc/arm-none-eabi/15.1.0/../../../../arm-none-eabi/lib/thumb\libg.a(libc_a-strnlen.o)
                0x020159d8                strnlen
 .text.malloc   0x020159f8       0x28 C:/devkitPro/devkitARM/bin/../lib/gcc/arm-none-eabi/15.1.0/../../../../arm-none-eabi/lib/thumb\libg.a(libc_a-malloc.o)
                0x020159f8                malloc
 .text.free     0x02015a20       0x14 C:/devkitPro/devkitARM/bin/../lib/gcc/arm-none-eabi/15.1.0/../../../../arm-none-eabi/lib/thumb\libg.a(libc_a-malloc.o)
                0x02015a20                free
 .text.__sflush_r
                0x02015a34      0x180 C:/devkitPro/devkitARM/bin/../lib/gcc/arm-none-eabi/15.1.0/../../../../arm-none-eabi/lib/thumb\libg.a(libc_a-fflush.o)
                0x02015a34                __sflush_r
 .text._fflush_r
                0x02015bb4       0x70 C:/devkitPro/devkitARM/bin/../lib/gcc/arm-none-eabi/15.1.0/../../../../arm-none-eabi/lib/thumb\libg.a(libc_a-fflush.o)
                0x02015bb4                _fflush_r
 .text.time     0x02015c24       0x38 C:/devkitPro/devkitARM/bin/../lib/gcc/arm-none-eabi/15.1.0/../../../../arm-none-eabi/lib/thumb\libg.a(libc_a-time.o)
                0x02015c24                time
 .text.memset   0x02015c5c       0x8c C:/devkitPro/devkitARM/bin/../lib/gcc/arm-none-eabi/15.1.0/../../../../arm-none-eabi/lib/thumb\libg.a(libc_a-memset.o)
                0x02015c5c                memset
 .text._realloc_r
                0x02015ce8      0x344 C:/devkitPro/devkitARM/bin/../lib/gcc/arm-none-eabi/15.1.0/../../../../arm-none-eabi/lib/thumb\libg.a(libc_a-reallocr.o)
                0x02015ce8                _realloc_r
 .text.localtime_r
                0x0201602c      0x228 C:/devkitPro/devkitARM/bin/../lib/gcc/arm-none-eabi/15.1.0/../../../../arm-none-eabi/lib/thumb\libg.a(libc_a-lcltime_r.o)
                0x0201602c                localtime_r
 .text._fread_r
                0x02016254      0x228 C:/devkitPro/devkitARM/bin/../lib/gcc/arm-none-eabi/15.1.0/../../../../arm-none-eabi/lib/thumb\libg.a(libc_a-fread.o)
                0x02016254                _fread_r
 .text.fread    0x0201647c       0x24 C:/devkitPro/devkitARM/bin/../lib/gcc/arm-none-eabi/15.1.0/../../../../arm-none-eabi/lib/thumb\libg.a(libc_a-fread.o)
                0x0201647c                fread
 .text.__malloc_lock
                0x020164a0       0x14 C:/devkitPro/devkitARM/bin/../lib/gcc/arm-none-eabi/15.1.0/../../../../arm-none-eabi/lib/thumb\libg.a(libc_a-mlock.o)
                0x020164a0                __malloc_lock
 .text.__malloc_unlock
                0x020164b4       0x14 C:/devkitPro/devkitARM/bin/../lib/gcc/arm-none-eabi/15.1.0/../../../../arm-none-eabi/lib/thumb\libg.a(libc_a-mlock.o)
                0x020164b4                __malloc_unlock
 .text.__tzcalc_limits
                0x020164c8      0x1ac C:/devkitPro/devkitARM/bin/../lib/gcc/arm-none-eabi/15.1.0/../../../../arm-none-eabi/lib/thumb\libg.a(libc_a-tzcalc_limits.o)
                0x020164c8                __tzcalc_limits
 .text.fputc    0x02016674       0x5c C:/devkitPro/devkitARM/bin/../lib/gcc/arm-none-eabi/15.1.0/../../../../arm-none-eabi/lib/thumb\libg.a(libc_a-fputc.o)
                0x02016674                fputc
 .text          0x020166d0      0x224 C:/devkitPro/devkitARM/bin/../lib/gcc/arm-none-eabi/15.1.0/../../../../arm-none-eabi/lib/thumb\libg.a(libc_a-strcmp.o)
                0x020166d0                strcmp
 .text.__call_exitprocs
                0x020168f4        0xc C:/devkitPro/devkitARM/bin/../lib/gcc/arm-none-eabi/15.1.0/../../../../arm-none-eabi/lib/thumb\libg.a(libc_a-exit.o)
                0x020168f4                __call_exitprocs
 .text.setvbuf  0x02016900      0x1ac C:/devkitPro/devkitARM/bin/../lib/gcc/arm-none-eabi/15.1.0/../../../../arm-none-eabi/lib/thumb\libg.a(libc_a-setvbuf.o)
                0x02016900                setvbuf
 .text._fopen_r
                0x02016aac       0xb4 C:/devkitPro/devkitARM/bin/../lib/gcc/arm-none-eabi/15.1.0/../../../../arm-none-eabi/lib/thumb\libg.a(libc_a-fopen.o)
                0x02016aac                _fopen_r
 .text.fopen    0x02016b60       0x18 C:/devkitPro/devkitARM/bin/../lib/gcc/arm-none-eabi/15.1.0/../../../../arm-none-eabi/lib/thumb\libg.a(libc_a-fopen.o)
                0x02016b60                fopen
 .text.__srget_r
                0x02016b78       0x3c C:/devkitPro/devkitARM/bin/../lib/gcc/arm-none-eabi/15.1.0/../../../../arm-none-eabi/lib/thumb\libg.a(libc_a-rget.o)
                0x02016b78                __srget_r
 .text.strncpy  0x02016bb4       0x68 C:/devkitPro/devkitARM/bin/../lib/gcc/arm-none-eabi/15.1.0/../../../../arm-none-eabi/lib/thumb\libg.a(libc_a-strncpy.o)
                0x02016bb4                strncpy
 .text.ftell    0x02016c1c       0x24 C:/devkitPro/devkitARM/bin/../lib/gcc/arm-none-eabi/15.1.0/../../../../arm-none-eabi/lib/thumb\libg.a(libc_a-ftell.o)
                0x02016c1c                ftell
 .text.memcpy   0x02016c40       0xb0 C:/devkitPro/devkitARM/bin/../lib/gcc/arm-none-eabi/15.1.0/../../../../arm-none-eabi/lib/thumb\libg.a(libc_a-memcpy-stub.o)
                0x02016c40                memcpy
 .text._wcsrtombs_r
                0x02016cf0       0x20 C:/devkitPro/devkitARM/bin/../lib/gcc/arm-none-eabi/15.1.0/../../../../arm-none-eabi/lib/thumb\libg.a(libc_a-wcsrtombs.o)
                0x02016cf0                _wcsrtombs_r
 .text.iprintf  0x02016d10       0x28 C:/devkitPro/devkitARM/bin/../lib/gcc/arm-none-eabi/15.1.0/../../../../arm-none-eabi/lib/thumb\libg.a(libc_a-iprintf.o)
                0x02016d10                iprintf
 .text.write    0x02016d38       0x1c C:/devkitPro/devkitARM/bin/../lib/gcc/arm-none-eabi/15.1.0/../../../../arm-none-eabi/lib/thumb\libg.a(libc_a-syswrite.o)
                0x02016d38                write
 .text.frexp    0x02016d54       0x74 C:/devkitPro/devkitARM/bin/../lib/gcc/arm-none-eabi/15.1.0/../../../../arm-none-eabi/lib/thumb\libg.a(libm_a-s_frexp.o)
                0x02016d54                frexp
 .text.__sfvwrite_r
                0x02016dc8      0x31c C:/devkitPro/devkitARM/bin/../lib/gcc/arm-none-eabi/15.1.0/../../../../arm-none-eabi/lib/thumb\libg.a(libc_a-fvwrite.o)
                0x02016dc8                __sfvwrite_r
 .text.__sread  0x020170e4       0x34 C:/devkitPro/devkitARM/bin/../lib/gcc/arm-none-eabi/15.1.0/../../../../arm-none-eabi/lib/thumb\libg.a(libc_a-stdio.o)
                0x020170e4                __sread
 .text.__seofread
                0x02017118        0x4 C:/devkitPro/devkitARM/bin/../lib/gcc/arm-none-eabi/15.1.0/../../../../arm-none-eabi/lib/thumb\libg.a(libc_a-stdio.o)
                0x02017118                __seofread
 .text.__swrite
                0x0201711c       0x4c C:/devkitPro/devkitARM/bin/../lib/gcc/arm-none-eabi/15.1.0/../../../../arm-none-eabi/lib/thumb\libg.a(libc_a-stdio.o)
                0x0201711c                __swrite
 .text.__sseek  0x02017168       0x3c C:/devkitPro/devkitARM/bin/../lib/gcc/arm-none-eabi/15.1.0/../../../../arm-none-eabi/lib/thumb\libg.a(libc_a-stdio.o)
                0x02017168                __sseek
 .text.__sclose
                0x020171a4       0x10 C:/devkitPro/devkitARM/bin/../lib/gcc/arm-none-eabi/15.1.0/../../../../arm-none-eabi/lib/thumb\libg.a(libc_a-stdio.o)
                0x020171a4                __sclose
 .text.memmove  0x020171b4       0xcc C:/devkitPro/devkitARM/bin/../lib/gcc/arm-none-eabi/15.1.0/../../../../arm-none-eabi/lib/thumb\libg.a(libc_a-memmove.o)
                0x020171b4                memmove
 .text.__locale_mb_cur_max
                0x02017280       0x20 C:/devkitPro/devkitARM/bin/../lib/gcc/arm-none-eabi/15.1.0/../../../../arm-none-eabi/lib/thumb\libg.a(libc_a-locale.o)
                0x02017280                __locale_mb_cur_max
 .text.__ssprint_r
                0x020172a0       0x60 C:/devkitPro/devkitARM/bin/../lib/gcc/arm-none-eabi/15.1.0/../../../../arm-none-eabi/lib/thumb\libg.a(libc_a-ssprint_r.o)
                0x020172a0                __ssprint_r
 .text.gmtime_r
                0x02017300      0x1b4 C:/devkitPro/devkitARM/bin/../lib/gcc/arm-none-eabi/15.1.0/../../../../arm-none-eabi/lib/thumb\libg.a(libc_a-gmtime_r.o)
                0x02017300                gmtime_r
 .text.get_arg  0x020174b4      0x404 C:/devkitPro/devkitARM/bin/../lib/gcc/arm-none-eabi/15.1.0/../../../../arm-none-eabi/lib/thumb\libg.a(libc_a-vfiprintf.o)
 .text._vfiprintf_r
                0x020178b8     0x16d0 C:/devkitPro/devkitARM/bin/../lib/gcc/arm-none-eabi/15.1.0/../../../../arm-none-eabi/lib/thumb\libg.a(libc_a-vfiprintf.o)
                0x020178b8                _vfiprintf_r
 .text.__sbprintf
                0x02018f88       0x7c C:/devkitPro/devkitARM/bin/../lib/gcc/arm-none-eabi/15.1.0/../../../../arm-none-eabi/lib/thumb\libg.a(libc_a-vfiprintf.o)
 .text.strlen   0x02019004       0x60 C:/devkitPro/devkitARM/bin/../lib/gcc/arm-none-eabi/15.1.0/../../../../arm-none-eabi/lib/thumb\libg.a(libc_a-strlen.o)
                0x02019004                strlen
 .text._memalign_r
                0x02019064      0x118 C:/devkitPro/devkitARM/bin/../lib/gcc/arm-none-eabi/15.1.0/../../../../arm-none-eabi/lib/thumb\libg.a(libc_a-malignr.o)
                0x02019064                _memalign_r
 .text.div      0x0201917c       0x18 C:/devkitPro/devkitARM/bin/../lib/gcc/arm-none-eabi/15.1.0/../../../../arm-none-eabi/lib/thumb\libg.a(libc_a-div.o)
                0x0201917c                div
 .text._wcsnrtombs_l
                0x02019194      0x11c C:/devkitPro/devkitARM/bin/../lib/gcc/arm-none-eabi/15.1.0/../../../../arm-none-eabi/lib/thumb\libg.a(libc_a-wcsnrtombs.o)
                0x02019194                _wcsnrtombs_l
 .text._wcsnrtombs_r
                0x020192b0       0x40 C:/devkitPro/devkitARM/bin/../lib/gcc/arm-none-eabi/15.1.0/../../../../arm-none-eabi/lib/thumb\libg.a(libc_a-wcsnrtombs.o)
                0x020192b0                _wcsnrtombs_r
 .text.get_arg  0x020192f0       0x3e C:/devkitPro/devkitARM/bin/../lib/gcc/arm-none-eabi/15.1.0/../../../../arm-none-eabi/lib/thumb\libg.a(libc_a-svfiscanf.o)
 .text._sungetc_r
                0x0201932e       0x7e C:/devkitPro/devkitARM/bin/../lib/gcc/arm-none-eabi/15.1.0/../../../../arm-none-eabi/lib/thumb\libg.a(libc_a-svfiscanf.o)
                0x0201932e                _sungetc_r
 .text.__ssrefill_r
                0x020193ac       0x42 C:/devkitPro/devkitARM/bin/../lib/gcc/arm-none-eabi/15.1.0/../../../../arm-none-eabi/lib/thumb\libg.a(libc_a-svfiscanf.o)
                0x020193ac                __ssrefill_r
 .text._sfread_r
                0x020193ee       0x88 C:/devkitPro/devkitARM/bin/../lib/gcc/arm-none-eabi/15.1.0/../../../../arm-none-eabi/lib/thumb\libg.a(libc_a-svfiscanf.o)
                0x020193ee                _sfread_r
 *fill*         0x02019476        0x2 ff
 .text.__ssvfiscanf_r
                0x02019478     0x1984 C:/devkitPro/devkitARM/bin/../lib/gcc/arm-none-eabi/15.1.0/../../../../arm-none-eabi/lib/thumb\libg.a(libc_a-svfiscanf.o)
                0x02019478                __ssvfiscanf_r
 .text._putc_r  0x0201adfc       0x88 C:/devkitPro/devkitARM/bin/../lib/gcc/arm-none-eabi/15.1.0/../../../../arm-none-eabi/lib/thumb\libg.a(libc_a-putc.o)
                0x0201adfc                _putc_r
 .text._strtoul_l.isra.0
                0x0201ae84      0x150 C:/devkitPro/devkitARM/bin/../lib/gcc/arm-none-eabi/15.1.0/../../../../arm-none-eabi/lib/thumb\libg.a(libc_a-strtoul.o)
 .text._strtoul_r
                0x0201afd4       0x20 C:/devkitPro/devkitARM/bin/../lib/gcc/arm-none-eabi/15.1.0/../../../../arm-none-eabi/lib/thumb\libg.a(libc_a-strtoul.o)
                0x0201afd4                _strtoul_r
 .text.strtoul  0x0201aff4       0x24 C:/devkitPro/devkitARM/bin/../lib/gcc/arm-none-eabi/15.1.0/../../../../arm-none-eabi/lib/thumb\libg.a(libc_a-strtoul.o)
                0x0201aff4                strtoul
 .text.__utf8_mbtowc
                0x0201b018      0x24c C:/devkitPro/devkitARM/bin/../lib/gcc/arm-none-eabi/15.1.0/../../../../arm-none-eabi/lib/thumb\libg.a(libc_a-mbtowc_r.o)
                0x0201b018                __utf8_mbtowc
 .text._fseeko_r
                0x0201b264      0x414 C:/devkitPro/devkitARM/bin/../lib/gcc/arm-none-eabi/15.1.0/../../../../arm-none-eabi/lib/thumb\libg.a(libc_a-fseeko.o)
                0x0201b264                _fseeko_r
 .text._tzset_unlocked
                0x0201b678       0x10 C:/devkitPro/devkitARM/bin/../lib/gcc/arm-none-eabi/15.1.0/../../../../arm-none-eabi/lib/thumb\libg.a(libc_a-tzset.o)
                0x0201b678                _tzset_unlocked
 .text.__sprint_r
                0x0201b688       0x24 C:/devkitPro/devkitARM/bin/../lib/gcc/arm-none-eabi/15.1.0/../../../../arm-none-eabi/lib/thumb\libg.a(libc_a-sprint_r.o)
                0x0201b688                __sprint_r
 .text.iswspace
                0x0201b6ac       0x10 C:/devkitPro/devkitARM/bin/../lib/gcc/arm-none-eabi/15.1.0/../../../../arm-none-eabi/lib/thumb\libg.a(libc_a-iswspace.o)
                0x0201b6ac                iswspace
 .text.__gettzinfo
                0x0201b6bc        0x8 C:/devkitPro/devkitARM/bin/../lib/gcc/arm-none-eabi/15.1.0/../../../../arm-none-eabi/lib/thumb\libg.a(libc_a-gettzinfo.o)
                0x0201b6bc                __gettzinfo
 .text._localeconv_r
                0x0201b6c4       0x1c C:/devkitPro/devkitARM/bin/../lib/gcc/arm-none-eabi/15.1.0/../../../../arm-none-eabi/lib/thumb\libg.a(libc_a-localeconv.o)
                0x0201b6c4                _localeconv_r
 .text.memchr   0x0201b6e0       0x74 C:/devkitPro/devkitARM/bin/../lib/gcc/arm-none-eabi/15.1.0/../../../../arm-none-eabi/lib/thumb\libg.a(libc_a-memchr-stub.o)
                0x0201b6e0                memchr
 .text.quorem   0x0201b754      0x160 C:/devkitPro/devkitARM/bin/../lib/gcc/arm-none-eabi/15.1.0/../../../../arm-none-eabi/lib/thumb\libg.a(libc_a-dtoa.o)
 .text._dtoa_r  0x0201b8b4     0x10b0 C:/devkitPro/devkitARM/bin/../lib/gcc/arm-none-eabi/15.1.0/../../../../arm-none-eabi/lib/thumb\libg.a(libc_a-dtoa.o)
                0x0201b8b4                _dtoa_r
 .text._wcrtomb_r
                0x0201c964       0x84 C:/devkitPro/devkitARM/bin/../lib/gcc/arm-none-eabi/15.1.0/../../../../arm-none-eabi/lib/thumb\libg.a(libc_a-wcrtomb.o)
                0x0201c964                _wcrtomb_r
 .text.strcpy   0x0201c9e8       0x10 C:/devkitPro/devkitARM/bin/../lib/gcc/arm-none-eabi/15.1.0/../../../../arm-none-eabi/lib/thumb\libg.a(libc_a-strcpy.o)
                0x0201c9e8                strcpy
 .text.__sflags
                0x0201c9f8       0x98 C:/devkitPro/devkitARM/bin/../lib/gcc/arm-none-eabi/15.1.0/../../../../arm-none-eabi/lib/thumb\libg.a(libc_a-flags.o)
                0x0201c9f8                __sflags
 .text._strtol_l.part.0
                0x0201ca90      0x25c C:/devkitPro/devkitARM/bin/../lib/gcc/arm-none-eabi/15.1.0/../../../../arm-none-eabi/lib/thumb\libg.a(libc_a-strtol.o)
 .text._strtol_r
                0x0201ccec       0x34 C:/devkitPro/devkitARM/bin/../lib/gcc/arm-none-eabi/15.1.0/../../../../arm-none-eabi/lib/thumb\libg.a(libc_a-strtol.o)
                0x0201ccec                _strtol_r
 .text.__libc_fini_array
                0x0201cd20       0x30 C:/devkitPro/devkitARM/bin/../lib/gcc/arm-none-eabi/15.1.0/../../../../arm-none-eabi/lib/thumb\libg.a(libc_a-fini.o)
                0x0201cd20                __libc_fini_array
 .text._tzset_unlocked_r
                0x0201cd50      0x490 C:/devkitPro/devkitARM/bin/../lib/gcc/arm-none-eabi/15.1.0/../../../../arm-none-eabi/lib/thumb\libg.a(libc_a-tzset_r.o)
                0x0201cd50                _tzset_unlocked_r
 .text.__sccl   0x0201d1e0       0xb0 C:/devkitPro/devkitARM/bin/../lib/gcc/arm-none-eabi/15.1.0/../../../../arm-none-eabi/lib/thumb\libg.a(libc_a-sccl.o)
                0x0201d1e0                __sccl
 .text.lflush   0x0201d290       0x24 C:/devkitPro/devkitARM/bin/../lib/gcc/arm-none-eabi/15.1.0/../../../../arm-none-eabi/lib/thumb\libg.a(libc_a-refill.o)
 .text.__srefill_r
                0x0201d2b4      0x108 C:/devkitPro/devkitARM/bin/../lib/gcc/arm-none-eabi/15.1.0/../../../../arm-none-eabi/lib/thumb\libg.a(libc_a-refill.o)
                0x0201d2b4                __srefill_r
 .text.__smakebuf_r
                0x0201d3bc       0xe0 C:/devkitPro/devkitARM/bin/../lib/gcc/arm-none-eabi/15.1.0/../../../../arm-none-eabi/lib/thumb\libg.a(libc_a-makebuf.o)
                0x0201d3bc                __smakebuf_r
 .text.__swhatbuf_r
                0x0201d49c       0x5c C:/devkitPro/devkitARM/bin/../lib/gcc/arm-none-eabi/15.1.0/../../../../arm-none-eabi/lib/thumb\libg.a(libc_a-makebuf.o)
                0x0201d49c                __swhatbuf_r
 .text._findenv_r
                0x0201d4f8       0x94 C:/devkitPro/devkitARM/bin/../lib/gcc/arm-none-eabi/15.1.0/../../../../arm-none-eabi/lib/thumb\libg.a(libc_a-getenv_r.o)
                0x0201d4f8                _findenv_r
 .text._getenv_r
                0x0201d58c       0x10 C:/devkitPro/devkitARM/bin/../lib/gcc/arm-none-eabi/15.1.0/../../../../arm-none-eabi/lib/thumb\libg.a(libc_a-getenv_r.o)
                0x0201d58c                _getenv_r
 .text.__ssputs_r
                0x0201d59c       0xd4 C:/devkitPro/devkitARM/bin/../lib/gcc/arm-none-eabi/15.1.0/../../../../arm-none-eabi/lib/thumb\libg.a(libc_a-ssputs_r.o)
                0x0201d59c                __ssputs_r
 .text._ftello_r
                0x0201d670      0x124 C:/devkitPro/devkitARM/bin/../lib/gcc/arm-none-eabi/15.1.0/../../../../arm-none-eabi/lib/thumb\libg.a(libc_a-ftello.o)
                0x0201d670                _ftello_r
 .text.__utf8_wctomb
                0x0201d794       0xbc C:/devkitPro/devkitARM/bin/../lib/gcc/arm-none-eabi/15.1.0/../../../../arm-none-eabi/lib/thumb\libg.a(libc_a-wctomb_r.o)
                0x0201d794                __utf8_wctomb
 .text._strtoull_l.isra.0
                0x0201d850      0x1c0 C:/devkitPro/devkitARM/bin/../lib/gcc/arm-none-eabi/15.1.0/../../../../arm-none-eabi/lib/thumb\libg.a(libc_a-strtoull.o)
 .text._strtoull_r
                0x0201da10       0x20 C:/devkitPro/devkitARM/bin/../lib/gcc/arm-none-eabi/15.1.0/../../../../arm-none-eabi/lib/thumb\libg.a(libc_a-strtoull.o)
                0x0201da10                _strtoull_r
 .text._mbrtowc_r
                0x0201da30       0x98 C:/devkitPro/devkitARM/bin/../lib/gcc/arm-none-eabi/15.1.0/../../../../arm-none-eabi/lib/thumb\libg.a(libc_a-mbrtowc.o)
                0x0201da30                _mbrtowc_r
 .text.__swsetup_r
                0x0201dac8       0xd4 C:/devkitPro/devkitARM/bin/../lib/gcc/arm-none-eabi/15.1.0/../../../../arm-none-eabi/lib/thumb\libg.a(libc_a-wsetup.o)
                0x0201dac8                __swsetup_r
 .text.strncmp  0x0201db9c       0x70 C:/devkitPro/devkitARM/bin/../lib/gcc/arm-none-eabi/15.1.0/../../../../arm-none-eabi/lib/thumb\libg.a(libc_a-strncmp.o)
                0x0201db9c                strncmp
 .text.__env_lock
                0x0201dc0c       0x14 C:/devkitPro/devkitARM/bin/../lib/gcc/arm-none-eabi/15.1.0/../../../../arm-none-eabi/lib/thumb\libg.a(libc_a-envlock.o)
                0x0201dc0c                __env_lock
 .text.__env_unlock
                0x0201dc20       0x14 C:/devkitPro/devkitARM/bin/../lib/gcc/arm-none-eabi/15.1.0/../../../../arm-none-eabi/lib/thumb\libg.a(libc_a-envlock.o)
                0x0201dc20                __env_unlock
 .text.__assert_func
                0x0201dc34       0x40 C:/devkitPro/devkitARM/bin/../lib/gcc/arm-none-eabi/15.1.0/../../../../arm-none-eabi/lib/thumb\libg.a(libc_a-assert.o)
                0x0201dc34                __assert_func
 .text.iswspace_l
                0x0201dc74       0x28 C:/devkitPro/devkitARM/bin/../lib/gcc/arm-none-eabi/15.1.0/../../../../arm-none-eabi/lib/thumb\libg.a(libc_a-iswspace_l.o)
                0x0201dc74                iswspace_l
 .text._Balloc  0x0201dc9c       0x5c C:/devkitPro/devkitARM/bin/../lib/gcc/arm-none-eabi/15.1.0/../../../../arm-none-eabi/lib/thumb\libg.a(libc_a-mprec.o)
                0x0201dc9c                _Balloc
 .text._Bfree   0x0201dcf8       0x14 C:/devkitPro/devkitARM/bin/../lib/gcc/arm-none-eabi/15.1.0/../../../../arm-none-eabi/lib/thumb\libg.a(libc_a-mprec.o)
                0x0201dcf8                _Bfree
 .text.__multadd
                0x0201dd0c       0xa8 C:/devkitPro/devkitARM/bin/../lib/gcc/arm-none-eabi/15.1.0/../../../../arm-none-eabi/lib/thumb\libg.a(libc_a-mprec.o)
                0x0201dd0c                __multadd
 .text.__hi0bits
                0x0201ddb4       0x60 C:/devkitPro/devkitARM/bin/../lib/gcc/arm-none-eabi/15.1.0/../../../../arm-none-eabi/lib/thumb\libg.a(libc_a-mprec.o)
                0x0201ddb4                __hi0bits
 .text.__lo0bits
                0x0201de14       0x8c C:/devkitPro/devkitARM/bin/../lib/gcc/arm-none-eabi/15.1.0/../../../../arm-none-eabi/lib/thumb\libg.a(libc_a-mprec.o)
                0x0201de14                __lo0bits
 .text.__i2b    0x0201dea0       0x64 C:/devkitPro/devkitARM/bin/../lib/gcc/arm-none-eabi/15.1.0/../../../../arm-none-eabi/lib/thumb\libg.a(libc_a-mprec.o)
                0x0201dea0                __i2b
 .text.__multiply
                0x0201df04      0x1b4 C:/devkitPro/devkitARM/bin/../lib/gcc/arm-none-eabi/15.1.0/../../../../arm-none-eabi/lib/thumb\libg.a(libc_a-mprec.o)
                0x0201df04                __multiply
 .text.__pow5mult
                0x0201e0b8       0xd8 C:/devkitPro/devkitARM/bin/../lib/gcc/arm-none-eabi/15.1.0/../../../../arm-none-eabi/lib/thumb\libg.a(libc_a-mprec.o)
                0x0201e0b8                __pow5mult
 .text.__lshift
                0x0201e190       0xf8 C:/devkitPro/devkitARM/bin/../lib/gcc/arm-none-eabi/15.1.0/../../../../arm-none-eabi/lib/thumb\libg.a(libc_a-mprec.o)
                0x0201e190                __lshift
 .text.__mcmp   0x0201e288       0x50 C:/devkitPro/devkitARM/bin/../lib/gcc/arm-none-eabi/15.1.0/../../../../arm-none-eabi/lib/thumb\libg.a(libc_a-mprec.o)
                0x0201e288                __mcmp
 .text.__mdiff  0x0201e2d8      0x1a4 C:/devkitPro/devkitARM/bin/../lib/gcc/arm-none-eabi/15.1.0/../../../../arm-none-eabi/lib/thumb\libg.a(libc_a-mprec.o)
                0x0201e2d8                __mdiff
 .text.__d2b    0x0201e47c       0xd4 C:/devkitPro/devkitARM/bin/../lib/gcc/arm-none-eabi/15.1.0/../../../../arm-none-eabi/lib/thumb\libg.a(libc_a-mprec.o)
                0x0201e47c                __d2b
 .text._strtoll_l.isra.0
                0x0201e550      0x300 C:/devkitPro/devkitARM/bin/../lib/gcc/arm-none-eabi/15.1.0/../../../../arm-none-eabi/lib/thumb\libg.a(libc_a-strtoll.o)
 .text._strtoll_r
                0x0201e850       0x20 C:/devkitPro/devkitARM/bin/../lib/gcc/arm-none-eabi/15.1.0/../../../../arm-none-eabi/lib/thumb\libg.a(libc_a-strtoll.o)
                0x0201e850                _strtoll_r
 .text.__submore
                0x0201e870       0x7c C:/devkitPro/devkitARM/bin/../lib/gcc/arm-none-eabi/15.1.0/../../../../arm-none-eabi/lib/thumb\libg.a(libc_a-ungetc.o)
                0x0201e870                __submore
 .text.fiprintf
                0x0201e8ec       0x28 C:/devkitPro/devkitARM/bin/../lib/gcc/arm-none-eabi/15.1.0/../../../../arm-none-eabi/lib/thumb\libg.a(libc_a-fiprintf.o)
                0x0201e8ec                fiprintf
 .text.__swbuf_r
                0x0201e914       0x98 C:/devkitPro/devkitARM/bin/../lib/gcc/arm-none-eabi/15.1.0/../../../../arm-none-eabi/lib/thumb\libg.a(libc_a-wbuf.o)
                0x0201e914                __swbuf_r
 .text.abort    0x0201e9ac       0x10 C:/devkitPro/devkitARM/bin/../lib/gcc/arm-none-eabi/15.1.0/../../../../arm-none-eabi/lib/thumb\libg.a(libc_a-abort.o)
                0x0201e9ac                abort
 .text.category
                0x0201e9bc       0x5c C:/devkitPro/devkitARM/bin/../lib/gcc/arm-none-eabi/15.1.0/../../../../arm-none-eabi/lib/thumb\libg.a(libc_a-categories.o)
                0x0201e9bc                category
 .text._raise_r
                0x0201ea18       0x60 C:/devkitPro/devkitARM/bin/../lib/gcc/arm-none-eabi/15.1.0/../../../../arm-none-eabi/lib/thumb\libg.a(libc_a-signal.o)
                0x0201ea18                _raise_r
 .text.raise    0x0201ea78       0x14 C:/devkitPro/devkitARM/bin/../lib/gcc/arm-none-eabi/15.1.0/../../../../arm-none-eabi/lib/thumb\libg.a(libc_a-signal.o)
                0x0201ea78                raise
 .text._exit    0x0201ea8c       0x14 C:/devkitPro/devkitARM/bin/../lib/gcc/arm-none-eabi/15.1.0/../../../../arm-none-eabi/lib/thumb\libsysbase.a(libsysbase_libsysbase_a-_exit.o)
                0x0201ea8c                _exit
 .text.chdir    0x0201eaa0       0xe4 C:/devkitPro/devkitARM/bin/../lib/gcc/arm-none-eabi/15.1.0/../../../../arm-none-eabi/lib/thumb\libsysbase.a(libsysbase_libsysbase_a-chdir.o)
                0x0201eaa0                chdir
 .text._concatenate_path
                0x0201eb84      0x134 C:/devkitPro/devkitARM/bin/../lib/gcc/arm-none-eabi/15.1.0/../../../../arm-none-eabi/lib/thumb\libsysbase.a(libsysbase_libsysbase_a-concatenate.o)
                0x0201eb84                _concatenate_path
 .text._fstat_r
                0x0201ecb8       0x5c C:/devkitPro/devkitARM/bin/../lib/gcc/arm-none-eabi/15.1.0/../../../../arm-none-eabi/lib/thumb\libsysbase.a(libsysbase_libsysbase_a-fstat.o)
                0x0201ecb8                _fstat_r
 .text._getpid_r
                0x0201ed14        0xc C:/devkitPro/devkitARM/bin/../lib/gcc/arm-none-eabi/15.1.0/../../../../arm-none-eabi/lib/thumb\libsysbase.a(libsysbase_libsysbase_a-getpid.o)
                0x0201ed14                _getpid_r
 .text.__getreent
                0x0201ed20       0x20 C:/devkitPro/devkitARM/bin/../lib/gcc/arm-none-eabi/15.1.0/../../../../arm-none-eabi/lib/thumb\libsysbase.a(libsysbase_libsysbase_a-getreent.o)
                0x0201ed20                __getreent
 .text._gettimeofday_r
                0x0201ed40       0x20 C:/devkitPro/devkitARM/bin/../lib/gcc/arm-none-eabi/15.1.0/../../../../arm-none-eabi/lib/thumb\libsysbase.a(libsysbase_libsysbase_a-gettod.o)
                0x0201ed40                _gettimeofday_r
 .text.__release_handle
                0x0201ed60       0x6c C:/devkitPro/devkitARM/bin/../lib/gcc/arm-none-eabi/15.1.0/../../../../arm-none-eabi/lib/thumb\libsysbase.a(libsysbase_libsysbase_a-handle_manager.o)
                0x0201ed60                __release_handle
 .text.__alloc_handle
                0x0201edcc       0x7c C:/devkitPro/devkitARM/bin/../lib/gcc/arm-none-eabi/15.1.0/../../../../arm-none-eabi/lib/thumb\libsysbase.a(libsysbase_libsysbase_a-handle_manager.o)
                0x0201edcc                __alloc_handle
 .text.__get_handle
                0x0201ee48       0x34 C:/devkitPro/devkitARM/bin/../lib/gcc/arm-none-eabi/15.1.0/../../../../arm-none-eabi/lib/thumb\libsysbase.a(libsysbase_libsysbase_a-handle_manager.o)
                0x0201ee48                __get_handle
 .text._close_r
                0x0201ee7c       0xb0 C:/devkitPro/devkitARM/bin/../lib/gcc/arm-none-eabi/15.1.0/../../../../arm-none-eabi/lib/thumb\libsysbase.a(libsysbase_libsysbase_a-handle_manager.o)
                0x0201ee7c                _close_r
 .text.null_write
                0x0201ef2c        0x4 C:/devkitPro/devkitARM/bin/../lib/gcc/arm-none-eabi/15.1.0/../../../../arm-none-eabi/lib/thumb\libsysbase.a(libsysbase_libsysbase_a-iosupport.o)
 .text.setDefaultDevice
                0x0201ef30       0x10 C:/devkitPro/devkitARM/bin/../lib/gcc/arm-none-eabi/15.1.0/../../../../arm-none-eabi/lib/thumb\libsysbase.a(libsysbase_libsysbase_a-iosupport.o)
                0x0201ef30                setDefaultDevice
 .text.FindDevice
                0x0201ef40       0x90 C:/devkitPro/devkitARM/bin/../lib/gcc/arm-none-eabi/15.1.0/../../../../arm-none-eabi/lib/thumb\libsysbase.a(libsysbase_libsysbase_a-iosupport.o)
                0x0201ef40                FindDevice
 .text.AddDevice
                0x0201efd0       0x7c C:/devkitPro/devkitARM/bin/../lib/gcc/arm-none-eabi/15.1.0/../../../../arm-none-eabi/lib/thumb\libsysbase.a(libsysbase_libsysbase_a-iosupport.o)
                0x0201efd0                AddDevice
 .text.GetDeviceOpTab
                0x0201f04c       0x20 C:/devkitPro/devkitARM/bin/../lib/gcc/arm-none-eabi/15.1.0/../../../../arm-none-eabi/lib/thumb\libsysbase.a(libsysbase_libsysbase_a-iosupport.o)
                0x0201f04c                GetDeviceOpTab
 .text._isatty_r
                0x0201f06c        0x4 C:/devkitPro/devkitARM/bin/../lib/gcc/arm-none-eabi/15.1.0/../../../../arm-none-eabi/lib/thumb\libsysbase.a(libsysbase_libsysbase_a-isatty.o)
                0x0201f06c                _isatty_r
 .text._kill_r  0x0201f070        0xc C:/devkitPro/devkitARM/bin/../lib/gcc/arm-none-eabi/15.1.0/../../../../arm-none-eabi/lib/thumb\libsysbase.a(libsysbase_libsysbase_a-kill.o)
                0x0201f070                _kill_r
 .text._lseek_r
                0x0201f07c       0x64 C:/devkitPro/devkitARM/bin/../lib/gcc/arm-none-eabi/15.1.0/../../../../arm-none-eabi/lib/thumb\libsysbase.a(libsysbase_libsysbase_a-lseek.o)
                0x0201f07c                _lseek_r
 .text._open_r  0x0201f0e0       0x8c C:/devkitPro/devkitARM/bin/../lib/gcc/arm-none-eabi/15.1.0/../../../../arm-none-eabi/lib/thumb\libsysbase.a(libsysbase_libsysbase_a-open.o)
                0x0201f0e0                _open_r
 .text._read_r  0x0201f16c       0x5c C:/devkitPro/devkitARM/bin/../lib/gcc/arm-none-eabi/15.1.0/../../../../arm-none-eabi/lib/thumb\libsysbase.a(libsysbase_libsysbase_a-read.o)
                0x0201f16c                _read_r
 .text._sbrk_r  0x0201f1c8       0x50 C:/devkitPro/devkitARM/bin/../lib/gcc/arm-none-eabi/15.1.0/../../../../arm-none-eabi/lib/thumb\libsysbase.a(libsysbase_libsysbase_a-sbrk.o)
                0x0201f1c8                _sbrk_r
 .text.__libc_lock_acquire
                0x0201f218       0x18 C:/devkitPro/devkitARM/bin/../lib/gcc/arm-none-eabi/15.1.0/../../../../arm-none-eabi/lib/thumb\libsysbase.a(libsysbase_libsysbase_a-syscall_support.o)
                0x0201f218                __libc_lock_acquire
 .text.__libc_lock_release
                0x0201f230       0x18 C:/devkitPro/devkitARM/bin/../lib/gcc/arm-none-eabi/15.1.0/../../../../arm-none-eabi/lib/thumb\libsysbase.a(libsysbase_libsysbase_a-syscall_support.o)
                0x0201f230                __libc_lock_release
 .text.__libc_lock_acquire_recursive
                0x0201f248       0x18 C:/devkitPro/devkitARM/bin/../lib/gcc/arm-none-eabi/15.1.0/../../../../arm-none-eabi/lib/thumb\libsysbase.a(libsysbase_libsysbase_a-syscall_support.o)
                0x0201f248                __libc_lock_acquire_recursive
 .text.__libc_lock_release_recursive
                0x0201f260       0x18 C:/devkitPro/devkitARM/bin/../lib/gcc/arm-none-eabi/15.1.0/../../../../arm-none-eabi/lib/thumb\libsysbase.a(libsysbase_libsysbase_a-syscall_support.o)
                0x0201f260                __libc_lock_release_recursive
 .text._write_r
                0x0201f278       0x5c C:/devkitPro/devkitARM/bin/../lib/gcc/arm-none-eabi/15.1.0/../../../../arm-none-eabi/lib/thumb\libsysbase.a(libsysbase_libsysbase_a-write.o)